#4/1     arena_list/arena_list_1:SKIP
#4/2     arena_list/arena_list_1000:SKIP
#4/3     arena_list/arena_list_1_nonsleepable:SKIP
#4/4     arena_list/arena_list_1000_nonsleepable:SKIP
#4       arena_list:SKIP
Summary: 1/0 PASSED, 4 SKIPPED, 0 FAILED
00
needed_size: 0x0000000005000000
trampoline_32bit: 0x0000000000000000
Physical KASLR using RDRAND RDTSC...
Virtual KASLR using RDRAND RDTSC...

Decompressing Linux... Parsing ELF... Performing relocations... done.
Booting the kernel (entry_offset: 0x0000000003db5740).
[    0.000000] Linux version 7.2.0-rc1-g5e2f4aad04e2 (prozak@powertower) (gcc (Ubuntu 13.3.0-6ubuntu2~24.04.1) 13.3.0, GNU ld (GNU Binutils for Ubuntu) 2.42) #3 SMP PREEMPT_DYNAMIC Sun Aug  2 09:03:43 PDT 2026
[    0.000000] Command line: virtme_hostname=virtme-ng nr_open=1048576 virtme_link_mods=/home/prozak/sources/heimdall_experiment/uml-harness/.build/bpf-next-x86/.virtme_mods/lib/modules/0.0.0 virtme_rw_overlay0=/tmp virtme_console=ttyS0 console=ttyS0 earlyprintk=serial,ttyS0,115200 panic=-1 virtme.exec=`bW91bnQgLXQgYnBmIGJwZmZzIC9zeXMvZnMvYnBmIDI+L2Rldi9udWxsOyAuL3Rlc3RfcHJvZ3MgLXQgJ2FyZW5hX2xpc3Qn` virtme_chdir=home/prozak/sources/heimdall_experiment/uml-harness/.build/selftests-output-qemu rootfstype=9p rootflags=version=9p2000.L,trans=virtio,access=any,msize=524288 raid=noautodetect rw debug init=/home/prozak/.local/share/vng-venv/lib/python3.12/site-packages/virtme/guest/bin/virtme-ng-init
[    0.000000] x86 CPU feature dependency check failure: CPU0 has '18*32+31' enabled but '18*32+26' disabled. Kernel might be fine, but no guarantees.
[    0.000000] BIOS-provided physical RAM map:
[    0.000000] BIOS-e820: [mem 0x0000000000000000-0x000000000009fbff]  System RAM
[    0.000000] BIOS-e820: [mem 0x000000000009fc00-0x000000000009ffff]  device reserved
[    0.000000] BIOS-e820: [gap 0x00000000000a0000-0x00000000000effff]
[    0.000000] BIOS-e820: [mem 0x00000000000f0000-0x00000000000fffff]  device reserved
[    0.000000] BIOS-e820: [mem 0x0000000000100000-0x00000000bffdffff]  System RAM
[    0.000000] BIOS-e820: [mem 0x00000000bffe0000-0x00000000bfffffff]  device reserved
[    0.000000] BIOS-e820: [gap 0x00000000c0000000-0x00000000feffbfff]
[    0.000000] BIOS-e820: [mem 0x00000000feffc000-0x00000000feffffff]  device reserved
[    0.000000] BIOS-e820: [gap 0x00000000ff000000-0x00000000fffbffff]
[    0.000000] BIOS-e820: [mem 0x00000000fffc0000-0x00000000ffffffff]  device reserved
[    0.000000] BIOS-e820: [mem 0x0000000100000000-0x000000013fffffff]  System RAM
[    0.000000] BIOS-e820: [gap 0x0000000140000000-0x000000fcffffffff]
[    0.000000] BIOS-e820: [mem 0x000000fd00000000-0x000000ffffffffff]  device reserved
[    0.000000] printk: legacy bootconsole [earlyser0] enabled
[    0.000000] NX (Execute Disable) protection: active
[    0.000000] APIC: Static calls initialized
[    0.000000] DMI: SMBIOS 3.0.0 present.
[    0.000000] DMI: QEMU Ubuntu 24.04 PC v2 (i440FX + PIIX, arch_caps fix, 1996), BIOS 1.16.3-debian-1.16.3-2 04/01/2014
[    0.000000] DMI: Memory slots populated: 1/1
[    0.000000] Hypervisor detected: KVM
[    0.000000] last_pfn = 0xbffe0 max_arch_pfn = 0x400000000
[    0.000000] kvm-clock: Using msrs 4b564d01 and 4b564d00
[    0.000001] kvm-clock: using sched offset of 469379958 cycles
[    0.000924] clocksource: kvm-clock: mask: 0xffffffffffffffff max_cycles: 0x1cd42e4dffb, max_idle_ns: 881590591483 ns
[    0.003750] tsc: Detected 3400.038 MHz processor
[    0.004878] e820: update [mem 0x00000000-0x00000fff] System RAM ==> device reserved
[    0.006214] e820: remove [mem 0x000a0000-0x000fffff] System RAM
[    0.007238] last_pfn = 0x140000 max_arch_pfn = 0x400000000
[    0.008289] MTRR map: 4 entries (3 fixed + 1 variable; max 19), built from 8 variable MTRRs
[    0.009805] x86/PAT: Configuration [0-7]: WB  WC  UC- UC  WB  WP  UC- WT  
Memory KASLR using RDRAND RDTSC...
[    0.011664] last_pfn = 0xbffe0 max_arch_pfn = 0x400000000
[    0.013795] found SMP MP-table at [mem 0x000f5450-0x000f545f]
[    0.014809] Using GB pages for direct mapping
[    0.015695] ACPI: Early table checksum verification disabled
[    0.016700] ACPI: RSDP 0x00000000000F5240 000014 (v00 BOCHS )
[    0.017731] ACPI: RSDT 0x00000000BFFE1F16 000034 (v01 BOCHS  BXPC     00000001 BXPC 00000001)
[    0.019213] ACPI: FACP 0x00000000BFFE1D92 000074 (v01 BOCHS  BXPC     00000001 BXPC 00000001)
[    0.020693] ACPI: DSDT 0x00000000BFFE0040 001D52 (v01 BOCHS  BXPC     00000001 BXPC 00000001)
[    0.022186] ACPI: FACS 0x00000000BFFE0000 000040
[    0.022973] ACPI: APIC 0x00000000BFFE1E06 0000B0 (v03 BOCHS  BXPC     00000001 BXPC 00000001)
[    0.024442] ACPI: HPET 0x00000000BFFE1EB6 000038 (v01 BOCHS  BXPC     00000001 BXPC 00000001)
[    0.025937] ACPI: WAET 0x00000000BFFE1EEE 000028 (v01 BOCHS  BXPC     00000001 BXPC 00000001)
[    0.027385] ACPI: Reserving FACP table memory at [mem 0xbffe1d92-0xbffe1e05]
[    0.028638] ACPI: Reserving DSDT table memory at [mem 0xbffe0040-0xbffe1d91]
[    0.029864] ACPI: Reserving FACS table memory at [mem 0xbffe0000-0xbffe003f]
[    0.031075] ACPI: Reserving APIC table memory at [mem 0xbffe1e06-0xbffe1eb5]
[    0.032292] ACPI: Reserving HPET table memory at [mem 0xbffe1eb6-0xbffe1eed]
[    0.033510] ACPI: Reserving WAET table memory at [mem 0xbffe1eee-0xbffe1f15]
[    0.035148] No NUMA configuration found
[    0.035842] Faking a node at [mem 0x0000000000000000-0x000000013fffffff]
[    0.037053] NODE_DATA(0) allocated [mem 0x13fffbc80-0x13fffffff]
[    0.038893] ACPI: PM-Timer IO Port: 0x608
[    0.039590] ACPI: LAPIC_NMI (acpi_id[0xff] dfl dfl lint[0x1])
[    0.040648] IOAPIC[0]: apic_id 0, version 17, address 0xfec00000, GSI 0-23
[    0.041851] ACPI: INT_SRC_OVR (bus 0 bus_irq 0 global_irq 2 dfl dfl)
[    0.042931] ACPI: INT_SRC_OVR (bus 0 bus_irq 5 global_irq 5 high level)
[    0.044072] ACPI: INT_SRC_OVR (bus 0 bus_irq 9 global_irq 9 high level)
[    0.045225] ACPI: INT_SRC_OVR (bus 0 bus_irq 10 global_irq 10 high level)
[    0.046452] ACPI: INT_SRC_OVR (bus 0 bus_irq 11 global_irq 11 high level)
[    0.047605] ACPI: Using ACPI (MADT) for SMP configuration information
[    0.048759] ACPI: HPET id: 0x8086a201 base: 0xfed00000
[    0.049692] TSC deadline timer available
[    0.050373] CPU topo: Max. logical packages:   1
[    0.051156] CPU topo: Max. logical nodes:      1
[    0.051958] CPU topo: Num. nodes per package:  1
[    0.052742] CPU topo: Max. logical dies:       1
[    0.053559] CPU topo: Max. dies per package:   1
[    0.054379] CPU topo: Max. threads per core:   1
[    0.055163] CPU topo: Num. cores per package:     8
[    0.056009] CPU topo: Num. threads per package:   8
[    0.056838] CPU topo: Allowing 8 present CPUs plus 0 hotplug CPUs
[    0.057960] kvm-guest: APIC: eoi() replaced with kvm_guest_apic_eoi_write()
[    0.059173] kvm-guest: KVM setup pv remote TLB flush
[    0.060043] kvm-guest: setup PV sched yield
[    0.060760] PM: hibernation: Registered nosave memory: [mem 0x00000000-0x00000fff]
[    0.062090] PM: hibernation: Registered nosave memory: [mem 0x0009f000-0x000fffff]
[    0.063375] PM: hibernation: Registered nosave memory: [mem 0xbffe0000-0xffffffff]
[    0.064717] [gap 0xc0000000-0xfeffbfff] available for PCI devices
[    0.065790] Booting paravirtualized kernel on KVM
[    0.066605] clocksource: refined-jiffies: mask: 0xffffffff max_cycles: 0xffffffff, max_idle_ns: 1910969940391419 ns
[    0.072891] Zone ranges:
[    0.073345]   DMA      [mem 0x0000000000001000-0x0000000000ffffff]
[    0.074414]   DMA32    [mem 0x0000000001000000-0x00000000ffffffff]
[    0.075479]   Normal   [mem 0x0000000100000000-0x000000013fffffff]
[    0.076547] Movable zone start for each node
[    0.077284] Early memory node ranges
[    0.077908]   node   0: [mem 0x0000000000001000-0x000000000009efff]
[    0.078987]   node   0: [mem 0x0000000000100000-0x00000000bffdffff]
[    0.080109]   node   0: [mem 0x0000000100000000-0x000000013fffffff]
[    0.081184] Initmem setup node 0 [mem 0x0000000000001000-0x000000013fffffff]
[    0.082473] On node 0, zone DMA: 1 pages in unavailable ranges
[    0.083952] On node 0, zone DMA: 97 pages in unavailable ranges
[    0.211904] On node 0, zone Normal: 32 pages in unavailable ranges
[    0.213073] setup_percpu: NR_CPUS:128 nr_cpumask_bits:8 nr_cpu_ids:8 nr_node_ids:1
[    0.218487] percpu: Embedded 58 pages/cpu s199696 r8192 d29680 u262144
[    0.219636] pcpu-alloc: s199696 r8192 d29680 u262144 alloc=1*2097152
[    0.220734] pcpu-alloc: [0] 0 1 2 3 4 5 6 7 
[    0.221537] Kernel command line: virtme_hostname=virtme-ng nr_open=1048576 virtme_link_mods=/home/prozak/sources/heimdall_experiment/uml-harness/.build/bpf-next-x86/.virtme_mods/lib/modules/0.0.0 virtme_rw_overlay0=/tmp virtme_console=ttyS0 console=ttyS0 earlyprintk=serial,ttyS0,115200 panic=-1 virtme.exec=`bW91bnQgLXQgYnBmIGJwZmZzIC9zeXMvZnMvYnBmIDI+L2Rldi9udWxsOyAuL3Rlc3RfcHJvZ3MgLXQgJ2FyZW5hX2xpc3Qn` virtme_chdir=home/prozak/sources/heimdall_experiment/uml-harness/.build/selftests-output-qemu rootfstype=9p rootflags=version=9p2000.L,trans=virtio,access=any,msize=524288 raid=noautodetect rw debug init=/home/prozak/.local/share/vng-venv/lib/python3.12/site-packages/virtme/guest/bin/virtme-ng-init
[    0.232446] Unknown kernel command line parameters "virtme_hostname=virtme-ng nr_open=1048576 virtme_link_mods=/home/prozak/sources/heimdall_experiment/uml-harness/.build/bpf-next-x86/.virtme_mods/lib/modules/0.0.0 virtme_rw_overlay0=/tmp virtme_console=ttyS0 virtme_chdir=home/prozak/sources/heimdall_experiment/uml-harness/.build/selftests-output-qemu", will be passed to user space.
[    0.238555] random: crng init done
[    0.239162] printk: log buffer data + meta data: 2097152 + 7340032 = 9437184 bytes
[    0.248622] Dentry cache hash table entries: 524288 (order: 10, 4194304 bytes, linear)
[    0.254027] Inode-cache hash table entries: 262144 (order: 9, 2097152 bytes, linear)
[    0.255601] software IO TLB: area num 8.
[    0.390716] Fallback order for Node 0: 0 
[    0.390723] Built 1 zonelists, mobility grouping on.  Total pages: 1048446
[    0.392705] Policy zone: Normal
[    0.393270] mem auto-init: stack:all(zero), heap alloc:off, heap free:off
[    0.399658] SLUB: HWalign=64, Order=0-3, MinObjects=0, CPUs=8, Nodes=1
Poking KASLR using RDRAND RDTSC...
[    0.415417] ftrace: allocating 69757 entries in 274 pages
[    0.416407] ftrace: allocated 274 pages with 3 groups
[    0.417796] Dynamic Preempt: full
[    0.418683] Running RCU self tests
[    0.419306] Running RCU synchronous self tests
[    0.420072] rcu: Preemptible hierarchical RCU implementation.
[    0.421061] rcu: 	RCU event tracing is enabled.
[    0.421876] rcu: 	RCU lockdep checking is enabled.
[    0.422702] rcu: 	RCU restricting CPUs from NR_CPUS=128 to nr_cpu_ids=8.
[    0.423885] 	Trampoline variant of Tasks RCU enabled.
[    0.424779] 	Rude variant of Tasks RCU enabled.
[    0.425596] 	Tracing variant of Tasks RCU enabled.
[    0.426435] rcu: RCU calculated value of scheduler-enlistment delay is 100 jiffies.
[    0.427804] rcu: Adjusting geometry for rcu_fanout_leaf=16, nr_cpu_ids=8
[    0.429043] Running RCU synchronous self tests
[    0.429879] RCU Tasks: Setting shift to 3 and lim to 1 rcu_task_cb_adjust=1 rcu_task_cpu_ids=8.
[    0.431480] RCU Tasks Rude: Setting shift to 3 and lim to 1 rcu_task_cb_adjust=1 rcu_task_cpu_ids=8.
[    0.439100] NR_IRQS: 8448, nr_irqs: 488, preallocated irqs: 16
[    0.440526] rcu: srcu_init: Setting srcu_struct sizes based on contention.
[    0.441806] clocksource: jiffies: mask: 0xffffffff max_cycles: 0xffffffff, max_idle_ns: 1911260446275000 ns
[    0.443903] Console: colour *CGA 80x25
[    0.444638] printk: legacy console [ttyS0] enabled
[    0.444638] printk: legacy console [ttyS0] enabled
[    0.446413] printk: legacy bootconsole [earlyser0] disabled
[    0.446413] printk: legacy bootconsole [earlyser0] disabled
[    0.448446] Lock dependency validator: Copyright (c) 2006 Red Hat, Inc., Ingo Molnar
[    0.449854] ... MAX_LOCKDEP_SUBCLASSES:  8
[    0.450585] ... MAX_LOCK_DEPTH:          48
[    0.451400] ... MAX_LOCKDEP_KEYS:        8192
[    0.452214] ... CLASSHASH_SIZE:          4096
[    0.453000] ... MAX_LOCKDEP_ENTRIES:     32768
[    0.453807] ... MAX_LOCKDEP_CHAINS:      65536
[    0.454597] ... CHAINHASH_SIZE:          32768
[    0.455428]  memory used by lock dependency info: 6429 kB
[    0.456428]  memory used for stack traces: 4224 kB
[    0.457276]  per task-struct memory footprint: 1920 bytes
[    0.458332] ACPI: Core revision 20260408
[    0.459276] clocksource: hpet: mask: 0xffffffff max_cycles: 0xffffffff, max_idle_ns: 19112604467 ns
[    0.461143] APIC: Switch to symmetric I/O mode setup
[    0.462570] x2apic enabled
[    0.463663] APIC: Switched APIC routing to: physical x2apic
[    0.464792] kvm-guest: APIC: send_IPI_mask() replaced with kvm_send_ipi_mask()
[    0.466160] kvm-guest: APIC: send_IPI_mask_allbutself() replaced with kvm_send_ipi_mask_allbutself()
[    0.467954] kvm-guest: setup PV IPIs
[    0.470796] ..TIMER: vector=0x30 apic1=0 pin1=2 apic2=-1 pin2=-1
[    0.471998] clocksource: tsc-early: mask: 0xffffffffffffffff max_cycles: 0x31027285e94, max_idle_ns: 440795238296 ns
[    0.474007] Calibrating delay loop (skipped) preset value.. 6800.07 BogoMIPS (lpj=3400038)
[    0.476172] x86/cpu: User Mode Instruction Prevention (UMIP) activated
[    0.478142] Last level iTLB entries: 4KB 512, 2MB 255, 4MB 127
[    0.479003] Last level dTLB entries: 4KB 512, 2MB 255, 4MB 127, 1GB 0
[    0.480011] mitigations: Enabled attack vectors: user_kernel, user_user, SMT mitigations: auto
[    0.481004] Speculative Store Bypass: Mitigation: Speculative Store Bypass disabled via prctl
[    0.482003] Speculative Return Stack Overflow: IBPB-extending microcode not applied!
[    0.483003] Speculative Return Stack Overflow: WARNING: See https://kernel.org/doc/html/latest/admin-guide/hw-vuln/srso.html for mitigation options.
[    0.483004] Transient Scheduler Attacks: Vulnerable: No microcode
[    0.485004] Spectre V2 : Mitigation: Retpolines
[    0.486003] Speculative Return Stack Overflow: Vulnerable: Safe RET, no microcode
[    0.487003] Spectre V1 : Mitigation: usercopy/swapgs barriers and __user pointer sanitization
[    0.488003] Spectre V2 : Spectre v2 / SpectreRSB: Filling RSB on context switch and VMEXIT
[    0.489004] Spectre V2 : Enabling Restricted Speculation for firmware calls
[    0.490005] Spectre V2 : mitigation: Enabling conditional Indirect Branch Prediction Barrier
[    0.491004] active return thunk: srso_alias_return_thunk
[    0.492052] x86/fpu: Supporting XSAVE feature 0x001: 'x87 floating point registers'
[    0.493003] x86/fpu: Supporting XSAVE feature 0x002: 'SSE registers'
[    0.494003] x86/fpu: Supporting XSAVE feature 0x004: 'AVX registers'
[    0.495003] x86/fpu: xstate_offset[2]:  576, xstate_sizes[2]:  256
[    0.496003] x86/fpu: Enabled xstate features 0x7, context size is 832 bytes, using 'compacted' format.
[    0.531902] pid_max: default: 32768 minimum: 301
[    0.533187] SELinux:  Initializing.
[    0.535210] LSM support for eBPF active
[    0.536297] Mount-cache hash table entries: 8192 (order: 4, 65536 bytes, linear)
[    0.537166] Mountpoint-cache hash table entries: 8192 (order: 4, 65536 bytes, linear)
[    0.540078] VFS: Finished mounting rootfs on nullfs
[    0.542566] Running RCU synchronous self tests
[    0.543005] Running RCU synchronous self tests
[    0.545107] smpboot: CPU0: AMD Ryzen 9 5950X 16-Core Processor (family: 0x19, model: 0x21, stepping: 0x2)
[    0.547524] Performance Events: Fam17h+ core perfctr, AMD PMU driver.
[    0.548023] ... version:                   0
[    0.548926] ... bit width:                 48
[    0.549017] ... generic counters:          6
[    0.549920] ... generic bitmap:            000000000000003f
[    0.550010] ... fixed-purpose counters:    0
[    0.550919] ... fixed-purpose bitmap:      0000000000000000
[    0.551009] ... value mask:                0000ffffffffffff
[    0.552011] ... max period:                00007fffffffffff
[    0.553009] ... global_ctrl mask:          000000000000003f
[    0.554345] signal: max sigframe size: 1776
[    0.555234] rcu: Hierarchical SRCU implementation.
[    0.556012] rcu: 	Max phase no-delay instances is 400.
[    0.557357] Timer migration: 1 hierarchy levels; 8 children per group; 1 crossnode level
[    0.570604] smp: Bringing up secondary CPUs ...
[    0.574200] smpboot: x86: Booting SMP configuration:
[    0.575010] .... node  #0, CPUs:      #1 #2 #3 #4 #5 #6 #7
[    0.606386] smp: Brought up 1 node, 8 CPUs
[    0.607906] smpboot: Total of 8 processors activated (54400.60 BogoMIPS)
[    0.609439] Memory: 3963788K/4193784K available (25637K kernel code, 10348K rwdata, 18032K rodata, 4668K init, 13400K bss, 221940K reserved, 0K cma-reserved)
[    0.612334] devtmpfs: initialized
[    0.616531] Running RCU synchronous self tests
[    0.617030] Running RCU synchronous self tests
[    0.618127] Running RCU Tasks wait API self tests
[    0.619068] Running RCU Tasks Rude wait API self tests
[    0.620013] Running RCU Tasks Trace wait API self tests
[    0.621165] posixtimers hash table entries: 4096 (order: 7, 294912 bytes, linear)
[    0.623496] futex hash table entries: 2048 (262144 bytes on 1 NUMA nodes, total 256 KiB, linear).
[    0.625011] PM: RTC time: 22:49:59, date: 2026-08-02
[    0.626069] Callback from call_rcu_tasks_trace() invoked.
[    0.633053] NET: Registered PF_NETLINK/PF_ROUTE protocol family
[    0.635058] audit: initializing netlink subsys (disabled)
[    0.636121] audit: type=2000 audit(1785710999.198:1): state=initialized audit_enabled=0 res=1
[    0.660624] thermal_sys: Registered thermal governor 'step_wise'
[    0.660697] cpuidle: using governor ladder
[    0.661926] cpuidle: using governor menu
[    0.664016] Freeing SMP alternatives memory: 68K
[    0.665899] PCI: Using configuration type 1 for base access
[    0.666012] PCI: Using configuration type 1 for extended access
[    0.667165] kprobes: kprobe jump-optimization is enabled. All kprobes are optimized if possible.
[    0.669147] HugeTLB: registered 1.00 GiB page size, pre-allocated 0 pages
[    0.670011] HugeTLB: 16380 KiB vmemmap can be freed for a 1.00 GiB page
[    0.671011] HugeTLB: registered 2.00 MiB page size, pre-allocated 0 pages
[    0.672011] HugeTLB: 28 KiB vmemmap can be freed for a 2.00 MiB page
[    0.677854] ACPI: Added _OSI(Module Device)
[    0.678012] ACPI: Added _OSI(Processor Device)
[    0.678996] ACPI: Added _OSI(Processor Aggregator Device)
[    0.682609] ACPI: 1 ACPI AML tables successfully acquired and loaded
[    0.685655] ACPI: \_SB_: platform _OSC: OS support mask [002a7eee]
[    0.686762] ACPI: Interpreter enabled
[    0.687078] ACPI: PM: (supports S0 S3 S4 S5)
[    0.688022] ACPI: Using IOAPIC for interrupt routing
[    0.689063] PCI: Using host bridge windows from ACPI; if necessary, use "pci=nocrs" and report a bug
[    0.690010] PCI: Using E820 reservations for host bridge windows
[    0.691388] ACPI: Enabled 2 GPEs in block 00 to 0F
[    0.707820] ACPI: PCI Root Bridge [PCI0] (domain 0000 [bus 00-ff])
[    0.708016] acpi PNP0A03:00: _OSC: OS supports [ExtendedConfig ASPM ClockPM Segments MSI HPX-Type3]
[    0.709022] acpi PNP0A03:00: _OSC: OS requested [PME PCIeCapability LTR]
[    0.710012] acpi PNP0A03:00: _OSC: platform willing to grant [PME PCIeCapability LTR]
[    0.711012] acpi PNP0A03:00: _OSC: platform retains control of PCIe features (AE_ERROR)
[    0.712787] PCI host bridge to bus 0000:00
[    0.713021] pci_bus 0000:00: root bus resource [io  0x0000-0x0cf7 window]
[    0.714011] pci_bus 0000:00: root bus resource [io  0x0d00-0xffff window]
[    0.715011] pci_bus 0000:00: root bus resource [mem 0x000a0000-0x000bffff window]
[    0.716012] pci_bus 0000:00: root bus resource [mem 0xc0000000-0xfebfffff window]
[    0.717012] pci_bus 0000:00: root bus resource [mem 0x380000000000-0x38007fffffff window]
[    0.718013] pci_bus 0000:00: root bus resource [bus 00-ff]
[    0.719431] pci 0000:00:00.0: [8086:1237] type 00 class 0x060000 conventional PCI endpoint
[    0.721621] pci 0000:00:01.0: [8086:7000] type 00 class 0x060100 conventional PCI endpoint
[    0.723477] pci 0000:00:01.1: [8086:7010] type 00 class 0x010180 conventional PCI endpoint
[    0.724874] pci 0000:00:01.1: BAR 4 [io  0xc1c0-0xc1cf]
[    0.725087] pci 0000:00:01.1: BAR 0 [io  0x01f0-0x01f7]: legacy IDE quirk
[    0.726012] pci 0000:00:01.1: BAR 1 [io  0x03f6]: legacy IDE quirk
[    0.727009] pci 0000:00:01.1: BAR 2 [io  0x0170-0x0177]: legacy IDE quirk
[    0.728011] pci 0000:00:01.1: BAR 3 [io  0x0376]: legacy IDE quirk
[    0.729730] pci 0000:00:01.3: [8086:7113] type 00 class 0x068000 conventional PCI endpoint
[    0.730724] pci 0000:00:01.3: quirk: [io  0x0600-0x063f] claimed by PIIX4 ACPI
[    0.731028] pci 0000:00:01.3: quirk: [io  0x0700-0x070f] claimed by PIIX4 SMB
[    0.733027] pci 0000:00:02.0: [1af4:1009] type 00 class 0x000200 conventional PCI endpoint
[    0.735730] pci 0000:00:02.0: BAR 0 [io  0xc000-0xc03f]
[    0.736029] pci 0000:00:02.0: BAR 1 [mem 0xfebf8000-0xfebf8fff]
[    0.737073] pci 0000:00:02.0: BAR 4 [mem 0x380000000000-0x380000003fff 64bit pref]
[    0.741158] pci 0000:00:03.0: [8086:25ab] type 00 class 0x088000 conventional PCI endpoint
[    0.742981] pci 0000:00:03.0: BAR 0 [mem 0xfebf9000-0xfebf900f]
[    0.745593] pci 0000:00:04.0: [1af4:1003] type 00 class 0x078000 conventional PCI endpoint
[    0.747028] pci 0000:00:04.0: BAR 0 [io  0xc040-0xc07f]
[    0.748029] pci 0000:00:04.0: BAR 1 [mem 0xfebfa000-0xfebfafff]
[    0.749073] pci 0000:00:04.0: BAR 4 [mem 0x380000004000-0x380000007fff 64bit pref]
[    0.753319] pci 0000:00:05.0: [1af4:1003] type 00 class 0x078000 conventional PCI endpoint
[    0.755030] pci 0000:00:05.0: BAR 0 [io  0xc080-0xc0bf]
[    0.756027] pci 0000:00:05.0: BAR 1 [mem 0xfebfb000-0xfebfbfff]
[    0.757072] pci 0000:00:05.0: BAR 4 [mem 0x380000008000-0x38000000bfff 64bit pref]
[    0.761588] pci 0000:00:06.0: [1af4:1003] type 00 class 0x078000 conventional PCI endpoint
[    0.763027] pci 0000:00:06.0: BAR 0 [io  0xc0c0-0xc0ff]
[    0.764028] pci 0000:00:06.0: BAR 1 [mem 0xfebfc000-0xfebfcfff]
[    0.765071] pci 0000:00:06.0: BAR 4 [mem 0x38000000c000-0x38000000ffff 64bit pref]
[    0.769392] pci 0000:00:07.0: [1af4:1003] type 00 class 0x078000 conventional PCI endpoint
[    0.771025] pci 0000:00:07.0: BAR 0 [io  0xc100-0xc13f]
[    0.772028] pci 0000:00:07.0: BAR 1 [mem 0xfebfd000-0xfebfdfff]
[    0.773072] pci 0000:00:07.0: BAR 4 [mem 0x380000010000-0x380000013fff 64bit pref]
[    0.777635] pci 0000:00:08.0: [1af4:1003] type 00 class 0x078000 conventional PCI endpoint
[    0.778991] pci 0000:00:08.0: BAR 0 [io  0xc140-0xc17f]
[    0.779026] pci 0000:00:08.0: BAR 1 [mem 0xfebfe000-0xfebfefff]
[    0.780071] pci 0000:00:08.0: BAR 4 [mem 0x380000014000-0x380000017fff 64bit pref]
[    0.784236] pci 0000:00:09.0: [1af4:1003] type 00 class 0x078000 conventional PCI endpoint
[    0.786027] pci 0000:00:09.0: BAR 0 [io  0xc180-0xc1bf]
[    0.787026] pci 0000:00:09.0: BAR 1 [mem 0xfebff000-0xfebfffff]
[    0.788070] pci 0000:00:09.0: BAR 4 [mem 0x380000018000-0x38000001bfff 64bit pref]
[    0.798009] ACPI: PCI: Interrupt link LNKA configured for IRQ 10
[    0.799266] ACPI: PCI: Interrupt link LNKB configured for IRQ 10
[    0.800265] ACPI: PCI: Interrupt link LNKC configured for IRQ 11
[    0.801260] ACPI: PCI: Interrupt link LNKD configured for IRQ 11
[    0.802139] ACPI: PCI: Interrupt link LNKS configured for IRQ 9
[    0.805034] iommu: Default domain type: Translated
[    0.806011] iommu: DMA domain TLB invalidation policy: lazy mode
[    0.808450] SCSI subsystem initialized
[    0.809114] libata version 3.00 loaded.
[    0.810184] ACPI: bus type USB registered
[    0.811142] usbcore: registered new interface driver usbfs
[    0.812081] usbcore: registered new interface driver hub
[    0.813051] usbcore: registered new device driver usb
[    0.814196] pps_core: LinuxPPS API ver. 1 registered
[    0.815009] pps_core: Software ver. 5.3.6 - Copyright 2005-2007 Rodolfo Giometti <giometti@linux.it>
[    0.816037] PTP clock support registered
[    0.817481] Advanced Linux Sound Architecture Driver Initialized.
[    0.819251] NetLabel: Initializing
[    0.819996] NetLabel:  domain hash size = 128
[    0.820010] NetLabel:  protocols = UNLABELED CIPSOv4 CALIPSO
[    0.821060] NetLabel:  unlabeled traffic allowed by default
[    0.822208] PCI: Using ACPI for IRQ routing
[    0.823017] PCI: pci_cache_line_size set to 64 bytes
[    0.824389] e820: register RAM buffer resource [mem 0x0009fc00-0x0009ffff]
[    0.825012] e820: register RAM buffer resource [mem 0xbffe0000-0xbfffffff]
[    0.826155] vgaarb: loaded
[    0.826610] Callback from call_rcu_tasks() invoked.
[    0.827012] hpet0: at MMIO 0xfed00000, IRQs 2, 8, 0
[    0.829010] hpet0: 3 comparators, 64-bit 100.000000 MHz counter
[    0.836357] clocksource: Switched to clocksource kvm-clock
[    0.838522] VFS: Disk quotas dquot_6.6.0
[    0.839426] VFS: Dquot-cache hash table entries: 512 (4096 bytes)
[    0.841970] pnp: PnP ACPI init
[    0.843258] pnp 00:02: [dma 2]
[    0.844789] pnp: PnP ACPI: found 4 devices
[    0.862968] clocksource: acpi_pm: mask: 0xffffff max_cycles: 0xffffff, max_idle_ns: 2085701024 ns
[    0.865183] NET: Registered PF_INET protocol family
[    0.867437] IP idents hash table entries: 65536 (order: 7, 524288 bytes, linear)
[    0.871397] tcp_listen_portaddr_hash hash table entries: 2048 (order: 6, 147456 bytes, linear)
[    0.873631] Table-perturb hash table entries: 65536 (order: 6, 262144 bytes, linear)
[    0.875295] TCP established hash table entries: 32768 (order: 6, 262144 bytes, linear)
[    0.877543] TCP bind hash table entries: 32768 (order: 11, 4718592 bytes, vmalloc hugepage)
[    0.888604] TCP: Hash tables configured (established 32768 bind 32768)
[    0.891500] MPTCP token hash table entries: 4096 (order: 7, 360448 bytes, linear)
[    0.893263] UDP hash table entries: 2048 (order: 7, 524288 bytes, linear)
[    0.895932] NET: Registered PF_UNIX/PF_LOCAL protocol family
[    0.898268] RPC: Registered named UNIX socket transport module.
[    0.899909] RPC: Registered udp transport module.
[    0.901017] RPC: Registered tcp transport module.
[    0.902033] RPC: Registered tcp-with-tls transport module.
[    0.903184] RPC: Registered tcp NFSv4.1 backchannel transport module.
[    0.905426] NET: Registered PF_XDP protocol family
[    0.906471] pci_bus 0000:00: resource 4 [io  0x0000-0x0cf7 window]
[    0.907803] pci_bus 0000:00: resource 5 [io  0x0d00-0xffff window]
[    0.909074] pci_bus 0000:00: resource 6 [mem 0x000a0000-0x000bffff window]
[    0.910504] pci_bus 0000:00: resource 7 [mem 0xc0000000-0xfebfffff window]
[    0.911969] pci_bus 0000:00: resource 8 [mem 0x380000000000-0x38007fffffff window]
[    0.913685] pci 0000:00:01.0: PIIX3: Enabling Passive Release
[    0.914905] pci 0000:00:00.0: Limiting direct PCI/PCI transfers
[    0.916403] PCI: CLS 0 bytes, default 64
[    0.917383] PCI-DMA: Using software bounce buffering for IO (SWIOTLB)
[    0.918740] software IO TLB: mapped [mem 0x00000000bbfe0000-0x00000000bffe0000] (64MB)
[    0.921544] clocksource: tsc: mask: 0xffffffffffffffff max_cycles: 0x31027285e94, max_idle_ns: 440795238296 ns
[    0.932997] Initialise system trusted keyrings
[    0.934441] workingset: timestamp_bits=40 (anon: 35) max_order=20 bucket_order=0 (anon: 0)
[    0.937505] squashfs: version 4.0 (2009/01/31) Phillip Lougher
[    0.939492] NFS: Registering the id_resolver key type
[    0.940816] Key type id_resolver registered
[    0.941780] Key type id_legacy registered
[    0.942654] nfs4filelayout_init: NFSv4 File Layout Driver Registering...
[    0.944169] nfs4flexfilelayout_init: NFSv4 Flexfile Layout Driver Registering...
[    0.946032] fuse: init (API version 7.45)
[    0.947426] 9p: Installing v9fs 9p2000 file system support
[    0.950453] NET: Registered PF_ALG protocol family
[    0.951580] Key type asymmetric registered
[    0.952512] Asymmetric key parser 'x509' registered
[    0.953671] Block layer SCSI generic (bsg) driver version 0.4 loaded (major 248)
[    0.955771] io scheduler mq-deadline registered
[    0.957052] io scheduler kyber registered
[    0.959577] input: Power Button as /devices/platform/LNXPWRBN:00/input/input0
[    0.961396] ACPI: button: Power Button [PWRF]
[    1.086891] ACPI: \_SB_.LNKB: Enabled at IRQ 10
[    1.209139] ACPI: \_SB_.LNKD: Enabled at IRQ 11
[    1.331484] ACPI: \_SB_.LNKA: Enabled at IRQ 10
[    1.481866] kwatchdog (99) used greatest stack depth: 14776 bytes left
[    1.579780] ACPI: \_SB_.LNKC: Enabled at IRQ 11
[    1.826306] Serial: 8250/16550 driver, 4 ports, IRQ sharing enabled
[    1.828904] 00:03: ttyS0 at I/O 0x3f8 (irq = 4, base_baud = 115200) is a 16550A
[    1.983846] Non-volatile memory driver v1.3
[    1.985570] ACPI: bus type drm_connector registered
[    2.007160] brd: module loaded
[    2.020718] loop: module loaded
[    2.026178] scsi host0: ata_piix
[    2.028028] scsi host1: ata_piix
[    2.029067] ata1: PATA max MWDMA2 cmd 0x1f0 ctl 0x3f6 bmdma 0xc1c0 irq 14 lpm-pol 0
[    2.030772] ata2: PATA max MWDMA2 cmd 0x170 ctl 0x376 bmdma 0xc1c8 irq 15 lpm-pol 0
[    2.036667] tun: Universal TUN/TAP device driver, 1.6
[    2.038274] e100: Intel(R) PRO/100 Network Driver
[    2.039334] e100: Copyright(c) 1999-2006 Intel Corporation
[    2.040584] e1000: Intel(R) PRO/1000 Network Driver
[    2.041685] e1000: Copyright (c) 1999-2006 Intel Corporation.
[    2.042978] e1000e: Intel(R) PRO/1000 Network Driver
[    2.044084] e1000e: Copyright(c) 1999 - 2015 Intel Corporation.
[    2.045432] sky2: driver version 1.30
[    2.047419] usbcore: registered new interface driver usblp
[    2.048703] usbcore: registered new interface driver usb-storage
[    2.050120] i8042: PNP: PS/2 Controller [PNP0303:KBD,PNP0f13:MOU] at 0x60,0x64 irq 1,12
[    2.053318] serio: i8042 KBD port at 0x60,0x64 irq 1
[    2.054829] serio: i8042 AUX port at 0x60,0x64 irq 12
[    2.057070] rtc_cmos PNP0B00:00: RTC can wake from S4
[    2.060913] input: AT Translated Set 2 keyboard as /devices/platform/i8042/serio0/input/input1
[    2.064482] rtc_cmos PNP0B00:00: registered as rtc0
[    2.065879] rtc_cmos PNP0B00:00: alarms up to one day, y3k, 242 bytes nvram, hpet irqs
[    2.069081] Registered IR keymap rc-empty
[    2.070832] rc rc0: rc-core loopback device as /devices/virtual/rc/rc0
[    2.073466] rc rc0: lirc_dev: driver rc-loopback registered at minor = 0, raw IR receiver, raw IR transmitter
[    2.076078] input: rc-core loopback device as /devices/virtual/rc/rc0/input4
[    2.078574] intel_powerclamp: CPU does not support MWAIT
[    2.079785] device-mapper: core: CONFIG_IMA_DISABLE_HTABLE is disabled. Duplicate IMA measurements will not be recorded in the IMA log.
[    2.082835] device-mapper: ioctl: 4.50.0-ioctl (2025-04-28) initialised: dm-devel@lists.linux.dev
[    2.084792] amd_pstate: the _CPC object is not present in SBIOS or ACPI disabled
[    2.087189] hid: raw HID events driver (C) Jiri Kosina
[    2.090185] usbcore: registered new interface driver usbhid
[    2.091495] usbhid: USB HID core driver
[    2.093650] GACT probability NOT on
[    2.094513] Mirror/redirect action on
[    2.096863] nf_conntrack_irc: The irc conntrack helper is scheduled for removal.
[    2.096863] Please contact the netfilter-devel mailing list if you still need this.
[    2.101928] ipip: IPv4 and MPLS over IPv4 tunneling driver
[    2.104056] gre: GRE over IPv4 demultiplexer driver
[    2.105170] ip_gre: GRE over IPv4 tunneling driver
[    2.108698] Initializing XFRM netlink socket
[    2.109736] IPsec XFRM device driver
[    2.110725] NET: Registered PF_INET6 protocol family
[    2.113699] Segment Routing with IPv6
[    2.114561] In-situ OAM (IOAM) with IPv6
[    2.115441] mip6: Mobile IPv6
[    2.116113] sit: IPv6, IPv4 and MPLS over IPv4 tunneling driver
[    2.118958] ip6_gre: GRE over IPv6 tunneling driver
[    2.120838] NET: Registered PF_PACKET protocol family
[    2.122008] RPC: Registered rdma transport module.
[    2.123102] RPC: Registered rdma backchannel transport module.
[    2.124636] 8021q: 802.1Q VLAN Support v1.8
[    2.126097] smc: adding smcd device lo without pnetid
[    2.127397] NET: Registered PF_SMC protocol family
[    2.128939] 9pnet: Installing 9P2000 support
[    2.131508] Key type dns_resolver registered
[    2.132757] NET: Registered PF_VSOCK protocol family
[    2.133948] mpls_gso: MPLS GSO support
[    2.138644] IPI shorthand broadcast: enabled
[    2.182442] sched_clock: Marking stable (2158009740, 24195372)->(2283148241, -100943129)
[    2.185867] ata2: found unknown device (class 0)
[    2.188103] registered taskstats version 1
[    2.188733] ata2.00: ATAPI: QEMU DVD-ROM, 2.5+, max UDMA/100
[    2.193548] scsi 1:0:0:0: CD-ROM            QEMU     QEMU DVD-ROM     2.5+ PQ: 0 ANSI: 5
[    2.205133] Loading compiled-in X.509 certificates
[    2.206951] kworker/u32:1 (117) used greatest stack depth: 14152 bytes left
[    2.208556] Loaded X.509 cert 'Build time autogenerated kernel key: c4531344b9a9c1a4731230d977a262ba29ba5272'
[    2.223292] sr 1:0:0:0: [sr0] scsi3-mmc drive: 4x/4x cd/rw xa/form2 tray
[    2.246093] cdrom: Uniform CD-ROM driver Revision: 3.20
[    2.248715] Demotion targets for Node 0: null
[    2.250320] ima: No TPM chip found, activating TPM-bypass!
[    2.251531] ima: Allocated hash algorithm: sha1
[    2.252723] ima: No architecture policies found
[    2.255004] PM:   Magic number: 6:285:855
[    2.256302] netconsole: network logging started
[    2.258140] cfg80211: Loading compiled-in X.509 certificates for regulatory database
[    2.258224] sr 1:0:0:0: Attached scsi CD-ROM sr0
[    2.261055] Loaded X.509 cert 'sforshee: 00b28ddf47aef9cea7'
[    2.262817] sr 1:0:0:0: Attached scsi generic sg0 type 5
[    2.263182] Loaded X.509 cert 'wens: 61c038651aabdcf94bd0ac7ff06c7248db18c600'
[    2.266386] faux_driver regulatory: Direct firmware load for regulatory.db failed with error -2
[    2.268302] cfg80211: failed to load regulatory.db
[    2.269498] ALSA device list:
[    2.270422]   No soundcards found.
[    2.492085] input: ImExPS/2 Generic Explorer Mouse as /devices/platform/i8042/serio1/input/input3
[    2.494085] md: Skipping autodetection of RAID arrays. (raid=autodetect will force)
[    2.495535] 9p: Bad value for 'source'
[    2.496151] 9pnet: Limiting 'msize' to 512000 as this is the maximum supported by transport virtio
[    2.499999] VFS: Mounted root (9p filesystem) on device 0:22.
[    2.502021] devtmpfs: mounted
[    2.502800] VFS: Pivoted into new rootfs
[    2.508371] Freeing unused kernel image (initmem) memory: 4668K
[    2.509284] Write protecting the kernel read-only data: 45056k
[    2.511220] Freeing unused kernel image (text/rodata gap) memory: 984K
[    2.512637] Freeing unused kernel image (rodata/data gap) memory: 400K
[    2.550424] x86/mm: Checked W+X mappings: passed, no W+X pages found.
[    2.551371] Run /home/prozak/.local/share/vng-venv/lib/python3.12/site-packages/virtme/guest/bin/virtme-ng-init as init process
[    2.552910]   with arguments:
[    2.553344]     /home/prozak/.local/share/vng-venv/lib/python3.12/site-packages/virtme/guest/bin/virtme-ng-init
[    2.554691]   with environment:
[    2.555135]     HOME=/
[    2.555538]     TERM=linux
[    2.555936]     virtme_hostname=virtme-ng
[    2.556515]     nr_open=1048576
[    2.556960]     virtme_link_mods=/home/prozak/sources/heimdall_experiment/uml-harness/.build/bpf-next-x86/.virtme_mods/lib/modules/0.0.0
[    2.558639]     virtme_rw_overlay0=/tmp
[    2.559189]     virtme_console=ttyS0
[    2.559718]     virtme_chdir=home/prozak/sources/heimdall_experiment/uml-harness/.build/selftests-output-qemu
[    2.649654] virtme-ng-init: mount devtmpfs -> /dev: EBUSY: Device or resource busy
[    2.651452] virtme-ng-init: Setting hostname to virtme-ng...
[    2.692429] virtme-ng-init: running systemd-tmpfiles
[    3.988739] systemd-tmpfile (127) used greatest stack depth: 12504 bytes left
[    3.988910] virtme-ng-init: basic initialization done
[    4.006701] virtme-ng-init: error creating file: Permission denied (os error 13)
[    4.087526] ip (133) used greatest stack depth: 11848 bytes left
[    4.177599] virtme-ng-init: Starting systemd-udevd version 255.4-1ubuntu8.16
[    4.179866] virtme-ng-init: triggering udev coldplug
[    7.175091] virtme-ng-init: waiting for udev to settle
[    7.976077] virtme-ng-init: udev is done
[    7.980639] virtme-ng-init: starting script
[    8.224435] bpf_testmod: loading out-of-tree module taints kernel.
[    8.225400] bpf_testmod: module verification failed: signature and/or required key missing - tainting kernel
[    8.407667] smc: removing smcd device lo
[    8.475039] ACPI: PM: Preparing to enter system sleep state S5
[    8.476394] reboot: Power down
