#1/1     arena_atomics/add:OK
#1/2     arena_atomics/sub:OK
#1/3     arena_atomics/and:OK
#1/4     arena_atomics/or:OK
#1/5     arena_atomics/xor:OK
#1/6     arena_atomics/cmpxchg:OK
#1/7     arena_atomics/xchg:OK
#1/8     arena_atomics/uaf:OK
#1/9     arena_atomics/load_acquire:OK
#1/10    arena_atomics/store_release:OK
#1       arena_atomics:OK
Summary: 1/10 PASSED, 0 SKIPPED, 0 FAILED
DTSC...

Decompressing Linux... Parsing ELF... Performing relocations... done.
Booting the kernel (entry_offset: 0x0000000003db5740).
[    0.000000] Linux version 7.2.0-rc1-g5e2f4aad04e2 (prozak@powertower) (gcc (Ubuntu 13.3.0-6ubuntu2~24.04.1) 13.3.0, GNU ld (GNU Binutils for Ubuntu) 2.42) #3 SMP PREEMPT_DYNAMIC Sun Aug  2 09:03:43 PDT 2026
[    0.000000] Command line: virtme_hostname=virtme-ng nr_open=1048576 virtme_link_mods=/home/prozak/sources/heimdall_experiment/uml-harness/.build/bpf-next-x86/.virtme_mods/lib/modules/0.0.0 virtme_rw_overlay0=/tmp virtme_console=ttyS0 console=ttyS0 earlyprintk=serial,ttyS0,115200 panic=-1 virtme.exec=`Li90ZXN0X3Byb2dzIC10ICdhcmVuYV9hdG9taWNzJw==` virtme_chdir=home/prozak/sources/heimdall_experiment/uml-harness/.build/selftests-output-qemu rootfstype=9p rootflags=version=9p2000.L,trans=virtio,access=any,msize=524288 raid=noautodetect rw debug init=/home/prozak/.local/share/vng-venv/lib/python3.12/site-packages/virtme/guest/bin/virtme-ng-init
[    0.000000] x86 CPU feature dependency check failure: CPU0 has '18*32+31' enabled but '18*32+26' disabled. Kernel might be fine, but no guarantees.
[    0.000000] BIOS-provided physical RAM map:
[    0.000000] BIOS-e820: [mem 0x0000000000000000-0x000000000009fbff]  System RAM
[    0.000000] BIOS-e820: [mem 0x000000000009fc00-0x000000000009ffff]  device reserved
[    0.000000] BIOS-e820: [gap 0x00000000000a0000-0x00000000000effff]
[    0.000000] BIOS-e820: [mem 0x00000000000f0000-0x00000000000fffff]  device reserved
[    0.000000] BIOS-e820: [mem 0x0000000000100000-0x00000000bffdffff]  System RAM
[    0.000000] BIOS-e820: [mem 0x00000000bffe0000-0x00000000bfffffff]  device reserved
[    0.000000] BIOS-e820: [gap 0x00000000c0000000-0x00000000feffbfff]
[    0.000000] BIOS-e820: [mem 0x00000000feffc000-0x00000000feffffff]  device reserved
[    0.000000] BIOS-e820: [gap 0x00000000ff000000-0x00000000fffbffff]
[    0.000000] BIOS-e820: [mem 0x00000000fffc0000-0x00000000ffffffff]  device reserved
[    0.000000] BIOS-e820: [mem 0x0000000100000000-0x000000013fffffff]  System RAM
[    0.000000] BIOS-e820: [gap 0x0000000140000000-0x000000fcffffffff]
[    0.000000] BIOS-e820: [mem 0x000000fd00000000-0x000000ffffffffff]  device reserved
[    0.000000] printk: legacy bootconsole [earlyser0] enabled
[    0.000000] NX (Execute Disable) protection: active
[    0.000000] APIC: Static calls initialized
[    0.000000] DMI: SMBIOS 3.0.0 present.
[    0.000000] DMI: QEMU Ubuntu 24.04 PC v2 (i440FX + PIIX, arch_caps fix, 1996), BIOS 1.16.3-debian-1.16.3-2 04/01/2014
[    0.000000] DMI: Memory slots populated: 1/1
[    0.000000] Hypervisor detected: KVM
[    0.000000] last_pfn = 0xbffe0 max_arch_pfn = 0x400000000
[    0.000000] kvm-clock: Using msrs 4b564d01 and 4b564d00
[    0.000001] kvm-clock: using sched offset of 464616500 cycles
[    0.000971] clocksource: kvm-clock: mask: 0xffffffffffffffff max_cycles: 0x1cd42e4dffb, max_idle_ns: 881590591483 ns
[    0.003851] tsc: Detected 3400.038 MHz processor
[    0.005078] e820: update [mem 0x00000000-0x00000fff] System RAM ==> device reserved
[    0.006441] e820: remove [mem 0x000a0000-0x000fffff] System RAM
[    0.007480] last_pfn = 0x140000 max_arch_pfn = 0x400000000
[    0.008535] MTRR map: 4 entries (3 fixed + 1 variable; max 19), built from 8 variable MTRRs
[    0.009986] x86/PAT: Configuration [0-7]: WB  WC  UC- UC  WB  WP  UC- WT  
Memory KASLR using RDRAND RDTSC...
[    0.011869] last_pfn = 0xbffe0 max_arch_pfn = 0x400000000
[    0.014041] found SMP MP-table at [mem 0x000f5450-0x000f545f]
[    0.015103] Using GB pages for direct mapping
[    0.016052] ACPI: Early table checksum verification disabled
[    0.017133] ACPI: RSDP 0x00000000000F5240 000014 (v00 BOCHS )
[    0.018180] ACPI: RSDT 0x00000000BFFE1F16 000034 (v01 BOCHS  BXPC     00000001 BXPC 00000001)
[    0.019674] ACPI: FACP 0x00000000BFFE1D92 000074 (v01 BOCHS  BXPC     00000001 BXPC 00000001)
[    0.021251] ACPI: DSDT 0x00000000BFFE0040 001D52 (v01 BOCHS  BXPC     00000001 BXPC 00000001)
[    0.022799] ACPI: FACS 0x00000000BFFE0000 000040
[    0.023608] ACPI: APIC 0x00000000BFFE1E06 0000B0 (v03 BOCHS  BXPC     00000001 BXPC 00000001)
[    0.025123] ACPI: HPET 0x00000000BFFE1EB6 000038 (v01 BOCHS  BXPC     00000001 BXPC 00000001)
[    0.026683] ACPI: WAET 0x00000000BFFE1EEE 000028 (v01 BOCHS  BXPC     00000001 BXPC 00000001)
[    0.028197] ACPI: Reserving FACP table memory at [mem 0xbffe1d92-0xbffe1e05]
[    0.029491] ACPI: Reserving DSDT table memory at [mem 0xbffe0040-0xbffe1d91]
[    0.030738] ACPI: Reserving FACS table memory at [mem 0xbffe0000-0xbffe003f]
[    0.032011] ACPI: Reserving APIC table memory at [mem 0xbffe1e06-0xbffe1eb5]
[    0.033261] ACPI: Reserving HPET table memory at [mem 0xbffe1eb6-0xbffe1eed]
[    0.034534] ACPI: Reserving WAET table memory at [mem 0xbffe1eee-0xbffe1f15]
[    0.036212] No NUMA configuration found
[    0.036887] Faking a node at [mem 0x0000000000000000-0x000000013fffffff]
[    0.038097] NODE_DATA(0) allocated [mem 0x13fff9c80-0x13fffdfff]
[    0.039977] ACPI: PM-Timer IO Port: 0x608
[    0.040717] ACPI: LAPIC_NMI (acpi_id[0xff] dfl dfl lint[0x1])
[    0.041808] IOAPIC[0]: apic_id 0, version 17, address 0xfec00000, GSI 0-23
[    0.043047] ACPI: INT_SRC_OVR (bus 0 bus_irq 0 global_irq 2 dfl dfl)
[    0.044178] ACPI: INT_SRC_OVR (bus 0 bus_irq 5 global_irq 5 high level)
[    0.045333] ACPI: INT_SRC_OVR (bus 0 bus_irq 9 global_irq 9 high level)
[    0.046573] ACPI: INT_SRC_OVR (bus 0 bus_irq 10 global_irq 10 high level)
[    0.047794] ACPI: INT_SRC_OVR (bus 0 bus_irq 11 global_irq 11 high level)
[    0.048983] ACPI: Using ACPI (MADT) for SMP configuration information
[    0.050131] ACPI: HPET id: 0x8086a201 base: 0xfed00000
[    0.051089] TSC deadline timer available
[    0.051776] CPU topo: Max. logical packages:   1
[    0.052582] CPU topo: Max. logical nodes:      1
[    0.053407] CPU topo: Num. nodes per package:  1
[    0.054214] CPU topo: Max. logical dies:       1
[    0.055069] CPU topo: Max. dies per package:   1
[    0.055878] CPU topo: Max. threads per core:   1
[    0.056683] CPU topo: Num. cores per package:     8
[    0.057562] CPU topo: Num. threads per package:   8
[    0.058414] CPU topo: Allowing 8 present CPUs plus 0 hotplug CPUs
[    0.059557] kvm-guest: APIC: eoi() replaced with kvm_guest_apic_eoi_write()
[    0.060804] kvm-guest: KVM setup pv remote TLB flush
[    0.061711] kvm-guest: setup PV sched yield
[    0.062475] PM: hibernation: Registered nosave memory: [mem 0x00000000-0x00000fff]
[    0.063837] PM: hibernation: Registered nosave memory: [mem 0x0009f000-0x000fffff]
[    0.065181] PM: hibernation: Registered nosave memory: [mem 0xbffe0000-0xffffffff]
[    0.066522] [gap 0xc0000000-0xfeffbfff] available for PCI devices
[    0.067626] Booting paravirtualized kernel on KVM
[    0.068459] clocksource: refined-jiffies: mask: 0xffffffff max_cycles: 0xffffffff, max_idle_ns: 1910969940391419 ns
[    0.075010] Zone ranges:
[    0.075483]   DMA      [mem 0x0000000000001000-0x0000000000ffffff]
[    0.076586]   DMA32    [mem 0x0000000001000000-0x00000000ffffffff]
[    0.077693]   Normal   [mem 0x0000000100000000-0x000000013fffffff]
[    0.078780] Movable zone start for each node
[    0.079556] Early memory node ranges
[    0.080239]   node   0: [mem 0x0000000000001000-0x000000000009efff]
[    0.081361]   node   0: [mem 0x0000000000100000-0x00000000bffdffff]
[    0.082460]   node   0: [mem 0x0000000100000000-0x000000013fffffff]
[    0.083576] Initmem setup node 0 [mem 0x0000000000001000-0x000000013fffffff]
[    0.084923] On node 0, zone DMA: 1 pages in unavailable ranges
[    0.086455] On node 0, zone DMA: 97 pages in unavailable ranges
[    0.214746] On node 0, zone Normal: 32 pages in unavailable ranges
[    0.215875] setup_percpu: NR_CPUS:128 nr_cpumask_bits:8 nr_cpu_ids:8 nr_node_ids:1
[    0.221315] percpu: Embedded 58 pages/cpu s199696 r8192 d29680 u262144
[    0.222507] pcpu-alloc: s199696 r8192 d29680 u262144 alloc=1*2097152
[    0.223610] pcpu-alloc: [0] 0 1 2 3 4 5 6 7 
[    0.224417] Kernel command line: virtme_hostname=virtme-ng nr_open=1048576 virtme_link_mods=/home/prozak/sources/heimdall_experiment/uml-harness/.build/bpf-next-x86/.virtme_mods/lib/modules/0.0.0 virtme_rw_overlay0=/tmp virtme_console=ttyS0 console=ttyS0 earlyprintk=serial,ttyS0,115200 panic=-1 virtme.exec=`Li90ZXN0X3Byb2dzIC10ICdhcmVuYV9hdG9taWNzJw==` virtme_chdir=home/prozak/sources/heimdall_experiment/uml-harness/.build/selftests-output-qemu rootfstype=9p rootflags=version=9p2000.L,trans=virtio,access=any,msize=524288 raid=noautodetect rw debug init=/home/prozak/.local/share/vng-venv/lib/python3.12/site-packages/virtme/guest/bin/virtme-ng-init
[    0.234620] Unknown kernel command line parameters "virtme_hostname=virtme-ng nr_open=1048576 virtme_link_mods=/home/prozak/sources/heimdall_experiment/uml-harness/.build/bpf-next-x86/.virtme_mods/lib/modules/0.0.0 virtme_rw_overlay0=/tmp virtme_console=ttyS0 virtme_chdir=home/prozak/sources/heimdall_experiment/uml-harness/.build/selftests-output-qemu", will be passed to user space.
[    0.240674] random: crng init done
[    0.241298] printk: log buffer data + meta data: 2097152 + 7340032 = 9437184 bytes
[    0.250716] Dentry cache hash table entries: 524288 (order: 10, 4194304 bytes, linear)
[    0.256170] Inode-cache hash table entries: 262144 (order: 9, 2097152 bytes, linear)
[    0.257769] software IO TLB: area num 8.
[    0.392156] Fallback order for Node 0: 0 
[    0.392162] Built 1 zonelists, mobility grouping on.  Total pages: 1048446
[    0.394175] Policy zone: Normal
[    0.394726] mem auto-init: stack:all(zero), heap alloc:off, heap free:off
[    0.401205] SLUB: HWalign=64, Order=0-3, MinObjects=0, CPUs=8, Nodes=1
Poking KASLR using RDRAND RDTSC...
[    0.416989] ftrace: allocating 69757 entries in 274 pages
[    0.417940] ftrace: allocated 274 pages with 3 groups
[    0.419340] Dynamic Preempt: full
[    0.420244] Running RCU self tests
[    0.420845] Running RCU synchronous self tests
[    0.421663] rcu: Preemptible hierarchical RCU implementation.
[    0.422669] rcu: 	RCU event tracing is enabled.
[    0.423498] rcu: 	RCU lockdep checking is enabled.
[    0.424320] rcu: 	RCU restricting CPUs from NR_CPUS=128 to nr_cpu_ids=8.
[    0.425521] 	Trampoline variant of Tasks RCU enabled.
[    0.426389] 	Rude variant of Tasks RCU enabled.
[    0.427185] 	Tracing variant of Tasks RCU enabled.
[    0.428041] rcu: RCU calculated value of scheduler-enlistment delay is 100 jiffies.
[    0.429373] rcu: Adjusting geometry for rcu_fanout_leaf=16, nr_cpu_ids=8
[    0.430570] Running RCU synchronous self tests
[    0.431358] RCU Tasks: Setting shift to 3 and lim to 1 rcu_task_cb_adjust=1 rcu_task_cpu_ids=8.
[    0.432910] RCU Tasks Rude: Setting shift to 3 and lim to 1 rcu_task_cb_adjust=1 rcu_task_cpu_ids=8.
[    0.440372] NR_IRQS: 8448, nr_irqs: 488, preallocated irqs: 16
[    0.441763] rcu: srcu_init: Setting srcu_struct sizes based on contention.
[    0.443064] clocksource: jiffies: mask: 0xffffffff max_cycles: 0xffffffff, max_idle_ns: 1911260446275000 ns
[    0.445192] Console: colour *CGA 80x25
[    0.445936] printk: legacy console [ttyS0] enabled
[    0.445936] printk: legacy console [ttyS0] enabled
[    0.447629] printk: legacy bootconsole [earlyser0] disabled
[    0.447629] printk: legacy bootconsole [earlyser0] disabled
[    0.449629] Lock dependency validator: Copyright (c) 2006 Red Hat, Inc., Ingo Molnar
[    0.451045] ... MAX_LOCKDEP_SUBCLASSES:  8
[    0.451773] ... MAX_LOCK_DEPTH:          48
[    0.452557] ... MAX_LOCKDEP_KEYS:        8192
[    0.453357] ... CLASSHASH_SIZE:          4096
[    0.454170] ... MAX_LOCKDEP_ENTRIES:     32768
[    0.455008] ... MAX_LOCKDEP_CHAINS:      65536
[    0.455850] ... CHAINHASH_SIZE:          32768
[    0.456660]  memory used by lock dependency info: 6429 kB
[    0.457687]  memory used for stack traces: 4224 kB
[    0.458553]  per task-struct memory footprint: 1920 bytes
[    0.459656] ACPI: Core revision 20260408
[    0.460656] clocksource: hpet: mask: 0xffffffff max_cycles: 0xffffffff, max_idle_ns: 19112604467 ns
[    0.462575] APIC: Switch to symmetric I/O mode setup
[    0.463968] x2apic enabled
[    0.465036] APIC: Switched APIC routing to: physical x2apic
[    0.466165] kvm-guest: APIC: send_IPI_mask() replaced with kvm_send_ipi_mask()
[    0.467580] kvm-guest: APIC: send_IPI_mask_allbutself() replaced with kvm_send_ipi_mask_allbutself()
[    0.469393] kvm-guest: setup PV IPIs
[    0.472187] ..TIMER: vector=0x30 apic1=0 pin1=2 apic2=-1 pin2=-1
[    0.473358] clocksource: tsc-early: mask: 0xffffffffffffffff max_cycles: 0x31027285e94, max_idle_ns: 440795238296 ns
[    0.475360] Calibrating delay loop (skipped) preset value.. 6800.07 BogoMIPS (lpj=3400038)
[    0.477699] x86/cpu: User Mode Instruction Prevention (UMIP) activated
[    0.478684] Last level iTLB entries: 4KB 512, 2MB 255, 4MB 127
[    0.479357] Last level dTLB entries: 4KB 512, 2MB 255, 4MB 127, 1GB 0
[    0.480365] mitigations: Enabled attack vectors: user_kernel, user_user, SMT mitigations: auto
[    0.481357] Speculative Store Bypass: Mitigation: Speculative Store Bypass disabled via prctl
[    0.482357] Speculative Return Stack Overflow: IBPB-extending microcode not applied!
[    0.483357] Speculative Return Stack Overflow: WARNING: See https://kernel.org/doc/html/latest/admin-guide/hw-vuln/srso.html for mitigation options.
[    0.483358] Transient Scheduler Attacks: Vulnerable: No microcode
[    0.485358] Spectre V2 : Mitigation: Retpolines
[    0.486357] Speculative Return Stack Overflow: Vulnerable: Safe RET, no microcode
[    0.487357] Spectre V1 : Mitigation: usercopy/swapgs barriers and __user pointer sanitization
[    0.488357] Spectre V2 : Spectre v2 / SpectreRSB: Filling RSB on context switch and VMEXIT
[    0.489357] Spectre V2 : Enabling Restricted Speculation for firmware calls
[    0.490359] Spectre V2 : mitigation: Enabling conditional Indirect Branch Prediction Barrier
[    0.491357] active return thunk: srso_alias_return_thunk
[    0.492408] x86/fpu: Supporting XSAVE feature 0x001: 'x87 floating point registers'
[    0.493357] x86/fpu: Supporting XSAVE feature 0x002: 'SSE registers'
[    0.494357] x86/fpu: Supporting XSAVE feature 0x004: 'AVX registers'
[    0.495357] x86/fpu: xstate_offset[2]:  576, xstate_sizes[2]:  256
[    0.496357] x86/fpu: Enabled xstate features 0x7, context size is 832 bytes, using 'compacted' format.
[    0.530678] pid_max: default: 32768 minimum: 301
[    0.531569] SELinux:  Initializing.
[    0.533796] LSM support for eBPF active
[    0.534719] Mount-cache hash table entries: 8192 (order: 4, 65536 bytes, linear)
[    0.535505] Mountpoint-cache hash table entries: 8192 (order: 4, 65536 bytes, linear)
[    0.538452] VFS: Finished mounting rootfs on nullfs
[    0.540834] Running RCU synchronous self tests
[    0.541359] Running RCU synchronous self tests
[    0.542972] smpboot: CPU0: AMD Ryzen 9 5950X 16-Core Processor (family: 0x19, model: 0x21, stepping: 0x2)
[    0.545386] Performance Events: Fam17h+ core perfctr, AMD PMU driver.
[    0.546385] ... version:                   0
[    0.547322] ... bit width:                 48
[    0.547363] ... generic counters:          6
[    0.548261] ... generic bitmap:            000000000000003f
[    0.548364] ... fixed-purpose counters:    0
[    0.549271] ... fixed-purpose bitmap:      0000000000000000
[    0.549377] ... value mask:                0000ffffffffffff
[    0.550362] ... max period:                00007fffffffffff
[    0.551364] ... global_ctrl mask:          000000000000003f
[    0.552685] signal: max sigframe size: 1776
[    0.553560] rcu: Hierarchical SRCU implementation.
[    0.554366] rcu: 	Max phase no-delay instances is 400.
[    0.555698] Timer migration: 1 hierarchy levels; 8 children per group; 1 crossnode level
[    0.568355] smp: Bringing up secondary CPUs ...
[    0.572631] smpboot: x86: Booting SMP configuration:
[    0.573365] .... node  #0, CPUs:      #1 #2 #3 #4 #5 #6 #7
[    0.599736] smp: Brought up 1 node, 8 CPUs
[    0.601351] smpboot: Total of 8 processors activated (54400.60 BogoMIPS)
[    0.602806] Memory: 3963792K/4193784K available (25637K kernel code, 10348K rwdata, 18032K rodata, 4668K init, 13400K bss, 221940K reserved, 0K cma-reserved)
[    0.605366] devtmpfs: initialized
[    0.609713] Running RCU synchronous self tests
[    0.610384] Running RCU synchronous self tests
[    0.611484] Running RCU Tasks wait API self tests
[    0.612430] Running RCU Tasks Rude wait API self tests
[    0.613364] Running RCU Tasks Trace wait API self tests
[    0.614479] posixtimers hash table entries: 4096 (order: 7, 294912 bytes, linear)
[    0.616727] futex hash table entries: 2048 (262144 bytes on 1 NUMA nodes, total 256 KiB, linear).
[    0.618364] PM: RTC time: 16:33:21, date: 2026-08-02
[    0.619394] Callback from call_rcu_tasks_trace() invoked.
[    0.626258] NET: Registered PF_NETLINK/PF_ROUTE protocol family
[    0.627353] audit: initializing netlink subsys (disabled)
[    0.627475] audit: type=2000 audit(1785688401.290:1): state=initialized audit_enabled=0 res=1
[    0.652922] thermal_sys: Registered thermal governor 'step_wise'
[    0.653002] cpuidle: using governor ladder
[    0.654276] cpuidle: using governor menu
[    0.655596] Freeing SMP alternatives memory: 68K
[    0.657255] PCI: Using configuration type 1 for base access
[    0.657365] PCI: Using configuration type 1 for extended access
[    0.658564] kprobes: kprobe jump-optimization is enabled. All kprobes are optimized if possible.
[    0.660500] HugeTLB: registered 1.00 GiB page size, pre-allocated 0 pages
[    0.661367] HugeTLB: 16380 KiB vmemmap can be freed for a 1.00 GiB page
[    0.662366] HugeTLB: registered 2.00 MiB page size, pre-allocated 0 pages
[    0.663365] HugeTLB: 28 KiB vmemmap can be freed for a 2.00 MiB page
[    0.669355] ACPI: Added _OSI(Module Device)
[    0.669365] ACPI: Added _OSI(Processor Device)
[    0.670355] ACPI: Added _OSI(Processor Aggregator Device)
[    0.673935] ACPI: 1 ACPI AML tables successfully acquired and loaded
[    0.676725] ACPI: \_SB_: platform _OSC: OS support mask [002a7eee]
[    0.678110] ACPI: Interpreter enabled
[    0.678432] ACPI: PM: (supports S0 S3 S4 S5)
[    0.679355] ACPI: Using IOAPIC for interrupt routing
[    0.679418] PCI: Using host bridge windows from ACPI; if necessary, use "pci=nocrs" and report a bug
[    0.680365] PCI: Using E820 reservations for host bridge windows
[    0.681759] ACPI: Enabled 2 GPEs in block 00 to 0F
[    0.697527] ACPI: PCI Root Bridge [PCI0] (domain 0000 [bus 00-ff])
[    0.698370] acpi PNP0A03:00: _OSC: OS supports [ExtendedConfig ASPM ClockPM Segments MSI HPX-Type3]
[    0.699376] acpi PNP0A03:00: _OSC: OS requested [PME PCIeCapability LTR]
[    0.700365] acpi PNP0A03:00: _OSC: platform willing to grant [PME PCIeCapability LTR]
[    0.701365] acpi PNP0A03:00: _OSC: platform retains control of PCIe features (AE_ERROR)
[    0.703139] PCI host bridge to bus 0000:00
[    0.703375] pci_bus 0000:00: root bus resource [io  0x0000-0x0cf7 window]
[    0.704366] pci_bus 0000:00: root bus resource [io  0x0d00-0xffff window]
[    0.705367] pci_bus 0000:00: root bus resource [mem 0x000a0000-0x000bffff window]
[    0.706366] pci_bus 0000:00: root bus resource [mem 0xc0000000-0xfebfffff window]
[    0.707366] pci_bus 0000:00: root bus resource [mem 0x380000000000-0x38007fffffff window]
[    0.708365] pci_bus 0000:00: root bus resource [bus 00-ff]
[    0.709767] pci 0000:00:00.0: [8086:1237] type 00 class 0x060000 conventional PCI endpoint
[    0.711947] pci 0000:00:01.0: [8086:7000] type 00 class 0x060100 conventional PCI endpoint
[    0.713829] pci 0000:00:01.1: [8086:7010] type 00 class 0x010180 conventional PCI endpoint
[    0.715199] pci 0000:00:01.1: BAR 4 [io  0xc1c0-0xc1cf]
[    0.715440] pci 0000:00:01.1: BAR 0 [io  0x01f0-0x01f7]: legacy IDE quirk
[    0.716408] pci 0000:00:01.1: BAR 1 [io  0x03f6]: legacy IDE quirk
[    0.717365] pci 0000:00:01.1: BAR 2 [io  0x0170-0x0177]: legacy IDE quirk
[    0.718364] pci 0000:00:01.1: BAR 3 [io  0x0376]: legacy IDE quirk
[    0.720079] pci 0000:00:01.3: [8086:7113] type 00 class 0x068000 conventional PCI endpoint
[    0.721088] pci 0000:00:01.3: quirk: [io  0x0600-0x063f] claimed by PIIX4 ACPI
[    0.721382] pci 0000:00:01.3: quirk: [io  0x0700-0x070f] claimed by PIIX4 SMB
[    0.723363] pci 0000:00:02.0: [1af4:1009] type 00 class 0x000200 conventional PCI endpoint
[    0.726389] pci 0000:00:02.0: BAR 0 [io  0xc000-0xc03f]
[    0.727380] pci 0000:00:02.0: BAR 1 [mem 0xfebf8000-0xfebf8fff]
[    0.728426] pci 0000:00:02.0: BAR 4 [mem 0x380000000000-0x380000003fff 64bit pref]
[    0.732363] pci 0000:00:03.0: [8086:25ab] type 00 class 0x088000 conventional PCI endpoint
[    0.734383] pci 0000:00:03.0: BAR 0 [mem 0xfebf9000-0xfebf900f]
[    0.737896] pci 0000:00:04.0: [1af4:1003] type 00 class 0x078000 conventional PCI endpoint
[    0.740383] pci 0000:00:04.0: BAR 0 [io  0xc040-0xc07f]
[    0.741616] pci 0000:00:04.0: BAR 1 [mem 0xfebfa000-0xfebfafff]
[    0.742445] pci 0000:00:04.0: BAR 4 [mem 0x380000004000-0x380000007fff 64bit pref]
[    0.746512] pci 0000:00:05.0: [1af4:1003] type 00 class 0x078000 conventional PCI endpoint
[    0.748383] pci 0000:00:05.0: BAR 0 [io  0xc080-0xc0bf]
[    0.749382] pci 0000:00:05.0: BAR 1 [mem 0xfebfb000-0xfebfbfff]
[    0.750426] pci 0000:00:05.0: BAR 4 [mem 0x380000008000-0x38000000bfff 64bit pref]
[    0.754481] pci 0000:00:06.0: [1af4:1003] type 00 class 0x078000 conventional PCI endpoint
[    0.756383] pci 0000:00:06.0: BAR 0 [io  0xc0c0-0xc0ff]
[    0.757389] pci 0000:00:06.0: BAR 1 [mem 0xfebfc000-0xfebfcfff]
[    0.758428] pci 0000:00:06.0: BAR 4 [mem 0x38000000c000-0x38000000ffff 64bit pref]
[    0.762741] pci 0000:00:07.0: [1af4:1003] type 00 class 0x078000 conventional PCI endpoint
[    0.764383] pci 0000:00:07.0: BAR 0 [io  0xc100-0xc13f]
[    0.765382] pci 0000:00:07.0: BAR 1 [mem 0xfebfd000-0xfebfdfff]
[    0.766422] pci 0000:00:07.0: BAR 4 [mem 0x380000010000-0x380000013fff 64bit pref]
[    0.770575] pci 0000:00:08.0: [1af4:1003] type 00 class 0x078000 conventional PCI endpoint
[    0.772383] pci 0000:00:08.0: BAR 0 [io  0xc140-0xc17f]
[    0.773391] pci 0000:00:08.0: BAR 1 [mem 0xfebfe000-0xfebfefff]
[    0.774424] pci 0000:00:08.0: BAR 4 [mem 0x380000014000-0x380000017fff 64bit pref]
[    0.778590] pci 0000:00:09.0: [1af4:1003] type 00 class 0x078000 conventional PCI endpoint
[    0.780364] pci 0000:00:09.0: BAR 0 [io  0xc180-0xc1bf]
[    0.781382] pci 0000:00:09.0: BAR 1 [mem 0xfebff000-0xfebfffff]
[    0.782425] pci 0000:00:09.0: BAR 4 [mem 0x380000018000-0x38000001bfff 64bit pref]
[    0.791557] ACPI: PCI: Interrupt link LNKA configured for IRQ 10
[    0.792627] ACPI: PCI: Interrupt link LNKB configured for IRQ 10
[    0.793635] ACPI: PCI: Interrupt link LNKC configured for IRQ 11
[    0.794636] ACPI: PCI: Interrupt link LNKD configured for IRQ 11
[    0.795495] ACPI: PCI: Interrupt link LNKS configured for IRQ 9
[    0.798390] iommu: Default domain type: Translated
[    0.799364] iommu: DMA domain TLB invalidation policy: lazy mode
[    0.801729] SCSI subsystem initialized
[    0.802441] libata version 3.00 loaded.
[    0.803568] ACPI: bus type USB registered
[    0.804494] usbcore: registered new interface driver usbfs
[    0.805441] usbcore: registered new interface driver hub
[    0.806405] usbcore: registered new device driver usb
[    0.807554] pps_core: LinuxPPS API ver. 1 registered
[    0.808365] pps_core: Software ver. 5.3.6 - Copyright 2005-2007 Rodolfo Giometti <giometti@linux.it>
[    0.809391] PTP clock support registered
[    0.810950] Advanced Linux Sound Architecture Driver Initialized.
[    0.812688] NetLabel: Initializing
[    0.813364] NetLabel:  domain hash size = 128
[    0.814319] NetLabel:  protocols = UNLABELED CIPSOv4 CALIPSO
[    0.814426] NetLabel:  unlabeled traffic allowed by default
[    0.815718] PCI: Using ACPI for IRQ routing
[    0.816367] PCI: pci_cache_line_size set to 64 bytes
[    0.817743] e820: register RAM buffer resource [mem 0x0009fc00-0x0009ffff]
[    0.818366] e820: register RAM buffer resource [mem 0xbffe0000-0xbfffffff]
[    0.819511] vgaarb: loaded
[    0.819730] Callback from call_rcu_tasks() invoked.
[    0.820186] hpet0: at MMIO 0xfed00000, IRQs 2, 8, 0
[    0.821364] hpet0: 3 comparators, 64-bit 100.000000 MHz counter
[    0.826795] clocksource: Switched to clocksource kvm-clock
[    0.828939] VFS: Disk quotas dquot_6.6.0
[    0.829910] VFS: Dquot-cache hash table entries: 512 (4096 bytes)
[    0.832517] pnp: PnP ACPI init
[    0.833762] pnp 00:02: [dma 2]
[    0.835616] pnp: PnP ACPI: found 4 devices
[    0.854153] clocksource: acpi_pm: mask: 0xffffff max_cycles: 0xffffff, max_idle_ns: 2085701024 ns
[    0.856468] NET: Registered PF_INET protocol family
[    0.858897] IP idents hash table entries: 65536 (order: 7, 524288 bytes, linear)
[    0.863102] tcp_listen_portaddr_hash hash table entries: 2048 (order: 6, 147456 bytes, linear)
[    0.865429] Table-perturb hash table entries: 65536 (order: 6, 262144 bytes, linear)
[    0.867080] TCP established hash table entries: 32768 (order: 6, 262144 bytes, linear)
[    0.869392] TCP bind hash table entries: 32768 (order: 11, 4718592 bytes, vmalloc hugepage)
[    0.881623] TCP: Hash tables configured (established 32768 bind 32768)
[    0.884609] MPTCP token hash table entries: 4096 (order: 7, 360448 bytes, linear)
[    0.886372] UDP hash table entries: 2048 (order: 7, 524288 bytes, linear)
[    0.889102] NET: Registered PF_UNIX/PF_LOCAL protocol family
[    0.891328] RPC: Registered named UNIX socket transport module.
[    0.892666] RPC: Registered udp transport module.
[    0.893717] RPC: Registered tcp transport module.
[    0.894775] RPC: Registered tcp-with-tls transport module.
[    0.895977] RPC: Registered tcp NFSv4.1 backchannel transport module.
[    0.898230] NET: Registered PF_XDP protocol family
[    0.899658] pci_bus 0000:00: resource 4 [io  0x0000-0x0cf7 window]
[    0.901135] pci_bus 0000:00: resource 5 [io  0x0d00-0xffff window]
[    0.902456] pci_bus 0000:00: resource 6 [mem 0x000a0000-0x000bffff window]
[    0.903956] pci_bus 0000:00: resource 7 [mem 0xc0000000-0xfebfffff window]
[    0.905444] pci_bus 0000:00: resource 8 [mem 0x380000000000-0x38007fffffff window]
[    0.907233] pci 0000:00:01.0: PIIX3: Enabling Passive Release
[    0.908569] pci 0000:00:00.0: Limiting direct PCI/PCI transfers
[    0.910074] PCI: CLS 0 bytes, default 64
[    0.911093] PCI-DMA: Using software bounce buffering for IO (SWIOTLB)
[    0.912521] software IO TLB: mapped [mem 0x00000000bbfe0000-0x00000000bffe0000] (64MB)
[    0.915304] clocksource: tsc: mask: 0xffffffffffffffff max_cycles: 0x31027285e94, max_idle_ns: 440795238296 ns
[    0.926449] Initialise system trusted keyrings
[    0.927815] workingset: timestamp_bits=40 (anon: 35) max_order=20 bucket_order=0 (anon: 0)
[    0.930568] squashfs: version 4.0 (2009/01/31) Phillip Lougher
[    0.932611] NFS: Registering the id_resolver key type
[    0.934029] Key type id_resolver registered
[    0.934982] Key type id_legacy registered
[    0.935864] nfs4filelayout_init: NFSv4 File Layout Driver Registering...
[    0.937361] nfs4flexfilelayout_init: NFSv4 Flexfile Layout Driver Registering...
[    0.939166] fuse: init (API version 7.45)
[    0.940388] 9p: Installing v9fs 9p2000 file system support
[    0.943431] NET: Registered PF_ALG protocol family
[    0.944538] Key type asymmetric registered
[    0.945465] Asymmetric key parser 'x509' registered
[    0.946636] Block layer SCSI generic (bsg) driver version 0.4 loaded (major 248)
[    0.948689] io scheduler mq-deadline registered
[    0.949712] io scheduler kyber registered
[    0.951943] input: Power Button as /devices/platform/LNXPWRBN:00/input/input0
[    0.953867] ACPI: button: Power Button [PWRF]
[    1.081681] ACPI: \_SB_.LNKB: Enabled at IRQ 10
[    1.205779] ACPI: \_SB_.LNKD: Enabled at IRQ 11
[    1.330855] ACPI: \_SB_.LNKA: Enabled at IRQ 10
[    1.512098] kwatchdog (99) used greatest stack depth: 14776 bytes left
[    1.581741] ACPI: \_SB_.LNKC: Enabled at IRQ 11
[    1.832209] Serial: 8250/16550 driver, 4 ports, IRQ sharing enabled
[    1.834839] 00:03: ttyS0 at I/O 0x3f8 (irq = 4, base_baud = 115200) is a 16550A
[    2.008716] Non-volatile memory driver v1.3
[    2.010757] ACPI: bus type drm_connector registered
[    2.033491] brd: module loaded
[    2.047571] loop: module loaded
[    2.052904] scsi host0: ata_piix
[    2.054794] scsi host1: ata_piix
[    2.055850] ata1: PATA max MWDMA2 cmd 0x1f0 ctl 0x3f6 bmdma 0xc1c0 irq 14 lpm-pol 0
[    2.057514] ata2: PATA max MWDMA2 cmd 0x170 ctl 0x376 bmdma 0xc1c8 irq 15 lpm-pol 0
[    2.063975] tun: Universal TUN/TAP device driver, 1.6
[    2.065611] e100: Intel(R) PRO/100 Network Driver
[    2.066687] e100: Copyright(c) 1999-2006 Intel Corporation
[    2.067961] e1000: Intel(R) PRO/1000 Network Driver
[    2.069087] e1000: Copyright (c) 1999-2006 Intel Corporation.
[    2.070539] e1000e: Intel(R) PRO/1000 Network Driver
[    2.071623] e1000e: Copyright(c) 1999 - 2015 Intel Corporation.
[    2.073018] sky2: driver version 1.30
[    2.074961] usbcore: registered new interface driver usblp
[    2.076286] usbcore: registered new interface driver usb-storage
[    2.077728] i8042: PNP: PS/2 Controller [PNP0303:KBD,PNP0f13:MOU] at 0x60,0x64 irq 1,12
[    2.080912] serio: i8042 KBD port at 0x60,0x64 irq 1
[    2.082535] serio: i8042 AUX port at 0x60,0x64 irq 12
[    2.084848] rtc_cmos PNP0B00:00: RTC can wake from S4
[    2.088155] input: AT Translated Set 2 keyboard as /devices/platform/i8042/serio0/input/input1
[    2.088886] rtc_cmos PNP0B00:00: registered as rtc0
[    2.091523] rtc_cmos PNP0B00:00: alarms up to one day, y3k, 242 bytes nvram, hpet irqs
[    2.093641] Registered IR keymap rc-empty
[    2.094898] rc rc0: rc-core loopback device as /devices/virtual/rc/rc0
[    2.097591] rc rc0: lirc_dev: driver rc-loopback registered at minor = 0, raw IR receiver, raw IR transmitter
[    2.101326] input: rc-core loopback device as /devices/virtual/rc/rc0/input2
[    2.104590] intel_powerclamp: CPU does not support MWAIT
[    2.105781] device-mapper: core: CONFIG_IMA_DISABLE_HTABLE is disabled. Duplicate IMA measurements will not be recorded in the IMA log.
[    2.108836] device-mapper: ioctl: 4.50.0-ioctl (2025-04-28) initialised: dm-devel@lists.linux.dev
[    2.110804] amd_pstate: the _CPC object is not present in SBIOS or ACPI disabled
[    2.113148] hid: raw HID events driver (C) Jiri Kosina
[    2.116067] usbcore: registered new interface driver usbhid
[    2.117311] usbhid: USB HID core driver
[    2.119338] GACT probability NOT on
[    2.120219] Mirror/redirect action on
[    2.122451] nf_conntrack_irc: The irc conntrack helper is scheduled for removal.
[    2.122451] Please contact the netfilter-devel mailing list if you still need this.
[    2.127334] ipip: IPv4 and MPLS over IPv4 tunneling driver
[    2.129255] gre: GRE over IPv4 demultiplexer driver
[    2.130397] ip_gre: GRE over IPv4 tunneling driver
[    2.133947] Initializing XFRM netlink socket
[    2.134927] IPsec XFRM device driver
[    2.135857] NET: Registered PF_INET6 protocol family
[    2.139209] Segment Routing with IPv6
[    2.140082] In-situ OAM (IOAM) with IPv6
[    2.141016] mip6: Mobile IPv6
[    2.141729] sit: IPv6, IPv4 and MPLS over IPv4 tunneling driver
[    2.144613] ip6_gre: GRE over IPv6 tunneling driver
[    2.146600] NET: Registered PF_PACKET protocol family
[    2.147794] RPC: Registered rdma transport module.
[    2.148856] RPC: Registered rdma backchannel transport module.
[    2.150488] 8021q: 802.1Q VLAN Support v1.8
[    2.152043] smc: adding smcd device lo without pnetid
[    2.153411] NET: Registered PF_SMC protocol family
[    2.154907] 9pnet: Installing 9P2000 support
[    2.157495] Key type dns_resolver registered
[    2.158652] NET: Registered PF_VSOCK protocol family
[    2.159864] mpls_gso: MPLS GSO support
[    2.164500] IPI shorthand broadcast: enabled
[    2.209545] sched_clock: Marking stable (2185062303, 24291270)->(2324000102, -114646529)
[    2.211742] ata2: found unknown device (class 0)
[    2.213961] registered taskstats version 1
[    2.214559] ata2.00: ATAPI: QEMU DVD-ROM, 2.5+, max UDMA/100
[    2.219537] scsi 1:0:0:0: CD-ROM            QEMU     QEMU DVD-ROM     2.5+ PQ: 0 ANSI: 5
[    2.231686] Loading compiled-in X.509 certificates
[    2.233731] kworker/u32:1 (120) used greatest stack depth: 14152 bytes left
[    2.235073] Loaded X.509 cert 'Build time autogenerated kernel key: c4531344b9a9c1a4731230d977a262ba29ba5272'
[    2.241181] sr 1:0:0:0: [sr0] scsi3-mmc drive: 4x/4x cd/rw xa/form2 tray
[    2.260148] cdrom: Uniform CD-ROM driver Revision: 3.20
[    2.275464] Demotion targets for Node 0: null
[    2.277221] ima: No TPM chip found, activating TPM-bypass!
[    2.277924] sr 1:0:0:0: Attached scsi CD-ROM sr0
[    2.278458] ima: Allocated hash algorithm: sha1
[    2.280898] sr 1:0:0:0: Attached scsi generic sg0 type 5
[    2.282406] ima: No architecture policies found
[    2.284288] PM:   Magic number: 6:887:589
[    2.285574] netconsole: network logging started
[    2.287231] cfg80211: Loading compiled-in X.509 certificates for regulatory database
[    2.290196] Loaded X.509 cert 'sforshee: 00b28ddf47aef9cea7'
[    2.291964] Loaded X.509 cert 'wens: 61c038651aabdcf94bd0ac7ff06c7248db18c600'
[    2.293800] faux_driver regulatory: Direct firmware load for regulatory.db failed with error -2
[    2.294515] ALSA device list:
[    2.295766] cfg80211: failed to load regulatory.db
[    2.296447]   No soundcards found.
[    2.519658] input: ImExPS/2 Generic Explorer Mouse as /devices/platform/i8042/serio1/input/input4
[    2.521612] md: Skipping autodetection of RAID arrays. (raid=autodetect will force)
[    2.522993] 9p: Bad value for 'source'
[    2.523703] 9pnet: Limiting 'msize' to 512000 as this is the maximum supported by transport virtio
[    2.527238] VFS: Mounted root (9p filesystem) on device 0:22.
[    2.529084] devtmpfs: mounted
[    2.529770] VFS: Pivoted into new rootfs
[    2.534995] Freeing unused kernel image (initmem) memory: 4668K
[    2.535900] Write protecting the kernel read-only data: 45056k
[    2.537901] Freeing unused kernel image (text/rodata gap) memory: 984K
[    2.539316] Freeing unused kernel image (rodata/data gap) memory: 400K
[    2.577644] x86/mm: Checked W+X mappings: passed, no W+X pages found.
[    2.578571] Run /home/prozak/.local/share/vng-venv/lib/python3.12/site-packages/virtme/guest/bin/virtme-ng-init as init process
[    2.580151]   with arguments:
[    2.580615]     /home/prozak/.local/share/vng-venv/lib/python3.12/site-packages/virtme/guest/bin/virtme-ng-init
[    2.582042]   with environment:
[    2.582545]     HOME=/
[    2.582898]     TERM=linux
[    2.583285]     virtme_hostname=virtme-ng
[    2.583889]     nr_open=1048576
[    2.584363]     virtme_link_mods=/home/prozak/sources/heimdall_experiment/uml-harness/.build/bpf-next-x86/.virtme_mods/lib/modules/0.0.0
[    2.586063]     virtme_rw_overlay0=/tmp
[    2.586631]     virtme_console=ttyS0
[    2.587134]     virtme_chdir=home/prozak/sources/heimdall_experiment/uml-harness/.build/selftests-output-qemu
[    2.664504] virtme-ng-init: mount devtmpfs -> /dev: EBUSY: Device or resource busy
[    2.666505] virtme-ng-init: Setting hostname to virtme-ng...
[    2.701402] virtme-ng-init: running systemd-tmpfiles
[    4.027345] systemd-tmpfile (127) used greatest stack depth: 12504 bytes left
[    4.027418] virtme-ng-init: basic initialization done
[    4.044506] virtme-ng-init: error creating file: Permission denied (os error 13)
[    4.146202] ip (133) used greatest stack depth: 11848 bytes left
[    4.267763] virtme-ng-init: Starting systemd-udevd version 255.4-1ubuntu8.16
[    4.269956] virtme-ng-init: triggering udev coldplug
[    7.317568] virtme-ng-init: waiting for udev to settle
[    8.068188] virtme-ng-init: udev is done
[    8.072202] virtme-ng-init: starting script
[    8.291154] bpf_testmod: loading out-of-tree module taints kernel.
[    8.292092] bpf_testmod: module verification failed: signature and/or required key missing - tainting kernel
[    8.426499] smc: removing smcd device lo
[    8.497620] ACPI: PM: Preparing to enter system sleep state S5
[    8.498991] reboot: Power down
