#1/1     arena_atomics/add:OK
#1/2     arena_atomics/sub:OK
#1/3     arena_atomics/and:OK
#1/4     arena_atomics/or:OK
#1/5     arena_atomics/xor:OK
#1/6     arena_atomics/cmpxchg:OK
#1/7     arena_atomics/xchg:OK
#1/8     arena_atomics/uaf:OK
#1/9     arena_atomics/load_acquire:OK
#1/10    arena_atomics/store_release:OK
#1       arena_atomics:OK
Summary: 1/10 PASSED, 0 SKIPPED, 0 FAILED
DTSC...

Decompressing Linux... Parsing ELF... Performing relocations... done.
Booting the kernel (entry_offset: 0x0000000003db5740).
[    0.000000] Linux version 7.2.0-rc1-g5e2f4aad04e2 (prozak@powertower) (gcc (Ubuntu 13.3.0-6ubuntu2~24.04.1) 13.3.0, GNU ld (GNU Binutils for Ubuntu) 2.42) #3 SMP PREEMPT_DYNAMIC Sun Aug  2 09:03:43 PDT 2026
[    0.000000] Command line: virtme_hostname=virtme-ng nr_open=1048576 virtme_link_mods=/home/prozak/sources/heimdall_experiment/uml-harness/.build/bpf-next-x86/.virtme_mods/lib/modules/0.0.0 virtme_rw_overlay0=/tmp virtme_console=ttyS0 console=ttyS0 earlyprintk=serial,ttyS0,115200 panic=-1 virtme.exec=`Li90ZXN0X3Byb2dzIC10ICdhcmVuYV9hdG9taWNzJw==` virtme_chdir=home/prozak/sources/heimdall_experiment/uml-harness/.build/selftests-output-qemu rootfstype=9p rootflags=version=9p2000.L,trans=virtio,access=any,msize=524288 raid=noautodetect rw debug init=/home/prozak/.local/share/vng-venv/lib/python3.12/site-packages/virtme/guest/bin/virtme-ng-init
[    0.000000] x86 CPU feature dependency check failure: CPU0 has '18*32+31' enabled but '18*32+26' disabled. Kernel might be fine, but no guarantees.
[    0.000000] BIOS-provided physical RAM map:
[    0.000000] BIOS-e820: [mem 0x0000000000000000-0x000000000009fbff]  System RAM
[    0.000000] BIOS-e820: [mem 0x000000000009fc00-0x000000000009ffff]  device reserved
[    0.000000] BIOS-e820: [gap 0x00000000000a0000-0x00000000000effff]
[    0.000000] BIOS-e820: [mem 0x00000000000f0000-0x00000000000fffff]  device reserved
[    0.000000] BIOS-e820: [mem 0x0000000000100000-0x00000000bffdffff]  System RAM
[    0.000000] BIOS-e820: [mem 0x00000000bffe0000-0x00000000bfffffff]  device reserved
[    0.000000] BIOS-e820: [gap 0x00000000c0000000-0x00000000feffbfff]
[    0.000000] BIOS-e820: [mem 0x00000000feffc000-0x00000000feffffff]  device reserved
[    0.000000] BIOS-e820: [gap 0x00000000ff000000-0x00000000fffbffff]
[    0.000000] BIOS-e820: [mem 0x00000000fffc0000-0x00000000ffffffff]  device reserved
[    0.000000] BIOS-e820: [mem 0x0000000100000000-0x000000013fffffff]  System RAM
[    0.000000] BIOS-e820: [gap 0x0000000140000000-0x000000fcffffffff]
[    0.000000] BIOS-e820: [mem 0x000000fd00000000-0x000000ffffffffff]  device reserved
[    0.000000] printk: legacy bootconsole [earlyser0] enabled
[    0.000000] NX (Execute Disable) protection: active
[    0.000000] APIC: Static calls initialized
[    0.000000] DMI: SMBIOS 3.0.0 present.
[    0.000000] DMI: QEMU Ubuntu 24.04 PC v2 (i440FX + PIIX, arch_caps fix, 1996), BIOS 1.16.3-debian-1.16.3-2 04/01/2014
[    0.000000] DMI: Memory slots populated: 1/1
[    0.000000] Hypervisor detected: KVM
[    0.000000] last_pfn = 0xbffe0 max_arch_pfn = 0x400000000
[    0.000000] kvm-clock: Using msrs 4b564d01 and 4b564d00
[    0.000002] kvm-clock: using sched offset of 505148715 cycles
[    0.001039] clocksource: kvm-clock: mask: 0xffffffffffffffff max_cycles: 0x1cd42e4dffb, max_idle_ns: 881590591483 ns
[    0.003982] tsc: Detected 3400.038 MHz processor
[    0.005342] e820: update [mem 0x00000000-0x00000fff] System RAM ==> device reserved
[    0.006799] e820: remove [mem 0x000a0000-0x000fffff] System RAM
[    0.007906] last_pfn = 0x140000 max_arch_pfn = 0x400000000
[    0.009010] MTRR map: 4 entries (3 fixed + 1 variable; max 19), built from 8 variable MTRRs
[    0.010584] x86/PAT: Configuration [0-7]: WB  WC  UC- UC  WB  WP  UC- WT  
Memory KASLR using RDRAND RDTSC...
[    0.012520] last_pfn = 0xbffe0 max_arch_pfn = 0x400000000
[    0.014837] found SMP MP-table at [mem 0x000f5450-0x000f545f]
[    0.015922] Using GB pages for direct mapping
[    0.016849] ACPI: Early table checksum verification disabled
[    0.017998] ACPI: RSDP 0x00000000000F5240 000014 (v00 BOCHS )
[    0.019117] ACPI: RSDT 0x00000000BFFE1F16 000034 (v01 BOCHS  BXPC     00000001 BXPC 00000001)
[    0.020712] ACPI: FACP 0x00000000BFFE1D92 000074 (v01 BOCHS  BXPC     00000001 BXPC 00000001)
[    0.022310] ACPI: DSDT 0x00000000BFFE0040 001D52 (v01 BOCHS  BXPC     00000001 BXPC 00000001)
[    0.023878] ACPI: FACS 0x00000000BFFE0000 000040
[    0.024716] ACPI: APIC 0x00000000BFFE1E06 0000B0 (v03 BOCHS  BXPC     00000001 BXPC 00000001)
[    0.026320] ACPI: HPET 0x00000000BFFE1EB6 000038 (v01 BOCHS  BXPC     00000001 BXPC 00000001)
[    0.027873] ACPI: WAET 0x00000000BFFE1EEE 000028 (v01 BOCHS  BXPC     00000001 BXPC 00000001)
[    0.029404] ACPI: Reserving FACP table memory at [mem 0xbffe1d92-0xbffe1e05]
[    0.030755] ACPI: Reserving DSDT table memory at [mem 0xbffe0040-0xbffe1d91]
[    0.032022] ACPI: Reserving FACS table memory at [mem 0xbffe0000-0xbffe003f]
[    0.033288] ACPI: Reserving APIC table memory at [mem 0xbffe1e06-0xbffe1eb5]
[    0.034590] ACPI: Reserving HPET table memory at [mem 0xbffe1eb6-0xbffe1eed]
[    0.035860] ACPI: Reserving WAET table memory at [mem 0xbffe1eee-0xbffe1f15]
[    0.037578] No NUMA configuration found
[    0.038302] Faking a node at [mem 0x0000000000000000-0x000000013fffffff]
[    0.039547] NODE_DATA(0) allocated [mem 0x13fff9c80-0x13fffdfff]
[    0.041464] ACPI: PM-Timer IO Port: 0x608
[    0.042213] ACPI: LAPIC_NMI (acpi_id[0xff] dfl dfl lint[0x1])
[    0.043325] IOAPIC[0]: apic_id 0, version 17, address 0xfec00000, GSI 0-23
[    0.044559] ACPI: INT_SRC_OVR (bus 0 bus_irq 0 global_irq 2 dfl dfl)
[    0.045712] ACPI: INT_SRC_OVR (bus 0 bus_irq 5 global_irq 5 high level)
[    0.046932] ACPI: INT_SRC_OVR (bus 0 bus_irq 9 global_irq 9 high level)
[    0.048140] ACPI: INT_SRC_OVR (bus 0 bus_irq 10 global_irq 10 high level)
[    0.049372] ACPI: INT_SRC_OVR (bus 0 bus_irq 11 global_irq 11 high level)
[    0.050630] ACPI: Using ACPI (MADT) for SMP configuration information
[    0.051836] ACPI: HPET id: 0x8086a201 base: 0xfed00000
[    0.052766] TSC deadline timer available
[    0.053487] CPU topo: Max. logical packages:   1
[    0.054401] CPU topo: Max. logical nodes:      1
[    0.055247] CPU topo: Num. nodes per package:  1
[    0.056110] CPU topo: Max. logical dies:       1
[    0.056938] CPU topo: Max. dies per package:   1
[    0.057784] CPU topo: Max. threads per core:   1
[    0.058645] CPU topo: Num. cores per package:     8
[    0.059554] CPU topo: Num. threads per package:   8
[    0.060457] CPU topo: Allowing 8 present CPUs plus 0 hotplug CPUs
[    0.061598] kvm-guest: APIC: eoi() replaced with kvm_guest_apic_eoi_write()
[    0.062909] kvm-guest: KVM setup pv remote TLB flush
[    0.063846] kvm-guest: setup PV sched yield
[    0.064633] PM: hibernation: Registered nosave memory: [mem 0x00000000-0x00000fff]
[    0.066022] PM: hibernation: Registered nosave memory: [mem 0x0009f000-0x000fffff]
[    0.067606] PM: hibernation: Registered nosave memory: [mem 0xbffe0000-0xffffffff]
[    0.069033] [gap 0xc0000000-0xfeffbfff] available for PCI devices
[    0.070219] Booting paravirtualized kernel on KVM
[    0.071155] clocksource: refined-jiffies: mask: 0xffffffff max_cycles: 0xffffffff, max_idle_ns: 1910969940391419 ns
[    0.077906] Zone ranges:
[    0.078394]   DMA      [mem 0x0000000000001000-0x0000000000ffffff]
[    0.079581]   DMA32    [mem 0x0000000001000000-0x00000000ffffffff]
[    0.080709]   Normal   [mem 0x0000000100000000-0x000000013fffffff]
[    0.081832] Movable zone start for each node
[    0.082718] Early memory node ranges
[    0.083423]   node   0: [mem 0x0000000000001000-0x000000000009efff]
[    0.084538]   node   0: [mem 0x0000000000100000-0x00000000bffdffff]
[    0.085742]   node   0: [mem 0x0000000100000000-0x000000013fffffff]
[    0.086940] Initmem setup node 0 [mem 0x0000000000001000-0x000000013fffffff]
[    0.088282] On node 0, zone DMA: 1 pages in unavailable ranges
[    0.089864] On node 0, zone DMA: 97 pages in unavailable ranges
[    0.210212] On node 0, zone Normal: 32 pages in unavailable ranges
[    0.211384] setup_percpu: NR_CPUS:128 nr_cpumask_bits:8 nr_cpu_ids:8 nr_node_ids:1
[    0.216943] percpu: Embedded 58 pages/cpu s199696 r8192 d29680 u262144
[    0.218128] pcpu-alloc: s199696 r8192 d29680 u262144 alloc=1*2097152
[    0.219257] pcpu-alloc: [0] 0 1 2 3 4 5 6 7 
[    0.220089] Kernel command line: virtme_hostname=virtme-ng nr_open=1048576 virtme_link_mods=/home/prozak/sources/heimdall_experiment/uml-harness/.build/bpf-next-x86/.virtme_mods/lib/modules/0.0.0 virtme_rw_overlay0=/tmp virtme_console=ttyS0 console=ttyS0 earlyprintk=serial,ttyS0,115200 panic=-1 virtme.exec=`Li90ZXN0X3Byb2dzIC10ICdhcmVuYV9hdG9taWNzJw==` virtme_chdir=home/prozak/sources/heimdall_experiment/uml-harness/.build/selftests-output-qemu rootfstype=9p rootflags=version=9p2000.L,trans=virtio,access=any,msize=524288 raid=noautodetect rw debug init=/home/prozak/.local/share/vng-venv/lib/python3.12/site-packages/virtme/guest/bin/virtme-ng-init
[    0.230567] Unknown kernel command line parameters "virtme_hostname=virtme-ng nr_open=1048576 virtme_link_mods=/home/prozak/sources/heimdall_experiment/uml-harness/.build/bpf-next-x86/.virtme_mods/lib/modules/0.0.0 virtme_rw_overlay0=/tmp virtme_console=ttyS0 virtme_chdir=home/prozak/sources/heimdall_experiment/uml-harness/.build/selftests-output-qemu", will be passed to user space.
[    0.236747] random: crng init done
[    0.237370] printk: log buffer data + meta data: 2097152 + 7340032 = 9437184 bytes
[    0.247160] Dentry cache hash table entries: 524288 (order: 10, 4194304 bytes, linear)
[    0.252797] Inode-cache hash table entries: 262144 (order: 9, 2097152 bytes, linear)
[    0.254453] software IO TLB: area num 8.
[    0.392632] Fallback order for Node 0: 0 
[    0.392639] Built 1 zonelists, mobility grouping on.  Total pages: 1048446
[    0.394663] Policy zone: Normal
[    0.395221] mem auto-init: stack:all(zero), heap alloc:off, heap free:off
[    0.402379] SLUB: HWalign=64, Order=0-3, MinObjects=0, CPUs=8, Nodes=1
Poking KASLR using RDRAND RDTSC...
[    0.418619] ftrace: allocating 69757 entries in 274 pages
[    0.419641] ftrace: allocated 274 pages with 3 groups
[    0.421082] Dynamic Preempt: full
[    0.422018] Running RCU self tests
[    0.422632] Running RCU synchronous self tests
[    0.423438] rcu: Preemptible hierarchical RCU implementation.
[    0.424520] rcu: 	RCU event tracing is enabled.
[    0.425325] rcu: 	RCU lockdep checking is enabled.
[    0.426194] rcu: 	RCU restricting CPUs from NR_CPUS=128 to nr_cpu_ids=8.
[    0.427387] 	Trampoline variant of Tasks RCU enabled.
[    0.428325] 	Rude variant of Tasks RCU enabled.
[    0.429164] 	Tracing variant of Tasks RCU enabled.
[    0.430073] rcu: RCU calculated value of scheduler-enlistment delay is 100 jiffies.
[    0.431435] rcu: Adjusting geometry for rcu_fanout_leaf=16, nr_cpu_ids=8
[    0.432727] Running RCU synchronous self tests
[    0.433524] RCU Tasks: Setting shift to 3 and lim to 1 rcu_task_cb_adjust=1 rcu_task_cpu_ids=8.
[    0.435091] RCU Tasks Rude: Setting shift to 3 and lim to 1 rcu_task_cb_adjust=1 rcu_task_cpu_ids=8.
[    0.442891] NR_IRQS: 8448, nr_irqs: 488, preallocated irqs: 16
[    0.444299] rcu: srcu_init: Setting srcu_struct sizes based on contention.
[    0.445621] clocksource: jiffies: mask: 0xffffffff max_cycles: 0xffffffff, max_idle_ns: 1911260446275000 ns
[    0.447798] Console: colour *CGA 80x25
[    0.448619] printk: legacy console [ttyS0] enabled
[    0.448619] printk: legacy console [ttyS0] enabled
[    0.450721] printk: legacy bootconsole [earlyser0] disabled
[    0.450721] printk: legacy bootconsole [earlyser0] disabled
[    0.452811] Lock dependency validator: Copyright (c) 2006 Red Hat, Inc., Ingo Molnar
[    0.454243] ... MAX_LOCKDEP_SUBCLASSES:  8
[    0.454997] ... MAX_LOCK_DEPTH:          48
[    0.455766] ... MAX_LOCKDEP_KEYS:        8192
[    0.456602] ... CLASSHASH_SIZE:          4096
[    0.457417] ... MAX_LOCKDEP_ENTRIES:     32768
[    0.458252] ... MAX_LOCKDEP_CHAINS:      65536
[    0.459076] ... CHAINHASH_SIZE:          32768
[    0.459890]  memory used by lock dependency info: 6429 kB
[    0.460938]  memory used for stack traces: 4224 kB
[    0.461835]  per task-struct memory footprint: 1920 bytes
[    0.462924] ACPI: Core revision 20260408
[    0.463867] clocksource: hpet: mask: 0xffffffff max_cycles: 0xffffffff, max_idle_ns: 19112604467 ns
[    0.465783] APIC: Switch to symmetric I/O mode setup
[    0.467254] x2apic enabled
[    0.468350] APIC: Switched APIC routing to: physical x2apic
[    0.469458] kvm-guest: APIC: send_IPI_mask() replaced with kvm_send_ipi_mask()
[    0.470901] kvm-guest: APIC: send_IPI_mask_allbutself() replaced with kvm_send_ipi_mask_allbutself()
[    0.472622] kvm-guest: setup PV IPIs
[    0.475491] ..TIMER: vector=0x30 apic1=0 pin1=2 apic2=-1 pin2=-1
[    0.476670] clocksource: tsc-early: mask: 0xffffffffffffffff max_cycles: 0x31027285e94, max_idle_ns: 440795238296 ns
[    0.478726] Calibrating delay loop (skipped) preset value.. 6800.07 BogoMIPS (lpj=3400038)
[    0.480290] x86/cpu: User Mode Instruction Prevention (UMIP) activated
[    0.482054] Last level iTLB entries: 4KB 512, 2MB 255, 4MB 127
[    0.482722] Last level dTLB entries: 4KB 512, 2MB 255, 4MB 127, 1GB 0
[    0.483731] mitigations: Enabled attack vectors: user_kernel, user_user, SMT mitigations: auto
[    0.484723] Speculative Store Bypass: Mitigation: Speculative Store Bypass disabled via prctl
[    0.485723] Speculative Return Stack Overflow: IBPB-extending microcode not applied!
[    0.486722] Speculative Return Stack Overflow: WARNING: See https://kernel.org/doc/html/latest/admin-guide/hw-vuln/srso.html for mitigation options.
[    0.486724] Transient Scheduler Attacks: Vulnerable: No microcode
[    0.488722] Spectre V2 : Mitigation: Retpolines
[    0.489722] Speculative Return Stack Overflow: Vulnerable: Safe RET, no microcode
[    0.490722] Spectre V1 : Mitigation: usercopy/swapgs barriers and __user pointer sanitization
[    0.491722] Spectre V2 : Spectre v2 / SpectreRSB: Filling RSB on context switch and VMEXIT
[    0.492722] Spectre V2 : Enabling Restricted Speculation for firmware calls
[    0.493725] Spectre V2 : mitigation: Enabling conditional Indirect Branch Prediction Barrier
[    0.494723] active return thunk: srso_alias_return_thunk
[    0.496774] x86/fpu: Supporting XSAVE feature 0x001: 'x87 floating point registers'
[    0.497722] x86/fpu: Supporting XSAVE feature 0x002: 'SSE registers'
[    0.498722] x86/fpu: Supporting XSAVE feature 0x004: 'AVX registers'
[    0.499723] x86/fpu: xstate_offset[2]:  576, xstate_sizes[2]:  256
[    0.500722] x86/fpu: Enabled xstate features 0x7, context size is 832 bytes, using 'compacted' format.
[    0.537287] pid_max: default: 32768 minimum: 301
[    0.538000] SELinux:  Initializing.
[    0.540625] LSM support for eBPF active
[    0.541879] Mount-cache hash table entries: 8192 (order: 4, 65536 bytes, linear)
[    0.542881] Mountpoint-cache hash table entries: 8192 (order: 4, 65536 bytes, linear)
[    0.545609] VFS: Finished mounting rootfs on nullfs
[    0.548236] Running RCU synchronous self tests
[    0.548725] Running RCU synchronous self tests
[    0.550829] smpboot: CPU0: AMD Ryzen 9 5950X 16-Core Processor (family: 0x19, model: 0x21, stepping: 0x2)
[    0.553286] Performance Events: Fam17h+ core perfctr, AMD PMU driver.
[    0.553741] ... version:                   0
[    0.554707] ... bit width:                 48
[    0.554738] ... generic counters:          6
[    0.555663] ... generic bitmap:            000000000000003f
[    0.555728] ... fixed-purpose counters:    0
[    0.556674] ... fixed-purpose bitmap:      0000000000000000
[    0.556730] ... value mask:                0000ffffffffffff
[    0.557729] ... max period:                00007fffffffffff
[    0.558730] ... global_ctrl mask:          000000000000003f
[    0.560048] signal: max sigframe size: 1776
[    0.560939] rcu: Hierarchical SRCU implementation.
[    0.561743] rcu: 	Max phase no-delay instances is 400.
[    0.563075] Timer migration: 1 hierarchy levels; 8 children per group; 1 crossnode level
[    0.576612] smp: Bringing up secondary CPUs ...
[    0.580981] smpboot: x86: Booting SMP configuration:
[    0.581730] .... node  #0, CPUs:      #1 #2 #3 #4 #5 #6 #7
[    0.612104] smp: Brought up 1 node, 8 CPUs
[    0.613692] smpboot: Total of 8 processors activated (54400.60 BogoMIPS)
[    0.615074] Memory: 3963788K/4193784K available (25637K kernel code, 10348K rwdata, 18032K rodata, 4668K init, 13400K bss, 221940K reserved, 0K cma-reserved)
[    0.618069] devtmpfs: initialized
[    0.622096] Running RCU synchronous self tests
[    0.622751] Running RCU synchronous self tests
[    0.623882] Running RCU Tasks wait API self tests
[    0.624783] Running RCU Tasks Rude wait API self tests
[    0.625732] Running RCU Tasks Trace wait API self tests
[    0.627045] posixtimers hash table entries: 4096 (order: 7, 294912 bytes, linear)
[    0.629208] futex hash table entries: 2048 (262144 bytes on 1 NUMA nodes, total 256 KiB, linear).
[    0.630767] PM: RTC time: 16:33:08, date: 2026-08-02
[    0.633765] Callback from call_rcu_tasks_trace() invoked.
[    0.639179] NET: Registered PF_NETLINK/PF_ROUTE protocol family
[    0.640795] audit: initializing netlink subsys (disabled)
[    0.641888] audit: type=2000 audit(1785688388.611:1): state=initialized audit_enabled=0 res=1
[    0.667678] thermal_sys: Registered thermal governor 'step_wise'
[    0.667791] cpuidle: using governor ladder
[    0.669643] cpuidle: using governor menu
[    0.670993] Freeing SMP alternatives memory: 68K
[    0.672682] PCI: Using configuration type 1 for base access
[    0.672730] PCI: Using configuration type 1 for extended access
[    0.673943] kprobes: kprobe jump-optimization is enabled. All kprobes are optimized if possible.
[    0.675961] HugeTLB: registered 1.00 GiB page size, pre-allocated 0 pages
[    0.677730] HugeTLB: 16380 KiB vmemmap can be freed for a 1.00 GiB page
[    0.678731] HugeTLB: registered 2.00 MiB page size, pre-allocated 0 pages
[    0.679729] HugeTLB: 28 KiB vmemmap can be freed for a 2.00 MiB page
[    0.686887] ACPI: Added _OSI(Module Device)
[    0.687730] ACPI: Added _OSI(Processor Device)
[    0.688731] ACPI: Added _OSI(Processor Aggregator Device)
[    0.693196] ACPI: 1 ACPI AML tables successfully acquired and loaded
[    0.697890] ACPI: \_SB_: platform _OSC: OS support mask [002a7eee]
[    0.699474] ACPI: Interpreter enabled
[    0.699797] ACPI: PM: (supports S0 S3 S4 S5)
[    0.700742] ACPI: Using IOAPIC for interrupt routing
[    0.701780] PCI: Using host bridge windows from ACPI; if necessary, use "pci=nocrs" and report a bug
[    0.702730] PCI: Using E820 reservations for host bridge windows
[    0.704106] ACPI: Enabled 2 GPEs in block 00 to 0F
[    0.720478] ACPI: PCI Root Bridge [PCI0] (domain 0000 [bus 00-ff])
[    0.720736] acpi PNP0A03:00: _OSC: OS supports [ExtendedConfig ASPM ClockPM Segments MSI HPX-Type3]
[    0.721740] acpi PNP0A03:00: _OSC: OS requested [PME PCIeCapability LTR]
[    0.722731] acpi PNP0A03:00: _OSC: platform willing to grant [PME PCIeCapability LTR]
[    0.723731] acpi PNP0A03:00: _OSC: platform retains control of PCIe features (AE_ERROR)
[    0.725514] PCI host bridge to bus 0000:00
[    0.725740] pci_bus 0000:00: root bus resource [io  0x0000-0x0cf7 window]
[    0.726730] pci_bus 0000:00: root bus resource [io  0x0d00-0xffff window]
[    0.727746] pci_bus 0000:00: root bus resource [mem 0x000a0000-0x000bffff window]
[    0.728731] pci_bus 0000:00: root bus resource [mem 0xc0000000-0xfebfffff window]
[    0.729730] pci_bus 0000:00: root bus resource [mem 0x380000000000-0x38007fffffff window]
[    0.730732] pci_bus 0000:00: root bus resource [bus 00-ff]
[    0.732165] pci 0000:00:00.0: [8086:1237] type 00 class 0x060000 conventional PCI endpoint
[    0.734418] pci 0000:00:01.0: [8086:7000] type 00 class 0x060100 conventional PCI endpoint
[    0.736127] pci 0000:00:01.1: [8086:7010] type 00 class 0x010180 conventional PCI endpoint
[    0.737807] pci 0000:00:01.1: BAR 4 [io  0xc1c0-0xc1cf]
[    0.738805] pci 0000:00:01.1: BAR 0 [io  0x01f0-0x01f7]: legacy IDE quirk
[    0.739730] pci 0000:00:01.1: BAR 1 [io  0x03f6]: legacy IDE quirk
[    0.740730] pci 0000:00:01.1: BAR 2 [io  0x0170-0x0177]: legacy IDE quirk
[    0.741730] pci 0000:00:01.1: BAR 3 [io  0x0376]: legacy IDE quirk
[    0.743519] pci 0000:00:01.3: [8086:7113] type 00 class 0x068000 conventional PCI endpoint
[    0.744438] pci 0000:00:01.3: quirk: [io  0x0600-0x063f] claimed by PIIX4 ACPI
[    0.744748] pci 0000:00:01.3: quirk: [io  0x0700-0x070f] claimed by PIIX4 SMB
[    0.746745] pci 0000:00:02.0: [1af4:1009] type 00 class 0x000200 conventional PCI endpoint
[    0.749747] pci 0000:00:02.0: BAR 0 [io  0xc000-0xc03f]
[    0.750747] pci 0000:00:02.0: BAR 1 [mem 0xfebf8000-0xfebf8fff]
[    0.751806] pci 0000:00:02.0: BAR 4 [mem 0x380000000000-0x380000003fff 64bit pref]
[    0.755854] pci 0000:00:03.0: [8086:25ab] type 00 class 0x088000 conventional PCI endpoint
[    0.757748] pci 0000:00:03.0: BAR 0 [mem 0xfebf9000-0xfebf900f]
[    0.761351] pci 0000:00:04.0: [1af4:1003] type 00 class 0x078000 conventional PCI endpoint
[    0.763239] pci 0000:00:04.0: BAR 0 [io  0xc040-0xc07f]
[    0.763748] pci 0000:00:04.0: BAR 1 [mem 0xfebfa000-0xfebfafff]
[    0.764790] pci 0000:00:04.0: BAR 4 [mem 0x380000004000-0x380000007fff 64bit pref]
[    0.768999] pci 0000:00:05.0: [1af4:1003] type 00 class 0x078000 conventional PCI endpoint
[    0.770748] pci 0000:00:05.0: BAR 0 [io  0xc080-0xc0bf]
[    0.771747] pci 0000:00:05.0: BAR 1 [mem 0xfebfb000-0xfebfbfff]
[    0.772791] pci 0000:00:05.0: BAR 4 [mem 0x380000008000-0x38000000bfff 64bit pref]
[    0.777015] pci 0000:00:06.0: [1af4:1003] type 00 class 0x078000 conventional PCI endpoint
[    0.778728] pci 0000:00:06.0: BAR 0 [io  0xc0c0-0xc0ff]
[    0.779746] pci 0000:00:06.0: BAR 1 [mem 0xfebfc000-0xfebfcfff]
[    0.780808] pci 0000:00:06.0: BAR 4 [mem 0x38000000c000-0x38000000ffff 64bit pref]
[    0.785077] pci 0000:00:07.0: [1af4:1003] type 00 class 0x078000 conventional PCI endpoint
[    0.786748] pci 0000:00:07.0: BAR 0 [io  0xc100-0xc13f]
[    0.787747] pci 0000:00:07.0: BAR 1 [mem 0xfebfd000-0xfebfdfff]
[    0.788790] pci 0000:00:07.0: BAR 4 [mem 0x380000010000-0x380000013fff 64bit pref]
[    0.792982] pci 0000:00:08.0: [1af4:1003] type 00 class 0x078000 conventional PCI endpoint
[    0.794719] pci 0000:00:08.0: BAR 0 [io  0xc140-0xc17f]
[    0.794746] pci 0000:00:08.0: BAR 1 [mem 0xfebfe000-0xfebfefff]
[    0.795792] pci 0000:00:08.0: BAR 4 [mem 0x380000014000-0x380000017fff 64bit pref]
[    0.799982] pci 0000:00:09.0: [1af4:1003] type 00 class 0x078000 conventional PCI endpoint
[    0.801716] pci 0000:00:09.0: BAR 0 [io  0xc180-0xc1bf]
[    0.801746] pci 0000:00:09.0: BAR 1 [mem 0xfebff000-0xfebfffff]
[    0.802791] pci 0000:00:09.0: BAR 4 [mem 0x380000018000-0x38000001bfff 64bit pref]
[    0.812127] ACPI: PCI: Interrupt link LNKA configured for IRQ 10
[    0.812992] ACPI: PCI: Interrupt link LNKB configured for IRQ 10
[    0.813985] ACPI: PCI: Interrupt link LNKC configured for IRQ 11
[    0.815019] ACPI: PCI: Interrupt link LNKD configured for IRQ 11
[    0.815893] ACPI: PCI: Interrupt link LNKS configured for IRQ 9
[    0.818860] iommu: Default domain type: Translated
[    0.819733] iommu: DMA domain TLB invalidation policy: lazy mode
[    0.822229] SCSI subsystem initialized
[    0.822819] libata version 3.00 loaded.
[    0.823988] ACPI: bus type USB registered
[    0.824843] usbcore: registered new interface driver usbfs
[    0.825808] usbcore: registered new interface driver hub
[    0.826784] usbcore: registered new device driver usb
[    0.827880] pps_core: LinuxPPS API ver. 1 registered
[    0.828729] pps_core: Software ver. 5.3.6 - Copyright 2005-2007 Rodolfo Giometti <giometti@linux.it>
[    0.829743] PTP clock support registered
[    0.831009] Callback from call_rcu_tasks() invoked.
[    0.831229] Advanced Linux Sound Architecture Driver Initialized.
[    0.833975] NetLabel: Initializing
[    0.834729] NetLabel:  domain hash size = 128
[    0.835693] NetLabel:  protocols = UNLABELED CIPSOv4 CALIPSO
[    0.835779] NetLabel:  unlabeled traffic allowed by default
[    0.837145] PCI: Using ACPI for IRQ routing
[    0.837731] PCI: pci_cache_line_size set to 64 bytes
[    0.839095] e820: register RAM buffer resource [mem 0x0009fc00-0x0009ffff]
[    0.839731] e820: register RAM buffer resource [mem 0xbffe0000-0xbfffffff]
[    0.840866] vgaarb: loaded
[    0.841497] hpet0: at MMIO 0xfed00000, IRQs 2, 8, 0
[    0.841731] hpet0: 3 comparators, 64-bit 100.000000 MHz counter
[    0.847293] clocksource: Switched to clocksource kvm-clock
[    0.849467] VFS: Disk quotas dquot_6.6.0
[    0.850496] VFS: Dquot-cache hash table entries: 512 (4096 bytes)
[    0.853321] pnp: PnP ACPI init
[    0.854559] pnp 00:02: [dma 2]
[    0.856190] pnp: PnP ACPI: found 4 devices
[    0.874409] clocksource: acpi_pm: mask: 0xffffff max_cycles: 0xffffff, max_idle_ns: 2085701024 ns
[    0.876549] NET: Registered PF_INET protocol family
[    0.879091] IP idents hash table entries: 65536 (order: 7, 524288 bytes, linear)
[    0.883380] tcp_listen_portaddr_hash hash table entries: 2048 (order: 6, 147456 bytes, linear)
[    0.885690] Table-perturb hash table entries: 65536 (order: 6, 262144 bytes, linear)
[    0.887411] TCP established hash table entries: 32768 (order: 6, 262144 bytes, linear)
[    0.889780] TCP bind hash table entries: 32768 (order: 11, 4718592 bytes, vmalloc hugepage)
[    0.903111] TCP: Hash tables configured (established 32768 bind 32768)
[    0.906484] MPTCP token hash table entries: 4096 (order: 7, 360448 bytes, linear)
[    0.908248] UDP hash table entries: 2048 (order: 7, 524288 bytes, linear)
[    0.911040] NET: Registered PF_UNIX/PF_LOCAL protocol family
[    0.913564] RPC: Registered named UNIX socket transport module.
[    0.915039] RPC: Registered udp transport module.
[    0.916159] RPC: Registered tcp transport module.
[    0.917176] RPC: Registered tcp-with-tls transport module.
[    0.918406] RPC: Registered tcp NFSv4.1 backchannel transport module.
[    0.920680] NET: Registered PF_XDP protocol family
[    0.921999] pci_bus 0000:00: resource 4 [io  0x0000-0x0cf7 window]
[    0.923620] pci_bus 0000:00: resource 5 [io  0x0d00-0xffff window]
[    0.924984] pci_bus 0000:00: resource 6 [mem 0x000a0000-0x000bffff window]
[    0.926486] pci_bus 0000:00: resource 7 [mem 0xc0000000-0xfebfffff window]
[    0.927949] pci_bus 0000:00: resource 8 [mem 0x380000000000-0x38007fffffff window]
[    0.929737] pci 0000:00:01.0: PIIX3: Enabling Passive Release
[    0.931034] pci 0000:00:00.0: Limiting direct PCI/PCI transfers
[    0.932566] PCI: CLS 0 bytes, default 64
[    0.933596] PCI-DMA: Using software bounce buffering for IO (SWIOTLB)
[    0.935182] software IO TLB: mapped [mem 0x00000000bbfe0000-0x00000000bffe0000] (64MB)
[    0.937949] clocksource: tsc: mask: 0xffffffffffffffff max_cycles: 0x31027285e94, max_idle_ns: 440795238296 ns
[    0.948596] Initialise system trusted keyrings
[    0.949963] workingset: timestamp_bits=40 (anon: 35) max_order=20 bucket_order=0 (anon: 0)
[    0.952914] squashfs: version 4.0 (2009/01/31) Phillip Lougher
[    0.954899] NFS: Registering the id_resolver key type
[    0.956184] Key type id_resolver registered
[    0.957167] Key type id_legacy registered
[    0.958006] nfs4filelayout_init: NFSv4 File Layout Driver Registering...
[    0.959565] nfs4flexfilelayout_init: NFSv4 Flexfile Layout Driver Registering...
[    0.961387] fuse: init (API version 7.45)
[    0.962676] 9p: Installing v9fs 9p2000 file system support
[    0.965639] NET: Registered PF_ALG protocol family
[    0.966757] Key type asymmetric registered
[    0.967657] Asymmetric key parser 'x509' registered
[    0.968837] Block layer SCSI generic (bsg) driver version 0.4 loaded (major 248)
[    0.970979] io scheduler mq-deadline registered
[    0.972218] io scheduler kyber registered
[    0.974913] input: Power Button as /devices/platform/LNXPWRBN:00/input/input0
[    0.976735] ACPI: button: Power Button [PWRF]
[    1.107729] ACPI: \_SB_.LNKB: Enabled at IRQ 10
[    1.237233] ACPI: \_SB_.LNKD: Enabled at IRQ 11
[    1.364854] ACPI: \_SB_.LNKA: Enabled at IRQ 10
[    1.486949] kwatchdog (97) used greatest stack depth: 14776 bytes left
[    1.622622] ACPI: \_SB_.LNKC: Enabled at IRQ 11
[    1.880791] Serial: 8250/16550 driver, 4 ports, IRQ sharing enabled
[    1.883425] 00:03: ttyS0 at I/O 0x3f8 (irq = 4, base_baud = 115200) is a 16550A
[    2.065769] Non-volatile memory driver v1.3
[    2.067537] ACPI: bus type drm_connector registered
[    2.089362] brd: module loaded
[    2.103525] loop: module loaded
[    2.108875] scsi host0: ata_piix
[    2.110882] scsi host1: ata_piix
[    2.111897] ata1: PATA max MWDMA2 cmd 0x1f0 ctl 0x3f6 bmdma 0xc1c0 irq 14 lpm-pol 0
[    2.113580] ata2: PATA max MWDMA2 cmd 0x170 ctl 0x376 bmdma 0xc1c8 irq 15 lpm-pol 0
[    2.119371] tun: Universal TUN/TAP device driver, 1.6
[    2.120957] e100: Intel(R) PRO/100 Network Driver
[    2.122028] e100: Copyright(c) 1999-2006 Intel Corporation
[    2.123353] e1000: Intel(R) PRO/1000 Network Driver
[    2.124451] e1000: Copyright (c) 1999-2006 Intel Corporation.
[    2.125803] e1000e: Intel(R) PRO/1000 Network Driver
[    2.126915] e1000e: Copyright(c) 1999 - 2015 Intel Corporation.
[    2.128281] sky2: driver version 1.30
[    2.130269] usbcore: registered new interface driver usblp
[    2.131556] usbcore: registered new interface driver usb-storage
[    2.133003] i8042: PNP: PS/2 Controller [PNP0303:KBD,PNP0f13:MOU] at 0x60,0x64 irq 1,12
[    2.136215] serio: i8042 KBD port at 0x60,0x64 irq 1
[    2.137739] serio: i8042 AUX port at 0x60,0x64 irq 12
[    2.139960] rtc_cmos PNP0B00:00: RTC can wake from S4
[    2.143756] input: AT Translated Set 2 keyboard as /devices/platform/i8042/serio0/input/input1
[    2.144502] rtc_cmos PNP0B00:00: registered as rtc0
[    2.147562] rtc_cmos PNP0B00:00: alarms up to one day, y3k, 242 bytes nvram, hpet irqs
[    2.149877] Registered IR keymap rc-empty
[    2.151172] rc rc0: rc-core loopback device as /devices/virtual/rc/rc0
[    2.153788] rc rc0: lirc_dev: driver rc-loopback registered at minor = 0, raw IR receiver, raw IR transmitter
[    2.158247] input: rc-core loopback device as /devices/virtual/rc/rc0/input2
[    2.160662] intel_powerclamp: CPU does not support MWAIT
[    2.161847] device-mapper: core: CONFIG_IMA_DISABLE_HTABLE is disabled. Duplicate IMA measurements will not be recorded in the IMA log.
[    2.164949] device-mapper: ioctl: 4.50.0-ioctl (2025-04-28) initialised: dm-devel@lists.linux.dev
[    2.166903] amd_pstate: the _CPC object is not present in SBIOS or ACPI disabled
[    2.169263] hid: raw HID events driver (C) Jiri Kosina
[    2.172064] usbcore: registered new interface driver usbhid
[    2.173286] usbhid: USB HID core driver
[    2.175750] GACT probability NOT on
[    2.176608] Mirror/redirect action on
[    2.178994] nf_conntrack_irc: The irc conntrack helper is scheduled for removal.
[    2.178994] Please contact the netfilter-devel mailing list if you still need this.
[    2.183894] ipip: IPv4 and MPLS over IPv4 tunneling driver
[    2.185901] gre: GRE over IPv4 demultiplexer driver
[    2.186979] ip_gre: GRE over IPv4 tunneling driver
[    2.190737] Initializing XFRM netlink socket
[    2.191966] IPsec XFRM device driver
[    2.193020] NET: Registered PF_INET6 protocol family
[    2.196642] Segment Routing with IPv6
[    2.197694] In-situ OAM (IOAM) with IPv6
[    2.198659] mip6: Mobile IPv6
[    2.199381] sit: IPv6, IPv4 and MPLS over IPv4 tunneling driver
[    2.202326] ip6_gre: GRE over IPv6 tunneling driver
[    2.204353] NET: Registered PF_PACKET protocol family
[    2.205597] RPC: Registered rdma transport module.
[    2.206648] RPC: Registered rdma backchannel transport module.
[    2.208358] 8021q: 802.1Q VLAN Support v1.8
[    2.209992] smc: adding smcd device lo without pnetid
[    2.211276] NET: Registered PF_SMC protocol family
[    2.212868] 9pnet: Installing 9P2000 support
[    2.215515] Key type dns_resolver registered
[    2.216746] NET: Registered PF_VSOCK protocol family
[    2.217954] mpls_gso: MPLS GSO support
[    2.222313] IPI shorthand broadcast: enabled
[    2.267283] sched_clock: Marking stable (2242031449, 25099500)->(2367668923, -100537974)
[    2.270695] ata2: found unknown device (class 0)
[    2.270782] registered taskstats version 1
[    2.273295] ata2.00: ATAPI: QEMU DVD-ROM, 2.5+, max UDMA/100
[    2.278079] scsi 1:0:0:0: CD-ROM            QEMU     QEMU DVD-ROM     2.5+ PQ: 0 ANSI: 5
[    2.289759] Loading compiled-in X.509 certificates
[    2.291519] kworker/u32:1 (119) used greatest stack depth: 14152 bytes left
[    2.293465] Loaded X.509 cert 'Build time autogenerated kernel key: c4531344b9a9c1a4731230d977a262ba29ba5272'
[    2.305059] sr 1:0:0:0: [sr0] scsi3-mmc drive: 4x/4x cd/rw xa/form2 tray
[    2.332891] cdrom: Uniform CD-ROM driver Revision: 3.20
[    2.334392] Demotion targets for Node 0: null
[    2.336305] ima: No TPM chip found, activating TPM-bypass!
[    2.337569] ima: Allocated hash algorithm: sha1
[    2.338807] ima: No architecture policies found
[    2.341004] PM:   Magic number: 6:887:589
[    2.342356] netconsole: network logging started
[    2.344283] cfg80211: Loading compiled-in X.509 certificates for regulatory database
[    2.344718] sr 1:0:0:0: Attached scsi CD-ROM sr0
[    2.346698] kworker/u32:1 (124) used greatest stack depth: 13008 bytes left
[    2.347429] Loaded X.509 cert 'sforshee: 00b28ddf47aef9cea7'
[    2.348555] sr 1:0:0:0: Attached scsi generic sg0 type 5
[    2.351669] Loaded X.509 cert 'wens: 61c038651aabdcf94bd0ac7ff06c7248db18c600'
[    2.353415] ALSA device list:
[    2.354555] faux_driver regulatory: Direct firmware load for regulatory.db failed with error -2
[    2.355198]   No soundcards found.
[    2.356481] cfg80211: failed to load regulatory.db
[    2.569965] input: ImExPS/2 Generic Explorer Mouse as /devices/platform/i8042/serio1/input/input4
[    2.571991] md: Skipping autodetection of RAID arrays. (raid=autodetect will force)
[    2.573451] 9p: Bad value for 'source'
[    2.574094] 9pnet: Limiting 'msize' to 512000 as this is the maximum supported by transport virtio
[    2.577582] VFS: Mounted root (9p filesystem) on device 0:22.
[    2.579435] devtmpfs: mounted
[    2.580095] VFS: Pivoted into new rootfs
[    2.585268] Freeing unused kernel image (initmem) memory: 4668K
[    2.586109] Write protecting the kernel read-only data: 45056k
[    2.588086] Freeing unused kernel image (text/rodata gap) memory: 984K
[    2.589521] Freeing unused kernel image (rodata/data gap) memory: 400K
[    2.627821] x86/mm: Checked W+X mappings: passed, no W+X pages found.
[    2.628750] Run /home/prozak/.local/share/vng-venv/lib/python3.12/site-packages/virtme/guest/bin/virtme-ng-init as init process
[    2.630335]   with arguments:
[    2.630779]     /home/prozak/.local/share/vng-venv/lib/python3.12/site-packages/virtme/guest/bin/virtme-ng-init
[    2.632193]   with environment:
[    2.632643]     HOME=/
[    2.633007]     TERM=linux
[    2.633421]     virtme_hostname=virtme-ng
[    2.633976]     nr_open=1048576
[    2.634447]     virtme_link_mods=/home/prozak/sources/heimdall_experiment/uml-harness/.build/bpf-next-x86/.virtme_mods/lib/modules/0.0.0
[    2.636146]     virtme_rw_overlay0=/tmp
[    2.636680]     virtme_console=ttyS0
[    2.637229]     virtme_chdir=home/prozak/sources/heimdall_experiment/uml-harness/.build/selftests-output-qemu
[    2.725595] virtme-ng-init: mount devtmpfs -> /dev: EBUSY: Device or resource busy
[    2.727372] virtme-ng-init: Setting hostname to virtme-ng...
[    2.766175] virtme-ng-init: running systemd-tmpfiles
[    4.117342] systemd-tmpfile (127) used greatest stack depth: 12504 bytes left
[    4.117480] virtme-ng-init: basic initialization done
[    4.135217] virtme-ng-init: error creating file: Permission denied (os error 13)
[    4.239536] ip (131) used greatest stack depth: 11848 bytes left
[    4.361117] virtme-ng-init: Starting systemd-udevd version 255.4-1ubuntu8.16
[    4.363004] virtme-ng-init: triggering udev coldplug
[    7.450027] virtme-ng-init: waiting for udev to settle
[    8.233840] virtme-ng-init: udev is done
[    8.238633] virtme-ng-init: starting script
[    8.456796] bpf_testmod: loading out-of-tree module taints kernel.
[    8.457776] bpf_testmod: module verification failed: signature and/or required key missing - tainting kernel
[    8.589500] smc: removing smcd device lo
[    8.658731] ACPI: PM: Preparing to enter system sleep state S5
[    8.660125] reboot: Power down
