#4/1     arena_list/arena_list_1:OK
#4/2     arena_list/arena_list_1000:OK
#4/3     arena_list/arena_list_1_nonsleepable:OK
#4/4     arena_list/arena_list_1000_nonsleepable:OK
#4       arena_list:OK
Summary: 1/4 PASSED, 0 SKIPPED, 0 FAILED
000004f8d000
needed_size: 0x0000000005000000
trampoline_32bit: 0x0000000000000000
Physical KASLR using RDRAND RDTSC...
Virtual KASLR using RDRAND RDTSC...

Decompressing Linux... Parsing ELF... Performing relocations... done.
Booting the kernel (entry_offset: 0x0000000003db5740).
[    0.000000] Linux version 7.2.0-rc1-g5e2f4aad04e2 (prozak@powertower) (gcc (Ubuntu 13.3.0-6ubuntu2~24.04.1) 13.3.0, GNU ld (GNU Binutils for Ubuntu) 2.42) #3 SMP PREEMPT_DYNAMIC Sun Aug  2 09:03:43 PDT 2026
[    0.000000] Command line: virtme_hostname=virtme-ng nr_open=1048576 virtme_link_mods=/home/prozak/sources/heimdall_experiment/uml-harness/.build/bpf-next-x86/.virtme_mods/lib/modules/0.0.0 virtme_rw_overlay0=/tmp virtme_console=ttyS0 console=ttyS0 earlyprintk=serial,ttyS0,115200 panic=-1 virtme.exec=`Li90ZXN0X3Byb2dzIC10ICdhcmVuYV9saXN0Jw==` virtme_chdir=home/prozak/sources/heimdall_experiment/uml-harness/.build/selftests-output-qemu rootfstype=9p rootflags=version=9p2000.L,trans=virtio,access=any,msize=524288 raid=noautodetect rw debug init=/home/prozak/.local/share/vng-venv/lib/python3.12/site-packages/virtme/guest/bin/virtme-ng-init
[    0.000000] x86 CPU feature dependency check failure: CPU0 has '18*32+31' enabled but '18*32+26' disabled. Kernel might be fine, but no guarantees.
[    0.000000] BIOS-provided physical RAM map:
[    0.000000] BIOS-e820: [mem 0x0000000000000000-0x000000000009fbff]  System RAM
[    0.000000] BIOS-e820: [mem 0x000000000009fc00-0x000000000009ffff]  device reserved
[    0.000000] BIOS-e820: [gap 0x00000000000a0000-0x00000000000effff]
[    0.000000] BIOS-e820: [mem 0x00000000000f0000-0x00000000000fffff]  device reserved
[    0.000000] BIOS-e820: [mem 0x0000000000100000-0x00000000bffdffff]  System RAM
[    0.000000] BIOS-e820: [mem 0x00000000bffe0000-0x00000000bfffffff]  device reserved
[    0.000000] BIOS-e820: [gap 0x00000000c0000000-0x00000000feffbfff]
[    0.000000] BIOS-e820: [mem 0x00000000feffc000-0x00000000feffffff]  device reserved
[    0.000000] BIOS-e820: [gap 0x00000000ff000000-0x00000000fffbffff]
[    0.000000] BIOS-e820: [mem 0x00000000fffc0000-0x00000000ffffffff]  device reserved
[    0.000000] BIOS-e820: [mem 0x0000000100000000-0x000000013fffffff]  System RAM
[    0.000000] BIOS-e820: [gap 0x0000000140000000-0x000000fcffffffff]
[    0.000000] BIOS-e820: [mem 0x000000fd00000000-0x000000ffffffffff]  device reserved
[    0.000000] printk: legacy bootconsole [earlyser0] enabled
[    0.000000] NX (Execute Disable) protection: active
[    0.000000] APIC: Static calls initialized
[    0.000000] DMI: SMBIOS 3.0.0 present.
[    0.000000] DMI: QEMU Ubuntu 24.04 PC v2 (i440FX + PIIX, arch_caps fix, 1996), BIOS 1.16.3-debian-1.16.3-2 04/01/2014
[    0.000000] DMI: Memory slots populated: 1/1
[    0.000000] Hypervisor detected: KVM
[    0.000000] last_pfn = 0xbffe0 max_arch_pfn = 0x400000000
[    0.000000] kvm-clock: Using msrs 4b564d01 and 4b564d00
[    0.000001] kvm-clock: using sched offset of 483575703 cycles
[    0.000943] clocksource: kvm-clock: mask: 0xffffffffffffffff max_cycles: 0x1cd42e4dffb, max_idle_ns: 881590591483 ns
[    0.003913] tsc: Detected 3400.038 MHz processor
[    0.005103] e820: update [mem 0x00000000-0x00000fff] System RAM ==> device reserved
[    0.006497] e820: remove [mem 0x000a0000-0x000fffff] System RAM
[    0.007565] last_pfn = 0x140000 max_arch_pfn = 0x400000000
[    0.008659] MTRR map: 4 entries (3 fixed + 1 variable; max 19), built from 8 variable MTRRs
[    0.010217] x86/PAT: Configuration [0-7]: WB  WC  UC- UC  WB  WP  UC- WT  
Memory KASLR using RDRAND RDTSC...
[    0.012150] last_pfn = 0xbffe0 max_arch_pfn = 0x400000000
[    0.014401] found SMP MP-table at [mem 0x000f5450-0x000f545f]
[    0.015456] Using GB pages for direct mapping
[    0.016349] ACPI: Early table checksum verification disabled
[    0.017381] ACPI: RSDP 0x00000000000F5240 000014 (v00 BOCHS )
[    0.018450] ACPI: RSDT 0x00000000BFFE1F16 000034 (v01 BOCHS  BXPC     00000001 BXPC 00000001)
[    0.019995] ACPI: FACP 0x00000000BFFE1D92 000074 (v01 BOCHS  BXPC     00000001 BXPC 00000001)
[    0.021532] ACPI: DSDT 0x00000000BFFE0040 001D52 (v01 BOCHS  BXPC     00000001 BXPC 00000001)
[    0.023080] ACPI: FACS 0x00000000BFFE0000 000040
[    0.023929] ACPI: APIC 0x00000000BFFE1E06 0000B0 (v03 BOCHS  BXPC     00000001 BXPC 00000001)
[    0.025459] ACPI: HPET 0x00000000BFFE1EB6 000038 (v01 BOCHS  BXPC     00000001 BXPC 00000001)
[    0.027002] ACPI: WAET 0x00000000BFFE1EEE 000028 (v01 BOCHS  BXPC     00000001 BXPC 00000001)
[    0.028526] ACPI: Reserving FACP table memory at [mem 0xbffe1d92-0xbffe1e05]
[    0.029791] ACPI: Reserving DSDT table memory at [mem 0xbffe0040-0xbffe1d91]
[    0.031070] ACPI: Reserving FACS table memory at [mem 0xbffe0000-0xbffe003f]
[    0.032331] ACPI: Reserving APIC table memory at [mem 0xbffe1e06-0xbffe1eb5]
[    0.033609] ACPI: Reserving HPET table memory at [mem 0xbffe1eb6-0xbffe1eed]
[    0.034859] ACPI: Reserving WAET table memory at [mem 0xbffe1eee-0xbffe1f15]
[    0.036595] No NUMA configuration found
[    0.037293] Faking a node at [mem 0x0000000000000000-0x000000013fffffff]
[    0.038478] NODE_DATA(0) allocated [mem 0x13fff9c80-0x13fffdfff]
[    0.040422] ACPI: PM-Timer IO Port: 0x608
[    0.041184] ACPI: LAPIC_NMI (acpi_id[0xff] dfl dfl lint[0x1])
[    0.042248] IOAPIC[0]: apic_id 0, version 17, address 0xfec00000, GSI 0-23
[    0.043504] ACPI: INT_SRC_OVR (bus 0 bus_irq 0 global_irq 2 dfl dfl)
[    0.044626] ACPI: INT_SRC_OVR (bus 0 bus_irq 5 global_irq 5 high level)
[    0.045826] ACPI: INT_SRC_OVR (bus 0 bus_irq 9 global_irq 9 high level)
[    0.047012] ACPI: INT_SRC_OVR (bus 0 bus_irq 10 global_irq 10 high level)
[    0.048227] ACPI: INT_SRC_OVR (bus 0 bus_irq 11 global_irq 11 high level)
[    0.049449] ACPI: Using ACPI (MADT) for SMP configuration information
[    0.050603] ACPI: HPET id: 0x8086a201 base: 0xfed00000
[    0.051536] TSC deadline timer available
[    0.052247] CPU topo: Max. logical packages:   1
[    0.053080] CPU topo: Max. logical nodes:      1
[    0.053895] CPU topo: Num. nodes per package:  1
[    0.054726] CPU topo: Max. logical dies:       1
[    0.055589] CPU topo: Max. dies per package:   1
[    0.056425] CPU topo: Max. threads per core:   1
[    0.057259] CPU topo: Num. cores per package:     8
[    0.058120] CPU topo: Num. threads per package:   8
[    0.059017] CPU topo: Allowing 8 present CPUs plus 0 hotplug CPUs
[    0.060131] kvm-guest: APIC: eoi() replaced with kvm_guest_apic_eoi_write()
[    0.061444] kvm-guest: KVM setup pv remote TLB flush
[    0.062336] kvm-guest: setup PV sched yield
[    0.063099] PM: hibernation: Registered nosave memory: [mem 0x00000000-0x00000fff]
[    0.064469] PM: hibernation: Registered nosave memory: [mem 0x0009f000-0x000fffff]
[    0.065826] PM: hibernation: Registered nosave memory: [mem 0xbffe0000-0xffffffff]
[    0.067183] [gap 0xc0000000-0xfeffbfff] available for PCI devices
[    0.068279] Booting paravirtualized kernel on KVM
[    0.069140] clocksource: refined-jiffies: mask: 0xffffffff max_cycles: 0xffffffff, max_idle_ns: 1910969940391419 ns
[    0.075634] Zone ranges:
[    0.076082]   DMA      [mem 0x0000000000001000-0x0000000000ffffff]
[    0.077181]   DMA32    [mem 0x0000000001000000-0x00000000ffffffff]
[    0.078264]   Normal   [mem 0x0000000100000000-0x000000013fffffff]
[    0.079350] Movable zone start for each node
[    0.080108] Early memory node ranges
[    0.080740]   node   0: [mem 0x0000000000001000-0x000000000009efff]
[    0.081866]   node   0: [mem 0x0000000000100000-0x00000000bffdffff]
[    0.082981]   node   0: [mem 0x0000000100000000-0x000000013fffffff]
[    0.084074] Initmem setup node 0 [mem 0x0000000000001000-0x000000013fffffff]
[    0.085352] On node 0, zone DMA: 1 pages in unavailable ranges
[    0.086729] On node 0, zone DMA: 97 pages in unavailable ranges
[    0.212375] On node 0, zone Normal: 32 pages in unavailable ranges
[    0.213573] setup_percpu: NR_CPUS:128 nr_cpumask_bits:8 nr_cpu_ids:8 nr_node_ids:1
[    0.218970] percpu: Embedded 58 pages/cpu s199696 r8192 d29680 u262144
[    0.220136] pcpu-alloc: s199696 r8192 d29680 u262144 alloc=1*2097152
[    0.221226] pcpu-alloc: [0] 0 1 2 3 4 5 6 7 
[    0.222030] Kernel command line: virtme_hostname=virtme-ng nr_open=1048576 virtme_link_mods=/home/prozak/sources/heimdall_experiment/uml-harness/.build/bpf-next-x86/.virtme_mods/lib/modules/0.0.0 virtme_rw_overlay0=/tmp virtme_console=ttyS0 console=ttyS0 earlyprintk=serial,ttyS0,115200 panic=-1 virtme.exec=`Li90ZXN0X3Byb2dzIC10ICdhcmVuYV9saXN0Jw==` virtme_chdir=home/prozak/sources/heimdall_experiment/uml-harness/.build/selftests-output-qemu rootfstype=9p rootflags=version=9p2000.L,trans=virtio,access=any,msize=524288 raid=noautodetect rw debug init=/home/prozak/.local/share/vng-venv/lib/python3.12/site-packages/virtme/guest/bin/virtme-ng-init
[    0.232119] Unknown kernel command line parameters "virtme_hostname=virtme-ng nr_open=1048576 virtme_link_mods=/home/prozak/sources/heimdall_experiment/uml-harness/.build/bpf-next-x86/.virtme_mods/lib/modules/0.0.0 virtme_rw_overlay0=/tmp virtme_console=ttyS0 virtme_chdir=home/prozak/sources/heimdall_experiment/uml-harness/.build/selftests-output-qemu", will be passed to user space.
[    0.238275] random: crng init done
[    0.238881] printk: log buffer data + meta data: 2097152 + 7340032 = 9437184 bytes
[    0.248291] Dentry cache hash table entries: 524288 (order: 10, 4194304 bytes, linear)
[    0.253660] Inode-cache hash table entries: 262144 (order: 9, 2097152 bytes, linear)
[    0.255164] software IO TLB: area num 8.
[    0.390708] Fallback order for Node 0: 0 
[    0.390714] Built 1 zonelists, mobility grouping on.  Total pages: 1048446
[    0.392675] Policy zone: Normal
[    0.393217] mem auto-init: stack:all(zero), heap alloc:off, heap free:off
[    0.399759] SLUB: HWalign=64, Order=0-3, MinObjects=0, CPUs=8, Nodes=1
Poking KASLR using RDRAND RDTSC...
[    0.415583] ftrace: allocating 69757 entries in 274 pages
[    0.416606] ftrace: allocated 274 pages with 3 groups
[    0.418025] Dynamic Preempt: full
[    0.418937] Running RCU self tests
[    0.419560] Running RCU synchronous self tests
[    0.420343] rcu: Preemptible hierarchical RCU implementation.
[    0.421367] rcu: 	RCU event tracing is enabled.
[    0.422166] rcu: 	RCU lockdep checking is enabled.
[    0.422989] rcu: 	RCU restricting CPUs from NR_CPUS=128 to nr_cpu_ids=8.
[    0.424160] 	Trampoline variant of Tasks RCU enabled.
[    0.425028] 	Rude variant of Tasks RCU enabled.
[    0.425859] 	Tracing variant of Tasks RCU enabled.
[    0.426685] rcu: RCU calculated value of scheduler-enlistment delay is 100 jiffies.
[    0.428023] rcu: Adjusting geometry for rcu_fanout_leaf=16, nr_cpu_ids=8
[    0.429234] Running RCU synchronous self tests
[    0.430051] RCU Tasks: Setting shift to 3 and lim to 1 rcu_task_cb_adjust=1 rcu_task_cpu_ids=8.
[    0.431546] RCU Tasks Rude: Setting shift to 3 and lim to 1 rcu_task_cb_adjust=1 rcu_task_cpu_ids=8.
[    0.439092] NR_IRQS: 8448, nr_irqs: 488, preallocated irqs: 16
[    0.440498] rcu: srcu_init: Setting srcu_struct sizes based on contention.
[    0.441738] clocksource: jiffies: mask: 0xffffffff max_cycles: 0xffffffff, max_idle_ns: 1911260446275000 ns
[    0.443857] Console: colour *CGA 80x25
[    0.444591] printk: legacy console [ttyS0] enabled
[    0.444591] printk: legacy console [ttyS0] enabled
[    0.446575] printk: legacy bootconsole [earlyser0] disabled
[    0.446575] printk: legacy bootconsole [earlyser0] disabled
[    0.448796] Lock dependency validator: Copyright (c) 2006 Red Hat, Inc., Ingo Molnar
[    0.450180] ... MAX_LOCKDEP_SUBCLASSES:  8
[    0.450928] ... MAX_LOCK_DEPTH:          48
[    0.451690] ... MAX_LOCKDEP_KEYS:        8192
[    0.452529] ... CLASSHASH_SIZE:          4096
[    0.453311] ... MAX_LOCKDEP_ENTRIES:     32768
[    0.454121] ... MAX_LOCKDEP_CHAINS:      65536
[    0.454964] ... CHAINHASH_SIZE:          32768
[    0.455778]  memory used by lock dependency info: 6429 kB
[    0.456755]  memory used for stack traces: 4224 kB
[    0.457611]  per task-struct memory footprint: 1920 bytes
[    0.458827] ACPI: Core revision 20260408
[    0.459829] clocksource: hpet: mask: 0xffffffff max_cycles: 0xffffffff, max_idle_ns: 19112604467 ns
[    0.461688] APIC: Switch to symmetric I/O mode setup
[    0.463064] x2apic enabled
[    0.464123] APIC: Switched APIC routing to: physical x2apic
[    0.465223] kvm-guest: APIC: send_IPI_mask() replaced with kvm_send_ipi_mask()
[    0.466612] kvm-guest: APIC: send_IPI_mask_allbutself() replaced with kvm_send_ipi_mask_allbutself()
[    0.468369] kvm-guest: setup PV IPIs
[    0.471160] ..TIMER: vector=0x30 apic1=0 pin1=2 apic2=-1 pin2=-1
[    0.472415] clocksource: tsc-early: mask: 0xffffffffffffffff max_cycles: 0x31027285e94, max_idle_ns: 440795238296 ns
[    0.474422] Calibrating delay loop (skipped) preset value.. 6800.07 BogoMIPS (lpj=3400038)
[    0.476642] x86/cpu: User Mode Instruction Prevention (UMIP) activated
[    0.477791] Last level iTLB entries: 4KB 512, 2MB 255, 4MB 127
[    0.478419] Last level dTLB entries: 4KB 512, 2MB 255, 4MB 127, 1GB 0
[    0.479454] mitigations: Enabled attack vectors: user_kernel, user_user, SMT mitigations: auto
[    0.480419] Speculative Store Bypass: Mitigation: Speculative Store Bypass disabled via prctl
[    0.481421] Speculative Return Stack Overflow: IBPB-extending microcode not applied!
[    0.482419] Speculative Return Stack Overflow: WARNING: See https://kernel.org/doc/html/latest/admin-guide/hw-vuln/srso.html for mitigation options.
[    0.482422] Transient Scheduler Attacks: Vulnerable: No microcode
[    0.484419] Spectre V2 : Mitigation: Retpolines
[    0.485419] Speculative Return Stack Overflow: Vulnerable: Safe RET, no microcode
[    0.486419] Spectre V1 : Mitigation: usercopy/swapgs barriers and __user pointer sanitization
[    0.487419] Spectre V2 : Spectre v2 / SpectreRSB: Filling RSB on context switch and VMEXIT
[    0.488419] Spectre V2 : Enabling Restricted Speculation for firmware calls
[    0.489421] Spectre V2 : mitigation: Enabling conditional Indirect Branch Prediction Barrier
[    0.490420] active return thunk: srso_alias_return_thunk
[    0.491485] x86/fpu: Supporting XSAVE feature 0x001: 'x87 floating point registers'
[    0.492419] x86/fpu: Supporting XSAVE feature 0x002: 'SSE registers'
[    0.493419] x86/fpu: Supporting XSAVE feature 0x004: 'AVX registers'
[    0.495419] x86/fpu: xstate_offset[2]:  576, xstate_sizes[2]:  256
[    0.496419] x86/fpu: Enabled xstate features 0x7, context size is 832 bytes, using 'compacted' format.
[    0.530069] pid_max: default: 32768 minimum: 301
[    0.530690] SELinux:  Initializing.
[    0.533177] LSM support for eBPF active
[    0.533748] Mount-cache hash table entries: 8192 (order: 4, 65536 bytes, linear)
[    0.534542] Mountpoint-cache hash table entries: 8192 (order: 4, 65536 bytes, linear)
[    0.536616] VFS: Finished mounting rootfs on nullfs
[    0.538898] Running RCU synchronous self tests
[    0.539421] Running RCU synchronous self tests
[    0.540943] smpboot: CPU0: AMD Ryzen 9 5950X 16-Core Processor (family: 0x19, model: 0x21, stepping: 0x2)
[    0.543656] Performance Events: Fam17h+ core perfctr, AMD PMU driver.
[    0.544439] ... version:                   0
[    0.545351] ... bit width:                 48
[    0.545425] ... generic counters:          6
[    0.546315] ... generic bitmap:            000000000000003f
[    0.546425] ... fixed-purpose counters:    0
[    0.547334] ... fixed-purpose bitmap:      0000000000000000
[    0.547426] ... value mask:                0000ffffffffffff
[    0.548424] ... max period:                00007fffffffffff
[    0.549426] ... global_ctrl mask:          000000000000003f
[    0.550763] signal: max sigframe size: 1776
[    0.551596] rcu: Hierarchical SRCU implementation.
[    0.552429] rcu: 	Max phase no-delay instances is 400.
[    0.553722] Timer migration: 1 hierarchy levels; 8 children per group; 1 crossnode level
[    0.566463] smp: Bringing up secondary CPUs ...
[    0.570933] smpboot: x86: Booting SMP configuration:
[    0.571434] .... node  #0, CPUs:      #1 #2 #3 #4 #5 #6 #7
[    0.599671] smp: Brought up 1 node, 8 CPUs
[    0.601416] smpboot: Total of 8 processors activated (54400.60 BogoMIPS)
[    0.602789] Memory: 3963796K/4193784K available (25637K kernel code, 10348K rwdata, 18032K rodata, 4668K init, 13400K bss, 221936K reserved, 0K cma-reserved)
[    0.605425] devtmpfs: initialized
[    0.609474] Running RCU synchronous self tests
[    0.610453] Running RCU synchronous self tests
[    0.611560] Running RCU Tasks wait API self tests
[    0.612478] Running RCU Tasks Rude wait API self tests
[    0.613426] Running RCU Tasks Trace wait API self tests
[    0.614540] posixtimers hash table entries: 4096 (order: 7, 294912 bytes, linear)
[    0.616568] futex hash table entries: 2048 (262144 bytes on 1 NUMA nodes, total 256 KiB, linear).
[    0.618426] PM: RTC time: 16:33:47, date: 2026-08-02
[    0.619456] Callback from call_rcu_tasks_trace() invoked.
[    0.625776] NET: Registered PF_NETLINK/PF_ROUTE protocol family
[    0.627412] audit: initializing netlink subsys (disabled)
[    0.627537] audit: type=2000 audit(1785688427.683:1): state=initialized audit_enabled=0 res=1
[    0.651979] thermal_sys: Registered thermal governor 'step_wise'
[    0.652055] cpuidle: using governor ladder
[    0.653372] cpuidle: using governor menu
[    0.654652] Freeing SMP alternatives memory: 68K
[    0.656268] PCI: Using configuration type 1 for base access
[    0.656427] PCI: Using configuration type 1 for extended access
[    0.657587] kprobes: kprobe jump-optimization is enabled. All kprobes are optimized if possible.
[    0.659589] HugeTLB: registered 1.00 GiB page size, pre-allocated 0 pages
[    0.660426] HugeTLB: 16380 KiB vmemmap can be freed for a 1.00 GiB page
[    0.661428] HugeTLB: registered 2.00 MiB page size, pre-allocated 0 pages
[    0.662426] HugeTLB: 28 KiB vmemmap can be freed for a 2.00 MiB page
[    0.668244] ACPI: Added _OSI(Module Device)
[    0.668427] ACPI: Added _OSI(Processor Device)
[    0.669416] ACPI: Added _OSI(Processor Aggregator Device)
[    0.672963] ACPI: 1 ACPI AML tables successfully acquired and loaded
[    0.675923] ACPI: \_SB_: platform _OSC: OS support mask [002a7eee]
[    0.677176] ACPI: Interpreter enabled
[    0.677493] ACPI: PM: (supports S0 S3 S4 S5)
[    0.678425] ACPI: Using IOAPIC for interrupt routing
[    0.679476] PCI: Using host bridge windows from ACPI; if necessary, use "pci=nocrs" and report a bug
[    0.680427] PCI: Using E820 reservations for host bridge windows
[    0.681799] ACPI: Enabled 2 GPEs in block 00 to 0F
[    0.697801] ACPI: PCI Root Bridge [PCI0] (domain 0000 [bus 00-ff])
[    0.698433] acpi PNP0A03:00: _OSC: OS supports [ExtendedConfig ASPM ClockPM Segments MSI HPX-Type3]
[    0.699437] acpi PNP0A03:00: _OSC: OS requested [PME PCIeCapability LTR]
[    0.700427] acpi PNP0A03:00: _OSC: platform willing to grant [PME PCIeCapability LTR]
[    0.701426] acpi PNP0A03:00: _OSC: platform retains control of PCIe features (AE_ERROR)
[    0.703218] PCI host bridge to bus 0000:00
[    0.703436] pci_bus 0000:00: root bus resource [io  0x0000-0x0cf7 window]
[    0.704427] pci_bus 0000:00: root bus resource [io  0x0d00-0xffff window]
[    0.705428] pci_bus 0000:00: root bus resource [mem 0x000a0000-0x000bffff window]
[    0.706429] pci_bus 0000:00: root bus resource [mem 0xc0000000-0xfebfffff window]
[    0.707427] pci_bus 0000:00: root bus resource [mem 0x380000000000-0x38007fffffff window]
[    0.708428] pci_bus 0000:00: root bus resource [bus 00-ff]
[    0.709832] pci 0000:00:00.0: [8086:1237] type 00 class 0x060000 conventional PCI endpoint
[    0.712046] pci 0000:00:01.0: [8086:7000] type 00 class 0x060100 conventional PCI endpoint
[    0.713961] pci 0000:00:01.1: [8086:7010] type 00 class 0x010180 conventional PCI endpoint
[    0.715352] pci 0000:00:01.1: BAR 4 [io  0xc1c0-0xc1cf]
[    0.715558] pci 0000:00:01.1: BAR 0 [io  0x01f0-0x01f7]: legacy IDE quirk
[    0.716426] pci 0000:00:01.1: BAR 1 [io  0x03f6]: legacy IDE quirk
[    0.717427] pci 0000:00:01.1: BAR 2 [io  0x0170-0x0177]: legacy IDE quirk
[    0.718427] pci 0000:00:01.1: BAR 3 [io  0x0376]: legacy IDE quirk
[    0.720181] pci 0000:00:01.3: [8086:7113] type 00 class 0x068000 conventional PCI endpoint
[    0.721134] pci 0000:00:01.3: quirk: [io  0x0600-0x063f] claimed by PIIX4 ACPI
[    0.721443] pci 0000:00:01.3: quirk: [io  0x0700-0x070f] claimed by PIIX4 SMB
[    0.723415] pci 0000:00:02.0: [1af4:1009] type 00 class 0x000200 conventional PCI endpoint
[    0.725460] pci 0000:00:02.0: BAR 0 [io  0xc000-0xc03f]
[    0.726442] pci 0000:00:02.0: BAR 1 [mem 0xfebf8000-0xfebf8fff]
[    0.727488] pci 0000:00:02.0: BAR 4 [mem 0x380000000000-0x380000003fff 64bit pref]
[    0.731426] pci 0000:00:03.0: [8086:25ab] type 00 class 0x088000 conventional PCI endpoint
[    0.733445] pci 0000:00:03.0: BAR 0 [mem 0xfebf9000-0xfebf900f]
[    0.736935] pci 0000:00:04.0: [1af4:1003] type 00 class 0x078000 conventional PCI endpoint
[    0.739702] pci 0000:00:04.0: BAR 0 [io  0xc040-0xc07f]
[    0.740455] pci 0000:00:04.0: BAR 1 [mem 0xfebfa000-0xfebfafff]
[    0.741487] pci 0000:00:04.0: BAR 4 [mem 0x380000004000-0x380000007fff 64bit pref]
[    0.745569] pci 0000:00:05.0: [1af4:1003] type 00 class 0x078000 conventional PCI endpoint
[    0.747445] pci 0000:00:05.0: BAR 0 [io  0xc080-0xc0bf]
[    0.748444] pci 0000:00:05.0: BAR 1 [mem 0xfebfb000-0xfebfbfff]
[    0.749486] pci 0000:00:05.0: BAR 4 [mem 0x380000008000-0x38000000bfff 64bit pref]
[    0.753579] pci 0000:00:06.0: [1af4:1003] type 00 class 0x078000 conventional PCI endpoint
[    0.755655] pci 0000:00:06.0: BAR 0 [io  0xc0c0-0xc0ff]
[    0.756446] pci 0000:00:06.0: BAR 1 [mem 0xfebfc000-0xfebfcfff]
[    0.757518] pci 0000:00:06.0: BAR 4 [mem 0x38000000c000-0x38000000ffff 64bit pref]
[    0.761710] pci 0000:00:07.0: [1af4:1003] type 00 class 0x078000 conventional PCI endpoint
[    0.763443] pci 0000:00:07.0: BAR 0 [io  0xc100-0xc13f]
[    0.764444] pci 0000:00:07.0: BAR 1 [mem 0xfebfd000-0xfebfdfff]
[    0.765504] pci 0000:00:07.0: BAR 4 [mem 0x380000010000-0x380000013fff 64bit pref]
[    0.769577] pci 0000:00:08.0: [1af4:1003] type 00 class 0x078000 conventional PCI endpoint
[    0.771444] pci 0000:00:08.0: BAR 0 [io  0xc140-0xc17f]
[    0.772444] pci 0000:00:08.0: BAR 1 [mem 0xfebfe000-0xfebfefff]
[    0.773487] pci 0000:00:08.0: BAR 4 [mem 0x380000014000-0x380000017fff 64bit pref]
[    0.777664] pci 0000:00:09.0: [1af4:1003] type 00 class 0x078000 conventional PCI endpoint
[    0.779398] pci 0000:00:09.0: BAR 0 [io  0xc180-0xc1bf]
[    0.779444] pci 0000:00:09.0: BAR 1 [mem 0xfebff000-0xfebfffff]
[    0.780487] pci 0000:00:09.0: BAR 4 [mem 0x380000018000-0x38000001bfff 64bit pref]
[    0.789592] ACPI: PCI: Interrupt link LNKA configured for IRQ 10
[    0.790685] ACPI: PCI: Interrupt link LNKB configured for IRQ 10
[    0.791680] ACPI: PCI: Interrupt link LNKC configured for IRQ 11
[    0.792677] ACPI: PCI: Interrupt link LNKD configured for IRQ 11
[    0.793556] ACPI: PCI: Interrupt link LNKS configured for IRQ 9
[    0.796452] iommu: Default domain type: Translated
[    0.797428] iommu: DMA domain TLB invalidation policy: lazy mode
[    0.799857] SCSI subsystem initialized
[    0.800511] libata version 3.00 loaded.
[    0.801584] ACPI: bus type USB registered
[    0.802584] usbcore: registered new interface driver usbfs
[    0.803498] usbcore: registered new interface driver hub
[    0.804465] usbcore: registered new device driver usb
[    0.805632] pps_core: LinuxPPS API ver. 1 registered
[    0.806426] pps_core: Software ver. 5.3.6 - Copyright 2005-2007 Rodolfo Giometti <giometti@linux.it>
[    0.807454] PTP clock support registered
[    0.808950] Advanced Linux Sound Architecture Driver Initialized.
[    0.810714] NetLabel: Initializing
[    0.811416] NetLabel:  domain hash size = 128
[    0.811427] NetLabel:  protocols = UNLABELED CIPSOv4 CALIPSO
[    0.812473] NetLabel:  unlabeled traffic allowed by default
[    0.813623] PCI: Using ACPI for IRQ routing
[    0.814427] PCI: pci_cache_line_size set to 64 bytes
[    0.815764] e820: register RAM buffer resource [mem 0x0009fc00-0x0009ffff]
[    0.816427] e820: register RAM buffer resource [mem 0xbffe0000-0xbfffffff]
[    0.817543] vgaarb: loaded
[    0.818504] hpet0: at MMIO 0xfed00000, IRQs 2, 8, 0
[    0.819450] hpet0: 3 comparators, 64-bit 100.000000 MHz counter
[    0.819427] Callback from call_rcu_tasks() invoked.
[    0.823070] clocksource: Switched to clocksource kvm-clock
[    0.825582] VFS: Disk quotas dquot_6.6.0
[    0.826639] VFS: Dquot-cache hash table entries: 512 (4096 bytes)
[    0.829317] pnp: PnP ACPI init
[    0.830498] pnp 00:02: [dma 2]
[    0.832130] pnp: PnP ACPI: found 4 devices
[    0.850532] clocksource: acpi_pm: mask: 0xffffff max_cycles: 0xffffff, max_idle_ns: 2085701024 ns
[    0.852884] NET: Registered PF_INET protocol family
[    0.855300] IP idents hash table entries: 65536 (order: 7, 524288 bytes, linear)
[    0.858119] tcp_listen_portaddr_hash hash table entries: 2048 (order: 6, 147456 bytes, linear)
[    0.861247] Table-perturb hash table entries: 65536 (order: 6, 262144 bytes, linear)
[    0.863086] TCP established hash table entries: 32768 (order: 6, 262144 bytes, linear)
[    0.865425] TCP bind hash table entries: 32768 (order: 11, 4718592 bytes, vmalloc hugepage)
[    0.877947] TCP: Hash tables configured (established 32768 bind 32768)
[    0.881061] MPTCP token hash table entries: 4096 (order: 7, 360448 bytes, linear)
[    0.882857] UDP hash table entries: 2048 (order: 7, 524288 bytes, linear)
[    0.885627] NET: Registered PF_UNIX/PF_LOCAL protocol family
[    0.887955] RPC: Registered named UNIX socket transport module.
[    0.889368] RPC: Registered udp transport module.
[    0.890406] RPC: Registered tcp transport module.
[    0.891446] RPC: Registered tcp-with-tls transport module.
[    0.892610] RPC: Registered tcp NFSv4.1 backchannel transport module.
[    0.894854] NET: Registered PF_XDP protocol family
[    0.895944] pci_bus 0000:00: resource 4 [io  0x0000-0x0cf7 window]
[    0.897265] pci_bus 0000:00: resource 5 [io  0x0d00-0xffff window]
[    0.898618] pci_bus 0000:00: resource 6 [mem 0x000a0000-0x000bffff window]
[    0.900087] pci_bus 0000:00: resource 7 [mem 0xc0000000-0xfebfffff window]
[    0.901567] pci_bus 0000:00: resource 8 [mem 0x380000000000-0x38007fffffff window]
[    0.903364] pci 0000:00:01.0: PIIX3: Enabling Passive Release
[    0.904644] pci 0000:00:00.0: Limiting direct PCI/PCI transfers
[    0.906131] PCI: CLS 0 bytes, default 64
[    0.907179] PCI-DMA: Using software bounce buffering for IO (SWIOTLB)
[    0.908542] software IO TLB: mapped [mem 0x00000000b6000000-0x00000000ba000000] (64MB)
[    0.911397] clocksource: tsc: mask: 0xffffffffffffffff max_cycles: 0x31027285e94, max_idle_ns: 440795238296 ns
[    0.922591] Initialise system trusted keyrings
[    0.924088] workingset: timestamp_bits=40 (anon: 35) max_order=20 bucket_order=0 (anon: 0)
[    0.926773] squashfs: version 4.0 (2009/01/31) Phillip Lougher
[    0.928824] NFS: Registering the id_resolver key type
[    0.930275] Key type id_resolver registered
[    0.931268] Key type id_legacy registered
[    0.932193] nfs4filelayout_init: NFSv4 File Layout Driver Registering...
[    0.933723] nfs4flexfilelayout_init: NFSv4 Flexfile Layout Driver Registering...
[    0.935529] fuse: init (API version 7.45)
[    0.936809] 9p: Installing v9fs 9p2000 file system support
[    0.940009] NET: Registered PF_ALG protocol family
[    0.941134] Key type asymmetric registered
[    0.942067] Asymmetric key parser 'x509' registered
[    0.943259] Block layer SCSI generic (bsg) driver version 0.4 loaded (major 248)
[    0.945573] io scheduler mq-deadline registered
[    0.946579] io scheduler kyber registered
[    0.948984] input: Power Button as /devices/platform/LNXPWRBN:00/input/input0
[    0.950904] ACPI: button: Power Button [PWRF]
[    1.081885] ACPI: \_SB_.LNKB: Enabled at IRQ 10
[    1.208013] ACPI: \_SB_.LNKD: Enabled at IRQ 11
[    1.334646] ACPI: \_SB_.LNKA: Enabled at IRQ 10
[    1.507438] kwatchdog (99) used greatest stack depth: 14776 bytes left
[    1.585794] ACPI: \_SB_.LNKC: Enabled at IRQ 11
[    1.839446] Serial: 8250/16550 driver, 4 ports, IRQ sharing enabled
[    1.842118] 00:03: ttyS0 at I/O 0x3f8 (irq = 4, base_baud = 115200) is a 16550A
[    1.985602] Non-volatile memory driver v1.3
[    1.987791] ACPI: bus type drm_connector registered
[    2.010070] brd: module loaded
[    2.023986] loop: module loaded
[    2.029344] scsi host0: ata_piix
[    2.031267] scsi host1: ata_piix
[    2.032391] ata1: PATA max MWDMA2 cmd 0x1f0 ctl 0x3f6 bmdma 0xc1c0 irq 14 lpm-pol 0
[    2.034031] ata2: PATA max MWDMA2 cmd 0x170 ctl 0x376 bmdma 0xc1c8 irq 15 lpm-pol 0
[    2.040122] tun: Universal TUN/TAP device driver, 1.6
[    2.041743] e100: Intel(R) PRO/100 Network Driver
[    2.042828] e100: Copyright(c) 1999-2006 Intel Corporation
[    2.044116] e1000: Intel(R) PRO/1000 Network Driver
[    2.045248] e1000: Copyright (c) 1999-2006 Intel Corporation.
[    2.046587] e1000e: Intel(R) PRO/1000 Network Driver
[    2.047758] e1000e: Copyright(c) 1999 - 2015 Intel Corporation.
[    2.049177] sky2: driver version 1.30
[    2.051263] usbcore: registered new interface driver usblp
[    2.052553] usbcore: registered new interface driver usb-storage
[    2.054033] i8042: PNP: PS/2 Controller [PNP0303:KBD,PNP0f13:MOU] at 0x60,0x64 irq 1,12
[    2.057272] serio: i8042 KBD port at 0x60,0x64 irq 1
[    2.058887] serio: i8042 AUX port at 0x60,0x64 irq 12
[    2.061529] input: AT Translated Set 2 keyboard as /devices/platform/i8042/serio0/input/input1
[    2.063799] rtc_cmos PNP0B00:00: RTC can wake from S4
[    2.066933] rtc_cmos PNP0B00:00: registered as rtc0
[    2.068273] rtc_cmos PNP0B00:00: alarms up to one day, y3k, 242 bytes nvram, hpet irqs
[    2.070930] Registered IR keymap rc-empty
[    2.072146] rc rc0: rc-core loopback device as /devices/virtual/rc/rc0
[    2.074062] rc rc0: lirc_dev: driver rc-loopback registered at minor = 0, raw IR receiver, raw IR transmitter
[    2.076728] input: rc-core loopback device as /devices/virtual/rc/rc0/input2
[    2.079634] intel_powerclamp: CPU does not support MWAIT
[    2.080917] device-mapper: core: CONFIG_IMA_DISABLE_HTABLE is disabled. Duplicate IMA measurements will not be recorded in the IMA log.
[    2.084211] device-mapper: ioctl: 4.50.0-ioctl (2025-04-28) initialised: dm-devel@lists.linux.dev
[    2.086400] amd_pstate: the _CPC object is not present in SBIOS or ACPI disabled
[    2.089274] hid: raw HID events driver (C) Jiri Kosina
[    2.093344] usbcore: registered new interface driver usbhid
[    2.094662] usbhid: USB HID core driver
[    2.096863] GACT probability NOT on
[    2.097690] Mirror/redirect action on
[    2.100547] nf_conntrack_irc: The irc conntrack helper is scheduled for removal.
[    2.100547] Please contact the netfilter-devel mailing list if you still need this.
[    2.105781] ipip: IPv4 and MPLS over IPv4 tunneling driver
[    2.107917] gre: GRE over IPv4 demultiplexer driver
[    2.108990] ip_gre: GRE over IPv4 tunneling driver
[    2.112702] Initializing XFRM netlink socket
[    2.113936] IPsec XFRM device driver
[    2.114969] NET: Registered PF_INET6 protocol family
[    2.118056] Segment Routing with IPv6
[    2.118909] In-situ OAM (IOAM) with IPv6
[    2.119858] mip6: Mobile IPv6
[    2.120548] sit: IPv6, IPv4 and MPLS over IPv4 tunneling driver
[    2.123390] ip6_gre: GRE over IPv6 tunneling driver
[    2.125379] NET: Registered PF_PACKET protocol family
[    2.126668] RPC: Registered rdma transport module.
[    2.127774] RPC: Registered rdma backchannel transport module.
[    2.129453] 8021q: 802.1Q VLAN Support v1.8
[    2.131174] smc: adding smcd device lo without pnetid
[    2.132525] NET: Registered PF_SMC protocol family
[    2.134125] 9pnet: Installing 9P2000 support
[    2.136830] Key type dns_resolver registered
[    2.138033] NET: Registered PF_VSOCK protocol family
[    2.139250] mpls_gso: MPLS GSO support
[    2.143857] IPI shorthand broadcast: enabled
[    2.188660] sched_clock: Marking stable (2163054722, 24678326)->(2297981741, -110248693)
[    2.192201] registered taskstats version 1
[    2.194438] ata2: found unknown device (class 0)
[    2.197140] ata2.00: ATAPI: QEMU DVD-ROM, 2.5+, max UDMA/100
[    2.201345] scsi 1:0:0:0: CD-ROM            QEMU     QEMU DVD-ROM     2.5+ PQ: 0 ANSI: 5
[    2.211361] Loading compiled-in X.509 certificates
[    2.213143] kworker/u32:1 (119) used greatest stack depth: 14152 bytes left
[    2.214571] Loaded X.509 cert 'Build time autogenerated kernel key: c4531344b9a9c1a4731230d977a262ba29ba5272'
[    2.214675] kworker/u32:1 (120) used greatest stack depth: 13008 bytes left
[    2.234819] sr 1:0:0:0: [sr0] scsi3-mmc drive: 4x/4x cd/rw xa/form2 tray
[    2.253571] cdrom: Uniform CD-ROM driver Revision: 3.20
[    2.255357] Demotion targets for Node 0: null
[    2.257014] ima: No TPM chip found, activating TPM-bypass!
[    2.258237] ima: Allocated hash algorithm: sha1
[    2.259445] ima: No architecture policies found
[    2.261513] PM:   Magic number: 6:887:589
[    2.262833] netconsole: network logging started
[    2.264544] cfg80211: Loading compiled-in X.509 certificates for regulatory database
[    2.267168] sr 1:0:0:0: Attached scsi CD-ROM sr0
[    2.267465] Loaded X.509 cert 'sforshee: 00b28ddf47aef9cea7'
[    2.269532] sr 1:0:0:0: Attached scsi generic sg0 type 5
[    2.270268] Loaded X.509 cert 'wens: 61c038651aabdcf94bd0ac7ff06c7248db18c600'
[    2.273545] faux_driver regulatory: Direct firmware load for regulatory.db failed with error -2
[    2.275799] cfg80211: failed to load regulatory.db
[    2.275985] ALSA device list:
[    2.277607]   No soundcards found.
[    2.509131] input: ImExPS/2 Generic Explorer Mouse as /devices/platform/i8042/serio1/input/input4
[    2.511104] md: Skipping autodetection of RAID arrays. (raid=autodetect will force)
[    2.512481] 9p: Bad value for 'source'
[    2.513141] 9pnet: Limiting 'msize' to 512000 as this is the maximum supported by transport virtio
[    2.516778] VFS: Mounted root (9p filesystem) on device 0:22.
[    2.518459] devtmpfs: mounted
[    2.519303] VFS: Pivoted into new rootfs
[    2.524272] Freeing unused kernel image (initmem) memory: 4668K
[    2.525176] Write protecting the kernel read-only data: 45056k
[    2.527188] Freeing unused kernel image (text/rodata gap) memory: 984K
[    2.528580] Freeing unused kernel image (rodata/data gap) memory: 400K
[    2.566862] x86/mm: Checked W+X mappings: passed, no W+X pages found.
[    2.567820] Run /home/prozak/.local/share/vng-venv/lib/python3.12/site-packages/virtme/guest/bin/virtme-ng-init as init process
[    2.569404]   with arguments:
[    2.569882]     /home/prozak/.local/share/vng-venv/lib/python3.12/site-packages/virtme/guest/bin/virtme-ng-init
[    2.571277]   with environment:
[    2.571775]     HOME=/
[    2.572128]     TERM=linux
[    2.572515]     virtme_hostname=virtme-ng
[    2.573139]     nr_open=1048576
[    2.573598]     virtme_link_mods=/home/prozak/sources/heimdall_experiment/uml-harness/.build/bpf-next-x86/.virtme_mods/lib/modules/0.0.0
[    2.575271]     virtme_rw_overlay0=/tmp
[    2.575831]     virtme_console=ttyS0
[    2.576333]     virtme_chdir=home/prozak/sources/heimdall_experiment/uml-harness/.build/selftests-output-qemu
[    2.649490] virtme-ng-init: mount devtmpfs -> /dev: EBUSY: Device or resource busy
[    2.651283] virtme-ng-init: Setting hostname to virtme-ng...
[    2.684944] virtme-ng-init: running systemd-tmpfiles
[    3.868512] systemd-tmpfile (127) used greatest stack depth: 12504 bytes left
[    3.868613] virtme-ng-init: basic initialization done
[    3.886360] virtme-ng-init: error creating file: Permission denied (os error 13)
[    3.966065] ip (133) used greatest stack depth: 11848 bytes left
[    4.096938] virtme-ng-init: Starting systemd-udevd version 255.4-1ubuntu8.16
[    4.099009] virtme-ng-init: triggering udev coldplug
[    7.050310] virtme-ng-init: waiting for udev to settle
[    7.867354] virtme-ng-init: udev is done
[    7.871553] virtme-ng-init: starting script
[    8.085722] bpf_testmod: loading out-of-tree module taints kernel.
[    8.086697] bpf_testmod: module verification failed: signature and/or required key missing - tainting kernel
[    8.341863] smc: removing smcd device lo
[    8.411008] ACPI: PM: Preparing to enter system sleep state S5
[    8.412208] reboot: Power down
