#1/1     arena_atomics/add:OK
#1/2     arena_atomics/sub:OK
#1/3     arena_atomics/and:OK
#1/4     arena_atomics/or:OK
#1/5     arena_atomics/xor:OK
#1/6     arena_atomics/cmpxchg:OK
#1/7     arena_atomics/xchg:OK
#1/8     arena_atomics/uaf:OK
#1/9     arena_atomics/load_acquire:OK
#1/10    arena_atomics/store_release:OK
#1       arena_atomics:OK
#11/1    atomics/add:OK
#11/2    atomics/sub:OK
#11/3    atomics/and:OK
#11/4    atomics/or:OK
#11/5    atomics/xor:OK
#11/6    atomics/cmpxchg:OK
#11/7    atomics/xchg:OK
#11      atomics:OK
Summary: 2/17 PASSED, 0 SKIPPED, 0 FAILED
prozak@powertower) (gcc (Ubuntu 13.3.0-6ubuntu2~24.04.1) 13.3.0, GNU ld (GNU Binutils for Ubuntu) 2.42) #3 SMP PREEMPT_DYNAMIC Sun Aug  2 09:03:43 PDT 2026
[    0.000000] Command line: virtme_hostname=virtme-ng nr_open=1048576 virtme_link_mods=/home/prozak/sources/heimdall_experiment/uml-harness/.build/bpf-next-x86/.virtme_mods/lib/modules/0.0.0 virtme_rw_overlay0=/tmp virtme_console=ttyS0 console=ttyS0 earlyprintk=serial,ttyS0,115200 panic=-1 virtme.exec=`bW91bnQgLXQgYnBmIGJwZmZzIC9zeXMvZnMvYnBmIDI+L2Rldi9udWxsOyAuL3Rlc3RfcHJvZ3MgLXQgJ2F0b21pY3Mn` virtme_chdir=home/prozak/sources/heimdall_experiment/uml-harness/.build/selftests-output-qemu rootfstype=9p rootflags=version=9p2000.L,trans=virtio,access=any,msize=524288 raid=noautodetect rw debug init=/home/prozak/.local/share/vng-venv/lib/python3.12/site-packages/virtme/guest/bin/virtme-ng-init
[    0.000000] x86 CPU feature dependency check failure: CPU0 has '18*32+31' enabled but '18*32+26' disabled. Kernel might be fine, but no guarantees.
[    0.000000] BIOS-provided physical RAM map:
[    0.000000] BIOS-e820: [mem 0x0000000000000000-0x000000000009fbff]  System RAM
[    0.000000] BIOS-e820: [mem 0x000000000009fc00-0x000000000009ffff]  device reserved
[    0.000000] BIOS-e820: [gap 0x00000000000a0000-0x00000000000effff]
[    0.000000] BIOS-e820: [mem 0x00000000000f0000-0x00000000000fffff]  device reserved
[    0.000000] BIOS-e820: [mem 0x0000000000100000-0x00000000bffdffff]  System RAM
[    0.000000] BIOS-e820: [mem 0x00000000bffe0000-0x00000000bfffffff]  device reserved
[    0.000000] BIOS-e820: [gap 0x00000000c0000000-0x00000000feffbfff]
[    0.000000] BIOS-e820: [mem 0x00000000feffc000-0x00000000feffffff]  device reserved
[    0.000000] BIOS-e820: [gap 0x00000000ff000000-0x00000000fffbffff]
[    0.000000] BIOS-e820: [mem 0x00000000fffc0000-0x00000000ffffffff]  device reserved
[    0.000000] BIOS-e820: [mem 0x0000000100000000-0x000000013fffffff]  System RAM
[    0.000000] BIOS-e820: [gap 0x0000000140000000-0x000000fcffffffff]
[    0.000000] BIOS-e820: [mem 0x000000fd00000000-0x000000ffffffffff]  device reserved
[    0.000000] printk: legacy bootconsole [earlyser0] enabled
[    0.000000] NX (Execute Disable) protection: active
[    0.000000] APIC: Static calls initialized
[    0.000000] DMI: SMBIOS 3.0.0 present.
[    0.000000] DMI: QEMU Ubuntu 24.04 PC v2 (i440FX + PIIX, arch_caps fix, 1996), BIOS 1.16.3-debian-1.16.3-2 04/01/2014
[    0.000000] DMI: Memory slots populated: 1/1
[    0.000000] Hypervisor detected: KVM
[    0.000000] last_pfn = 0xbffe0 max_arch_pfn = 0x400000000
[    0.000000] kvm-clock: Using msrs 4b564d01 and 4b564d00
[    0.000001] kvm-clock: using sched offset of 447908604 cycles
[    0.000920] clocksource: kvm-clock: mask: 0xffffffffffffffff max_cycles: 0x1cd42e4dffb, max_idle_ns: 881590591483 ns
[    0.003718] tsc: Detected 3400.038 MHz processor
[    0.004876] e820: update [mem 0x00000000-0x00000fff] System RAM ==> device reserved
[    0.006223] e820: remove [mem 0x000a0000-0x000fffff] System RAM
[    0.007257] last_pfn = 0x140000 max_arch_pfn = 0x400000000
[    0.008308] MTRR map: 4 entries (3 fixed + 1 variable; max 19), built from 8 variable MTRRs
[    0.009741] x86/PAT: Configuration [0-7]: WB  WC  UC- UC  WB  WP  UC- WT  
Memory KASLR using RDRAND RDTSC...
[    0.011595] last_pfn = 0xbffe0 max_arch_pfn = 0x400000000
[    0.013775] found SMP MP-table at [mem 0x000f5450-0x000f545f]
[    0.014810] Using GB pages for direct mapping
[    0.015640] ACPI: Early table checksum verification disabled
[    0.016654] ACPI: RSDP 0x00000000000F5240 000014 (v00 BOCHS )
[    0.017679] ACPI: RSDT 0x00000000BFFE1F16 000034 (v01 BOCHS  BXPC     00000001 BXPC 00000001)
[    0.019151] ACPI: FACP 0x00000000BFFE1D92 000074 (v01 BOCHS  BXPC     00000001 BXPC 00000001)
[    0.020630] ACPI: DSDT 0x00000000BFFE0040 001D52 (v01 BOCHS  BXPC     00000001 BXPC 00000001)
[    0.022130] ACPI: FACS 0x00000000BFFE0000 000040
[    0.022954] ACPI: APIC 0x00000000BFFE1E06 0000B0 (v03 BOCHS  BXPC     00000001 BXPC 00000001)
[    0.024441] ACPI: HPET 0x00000000BFFE1EB6 000038 (v01 BOCHS  BXPC     00000001 BXPC 00000001)
[    0.025920] ACPI: WAET 0x00000000BFFE1EEE 000028 (v01 BOCHS  BXPC     00000001 BXPC 00000001)
[    0.027391] ACPI: Reserving FACP table memory at [mem 0xbffe1d92-0xbffe1e05]
[    0.028609] ACPI: Reserving DSDT table memory at [mem 0xbffe0040-0xbffe1d91]
[    0.029836] ACPI: Reserving FACS table memory at [mem 0xbffe0000-0xbffe003f]
[    0.031086] ACPI: Reserving APIC table memory at [mem 0xbffe1e06-0xbffe1eb5]
[    0.032303] ACPI: Reserving HPET table memory at [mem 0xbffe1eb6-0xbffe1eed]
[    0.033560] ACPI: Reserving WAET table memory at [mem 0xbffe1eee-0xbffe1f15]
[    0.035241] No NUMA configuration found
[    0.035893] Faking a node at [mem 0x0000000000000000-0x000000013fffffff]
[    0.037062] NODE_DATA(0) allocated [mem 0x13fff9c80-0x13fffdfff]
[    0.038952] ACPI: PM-Timer IO Port: 0x608
[    0.039651] ACPI: LAPIC_NMI (acpi_id[0xff] dfl dfl lint[0x1])
[    0.040693] IOAPIC[0]: apic_id 0, version 17, address 0xfec00000, GSI 0-23
[    0.041877] ACPI: INT_SRC_OVR (bus 0 bus_irq 0 global_irq 2 dfl dfl)
[    0.042976] ACPI: INT_SRC_OVR (bus 0 bus_irq 5 global_irq 5 high level)
[    0.044114] ACPI: INT_SRC_OVR (bus 0 bus_irq 9 global_irq 9 high level)
[    0.045272] ACPI: INT_SRC_OVR (bus 0 bus_irq 10 global_irq 10 high level)
[    0.046466] ACPI: INT_SRC_OVR (bus 0 bus_irq 11 global_irq 11 high level)
[    0.047644] ACPI: Using ACPI (MADT) for SMP configuration information
[    0.048765] ACPI: HPET id: 0x8086a201 base: 0xfed00000
[    0.049643] TSC deadline timer available
[    0.050329] CPU topo: Max. logical packages:   1
[    0.051154] CPU topo: Max. logical nodes:      1
[    0.051955] CPU topo: Num. nodes per package:  1
[    0.052772] CPU topo: Max. logical dies:       1
[    0.053565] CPU topo: Max. dies per package:   1
[    0.054369] CPU topo: Max. threads per core:   1
[    0.055153] CPU topo: Num. cores per package:     8
[    0.055980] CPU topo: Num. threads per package:   8
[    0.056879] CPU topo: Allowing 8 present CPUs plus 0 hotplug CPUs
[    0.057933] kvm-guest: APIC: eoi() replaced with kvm_guest_apic_eoi_write()
[    0.059166] kvm-guest: KVM setup pv remote TLB flush
[    0.060020] kvm-guest: setup PV sched yield
[    0.060779] PM: hibernation: Registered nosave memory: [mem 0x00000000-0x00000fff]
[    0.062066] PM: hibernation: Registered nosave memory: [mem 0x0009f000-0x000fffff]
[    0.063371] PM: hibernation: Registered nosave memory: [mem 0xbffe0000-0xffffffff]
[    0.064675] [gap 0xc0000000-0xfeffbfff] available for PCI devices
[    0.065736] Booting paravirtualized kernel on KVM
[    0.066553] clocksource: refined-jiffies: mask: 0xffffffff max_cycles: 0xffffffff, max_idle_ns: 1910969940391419 ns
[    0.072900] Zone ranges:
[    0.073346]   DMA      [mem 0x0000000000001000-0x0000000000ffffff]
[    0.074466]   DMA32    [mem 0x0000000001000000-0x00000000ffffffff]
[    0.075526]   Normal   [mem 0x0000000100000000-0x000000013fffffff]
[    0.076594] Movable zone start for each node
[    0.077333] Early memory node ranges
[    0.077939]   node   0: [mem 0x0000000000001000-0x000000000009efff]
[    0.079032]   node   0: [mem 0x0000000000100000-0x00000000bffdffff]
[    0.080096]   node   0: [mem 0x0000000100000000-0x000000013fffffff]
[    0.081189] Initmem setup node 0 [mem 0x0000000000001000-0x000000013fffffff]
[    0.082437] On node 0, zone DMA: 1 pages in unavailable ranges
[    0.083925] On node 0, zone DMA: 97 pages in unavailable ranges
[    0.210009] On node 0, zone Normal: 32 pages in unavailable ranges
[    0.211082] setup_percpu: NR_CPUS:128 nr_cpumask_bits:8 nr_cpu_ids:8 nr_node_ids:1
[    0.215608] percpu: Embedded 58 pages/cpu s199696 r8192 d29680 u262144
[    0.216741] pcpu-alloc: s199696 r8192 d29680 u262144 alloc=1*2097152
[    0.217838] pcpu-alloc: [0] 0 1 2 3 4 5 6 7 
[    0.218612] Kernel command line: virtme_hostname=virtme-ng nr_open=1048576 virtme_link_mods=/home/prozak/sources/heimdall_experiment/uml-harness/.build/bpf-next-x86/.virtme_mods/lib/modules/0.0.0 virtme_rw_overlay0=/tmp virtme_console=ttyS0 console=ttyS0 earlyprintk=serial,ttyS0,115200 panic=-1 virtme.exec=`bW91bnQgLXQgYnBmIGJwZmZzIC9zeXMvZnMvYnBmIDI+L2Rldi9udWxsOyAuL3Rlc3RfcHJvZ3MgLXQgJ2F0b21pY3Mn` virtme_chdir=home/prozak/sources/heimdall_experiment/uml-harness/.build/selftests-output-qemu rootfstype=9p rootflags=version=9p2000.L,trans=virtio,access=any,msize=524288 raid=noautodetect rw debug init=/home/prozak/.local/share/vng-venv/lib/python3.12/site-packages/virtme/guest/bin/virtme-ng-init
[    0.229393] Unknown kernel command line parameters "virtme_hostname=virtme-ng nr_open=1048576 virtme_link_mods=/home/prozak/sources/heimdall_experiment/uml-harness/.build/bpf-next-x86/.virtme_mods/lib/modules/0.0.0 virtme_rw_overlay0=/tmp virtme_console=ttyS0 virtme_chdir=home/prozak/sources/heimdall_experiment/uml-harness/.build/selftests-output-qemu", will be passed to user space.
[    0.235315] random: crng init done
[    0.235899] printk: log buffer data + meta data: 2097152 + 7340032 = 9437184 bytes
[    0.243455] Dentry cache hash table entries: 524288 (order: 10, 4194304 bytes, linear)
[    0.248070] Inode-cache hash table entries: 262144 (order: 9, 2097152 bytes, linear)
[    0.249633] software IO TLB: area num 8.
[    0.384464] Fallback order for Node 0: 0 
[    0.384470] Built 1 zonelists, mobility grouping on.  Total pages: 1048446
[    0.386471] Policy zone: Normal
[    0.387010] mem auto-init: stack:all(zero), heap alloc:off, heap free:off
[    0.393334] SLUB: HWalign=64, Order=0-3, MinObjects=0, CPUs=8, Nodes=1
Poking KASLR using RDRAND RDTSC...
[    0.408911] ftrace: allocating 69757 entries in 274 pages
[    0.409873] ftrace: allocated 274 pages with 3 groups
[    0.411214] Dynamic Preempt: full
[    0.412133] Running RCU self tests
[    0.412739] Running RCU synchronous self tests
[    0.413503] rcu: Preemptible hierarchical RCU implementation.
[    0.414505] rcu: 	RCU event tracing is enabled.
[    0.415281] rcu: 	RCU lockdep checking is enabled.
[    0.416119] rcu: 	RCU restricting CPUs from NR_CPUS=128 to nr_cpu_ids=8.
[    0.417303] 	Trampoline variant of Tasks RCU enabled.
[    0.418185] 	Rude variant of Tasks RCU enabled.
[    0.418962] 	Tracing variant of Tasks RCU enabled.
[    0.419843] rcu: RCU calculated value of scheduler-enlistment delay is 100 jiffies.
[    0.421178] rcu: Adjusting geometry for rcu_fanout_leaf=16, nr_cpu_ids=8
[    0.422391] Running RCU synchronous self tests
[    0.423166] RCU Tasks: Setting shift to 3 and lim to 1 rcu_task_cb_adjust=1 rcu_task_cpu_ids=8.
[    0.424688] RCU Tasks Rude: Setting shift to 3 and lim to 1 rcu_task_cb_adjust=1 rcu_task_cpu_ids=8.
[    0.432023] NR_IRQS: 8448, nr_irqs: 488, preallocated irqs: 16
[    0.433410] rcu: srcu_init: Setting srcu_struct sizes based on contention.
[    0.434681] clocksource: jiffies: mask: 0xffffffff max_cycles: 0xffffffff, max_idle_ns: 1911260446275000 ns
[    0.436864] Console: colour *CGA 80x25
[    0.437593] printk: legacy console [ttyS0] enabled
[    0.437593] printk: legacy console [ttyS0] enabled
[    0.439281] printk: legacy bootconsole [earlyser0] disabled
[    0.439281] printk: legacy bootconsole [earlyser0] disabled
[    0.441262] Lock dependency validator: Copyright (c) 2006 Red Hat, Inc., Ingo Molnar
[    0.442640] ... MAX_LOCKDEP_SUBCLASSES:  8
[    0.443363] ... MAX_LOCK_DEPTH:          48
[    0.444119] ... MAX_LOCKDEP_KEYS:        8192
[    0.444900] ... CLASSHASH_SIZE:          4096
[    0.445672] ... MAX_LOCKDEP_ENTRIES:     32768
[    0.446487] ... MAX_LOCKDEP_CHAINS:      65536
[    0.447269] ... CHAINHASH_SIZE:          32768
[    0.448070]  memory used by lock dependency info: 6429 kB
[    0.449043]  memory used for stack traces: 4224 kB
[    0.449919]  per task-struct memory footprint: 1920 bytes
[    0.450963] ACPI: Core revision 20260408
[    0.451969] clocksource: hpet: mask: 0xffffffff max_cycles: 0xffffffff, max_idle_ns: 19112604467 ns
[    0.453778] APIC: Switch to symmetric I/O mode setup
[    0.455098] x2apic enabled
[    0.456151] APIC: Switched APIC routing to: physical x2apic
[    0.457231] kvm-guest: APIC: send_IPI_mask() replaced with kvm_send_ipi_mask()
[    0.458564] kvm-guest: APIC: send_IPI_mask_allbutself() replaced with kvm_send_ipi_mask_allbutself()
[    0.460269] kvm-guest: setup PV IPIs
[    0.463007] ..TIMER: vector=0x30 apic1=0 pin1=2 apic2=-1 pin2=-1
[    0.464483] clocksource: tsc-early: mask: 0xffffffffffffffff max_cycles: 0x31027285e94, max_idle_ns: 440795238296 ns
[    0.466675] Calibrating delay loop (skipped) preset value.. 6800.07 BogoMIPS (lpj=3400038)
[    0.469419] x86/cpu: User Mode Instruction Prevention (UMIP) activated
[    0.469974] Last level iTLB entries: 4KB 512, 2MB 255, 4MB 127
[    0.470672] Last level dTLB entries: 4KB 512, 2MB 255, 4MB 127, 1GB 0
[    0.471680] mitigations: Enabled attack vectors: user_kernel, user_user, SMT mitigations: auto
[    0.472672] Speculative Store Bypass: Mitigation: Speculative Store Bypass disabled via prctl
[    0.473672] Speculative Return Stack Overflow: IBPB-extending microcode not applied!
[    0.474672] Speculative Return Stack Overflow: WARNING: See https://kernel.org/doc/html/latest/admin-guide/hw-vuln/srso.html for mitigation options.
[    0.474673] Transient Scheduler Attacks: Vulnerable: No microcode
[    0.476672] Spectre V2 : Mitigation: Retpolines
[    0.477672] Speculative Return Stack Overflow: Vulnerable: Safe RET, no microcode
[    0.478672] Spectre V1 : Mitigation: usercopy/swapgs barriers and __user pointer sanitization
[    0.479673] Spectre V2 : Spectre v2 / SpectreRSB: Filling RSB on context switch and VMEXIT
[    0.480672] Spectre V2 : Enabling Restricted Speculation for firmware calls
[    0.481674] Spectre V2 : mitigation: Enabling conditional Indirect Branch Prediction Barrier
[    0.482672] active return thunk: srso_alias_return_thunk
[    0.483722] x86/fpu: Supporting XSAVE feature 0x001: 'x87 floating point registers'
[    0.484672] x86/fpu: Supporting XSAVE feature 0x002: 'SSE registers'
[    0.485672] x86/fpu: Supporting XSAVE feature 0x004: 'AVX registers'
[    0.486672] x86/fpu: xstate_offset[2]:  576, xstate_sizes[2]:  256
[    0.487672] x86/fpu: Enabled xstate features 0x7, context size is 832 bytes, using 'compacted' format.
[    0.523230] pid_max: default: 32768 minimum: 301
[    0.523882] SELinux:  Initializing.
[    0.526507] LSM support for eBPF active
[    0.527771] Mount-cache hash table entries: 8192 (order: 4, 65536 bytes, linear)
[    0.528826] Mountpoint-cache hash table entries: 8192 (order: 4, 65536 bytes, linear)
[    0.531513] VFS: Finished mounting rootfs on nullfs
[    0.534067] Running RCU synchronous self tests
[    0.534674] Running RCU synchronous self tests
[    0.536251] smpboot: CPU0: AMD Ryzen 9 5950X 16-Core Processor (family: 0x19, model: 0x21, stepping: 0x2)
[    0.539023] Performance Events: Fam17h+ core perfctr, AMD PMU driver.
[    0.539707] ... version:                   0
[    0.540687] ... bit width:                 48
[    0.541679] ... generic counters:          6
[    0.542567] ... generic bitmap:            000000000000003f
[    0.542679] ... fixed-purpose counters:    0
[    0.543582] ... fixed-purpose bitmap:      0000000000000000
[    0.543679] ... value mask:                0000ffffffffffff
[    0.544679] ... max period:                00007fffffffffff
[    0.545678] ... global_ctrl mask:          000000000000003f
[    0.547002] signal: max sigframe size: 1776
[    0.547875] rcu: Hierarchical SRCU implementation.
[    0.548680] rcu: 	Max phase no-delay instances is 400.
[    0.550038] Timer migration: 1 hierarchy levels; 8 children per group; 1 crossnode level
[    0.562854] smp: Bringing up secondary CPUs ...
[    0.567969] smpboot: x86: Booting SMP configuration:
[    0.568679] .... node  #0, CPUs:      #1 #2 #3 #4 #5 #6 #7
[    0.601054] smp: Brought up 1 node, 8 CPUs
[    0.602569] smpboot: Total of 8 processors activated (54400.60 BogoMIPS)
[    0.604403] Memory: 3963788K/4193784K available (25637K kernel code, 10348K rwdata, 18032K rodata, 4668K init, 13400K bss, 221944K reserved, 0K cma-reserved)
[    0.606681] devtmpfs: initialized
[    0.611037] Running RCU synchronous self tests
[    0.611698] Running RCU synchronous self tests
[    0.612783] Running RCU Tasks wait API self tests
[    0.613749] Running RCU Tasks Rude wait API self tests
[    0.614681] Running RCU Tasks Trace wait API self tests
[    0.615798] posixtimers hash table entries: 4096 (order: 7, 294912 bytes, linear)
[    0.617912] futex hash table entries: 2048 (262144 bytes on 1 NUMA nodes, total 256 KiB, linear).
[    0.619683] PM: RTC time: 22:50:38, date: 2026-08-02
[    0.620710] Callback from call_rcu_tasks_trace() invoked.
[    0.627136] NET: Registered PF_NETLINK/PF_ROUTE protocol family
[    0.628665] audit: initializing netlink subsys (disabled)
[    0.628789] audit: type=2000 audit(1785711038.305:1): state=initialized audit_enabled=0 res=1
[    0.653707] thermal_sys: Registered thermal governor 'step_wise'
[    0.653761] cpuidle: using governor ladder
[    0.655724] cpuidle: using governor menu
[    0.657888] Freeing SMP alternatives memory: 68K
[    0.659576] PCI: Using configuration type 1 for base access
[    0.659679] PCI: Using configuration type 1 for extended access
[    0.660838] kprobes: kprobe jump-optimization is enabled. All kprobes are optimized if possible.
[    0.662820] HugeTLB: registered 1.00 GiB page size, pre-allocated 0 pages
[    0.663684] HugeTLB: 16380 KiB vmemmap can be freed for a 1.00 GiB page
[    0.664682] HugeTLB: registered 2.00 MiB page size, pre-allocated 0 pages
[    0.665680] HugeTLB: 28 KiB vmemmap can be freed for a 2.00 MiB page
[    0.671588] ACPI: Added _OSI(Module Device)
[    0.671679] ACPI: Added _OSI(Processor Device)
[    0.672666] ACPI: Added _OSI(Processor Aggregator Device)
[    0.676323] ACPI: 1 ACPI AML tables successfully acquired and loaded
[    0.679146] ACPI: \_SB_: platform _OSC: OS support mask [002a7eee]
[    0.680428] ACPI: Interpreter enabled
[    0.680746] ACPI: PM: (supports S0 S3 S4 S5)
[    0.681691] ACPI: Using IOAPIC for interrupt routing
[    0.682729] PCI: Using host bridge windows from ACPI; if necessary, use "pci=nocrs" and report a bug
[    0.683679] PCI: Using E820 reservations for host bridge windows
[    0.685048] ACPI: Enabled 2 GPEs in block 00 to 0F
[    0.701282] ACPI: PCI Root Bridge [PCI0] (domain 0000 [bus 00-ff])
[    0.701686] acpi PNP0A03:00: _OSC: OS supports [ExtendedConfig ASPM ClockPM Segments MSI HPX-Type3]
[    0.702691] acpi PNP0A03:00: _OSC: OS requested [PME PCIeCapability LTR]
[    0.703680] acpi PNP0A03:00: _OSC: platform willing to grant [PME PCIeCapability LTR]
[    0.704680] acpi PNP0A03:00: _OSC: platform retains control of PCIe features (AE_ERROR)
[    0.706475] PCI host bridge to bus 0000:00
[    0.706690] pci_bus 0000:00: root bus resource [io  0x0000-0x0cf7 window]
[    0.707680] pci_bus 0000:00: root bus resource [io  0x0d00-0xffff window]
[    0.708680] pci_bus 0000:00: root bus resource [mem 0x000a0000-0x000bffff window]
[    0.709680] pci_bus 0000:00: root bus resource [mem 0xc0000000-0xfebfffff window]
[    0.710680] pci_bus 0000:00: root bus resource [mem 0x380000000000-0x38007fffffff window]
[    0.711681] pci_bus 0000:00: root bus resource [bus 00-ff]
[    0.713094] pci 0000:00:00.0: [8086:1237] type 00 class 0x060000 conventional PCI endpoint
[    0.715298] pci 0000:00:01.0: [8086:7000] type 00 class 0x060100 conventional PCI endpoint
[    0.717070] pci 0000:00:01.1: [8086:7010] type 00 class 0x010180 conventional PCI endpoint
[    0.718503] pci 0000:00:01.1: BAR 4 [io  0xc1c0-0xc1cf]
[    0.718755] pci 0000:00:01.1: BAR 0 [io  0x01f0-0x01f7]: legacy IDE quirk
[    0.719679] pci 0000:00:01.1: BAR 1 [io  0x03f6]: legacy IDE quirk
[    0.720680] pci 0000:00:01.1: BAR 2 [io  0x0170-0x0177]: legacy IDE quirk
[    0.721680] pci 0000:00:01.1: BAR 3 [io  0x0376]: legacy IDE quirk
[    0.723431] pci 0000:00:01.3: [8086:7113] type 00 class 0x068000 conventional PCI endpoint
[    0.724383] pci 0000:00:01.3: quirk: [io  0x0600-0x063f] claimed by PIIX4 ACPI
[    0.724697] pci 0000:00:01.3: quirk: [io  0x0700-0x070f] claimed by PIIX4 SMB
[    0.726663] pci 0000:00:02.0: [1af4:1009] type 00 class 0x000200 conventional PCI endpoint
[    0.728696] pci 0000:00:02.0: BAR 0 [io  0xc000-0xc03f]
[    0.729695] pci 0000:00:02.0: BAR 1 [mem 0xfebf8000-0xfebf8fff]
[    0.730744] pci 0000:00:02.0: BAR 4 [mem 0x380000000000-0x380000003fff 64bit pref]
[    0.734807] pci 0000:00:03.0: [8086:25ab] type 00 class 0x088000 conventional PCI endpoint
[    0.736698] pci 0000:00:03.0: BAR 0 [mem 0xfebf9000-0xfebf900f]
[    0.740283] pci 0000:00:04.0: [1af4:1003] type 00 class 0x078000 conventional PCI endpoint
[    0.742407] pci 0000:00:04.0: BAR 0 [io  0xc040-0xc07f]
[    0.742697] pci 0000:00:04.0: BAR 1 [mem 0xfebfa000-0xfebfafff]
[    0.743739] pci 0000:00:04.0: BAR 4 [mem 0x380000004000-0x380000007fff 64bit pref]
[    0.747962] pci 0000:00:05.0: [1af4:1003] type 00 class 0x078000 conventional PCI endpoint
[    0.749698] pci 0000:00:05.0: BAR 0 [io  0xc080-0xc0bf]
[    0.750697] pci 0000:00:05.0: BAR 1 [mem 0xfebfb000-0xfebfbfff]
[    0.751738] pci 0000:00:05.0: BAR 4 [mem 0x380000008000-0x38000000bfff 64bit pref]
[    0.755946] pci 0000:00:06.0: [1af4:1003] type 00 class 0x078000 conventional PCI endpoint
[    0.757697] pci 0000:00:06.0: BAR 0 [io  0xc0c0-0xc0ff]
[    0.758697] pci 0000:00:06.0: BAR 1 [mem 0xfebfc000-0xfebfcfff]
[    0.759738] pci 0000:00:06.0: BAR 4 [mem 0x38000000c000-0x38000000ffff 64bit pref]
[    0.764086] pci 0000:00:07.0: [1af4:1003] type 00 class 0x078000 conventional PCI endpoint
[    0.765697] pci 0000:00:07.0: BAR 0 [io  0xc100-0xc13f]
[    0.766697] pci 0000:00:07.0: BAR 1 [mem 0xfebfd000-0xfebfdfff]
[    0.767740] pci 0000:00:07.0: BAR 4 [mem 0x380000010000-0x380000013fff 64bit pref]
[    0.771987] pci 0000:00:08.0: [1af4:1003] type 00 class 0x078000 conventional PCI endpoint
[    0.773658] pci 0000:00:08.0: BAR 0 [io  0xc140-0xc17f]
[    0.773697] pci 0000:00:08.0: BAR 1 [mem 0xfebfe000-0xfebfefff]
[    0.774740] pci 0000:00:08.0: BAR 4 [mem 0x380000014000-0x380000017fff 64bit pref]
[    0.778960] pci 0000:00:09.0: [1af4:1003] type 00 class 0x078000 conventional PCI endpoint
[    0.780697] pci 0000:00:09.0: BAR 0 [io  0xc180-0xc1bf]
[    0.781694] pci 0000:00:09.0: BAR 1 [mem 0xfebff000-0xfebfffff]
[    0.782741] pci 0000:00:09.0: BAR 4 [mem 0x380000018000-0x38000001bfff 64bit pref]
[    0.792408] ACPI: PCI: Interrupt link LNKA configured for IRQ 10
[    0.792939] ACPI: PCI: Interrupt link LNKB configured for IRQ 10
[    0.793932] ACPI: PCI: Interrupt link LNKC configured for IRQ 11
[    0.794931] ACPI: PCI: Interrupt link LNKD configured for IRQ 11
[    0.795825] ACPI: PCI: Interrupt link LNKS configured for IRQ 9
[    0.798689] iommu: Default domain type: Translated
[    0.799679] iommu: DMA domain TLB invalidation policy: lazy mode
[    0.802153] SCSI subsystem initialized
[    0.802752] libata version 3.00 loaded.
[    0.803838] ACPI: bus type USB registered
[    0.804807] usbcore: registered new interface driver usbfs
[    0.805749] usbcore: registered new interface driver hub
[    0.806719] usbcore: registered new device driver usb
[    0.807933] pps_core: LinuxPPS API ver. 1 registered
[    0.808679] pps_core: Software ver. 5.3.6 - Copyright 2005-2007 Rodolfo Giometti <giometti@linux.it>
[    0.809704] PTP clock support registered
[    0.811181] Advanced Linux Sound Architecture Driver Initialized.
[    0.812990] NetLabel: Initializing
[    0.813679] NetLabel:  domain hash size = 128
[    0.814597] NetLabel:  protocols = UNLABELED CIPSOv4 CALIPSO
[    0.814728] NetLabel:  unlabeled traffic allowed by default
[    0.815873] PCI: Using ACPI for IRQ routing
[    0.816681] PCI: pci_cache_line_size set to 64 bytes
[    0.818034] e820: register RAM buffer resource [mem 0x0009fc00-0x0009ffff]
[    0.818680] e820: register RAM buffer resource [mem 0xbffe0000-0xbfffffff]
[    0.819736] Callback from call_rcu_tasks() invoked.
[    0.819840] vgaarb: loaded
[    0.821481] hpet0: at MMIO 0xfed00000, IRQs 2, 8, 0
[    0.821679] hpet0: 3 comparators, 64-bit 100.000000 MHz counter
[    0.827099] clocksource: Switched to clocksource kvm-clock
[    0.829786] VFS: Disk quotas dquot_6.6.0
[    0.830734] VFS: Dquot-cache hash table entries: 512 (4096 bytes)
[    0.833248] pnp: PnP ACPI init
[    0.834339] pnp 00:02: [dma 2]
[    0.835863] pnp: PnP ACPI: found 4 devices
[    0.853883] clocksource: acpi_pm: mask: 0xffffff max_cycles: 0xffffff, max_idle_ns: 2085701024 ns
[    0.856352] NET: Registered PF_INET protocol family
[    0.858650] IP idents hash table entries: 65536 (order: 7, 524288 bytes, linear)
[    0.862552] tcp_listen_portaddr_hash hash table entries: 2048 (order: 6, 147456 bytes, linear)
[    0.864861] Table-perturb hash table entries: 65536 (order: 6, 262144 bytes, linear)
[    0.866543] TCP established hash table entries: 32768 (order: 6, 262144 bytes, linear)
[    0.868822] TCP bind hash table entries: 32768 (order: 11, 4718592 bytes, vmalloc hugepage)
[    0.882548] TCP: Hash tables configured (established 32768 bind 32768)
[    0.885798] MPTCP token hash table entries: 4096 (order: 7, 360448 bytes, linear)
[    0.887558] UDP hash table entries: 2048 (order: 7, 524288 bytes, linear)
[    0.890481] NET: Registered PF_UNIX/PF_LOCAL protocol family
[    0.892697] RPC: Registered named UNIX socket transport module.
[    0.894226] RPC: Registered udp transport module.
[    0.895333] RPC: Registered tcp transport module.
[    0.896386] RPC: Registered tcp-with-tls transport module.
[    0.897554] RPC: Registered tcp NFSv4.1 backchannel transport module.
[    0.899858] NET: Registered PF_XDP protocol family
[    0.901254] pci_bus 0000:00: resource 4 [io  0x0000-0x0cf7 window]
[    0.902701] pci_bus 0000:00: resource 5 [io  0x0d00-0xffff window]
[    0.904055] pci_bus 0000:00: resource 6 [mem 0x000a0000-0x000bffff window]
[    0.905506] pci_bus 0000:00: resource 7 [mem 0xc0000000-0xfebfffff window]
[    0.906969] pci_bus 0000:00: resource 8 [mem 0x380000000000-0x38007fffffff window]
[    0.908709] pci 0000:00:01.0: PIIX3: Enabling Passive Release
[    0.909934] pci 0000:00:00.0: Limiting direct PCI/PCI transfers
[    0.911364] PCI: CLS 0 bytes, default 64
[    0.912351] PCI-DMA: Using software bounce buffering for IO (SWIOTLB)
[    0.913699] software IO TLB: mapped [mem 0x00000000b5000000-0x00000000b9000000] (64MB)
[    0.916593] clocksource: tsc: mask: 0xffffffffffffffff max_cycles: 0x31027285e94, max_idle_ns: 440795238296 ns
[    0.928173] Initialise system trusted keyrings
[    0.929650] workingset: timestamp_bits=40 (anon: 35) max_order=20 bucket_order=0 (anon: 0)
[    0.932844] squashfs: version 4.0 (2009/01/31) Phillip Lougher
[    0.934796] NFS: Registering the id_resolver key type
[    0.936160] Key type id_resolver registered
[    0.937109] Key type id_legacy registered
[    0.937956] nfs4filelayout_init: NFSv4 File Layout Driver Registering...
[    0.939440] nfs4flexfilelayout_init: NFSv4 Flexfile Layout Driver Registering...
[    0.941237] fuse: init (API version 7.45)
[    0.942476] 9p: Installing v9fs 9p2000 file system support
[    0.945508] NET: Registered PF_ALG protocol family
[    0.946581] Key type asymmetric registered
[    0.947502] Asymmetric key parser 'x509' registered
[    0.948688] Block layer SCSI generic (bsg) driver version 0.4 loaded (major 248)
[    0.950823] io scheduler mq-deadline registered
[    0.952126] io scheduler kyber registered
[    0.954593] input: Power Button as /devices/platform/LNXPWRBN:00/input/input0
[    0.956420] ACPI: button: Power Button [PWRF]
[    1.083440] ACPI: \_SB_.LNKB: Enabled at IRQ 10
[    1.207700] ACPI: \_SB_.LNKD: Enabled at IRQ 11
[    1.332606] ACPI: \_SB_.LNKA: Enabled at IRQ 10
[    1.475272] kwatchdog (97) used greatest stack depth: 14776 bytes left
[    1.583389] ACPI: \_SB_.LNKC: Enabled at IRQ 11
[    1.831733] Serial: 8250/16550 driver, 4 ports, IRQ sharing enabled
[    1.834210] 00:03: ttyS0 at I/O 0x3f8 (irq = 4, base_baud = 115200) is a 16550A
[    1.980816] Non-volatile memory driver v1.3
[    1.982572] ACPI: bus type drm_connector registered
[    2.004582] brd: module loaded
[    2.018115] loop: module loaded
[    2.023189] scsi host0: ata_piix
[    2.024890] scsi host1: ata_piix
[    2.025911] ata1: PATA max MWDMA2 cmd 0x1f0 ctl 0x3f6 bmdma 0xc1c0 irq 14 lpm-pol 0
[    2.027580] ata2: PATA max MWDMA2 cmd 0x170 ctl 0x376 bmdma 0xc1c8 irq 15 lpm-pol 0
[    2.033623] tun: Universal TUN/TAP device driver, 1.6
[    2.035259] e100: Intel(R) PRO/100 Network Driver
[    2.036311] e100: Copyright(c) 1999-2006 Intel Corporation
[    2.037576] e1000: Intel(R) PRO/1000 Network Driver
[    2.038671] e1000: Copyright (c) 1999-2006 Intel Corporation.
[    2.040105] e1000e: Intel(R) PRO/1000 Network Driver
[    2.041182] e1000e: Copyright(c) 1999 - 2015 Intel Corporation.
[    2.042551] sky2: driver version 1.30
[    2.044556] usbcore: registered new interface driver usblp
[    2.045881] usbcore: registered new interface driver usb-storage
[    2.047292] i8042: PNP: PS/2 Controller [PNP0303:KBD,PNP0f13:MOU] at 0x60,0x64 irq 1,12
[    2.050453] serio: i8042 KBD port at 0x60,0x64 irq 1
[    2.051904] serio: i8042 AUX port at 0x60,0x64 irq 12
[    2.054053] rtc_cmos PNP0B00:00: RTC can wake from S4
[    2.057745] input: AT Translated Set 2 keyboard as /devices/platform/i8042/serio0/input/input1
[    2.057752] rtc_cmos PNP0B00:00: registered as rtc0
[    2.061253] rtc_cmos PNP0B00:00: alarms up to one day, y3k, 242 bytes nvram, hpet irqs
[    2.063548] Registered IR keymap rc-empty
[    2.064741] rc rc0: rc-core loopback device as /devices/virtual/rc/rc0
[    2.066558] rc rc0: lirc_dev: driver rc-loopback registered at minor = 0, raw IR receiver, raw IR transmitter
[    2.069109] input: rc-core loopback device as /devices/virtual/rc/rc0/input2
[    2.071977] intel_powerclamp: CPU does not support MWAIT
[    2.073203] device-mapper: core: CONFIG_IMA_DISABLE_HTABLE is disabled. Duplicate IMA measurements will not be recorded in the IMA log.
[    2.076465] device-mapper: ioctl: 4.50.0-ioctl (2025-04-28) initialised: dm-devel@lists.linux.dev
[    2.078551] amd_pstate: the _CPC object is not present in SBIOS or ACPI disabled
[    2.081309] hid: raw HID events driver (C) Jiri Kosina
[    2.085309] usbcore: registered new interface driver usbhid
[    2.086559] usbhid: USB HID core driver
[    2.088604] GACT probability NOT on
[    2.089433] Mirror/redirect action on
[    2.091581] nf_conntrack_irc: The irc conntrack helper is scheduled for removal.
[    2.091581] Please contact the netfilter-devel mailing list if you still need this.
[    2.096558] ipip: IPv4 and MPLS over IPv4 tunneling driver
[    2.098551] gre: GRE over IPv4 demultiplexer driver
[    2.099643] ip_gre: GRE over IPv4 tunneling driver
[    2.103132] Initializing XFRM netlink socket
[    2.104112] IPsec XFRM device driver
[    2.105039] NET: Registered PF_INET6 protocol family
[    2.108194] Segment Routing with IPv6
[    2.109041] In-situ OAM (IOAM) with IPv6
[    2.109912] mip6: Mobile IPv6
[    2.110646] sit: IPv6, IPv4 and MPLS over IPv4 tunneling driver
[    2.113483] ip6_gre: GRE over IPv6 tunneling driver
[    2.115388] NET: Registered PF_PACKET protocol family
[    2.116591] RPC: Registered rdma transport module.
[    2.117645] RPC: Registered rdma backchannel transport module.
[    2.119273] 8021q: 802.1Q VLAN Support v1.8
[    2.120829] smc: adding smcd device lo without pnetid
[    2.122478] NET: Registered PF_SMC protocol family
[    2.124046] 9pnet: Installing 9P2000 support
[    2.126547] Key type dns_resolver registered
[    2.127715] NET: Registered PF_VSOCK protocol family
[    2.128892] mpls_gso: MPLS GSO support
[    2.133375] IPI shorthand broadcast: enabled
[    2.176747] sched_clock: Marking stable (2152008277, 23989023)->(2280242065, -104244765)
[    2.180566] registered taskstats version 1
[    2.186658] ata2: found unknown device (class 0)
[    2.189275] ata2.00: ATAPI: QEMU DVD-ROM, 2.5+, max UDMA/100
[    2.193580] scsi 1:0:0:0: CD-ROM            QEMU     QEMU DVD-ROM     2.5+ PQ: 0 ANSI: 5
[    2.197480] Loading compiled-in X.509 certificates
[    2.199899] kworker/u32:1 (117) used greatest stack depth: 14152 bytes left
[    2.201131] Loaded X.509 cert 'Build time autogenerated kernel key: c4531344b9a9c1a4731230d977a262ba29ba5272'
[    2.201410] kworker/u32:1 (118) used greatest stack depth: 13008 bytes left
[    2.216940] sr 1:0:0:0: [sr0] scsi3-mmc drive: 4x/4x cd/rw xa/form2 tray
[    2.237689] cdrom: Uniform CD-ROM driver Revision: 3.20
[    2.241602] Demotion targets for Node 0: null
[    2.243186] ima: No TPM chip found, activating TPM-bypass!
[    2.244415] ima: Allocated hash algorithm: sha1
[    2.245829] ima: No architecture policies found
[    2.247979] PM:   Magic number: 6:285:855
[    2.248466] sr 1:0:0:0: Attached scsi CD-ROM sr0
[    2.249147] netconsole: network logging started
[    2.251649] sr 1:0:0:0: Attached scsi generic sg0 type 5
[    2.252626] cfg80211: Loading compiled-in X.509 certificates for regulatory database
[    2.256262] Loaded X.509 cert 'sforshee: 00b28ddf47aef9cea7'
[    2.257719] Loaded X.509 cert 'wens: 61c038651aabdcf94bd0ac7ff06c7248db18c600'
[    2.259433] ALSA device list:
[    2.260531] faux_driver regulatory: Direct firmware load for regulatory.db failed with error -2
[    2.262498] cfg80211: failed to load regulatory.db
[    2.262564]   No soundcards found.
[    2.500847] input: ImExPS/2 Generic Explorer Mouse as /devices/platform/i8042/serio1/input/input4
[    2.502718] md: Skipping autodetection of RAID arrays. (raid=autodetect will force)
[    2.504106] 9p: Bad value for 'source'
[    2.504750] 9pnet: Limiting 'msize' to 512000 as this is the maximum supported by transport virtio
[    2.508217] VFS: Mounted root (9p filesystem) on device 0:22.
[    2.509901] devtmpfs: mounted
[    2.510758] VFS: Pivoted into new rootfs
[    2.515664] Freeing unused kernel image (initmem) memory: 4668K
[    2.516554] Write protecting the kernel read-only data: 45056k
[    2.518751] Freeing unused kernel image (text/rodata gap) memory: 984K
[    2.520279] Freeing unused kernel image (rodata/data gap) memory: 400K
[    2.557632] x86/mm: Checked W+X mappings: passed, no W+X pages found.
[    2.558548] Run /home/prozak/.local/share/vng-venv/lib/python3.12/site-packages/virtme/guest/bin/virtme-ng-init as init process
[    2.560035]   with arguments:
[    2.560461]     /home/prozak/.local/share/vng-venv/lib/python3.12/site-packages/virtme/guest/bin/virtme-ng-init
[    2.561785]   with environment:
[    2.562253]     HOME=/
[    2.562606]     TERM=linux
[    2.563044]     virtme_hostname=virtme-ng
[    2.563597]     nr_open=1048576
[    2.564053]     virtme_link_mods=/home/prozak/sources/heimdall_experiment/uml-harness/.build/bpf-next-x86/.virtme_mods/lib/modules/0.0.0
[    2.565650]     virtme_rw_overlay0=/tmp
[    2.566199]     virtme_console=ttyS0
[    2.566703]     virtme_chdir=home/prozak/sources/heimdall_experiment/uml-harness/.build/selftests-output-qemu
[    2.655196] virtme-ng-init: mount devtmpfs -> /dev: EBUSY: Device or resource busy
[    2.657088] virtme-ng-init: Setting hostname to virtme-ng...
[    2.694359] virtme-ng-init: running systemd-tmpfiles
[    3.819889] systemd-tmpfile (128) used greatest stack depth: 12504 bytes left
[    3.820066] virtme-ng-init: basic initialization done
[    3.838373] virtme-ng-init: error creating file: Permission denied (os error 13)
[    3.919469] ip (134) used greatest stack depth: 11848 bytes left
[    4.041125] virtme-ng-init: Starting systemd-udevd version 255.4-1ubuntu8.16
[    4.043030] virtme-ng-init: triggering udev coldplug
[    7.132741] virtme-ng-init: waiting for udev to settle
[    7.926706] virtme-ng-init: udev is done
[    7.931062] virtme-ng-init: starting script
[    8.206790] bpf_testmod: loading out-of-tree module taints kernel.
[    8.207729] bpf_testmod: module verification failed: signature and/or required key missing - tainting kernel
[    8.345888] test_progs (200) used greatest stack depth: 11816 bytes left
[    8.351796] smc: removing smcd device lo
[    8.419425] ACPI: PM: Preparing to enter system sleep state S5
[    8.420856] reboot: Power down
