#1/1     arena_atomics/add:OK
#1/2     arena_atomics/sub:OK
#1/3     arena_atomics/and:OK
#1/4     arena_atomics/or:OK
#1/5     arena_atomics/xor:OK
#1/6     arena_atomics/cmpxchg:OK
#1/7     arena_atomics/xchg:OK
#1/8     arena_atomics/uaf:OK
#1/9     arena_atomics/load_acquire:OK
#1/10    arena_atomics/store_release:OK
#1       arena_atomics:OK
#11/1    atomics/add:OK
#11/2    atomics/sub:OK
#11/3    atomics/and:OK
#11/4    atomics/or:OK
#11/5    atomics/xor:OK
#11/6    atomics/cmpxchg:OK
#11/7    atomics/xchg:OK
#11      atomics:OK
Summary: 2/17 PASSED, 0 SKIPPED, 0 FAILED
prozak@powertower) (gcc (Ubuntu 13.3.0-6ubuntu2~24.04.1) 13.3.0, GNU ld (GNU Binutils for Ubuntu) 2.42) #3 SMP PREEMPT_DYNAMIC Sun Aug  2 09:03:43 PDT 2026
[    0.000000] Command line: virtme_hostname=virtme-ng nr_open=1048576 virtme_link_mods=/home/prozak/sources/heimdall_experiment/uml-harness/.build/bpf-next-x86/.virtme_mods/lib/modules/0.0.0 virtme_rw_overlay0=/tmp virtme_console=ttyS0 console=ttyS0 earlyprintk=serial,ttyS0,115200 panic=-1 virtme.exec=`Li90ZXN0X3Byb2dzIC10ICdhdG9taWNzJw==` virtme_chdir=home/prozak/sources/heimdall_experiment/uml-harness/.build/selftests-output-qemu rootfstype=9p rootflags=version=9p2000.L,trans=virtio,access=any,msize=524288 raid=noautodetect rw debug init=/home/prozak/.local/share/vng-venv/lib/python3.12/site-packages/virtme/guest/bin/virtme-ng-init
[    0.000000] x86 CPU feature dependency check failure: CPU0 has '18*32+31' enabled but '18*32+26' disabled. Kernel might be fine, but no guarantees.
[    0.000000] BIOS-provided physical RAM map:
[    0.000000] BIOS-e820: [mem 0x0000000000000000-0x000000000009fbff]  System RAM
[    0.000000] BIOS-e820: [mem 0x000000000009fc00-0x000000000009ffff]  device reserved
[    0.000000] BIOS-e820: [gap 0x00000000000a0000-0x00000000000effff]
[    0.000000] BIOS-e820: [mem 0x00000000000f0000-0x00000000000fffff]  device reserved
[    0.000000] BIOS-e820: [mem 0x0000000000100000-0x00000000bffdffff]  System RAM
[    0.000000] BIOS-e820: [mem 0x00000000bffe0000-0x00000000bfffffff]  device reserved
[    0.000000] BIOS-e820: [gap 0x00000000c0000000-0x00000000feffbfff]
[    0.000000] BIOS-e820: [mem 0x00000000feffc000-0x00000000feffffff]  device reserved
[    0.000000] BIOS-e820: [gap 0x00000000ff000000-0x00000000fffbffff]
[    0.000000] BIOS-e820: [mem 0x00000000fffc0000-0x00000000ffffffff]  device reserved
[    0.000000] BIOS-e820: [mem 0x0000000100000000-0x000000013fffffff]  System RAM
[    0.000000] BIOS-e820: [gap 0x0000000140000000-0x000000fcffffffff]
[    0.000000] BIOS-e820: [mem 0x000000fd00000000-0x000000ffffffffff]  device reserved
[    0.000000] printk: legacy bootconsole [earlyser0] enabled
[    0.000000] NX (Execute Disable) protection: active
[    0.000000] APIC: Static calls initialized
[    0.000000] DMI: SMBIOS 3.0.0 present.
[    0.000000] DMI: QEMU Ubuntu 24.04 PC v2 (i440FX + PIIX, arch_caps fix, 1996), BIOS 1.16.3-debian-1.16.3-2 04/01/2014
[    0.000000] DMI: Memory slots populated: 1/1
[    0.000000] Hypervisor detected: KVM
[    0.000000] last_pfn = 0xbffe0 max_arch_pfn = 0x400000000
[    0.000000] kvm-clock: Using msrs 4b564d01 and 4b564d00
[    0.000001] kvm-clock: using sched offset of 467779025 cycles
[    0.000899] clocksource: kvm-clock: mask: 0xffffffffffffffff max_cycles: 0x1cd42e4dffb, max_idle_ns: 881590591483 ns
[    0.003722] tsc: Detected 3400.038 MHz processor
[    0.004917] e820: update [mem 0x00000000-0x00000fff] System RAM ==> device reserved
[    0.006271] e820: remove [mem 0x000a0000-0x000fffff] System RAM
[    0.007289] last_pfn = 0x140000 max_arch_pfn = 0x400000000
[    0.008370] MTRR map: 4 entries (3 fixed + 1 variable; max 19), built from 8 variable MTRRs
[    0.009919] x86/PAT: Configuration [0-7]: WB  WC  UC- UC  WB  WP  UC- WT  
Memory KASLR using RDRAND RDTSC...
[    0.011816] last_pfn = 0xbffe0 max_arch_pfn = 0x400000000
[    0.014021] found SMP MP-table at [mem 0x000f5450-0x000f545f]
[    0.015038] Using GB pages for direct mapping
[    0.015910] ACPI: Early table checksum verification disabled
[    0.016931] ACPI: RSDP 0x00000000000F5240 000014 (v00 BOCHS )
[    0.017976] ACPI: RSDT 0x00000000BFFE1F16 000034 (v01 BOCHS  BXPC     00000001 BXPC 00000001)
[    0.019445] ACPI: FACP 0x00000000BFFE1D92 000074 (v01 BOCHS  BXPC     00000001 BXPC 00000001)
[    0.020956] ACPI: DSDT 0x00000000BFFE0040 001D52 (v01 BOCHS  BXPC     00000001 BXPC 00000001)
[    0.022449] ACPI: FACS 0x00000000BFFE0000 000040
[    0.023241] ACPI: APIC 0x00000000BFFE1E06 0000B0 (v03 BOCHS  BXPC     00000001 BXPC 00000001)
[    0.024746] ACPI: HPET 0x00000000BFFE1EB6 000038 (v01 BOCHS  BXPC     00000001 BXPC 00000001)
[    0.026274] ACPI: WAET 0x00000000BFFE1EEE 000028 (v01 BOCHS  BXPC     00000001 BXPC 00000001)
[    0.027815] ACPI: Reserving FACP table memory at [mem 0xbffe1d92-0xbffe1e05]
[    0.029054] ACPI: Reserving DSDT table memory at [mem 0xbffe0040-0xbffe1d91]
[    0.030297] ACPI: Reserving FACS table memory at [mem 0xbffe0000-0xbffe003f]
[    0.031504] ACPI: Reserving APIC table memory at [mem 0xbffe1e06-0xbffe1eb5]
[    0.032748] ACPI: Reserving HPET table memory at [mem 0xbffe1eb6-0xbffe1eed]
[    0.033995] ACPI: Reserving WAET table memory at [mem 0xbffe1eee-0xbffe1f15]
[    0.035738] No NUMA configuration found
[    0.036420] Faking a node at [mem 0x0000000000000000-0x000000013fffffff]
[    0.037584] NODE_DATA(0) allocated [mem 0x13fff9c80-0x13fffdfff]
[    0.039460] ACPI: PM-Timer IO Port: 0x608
[    0.040182] ACPI: LAPIC_NMI (acpi_id[0xff] dfl dfl lint[0x1])
[    0.041241] IOAPIC[0]: apic_id 0, version 17, address 0xfec00000, GSI 0-23
[    0.042469] ACPI: INT_SRC_OVR (bus 0 bus_irq 0 global_irq 2 dfl dfl)
[    0.043598] ACPI: INT_SRC_OVR (bus 0 bus_irq 5 global_irq 5 high level)
[    0.044781] ACPI: INT_SRC_OVR (bus 0 bus_irq 9 global_irq 9 high level)
[    0.045931] ACPI: INT_SRC_OVR (bus 0 bus_irq 10 global_irq 10 high level)
[    0.047175] ACPI: INT_SRC_OVR (bus 0 bus_irq 11 global_irq 11 high level)
[    0.048400] ACPI: Using ACPI (MADT) for SMP configuration information
[    0.049524] ACPI: HPET id: 0x8086a201 base: 0xfed00000
[    0.050423] TSC deadline timer available
[    0.051134] CPU topo: Max. logical packages:   1
[    0.051925] CPU topo: Max. logical nodes:      1
[    0.052763] CPU topo: Num. nodes per package:  1
[    0.053556] CPU topo: Max. logical dies:       1
[    0.054378] CPU topo: Max. dies per package:   1
[    0.055188] CPU topo: Max. threads per core:   1
[    0.055978] CPU topo: Num. cores per package:     8
[    0.056831] CPU topo: Num. threads per package:   8
[    0.057697] CPU topo: Allowing 8 present CPUs plus 0 hotplug CPUs
[    0.058829] kvm-guest: APIC: eoi() replaced with kvm_guest_apic_eoi_write()
[    0.060122] kvm-guest: KVM setup pv remote TLB flush
[    0.061011] kvm-guest: setup PV sched yield
[    0.061751] PM: hibernation: Registered nosave memory: [mem 0x00000000-0x00000fff]
[    0.063083] PM: hibernation: Registered nosave memory: [mem 0x0009f000-0x000fffff]
[    0.064421] PM: hibernation: Registered nosave memory: [mem 0xbffe0000-0xffffffff]
[    0.065717] [gap 0xc0000000-0xfeffbfff] available for PCI devices
[    0.066798] Booting paravirtualized kernel on KVM
[    0.067612] clocksource: refined-jiffies: mask: 0xffffffff max_cycles: 0xffffffff, max_idle_ns: 1910969940391419 ns
[    0.074006] Zone ranges:
[    0.074474]   DMA      [mem 0x0000000000001000-0x0000000000ffffff]
[    0.075573]   DMA32    [mem 0x0000000001000000-0x00000000ffffffff]
[    0.076682]   Normal   [mem 0x0000000100000000-0x000000013fffffff]
[    0.077786] Movable zone start for each node
[    0.078567] Early memory node ranges
[    0.079185]   node   0: [mem 0x0000000000001000-0x000000000009efff]
[    0.080300]   node   0: [mem 0x0000000000100000-0x00000000bffdffff]
[    0.081394]   node   0: [mem 0x0000000100000000-0x000000013fffffff]
[    0.082491] Initmem setup node 0 [mem 0x0000000000001000-0x000000013fffffff]
[    0.083736] On node 0, zone DMA: 1 pages in unavailable ranges
[    0.085150] On node 0, zone DMA: 97 pages in unavailable ranges
[    0.200664] On node 0, zone Normal: 32 pages in unavailable ranges
[    0.201782] setup_percpu: NR_CPUS:128 nr_cpumask_bits:8 nr_cpu_ids:8 nr_node_ids:1
[    0.207228] percpu: Embedded 58 pages/cpu s199696 r8192 d29680 u262144
[    0.208389] pcpu-alloc: s199696 r8192 d29680 u262144 alloc=1*2097152
[    0.209512] pcpu-alloc: [0] 0 1 2 3 4 5 6 7 
[    0.210297] Kernel command line: virtme_hostname=virtme-ng nr_open=1048576 virtme_link_mods=/home/prozak/sources/heimdall_experiment/uml-harness/.build/bpf-next-x86/.virtme_mods/lib/modules/0.0.0 virtme_rw_overlay0=/tmp virtme_console=ttyS0 console=ttyS0 earlyprintk=serial,ttyS0,115200 panic=-1 virtme.exec=`Li90ZXN0X3Byb2dzIC10ICdhdG9taWNzJw==` virtme_chdir=home/prozak/sources/heimdall_experiment/uml-harness/.build/selftests-output-qemu rootfstype=9p rootflags=version=9p2000.L,trans=virtio,access=any,msize=524288 raid=noautodetect rw debug init=/home/prozak/.local/share/vng-venv/lib/python3.12/site-packages/virtme/guest/bin/virtme-ng-init
[    0.220351] Unknown kernel command line parameters "virtme_hostname=virtme-ng nr_open=1048576 virtme_link_mods=/home/prozak/sources/heimdall_experiment/uml-harness/.build/bpf-next-x86/.virtme_mods/lib/modules/0.0.0 virtme_rw_overlay0=/tmp virtme_console=ttyS0 virtme_chdir=home/prozak/sources/heimdall_experiment/uml-harness/.build/selftests-output-qemu", will be passed to user space.
[    0.226347] random: crng init done
[    0.226948] printk: log buffer data + meta data: 2097152 + 7340032 = 9437184 bytes
[    0.236230] Dentry cache hash table entries: 524288 (order: 10, 4194304 bytes, linear)
[    0.241720] Inode-cache hash table entries: 262144 (order: 9, 2097152 bytes, linear)
[    0.243299] software IO TLB: area num 8.
[    0.379327] Fallback order for Node 0: 0 
[    0.379334] Built 1 zonelists, mobility grouping on.  Total pages: 1048446
[    0.381281] Policy zone: Normal
[    0.381822] mem auto-init: stack:all(zero), heap alloc:off, heap free:off
[    0.388444] SLUB: HWalign=64, Order=0-3, MinObjects=0, CPUs=8, Nodes=1
Poking KASLR using RDRAND RDTSC...
[    0.404441] ftrace: allocating 69757 entries in 274 pages
[    0.405436] ftrace: allocated 274 pages with 3 groups
[    0.406844] Dynamic Preempt: full
[    0.407696] Running RCU self tests
[    0.408336] Running RCU synchronous self tests
[    0.409156] rcu: Preemptible hierarchical RCU implementation.
[    0.410163] rcu: 	RCU event tracing is enabled.
[    0.410966] rcu: 	RCU lockdep checking is enabled.
[    0.411795] rcu: 	RCU restricting CPUs from NR_CPUS=128 to nr_cpu_ids=8.
[    0.413012] 	Trampoline variant of Tasks RCU enabled.
[    0.413909] 	Rude variant of Tasks RCU enabled.
[    0.414686] 	Tracing variant of Tasks RCU enabled.
[    0.415526] rcu: RCU calculated value of scheduler-enlistment delay is 100 jiffies.
[    0.416871] rcu: Adjusting geometry for rcu_fanout_leaf=16, nr_cpu_ids=8
[    0.418144] Running RCU synchronous self tests
[    0.418947] RCU Tasks: Setting shift to 3 and lim to 1 rcu_task_cb_adjust=1 rcu_task_cpu_ids=8.
[    0.420478] RCU Tasks Rude: Setting shift to 3 and lim to 1 rcu_task_cb_adjust=1 rcu_task_cpu_ids=8.
[    0.427885] NR_IRQS: 8448, nr_irqs: 488, preallocated irqs: 16
[    0.429342] rcu: srcu_init: Setting srcu_struct sizes based on contention.
[    0.430606] clocksource: jiffies: mask: 0xffffffff max_cycles: 0xffffffff, max_idle_ns: 1911260446275000 ns
[    0.432704] Console: colour *CGA 80x25
[    0.433454] printk: legacy console [ttyS0] enabled
[    0.433454] printk: legacy console [ttyS0] enabled
[    0.435200] printk: legacy bootconsole [earlyser0] disabled
[    0.435200] printk: legacy bootconsole [earlyser0] disabled
[    0.437237] Lock dependency validator: Copyright (c) 2006 Red Hat, Inc., Ingo Molnar
[    0.438712] ... MAX_LOCKDEP_SUBCLASSES:  8
[    0.439478] ... MAX_LOCK_DEPTH:          48
[    0.440220] ... MAX_LOCKDEP_KEYS:        8192
[    0.441007] ... CLASSHASH_SIZE:          4096
[    0.441781] ... MAX_LOCKDEP_ENTRIES:     32768
[    0.442611] ... MAX_LOCKDEP_CHAINS:      65536
[    0.443449] ... CHAINHASH_SIZE:          32768
[    0.444257]  memory used by lock dependency info: 6429 kB
[    0.445209]  memory used for stack traces: 4224 kB
[    0.446073]  per task-struct memory footprint: 1920 bytes
[    0.447179] ACPI: Core revision 20260408
[    0.448163] clocksource: hpet: mask: 0xffffffff max_cycles: 0xffffffff, max_idle_ns: 19112604467 ns
[    0.450028] APIC: Switch to symmetric I/O mode setup
[    0.451434] x2apic enabled
[    0.452476] APIC: Switched APIC routing to: physical x2apic
[    0.453542] kvm-guest: APIC: send_IPI_mask() replaced with kvm_send_ipi_mask()
[    0.454924] kvm-guest: APIC: send_IPI_mask_allbutself() replaced with kvm_send_ipi_mask_allbutself()
[    0.456697] kvm-guest: setup PV IPIs
[    0.459419] ..TIMER: vector=0x30 apic1=0 pin1=2 apic2=-1 pin2=-1
[    0.460588] clocksource: tsc-early: mask: 0xffffffffffffffff max_cycles: 0x31027285e94, max_idle_ns: 440795238296 ns
[    0.462489] Calibrating delay loop (skipped) preset value.. 6800.07 BogoMIPS (lpj=3400038)
[    0.464108] x86/cpu: User Mode Instruction Prevention (UMIP) activated
[    0.465783] Last level iTLB entries: 4KB 512, 2MB 255, 4MB 127
[    0.466486] Last level dTLB entries: 4KB 512, 2MB 255, 4MB 127, 1GB 0
[    0.467494] mitigations: Enabled attack vectors: user_kernel, user_user, SMT mitigations: auto
[    0.468486] Speculative Store Bypass: Mitigation: Speculative Store Bypass disabled via prctl
[    0.469486] Speculative Return Stack Overflow: IBPB-extending microcode not applied!
[    0.470486] Speculative Return Stack Overflow: WARNING: See https://kernel.org/doc/html/latest/admin-guide/hw-vuln/srso.html for mitigation options.
[    0.470487] Transient Scheduler Attacks: Vulnerable: No microcode
[    0.472486] Spectre V2 : Mitigation: Retpolines
[    0.473486] Speculative Return Stack Overflow: Vulnerable: Safe RET, no microcode
[    0.474486] Spectre V1 : Mitigation: usercopy/swapgs barriers and __user pointer sanitization
[    0.475486] Spectre V2 : Spectre v2 / SpectreRSB: Filling RSB on context switch and VMEXIT
[    0.476499] Spectre V2 : Enabling Restricted Speculation for firmware calls
[    0.477488] Spectre V2 : mitigation: Enabling conditional Indirect Branch Prediction Barrier
[    0.478486] active return thunk: srso_alias_return_thunk
[    0.479535] x86/fpu: Supporting XSAVE feature 0x001: 'x87 floating point registers'
[    0.480486] x86/fpu: Supporting XSAVE feature 0x002: 'SSE registers'
[    0.481486] x86/fpu: Supporting XSAVE feature 0x004: 'AVX registers'
[    0.482486] x86/fpu: xstate_offset[2]:  576, xstate_sizes[2]:  256
[    0.483486] x86/fpu: Enabled xstate features 0x7, context size is 832 bytes, using 'compacted' format.
[    0.517925] pid_max: default: 32768 minimum: 301
[    0.518762] SELinux:  Initializing.
[    0.521106] LSM support for eBPF active
[    0.521811] Mount-cache hash table entries: 8192 (order: 4, 65536 bytes, linear)
[    0.522649] Mountpoint-cache hash table entries: 8192 (order: 4, 65536 bytes, linear)
[    0.524644] VFS: Finished mounting rootfs on nullfs
[    0.527056] Running RCU synchronous self tests
[    0.527488] Running RCU synchronous self tests
[    0.529061] smpboot: CPU0: AMD Ryzen 9 5950X 16-Core Processor (family: 0x19, model: 0x21, stepping: 0x2)
[    0.531760] Performance Events: Fam17h+ core perfctr, AMD PMU driver.
[    0.532507] ... version:                   0
[    0.533401] ... bit width:                 48
[    0.533493] ... generic counters:          6
[    0.534405] ... generic bitmap:            000000000000003f
[    0.534493] ... fixed-purpose counters:    0
[    0.535388] ... fixed-purpose bitmap:      0000000000000000
[    0.535493] ... value mask:                0000ffffffffffff
[    0.536492] ... max period:                00007fffffffffff
[    0.537493] ... global_ctrl mask:          000000000000003f
[    0.538851] signal: max sigframe size: 1776
[    0.539659] rcu: Hierarchical SRCU implementation.
[    0.540495] rcu: 	Max phase no-delay instances is 400.
[    0.541866] Timer migration: 1 hierarchy levels; 8 children per group; 1 crossnode level
[    0.554478] smp: Bringing up secondary CPUs ...
[    0.558791] smpboot: x86: Booting SMP configuration:
[    0.559493] .... node  #0, CPUs:      #1 #2 #3 #4 #5 #6 #7
[    0.593495] smp: Brought up 1 node, 8 CPUs
[    0.595401] smpboot: Total of 8 processors activated (54400.60 BogoMIPS)
[    0.597220] Memory: 3963792K/4193784K available (25637K kernel code, 10348K rwdata, 18032K rodata, 4668K init, 13400K bss, 221940K reserved, 0K cma-reserved)
[    0.599493] devtmpfs: initialized
[    0.603949] Running RCU synchronous self tests
[    0.604512] Running RCU synchronous self tests
[    0.605582] Running RCU Tasks wait API self tests
[    0.606548] Running RCU Tasks Rude wait API self tests
[    0.607498] Running RCU Tasks Trace wait API self tests
[    0.608610] posixtimers hash table entries: 4096 (order: 7, 294912 bytes, linear)
[    0.610716] futex hash table entries: 2048 (262144 bytes on 1 NUMA nodes, total 256 KiB, linear).
[    0.612466] PM: RTC time: 16:33:59, date: 2026-08-02
[    0.613528] Callback from call_rcu_tasks_trace() invoked.
[    0.618581] NET: Registered PF_NETLINK/PF_ROUTE protocol family
[    0.620483] audit: initializing netlink subsys (disabled)
[    0.620606] audit: type=2000 audit(1785688439.953:1): state=initialized audit_enabled=0 res=1
[    0.645094] thermal_sys: Registered thermal governor 'step_wise'
[    0.645168] cpuidle: using governor ladder
[    0.646422] cpuidle: using governor menu
[    0.647781] Freeing SMP alternatives memory: 68K
[    0.649415] PCI: Using configuration type 1 for base access
[    0.649519] PCI: Using configuration type 1 for extended access
[    0.650664] kprobes: kprobe jump-optimization is enabled. All kprobes are optimized if possible.
[    0.652648] HugeTLB: registered 1.00 GiB page size, pre-allocated 0 pages
[    0.653496] HugeTLB: 16380 KiB vmemmap can be freed for a 1.00 GiB page
[    0.654494] HugeTLB: registered 2.00 MiB page size, pre-allocated 0 pages
[    0.655493] HugeTLB: 28 KiB vmemmap can be freed for a 2.00 MiB page
[    0.661444] ACPI: Added _OSI(Module Device)
[    0.661494] ACPI: Added _OSI(Processor Device)
[    0.662480] ACPI: Added _OSI(Processor Aggregator Device)
[    0.666083] ACPI: 1 ACPI AML tables successfully acquired and loaded
[    0.669089] ACPI: \_SB_: platform _OSC: OS support mask [002a7eee]
[    0.670251] ACPI: Interpreter enabled
[    0.671561] ACPI: PM: (supports S0 S3 S4 S5)
[    0.672507] ACPI: Using IOAPIC for interrupt routing
[    0.673611] PCI: Using host bridge windows from ACPI; if necessary, use "pci=nocrs" and report a bug
[    0.675493] PCI: Using E820 reservations for host bridge windows
[    0.676878] ACPI: Enabled 2 GPEs in block 00 to 0F
[    0.692462] ACPI: PCI Root Bridge [PCI0] (domain 0000 [bus 00-ff])
[    0.693500] acpi PNP0A03:00: _OSC: OS supports [ExtendedConfig ASPM ClockPM Segments MSI HPX-Type3]
[    0.695505] acpi PNP0A03:00: _OSC: OS requested [PME PCIeCapability LTR]
[    0.697495] acpi PNP0A03:00: _OSC: platform willing to grant [PME PCIeCapability LTR]
[    0.698493] acpi PNP0A03:00: _OSC: platform retains control of PCIe features (AE_ERROR)
[    0.701250] PCI host bridge to bus 0000:00
[    0.701502] pci_bus 0000:00: root bus resource [io  0x0000-0x0cf7 window]
[    0.703495] pci_bus 0000:00: root bus resource [io  0x0d00-0xffff window]
[    0.704494] pci_bus 0000:00: root bus resource [mem 0x000a0000-0x000bffff window]
[    0.706495] pci_bus 0000:00: root bus resource [mem 0xc0000000-0xfebfffff window]
[    0.707495] pci_bus 0000:00: root bus resource [mem 0x380000000000-0x38007fffffff window]
[    0.709495] pci_bus 0000:00: root bus resource [bus 00-ff]
[    0.710982] pci 0000:00:00.0: [8086:1237] type 00 class 0x060000 conventional PCI endpoint
[    0.713993] pci 0000:00:01.0: [8086:7000] type 00 class 0x060100 conventional PCI endpoint
[    0.716936] pci 0000:00:01.1: [8086:7010] type 00 class 0x010180 conventional PCI endpoint
[    0.719572] pci 0000:00:01.1: BAR 4 [io  0xc1c0-0xc1cf]
[    0.721570] pci 0000:00:01.1: BAR 0 [io  0x01f0-0x01f7]: legacy IDE quirk
[    0.722494] pci 0000:00:01.1: BAR 1 [io  0x03f6]: legacy IDE quirk
[    0.723494] pci 0000:00:01.1: BAR 2 [io  0x0170-0x0177]: legacy IDE quirk
[    0.725493] pci 0000:00:01.1: BAR 3 [io  0x0376]: legacy IDE quirk
[    0.727180] pci 0000:00:01.3: [8086:7113] type 00 class 0x068000 conventional PCI endpoint
[    0.729238] pci 0000:00:01.3: quirk: [io  0x0600-0x063f] claimed by PIIX4 ACPI
[    0.731512] pci 0000:00:01.3: quirk: [io  0x0700-0x070f] claimed by PIIX4 SMB
[    0.733537] pci 0000:00:02.0: [1af4:1009] type 00 class 0x000200 conventional PCI endpoint
[    0.737510] pci 0000:00:02.0: BAR 0 [io  0xc000-0xc03f]
[    0.738511] pci 0000:00:02.0: BAR 1 [mem 0xfebf8000-0xfebf8fff]
[    0.739555] pci 0000:00:02.0: BAR 4 [mem 0x380000000000-0x380000003fff 64bit pref]
[    0.743483] pci 0000:00:03.0: [8086:25ab] type 00 class 0x088000 conventional PCI endpoint
[    0.746510] pci 0000:00:03.0: BAR 0 [mem 0xfebf9000-0xfebf900f]
[    0.749994] pci 0000:00:04.0: [1af4:1003] type 00 class 0x078000 conventional PCI endpoint
[    0.754512] pci 0000:00:04.0: BAR 0 [io  0xc040-0xc07f]
[    0.755775] pci 0000:00:04.0: BAR 1 [mem 0xfebfa000-0xfebfafff]
[    0.756556] pci 0000:00:04.0: BAR 4 [mem 0x380000004000-0x380000007fff 64bit pref]
[    0.761733] pci 0000:00:05.0: [1af4:1003] type 00 class 0x078000 conventional PCI endpoint
[    0.764511] pci 0000:00:05.0: BAR 0 [io  0xc080-0xc0bf]
[    0.765509] pci 0000:00:05.0: BAR 1 [mem 0xfebfb000-0xfebfbfff]
[    0.766555] pci 0000:00:05.0: BAR 4 [mem 0x380000008000-0x38000000bfff 64bit pref]
[    0.771704] pci 0000:00:06.0: [1af4:1003] type 00 class 0x078000 conventional PCI endpoint
[    0.774510] pci 0000:00:06.0: BAR 0 [io  0xc0c0-0xc0ff]
[    0.775518] pci 0000:00:06.0: BAR 1 [mem 0xfebfc000-0xfebfcfff]
[    0.777568] pci 0000:00:06.0: BAR 4 [mem 0x38000000c000-0x38000000ffff 64bit pref]
[    0.781735] pci 0000:00:07.0: [1af4:1003] type 00 class 0x078000 conventional PCI endpoint
[    0.784483] pci 0000:00:07.0: BAR 0 [io  0xc100-0xc13f]
[    0.785512] pci 0000:00:07.0: BAR 1 [mem 0xfebfd000-0xfebfdfff]
[    0.786554] pci 0000:00:07.0: BAR 4 [mem 0x380000010000-0x380000013fff 64bit pref]
[    0.791705] pci 0000:00:08.0: [1af4:1003] type 00 class 0x078000 conventional PCI endpoint
[    0.794483] pci 0000:00:08.0: BAR 0 [io  0xc140-0xc17f]
[    0.795512] pci 0000:00:08.0: BAR 1 [mem 0xfebfe000-0xfebfefff]
[    0.796555] pci 0000:00:08.0: BAR 4 [mem 0x380000014000-0x380000017fff 64bit pref]
[    0.801719] pci 0000:00:09.0: [1af4:1003] type 00 class 0x078000 conventional PCI endpoint
[    0.804461] pci 0000:00:09.0: BAR 0 [io  0xc180-0xc1bf]
[    0.805511] pci 0000:00:09.0: BAR 1 [mem 0xfebff000-0xfebfffff]
[    0.806554] pci 0000:00:09.0: BAR 4 [mem 0x380000018000-0x38000001bfff 64bit pref]
[    0.816794] ACPI: PCI: Interrupt link LNKA configured for IRQ 10
[    0.817757] ACPI: PCI: Interrupt link LNKB configured for IRQ 10
[    0.819751] ACPI: PCI: Interrupt link LNKC configured for IRQ 11
[    0.820785] ACPI: PCI: Interrupt link LNKD configured for IRQ 11
[    0.822622] ACPI: PCI: Interrupt link LNKS configured for IRQ 9
[    0.825564] iommu: Default domain type: Translated
[    0.826496] iommu: DMA domain TLB invalidation policy: lazy mode
[    0.829984] SCSI subsystem initialized
[    0.830579] libata version 3.00 loaded.
[    0.831624] ACPI: bus type USB registered
[    0.832657] usbcore: registered new interface driver usbfs
[    0.833554] usbcore: registered new interface driver hub
[    0.834569] usbcore: registered new device driver usb
[    0.835635] pps_core: LinuxPPS API ver. 1 registered
[    0.837494] pps_core: Software ver. 5.3.6 - Copyright 2005-2007 Rodolfo Giometti <giometti@linux.it>
[    0.838523] PTP clock support registered
[    0.841007] Advanced Linux Sound Architecture Driver Initialized.
[    0.842836] NetLabel: Initializing
[    0.843494] NetLabel:  domain hash size = 128
[    0.844431] NetLabel:  protocols = UNLABELED CIPSOv4 CALIPSO
[    0.845542] NetLabel:  unlabeled traffic allowed by default
[    0.847793] PCI: Using ACPI for IRQ routing
[    0.848499] PCI: pci_cache_line_size set to 64 bytes
[    0.849954] e820: register RAM buffer resource [mem 0x0009fc00-0x0009ffff]
[    0.851527] e820: register RAM buffer resource [mem 0xbffe0000-0xbfffffff]
[    0.853508] vgaarb: loaded
[    0.853520] hpet0: at MMIO 0xfed00000, IRQs 2, 8, 0
[    0.854493] hpet0: 3 comparators, 64-bit 100.000000 MHz counter
[    0.859860] clocksource: Switched to clocksource kvm-clock
[    0.862078] VFS: Disk quotas dquot_6.6.0
[    0.863008] VFS: Dquot-cache hash table entries: 512 (4096 bytes)
[    0.865568] pnp: PnP ACPI init
[    0.866809] pnp 00:02: [dma 2]
[    0.868485] pnp: PnP ACPI: found 4 devices
[    0.886973] clocksource: acpi_pm: mask: 0xffffff max_cycles: 0xffffff, max_idle_ns: 2085701024 ns
[    0.889167] NET: Registered PF_INET protocol family
[    0.891510] IP idents hash table entries: 65536 (order: 7, 524288 bytes, linear)
[    0.895492] tcp_listen_portaddr_hash hash table entries: 2048 (order: 6, 147456 bytes, linear)
[    0.898039] Table-perturb hash table entries: 65536 (order: 6, 262144 bytes, linear)
[    0.899772] TCP established hash table entries: 32768 (order: 6, 262144 bytes, linear)
[    0.902045] TCP bind hash table entries: 32768 (order: 11, 4718592 bytes, vmalloc hugepage)
[    0.914218] TCP: Hash tables configured (established 32768 bind 32768)
[    0.917238] MPTCP token hash table entries: 4096 (order: 7, 360448 bytes, linear)
[    0.919049] UDP hash table entries: 2048 (order: 7, 524288 bytes, linear)
[    0.919052] Callback from call_rcu_tasks() invoked.
[    0.922090] NET: Registered PF_UNIX/PF_LOCAL protocol family
[    0.924758] RPC: Registered named UNIX socket transport module.
[    0.926409] RPC: Registered udp transport module.
[    0.927506] RPC: Registered tcp transport module.
[    0.928588] RPC: Registered tcp-with-tls transport module.
[    0.929755] RPC: Registered tcp NFSv4.1 backchannel transport module.
[    0.932062] NET: Registered PF_XDP protocol family
[    0.933162] pci_bus 0000:00: resource 4 [io  0x0000-0x0cf7 window]
[    0.934522] pci_bus 0000:00: resource 5 [io  0x0d00-0xffff window]
[    0.935863] pci_bus 0000:00: resource 6 [mem 0x000a0000-0x000bffff window]
[    0.937375] pci_bus 0000:00: resource 7 [mem 0xc0000000-0xfebfffff window]
[    0.938841] pci_bus 0000:00: resource 8 [mem 0x380000000000-0x38007fffffff window]
[    0.940608] pci 0000:00:01.0: PIIX3: Enabling Passive Release
[    0.941867] pci 0000:00:00.0: Limiting direct PCI/PCI transfers
[    0.943328] PCI: CLS 0 bytes, default 64
[    0.944344] PCI-DMA: Using software bounce buffering for IO (SWIOTLB)
[    0.945770] software IO TLB: mapped [mem 0x00000000bbfe0000-0x00000000bffe0000] (64MB)
[    0.948583] clocksource: tsc: mask: 0xffffffffffffffff max_cycles: 0x31027285e94, max_idle_ns: 440795238296 ns
[    0.960000] Initialise system trusted keyrings
[    0.961467] workingset: timestamp_bits=40 (anon: 35) max_order=20 bucket_order=0 (anon: 0)
[    0.964648] squashfs: version 4.0 (2009/01/31) Phillip Lougher
[    0.966583] NFS: Registering the id_resolver key type
[    0.967725] Key type id_resolver registered
[    0.968691] Key type id_legacy registered
[    0.969641] nfs4filelayout_init: NFSv4 File Layout Driver Registering...
[    0.971110] nfs4flexfilelayout_init: NFSv4 Flexfile Layout Driver Registering...
[    0.972942] fuse: init (API version 7.45)
[    0.974140] 9p: Installing v9fs 9p2000 file system support
[    0.977217] NET: Registered PF_ALG protocol family
[    0.978304] Key type asymmetric registered
[    0.979237] Asymmetric key parser 'x509' registered
[    0.980360] Block layer SCSI generic (bsg) driver version 0.4 loaded (major 248)
[    0.982513] io scheduler mq-deadline registered
[    0.983759] io scheduler kyber registered
[    0.986140] input: Power Button as /devices/platform/LNXPWRBN:00/input/input0
[    0.988016] ACPI: button: Power Button [PWRF]
[    1.118613] ACPI: \_SB_.LNKB: Enabled at IRQ 10
[    1.244354] ACPI: \_SB_.LNKD: Enabled at IRQ 11
[    1.370269] ACPI: \_SB_.LNKA: Enabled at IRQ 10
[    1.483642] kwatchdog (98) used greatest stack depth: 14776 bytes left
[    1.625591] ACPI: \_SB_.LNKC: Enabled at IRQ 11
[    1.881480] Serial: 8250/16550 driver, 4 ports, IRQ sharing enabled
[    1.884070] 00:03: ttyS0 at I/O 0x3f8 (irq = 4, base_baud = 115200) is a 16550A
[    2.056382] Non-volatile memory driver v1.3
[    2.058264] ACPI: bus type drm_connector registered
[    2.080512] brd: module loaded
[    2.094264] loop: module loaded
[    2.099581] scsi host0: ata_piix
[    2.101603] scsi host1: ata_piix
[    2.102609] ata1: PATA max MWDMA2 cmd 0x1f0 ctl 0x3f6 bmdma 0xc1c0 irq 14 lpm-pol 0
[    2.104311] ata2: PATA max MWDMA2 cmd 0x170 ctl 0x376 bmdma 0xc1c8 irq 15 lpm-pol 0
[    2.110218] tun: Universal TUN/TAP device driver, 1.6
[    2.111799] e100: Intel(R) PRO/100 Network Driver
[    2.112850] e100: Copyright(c) 1999-2006 Intel Corporation
[    2.114092] e1000: Intel(R) PRO/1000 Network Driver
[    2.115234] e1000: Copyright (c) 1999-2006 Intel Corporation.
[    2.116570] e1000e: Intel(R) PRO/1000 Network Driver
[    2.117670] e1000e: Copyright(c) 1999 - 2015 Intel Corporation.
[    2.119051] sky2: driver version 1.30
[    2.121022] usbcore: registered new interface driver usblp
[    2.122303] usbcore: registered new interface driver usb-storage
[    2.123751] i8042: PNP: PS/2 Controller [PNP0303:KBD,PNP0f13:MOU] at 0x60,0x64 irq 1,12
[    2.126979] serio: i8042 KBD port at 0x60,0x64 irq 1
[    2.128489] serio: i8042 AUX port at 0x60,0x64 irq 12
[    2.130708] rtc_cmos PNP0B00:00: RTC can wake from S4
[    2.133858] input: AT Translated Set 2 keyboard as /devices/platform/i8042/serio0/input/input1
[    2.137030] rtc_cmos PNP0B00:00: registered as rtc0
[    2.138358] rtc_cmos PNP0B00:00: alarms up to one day, y3k, 242 bytes nvram, hpet irqs
[    2.142026] Registered IR keymap rc-empty
[    2.143394] rc rc0: rc-core loopback device as /devices/virtual/rc/rc0
[    2.145472] rc rc0: lirc_dev: driver rc-loopback registered at minor = 0, raw IR receiver, raw IR transmitter
[    2.148192] input: rc-core loopback device as /devices/virtual/rc/rc0/input4
[    2.152432] intel_powerclamp: CPU does not support MWAIT
[    2.154298] device-mapper: core: CONFIG_IMA_DISABLE_HTABLE is disabled. Duplicate IMA measurements will not be recorded in the IMA log.
[    2.157357] device-mapper: ioctl: 4.50.0-ioctl (2025-04-28) initialised: dm-devel@lists.linux.dev
[    2.159299] amd_pstate: the _CPC object is not present in SBIOS or ACPI disabled
[    2.161625] hid: raw HID events driver (C) Jiri Kosina
[    2.164460] usbcore: registered new interface driver usbhid
[    2.165727] usbhid: USB HID core driver
[    2.167819] GACT probability NOT on
[    2.168693] Mirror/redirect action on
[    2.171063] nf_conntrack_irc: The irc conntrack helper is scheduled for removal.
[    2.171063] Please contact the netfilter-devel mailing list if you still need this.
[    2.176039] ipip: IPv4 and MPLS over IPv4 tunneling driver
[    2.177898] gre: GRE over IPv4 demultiplexer driver
[    2.178991] ip_gre: GRE over IPv4 tunneling driver
[    2.182519] Initializing XFRM netlink socket
[    2.183520] IPsec XFRM device driver
[    2.184450] NET: Registered PF_INET6 protocol family
[    2.187699] Segment Routing with IPv6
[    2.188541] In-situ OAM (IOAM) with IPv6
[    2.189480] mip6: Mobile IPv6
[    2.190190] sit: IPv6, IPv4 and MPLS over IPv4 tunneling driver
[    2.192998] ip6_gre: GRE over IPv6 tunneling driver
[    2.194969] NET: Registered PF_PACKET protocol family
[    2.196171] RPC: Registered rdma transport module.
[    2.197243] RPC: Registered rdma backchannel transport module.
[    2.198820] 8021q: 802.1Q VLAN Support v1.8
[    2.200371] smc: adding smcd device lo without pnetid
[    2.201701] NET: Registered PF_SMC protocol family
[    2.203265] 9pnet: Installing 9P2000 support
[    2.205975] Key type dns_resolver registered
[    2.207235] NET: Registered PF_VSOCK protocol family
[    2.208452] mpls_gso: MPLS GSO support
[    2.213168] IPI shorthand broadcast: enabled
[    2.258502] sched_clock: Marking stable (2234048759, 23878315)->(2329761756, -71834682)
[    2.262320] registered taskstats version 1
[    2.262823] ata2: found unknown device (class 0)
[    2.265896] ata2.00: ATAPI: QEMU DVD-ROM, 2.5+, max UDMA/100
[    2.269741] scsi 1:0:0:0: CD-ROM            QEMU     QEMU DVD-ROM     2.5+ PQ: 0 ANSI: 5
[    2.280111] Loading compiled-in X.509 certificates
[    2.282049] kworker/u32:1 (119) used greatest stack depth: 14152 bytes left
[    2.283484] Loaded X.509 cert 'Build time autogenerated kernel key: c4531344b9a9c1a4731230d977a262ba29ba5272'
[    2.297007] sr 1:0:0:0: [sr0] scsi3-mmc drive: 4x/4x cd/rw xa/form2 tray
[    2.316693] cdrom: Uniform CD-ROM driver Revision: 3.20
[    2.324540] Demotion targets for Node 0: null
[    2.326158] ima: No TPM chip found, activating TPM-bypass!
[    2.327543] ima: Allocated hash algorithm: sha1
[    2.328258] sr 1:0:0:0: Attached scsi CD-ROM sr0
[    2.329740] ima: No architecture policies found
[    2.330976] sr 1:0:0:0: Attached scsi generic sg0 type 5
[    2.332171] PM:   Magic number: 6:887:589
[    2.333352] netconsole: network logging started
[    2.335119] cfg80211: Loading compiled-in X.509 certificates for regulatory database
[    2.338047] Loaded X.509 cert 'sforshee: 00b28ddf47aef9cea7'
[    2.339437] Loaded X.509 cert 'wens: 61c038651aabdcf94bd0ac7ff06c7248db18c600'
[    2.341300] faux_driver regulatory: Direct firmware load for regulatory.db failed with error -2
[    2.342085] ALSA device list:
[    2.343303] cfg80211: failed to load regulatory.db
[    2.344042]   No soundcards found.
[    2.569580] input: ImExPS/2 Generic Explorer Mouse as /devices/platform/i8042/serio1/input/input3
[    2.571668] md: Skipping autodetection of RAID arrays. (raid=autodetect will force)
[    2.573041] 9p: Bad value for 'source'
[    2.573655] 9pnet: Limiting 'msize' to 512000 as this is the maximum supported by transport virtio
[    2.577208] VFS: Mounted root (9p filesystem) on device 0:22.
[    2.578984] devtmpfs: mounted
[    2.579634] VFS: Pivoted into new rootfs
[    2.584800] Freeing unused kernel image (initmem) memory: 4668K
[    2.585671] Write protecting the kernel read-only data: 45056k
[    2.587684] Freeing unused kernel image (text/rodata gap) memory: 984K
[    2.589144] Freeing unused kernel image (rodata/data gap) memory: 400K
[    2.626834] x86/mm: Checked W+X mappings: passed, no W+X pages found.
[    2.627784] Run /home/prozak/.local/share/vng-venv/lib/python3.12/site-packages/virtme/guest/bin/virtme-ng-init as init process
[    2.629319]   with arguments:
[    2.629764]     /home/prozak/.local/share/vng-venv/lib/python3.12/site-packages/virtme/guest/bin/virtme-ng-init
[    2.631161]   with environment:
[    2.631653]     HOME=/
[    2.632021]     TERM=linux
[    2.632405]     virtme_hostname=virtme-ng
[    2.633006]     nr_open=1048576
[    2.633451]     virtme_link_mods=/home/prozak/sources/heimdall_experiment/uml-harness/.build/bpf-next-x86/.virtme_mods/lib/modules/0.0.0
[    2.635134]     virtme_rw_overlay0=/tmp
[    2.635671]     virtme_console=ttyS0
[    2.636216]     virtme_chdir=home/prozak/sources/heimdall_experiment/uml-harness/.build/selftests-output-qemu
[    2.725785] virtme-ng-init: mount devtmpfs -> /dev: EBUSY: Device or resource busy
[    2.727700] virtme-ng-init: Setting hostname to virtme-ng...
[    2.770192] virtme-ng-init: running systemd-tmpfiles
[    3.952445] systemd-tmpfile (127) used greatest stack depth: 12504 bytes left
[    3.952553] virtme-ng-init: basic initialization done
[    3.970566] virtme-ng-init: error creating file: Permission denied (os error 13)
[    4.072962] ip (133) used greatest stack depth: 11848 bytes left
[    4.193450] virtme-ng-init: Starting systemd-udevd version 255.4-1ubuntu8.16
[    4.195509] virtme-ng-init: triggering udev coldplug
[    7.262076] virtme-ng-init: waiting for udev to settle
[    8.048097] virtme-ng-init: udev is done
[    8.052716] virtme-ng-init: starting script
[    8.275721] bpf_testmod: loading out-of-tree module taints kernel.
[    8.276660] bpf_testmod: module verification failed: signature and/or required key missing - tainting kernel
[    8.427229] test_progs (199) used greatest stack depth: 11728 bytes left
[    8.433706] smc: removing smcd device lo
[    8.502706] ACPI: PM: Preparing to enter system sleep state S5
[    8.504083] reboot: Power down
