#15/1    bad_struct_ops/invalid_prog_reuse:OK
#15/2    bad_struct_ops/unused_program:OK
#15      bad_struct_ops:OK
Summary: 1/2 PASSED, 0 SKIPPED, 0 FAILED
utput: 0x0000000001000000
output_len: 0x00000000045c1650
kernel_total_size: 0x0000000004f8d000
needed_size: 0x0000000005000000
trampoline_32bit: 0x0000000000000000
Physical KASLR using RDRAND RDTSC...
Virtual KASLR using RDRAND RDTSC...

Decompressing Linux... Parsing ELF... Performing relocations... done.
Booting the kernel (entry_offset: 0x0000000003db5740).
[    0.000000] Linux version 7.2.0-rc1-g5e2f4aad04e2 (prozak@powertower) (gcc (Ubuntu 13.3.0-6ubuntu2~24.04.1) 13.3.0, GNU ld (GNU Binutils for Ubuntu) 2.42) #3 SMP PREEMPT_DYNAMIC Sun Aug  2 09:03:43 PDT 2026
[    0.000000] Command line: virtme_hostname=virtme-ng nr_open=1048576 virtme_link_mods=/home/prozak/sources/heimdall_experiment/uml-harness/.build/bpf-next-x86/.virtme_mods/lib/modules/0.0.0 virtme_rw_overlay0=/tmp virtme_console=ttyS0 console=ttyS0 earlyprintk=serial,ttyS0,115200 panic=-1 virtme.exec=`Li90ZXN0X3Byb2dzIC10ICdiYWRfc3RydWN0X29wcyc=` virtme_chdir=home/prozak/sources/heimdall_experiment/uml-harness/.build/selftests-output-qemu rootfstype=9p rootflags=version=9p2000.L,trans=virtio,access=any,msize=524288 raid=noautodetect rw debug init=/home/prozak/.local/share/vng-venv/lib/python3.12/site-packages/virtme/guest/bin/virtme-ng-init
[    0.000000] x86 CPU feature dependency check failure: CPU0 has '18*32+31' enabled but '18*32+26' disabled. Kernel might be fine, but no guarantees.
[    0.000000] BIOS-provided physical RAM map:
[    0.000000] BIOS-e820: [mem 0x0000000000000000-0x000000000009fbff]  System RAM
[    0.000000] BIOS-e820: [mem 0x000000000009fc00-0x000000000009ffff]  device reserved
[    0.000000] BIOS-e820: [gap 0x00000000000a0000-0x00000000000effff]
[    0.000000] BIOS-e820: [mem 0x00000000000f0000-0x00000000000fffff]  device reserved
[    0.000000] BIOS-e820: [mem 0x0000000000100000-0x00000000bffdffff]  System RAM
[    0.000000] BIOS-e820: [mem 0x00000000bffe0000-0x00000000bfffffff]  device reserved
[    0.000000] BIOS-e820: [gap 0x00000000c0000000-0x00000000feffbfff]
[    0.000000] BIOS-e820: [mem 0x00000000feffc000-0x00000000feffffff]  device reserved
[    0.000000] BIOS-e820: [gap 0x00000000ff000000-0x00000000fffbffff]
[    0.000000] BIOS-e820: [mem 0x00000000fffc0000-0x00000000ffffffff]  device reserved
[    0.000000] BIOS-e820: [mem 0x0000000100000000-0x000000013fffffff]  System RAM
[    0.000000] BIOS-e820: [gap 0x0000000140000000-0x000000fcffffffff]
[    0.000000] BIOS-e820: [mem 0x000000fd00000000-0x000000ffffffffff]  device reserved
[    0.000000] printk: legacy bootconsole [earlyser0] enabled
[    0.000000] NX (Execute Disable) protection: active
[    0.000000] APIC: Static calls initialized
[    0.000000] DMI: SMBIOS 3.0.0 present.
[    0.000000] DMI: QEMU Ubuntu 24.04 PC v2 (i440FX + PIIX, arch_caps fix, 1996), BIOS 1.16.3-debian-1.16.3-2 04/01/2014
[    0.000000] DMI: Memory slots populated: 1/1
[    0.000000] Hypervisor detected: KVM
[    0.000000] last_pfn = 0xbffe0 max_arch_pfn = 0x400000000
[    0.000000] kvm-clock: Using msrs 4b564d01 and 4b564d00
[    0.000001] kvm-clock: using sched offset of 459085276 cycles
[    0.000914] clocksource: kvm-clock: mask: 0xffffffffffffffff max_cycles: 0x1cd42e4dffb, max_idle_ns: 881590591483 ns
[    0.003760] tsc: Detected 3400.038 MHz processor
[    0.004983] e820: update [mem 0x00000000-0x00000fff] System RAM ==> device reserved
[    0.006307] e820: remove [mem 0x000a0000-0x000fffff] System RAM
[    0.007342] last_pfn = 0x140000 max_arch_pfn = 0x400000000
[    0.008404] MTRR map: 4 entries (3 fixed + 1 variable; max 19), built from 8 variable MTRRs
[    0.009916] x86/PAT: Configuration [0-7]: WB  WC  UC- UC  WB  WP  UC- WT  
Memory KASLR using RDRAND RDTSC...
[    0.011795] last_pfn = 0xbffe0 max_arch_pfn = 0x400000000
[    0.013963] found SMP MP-table at [mem 0x000f5450-0x000f545f]
[    0.014984] Using GB pages for direct mapping
[    0.015837] ACPI: Early table checksum verification disabled
[    0.016854] ACPI: RSDP 0x00000000000F5240 000014 (v00 BOCHS )
[    0.017852] ACPI: RSDT 0x00000000BFFE1F16 000034 (v01 BOCHS  BXPC     00000001 BXPC 00000001)
[    0.019410] ACPI: FACP 0x00000000BFFE1D92 000074 (v01 BOCHS  BXPC     00000001 BXPC 00000001)
[    0.020948] ACPI: DSDT 0x00000000BFFE0040 001D52 (v01 BOCHS  BXPC     00000001 BXPC 00000001)
[    0.022449] ACPI: FACS 0x00000000BFFE0000 000040
[    0.023272] ACPI: APIC 0x00000000BFFE1E06 0000B0 (v03 BOCHS  BXPC     00000001 BXPC 00000001)
[    0.024756] ACPI: HPET 0x00000000BFFE1EB6 000038 (v01 BOCHS  BXPC     00000001 BXPC 00000001)
[    0.026311] ACPI: WAET 0x00000000BFFE1EEE 000028 (v01 BOCHS  BXPC     00000001 BXPC 00000001)
[    0.027835] ACPI: Reserving FACP table memory at [mem 0xbffe1d92-0xbffe1e05]
[    0.029064] ACPI: Reserving DSDT table memory at [mem 0xbffe0040-0xbffe1d91]
[    0.030309] ACPI: Reserving FACS table memory at [mem 0xbffe0000-0xbffe003f]
[    0.031598] ACPI: Reserving APIC table memory at [mem 0xbffe1e06-0xbffe1eb5]
[    0.032874] ACPI: Reserving HPET table memory at [mem 0xbffe1eb6-0xbffe1eed]
[    0.034150] ACPI: Reserving WAET table memory at [mem 0xbffe1eee-0xbffe1f15]
[    0.035894] No NUMA configuration found
[    0.036577] Faking a node at [mem 0x0000000000000000-0x000000013fffffff]
[    0.037811] NODE_DATA(0) allocated [mem 0x13fffbc80-0x13fffffff]
[    0.039719] ACPI: PM-Timer IO Port: 0x608
[    0.040455] ACPI: LAPIC_NMI (acpi_id[0xff] dfl dfl lint[0x1])
[    0.041509] IOAPIC[0]: apic_id 0, version 17, address 0xfec00000, GSI 0-23
[    0.042769] ACPI: INT_SRC_OVR (bus 0 bus_irq 0 global_irq 2 dfl dfl)
[    0.043944] ACPI: INT_SRC_OVR (bus 0 bus_irq 5 global_irq 5 high level)
[    0.045116] ACPI: INT_SRC_OVR (bus 0 bus_irq 9 global_irq 9 high level)
[    0.046267] ACPI: INT_SRC_OVR (bus 0 bus_irq 10 global_irq 10 high level)
[    0.047483] ACPI: INT_SRC_OVR (bus 0 bus_irq 11 global_irq 11 high level)
[    0.048722] ACPI: Using ACPI (MADT) for SMP configuration information
[    0.049843] ACPI: HPET id: 0x8086a201 base: 0xfed00000
[    0.050786] TSC deadline timer available
[    0.051481] CPU topo: Max. logical packages:   1
[    0.052295] CPU topo: Max. logical nodes:      1
[    0.053143] CPU topo: Num. nodes per package:  1
[    0.053961] CPU topo: Max. logical dies:       1
[    0.054822] CPU topo: Max. dies per package:   1
[    0.055657] CPU topo: Max. threads per core:   1
[    0.056479] CPU topo: Num. cores per package:     8
[    0.057374] CPU topo: Num. threads per package:   8
[    0.058235] CPU topo: Allowing 8 present CPUs plus 0 hotplug CPUs
[    0.059373] kvm-guest: APIC: eoi() replaced with kvm_guest_apic_eoi_write()
[    0.060671] kvm-guest: KVM setup pv remote TLB flush
[    0.061577] kvm-guest: setup PV sched yield
[    0.062339] PM: hibernation: Registered nosave memory: [mem 0x00000000-0x00000fff]
[    0.063718] PM: hibernation: Registered nosave memory: [mem 0x0009f000-0x000fffff]
[    0.065076] PM: hibernation: Registered nosave memory: [mem 0xbffe0000-0xffffffff]
[    0.066437] [gap 0xc0000000-0xfeffbfff] available for PCI devices
[    0.067549] Booting paravirtualized kernel on KVM
[    0.068383] clocksource: refined-jiffies: mask: 0xffffffff max_cycles: 0xffffffff, max_idle_ns: 1910969940391419 ns
[    0.075060] Zone ranges:
[    0.075546]   DMA      [mem 0x0000000000001000-0x0000000000ffffff]
[    0.076685]   DMA32    [mem 0x0000000001000000-0x00000000ffffffff]
[    0.077803]   Normal   [mem 0x0000000100000000-0x000000013fffffff]
[    0.078925] Movable zone start for each node
[    0.079704] Early memory node ranges
[    0.080393]   node   0: [mem 0x0000000000001000-0x000000000009efff]
[    0.081557]   node   0: [mem 0x0000000000100000-0x00000000bffdffff]
[    0.082670]   node   0: [mem 0x0000000100000000-0x000000013fffffff]
[    0.083799] Initmem setup node 0 [mem 0x0000000000001000-0x000000013fffffff]
[    0.085138] On node 0, zone DMA: 1 pages in unavailable ranges
[    0.086675] On node 0, zone DMA: 97 pages in unavailable ranges
[    0.220686] On node 0, zone Normal: 32 pages in unavailable ranges
[    0.221862] setup_percpu: NR_CPUS:128 nr_cpumask_bits:8 nr_cpu_ids:8 nr_node_ids:1
[    0.227583] percpu: Embedded 58 pages/cpu s199696 r8192 d29680 u262144
[    0.228754] pcpu-alloc: s199696 r8192 d29680 u262144 alloc=1*2097152
[    0.229914] pcpu-alloc: [0] 0 1 2 3 4 5 6 7 
[    0.230756] Kernel command line: virtme_hostname=virtme-ng nr_open=1048576 virtme_link_mods=/home/prozak/sources/heimdall_experiment/uml-harness/.build/bpf-next-x86/.virtme_mods/lib/modules/0.0.0 virtme_rw_overlay0=/tmp virtme_console=ttyS0 console=ttyS0 earlyprintk=serial,ttyS0,115200 panic=-1 virtme.exec=`Li90ZXN0X3Byb2dzIC10ICdiYWRfc3RydWN0X29wcyc=` virtme_chdir=home/prozak/sources/heimdall_experiment/uml-harness/.build/selftests-output-qemu rootfstype=9p rootflags=version=9p2000.L,trans=virtio,access=any,msize=524288 raid=noautodetect rw debug init=/home/prozak/.local/share/vng-venv/lib/python3.12/site-packages/virtme/guest/bin/virtme-ng-init
[    0.241343] Unknown kernel command line parameters "virtme_hostname=virtme-ng nr_open=1048576 virtme_link_mods=/home/prozak/sources/heimdall_experiment/uml-harness/.build/bpf-next-x86/.virtme_mods/lib/modules/0.0.0 virtme_rw_overlay0=/tmp virtme_console=ttyS0 virtme_chdir=home/prozak/sources/heimdall_experiment/uml-harness/.build/selftests-output-qemu", will be passed to user space.
[    0.247572] random: crng init done
[    0.248183] printk: log buffer data + meta data: 2097152 + 7340032 = 9437184 bytes
[    0.257880] Dentry cache hash table entries: 524288 (order: 10, 4194304 bytes, linear)
[    0.263591] Inode-cache hash table entries: 262144 (order: 9, 2097152 bytes, linear)
[    0.265167] software IO TLB: area num 8.
[    0.403681] Fallback order for Node 0: 0 
[    0.403688] Built 1 zonelists, mobility grouping on.  Total pages: 1048446
[    0.405754] Policy zone: Normal
[    0.406316] mem auto-init: stack:all(zero), heap alloc:off, heap free:off
[    0.412897] SLUB: HWalign=64, Order=0-3, MinObjects=0, CPUs=8, Nodes=1
Poking KASLR using RDRAND RDTSC...
[    0.428972] ftrace: allocating 69757 entries in 274 pages
[    0.430018] ftrace: allocated 274 pages with 3 groups
[    0.431478] Dynamic Preempt: full
[    0.432358] Running RCU self tests
[    0.432953] Running RCU synchronous self tests
[    0.433746] rcu: Preemptible hierarchical RCU implementation.
[    0.434766] rcu: 	RCU event tracing is enabled.
[    0.435548] rcu: 	RCU lockdep checking is enabled.
[    0.436392] rcu: 	RCU restricting CPUs from NR_CPUS=128 to nr_cpu_ids=8.
[    0.437602] 	Trampoline variant of Tasks RCU enabled.
[    0.438492] 	Rude variant of Tasks RCU enabled.
[    0.439288] 	Tracing variant of Tasks RCU enabled.
[    0.440134] rcu: RCU calculated value of scheduler-enlistment delay is 100 jiffies.
[    0.441451] rcu: Adjusting geometry for rcu_fanout_leaf=16, nr_cpu_ids=8
[    0.442693] Running RCU synchronous self tests
[    0.443466] RCU Tasks: Setting shift to 3 and lim to 1 rcu_task_cb_adjust=1 rcu_task_cpu_ids=8.
[    0.445001] RCU Tasks Rude: Setting shift to 3 and lim to 1 rcu_task_cb_adjust=1 rcu_task_cpu_ids=8.
[    0.452524] NR_IRQS: 8448, nr_irqs: 488, preallocated irqs: 16
[    0.453930] rcu: srcu_init: Setting srcu_struct sizes based on contention.
[    0.455197] clocksource: jiffies: mask: 0xffffffff max_cycles: 0xffffffff, max_idle_ns: 1911260446275000 ns
[    0.457285] Console: colour *CGA 80x25
[    0.458037] printk: legacy console [ttyS0] enabled
[    0.458037] printk: legacy console [ttyS0] enabled
[    0.459819] printk: legacy bootconsole [earlyser0] disabled
[    0.459819] printk: legacy bootconsole [earlyser0] disabled
[    0.461828] Lock dependency validator: Copyright (c) 2006 Red Hat, Inc., Ingo Molnar
[    0.463279] ... MAX_LOCKDEP_SUBCLASSES:  8
[    0.464074] ... MAX_LOCK_DEPTH:          48
[    0.464845] ... MAX_LOCKDEP_KEYS:        8192
[    0.465650] ... CLASSHASH_SIZE:          4096
[    0.466431] ... MAX_LOCKDEP_ENTRIES:     32768
[    0.467240] ... MAX_LOCKDEP_CHAINS:      65536
[    0.468100] ... CHAINHASH_SIZE:          32768
[    0.468915]  memory used by lock dependency info: 6429 kB
[    0.469919]  memory used for stack traces: 4224 kB
[    0.470770]  per task-struct memory footprint: 1920 bytes
[    0.471875] ACPI: Core revision 20260408
[    0.472821] clocksource: hpet: mask: 0xffffffff max_cycles: 0xffffffff, max_idle_ns: 19112604467 ns
[    0.474674] APIC: Switch to symmetric I/O mode setup
[    0.476043] x2apic enabled
[    0.477094] APIC: Switched APIC routing to: physical x2apic
[    0.478199] kvm-guest: APIC: send_IPI_mask() replaced with kvm_send_ipi_mask()
[    0.479588] kvm-guest: APIC: send_IPI_mask_allbutself() replaced with kvm_send_ipi_mask_allbutself()
[    0.481361] kvm-guest: setup PV IPIs
[    0.484152] ..TIMER: vector=0x30 apic1=0 pin1=2 apic2=-1 pin2=-1
[    0.485365] clocksource: tsc-early: mask: 0xffffffffffffffff max_cycles: 0x31027285e94, max_idle_ns: 440795238296 ns
[    0.487344] Calibrating delay loop (skipped) preset value.. 6800.07 BogoMIPS (lpj=3400038)
[    0.489500] x86/cpu: User Mode Instruction Prevention (UMIP) activated
[    0.490651] Last level iTLB entries: 4KB 512, 2MB 255, 4MB 127
[    0.492340] Last level dTLB entries: 4KB 512, 2MB 255, 4MB 127, 1GB 0
[    0.493349] mitigations: Enabled attack vectors: user_kernel, user_user, SMT mitigations: auto
[    0.494342] Speculative Store Bypass: Mitigation: Speculative Store Bypass disabled via prctl
[    0.495342] Speculative Return Stack Overflow: IBPB-extending microcode not applied!
[    0.496342] Speculative Return Stack Overflow: WARNING: See https://kernel.org/doc/html/latest/admin-guide/hw-vuln/srso.html for mitigation options.
[    0.496343] Transient Scheduler Attacks: Vulnerable: No microcode
[    0.498342] Spectre V2 : Mitigation: Retpolines
[    0.499343] Speculative Return Stack Overflow: Vulnerable: Safe RET, no microcode
[    0.500341] Spectre V1 : Mitigation: usercopy/swapgs barriers and __user pointer sanitization
[    0.501341] Spectre V2 : Spectre v2 / SpectreRSB: Filling RSB on context switch and VMEXIT
[    0.502341] Spectre V2 : Enabling Restricted Speculation for firmware calls
[    0.503344] Spectre V2 : mitigation: Enabling conditional Indirect Branch Prediction Barrier
[    0.504342] active return thunk: srso_alias_return_thunk
[    0.505394] x86/fpu: Supporting XSAVE feature 0x001: 'x87 floating point registers'
[    0.506341] x86/fpu: Supporting XSAVE feature 0x002: 'SSE registers'
[    0.507341] x86/fpu: Supporting XSAVE feature 0x004: 'AVX registers'
[    0.508342] x86/fpu: xstate_offset[2]:  576, xstate_sizes[2]:  256
[    0.509341] x86/fpu: Enabled xstate features 0x7, context size is 832 bytes, using 'compacted' format.
[    0.543833] pid_max: default: 32768 minimum: 301
[    0.544608] SELinux:  Initializing.
[    0.547069] LSM support for eBPF active
[    0.547668] Mount-cache hash table entries: 8192 (order: 4, 65536 bytes, linear)
[    0.548495] Mountpoint-cache hash table entries: 8192 (order: 4, 65536 bytes, linear)
[    0.550765] VFS: Finished mounting rootfs on nullfs
[    0.553254] Running RCU synchronous self tests
[    0.553344] Running RCU synchronous self tests
[    0.555775] smpboot: CPU0: AMD Ryzen 9 5950X 16-Core Processor (family: 0x19, model: 0x21, stepping: 0x2)
[    0.558715] Performance Events: Fam17h+ core perfctr, AMD PMU driver.
[    0.559362] ... version:                   0
[    0.560264] ... bit width:                 48
[    0.560351] ... generic counters:          6
[    0.561242] ... generic bitmap:            000000000000003f
[    0.561349] ... fixed-purpose counters:    0
[    0.562238] ... fixed-purpose bitmap:      0000000000000000
[    0.562349] ... value mask:                0000ffffffffffff
[    0.563347] ... max period:                00007fffffffffff
[    0.564348] ... global_ctrl mask:          000000000000003f
[    0.565749] signal: max sigframe size: 1776
[    0.566526] rcu: Hierarchical SRCU implementation.
[    0.567352] rcu: 	Max phase no-delay instances is 400.
[    0.568784] Timer migration: 1 hierarchy levels; 8 children per group; 1 crossnode level
[    0.581763] smp: Bringing up secondary CPUs ...
[    0.586576] smpboot: x86: Booting SMP configuration:
[    0.587349] .... node  #0, CPUs:      #1 #2 #3 #4 #5 #6 #7
[    0.612748] smp: Brought up 1 node, 8 CPUs
[    0.615245] smpboot: Total of 8 processors activated (54400.60 BogoMIPS)
[    0.617133] Memory: 3963800K/4193784K available (25637K kernel code, 10348K rwdata, 18032K rodata, 4668K init, 13400K bss, 221932K reserved, 0K cma-reserved)
[    0.618694] devtmpfs: initialized
[    0.622738] Running RCU synchronous self tests
[    0.623366] Running RCU synchronous self tests
[    0.624454] Running RCU Tasks wait API self tests
[    0.625426] Running RCU Tasks Rude wait API self tests
[    0.626351] Running RCU Tasks Trace wait API self tests
[    0.627466] posixtimers hash table entries: 4096 (order: 7, 294912 bytes, linear)
[    0.629640] futex hash table entries: 2048 (262144 bytes on 1 NUMA nodes, total 256 KiB, linear).
[    0.631348] PM: RTC time: 16:34:26, date: 2026-08-02
[    0.632381] Callback from call_rcu_tasks_trace() invoked.
[    0.638260] NET: Registered PF_NETLINK/PF_ROUTE protocol family
[    0.639339] audit: initializing netlink subsys (disabled)
[    0.639445] audit: type=2000 audit(1785688466.360:1): state=initialized audit_enabled=0 res=1
[    0.661993] thermal_sys: Registered thermal governor 'step_wise'
[    0.662070] cpuidle: using governor ladder
[    0.663245] cpuidle: using governor menu
[    0.664562] Freeing SMP alternatives memory: 68K
[    0.666263] PCI: Using configuration type 1 for base access
[    0.666349] PCI: Using configuration type 1 for extended access
[    0.667530] kprobes: kprobe jump-optimization is enabled. All kprobes are optimized if possible.
[    0.669522] HugeTLB: registered 1.00 GiB page size, pre-allocated 0 pages
[    0.670352] HugeTLB: 16380 KiB vmemmap can be freed for a 1.00 GiB page
[    0.671350] HugeTLB: registered 2.00 MiB page size, pre-allocated 0 pages
[    0.672348] HugeTLB: 28 KiB vmemmap can be freed for a 2.00 MiB page
[    0.678898] ACPI: Added _OSI(Module Device)
[    0.679350] ACPI: Added _OSI(Processor Device)
[    0.680330] ACPI: Added _OSI(Processor Aggregator Device)
[    0.683866] ACPI: 1 ACPI AML tables successfully acquired and loaded
[    0.686650] ACPI: \_SB_: platform _OSC: OS support mask [002a7eee]
[    0.688093] ACPI: Interpreter enabled
[    0.688415] ACPI: PM: (supports S0 S3 S4 S5)
[    0.689339] ACPI: Using IOAPIC for interrupt routing
[    0.690401] PCI: Using host bridge windows from ACPI; if necessary, use "pci=nocrs" and report a bug
[    0.691349] PCI: Using E820 reservations for host bridge windows
[    0.692722] ACPI: Enabled 2 GPEs in block 00 to 0F
[    0.708543] ACPI: PCI Root Bridge [PCI0] (domain 0000 [bus 00-ff])
[    0.709372] acpi PNP0A03:00: _OSC: OS supports [ExtendedConfig ASPM ClockPM Segments MSI HPX-Type3]
[    0.710358] acpi PNP0A03:00: _OSC: OS requested [PME PCIeCapability LTR]
[    0.711350] acpi PNP0A03:00: _OSC: platform willing to grant [PME PCIeCapability LTR]
[    0.712350] acpi PNP0A03:00: _OSC: platform retains control of PCIe features (AE_ERROR)
[    0.714117] PCI host bridge to bus 0000:00
[    0.714359] pci_bus 0000:00: root bus resource [io  0x0000-0x0cf7 window]
[    0.715349] pci_bus 0000:00: root bus resource [io  0x0d00-0xffff window]
[    0.716349] pci_bus 0000:00: root bus resource [mem 0x000a0000-0x000bffff window]
[    0.717350] pci_bus 0000:00: root bus resource [mem 0xc0000000-0xfebfffff window]
[    0.718349] pci_bus 0000:00: root bus resource [mem 0x380000000000-0x38007fffffff window]
[    0.719352] pci_bus 0000:00: root bus resource [bus 00-ff]
[    0.720756] pci 0000:00:00.0: [8086:1237] type 00 class 0x060000 conventional PCI endpoint
[    0.722895] pci 0000:00:01.0: [8086:7000] type 00 class 0x060100 conventional PCI endpoint
[    0.724800] pci 0000:00:01.1: [8086:7010] type 00 class 0x010180 conventional PCI endpoint
[    0.726204] pci 0000:00:01.1: BAR 4 [io  0xc1c0-0xc1cf]
[    0.726426] pci 0000:00:01.1: BAR 0 [io  0x01f0-0x01f7]: legacy IDE quirk
[    0.727350] pci 0000:00:01.1: BAR 1 [io  0x03f6]: legacy IDE quirk
[    0.728416] pci 0000:00:01.1: BAR 2 [io  0x0170-0x0177]: legacy IDE quirk
[    0.729350] pci 0000:00:01.1: BAR 3 [io  0x0376]: legacy IDE quirk
[    0.731070] pci 0000:00:01.3: [8086:7113] type 00 class 0x068000 conventional PCI endpoint
[    0.732061] pci 0000:00:01.3: quirk: [io  0x0600-0x063f] claimed by PIIX4 ACPI
[    0.732366] pci 0000:00:01.3: quirk: [io  0x0700-0x070f] claimed by PIIX4 SMB
[    0.734339] pci 0000:00:02.0: [1af4:1009] type 00 class 0x000200 conventional PCI endpoint
[    0.735963] pci 0000:00:02.0: BAR 0 [io  0xc000-0xc03f]
[    0.736367] pci 0000:00:02.0: BAR 1 [mem 0xfebf8000-0xfebf8fff]
[    0.737410] pci 0000:00:02.0: BAR 4 [mem 0x380000000000-0x380000003fff 64bit pref]
[    0.741339] pci 0000:00:03.0: [8086:25ab] type 00 class 0x088000 conventional PCI endpoint
[    0.743258] pci 0000:00:03.0: BAR 0 [mem 0xfebf9000-0xfebf900f]
[    0.745898] pci 0000:00:04.0: [1af4:1003] type 00 class 0x078000 conventional PCI endpoint
[    0.747369] pci 0000:00:04.0: BAR 0 [io  0xc040-0xc07f]
[    0.748367] pci 0000:00:04.0: BAR 1 [mem 0xfebfa000-0xfebfafff]
[    0.749412] pci 0000:00:04.0: BAR 4 [mem 0x380000004000-0x380000007fff 64bit pref]
[    0.753801] pci 0000:00:05.0: [1af4:1003] type 00 class 0x078000 conventional PCI endpoint
[    0.755366] pci 0000:00:05.0: BAR 0 [io  0xc080-0xc0bf]
[    0.756367] pci 0000:00:05.0: BAR 1 [mem 0xfebfb000-0xfebfbfff]
[    0.757430] pci 0000:00:05.0: BAR 4 [mem 0x380000008000-0x38000000bfff 64bit pref]
[    0.761728] pci 0000:00:06.0: [1af4:1003] type 00 class 0x078000 conventional PCI endpoint
[    0.763365] pci 0000:00:06.0: BAR 0 [io  0xc0c0-0xc0ff]
[    0.764366] pci 0000:00:06.0: BAR 1 [mem 0xfebfc000-0xfebfcfff]
[    0.765411] pci 0000:00:06.0: BAR 4 [mem 0x38000000c000-0x38000000ffff 64bit pref]
[    0.769590] pci 0000:00:07.0: [1af4:1003] type 00 class 0x078000 conventional PCI endpoint
[    0.771365] pci 0000:00:07.0: BAR 0 [io  0xc100-0xc13f]
[    0.772366] pci 0000:00:07.0: BAR 1 [mem 0xfebfd000-0xfebfdfff]
[    0.773411] pci 0000:00:07.0: BAR 4 [mem 0x380000010000-0x380000013fff 64bit pref]
[    0.777528] pci 0000:00:08.0: [1af4:1003] type 00 class 0x078000 conventional PCI endpoint
[    0.779339] pci 0000:00:08.0: BAR 0 [io  0xc140-0xc17f]
[    0.779366] pci 0000:00:08.0: BAR 1 [mem 0xfebfe000-0xfebfefff]
[    0.780409] pci 0000:00:08.0: BAR 4 [mem 0x380000014000-0x380000017fff 64bit pref]
[    0.784481] pci 0000:00:09.0: [1af4:1003] type 00 class 0x078000 conventional PCI endpoint
[    0.786332] pci 0000:00:09.0: BAR 0 [io  0xc180-0xc1bf]
[    0.786366] pci 0000:00:09.0: BAR 1 [mem 0xfebff000-0xfebfffff]
[    0.787638] pci 0000:00:09.0: BAR 4 [mem 0x380000018000-0x38000001bfff 64bit pref]
[    0.796522] ACPI: PCI: Interrupt link LNKA configured for IRQ 10
[    0.797627] ACPI: PCI: Interrupt link LNKB configured for IRQ 10
[    0.798603] ACPI: PCI: Interrupt link LNKC configured for IRQ 11
[    0.799599] ACPI: PCI: Interrupt link LNKD configured for IRQ 11
[    0.800477] ACPI: PCI: Interrupt link LNKS configured for IRQ 9
[    0.803361] iommu: Default domain type: Translated
[    0.804348] iommu: DMA domain TLB invalidation policy: lazy mode
[    0.806781] SCSI subsystem initialized
[    0.807483] libata version 3.00 loaded.
[    0.808519] ACPI: bus type USB registered
[    0.809482] usbcore: registered new interface driver usbfs
[    0.810443] usbcore: registered new interface driver hub
[    0.811400] usbcore: registered new device driver usb
[    0.812537] pps_core: LinuxPPS API ver. 1 registered
[    0.813348] pps_core: Software ver. 5.3.6 - Copyright 2005-2007 Rodolfo Giometti <giometti@linux.it>
[    0.814375] PTP clock support registered
[    0.815850] Advanced Linux Sound Architecture Driver Initialized.
[    0.817582] NetLabel: Initializing
[    0.818316] NetLabel:  domain hash size = 128
[    0.818347] NetLabel:  protocols = UNLABELED CIPSOv4 CALIPSO
[    0.819401] NetLabel:  unlabeled traffic allowed by default
[    0.820551] PCI: Using ACPI for IRQ routing
[    0.821350] PCI: pci_cache_line_size set to 64 bytes
[    0.822733] e820: register RAM buffer resource [mem 0x0009fc00-0x0009ffff]
[    0.823351] e820: register RAM buffer resource [mem 0xbffe0000-0xbfffffff]
[    0.824539] vgaarb: loaded
[    0.825387] hpet0: at MMIO 0xfed00000, IRQs 2, 8, 0
[    0.826349] hpet0: 3 comparators, 64-bit 100.000000 MHz counter
[    0.831736] clocksource: Switched to clocksource kvm-clock
[    0.832759] Callback from call_rcu_tasks() invoked.
[    0.833868] VFS: Disk quotas dquot_6.6.0
[    0.834852] VFS: Dquot-cache hash table entries: 512 (4096 bytes)
[    0.837445] pnp: PnP ACPI init
[    0.838685] pnp 00:02: [dma 2]
[    0.840372] pnp: PnP ACPI: found 4 devices
[    0.858708] clocksource: acpi_pm: mask: 0xffffff max_cycles: 0xffffff, max_idle_ns: 2085701024 ns
[    0.860924] NET: Registered PF_INET protocol family
[    0.863148] IP idents hash table entries: 65536 (order: 7, 524288 bytes, linear)
[    0.867110] tcp_listen_portaddr_hash hash table entries: 2048 (order: 6, 147456 bytes, linear)
[    0.869327] Table-perturb hash table entries: 65536 (order: 6, 262144 bytes, linear)
[    0.871034] TCP established hash table entries: 32768 (order: 6, 262144 bytes, linear)
[    0.873384] TCP bind hash table entries: 32768 (order: 11, 4718592 bytes, vmalloc hugepage)
[    0.884909] TCP: Hash tables configured (established 32768 bind 32768)
[    0.888294] MPTCP token hash table entries: 4096 (order: 7, 360448 bytes, linear)
[    0.890064] UDP hash table entries: 2048 (order: 7, 524288 bytes, linear)
[    0.892997] NET: Registered PF_UNIX/PF_LOCAL protocol family
[    0.895322] RPC: Registered named UNIX socket transport module.
[    0.896819] RPC: Registered udp transport module.
[    0.897917] RPC: Registered tcp transport module.
[    0.898972] RPC: Registered tcp-with-tls transport module.
[    0.900290] RPC: Registered tcp NFSv4.1 backchannel transport module.
[    0.902659] NET: Registered PF_XDP protocol family
[    0.903883] pci_bus 0000:00: resource 4 [io  0x0000-0x0cf7 window]
[    0.905251] pci_bus 0000:00: resource 5 [io  0x0d00-0xffff window]
[    0.906587] pci_bus 0000:00: resource 6 [mem 0x000a0000-0x000bffff window]
[    0.908084] pci_bus 0000:00: resource 7 [mem 0xc0000000-0xfebfffff window]
[    0.909555] pci_bus 0000:00: resource 8 [mem 0x380000000000-0x38007fffffff window]
[    0.911288] pci 0000:00:01.0: PIIX3: Enabling Passive Release
[    0.912578] pci 0000:00:00.0: Limiting direct PCI/PCI transfers
[    0.914055] PCI: CLS 0 bytes, default 64
[    0.915062] PCI-DMA: Using software bounce buffering for IO (SWIOTLB)
[    0.916460] software IO TLB: mapped [mem 0x00000000bbfe0000-0x00000000bffe0000] (64MB)
[    0.919405] clocksource: tsc: mask: 0xffffffffffffffff max_cycles: 0x31027285e94, max_idle_ns: 440795238296 ns
[    0.930834] Initialise system trusted keyrings
[    0.932219] workingset: timestamp_bits=40 (anon: 35) max_order=20 bucket_order=0 (anon: 0)
[    0.935319] squashfs: version 4.0 (2009/01/31) Phillip Lougher
[    0.937334] NFS: Registering the id_resolver key type
[    0.938604] Key type id_resolver registered
[    0.939756] Key type id_legacy registered
[    0.940711] nfs4filelayout_init: NFSv4 File Layout Driver Registering...
[    0.942226] nfs4flexfilelayout_init: NFSv4 Flexfile Layout Driver Registering...
[    0.944025] fuse: init (API version 7.45)
[    0.945261] 9p: Installing v9fs 9p2000 file system support
[    0.948595] NET: Registered PF_ALG protocol family
[    0.949671] Key type asymmetric registered
[    0.950615] Asymmetric key parser 'x509' registered
[    0.951861] Block layer SCSI generic (bsg) driver version 0.4 loaded (major 248)
[    0.954010] io scheduler mq-deadline registered
[    0.955280] io scheduler kyber registered
[    0.957774] input: Power Button as /devices/platform/LNXPWRBN:00/input/input0
[    0.959611] ACPI: button: Power Button [PWRF]
[    1.091014] ACPI: \_SB_.LNKB: Enabled at IRQ 10
[    1.219271] ACPI: \_SB_.LNKD: Enabled at IRQ 11
[    1.346916] ACPI: \_SB_.LNKA: Enabled at IRQ 10
[    1.495862] kwatchdog (98) used greatest stack depth: 14776 bytes left
[    1.602624] ACPI: \_SB_.LNKC: Enabled at IRQ 11
[    1.861076] Serial: 8250/16550 driver, 4 ports, IRQ sharing enabled
[    1.863700] 00:03: ttyS0 at I/O 0x3f8 (irq = 4, base_baud = 115200) is a 16550A
[    2.032783] Non-volatile memory driver v1.3
[    2.034628] ACPI: bus type drm_connector registered
[    2.056553] brd: module loaded
[    2.070479] loop: module loaded
[    2.075755] scsi host0: ata_piix
[    2.077646] scsi host1: ata_piix
[    2.078713] ata1: PATA max MWDMA2 cmd 0x1f0 ctl 0x3f6 bmdma 0xc1c0 irq 14 lpm-pol 0
[    2.080395] ata2: PATA max MWDMA2 cmd 0x170 ctl 0x376 bmdma 0xc1c8 irq 15 lpm-pol 0
[    2.086712] tun: Universal TUN/TAP device driver, 1.6
[    2.088276] e100: Intel(R) PRO/100 Network Driver
[    2.089354] e100: Copyright(c) 1999-2006 Intel Corporation
[    2.090644] e1000: Intel(R) PRO/1000 Network Driver
[    2.091693] e1000: Copyright (c) 1999-2006 Intel Corporation.
[    2.093096] e1000e: Intel(R) PRO/1000 Network Driver
[    2.094172] e1000e: Copyright(c) 1999 - 2015 Intel Corporation.
[    2.095559] sky2: driver version 1.30
[    2.097575] usbcore: registered new interface driver usblp
[    2.098882] usbcore: registered new interface driver usb-storage
[    2.100298] i8042: PNP: PS/2 Controller [PNP0303:KBD,PNP0f13:MOU] at 0x60,0x64 irq 1,12
[    2.103483] serio: i8042 KBD port at 0x60,0x64 irq 1
[    2.105032] serio: i8042 AUX port at 0x60,0x64 irq 12
[    2.107100] rtc_cmos PNP0B00:00: RTC can wake from S4
[    2.110792] input: AT Translated Set 2 keyboard as /devices/platform/i8042/serio0/input/input1
[    2.113644] rtc_cmos PNP0B00:00: registered as rtc0
[    2.114960] rtc_cmos PNP0B00:00: alarms up to one day, y3k, 242 bytes nvram, hpet irqs
[    2.120766] Registered IR keymap rc-empty
[    2.121830] rc rc0: rc-core loopback device as /devices/virtual/rc/rc0
[    2.124601] rc rc0: lirc_dev: driver rc-loopback registered at minor = 0, raw IR receiver, raw IR transmitter
[    2.127791] input: rc-core loopback device as /devices/virtual/rc/rc0/input4
[    2.130321] intel_powerclamp: CPU does not support MWAIT
[    2.131540] device-mapper: core: CONFIG_IMA_DISABLE_HTABLE is disabled. Duplicate IMA measurements will not be recorded in the IMA log.
[    2.134618] device-mapper: ioctl: 4.50.0-ioctl (2025-04-28) initialised: dm-devel@lists.linux.dev
[    2.136682] amd_pstate: the _CPC object is not present in SBIOS or ACPI disabled
[    2.139029] hid: raw HID events driver (C) Jiri Kosina
[    2.141949] usbcore: registered new interface driver usbhid
[    2.143254] usbhid: USB HID core driver
[    2.145354] GACT probability NOT on
[    2.146151] Mirror/redirect action on
[    2.148551] nf_conntrack_irc: The irc conntrack helper is scheduled for removal.
[    2.148551] Please contact the netfilter-devel mailing list if you still need this.
[    2.153503] ipip: IPv4 and MPLS over IPv4 tunneling driver
[    2.155477] gre: GRE over IPv4 demultiplexer driver
[    2.156625] ip_gre: GRE over IPv4 tunneling driver
[    2.160019] Initializing XFRM netlink socket
[    2.161027] IPsec XFRM device driver
[    2.161930] NET: Registered PF_INET6 protocol family
[    2.164941] Segment Routing with IPv6
[    2.165799] In-situ OAM (IOAM) with IPv6
[    2.166765] mip6: Mobile IPv6
[    2.167495] sit: IPv6, IPv4 and MPLS over IPv4 tunneling driver
[    2.170364] ip6_gre: GRE over IPv6 tunneling driver
[    2.172362] NET: Registered PF_PACKET protocol family
[    2.173573] RPC: Registered rdma transport module.
[    2.174614] RPC: Registered rdma backchannel transport module.
[    2.176226] 8021q: 802.1Q VLAN Support v1.8
[    2.177851] smc: adding smcd device lo without pnetid
[    2.179559] NET: Registered PF_SMC protocol family
[    2.181228] 9pnet: Installing 9P2000 support
[    2.183856] Key type dns_resolver registered
[    2.185111] NET: Registered PF_VSOCK protocol family
[    2.186297] mpls_gso: MPLS GSO support
[    2.190738] IPI shorthand broadcast: enabled
[    2.235628] sched_clock: Marking stable (2211052435, 24142382)->(2351505207, -116310390)
[    2.239439] ata2: found unknown device (class 0)
[    2.239464] registered taskstats version 1
[    2.242729] ata2.00: ATAPI: QEMU DVD-ROM, 2.5+, max UDMA/100
[    2.246462] scsi 1:0:0:0: CD-ROM            QEMU     QEMU DVD-ROM     2.5+ PQ: 0 ANSI: 5
[    2.261302] Loading compiled-in X.509 certificates
[    2.263185] kworker/u32:1 (117) used greatest stack depth: 14152 bytes left
[    2.264794] kworker/u32:1 (118) used greatest stack depth: 13008 bytes left
[    2.264926] Loaded X.509 cert 'Build time autogenerated kernel key: c4531344b9a9c1a4731230d977a262ba29ba5272'
[    2.271374] sr 1:0:0:0: [sr0] scsi3-mmc drive: 4x/4x cd/rw xa/form2 tray
[    2.295888] cdrom: Uniform CD-ROM driver Revision: 3.20
[    2.308620] sr 1:0:0:0: Attached scsi CD-ROM sr0
[    2.310236] Demotion targets for Node 0: null
[    2.310948] sr 1:0:0:0: Attached scsi generic sg0 type 5
[    2.311822] ima: No TPM chip found, activating TPM-bypass!
[    2.314054] ima: Allocated hash algorithm: sha1
[    2.315319] ima: No architecture policies found
[    2.317424] PM:   Magic number: 6:887:589
[    2.318492] netconsole: network logging started
[    2.320157] cfg80211: Loading compiled-in X.509 certificates for regulatory database
[    2.322986] Loaded X.509 cert 'sforshee: 00b28ddf47aef9cea7'
[    2.324383] Loaded X.509 cert 'wens: 61c038651aabdcf94bd0ac7ff06c7248db18c600'
[    2.326279] faux_driver regulatory: Direct firmware load for regulatory.db failed with error -2
[    2.328219] cfg80211: failed to load regulatory.db
[    2.330020] ALSA device list:
[    2.330754]   No soundcards found.
[    2.539304] input: ImExPS/2 Generic Explorer Mouse as /devices/platform/i8042/serio1/input/input3
[    2.541188] md: Skipping autodetection of RAID arrays. (raid=autodetect will force)
[    2.542584] 9p: Bad value for 'source'
[    2.543333] 9pnet: Limiting 'msize' to 512000 as this is the maximum supported by transport virtio
[    2.546995] VFS: Mounted root (9p filesystem) on device 0:22.
[    2.549000] devtmpfs: mounted
[    2.549683] VFS: Pivoted into new rootfs
[    2.554901] Freeing unused kernel image (initmem) memory: 4668K
[    2.555815] Write protecting the kernel read-only data: 45056k
[    2.557789] Freeing unused kernel image (text/rodata gap) memory: 984K
[    2.559268] Freeing unused kernel image (rodata/data gap) memory: 400K
[    2.597237] x86/mm: Checked W+X mappings: passed, no W+X pages found.
[    2.598168] Run /home/prozak/.local/share/vng-venv/lib/python3.12/site-packages/virtme/guest/bin/virtme-ng-init as init process
[    2.599693]   with arguments:
[    2.600125]     /home/prozak/.local/share/vng-venv/lib/python3.12/site-packages/virtme/guest/bin/virtme-ng-init
[    2.601550]   with environment:
[    2.602000]     HOME=/
[    2.602372]     TERM=linux
[    2.602761]     virtme_hostname=virtme-ng
[    2.603349]     nr_open=1048576
[    2.603810]     virtme_link_mods=/home/prozak/sources/heimdall_experiment/uml-harness/.build/bpf-next-x86/.virtme_mods/lib/modules/0.0.0
[    2.605435]     virtme_rw_overlay0=/tmp
[    2.605974]     virtme_console=ttyS0
[    2.606486]     virtme_chdir=home/prozak/sources/heimdall_experiment/uml-harness/.build/selftests-output-qemu
[    2.680839] virtme-ng-init: mount devtmpfs -> /dev: EBUSY: Device or resource busy
[    2.682681] virtme-ng-init: Setting hostname to virtme-ng...
[    2.717340] virtme-ng-init: running systemd-tmpfiles
[    3.914087] systemd-tmpfile (127) used greatest stack depth: 12504 bytes left
[    3.914235] virtme-ng-init: basic initialization done
[    3.932076] virtme-ng-init: error creating file: Permission denied (os error 13)
[    4.015420] ip (133) used greatest stack depth: 11848 bytes left
[    4.106082] virtme-ng-init: Starting systemd-udevd version 255.4-1ubuntu8.16
[    4.108184] virtme-ng-init: triggering udev coldplug
[    7.181409] virtme-ng-init: waiting for udev to settle
[    8.014039] virtme-ng-init: udev is done
[    8.018582] virtme-ng-init: starting script
[    8.249118] bpf_testmod: loading out-of-tree module taints kernel.
[    8.250075] bpf_testmod: module verification failed: signature and/or required key missing - tainting kernel
[    8.386225] smc: removing smcd device lo
[    8.453858] ACPI: PM: Preparing to enter system sleep state S5
[    8.455071] reboot: Power down
