#15/1    bad_struct_ops/invalid_prog_reuse:OK
#15/2    bad_struct_ops/unused_program:OK
#15      bad_struct_ops:OK
Summary: 1/2 PASSED, 0 SKIPPED, 0 FAILED
utput: 0x0000000001000000
output_len: 0x00000000045c1650
kernel_total_size: 0x0000000004f8d000
needed_size: 0x0000000005000000
trampoline_32bit: 0x0000000000000000
Physical KASLR using RDRAND RDTSC...
Virtual KASLR using RDRAND RDTSC...

Decompressing Linux... Parsing ELF... Performing relocations... done.
Booting the kernel (entry_offset: 0x0000000003db5740).
[    0.000000] Linux version 7.2.0-rc1-g5e2f4aad04e2 (prozak@powertower) (gcc (Ubuntu 13.3.0-6ubuntu2~24.04.1) 13.3.0, GNU ld (GNU Binutils for Ubuntu) 2.42) #3 SMP PREEMPT_DYNAMIC Sun Aug  2 09:03:43 PDT 2026
[    0.000000] Command line: virtme_hostname=virtme-ng nr_open=1048576 virtme_link_mods=/home/prozak/sources/heimdall_experiment/uml-harness/.build/bpf-next-x86/.virtme_mods/lib/modules/0.0.0 virtme_rw_overlay0=/tmp virtme_console=ttyS0 console=ttyS0 earlyprintk=serial,ttyS0,115200 panic=-1 virtme.exec=`bW91bnQgLXQgYnBmIGJwZmZzIC9zeXMvZnMvYnBmIDI+L2Rldi9udWxsOyAuL3Rlc3RfcHJvZ3MgLXQgJ2JhZF9zdHJ1Y3Rfb3BzJw==` virtme_chdir=home/prozak/sources/heimdall_experiment/uml-harness/.build/selftests-output-qemu rootfstype=9p rootflags=version=9p2000.L,trans=virtio,access=any,msize=524288 raid=noautodetect rw debug init=/home/prozak/.local/share/vng-venv/lib/python3.12/site-packages/virtme/guest/bin/virtme-ng-init
[    0.000000] x86 CPU feature dependency check failure: CPU0 has '18*32+31' enabled but '18*32+26' disabled. Kernel might be fine, but no guarantees.
[    0.000000] BIOS-provided physical RAM map:
[    0.000000] BIOS-e820: [mem 0x0000000000000000-0x000000000009fbff]  System RAM
[    0.000000] BIOS-e820: [mem 0x000000000009fc00-0x000000000009ffff]  device reserved
[    0.000000] BIOS-e820: [gap 0x00000000000a0000-0x00000000000effff]
[    0.000000] BIOS-e820: [mem 0x00000000000f0000-0x00000000000fffff]  device reserved
[    0.000000] BIOS-e820: [mem 0x0000000000100000-0x00000000bffdffff]  System RAM
[    0.000000] BIOS-e820: [mem 0x00000000bffe0000-0x00000000bfffffff]  device reserved
[    0.000000] BIOS-e820: [gap 0x00000000c0000000-0x00000000feffbfff]
[    0.000000] BIOS-e820: [mem 0x00000000feffc000-0x00000000feffffff]  device reserved
[    0.000000] BIOS-e820: [gap 0x00000000ff000000-0x00000000fffbffff]
[    0.000000] BIOS-e820: [mem 0x00000000fffc0000-0x00000000ffffffff]  device reserved
[    0.000000] BIOS-e820: [mem 0x0000000100000000-0x000000013fffffff]  System RAM
[    0.000000] BIOS-e820: [gap 0x0000000140000000-0x000000fcffffffff]
[    0.000000] BIOS-e820: [mem 0x000000fd00000000-0x000000ffffffffff]  device reserved
[    0.000000] printk: legacy bootconsole [earlyser0] enabled
[    0.000000] NX (Execute Disable) protection: active
[    0.000000] APIC: Static calls initialized
[    0.000000] DMI: SMBIOS 3.0.0 present.
[    0.000000] DMI: QEMU Ubuntu 24.04 PC v2 (i440FX + PIIX, arch_caps fix, 1996), BIOS 1.16.3-debian-1.16.3-2 04/01/2014
[    0.000000] DMI: Memory slots populated: 1/1
[    0.000000] Hypervisor detected: KVM
[    0.000000] last_pfn = 0xbffe0 max_arch_pfn = 0x400000000
[    0.000000] kvm-clock: Using msrs 4b564d01 and 4b564d00
[    0.000001] kvm-clock: using sched offset of 450040847 cycles
[    0.000928] clocksource: kvm-clock: mask: 0xffffffffffffffff max_cycles: 0x1cd42e4dffb, max_idle_ns: 881590591483 ns
[    0.003750] tsc: Detected 3400.038 MHz processor
[    0.004912] e820: update [mem 0x00000000-0x00000fff] System RAM ==> device reserved
[    0.006301] e820: remove [mem 0x000a0000-0x000fffff] System RAM
[    0.007333] last_pfn = 0x140000 max_arch_pfn = 0x400000000
[    0.008440] MTRR map: 4 entries (3 fixed + 1 variable; max 19), built from 8 variable MTRRs
[    0.009936] x86/PAT: Configuration [0-7]: WB  WC  UC- UC  WB  WP  UC- WT  
Memory KASLR using RDRAND RDTSC...
[    0.011794] last_pfn = 0xbffe0 max_arch_pfn = 0x400000000
[    0.013959] found SMP MP-table at [mem 0x000f5450-0x000f545f]
[    0.015007] Using GB pages for direct mapping
[    0.015932] ACPI: Early table checksum verification disabled
[    0.016965] ACPI: RSDP 0x00000000000F5240 000014 (v00 BOCHS )
[    0.017956] ACPI: RSDT 0x00000000BFFE1F16 000034 (v01 BOCHS  BXPC     00000001 BXPC 00000001)
[    0.019446] ACPI: FACP 0x00000000BFFE1D92 000074 (v01 BOCHS  BXPC     00000001 BXPC 00000001)
[    0.020937] ACPI: DSDT 0x00000000BFFE0040 001D52 (v01 BOCHS  BXPC     00000001 BXPC 00000001)
[    0.022410] ACPI: FACS 0x00000000BFFE0000 000040
[    0.023199] ACPI: APIC 0x00000000BFFE1E06 0000B0 (v03 BOCHS  BXPC     00000001 BXPC 00000001)
[    0.024702] ACPI: HPET 0x00000000BFFE1EB6 000038 (v01 BOCHS  BXPC     00000001 BXPC 00000001)
[    0.026197] ACPI: WAET 0x00000000BFFE1EEE 000028 (v01 BOCHS  BXPC     00000001 BXPC 00000001)
[    0.027668] ACPI: Reserving FACP table memory at [mem 0xbffe1d92-0xbffe1e05]
[    0.028929] ACPI: Reserving DSDT table memory at [mem 0xbffe0040-0xbffe1d91]
[    0.030172] ACPI: Reserving FACS table memory at [mem 0xbffe0000-0xbffe003f]
[    0.031389] ACPI: Reserving APIC table memory at [mem 0xbffe1e06-0xbffe1eb5]
[    0.032619] ACPI: Reserving HPET table memory at [mem 0xbffe1eb6-0xbffe1eed]
[    0.033834] ACPI: Reserving WAET table memory at [mem 0xbffe1eee-0xbffe1f15]
[    0.035508] No NUMA configuration found
[    0.036163] Faking a node at [mem 0x0000000000000000-0x000000013fffffff]
[    0.037353] NODE_DATA(0) allocated [mem 0x13fff9c80-0x13fffdfff]
[    0.039185] ACPI: PM-Timer IO Port: 0x608
[    0.039899] ACPI: LAPIC_NMI (acpi_id[0xff] dfl dfl lint[0x1])
[    0.040995] IOAPIC[0]: apic_id 0, version 17, address 0xfec00000, GSI 0-23
[    0.042221] ACPI: INT_SRC_OVR (bus 0 bus_irq 0 global_irq 2 dfl dfl)
[    0.043323] ACPI: INT_SRC_OVR (bus 0 bus_irq 5 global_irq 5 high level)
[    0.044479] ACPI: INT_SRC_OVR (bus 0 bus_irq 9 global_irq 9 high level)
[    0.045605] ACPI: INT_SRC_OVR (bus 0 bus_irq 10 global_irq 10 high level)
[    0.046791] ACPI: INT_SRC_OVR (bus 0 bus_irq 11 global_irq 11 high level)
[    0.047951] ACPI: Using ACPI (MADT) for SMP configuration information
[    0.049077] ACPI: HPET id: 0x8086a201 base: 0xfed00000
[    0.049957] TSC deadline timer available
[    0.050645] CPU topo: Max. logical packages:   1
[    0.051446] CPU topo: Max. logical nodes:      1
[    0.052242] CPU topo: Num. nodes per package:  1
[    0.053047] CPU topo: Max. logical dies:       1
[    0.053865] CPU topo: Max. dies per package:   1
[    0.054672] CPU topo: Max. threads per core:   1
[    0.055473] CPU topo: Num. cores per package:     8
[    0.056322] CPU topo: Num. threads per package:   8
[    0.057201] CPU topo: Allowing 8 present CPUs plus 0 hotplug CPUs
[    0.058284] kvm-guest: APIC: eoi() replaced with kvm_guest_apic_eoi_write()
[    0.059535] kvm-guest: KVM setup pv remote TLB flush
[    0.060412] kvm-guest: setup PV sched yield
[    0.061137] PM: hibernation: Registered nosave memory: [mem 0x00000000-0x00000fff]
[    0.062444] PM: hibernation: Registered nosave memory: [mem 0x0009f000-0x000fffff]
[    0.063731] PM: hibernation: Registered nosave memory: [mem 0xbffe0000-0xffffffff]
[    0.065088] [gap 0xc0000000-0xfeffbfff] available for PCI devices
[    0.066155] Booting paravirtualized kernel on KVM
[    0.066974] clocksource: refined-jiffies: mask: 0xffffffff max_cycles: 0xffffffff, max_idle_ns: 1910969940391419 ns
[    0.073380] Zone ranges:
[    0.073827]   DMA      [mem 0x0000000000001000-0x0000000000ffffff]
[    0.074909]   DMA32    [mem 0x0000000001000000-0x00000000ffffffff]
[    0.075974]   Normal   [mem 0x0000000100000000-0x000000013fffffff]
[    0.077082] Movable zone start for each node
[    0.077817] Early memory node ranges
[    0.078428]   node   0: [mem 0x0000000000001000-0x000000000009efff]
[    0.079518]   node   0: [mem 0x0000000000100000-0x00000000bffdffff]
[    0.080621]   node   0: [mem 0x0000000100000000-0x000000013fffffff]
[    0.081710] Initmem setup node 0 [mem 0x0000000000001000-0x000000013fffffff]
[    0.082994] On node 0, zone DMA: 1 pages in unavailable ranges
[    0.084480] On node 0, zone DMA: 97 pages in unavailable ranges
[    0.212588] On node 0, zone Normal: 32 pages in unavailable ranges
[    0.213747] setup_percpu: NR_CPUS:128 nr_cpumask_bits:8 nr_cpu_ids:8 nr_node_ids:1
[    0.219149] percpu: Embedded 58 pages/cpu s199696 r8192 d29680 u262144
[    0.220308] pcpu-alloc: s199696 r8192 d29680 u262144 alloc=1*2097152
[    0.221414] pcpu-alloc: [0] 0 1 2 3 4 5 6 7 
[    0.222199] Kernel command line: virtme_hostname=virtme-ng nr_open=1048576 virtme_link_mods=/home/prozak/sources/heimdall_experiment/uml-harness/.build/bpf-next-x86/.virtme_mods/lib/modules/0.0.0 virtme_rw_overlay0=/tmp virtme_console=ttyS0 console=ttyS0 earlyprintk=serial,ttyS0,115200 panic=-1 virtme.exec=`bW91bnQgLXQgYnBmIGJwZmZzIC9zeXMvZnMvYnBmIDI+L2Rldi9udWxsOyAuL3Rlc3RfcHJvZ3MgLXQgJ2JhZF9zdHJ1Y3Rfb3BzJw==` virtme_chdir=home/prozak/sources/heimdall_experiment/uml-harness/.build/selftests-output-qemu rootfstype=9p rootflags=version=9p2000.L,trans=virtio,access=any,msize=524288 raid=noautodetect rw debug init=/home/prozak/.local/share/vng-venv/lib/python3.12/site-packages/virtme/guest/bin/virtme-ng-init
[    0.233268] Unknown kernel command line parameters "virtme_hostname=virtme-ng nr_open=1048576 virtme_link_mods=/home/prozak/sources/heimdall_experiment/uml-harness/.build/bpf-next-x86/.virtme_mods/lib/modules/0.0.0 virtme_rw_overlay0=/tmp virtme_console=ttyS0 virtme_chdir=home/prozak/sources/heimdall_experiment/uml-harness/.build/selftests-output-qemu", will be passed to user space.
[    0.239277] random: crng init done
[    0.239863] printk: log buffer data + meta data: 2097152 + 7340032 = 9437184 bytes
[    0.249268] Dentry cache hash table entries: 524288 (order: 10, 4194304 bytes, linear)
[    0.254620] Inode-cache hash table entries: 262144 (order: 9, 2097152 bytes, linear)
[    0.256207] software IO TLB: area num 8.
[    0.391014] Fallback order for Node 0: 0 
[    0.391020] Built 1 zonelists, mobility grouping on.  Total pages: 1048446
[    0.392987] Policy zone: Normal
[    0.393543] mem auto-init: stack:all(zero), heap alloc:off, heap free:off
[    0.400009] SLUB: HWalign=64, Order=0-3, MinObjects=0, CPUs=8, Nodes=1
Poking KASLR using RDRAND RDTSC...
[    0.415826] ftrace: allocating 69757 entries in 274 pages
[    0.416802] ftrace: allocated 274 pages with 3 groups
[    0.418251] Dynamic Preempt: full
[    0.419126] Running RCU self tests
[    0.419736] Running RCU synchronous self tests
[    0.420500] rcu: Preemptible hierarchical RCU implementation.
[    0.421540] rcu: 	RCU event tracing is enabled.
[    0.422329] rcu: 	RCU lockdep checking is enabled.
[    0.423151] rcu: 	RCU restricting CPUs from NR_CPUS=128 to nr_cpu_ids=8.
[    0.424323] 	Trampoline variant of Tasks RCU enabled.
[    0.425191] 	Rude variant of Tasks RCU enabled.
[    0.426001] 	Tracing variant of Tasks RCU enabled.
[    0.426848] rcu: RCU calculated value of scheduler-enlistment delay is 100 jiffies.
[    0.428213] rcu: Adjusting geometry for rcu_fanout_leaf=16, nr_cpu_ids=8
[    0.429430] Running RCU synchronous self tests
[    0.430208] RCU Tasks: Setting shift to 3 and lim to 1 rcu_task_cb_adjust=1 rcu_task_cpu_ids=8.
[    0.431736] RCU Tasks Rude: Setting shift to 3 and lim to 1 rcu_task_cb_adjust=1 rcu_task_cpu_ids=8.
[    0.439136] NR_IRQS: 8448, nr_irqs: 488, preallocated irqs: 16
[    0.440542] rcu: srcu_init: Setting srcu_struct sizes based on contention.
[    0.441801] clocksource: jiffies: mask: 0xffffffff max_cycles: 0xffffffff, max_idle_ns: 1911260446275000 ns
[    0.443905] Console: colour *CGA 80x25
[    0.444621] printk: legacy console [ttyS0] enabled
[    0.444621] printk: legacy console [ttyS0] enabled
[    0.446362] printk: legacy bootconsole [earlyser0] disabled
[    0.446362] printk: legacy bootconsole [earlyser0] disabled
[    0.448340] Lock dependency validator: Copyright (c) 2006 Red Hat, Inc., Ingo Molnar
[    0.449722] ... MAX_LOCKDEP_SUBCLASSES:  8
[    0.450479] ... MAX_LOCK_DEPTH:          48
[    0.451251] ... MAX_LOCKDEP_KEYS:        8192
[    0.452043] ... CLASSHASH_SIZE:          4096
[    0.452822] ... MAX_LOCKDEP_ENTRIES:     32768
[    0.453627] ... MAX_LOCKDEP_CHAINS:      65536
[    0.454450] ... CHAINHASH_SIZE:          32768
[    0.455282]  memory used by lock dependency info: 6429 kB
[    0.456255]  memory used for stack traces: 4224 kB
[    0.457103]  per task-struct memory footprint: 1920 bytes
[    0.458222] ACPI: Core revision 20260408
[    0.459177] clocksource: hpet: mask: 0xffffffff max_cycles: 0xffffffff, max_idle_ns: 19112604467 ns
[    0.461017] APIC: Switch to symmetric I/O mode setup
[    0.462411] x2apic enabled
[    0.463477] APIC: Switched APIC routing to: physical x2apic
[    0.464541] kvm-guest: APIC: send_IPI_mask() replaced with kvm_send_ipi_mask()
[    0.465881] kvm-guest: APIC: send_IPI_mask_allbutself() replaced with kvm_send_ipi_mask_allbutself()
[    0.467592] kvm-guest: setup PV IPIs
[    0.470392] ..TIMER: vector=0x30 apic1=0 pin1=2 apic2=-1 pin2=-1
[    0.471599] clocksource: tsc-early: mask: 0xffffffffffffffff max_cycles: 0x31027285e94, max_idle_ns: 440795238296 ns
[    0.473565] Calibrating delay loop (skipped) preset value.. 6800.07 BogoMIPS (lpj=3400038)
[    0.475222] x86/cpu: User Mode Instruction Prevention (UMIP) activated
[    0.476876] Last level iTLB entries: 4KB 512, 2MB 255, 4MB 127
[    0.477562] Last level dTLB entries: 4KB 512, 2MB 255, 4MB 127, 1GB 0
[    0.478570] mitigations: Enabled attack vectors: user_kernel, user_user, SMT mitigations: auto
[    0.479563] Speculative Store Bypass: Mitigation: Speculative Store Bypass disabled via prctl
[    0.480563] Speculative Return Stack Overflow: IBPB-extending microcode not applied!
[    0.481562] Speculative Return Stack Overflow: WARNING: See https://kernel.org/doc/html/latest/admin-guide/hw-vuln/srso.html for mitigation options.
[    0.481564] Transient Scheduler Attacks: Vulnerable: No microcode
[    0.483562] Spectre V2 : Mitigation: Retpolines
[    0.484563] Speculative Return Stack Overflow: Vulnerable: Safe RET, no microcode
[    0.485562] Spectre V1 : Mitigation: usercopy/swapgs barriers and __user pointer sanitization
[    0.486562] Spectre V2 : Spectre v2 / SpectreRSB: Filling RSB on context switch and VMEXIT
[    0.487562] Spectre V2 : Enabling Restricted Speculation for firmware calls
[    0.488564] Spectre V2 : mitigation: Enabling conditional Indirect Branch Prediction Barrier
[    0.489563] active return thunk: srso_alias_return_thunk
[    0.490612] x86/fpu: Supporting XSAVE feature 0x001: 'x87 floating point registers'
[    0.491562] x86/fpu: Supporting XSAVE feature 0x002: 'SSE registers'
[    0.492562] x86/fpu: Supporting XSAVE feature 0x004: 'AVX registers'
[    0.493563] x86/fpu: xstate_offset[2]:  576, xstate_sizes[2]:  256
[    0.494563] x86/fpu: Enabled xstate features 0x7, context size is 832 bytes, using 'compacted' format.
[    0.531998] pid_max: default: 32768 minimum: 301
[    0.532815] SELinux:  Initializing.
[    0.535332] LSM support for eBPF active
[    0.535876] Mount-cache hash table entries: 8192 (order: 4, 65536 bytes, linear)
[    0.537564] Mountpoint-cache hash table entries: 8192 (order: 4, 65536 bytes, linear)
[    0.540511] VFS: Finished mounting rootfs on nullfs
[    0.542026] Running RCU synchronous self tests
[    0.542565] Running RCU synchronous self tests
[    0.544122] smpboot: CPU0: AMD Ryzen 9 5950X 16-Core Processor (family: 0x19, model: 0x21, stepping: 0x2)
[    0.546835] Performance Events: Fam17h+ core perfctr, AMD PMU driver.
[    0.547595] ... version:                   0
[    0.548484] ... bit width:                 48
[    0.548570] ... generic counters:          6
[    0.549457] ... generic bitmap:            000000000000003f
[    0.549569] ... fixed-purpose counters:    0
[    0.550471] ... fixed-purpose bitmap:      0000000000000000
[    0.550569] ... value mask:                0000ffffffffffff
[    0.551569] ... max period:                00007fffffffffff
[    0.552569] ... global_ctrl mask:          000000000000003f
[    0.553930] signal: max sigframe size: 1776
[    0.554733] rcu: Hierarchical SRCU implementation.
[    0.555572] rcu: 	Max phase no-delay instances is 400.
[    0.556935] Timer migration: 1 hierarchy levels; 8 children per group; 1 crossnode level
[    0.569887] smp: Bringing up secondary CPUs ...
[    0.574404] smpboot: x86: Booting SMP configuration:
[    0.574570] .... node  #0, CPUs:      #1 #2 #3 #4 #5 #6 #7
[    0.603954] smp: Brought up 1 node, 8 CPUs
[    0.605461] smpboot: Total of 8 processors activated (54400.60 BogoMIPS)
[    0.606949] Memory: 3963784K/4193784K available (25637K kernel code, 10348K rwdata, 18032K rodata, 4668K init, 13400K bss, 221948K reserved, 0K cma-reserved)
[    0.609898] devtmpfs: initialized
[    0.614223] Running RCU synchronous self tests
[    0.614589] Running RCU synchronous self tests
[    0.615676] Running RCU Tasks wait API self tests
[    0.616626] Running RCU Tasks Rude wait API self tests
[    0.617577] Running RCU Tasks Trace wait API self tests
[    0.618729] posixtimers hash table entries: 4096 (order: 7, 294912 bytes, linear)
[    0.621027] futex hash table entries: 2048 (262144 bytes on 1 NUMA nodes, total 256 KiB, linear).
[    0.622569] PM: RTC time: 22:51:03, date: 2026-08-02
[    0.623600] Callback from call_rcu_tasks_trace() invoked.
[    0.630796] NET: Registered PF_NETLINK/PF_ROUTE protocol family
[    0.632621] audit: initializing netlink subsys (disabled)
[    0.633681] audit: type=2000 audit(1785711064.020:1): state=initialized audit_enabled=0 res=1
[    0.656303] thermal_sys: Registered thermal governor 'step_wise'
[    0.656373] cpuidle: using governor ladder
[    0.657465] cpuidle: using governor menu
[    0.658790] Freeing SMP alternatives memory: 68K
[    0.660412] PCI: Using configuration type 1 for base access
[    0.660570] PCI: Using configuration type 1 for extended access
[    0.661748] kprobes: kprobe jump-optimization is enabled. All kprobes are optimized if possible.
[    0.663689] HugeTLB: registered 1.00 GiB page size, pre-allocated 0 pages
[    0.664572] HugeTLB: 16380 KiB vmemmap can be freed for a 1.00 GiB page
[    0.665570] HugeTLB: registered 2.00 MiB page size, pre-allocated 0 pages
[    0.666569] HugeTLB: 28 KiB vmemmap can be freed for a 2.00 MiB page
[    0.672851] ACPI: Added _OSI(Module Device)
[    0.673570] ACPI: Added _OSI(Processor Device)
[    0.674557] ACPI: Added _OSI(Processor Aggregator Device)
[    0.679153] ACPI: 1 ACPI AML tables successfully acquired and loaded
[    0.682571] ACPI: \_SB_: platform _OSC: OS support mask [002a7eee]
[    0.684308] ACPI: Interpreter enabled
[    0.684637] ACPI: PM: (supports S0 S3 S4 S5)
[    0.685583] ACPI: Using IOAPIC for interrupt routing
[    0.686622] PCI: Using host bridge windows from ACPI; if necessary, use "pci=nocrs" and report a bug
[    0.687570] PCI: Using E820 reservations for host bridge windows
[    0.688943] ACPI: Enabled 2 GPEs in block 00 to 0F
[    0.705325] ACPI: PCI Root Bridge [PCI0] (domain 0000 [bus 00-ff])
[    0.705576] acpi PNP0A03:00: _OSC: OS supports [ExtendedConfig ASPM ClockPM Segments MSI HPX-Type3]
[    0.706580] acpi PNP0A03:00: _OSC: OS requested [PME PCIeCapability LTR]
[    0.707570] acpi PNP0A03:00: _OSC: platform willing to grant [PME PCIeCapability LTR]
[    0.708571] acpi PNP0A03:00: _OSC: platform retains control of PCIe features (AE_ERROR)
[    0.710355] PCI host bridge to bus 0000:00
[    0.710580] pci_bus 0000:00: root bus resource [io  0x0000-0x0cf7 window]
[    0.711570] pci_bus 0000:00: root bus resource [io  0x0d00-0xffff window]
[    0.712571] pci_bus 0000:00: root bus resource [mem 0x000a0000-0x000bffff window]
[    0.713571] pci_bus 0000:00: root bus resource [mem 0xc0000000-0xfebfffff window]
[    0.714571] pci_bus 0000:00: root bus resource [mem 0x380000000000-0x38007fffffff window]
[    0.715572] pci_bus 0000:00: root bus resource [bus 00-ff]
[    0.716972] pci 0000:00:00.0: [8086:1237] type 00 class 0x060000 conventional PCI endpoint
[    0.719233] pci 0000:00:01.0: [8086:7000] type 00 class 0x060100 conventional PCI endpoint
[    0.720956] pci 0000:00:01.1: [8086:7010] type 00 class 0x010180 conventional PCI endpoint
[    0.722414] pci 0000:00:01.1: BAR 4 [io  0xc1c0-0xc1cf]
[    0.722701] pci 0000:00:01.1: BAR 0 [io  0x01f0-0x01f7]: legacy IDE quirk
[    0.723600] pci 0000:00:01.1: BAR 1 [io  0x03f6]: legacy IDE quirk
[    0.724570] pci 0000:00:01.1: BAR 2 [io  0x0170-0x0177]: legacy IDE quirk
[    0.725570] pci 0000:00:01.1: BAR 3 [io  0x0376]: legacy IDE quirk
[    0.727288] pci 0000:00:01.3: [8086:7113] type 00 class 0x068000 conventional PCI endpoint
[    0.728280] pci 0000:00:01.3: quirk: [io  0x0600-0x063f] claimed by PIIX4 ACPI
[    0.728588] pci 0000:00:01.3: quirk: [io  0x0700-0x070f] claimed by PIIX4 SMB
[    0.730600] pci 0000:00:02.0: [1af4:1009] type 00 class 0x000200 conventional PCI endpoint
[    0.733320] pci 0000:00:02.0: BAR 0 [io  0xc000-0xc03f]
[    0.733588] pci 0000:00:02.0: BAR 1 [mem 0xfebf8000-0xfebf8fff]
[    0.734632] pci 0000:00:02.0: BAR 4 [mem 0x380000000000-0x380000003fff 64bit pref]
[    0.738694] pci 0000:00:03.0: [8086:25ab] type 00 class 0x088000 conventional PCI endpoint
[    0.740539] pci 0000:00:03.0: BAR 0 [mem 0xfebf9000-0xfebf900f]
[    0.743173] pci 0000:00:04.0: [1af4:1003] type 00 class 0x078000 conventional PCI endpoint
[    0.745043] pci 0000:00:04.0: BAR 0 [io  0xc040-0xc07f]
[    0.745589] pci 0000:00:04.0: BAR 1 [mem 0xfebfa000-0xfebfafff]
[    0.746631] pci 0000:00:04.0: BAR 4 [mem 0x380000004000-0x380000007fff 64bit pref]
[    0.750854] pci 0000:00:05.0: [1af4:1003] type 00 class 0x078000 conventional PCI endpoint
[    0.752587] pci 0000:00:05.0: BAR 0 [io  0xc080-0xc0bf]
[    0.753588] pci 0000:00:05.0: BAR 1 [mem 0xfebfb000-0xfebfbfff]
[    0.754632] pci 0000:00:05.0: BAR 4 [mem 0x380000008000-0x38000000bfff 64bit pref]
[    0.758881] pci 0000:00:06.0: [1af4:1003] type 00 class 0x078000 conventional PCI endpoint
[    0.760590] pci 0000:00:06.0: BAR 0 [io  0xc0c0-0xc0ff]
[    0.761588] pci 0000:00:06.0: BAR 1 [mem 0xfebfc000-0xfebfcfff]
[    0.762632] pci 0000:00:06.0: BAR 4 [mem 0x38000000c000-0x38000000ffff 64bit pref]
[    0.766972] pci 0000:00:07.0: [1af4:1003] type 00 class 0x078000 conventional PCI endpoint
[    0.768588] pci 0000:00:07.0: BAR 0 [io  0xc100-0xc13f]
[    0.769587] pci 0000:00:07.0: BAR 1 [mem 0xfebfd000-0xfebfdfff]
[    0.770631] pci 0000:00:07.0: BAR 4 [mem 0x380000010000-0x380000013fff 64bit pref]
[    0.774870] pci 0000:00:08.0: [1af4:1003] type 00 class 0x078000 conventional PCI endpoint
[    0.776522] pci 0000:00:08.0: BAR 0 [io  0xc140-0xc17f]
[    0.776587] pci 0000:00:08.0: BAR 1 [mem 0xfebfe000-0xfebfefff]
[    0.777630] pci 0000:00:08.0: BAR 4 [mem 0x380000014000-0x380000017fff 64bit pref]
[    0.781776] pci 0000:00:09.0: [1af4:1003] type 00 class 0x078000 conventional PCI endpoint
[    0.784253] pci 0000:00:09.0: BAR 0 [io  0xc180-0xc1bf]
[    0.784592] pci 0000:00:09.0: BAR 1 [mem 0xfebff000-0xfebfffff]
[    0.785630] pci 0000:00:09.0: BAR 4 [mem 0x380000018000-0x38000001bfff 64bit pref]
[    0.795637] ACPI: PCI: Interrupt link LNKA configured for IRQ 10
[    0.796845] ACPI: PCI: Interrupt link LNKB configured for IRQ 10
[    0.797833] ACPI: PCI: Interrupt link LNKC configured for IRQ 11
[    0.798818] ACPI: PCI: Interrupt link LNKD configured for IRQ 11
[    0.799703] ACPI: PCI: Interrupt link LNKS configured for IRQ 9
[    0.802581] iommu: Default domain type: Translated
[    0.803569] iommu: DMA domain TLB invalidation policy: lazy mode
[    0.806023] SCSI subsystem initialized
[    0.806654] libata version 3.00 loaded.
[    0.807766] ACPI: bus type USB registered
[    0.808699] usbcore: registered new interface driver usbfs
[    0.809641] usbcore: registered new interface driver hub
[    0.810608] usbcore: registered new device driver usb
[    0.811763] pps_core: LinuxPPS API ver. 1 registered
[    0.812573] pps_core: Software ver. 5.3.6 - Copyright 2005-2007 Rodolfo Giometti <giometti@linux.it>
[    0.813597] PTP clock support registered
[    0.815113] Advanced Linux Sound Architecture Driver Initialized.
[    0.816917] NetLabel: Initializing
[    0.817570] NetLabel:  domain hash size = 128
[    0.818497] NetLabel:  protocols = UNLABELED CIPSOv4 CALIPSO
[    0.818618] NetLabel:  unlabeled traffic allowed by default
[    0.819841] PCI: Using ACPI for IRQ routing
[    0.820572] PCI: pci_cache_line_size set to 64 bytes
[    0.821941] e820: register RAM buffer resource [mem 0x0009fc00-0x0009ffff]
[    0.822571] e820: register RAM buffer resource [mem 0xbffe0000-0xbfffffff]
[    0.823714] vgaarb: loaded
[    0.824606] hpet0: at MMIO 0xfed00000, IRQs 2, 8, 0
[    0.825570] hpet0: 3 comparators, 64-bit 100.000000 MHz counter
[    0.826571] Callback from call_rcu_tasks() invoked.
[    0.829260] clocksource: Switched to clocksource kvm-clock
[    0.831135] VFS: Disk quotas dquot_6.6.0
[    0.832058] VFS: Dquot-cache hash table entries: 512 (4096 bytes)
[    0.834502] pnp: PnP ACPI init
[    0.835720] pnp 00:02: [dma 2]
[    0.837281] pnp: PnP ACPI: found 4 devices
[    0.857140] clocksource: acpi_pm: mask: 0xffffff max_cycles: 0xffffff, max_idle_ns: 2085701024 ns
[    0.859440] NET: Registered PF_INET protocol family
[    0.861912] IP idents hash table entries: 65536 (order: 7, 524288 bytes, linear)
[    0.866180] tcp_listen_portaddr_hash hash table entries: 2048 (order: 6, 147456 bytes, linear)
[    0.868449] Table-perturb hash table entries: 65536 (order: 6, 262144 bytes, linear)
[    0.870111] TCP established hash table entries: 32768 (order: 6, 262144 bytes, linear)
[    0.872461] TCP bind hash table entries: 32768 (order: 11, 4718592 bytes, vmalloc hugepage)
[    0.884341] TCP: Hash tables configured (established 32768 bind 32768)
[    0.887194] MPTCP token hash table entries: 4096 (order: 7, 360448 bytes, linear)
[    0.888914] UDP hash table entries: 2048 (order: 7, 524288 bytes, linear)
[    0.891594] NET: Registered PF_UNIX/PF_LOCAL protocol family
[    0.893901] RPC: Registered named UNIX socket transport module.
[    0.895531] RPC: Registered udp transport module.
[    0.896656] RPC: Registered tcp transport module.
[    0.897673] RPC: Registered tcp-with-tls transport module.
[    0.898909] RPC: Registered tcp NFSv4.1 backchannel transport module.
[    0.901151] NET: Registered PF_XDP protocol family
[    0.902511] pci_bus 0000:00: resource 4 [io  0x0000-0x0cf7 window]
[    0.903977] pci_bus 0000:00: resource 5 [io  0x0d00-0xffff window]
[    0.905306] pci_bus 0000:00: resource 6 [mem 0x000a0000-0x000bffff window]
[    0.906796] pci_bus 0000:00: resource 7 [mem 0xc0000000-0xfebfffff window]
[    0.908264] pci_bus 0000:00: resource 8 [mem 0x380000000000-0x38007fffffff window]
[    0.909968] pci 0000:00:01.0: PIIX3: Enabling Passive Release
[    0.911184] pci 0000:00:00.0: Limiting direct PCI/PCI transfers
[    0.912604] PCI: CLS 0 bytes, default 64
[    0.913601] PCI-DMA: Using software bounce buffering for IO (SWIOTLB)
[    0.914943] software IO TLB: mapped [mem 0x00000000bbfe0000-0x00000000bffe0000] (64MB)
[    0.917819] clocksource: tsc: mask: 0xffffffffffffffff max_cycles: 0x31027285e94, max_idle_ns: 440795238296 ns
[    0.929074] Initialise system trusted keyrings
[    0.930463] workingset: timestamp_bits=40 (anon: 35) max_order=20 bucket_order=0 (anon: 0)
[    0.933515] squashfs: version 4.0 (2009/01/31) Phillip Lougher
[    0.935463] NFS: Registering the id_resolver key type
[    0.936712] Key type id_resolver registered
[    0.937656] Key type id_legacy registered
[    0.938615] nfs4filelayout_init: NFSv4 File Layout Driver Registering...
[    0.940074] nfs4flexfilelayout_init: NFSv4 Flexfile Layout Driver Registering...
[    0.941873] fuse: init (API version 7.45)
[    0.943087] 9p: Installing v9fs 9p2000 file system support
[    0.946197] NET: Registered PF_ALG protocol family
[    0.947281] Key type asymmetric registered
[    0.948172] Asymmetric key parser 'x509' registered
[    0.949348] Block layer SCSI generic (bsg) driver version 0.4 loaded (major 248)
[    0.951433] io scheduler mq-deadline registered
[    0.952661] io scheduler kyber registered
[    0.955354] input: Power Button as /devices/platform/LNXPWRBN:00/input/input0
[    0.957180] ACPI: button: Power Button [PWRF]
[    1.083723] ACPI: \_SB_.LNKB: Enabled at IRQ 10
[    1.208347] ACPI: \_SB_.LNKD: Enabled at IRQ 11
[    1.332815] ACPI: \_SB_.LNKA: Enabled at IRQ 10
[    1.481410] kwatchdog (99) used greatest stack depth: 14776 bytes left
[    1.580102] ACPI: \_SB_.LNKC: Enabled at IRQ 11
[    1.829254] Serial: 8250/16550 driver, 4 ports, IRQ sharing enabled
[    1.831709] 00:03: ttyS0 at I/O 0x3f8 (irq = 4, base_baud = 115200) is a 16550A
[    1.986473] Non-volatile memory driver v1.3
[    1.988230] ACPI: bus type drm_connector registered
[    2.010036] brd: module loaded
[    2.023414] loop: module loaded
[    2.028935] scsi host0: ata_piix
[    2.030832] scsi host1: ata_piix
[    2.031876] ata1: PATA max MWDMA2 cmd 0x1f0 ctl 0x3f6 bmdma 0xc1c0 irq 14 lpm-pol 0
[    2.033615] ata2: PATA max MWDMA2 cmd 0x170 ctl 0x376 bmdma 0xc1c8 irq 15 lpm-pol 0
[    2.039521] tun: Universal TUN/TAP device driver, 1.6
[    2.041166] e100: Intel(R) PRO/100 Network Driver
[    2.042234] e100: Copyright(c) 1999-2006 Intel Corporation
[    2.043544] e1000: Intel(R) PRO/1000 Network Driver
[    2.044624] e1000: Copyright (c) 1999-2006 Intel Corporation.
[    2.046000] e1000e: Intel(R) PRO/1000 Network Driver
[    2.047143] e1000e: Copyright(c) 1999 - 2015 Intel Corporation.
[    2.048533] sky2: driver version 1.30
[    2.050600] usbcore: registered new interface driver usblp
[    2.051918] usbcore: registered new interface driver usb-storage
[    2.053343] i8042: PNP: PS/2 Controller [PNP0303:KBD,PNP0f13:MOU] at 0x60,0x64 irq 1,12
[    2.056597] serio: i8042 KBD port at 0x60,0x64 irq 1
[    2.058236] serio: i8042 AUX port at 0x60,0x64 irq 12
[    2.060546] rtc_cmos PNP0B00:00: RTC can wake from S4
[    2.063717] input: AT Translated Set 2 keyboard as /devices/platform/i8042/serio0/input/input1
[    2.067009] rtc_cmos PNP0B00:00: registered as rtc0
[    2.068421] rtc_cmos PNP0B00:00: alarms up to one day, y3k, 242 bytes nvram, hpet irqs
[    2.071613] Registered IR keymap rc-empty
[    2.073217] rc rc0: rc-core loopback device as /devices/virtual/rc/rc0
[    2.076154] rc rc0: lirc_dev: driver rc-loopback registered at minor = 0, raw IR receiver, raw IR transmitter
[    2.078902] input: rc-core loopback device as /devices/virtual/rc/rc0/input4
[    2.081482] intel_powerclamp: CPU does not support MWAIT
[    2.082824] device-mapper: core: CONFIG_IMA_DISABLE_HTABLE is disabled. Duplicate IMA measurements will not be recorded in the IMA log.
[    2.086024] device-mapper: ioctl: 4.50.0-ioctl (2025-04-28) initialised: dm-devel@lists.linux.dev
[    2.087971] amd_pstate: the _CPC object is not present in SBIOS or ACPI disabled
[    2.090415] hid: raw HID events driver (C) Jiri Kosina
[    2.093529] usbcore: registered new interface driver usbhid
[    2.094806] usbhid: USB HID core driver
[    2.096897] GACT probability NOT on
[    2.097690] Mirror/redirect action on
[    2.100161] nf_conntrack_irc: The irc conntrack helper is scheduled for removal.
[    2.100161] Please contact the netfilter-devel mailing list if you still need this.
[    2.105062] ipip: IPv4 and MPLS over IPv4 tunneling driver
[    2.107136] gre: GRE over IPv4 demultiplexer driver
[    2.108229] ip_gre: GRE over IPv4 tunneling driver
[    2.111898] Initializing XFRM netlink socket
[    2.113142] IPsec XFRM device driver
[    2.114133] NET: Registered PF_INET6 protocol family
[    2.117536] Segment Routing with IPv6
[    2.118396] In-situ OAM (IOAM) with IPv6
[    2.119279] mip6: Mobile IPv6
[    2.120006] sit: IPv6, IPv4 and MPLS over IPv4 tunneling driver
[    2.122880] ip6_gre: GRE over IPv6 tunneling driver
[    2.124807] NET: Registered PF_PACKET protocol family
[    2.126052] RPC: Registered rdma transport module.
[    2.127124] RPC: Registered rdma backchannel transport module.
[    2.128749] 8021q: 802.1Q VLAN Support v1.8
[    2.130341] smc: adding smcd device lo without pnetid
[    2.131670] NET: Registered PF_SMC protocol family
[    2.133292] 9pnet: Installing 9P2000 support
[    2.135859] Key type dns_resolver registered
[    2.137089] NET: Registered PF_VSOCK protocol family
[    2.138320] mpls_gso: MPLS GSO support
[    2.142297] IPI shorthand broadcast: enabled
[    2.187420] sched_clock: Marking stable (2163019363, 23759566)->(2287615410, -100836481)
[    2.191153] registered taskstats version 1
[    2.193382] ata2: found unknown device (class 0)
[    2.195730] ata2.00: ATAPI: QEMU DVD-ROM, 2.5+, max UDMA/100
[    2.199521] scsi 1:0:0:0: CD-ROM            QEMU     QEMU DVD-ROM     2.5+ PQ: 0 ANSI: 5
[    2.208518] Loading compiled-in X.509 certificates
[    2.210293] kworker/u32:1 (119) used greatest stack depth: 13008 bytes left
[    2.211675] Loaded X.509 cert 'Build time autogenerated kernel key: c4531344b9a9c1a4731230d977a262ba29ba5272'
[    2.223867] sr 1:0:0:0: [sr0] scsi3-mmc drive: 4x/4x cd/rw xa/form2 tray
[    2.251967] Demotion targets for Node 0: null
[    2.253370] cdrom: Uniform CD-ROM driver Revision: 3.20
[    2.254312] ima: No TPM chip found, activating TPM-bypass!
[    2.256292] ima: Allocated hash algorithm: sha1
[    2.257621] ima: No architecture policies found
[    2.259672] PM:   Magic number: 6:835:905
[    2.260667] netconsole: network logging started
[    2.262341] cfg80211: Loading compiled-in X.509 certificates for regulatory database
[    2.265498] Loaded X.509 cert 'sforshee: 00b28ddf47aef9cea7'
[    2.267169] Loaded X.509 cert 'wens: 61c038651aabdcf94bd0ac7ff06c7248db18c600'
[    2.269081] faux_driver regulatory: Direct firmware load for regulatory.db failed with error -2
[    2.269560] sr 1:0:0:0: Attached scsi CD-ROM sr0
[    2.270025] ALSA device list:
[    2.270047]   No soundcards found.
[    2.271055] cfg80211: failed to load regulatory.db
[    2.273289] sr 1:0:0:0: Attached scsi generic sg0 type 5
[    2.491539] input: ImExPS/2 Generic Explorer Mouse as /devices/platform/i8042/serio1/input/input3
[    2.493506] md: Skipping autodetection of RAID arrays. (raid=autodetect will force)
[    2.494895] 9p: Bad value for 'source'
[    2.495570] 9pnet: Limiting 'msize' to 512000 as this is the maximum supported by transport virtio
[    2.498940] VFS: Mounted root (9p filesystem) on device 0:22.
[    2.500847] devtmpfs: mounted
[    2.501506] VFS: Pivoted into new rootfs
[    2.506535] Freeing unused kernel image (initmem) memory: 4668K
[    2.507410] Write protecting the kernel read-only data: 45056k
[    2.509496] Freeing unused kernel image (text/rodata gap) memory: 984K
[    2.510864] Freeing unused kernel image (rodata/data gap) memory: 400K
[    2.547819] x86/mm: Checked W+X mappings: passed, no W+X pages found.
[    2.548710] Run /home/prozak/.local/share/vng-venv/lib/python3.12/site-packages/virtme/guest/bin/virtme-ng-init as init process
[    2.550238]   with arguments:
[    2.550651]     /home/prozak/.local/share/vng-venv/lib/python3.12/site-packages/virtme/guest/bin/virtme-ng-init
[    2.552001]   with environment:
[    2.552446]     HOME=/
[    2.552801]     TERM=linux
[    2.553176]     virtme_hostname=virtme-ng
[    2.553730]     nr_open=1048576
[    2.554191]     virtme_link_mods=/home/prozak/sources/heimdall_experiment/uml-harness/.build/bpf-next-x86/.virtme_mods/lib/modules/0.0.0
[    2.555848]     virtme_rw_overlay0=/tmp
[    2.556398]     virtme_console=ttyS0
[    2.556908]     virtme_chdir=home/prozak/sources/heimdall_experiment/uml-harness/.build/selftests-output-qemu
[    2.634285] virtme-ng-init: mount devtmpfs -> /dev: EBUSY: Device or resource busy
[    2.635960] virtme-ng-init: Setting hostname to virtme-ng...
[    2.669198] virtme-ng-init: running systemd-tmpfiles
[    3.996985] systemd-tmpfile (127) used greatest stack depth: 12504 bytes left
[    3.997025] virtme-ng-init: basic initialization done
[    4.013793] virtme-ng-init: error creating file: Permission denied (os error 13)
[    4.097947] ip (133) used greatest stack depth: 11848 bytes left
[    4.218416] virtme-ng-init: Starting systemd-udevd version 255.4-1ubuntu8.16
[    4.220426] virtme-ng-init: triggering udev coldplug
[    7.232911] virtme-ng-init: waiting for udev to settle
[    8.051479] virtme-ng-init: udev is done
[    8.055634] virtme-ng-init: starting script
[    8.337983] bpf_testmod: loading out-of-tree module taints kernel.
[    8.338941] bpf_testmod: module verification failed: signature and/or required key missing - tainting kernel
[    8.480015] smc: removing smcd device lo
[    8.549433] ACPI: PM: Preparing to enter system sleep state S5
[    8.550660] reboot: Power down
