#23/1    bpf_iter/btf_id_or_null:OK
#23/2    bpf_iter/ipv6_route:OK
#23/3    bpf_iter/netlink:OK
#23/4    bpf_iter/bpf_map:OK
#23/5    bpf_iter/task_tid:OK
#23/6    bpf_iter/task_pid:OK
#23/7    bpf_iter/task_pidfd:OK
#23/8    bpf_iter/task_sleepable:OK
#23/9    bpf_iter/task_stack:OK
#23/10   bpf_iter/task_file:OK
#23/11   bpf_iter/task_vma:OK
#23/12   bpf_iter/task_vma_dead_task:OK
#23/13   bpf_iter/task_btf:OK
#23/14   bpf_iter/tcp4:OK
#23/15   bpf_iter/tcp6:OK
#23/16   bpf_iter/udp4:OK
#23/17   bpf_iter/udp6:OK
#23/18   bpf_iter/unix:OK
#23/19   bpf_iter/anon:OK
#23/20   bpf_iter/anon-read-one-char:OK
#23/21   bpf_iter/file:OK
#23/22   bpf_iter/overflow:OK
#23/23   bpf_iter/overflow-e2big:OK
#23/24   bpf_iter/prog-ret-1:OK
#23/25   bpf_iter/bpf_hash_map:OK
#23/26   bpf_iter/bpf_percpu_hash_map:OK
#23/27   bpf_iter/bpf_array_map:OK
#23/28   bpf_iter/bpf_array_map_iter_fd:OK
#23/29   bpf_iter/bpf_percpu_array_map:OK
#23/30   bpf_iter/bpf_sk_storage_map:OK
#23/31   bpf_iter/bpf_sk_storage_map_iter_fd:OK
#23/32   bpf_iter/bpf_sk_storage_delete:OK
#23/33   bpf_iter/bpf_sk_storage_get:OK
#23/34   bpf_iter/rdonly-buf-out-of-bound:OK
#23/35   bpf_iter/buf-neg-offset:OK
#23/36   bpf_iter/link-iter:OK
#23/37   bpf_iter/ksym:OK
#23/38   bpf_iter/bpf_sockmap_map_iter_fd:OK
#23/39   bpf_iter/vma_offset:OK
#23      bpf_iter:OK
#24      bpf_iter_setsockopt:OK
#25      bpf_iter_setsockopt_unix:OK
Summary: 3/39 PASSED, 0 SKIPPED, 0 FAILED
.000000] x86 CPU feature dependency check failure: CPU0 has '18*32+31' enabled but '18*32+26' disabled. Kernel might be fine, but no guarantees.
[    0.000000] BIOS-provided physical RAM map:
[    0.000000] BIOS-e820: [mem 0x0000000000000000-0x000000000009fbff]  System RAM
[    0.000000] BIOS-e820: [mem 0x000000000009fc00-0x000000000009ffff]  device reserved
[    0.000000] BIOS-e820: [gap 0x00000000000a0000-0x00000000000effff]
[    0.000000] BIOS-e820: [mem 0x00000000000f0000-0x00000000000fffff]  device reserved
[    0.000000] BIOS-e820: [mem 0x0000000000100000-0x00000000bffdffff]  System RAM
[    0.000000] BIOS-e820: [mem 0x00000000bffe0000-0x00000000bfffffff]  device reserved
[    0.000000] BIOS-e820: [gap 0x00000000c0000000-0x00000000feffbfff]
[    0.000000] BIOS-e820: [mem 0x00000000feffc000-0x00000000feffffff]  device reserved
[    0.000000] BIOS-e820: [gap 0x00000000ff000000-0x00000000fffbffff]
[    0.000000] BIOS-e820: [mem 0x00000000fffc0000-0x00000000ffffffff]  device reserved
[    0.000000] BIOS-e820: [mem 0x0000000100000000-0x000000013fffffff]  System RAM
[    0.000000] BIOS-e820: [gap 0x0000000140000000-0x000000fcffffffff]
[    0.000000] BIOS-e820: [mem 0x000000fd00000000-0x000000ffffffffff]  device reserved
[    0.000000] printk: legacy bootconsole [earlyser0] enabled
[    0.000000] NX (Execute Disable) protection: active
[    0.000000] APIC: Static calls initialized
[    0.000000] DMI: SMBIOS 3.0.0 present.
[    0.000000] DMI: QEMU Ubuntu 24.04 PC v2 (i440FX + PIIX, arch_caps fix, 1996), BIOS 1.16.3-debian-1.16.3-2 04/01/2014
[    0.000000] DMI: Memory slots populated: 1/1
[    0.000000] Hypervisor detected: KVM
[    0.000000] last_pfn = 0xbffe0 max_arch_pfn = 0x400000000
[    0.000000] kvm-clock: Using msrs 4b564d01 and 4b564d00
[    0.000001] kvm-clock: using sched offset of 489771522 cycles
[    0.000958] clocksource: kvm-clock: mask: 0xffffffffffffffff max_cycles: 0x1cd42e4dffb, max_idle_ns: 881590591483 ns
[    0.003889] tsc: Detected 3400.038 MHz processor
[    0.005074] e820: update [mem 0x00000000-0x00000fff] System RAM ==> device reserved
[    0.006402] e820: remove [mem 0x000a0000-0x000fffff] System RAM
[    0.007431] last_pfn = 0x140000 max_arch_pfn = 0x400000000
[    0.008470] MTRR map: 4 entries (3 fixed + 1 variable; max 19), built from 8 variable MTRRs
[    0.009949] x86/PAT: Configuration [0-7]: WB  WC  UC- UC  WB  WP  UC- WT  
Memory KASLR using RDRAND RDTSC...
[    0.011813] last_pfn = 0xbffe0 max_arch_pfn = 0x400000000
[    0.013974] found SMP MP-table at [mem 0x000f5450-0x000f545f]
[    0.014990] Using GB pages for direct mapping
[    0.015861] ACPI: Early table checksum verification disabled
[    0.016858] ACPI: RSDP 0x00000000000F5240 000014 (v00 BOCHS )
[    0.017906] ACPI: RSDT 0x00000000BFFE1F16 000034 (v01 BOCHS  BXPC     00000001 BXPC 00000001)
[    0.019383] ACPI: FACP 0x00000000BFFE1D92 000074 (v01 BOCHS  BXPC     00000001 BXPC 00000001)
[    0.020866] ACPI: DSDT 0x00000000BFFE0040 001D52 (v01 BOCHS  BXPC     00000001 BXPC 00000001)
[    0.022355] ACPI: FACS 0x00000000BFFE0000 000040
[    0.023166] ACPI: APIC 0x00000000BFFE1E06 0000B0 (v03 BOCHS  BXPC     00000001 BXPC 00000001)
[    0.024623] ACPI: HPET 0x00000000BFFE1EB6 000038 (v01 BOCHS  BXPC     00000001 BXPC 00000001)
[    0.026133] ACPI: WAET 0x00000000BFFE1EEE 000028 (v01 BOCHS  BXPC     00000001 BXPC 00000001)
[    0.027608] ACPI: Reserving FACP table memory at [mem 0xbffe1d92-0xbffe1e05]
[    0.028828] ACPI: Reserving DSDT table memory at [mem 0xbffe0040-0xbffe1d91]
[    0.030042] ACPI: Reserving FACS table memory at [mem 0xbffe0000-0xbffe003f]
[    0.031277] ACPI: Reserving APIC table memory at [mem 0xbffe1e06-0xbffe1eb5]
[    0.032479] ACPI: Reserving HPET table memory at [mem 0xbffe1eb6-0xbffe1eed]
[    0.033747] ACPI: Reserving WAET table memory at [mem 0xbffe1eee-0xbffe1f15]
[    0.035447] No NUMA configuration found
[    0.036105] Faking a node at [mem 0x0000000000000000-0x000000013fffffff]
[    0.037286] NODE_DATA(0) allocated [mem 0x13fff9c80-0x13fffdfff]
[    0.039129] ACPI: PM-Timer IO Port: 0x608
[    0.039832] ACPI: LAPIC_NMI (acpi_id[0xff] dfl dfl lint[0x1])
[    0.040880] IOAPIC[0]: apic_id 0, version 17, address 0xfec00000, GSI 0-23
[    0.042098] ACPI: INT_SRC_OVR (bus 0 bus_irq 0 global_irq 2 dfl dfl)
[    0.043215] ACPI: INT_SRC_OVR (bus 0 bus_irq 5 global_irq 5 high level)
[    0.044343] ACPI: INT_SRC_OVR (bus 0 bus_irq 9 global_irq 9 high level)
[    0.045507] ACPI: INT_SRC_OVR (bus 0 bus_irq 10 global_irq 10 high level)
[    0.046665] ACPI: INT_SRC_OVR (bus 0 bus_irq 11 global_irq 11 high level)
[    0.047859] ACPI: Using ACPI (MADT) for SMP configuration information
[    0.048979] ACPI: HPET id: 0x8086a201 base: 0xfed00000
[    0.049923] TSC deadline timer available
[    0.050593] CPU topo: Max. logical packages:   1
[    0.051396] CPU topo: Max. logical nodes:      1
[    0.052199] CPU topo: Num. nodes per package:  1
[    0.053008] CPU topo: Max. logical dies:       1
[    0.053814] CPU topo: Max. dies per package:   1
[    0.054601] CPU topo: Max. threads per core:   1
[    0.055406] CPU topo: Num. cores per package:     8
[    0.056253] CPU topo: Num. threads per package:   8
[    0.057102] CPU topo: Allowing 8 present CPUs plus 0 hotplug CPUs
[    0.058175] kvm-guest: APIC: eoi() replaced with kvm_guest_apic_eoi_write()
[    0.059420] kvm-guest: KVM setup pv remote TLB flush
[    0.060322] kvm-guest: setup PV sched yield
[    0.061097] PM: hibernation: Registered nosave memory: [mem 0x00000000-0x00000fff]
[    0.062427] PM: hibernation: Registered nosave memory: [mem 0x0009f000-0x000fffff]
[    0.063741] PM: hibernation: Registered nosave memory: [mem 0xbffe0000-0xffffffff]
[    0.065069] [gap 0xc0000000-0xfeffbfff] available for PCI devices
[    0.066177] Booting paravirtualized kernel on KVM
[    0.067010] clocksource: refined-jiffies: mask: 0xffffffff max_cycles: 0xffffffff, max_idle_ns: 1910969940391419 ns
[    0.073406] Zone ranges:
[    0.073855]   DMA      [mem 0x0000000000001000-0x0000000000ffffff]
[    0.074939]   DMA32    [mem 0x0000000001000000-0x00000000ffffffff]
[    0.076004]   Normal   [mem 0x0000000100000000-0x000000013fffffff]
[    0.077087] Movable zone start for each node
[    0.077864] Early memory node ranges
[    0.078498]   node   0: [mem 0x0000000000001000-0x000000000009efff]
[    0.079622]   node   0: [mem 0x0000000000100000-0x00000000bffdffff]
[    0.080696]   node   0: [mem 0x0000000100000000-0x000000013fffffff]
[    0.081833] Initmem setup node 0 [mem 0x0000000000001000-0x000000013fffffff]
[    0.083106] On node 0, zone DMA: 1 pages in unavailable ranges
[    0.084586] On node 0, zone DMA: 97 pages in unavailable ranges
[    0.212746] On node 0, zone Normal: 32 pages in unavailable ranges
[    0.213867] setup_percpu: NR_CPUS:128 nr_cpumask_bits:8 nr_cpu_ids:8 nr_node_ids:1
[    0.219215] percpu: Embedded 58 pages/cpu s199696 r8192 d29680 u262144
[    0.220339] pcpu-alloc: s199696 r8192 d29680 u262144 alloc=1*2097152
[    0.221440] pcpu-alloc: [0] 0 1 2 3 4 5 6 7 
[    0.222234] Kernel command line: virtme_hostname=virtme-ng nr_open=1048576 virtme_link_mods=/home/prozak/sources/heimdall_experiment/uml-harness/.build/bpf-next-x86/.virtme_mods/lib/modules/0.0.0 virtme_rw_overlay0=/tmp virtme_console=ttyS0 console=ttyS0 earlyprintk=serial,ttyS0,115200 panic=-1 virtme.exec=`bW91bnQgLXQgYnBmIGJwZmZzIC9zeXMvZnMvYnBmIDI+L2Rldi9udWxsOyAuL3Rlc3RfcHJvZ3MgLXQgJ2JwZl9pdGVyJw==` virtme_chdir=home/prozak/sources/heimdall_experiment/uml-harness/.build/selftests-output-qemu rootfstype=9p rootflags=version=9p2000.L,trans=virtio,access=any,msize=524288 raid=noautodetect rw debug init=/home/prozak/.local/share/vng-venv/lib/python3.12/site-packages/virtme/guest/bin/virtme-ng-init
[    0.233189] Unknown kernel command line parameters "virtme_hostname=virtme-ng nr_open=1048576 virtme_link_mods=/home/prozak/sources/heimdall_experiment/uml-harness/.build/bpf-next-x86/.virtme_mods/lib/modules/0.0.0 virtme_rw_overlay0=/tmp virtme_console=ttyS0 virtme_chdir=home/prozak/sources/heimdall_experiment/uml-harness/.build/selftests-output-qemu", will be passed to user space.
[    0.239272] random: crng init done
[    0.239860] printk: log buffer data + meta data: 2097152 + 7340032 = 9437184 bytes
[    0.249091] Dentry cache hash table entries: 524288 (order: 10, 4194304 bytes, linear)
[    0.253702] Inode-cache hash table entries: 262144 (order: 9, 2097152 bytes, linear)
[    0.255315] software IO TLB: area num 8.
[    0.387829] Fallback order for Node 0: 0 
[    0.387836] Built 1 zonelists, mobility grouping on.  Total pages: 1048446
[    0.389777] Policy zone: Normal
[    0.390331] mem auto-init: stack:all(zero), heap alloc:off, heap free:off
[    0.396677] SLUB: HWalign=64, Order=0-3, MinObjects=0, CPUs=8, Nodes=1
Poking KASLR using RDRAND RDTSC...
[    0.412290] ftrace: allocating 69757 entries in 274 pages
[    0.413270] ftrace: allocated 274 pages with 3 groups
[    0.414653] Dynamic Preempt: full
[    0.415591] Running RCU self tests
[    0.416182] Running RCU synchronous self tests
[    0.416961] rcu: Preemptible hierarchical RCU implementation.
[    0.417960] rcu: 	RCU event tracing is enabled.
[    0.418757] rcu: 	RCU lockdep checking is enabled.
[    0.419617] rcu: 	RCU restricting CPUs from NR_CPUS=128 to nr_cpu_ids=8.
[    0.420800] 	Trampoline variant of Tasks RCU enabled.
[    0.421684] 	Rude variant of Tasks RCU enabled.
[    0.422490] 	Tracing variant of Tasks RCU enabled.
[    0.423330] rcu: RCU calculated value of scheduler-enlistment delay is 100 jiffies.
[    0.424641] rcu: Adjusting geometry for rcu_fanout_leaf=16, nr_cpu_ids=8
[    0.425853] Running RCU synchronous self tests
[    0.426650] RCU Tasks: Setting shift to 3 and lim to 1 rcu_task_cb_adjust=1 rcu_task_cpu_ids=8.
[    0.428159] RCU Tasks Rude: Setting shift to 3 and lim to 1 rcu_task_cb_adjust=1 rcu_task_cpu_ids=8.
[    0.435509] NR_IRQS: 8448, nr_irqs: 488, preallocated irqs: 16
[    0.436865] rcu: srcu_init: Setting srcu_struct sizes based on contention.
[    0.438113] clocksource: jiffies: mask: 0xffffffff max_cycles: 0xffffffff, max_idle_ns: 1911260446275000 ns
[    0.440202] Console: colour *CGA 80x25
[    0.440926] printk: legacy console [ttyS0] enabled
[    0.440926] printk: legacy console [ttyS0] enabled
[    0.442611] printk: legacy bootconsole [earlyser0] disabled
[    0.442611] printk: legacy bootconsole [earlyser0] disabled
[    0.444585] Lock dependency validator: Copyright (c) 2006 Red Hat, Inc., Ingo Molnar
[    0.445956] ... MAX_LOCKDEP_SUBCLASSES:  8
[    0.446695] ... MAX_LOCK_DEPTH:          48
[    0.447501] ... MAX_LOCKDEP_KEYS:        8192
[    0.448272] ... CLASSHASH_SIZE:          4096
[    0.449080] ... MAX_LOCKDEP_ENTRIES:     32768
[    0.449865] ... MAX_LOCKDEP_CHAINS:      65536
[    0.450660] ... CHAINHASH_SIZE:          32768
[    0.451462]  memory used by lock dependency info: 6429 kB
[    0.452411]  memory used for stack traces: 4224 kB
[    0.453286]  per task-struct memory footprint: 1920 bytes
[    0.454359] ACPI: Core revision 20260408
[    0.455294] clocksource: hpet: mask: 0xffffffff max_cycles: 0xffffffff, max_idle_ns: 19112604467 ns
[    0.457107] APIC: Switch to symmetric I/O mode setup
[    0.458458] x2apic enabled
[    0.459512] APIC: Switched APIC routing to: physical x2apic
[    0.460584] kvm-guest: APIC: send_IPI_mask() replaced with kvm_send_ipi_mask()
[    0.461915] kvm-guest: APIC: send_IPI_mask_allbutself() replaced with kvm_send_ipi_mask_allbutself()
[    0.463719] kvm-guest: setup PV IPIs
[    0.466468] ..TIMER: vector=0x30 apic1=0 pin1=2 apic2=-1 pin2=-1
[    0.467626] clocksource: tsc-early: mask: 0xffffffffffffffff max_cycles: 0x31027285e94, max_idle_ns: 440795238296 ns
[    0.469582] Calibrating delay loop (skipped) preset value.. 6800.07 BogoMIPS (lpj=3400038)
[    0.472219] x86/cpu: User Mode Instruction Prevention (UMIP) activated
[    0.473941] Last level iTLB entries: 4KB 512, 2MB 255, 4MB 127
[    0.474580] Last level dTLB entries: 4KB 512, 2MB 255, 4MB 127, 1GB 0
[    0.475588] mitigations: Enabled attack vectors: user_kernel, user_user, SMT mitigations: auto
[    0.476580] Speculative Store Bypass: Mitigation: Speculative Store Bypass disabled via prctl
[    0.477580] Speculative Return Stack Overflow: IBPB-extending microcode not applied!
[    0.478579] Speculative Return Stack Overflow: WARNING: See https://kernel.org/doc/html/latest/admin-guide/hw-vuln/srso.html for mitigation options.
[    0.478580] Transient Scheduler Attacks: Vulnerable: No microcode
[    0.480579] Spectre V2 : Mitigation: Retpolines
[    0.481388] Speculative Return Stack Overflow: Vulnerable: Safe RET, no microcode
[    0.481579] Spectre V1 : Mitigation: usercopy/swapgs barriers and __user pointer sanitization
[    0.483579] Spectre V2 : Spectre v2 / SpectreRSB: Filling RSB on context switch and VMEXIT
[    0.484579] Spectre V2 : Enabling Restricted Speculation for firmware calls
[    0.485582] Spectre V2 : mitigation: Enabling conditional Indirect Branch Prediction Barrier
[    0.486580] active return thunk: srso_alias_return_thunk
[    0.487629] x86/fpu: Supporting XSAVE feature 0x001: 'x87 floating point registers'
[    0.488579] x86/fpu: Supporting XSAVE feature 0x002: 'SSE registers'
[    0.489579] x86/fpu: Supporting XSAVE feature 0x004: 'AVX registers'
[    0.490579] x86/fpu: xstate_offset[2]:  576, xstate_sizes[2]:  256
[    0.491579] x86/fpu: Enabled xstate features 0x7, context size is 832 bytes, using 'compacted' format.
[    0.527476] pid_max: default: 32768 minimum: 301
[    0.528791] SELinux:  Initializing.
[    0.530770] LSM support for eBPF active
[    0.531930] Mount-cache hash table entries: 8192 (order: 4, 65536 bytes, linear)
[    0.532740] Mountpoint-cache hash table entries: 8192 (order: 4, 65536 bytes, linear)
[    0.535686] VFS: Finished mounting rootfs on nullfs
[    0.538153] Running RCU synchronous self tests
[    0.538581] Running RCU synchronous self tests
[    0.540707] smpboot: CPU0: AMD Ryzen 9 5950X 16-Core Processor (family: 0x19, model: 0x21, stepping: 0x2)
[    0.543039] Performance Events: Fam17h+ core perfctr, AMD PMU driver.
[    0.543608] ... version:                   0
[    0.544497] ... bit width:                 48
[    0.544586] ... generic counters:          6
[    0.545457] ... generic bitmap:            000000000000003f
[    0.545586] ... fixed-purpose counters:    0
[    0.546456] ... fixed-purpose bitmap:      0000000000000000
[    0.546586] ... value mask:                0000ffffffffffff
[    0.547585] ... max period:                00007fffffffffff
[    0.548586] ... global_ctrl mask:          000000000000003f
[    0.549931] signal: max sigframe size: 1776
[    0.550751] rcu: Hierarchical SRCU implementation.
[    0.551589] rcu: 	Max phase no-delay instances is 400.
[    0.552916] Timer migration: 1 hierarchy levels; 8 children per group; 1 crossnode level
[    0.566604] smp: Bringing up secondary CPUs ...
[    0.572226] smpboot: x86: Booting SMP configuration:
[    0.572587] .... node  #0, CPUs:      #1 #2 #3 #4 #5 #6 #7
[    0.600826] smp: Brought up 1 node, 8 CPUs
[    0.602515] smpboot: Total of 8 processors activated (54400.60 BogoMIPS)
[    0.604334] Memory: 3963788K/4193784K available (25637K kernel code, 10348K rwdata, 18032K rodata, 4668K init, 13400K bss, 221944K reserved, 0K cma-reserved)
[    0.606608] devtmpfs: initialized
[    0.611246] Running RCU synchronous self tests
[    0.611627] Running RCU synchronous self tests
[    0.612719] Running RCU Tasks wait API self tests
[    0.613638] Running RCU Tasks Rude wait API self tests
[    0.614587] Running RCU Tasks Trace wait API self tests
[    0.615711] posixtimers hash table entries: 4096 (order: 7, 294912 bytes, linear)
[    0.618057] futex hash table entries: 2048 (262144 bytes on 1 NUMA nodes, total 256 KiB, linear).
[    0.619584] PM: RTC time: 22:52:01, date: 2026-08-02
[    0.620617] Callback from call_rcu_tasks_trace() invoked.
[    0.627765] NET: Registered PF_NETLINK/PF_ROUTE protocol family
[    0.629574] audit: initializing netlink subsys (disabled)
[    0.629697] audit: type=2000 audit(1785711122.089:1): state=initialized audit_enabled=0 res=1
[    0.654530] thermal_sys: Registered thermal governor 'step_wise'
[    0.654642] cpuidle: using governor ladder
[    0.656508] cpuidle: using governor menu
[    0.658607] Freeing SMP alternatives memory: 68K
[    0.660425] PCI: Using configuration type 1 for base access
[    0.660587] PCI: Using configuration type 1 for extended access
[    0.661797] kprobes: kprobe jump-optimization is enabled. All kprobes are optimized if possible.
[    0.663771] HugeTLB: registered 1.00 GiB page size, pre-allocated 0 pages
[    0.664588] HugeTLB: 16380 KiB vmemmap can be freed for a 1.00 GiB page
[    0.665587] HugeTLB: registered 2.00 MiB page size, pre-allocated 0 pages
[    0.666586] HugeTLB: 28 KiB vmemmap can be freed for a 2.00 MiB page
[    0.672699] ACPI: Added _OSI(Module Device)
[    0.673589] ACPI: Added _OSI(Processor Device)
[    0.674559] ACPI: Added _OSI(Processor Aggregator Device)
[    0.678254] ACPI: 1 ACPI AML tables successfully acquired and loaded
[    0.681026] ACPI: \_SB_: platform _OSC: OS support mask [002a7eee]
[    0.682325] ACPI: Interpreter enabled
[    0.682668] ACPI: PM: (supports S0 S3 S4 S5)
[    0.683601] ACPI: Using IOAPIC for interrupt routing
[    0.684641] PCI: Using host bridge windows from ACPI; if necessary, use "pci=nocrs" and report a bug
[    0.685587] PCI: Using E820 reservations for host bridge windows
[    0.686957] ACPI: Enabled 2 GPEs in block 00 to 0F
[    0.703311] ACPI: PCI Root Bridge [PCI0] (domain 0000 [bus 00-ff])
[    0.703593] acpi PNP0A03:00: _OSC: OS supports [ExtendedConfig ASPM ClockPM Segments MSI HPX-Type3]
[    0.704598] acpi PNP0A03:00: _OSC: OS requested [PME PCIeCapability LTR]
[    0.705587] acpi PNP0A03:00: _OSC: platform willing to grant [PME PCIeCapability LTR]
[    0.706589] acpi PNP0A03:00: _OSC: platform retains control of PCIe features (AE_ERROR)
[    0.708374] PCI host bridge to bus 0000:00
[    0.708597] pci_bus 0000:00: root bus resource [io  0x0000-0x0cf7 window]
[    0.709597] pci_bus 0000:00: root bus resource [io  0x0d00-0xffff window]
[    0.710587] pci_bus 0000:00: root bus resource [mem 0x000a0000-0x000bffff window]
[    0.711588] pci_bus 0000:00: root bus resource [mem 0xc0000000-0xfebfffff window]
[    0.712587] pci_bus 0000:00: root bus resource [mem 0x380000000000-0x38007fffffff window]
[    0.713589] pci_bus 0000:00: root bus resource [bus 00-ff]
[    0.715004] pci 0000:00:00.0: [8086:1237] type 00 class 0x060000 conventional PCI endpoint
[    0.717207] pci 0000:00:01.0: [8086:7000] type 00 class 0x060100 conventional PCI endpoint
[    0.719067] pci 0000:00:01.1: [8086:7010] type 00 class 0x010180 conventional PCI endpoint
[    0.720488] pci 0000:00:01.1: BAR 4 [io  0xc1c0-0xc1cf]
[    0.720664] pci 0000:00:01.1: BAR 0 [io  0x01f0-0x01f7]: legacy IDE quirk
[    0.721587] pci 0000:00:01.1: BAR 1 [io  0x03f6]: legacy IDE quirk
[    0.722586] pci 0000:00:01.1: BAR 2 [io  0x0170-0x0177]: legacy IDE quirk
[    0.723588] pci 0000:00:01.1: BAR 3 [io  0x0376]: legacy IDE quirk
[    0.725301] pci 0000:00:01.3: [8086:7113] type 00 class 0x068000 conventional PCI endpoint
[    0.726311] pci 0000:00:01.3: quirk: [io  0x0600-0x063f] claimed by PIIX4 ACPI
[    0.726604] pci 0000:00:01.3: quirk: [io  0x0700-0x070f] claimed by PIIX4 SMB
[    0.728617] pci 0000:00:02.0: [1af4:1009] type 00 class 0x000200 conventional PCI endpoint
[    0.730605] pci 0000:00:02.0: BAR 0 [io  0xc000-0xc03f]
[    0.731604] pci 0000:00:02.0: BAR 1 [mem 0xfebf8000-0xfebf8fff]
[    0.732648] pci 0000:00:02.0: BAR 4 [mem 0x380000000000-0x380000003fff 64bit pref]
[    0.736711] pci 0000:00:03.0: [8086:25ab] type 00 class 0x088000 conventional PCI endpoint
[    0.738605] pci 0000:00:03.0: BAR 0 [mem 0xfebf9000-0xfebf900f]
[    0.742186] pci 0000:00:04.0: [1af4:1003] type 00 class 0x078000 conventional PCI endpoint
[    0.744606] pci 0000:00:04.0: BAR 0 [io  0xc040-0xc07f]
[    0.745613] pci 0000:00:04.0: BAR 1 [mem 0xfebfa000-0xfebfafff]
[    0.746649] pci 0000:00:04.0: BAR 4 [mem 0x380000004000-0x380000007fff 64bit pref]
[    0.750869] pci 0000:00:05.0: [1af4:1003] type 00 class 0x078000 conventional PCI endpoint
[    0.752604] pci 0000:00:05.0: BAR 0 [io  0xc080-0xc0bf]
[    0.753605] pci 0000:00:05.0: BAR 1 [mem 0xfebfb000-0xfebfbfff]
[    0.754648] pci 0000:00:05.0: BAR 4 [mem 0x380000008000-0x38000000bfff 64bit pref]
[    0.758911] pci 0000:00:06.0: [1af4:1003] type 00 class 0x078000 conventional PCI endpoint
[    0.760603] pci 0000:00:06.0: BAR 0 [io  0xc0c0-0xc0ff]
[    0.761604] pci 0000:00:06.0: BAR 1 [mem 0xfebfc000-0xfebfcfff]
[    0.762648] pci 0000:00:06.0: BAR 4 [mem 0x38000000c000-0x38000000ffff 64bit pref]
[    0.766949] pci 0000:00:07.0: [1af4:1003] type 00 class 0x078000 conventional PCI endpoint
[    0.769172] pci 0000:00:07.0: BAR 0 [io  0xc100-0xc13f]
[    0.769605] pci 0000:00:07.0: BAR 1 [mem 0xfebfd000-0xfebfdfff]
[    0.770645] pci 0000:00:07.0: BAR 4 [mem 0x380000010000-0x380000013fff 64bit pref]
[    0.775179] pci 0000:00:08.0: [1af4:1003] type 00 class 0x078000 conventional PCI endpoint
[    0.776602] pci 0000:00:08.0: BAR 0 [io  0xc140-0xc17f]
[    0.777605] pci 0000:00:08.0: BAR 1 [mem 0xfebfe000-0xfebfefff]
[    0.778648] pci 0000:00:08.0: BAR 4 [mem 0x380000014000-0x380000017fff 64bit pref]
[    0.782850] pci 0000:00:09.0: [1af4:1003] type 00 class 0x078000 conventional PCI endpoint
[    0.784586] pci 0000:00:09.0: BAR 0 [io  0xc180-0xc1bf]
[    0.785601] pci 0000:00:09.0: BAR 1 [mem 0xfebff000-0xfebfffff]
[    0.786647] pci 0000:00:09.0: BAR 4 [mem 0x380000018000-0x38000001bfff 64bit pref]
[    0.796001] ACPI: PCI: Interrupt link LNKA configured for IRQ 10
[    0.796839] ACPI: PCI: Interrupt link LNKB configured for IRQ 10
[    0.797840] ACPI: PCI: Interrupt link LNKC configured for IRQ 11
[    0.798840] ACPI: PCI: Interrupt link LNKD configured for IRQ 11
[    0.799715] ACPI: PCI: Interrupt link LNKS configured for IRQ 9
[    0.802598] iommu: Default domain type: Translated
[    0.803587] iommu: DMA domain TLB invalidation policy: lazy mode
[    0.805985] SCSI subsystem initialized
[    0.806686] libata version 3.00 loaded.
[    0.807790] ACPI: bus type USB registered
[    0.808715] usbcore: registered new interface driver usbfs
[    0.809662] usbcore: registered new interface driver hub
[    0.810624] usbcore: registered new device driver usb
[    0.811773] pps_core: LinuxPPS API ver. 1 registered
[    0.812586] pps_core: Software ver. 5.3.6 - Copyright 2005-2007 Rodolfo Giometti <giometti@linux.it>
[    0.813613] PTP clock support registered
[    0.815070] Advanced Linux Sound Architecture Driver Initialized.
[    0.816835] NetLabel: Initializing
[    0.817586] NetLabel:  domain hash size = 128
[    0.818540] NetLabel:  protocols = UNLABELED CIPSOv4 CALIPSO
[    0.818636] NetLabel:  unlabeled traffic allowed by default
[    0.819788] PCI: Using ACPI for IRQ routing
[    0.820589] PCI: pci_cache_line_size set to 64 bytes
[    0.821947] e820: register RAM buffer resource [mem 0x0009fc00-0x0009ffff]
[    0.822643] e820: register RAM buffer resource [mem 0xbffe0000-0xbfffffff]
[    0.822587] Callback from call_rcu_tasks() invoked.
[    0.823703] vgaarb: loaded
[    0.825374] hpet0: at MMIO 0xfed00000, IRQs 2, 8, 0
[    0.825587] hpet0: 3 comparators, 64-bit 100.000000 MHz counter
[    0.830005] clocksource: Switched to clocksource kvm-clock
[    0.832215] VFS: Disk quotas dquot_6.6.0
[    0.833159] VFS: Dquot-cache hash table entries: 512 (4096 bytes)
[    0.835583] pnp: PnP ACPI init
[    0.836850] pnp 00:02: [dma 2]
[    0.838626] pnp: PnP ACPI: found 4 devices
[    0.856888] clocksource: acpi_pm: mask: 0xffffff max_cycles: 0xffffff, max_idle_ns: 2085701024 ns
[    0.859089] NET: Registered PF_INET protocol family
[    0.861330] IP idents hash table entries: 65536 (order: 7, 524288 bytes, linear)
[    0.865233] tcp_listen_portaddr_hash hash table entries: 2048 (order: 6, 147456 bytes, linear)
[    0.867515] Table-perturb hash table entries: 65536 (order: 6, 262144 bytes, linear)
[    0.869242] TCP established hash table entries: 32768 (order: 6, 262144 bytes, linear)
[    0.871522] TCP bind hash table entries: 32768 (order: 11, 4718592 bytes, vmalloc hugepage)
[    0.883705] TCP: Hash tables configured (established 32768 bind 32768)
[    0.886661] MPTCP token hash table entries: 4096 (order: 7, 360448 bytes, linear)
[    0.888416] UDP hash table entries: 2048 (order: 7, 524288 bytes, linear)
[    0.891217] NET: Registered PF_UNIX/PF_LOCAL protocol family
[    0.893672] RPC: Registered named UNIX socket transport module.
[    0.895311] RPC: Registered udp transport module.
[    0.896350] RPC: Registered tcp transport module.
[    0.897426] RPC: Registered tcp-with-tls transport module.
[    0.898659] RPC: Registered tcp NFSv4.1 backchannel transport module.
[    0.900956] NET: Registered PF_XDP protocol family
[    0.902128] pci_bus 0000:00: resource 4 [io  0x0000-0x0cf7 window]
[    0.903520] pci_bus 0000:00: resource 5 [io  0x0d00-0xffff window]
[    0.904868] pci_bus 0000:00: resource 6 [mem 0x000a0000-0x000bffff window]
[    0.906348] pci_bus 0000:00: resource 7 [mem 0xc0000000-0xfebfffff window]
[    0.907830] pci_bus 0000:00: resource 8 [mem 0x380000000000-0x38007fffffff window]
[    0.909596] pci 0000:00:01.0: PIIX3: Enabling Passive Release
[    0.910865] pci 0000:00:00.0: Limiting direct PCI/PCI transfers
[    0.912327] PCI: CLS 0 bytes, default 64
[    0.913347] PCI-DMA: Using software bounce buffering for IO (SWIOTLB)
[    0.914765] software IO TLB: mapped [mem 0x00000000bbfe0000-0x00000000bffe0000] (64MB)
[    0.917648] clocksource: tsc: mask: 0xffffffffffffffff max_cycles: 0x31027285e94, max_idle_ns: 440795238296 ns
[    0.928952] Initialise system trusted keyrings
[    0.930525] workingset: timestamp_bits=40 (anon: 35) max_order=20 bucket_order=0 (anon: 0)
[    0.933616] squashfs: version 4.0 (2009/01/31) Phillip Lougher
[    0.935615] NFS: Registering the id_resolver key type
[    0.936936] Key type id_resolver registered
[    0.937942] Key type id_legacy registered
[    0.938810] nfs4filelayout_init: NFSv4 File Layout Driver Registering...
[    0.940289] nfs4flexfilelayout_init: NFSv4 Flexfile Layout Driver Registering...
[    0.942124] fuse: init (API version 7.45)
[    0.943342] 9p: Installing v9fs 9p2000 file system support
[    0.946322] NET: Registered PF_ALG protocol family
[    0.947401] Key type asymmetric registered
[    0.948327] Asymmetric key parser 'x509' registered
[    0.949518] Block layer SCSI generic (bsg) driver version 0.4 loaded (major 248)
[    0.951804] io scheduler mq-deadline registered
[    0.953074] io scheduler kyber registered
[    0.955587] input: Power Button as /devices/platform/LNXPWRBN:00/input/input0
[    0.957422] ACPI: button: Power Button [PWRF]
[    1.085685] ACPI: \_SB_.LNKB: Enabled at IRQ 10
[    1.209624] ACPI: \_SB_.LNKD: Enabled at IRQ 11
[    1.333235] ACPI: \_SB_.LNKA: Enabled at IRQ 10
[    1.478542] kwatchdog (99) used greatest stack depth: 14776 bytes left
[    1.582272] ACPI: \_SB_.LNKC: Enabled at IRQ 11
[    1.832622] Serial: 8250/16550 driver, 4 ports, IRQ sharing enabled
[    1.835073] 00:03: ttyS0 at I/O 0x3f8 (irq = 4, base_baud = 115200) is a 16550A
[    1.988420] Non-volatile memory driver v1.3
[    1.990121] ACPI: bus type drm_connector registered
[    2.012766] brd: module loaded
[    2.026099] loop: module loaded
[    2.031386] scsi host0: ata_piix
[    2.033409] scsi host1: ata_piix
[    2.034447] ata1: PATA max MWDMA2 cmd 0x1f0 ctl 0x3f6 bmdma 0xc1c0 irq 14 lpm-pol 0
[    2.036107] ata2: PATA max MWDMA2 cmd 0x170 ctl 0x376 bmdma 0xc1c8 irq 15 lpm-pol 0
[    2.042166] tun: Universal TUN/TAP device driver, 1.6
[    2.043800] e100: Intel(R) PRO/100 Network Driver
[    2.044856] e100: Copyright(c) 1999-2006 Intel Corporation
[    2.046121] e1000: Intel(R) PRO/1000 Network Driver
[    2.047190] e1000: Copyright (c) 1999-2006 Intel Corporation.
[    2.048568] e1000e: Intel(R) PRO/1000 Network Driver
[    2.049699] e1000e: Copyright(c) 1999 - 2015 Intel Corporation.
[    2.051069] sky2: driver version 1.30
[    2.053052] usbcore: registered new interface driver usblp
[    2.054312] usbcore: registered new interface driver usb-storage
[    2.055697] i8042: PNP: PS/2 Controller [PNP0303:KBD,PNP0f13:MOU] at 0x60,0x64 irq 1,12
[    2.058882] serio: i8042 KBD port at 0x60,0x64 irq 1
[    2.060360] serio: i8042 AUX port at 0x60,0x64 irq 12
[    2.062600] rtc_cmos PNP0B00:00: RTC can wake from S4
[    2.065824] input: AT Translated Set 2 keyboard as /devices/platform/i8042/serio0/input/input1
[    2.066302] rtc_cmos PNP0B00:00: registered as rtc0
[    2.069043] rtc_cmos PNP0B00:00: alarms up to one day, y3k, 242 bytes nvram, hpet irqs
[    2.071241] Registered IR keymap rc-empty
[    2.072455] rc rc0: rc-core loopback device as /devices/virtual/rc/rc0
[    2.074296] rc rc0: lirc_dev: driver rc-loopback registered at minor = 0, raw IR receiver, raw IR transmitter
[    2.076916] input: rc-core loopback device as /devices/virtual/rc/rc0/input2
[    2.080630] intel_powerclamp: CPU does not support MWAIT
[    2.082087] device-mapper: core: CONFIG_IMA_DISABLE_HTABLE is disabled. Duplicate IMA measurements will not be recorded in the IMA log.
[    2.085390] device-mapper: ioctl: 4.50.0-ioctl (2025-04-28) initialised: dm-devel@lists.linux.dev
[    2.087588] amd_pstate: the _CPC object is not present in SBIOS or ACPI disabled
[    2.090418] hid: raw HID events driver (C) Jiri Kosina
[    2.093931] usbcore: registered new interface driver usbhid
[    2.095148] usbhid: USB HID core driver
[    2.097277] GACT probability NOT on
[    2.098089] Mirror/redirect action on
[    2.100284] nf_conntrack_irc: The irc conntrack helper is scheduled for removal.
[    2.100284] Please contact the netfilter-devel mailing list if you still need this.
[    2.105245] ipip: IPv4 and MPLS over IPv4 tunneling driver
[    2.107182] gre: GRE over IPv4 demultiplexer driver
[    2.108255] ip_gre: GRE over IPv4 tunneling driver
[    2.111912] Initializing XFRM netlink socket
[    2.113136] IPsec XFRM device driver
[    2.114091] NET: Registered PF_INET6 protocol family
[    2.117394] Segment Routing with IPv6
[    2.118273] In-situ OAM (IOAM) with IPv6
[    2.119184] mip6: Mobile IPv6
[    2.119917] sit: IPv6, IPv4 and MPLS over IPv4 tunneling driver
[    2.122764] ip6_gre: GRE over IPv6 tunneling driver
[    2.124708] NET: Registered PF_PACKET protocol family
[    2.125972] RPC: Registered rdma transport module.
[    2.127039] RPC: Registered rdma backchannel transport module.
[    2.128569] 8021q: 802.1Q VLAN Support v1.8
[    2.130013] smc: adding smcd device lo without pnetid
[    2.131585] NET: Registered PF_SMC protocol family
[    2.133135] 9pnet: Installing 9P2000 support
[    2.135650] Key type dns_resolver registered
[    2.136813] NET: Registered PF_VSOCK protocol family
[    2.137951] mpls_gso: MPLS GSO support
[    2.142674] IPI shorthand broadcast: enabled
[    2.186187] sched_clock: Marking stable (2162011681, 23464339)->(2284609614, -99133594)
[    2.189805] registered taskstats version 1
[    2.190494] ata2: found unknown device (class 0)
[    2.193333] ata2.00: ATAPI: QEMU DVD-ROM, 2.5+, max UDMA/100
[    2.197773] scsi 1:0:0:0: CD-ROM            QEMU     QEMU DVD-ROM     2.5+ PQ: 0 ANSI: 5
[    2.207133] Loading compiled-in X.509 certificates
[    2.208882] kworker/u32:1 (119) used greatest stack depth: 13152 bytes left
[    2.210141] Loaded X.509 cert 'Build time autogenerated kernel key: c4531344b9a9c1a4731230d977a262ba29ba5272'
[    2.227502] sr 1:0:0:0: [sr0] scsi3-mmc drive: 4x/4x cd/rw xa/form2 tray
[    2.247320] cdrom: Uniform CD-ROM driver Revision: 3.20
[    2.251386] Demotion targets for Node 0: null
[    2.252929] ima: No TPM chip found, activating TPM-bypass!
[    2.254180] ima: Allocated hash algorithm: sha1
[    2.255352] ima: No architecture policies found
[    2.257919] PM:   Magic number: 6:835:905
[    2.258988] netconsole: network logging started
[    2.259581] sr 1:0:0:0: Attached scsi CD-ROM sr0
[    2.260770] cfg80211: Loading compiled-in X.509 certificates for regulatory database
[    2.262201] sr 1:0:0:0: Attached scsi generic sg0 type 5
[    2.263902] Loaded X.509 cert 'sforshee: 00b28ddf47aef9cea7'
[    2.265849] Loaded X.509 cert 'wens: 61c038651aabdcf94bd0ac7ff06c7248db18c600'
[    2.267814] ALSA device list:
[    2.268972] faux_driver regulatory: Direct firmware load for regulatory.db failed with error -2
[    2.270903] cfg80211: failed to load regulatory.db
[    2.272046]   No soundcards found.
[    2.504286] input: ImExPS/2 Generic Explorer Mouse as /devices/platform/i8042/serio1/input/input4
[    2.506168] md: Skipping autodetection of RAID arrays. (raid=autodetect will force)
[    2.507578] 9p: Bad value for 'source'
[    2.508185] 9pnet: Limiting 'msize' to 512000 as this is the maximum supported by transport virtio
[    2.511566] VFS: Mounted root (9p filesystem) on device 0:22.
[    2.513258] devtmpfs: mounted
[    2.514003] VFS: Pivoted into new rootfs
[    2.519023] Freeing unused kernel image (initmem) memory: 4668K
[    2.519895] Write protecting the kernel read-only data: 45056k
[    2.521902] Freeing unused kernel image (text/rodata gap) memory: 984K
[    2.523267] Freeing unused kernel image (rodata/data gap) memory: 400K
[    2.560442] x86/mm: Checked W+X mappings: passed, no W+X pages found.
[    2.561343] Run /home/prozak/.local/share/vng-venv/lib/python3.12/site-packages/virtme/guest/bin/virtme-ng-init as init process
[    2.562859]   with arguments:
[    2.563275]     /home/prozak/.local/share/vng-venv/lib/python3.12/site-packages/virtme/guest/bin/virtme-ng-init
[    2.564625]   with environment:
[    2.565085]     HOME=/
[    2.565419]     TERM=linux
[    2.565840]     virtme_hostname=virtme-ng
[    2.566380]     nr_open=1048576
[    2.566834]     virtme_link_mods=/home/prozak/sources/heimdall_experiment/uml-harness/.build/bpf-next-x86/.virtme_mods/lib/modules/0.0.0
[    2.568498]     virtme_rw_overlay0=/tmp
[    2.569058]     virtme_console=ttyS0
[    2.569583]     virtme_chdir=home/prozak/sources/heimdall_experiment/uml-harness/.build/selftests-output-qemu
[    2.648164] virtme-ng-init: mount devtmpfs -> /dev: EBUSY: Device or resource busy
[    2.649923] virtme-ng-init: Setting hostname to virtme-ng...
[    2.684740] virtme-ng-init: running systemd-tmpfiles
[    3.872107] systemd-tmpfile (127) used greatest stack depth: 12504 bytes left
[    3.872206] virtme-ng-init: basic initialization done
[    3.890588] virtme-ng-init: error creating file: Permission denied (os error 13)
[    3.974194] ip (132) used greatest stack depth: 11848 bytes left
[    4.093571] virtme-ng-init: Starting systemd-udevd version 255.4-1ubuntu8.16
[    4.095334] virtme-ng-init: triggering udev coldplug
[    7.087446] virtme-ng-init: waiting for udev to settle
[    7.852616] virtme-ng-init: udev is done
[    7.857297] virtme-ng-init: starting script
[    8.136238] bpf_testmod: loading out-of-tree module taints kernel.
[    8.137216] bpf_testmod: module verification failed: signature and/or required key missing - tainting kernel
[   14.274353] smc: removing smcd device lo
[   14.341991] ACPI: PM: Preparing to enter system sleep state S5
[   14.343225] reboot: Power down
