#23/1    bpf_iter/btf_id_or_null:OK
#23/2    bpf_iter/ipv6_route:OK
#23/3    bpf_iter/netlink:OK
#23/4    bpf_iter/bpf_map:OK
#23/5    bpf_iter/task_tid:OK
#23/6    bpf_iter/task_pid:OK
#23/7    bpf_iter/task_pidfd:OK
#23/8    bpf_iter/task_sleepable:OK
#23/9    bpf_iter/task_stack:OK
#23/10   bpf_iter/task_file:OK
#23/11   bpf_iter/task_vma:OK
#23/12   bpf_iter/task_vma_dead_task:OK
#23/13   bpf_iter/task_btf:OK
#23/14   bpf_iter/tcp4:OK
#23/15   bpf_iter/tcp6:OK
#23/16   bpf_iter/udp4:OK
#23/17   bpf_iter/udp6:OK
#23/18   bpf_iter/unix:OK
#23/19   bpf_iter/anon:OK
#23/20   bpf_iter/anon-read-one-char:OK
#23/21   bpf_iter/file:OK
#23/22   bpf_iter/overflow:OK
#23/23   bpf_iter/overflow-e2big:OK
#23/24   bpf_iter/prog-ret-1:OK
#23/25   bpf_iter/bpf_hash_map:OK
#23/26   bpf_iter/bpf_percpu_hash_map:OK
#23/27   bpf_iter/bpf_array_map:OK
#23/28   bpf_iter/bpf_array_map_iter_fd:OK
#23/29   bpf_iter/bpf_percpu_array_map:OK
#23/30   bpf_iter/bpf_sk_storage_map:OK
#23/31   bpf_iter/bpf_sk_storage_map_iter_fd:OK
#23/32   bpf_iter/bpf_sk_storage_delete:OK
#23/33   bpf_iter/bpf_sk_storage_get:OK
#23/34   bpf_iter/rdonly-buf-out-of-bound:OK
#23/35   bpf_iter/buf-neg-offset:OK
#23/36   bpf_iter/link-iter:OK
#23/37   bpf_iter/ksym:OK
#23/38   bpf_iter/bpf_sockmap_map_iter_fd:OK
#23/39   bpf_iter/vma_offset:OK
#23      bpf_iter:OK
#24      bpf_iter_setsockopt:OK
#25      bpf_iter_setsockopt_unix:OK
Summary: 3/39 PASSED, 0 SKIPPED, 0 FAILED
.000000] x86 CPU feature dependency check failure: CPU0 has '18*32+31' enabled but '18*32+26' disabled. Kernel might be fine, but no guarantees.
[    0.000000] BIOS-provided physical RAM map:
[    0.000000] BIOS-e820: [mem 0x0000000000000000-0x000000000009fbff]  System RAM
[    0.000000] BIOS-e820: [mem 0x000000000009fc00-0x000000000009ffff]  device reserved
[    0.000000] BIOS-e820: [gap 0x00000000000a0000-0x00000000000effff]
[    0.000000] BIOS-e820: [mem 0x00000000000f0000-0x00000000000fffff]  device reserved
[    0.000000] BIOS-e820: [mem 0x0000000000100000-0x00000000bffdffff]  System RAM
[    0.000000] BIOS-e820: [mem 0x00000000bffe0000-0x00000000bfffffff]  device reserved
[    0.000000] BIOS-e820: [gap 0x00000000c0000000-0x00000000feffbfff]
[    0.000000] BIOS-e820: [mem 0x00000000feffc000-0x00000000feffffff]  device reserved
[    0.000000] BIOS-e820: [gap 0x00000000ff000000-0x00000000fffbffff]
[    0.000000] BIOS-e820: [mem 0x00000000fffc0000-0x00000000ffffffff]  device reserved
[    0.000000] BIOS-e820: [mem 0x0000000100000000-0x000000013fffffff]  System RAM
[    0.000000] BIOS-e820: [gap 0x0000000140000000-0x000000fcffffffff]
[    0.000000] BIOS-e820: [mem 0x000000fd00000000-0x000000ffffffffff]  device reserved
[    0.000000] printk: legacy bootconsole [earlyser0] enabled
[    0.000000] NX (Execute Disable) protection: active
[    0.000000] APIC: Static calls initialized
[    0.000000] DMI: SMBIOS 3.0.0 present.
[    0.000000] DMI: QEMU Ubuntu 24.04 PC v2 (i440FX + PIIX, arch_caps fix, 1996), BIOS 1.16.3-debian-1.16.3-2 04/01/2014
[    0.000000] DMI: Memory slots populated: 1/1
[    0.000000] Hypervisor detected: KVM
[    0.000000] last_pfn = 0xbffe0 max_arch_pfn = 0x400000000
[    0.000000] kvm-clock: Using msrs 4b564d01 and 4b564d00
[    0.000001] kvm-clock: using sched offset of 475963863 cycles
[    0.000909] clocksource: kvm-clock: mask: 0xffffffffffffffff max_cycles: 0x1cd42e4dffb, max_idle_ns: 881590591483 ns
[    0.003747] tsc: Detected 3400.038 MHz processor
[    0.004924] e820: update [mem 0x00000000-0x00000fff] System RAM ==> device reserved
[    0.006306] e820: remove [mem 0x000a0000-0x000fffff] System RAM
[    0.007355] last_pfn = 0x140000 max_arch_pfn = 0x400000000
[    0.008393] MTRR map: 4 entries (3 fixed + 1 variable; max 19), built from 8 variable MTRRs
[    0.009859] x86/PAT: Configuration [0-7]: WB  WC  UC- UC  WB  WP  UC- WT  
Memory KASLR using RDRAND RDTSC...
[    0.011743] last_pfn = 0xbffe0 max_arch_pfn = 0x400000000
[    0.013914] found SMP MP-table at [mem 0x000f5450-0x000f545f]
[    0.014926] Using GB pages for direct mapping
[    0.015795] ACPI: Early table checksum verification disabled
[    0.016788] ACPI: RSDP 0x00000000000F5240 000014 (v00 BOCHS )
[    0.017801] ACPI: RSDT 0x00000000BFFE1F16 000034 (v01 BOCHS  BXPC     00000001 BXPC 00000001)
[    0.019261] ACPI: FACP 0x00000000BFFE1D92 000074 (v01 BOCHS  BXPC     00000001 BXPC 00000001)
[    0.020825] ACPI: DSDT 0x00000000BFFE0040 001D52 (v01 BOCHS  BXPC     00000001 BXPC 00000001)
[    0.022306] ACPI: FACS 0x00000000BFFE0000 000040
[    0.023097] ACPI: APIC 0x00000000BFFE1E06 0000B0 (v03 BOCHS  BXPC     00000001 BXPC 00000001)
[    0.024588] ACPI: HPET 0x00000000BFFE1EB6 000038 (v01 BOCHS  BXPC     00000001 BXPC 00000001)
[    0.026122] ACPI: WAET 0x00000000BFFE1EEE 000028 (v01 BOCHS  BXPC     00000001 BXPC 00000001)
[    0.027606] ACPI: Reserving FACP table memory at [mem 0xbffe1d92-0xbffe1e05]
[    0.028822] ACPI: Reserving DSDT table memory at [mem 0xbffe0040-0xbffe1d91]
[    0.030064] ACPI: Reserving FACS table memory at [mem 0xbffe0000-0xbffe003f]
[    0.031273] ACPI: Reserving APIC table memory at [mem 0xbffe1e06-0xbffe1eb5]
[    0.032496] ACPI: Reserving HPET table memory at [mem 0xbffe1eb6-0xbffe1eed]
[    0.033779] ACPI: Reserving WAET table memory at [mem 0xbffe1eee-0xbffe1f15]
[    0.035445] No NUMA configuration found
[    0.036106] Faking a node at [mem 0x0000000000000000-0x000000013fffffff]
[    0.037317] NODE_DATA(0) allocated [mem 0x13fff9c80-0x13fffdfff]
[    0.039167] ACPI: PM-Timer IO Port: 0x608
[    0.039890] ACPI: LAPIC_NMI (acpi_id[0xff] dfl dfl lint[0x1])
[    0.040938] IOAPIC[0]: apic_id 0, version 17, address 0xfec00000, GSI 0-23
[    0.042155] ACPI: INT_SRC_OVR (bus 0 bus_irq 0 global_irq 2 dfl dfl)
[    0.043243] ACPI: INT_SRC_OVR (bus 0 bus_irq 5 global_irq 5 high level)
[    0.044432] ACPI: INT_SRC_OVR (bus 0 bus_irq 9 global_irq 9 high level)
[    0.045659] ACPI: INT_SRC_OVR (bus 0 bus_irq 10 global_irq 10 high level)
[    0.046853] ACPI: INT_SRC_OVR (bus 0 bus_irq 11 global_irq 11 high level)
[    0.048033] ACPI: Using ACPI (MADT) for SMP configuration information
[    0.049145] ACPI: HPET id: 0x8086a201 base: 0xfed00000
[    0.050072] TSC deadline timer available
[    0.050759] CPU topo: Max. logical packages:   1
[    0.051567] CPU topo: Max. logical nodes:      1
[    0.052356] CPU topo: Num. nodes per package:  1
[    0.053179] CPU topo: Max. logical dies:       1
[    0.054014] CPU topo: Max. dies per package:   1
[    0.054833] CPU topo: Max. threads per core:   1
[    0.055641] CPU topo: Num. cores per package:     8
[    0.056474] CPU topo: Num. threads per package:   8
[    0.057317] CPU topo: Allowing 8 present CPUs plus 0 hotplug CPUs
[    0.058402] kvm-guest: APIC: eoi() replaced with kvm_guest_apic_eoi_write()
[    0.059654] kvm-guest: KVM setup pv remote TLB flush
[    0.060510] kvm-guest: setup PV sched yield
[    0.061241] PM: hibernation: Registered nosave memory: [mem 0x00000000-0x00000fff]
[    0.062559] PM: hibernation: Registered nosave memory: [mem 0x0009f000-0x000fffff]
[    0.063880] PM: hibernation: Registered nosave memory: [mem 0xbffe0000-0xffffffff]
[    0.065199] [gap 0xc0000000-0xfeffbfff] available for PCI devices
[    0.066296] Booting paravirtualized kernel on KVM
[    0.067132] clocksource: refined-jiffies: mask: 0xffffffff max_cycles: 0xffffffff, max_idle_ns: 1910969940391419 ns
[    0.073687] Zone ranges:
[    0.074150]   DMA      [mem 0x0000000000001000-0x0000000000ffffff]
[    0.075222]   DMA32    [mem 0x0000000001000000-0x00000000ffffffff]
[    0.076307]   Normal   [mem 0x0000000100000000-0x000000013fffffff]
[    0.077403] Movable zone start for each node
[    0.078159] Early memory node ranges
[    0.078804]   node   0: [mem 0x0000000000001000-0x000000000009efff]
[    0.079899]   node   0: [mem 0x0000000000100000-0x00000000bffdffff]
[    0.081004]   node   0: [mem 0x0000000100000000-0x000000013fffffff]
[    0.082101] Initmem setup node 0 [mem 0x0000000000001000-0x000000013fffffff]
[    0.083345] On node 0, zone DMA: 1 pages in unavailable ranges
[    0.084899] On node 0, zone DMA: 97 pages in unavailable ranges
[    0.216872] On node 0, zone Normal: 32 pages in unavailable ranges
[    0.218010] setup_percpu: NR_CPUS:128 nr_cpumask_bits:8 nr_cpu_ids:8 nr_node_ids:1
[    0.223397] percpu: Embedded 58 pages/cpu s199696 r8192 d29680 u262144
[    0.224575] pcpu-alloc: s199696 r8192 d29680 u262144 alloc=1*2097152
[    0.225719] pcpu-alloc: [0] 0 1 2 3 4 5 6 7 
[    0.226521] Kernel command line: virtme_hostname=virtme-ng nr_open=1048576 virtme_link_mods=/home/prozak/sources/heimdall_experiment/uml-harness/.build/bpf-next-x86/.virtme_mods/lib/modules/0.0.0 virtme_rw_overlay0=/tmp virtme_console=ttyS0 console=ttyS0 earlyprintk=serial,ttyS0,115200 panic=-1 virtme.exec=`bW91bnQgLXQgYnBmIGJwZmZzIC9zeXMvZnMvYnBmIDI+L2Rldi9udWxsOyAuL3Rlc3RfcHJvZ3MgLXQgJ2JwZl9pdGVyJw==` virtme_chdir=home/prozak/sources/heimdall_experiment/uml-harness/.build/selftests-output-qemu rootfstype=9p rootflags=version=9p2000.L,trans=virtio,access=any,msize=524288 raid=noautodetect rw debug init=/home/prozak/.local/share/vng-venv/lib/python3.12/site-packages/virtme/guest/bin/virtme-ng-init
[    0.237450] Unknown kernel command line parameters "virtme_hostname=virtme-ng nr_open=1048576 virtme_link_mods=/home/prozak/sources/heimdall_experiment/uml-harness/.build/bpf-next-x86/.virtme_mods/lib/modules/0.0.0 virtme_rw_overlay0=/tmp virtme_console=ttyS0 virtme_chdir=home/prozak/sources/heimdall_experiment/uml-harness/.build/selftests-output-qemu", will be passed to user space.
[    0.243465] random: crng init done
[    0.244075] printk: log buffer data + meta data: 2097152 + 7340032 = 9437184 bytes
[    0.253490] Dentry cache hash table entries: 524288 (order: 10, 4194304 bytes, linear)
[    0.259015] Inode-cache hash table entries: 262144 (order: 9, 2097152 bytes, linear)
[    0.260586] software IO TLB: area num 8.
[    0.395989] Fallback order for Node 0: 0 
[    0.395994] Built 1 zonelists, mobility grouping on.  Total pages: 1048446
[    0.398010] Policy zone: Normal
[    0.398562] mem auto-init: stack:all(zero), heap alloc:off, heap free:off
[    0.404770] SLUB: HWalign=64, Order=0-3, MinObjects=0, CPUs=8, Nodes=1
Poking KASLR using RDRAND RDTSC...
[    0.420545] ftrace: allocating 69757 entries in 274 pages
[    0.421514] ftrace: allocated 274 pages with 3 groups
[    0.422904] Dynamic Preempt: full
[    0.423765] Running RCU self tests
[    0.424359] Running RCU synchronous self tests
[    0.425154] rcu: Preemptible hierarchical RCU implementation.
[    0.426142] rcu: 	RCU event tracing is enabled.
[    0.426940] rcu: 	RCU lockdep checking is enabled.
[    0.427779] rcu: 	RCU restricting CPUs from NR_CPUS=128 to nr_cpu_ids=8.
[    0.428976] 	Trampoline variant of Tasks RCU enabled.
[    0.429929] 	Rude variant of Tasks RCU enabled.
[    0.430755] 	Tracing variant of Tasks RCU enabled.
[    0.431612] rcu: RCU calculated value of scheduler-enlistment delay is 100 jiffies.
[    0.432965] rcu: Adjusting geometry for rcu_fanout_leaf=16, nr_cpu_ids=8
[    0.434194] Running RCU synchronous self tests
[    0.434986] RCU Tasks: Setting shift to 3 and lim to 1 rcu_task_cb_adjust=1 rcu_task_cpu_ids=8.
[    0.436516] RCU Tasks Rude: Setting shift to 3 and lim to 1 rcu_task_cb_adjust=1 rcu_task_cpu_ids=8.
[    0.443945] NR_IRQS: 8448, nr_irqs: 488, preallocated irqs: 16
[    0.445318] rcu: srcu_init: Setting srcu_struct sizes based on contention.
[    0.446559] clocksource: jiffies: mask: 0xffffffff max_cycles: 0xffffffff, max_idle_ns: 1911260446275000 ns
[    0.448814] Console: colour *CGA 80x25
[    0.449584] printk: legacy console [ttyS0] enabled
[    0.449584] printk: legacy console [ttyS0] enabled
[    0.451340] printk: legacy bootconsole [earlyser0] disabled
[    0.451340] printk: legacy bootconsole [earlyser0] disabled
[    0.453398] Lock dependency validator: Copyright (c) 2006 Red Hat, Inc., Ingo Molnar
[    0.454793] ... MAX_LOCKDEP_SUBCLASSES:  8
[    0.455542] ... MAX_LOCK_DEPTH:          48
[    0.456290] ... MAX_LOCKDEP_KEYS:        8192
[    0.457149] ... CLASSHASH_SIZE:          4096
[    0.457960] ... MAX_LOCKDEP_ENTRIES:     32768
[    0.458762] ... MAX_LOCKDEP_CHAINS:      65536
[    0.459570] ... CHAINHASH_SIZE:          32768
[    0.460361]  memory used by lock dependency info: 6429 kB
[    0.461359]  memory used for stack traces: 4224 kB
[    0.462209]  per task-struct memory footprint: 1920 bytes
[    0.463262] ACPI: Core revision 20260408
[    0.464206] clocksource: hpet: mask: 0xffffffff max_cycles: 0xffffffff, max_idle_ns: 19112604467 ns
[    0.466051] APIC: Switch to symmetric I/O mode setup
[    0.467406] x2apic enabled
[    0.468441] APIC: Switched APIC routing to: physical x2apic
[    0.469539] kvm-guest: APIC: send_IPI_mask() replaced with kvm_send_ipi_mask()
[    0.470918] kvm-guest: APIC: send_IPI_mask_allbutself() replaced with kvm_send_ipi_mask_allbutself()
[    0.472609] kvm-guest: setup PV IPIs
[    0.475369] ..TIMER: vector=0x30 apic1=0 pin1=2 apic2=-1 pin2=-1
[    0.476535] clocksource: tsc-early: mask: 0xffffffffffffffff max_cycles: 0x31027285e94, max_idle_ns: 440795238296 ns
[    0.478540] Calibrating delay loop (skipped) preset value.. 6800.07 BogoMIPS (lpj=3400038)
[    0.480342] x86/cpu: User Mode Instruction Prevention (UMIP) activated
[    0.480846] Last level iTLB entries: 4KB 512, 2MB 255, 4MB 127
[    0.481537] Last level dTLB entries: 4KB 512, 2MB 255, 4MB 127, 1GB 0
[    0.482545] mitigations: Enabled attack vectors: user_kernel, user_user, SMT mitigations: auto
[    0.483538] Speculative Store Bypass: Mitigation: Speculative Store Bypass disabled via prctl
[    0.484537] Speculative Return Stack Overflow: IBPB-extending microcode not applied!
[    0.485537] Speculative Return Stack Overflow: WARNING: See https://kernel.org/doc/html/latest/admin-guide/hw-vuln/srso.html for mitigation options.
[    0.485538] Transient Scheduler Attacks: Vulnerable: No microcode
[    0.487537] Spectre V2 : Mitigation: Retpolines
[    0.488537] Speculative Return Stack Overflow: Vulnerable: Safe RET, no microcode
[    0.489536] Spectre V1 : Mitigation: usercopy/swapgs barriers and __user pointer sanitization
[    0.490537] Spectre V2 : Spectre v2 / SpectreRSB: Filling RSB on context switch and VMEXIT
[    0.491537] Spectre V2 : Enabling Restricted Speculation for firmware calls
[    0.492539] Spectre V2 : mitigation: Enabling conditional Indirect Branch Prediction Barrier
[    0.493538] active return thunk: srso_alias_return_thunk
[    0.495573] x86/fpu: Supporting XSAVE feature 0x001: 'x87 floating point registers'
[    0.496537] x86/fpu: Supporting XSAVE feature 0x002: 'SSE registers'
[    0.497537] x86/fpu: Supporting XSAVE feature 0x004: 'AVX registers'
[    0.498537] x86/fpu: xstate_offset[2]:  576, xstate_sizes[2]:  256
[    0.499537] x86/fpu: Enabled xstate features 0x7, context size is 832 bytes, using 'compacted' format.
[    0.535473] pid_max: default: 32768 minimum: 301
[    0.535929] SELinux:  Initializing.
[    0.538304] LSM support for eBPF active
[    0.539554] Mount-cache hash table entries: 8192 (order: 4, 65536 bytes, linear)
[    0.540692] Mountpoint-cache hash table entries: 8192 (order: 4, 65536 bytes, linear)
[    0.543275] VFS: Finished mounting rootfs on nullfs
[    0.545845] Running RCU synchronous self tests
[    0.546539] Running RCU synchronous self tests
[    0.548109] smpboot: CPU0: AMD Ryzen 9 5950X 16-Core Processor (family: 0x19, model: 0x21, stepping: 0x2)
[    0.550894] Performance Events: Fam17h+ core perfctr, AMD PMU driver.
[    0.551558] ... version:                   0
[    0.552458] ... bit width:                 48
[    0.552555] ... generic counters:          6
[    0.553477] ... generic bitmap:            000000000000003f
[    0.553545] ... fixed-purpose counters:    0
[    0.554448] ... fixed-purpose bitmap:      0000000000000000
[    0.554544] ... value mask:                0000ffffffffffff
[    0.555543] ... max period:                00007fffffffffff
[    0.556545] ... global_ctrl mask:          000000000000003f
[    0.557888] signal: max sigframe size: 1776
[    0.558769] rcu: Hierarchical SRCU implementation.
[    0.559547] rcu: 	Max phase no-delay instances is 400.
[    0.560890] Timer migration: 1 hierarchy levels; 8 children per group; 1 crossnode level
[    0.574347] smp: Bringing up secondary CPUs ...
[    0.578733] smpboot: x86: Booting SMP configuration:
[    0.579545] .... node  #0, CPUs:      #1 #2 #3 #4 #5 #6 #7
[    0.610946] smp: Brought up 1 node, 8 CPUs
[    0.612437] smpboot: Total of 8 processors activated (54400.60 BogoMIPS)
[    0.614278] Memory: 3963788K/4193784K available (25637K kernel code, 10348K rwdata, 18032K rodata, 4668K init, 13400K bss, 221944K reserved, 0K cma-reserved)
[    0.616543] devtmpfs: initialized
[    0.620854] Running RCU synchronous self tests
[    0.621564] Running RCU synchronous self tests
[    0.622653] Running RCU Tasks wait API self tests
[    0.624607] Running RCU Tasks Rude wait API self tests
[    0.625544] Running RCU Tasks Trace wait API self tests
[    0.627697] posixtimers hash table entries: 4096 (order: 7, 294912 bytes, linear)
[    0.630916] futex hash table entries: 2048 (262144 bytes on 1 NUMA nodes, total 256 KiB, linear).
[    0.632566] Callback from call_rcu_tasks_trace() invoked.
[    0.632566] PM: RTC time: 22:51:43, date: 2026-08-02
[    0.639506] NET: Registered PF_NETLINK/PF_ROUTE protocol family
[    0.641561] audit: initializing netlink subsys (disabled)
[    0.642624] audit: type=2000 audit(1785711103.259:1): state=initialized audit_enabled=0 res=1
[    0.668658] thermal_sys: Registered thermal governor 'step_wise'
[    0.668740] cpuidle: using governor ladder
[    0.670544] cpuidle: using governor menu
[    0.672766] Freeing SMP alternatives memory: 68K
[    0.675408] PCI: Using configuration type 1 for base access
[    0.676545] PCI: Using configuration type 1 for extended access
[    0.677706] kprobes: kprobe jump-optimization is enabled. All kprobes are optimized if possible.
[    0.680761] HugeTLB: registered 1.00 GiB page size, pre-allocated 0 pages
[    0.682545] HugeTLB: 16380 KiB vmemmap can be freed for a 1.00 GiB page
[    0.683545] HugeTLB: registered 2.00 MiB page size, pre-allocated 0 pages
[    0.685545] HugeTLB: 28 KiB vmemmap can be freed for a 2.00 MiB page
[    0.691735] ACPI: Added _OSI(Module Device)
[    0.692545] ACPI: Added _OSI(Processor Device)
[    0.693546] ACPI: Added _OSI(Processor Aggregator Device)
[    0.698107] ACPI: 1 ACPI AML tables successfully acquired and loaded
[    0.703578] ACPI: \_SB_: platform _OSC: OS support mask [002a7eee]
[    0.705284] ACPI: Interpreter enabled
[    0.705609] ACPI: PM: (supports S0 S3 S4 S5)
[    0.707557] ACPI: Using IOAPIC for interrupt routing
[    0.708592] PCI: Using host bridge windows from ACPI; if necessary, use "pci=nocrs" and report a bug
[    0.710545] PCI: Using E820 reservations for host bridge windows
[    0.711928] ACPI: Enabled 2 GPEs in block 00 to 0F
[    0.728892] ACPI: PCI Root Bridge [PCI0] (domain 0000 [bus 00-ff])
[    0.729549] acpi PNP0A03:00: _OSC: OS supports [ExtendedConfig ASPM ClockPM Segments MSI HPX-Type3]
[    0.731556] acpi PNP0A03:00: _OSC: OS requested [PME PCIeCapability LTR]
[    0.733546] acpi PNP0A03:00: _OSC: platform willing to grant [PME PCIeCapability LTR]
[    0.734545] acpi PNP0A03:00: _OSC: platform retains control of PCIe features (AE_ERROR)
[    0.737279] PCI host bridge to bus 0000:00
[    0.738554] pci_bus 0000:00: root bus resource [io  0x0000-0x0cf7 window]
[    0.739545] pci_bus 0000:00: root bus resource [io  0x0d00-0xffff window]
[    0.741546] pci_bus 0000:00: root bus resource [mem 0x000a0000-0x000bffff window]
[    0.742546] pci_bus 0000:00: root bus resource [mem 0xc0000000-0xfebfffff window]
[    0.744546] pci_bus 0000:00: root bus resource [mem 0x380000000000-0x38007fffffff window]
[    0.746546] pci_bus 0000:00: root bus resource [bus 00-ff]
[    0.747944] pci 0000:00:00.0: [8086:1237] type 00 class 0x060000 conventional PCI endpoint
[    0.751123] pci 0000:00:01.0: [8086:7000] type 00 class 0x060100 conventional PCI endpoint
[    0.753914] pci 0000:00:01.1: [8086:7010] type 00 class 0x010180 conventional PCI endpoint
[    0.757560] pci 0000:00:01.1: BAR 4 [io  0xc1c0-0xc1cf]
[    0.758621] pci 0000:00:01.1: BAR 0 [io  0x01f0-0x01f7]: legacy IDE quirk
[    0.759545] pci 0000:00:01.1: BAR 1 [io  0x03f6]: legacy IDE quirk
[    0.761545] pci 0000:00:01.1: BAR 2 [io  0x0170-0x0177]: legacy IDE quirk
[    0.762545] pci 0000:00:01.1: BAR 3 [io  0x0376]: legacy IDE quirk
[    0.764218] pci 0000:00:01.3: [8086:7113] type 00 class 0x068000 conventional PCI endpoint
[    0.767344] pci 0000:00:01.3: quirk: [io  0x0600-0x063f] claimed by PIIX4 ACPI
[    0.769564] pci 0000:00:01.3: quirk: [io  0x0700-0x070f] claimed by PIIX4 SMB
[    0.771523] pci 0000:00:02.0: [1af4:1009] type 00 class 0x000200 conventional PCI endpoint
[    0.775577] pci 0000:00:02.0: BAR 0 [io  0xc000-0xc03f]
[    0.776562] pci 0000:00:02.0: BAR 1 [mem 0xfebf8000-0xfebf8fff]
[    0.777609] pci 0000:00:02.0: BAR 4 [mem 0x380000000000-0x380000003fff 64bit pref]
[    0.782625] pci 0000:00:03.0: [8086:25ab] type 00 class 0x088000 conventional PCI endpoint
[    0.785562] pci 0000:00:03.0: BAR 0 [mem 0xfebf9000-0xfebf900f]
[    0.789053] pci 0000:00:04.0: [1af4:1003] type 00 class 0x078000 conventional PCI endpoint
[    0.793262] pci 0000:00:04.0: BAR 0 [io  0xc040-0xc07f]
[    0.794563] pci 0000:00:04.0: BAR 1 [mem 0xfebfa000-0xfebfafff]
[    0.795606] pci 0000:00:04.0: BAR 4 [mem 0x380000004000-0x380000007fff 64bit pref]
[    0.800829] pci 0000:00:05.0: [1af4:1003] type 00 class 0x078000 conventional PCI endpoint
[    0.803563] pci 0000:00:05.0: BAR 0 [io  0xc080-0xc0bf]
[    0.804561] pci 0000:00:05.0: BAR 1 [mem 0xfebfb000-0xfebfbfff]
[    0.806607] pci 0000:00:05.0: BAR 4 [mem 0x380000008000-0x38000000bfff 64bit pref]
[    0.810798] pci 0000:00:06.0: [1af4:1003] type 00 class 0x078000 conventional PCI endpoint
[    0.814563] pci 0000:00:06.0: BAR 0 [io  0xc0c0-0xc0ff]
[    0.815561] pci 0000:00:06.0: BAR 1 [mem 0xfebfc000-0xfebfcfff]
[    0.816605] pci 0000:00:06.0: BAR 4 [mem 0x38000000c000-0x38000000ffff 64bit pref]
[    0.821798] pci 0000:00:07.0: [1af4:1003] type 00 class 0x078000 conventional PCI endpoint
[    0.824562] pci 0000:00:07.0: BAR 0 [io  0xc100-0xc13f]
[    0.825562] pci 0000:00:07.0: BAR 1 [mem 0xfebfd000-0xfebfdfff]
[    0.826606] pci 0000:00:07.0: BAR 4 [mem 0x380000010000-0x380000013fff 64bit pref]
[    0.831826] pci 0000:00:08.0: [1af4:1003] type 00 class 0x078000 conventional PCI endpoint
[    0.834563] pci 0000:00:08.0: BAR 0 [io  0xc140-0xc17f]
[    0.836562] pci 0000:00:08.0: BAR 1 [mem 0xfebfe000-0xfebfefff]
[    0.837622] pci 0000:00:08.0: BAR 4 [mem 0x380000014000-0x380000017fff 64bit pref]
[    0.841828] pci 0000:00:09.0: [1af4:1003] type 00 class 0x078000 conventional PCI endpoint
[    0.844561] pci 0000:00:09.0: BAR 0 [io  0xc180-0xc1bf]
[    0.846562] pci 0000:00:09.0: BAR 1 [mem 0xfebff000-0xfebfffff]
[    0.847604] pci 0000:00:09.0: BAR 4 [mem 0x380000018000-0x38000001bfff 64bit pref]
[    0.856945] ACPI: PCI: Interrupt link LNKA configured for IRQ 10
[    0.858810] ACPI: PCI: Interrupt link LNKB configured for IRQ 10
[    0.860797] ACPI: PCI: Interrupt link LNKC configured for IRQ 11
[    0.861799] ACPI: PCI: Interrupt link LNKD configured for IRQ 11
[    0.863688] ACPI: PCI: Interrupt link LNKS configured for IRQ 9
[    0.866600] iommu: Default domain type: Translated
[    0.867545] iommu: DMA domain TLB invalidation policy: lazy mode
[    0.869949] SCSI subsystem initialized
[    0.871682] libata version 3.00 loaded.
[    0.872675] ACPI: bus type USB registered
[    0.873667] usbcore: registered new interface driver usbfs
[    0.874620] usbcore: registered new interface driver hub
[    0.875582] usbcore: registered new device driver usb
[    0.877673] pps_core: LinuxPPS API ver. 1 registered
[    0.878570] pps_core: Software ver. 5.3.6 - Copyright 2005-2007 Rodolfo Giometti <giometti@linux.it>
[    0.880559] PTP clock support registered
[    0.882116] Advanced Linux Sound Architecture Driver Initialized.
[    0.883810] NetLabel: Initializing
[    0.884544] NetLabel:  domain hash size = 128
[    0.885494] NetLabel:  protocols = UNLABELED CIPSOv4 CALIPSO
[    0.887594] NetLabel:  unlabeled traffic allowed by default
[    0.888826] PCI: Using ACPI for IRQ routing
[    0.889576] PCI: pci_cache_line_size set to 64 bytes
[    0.891968] e820: register RAM buffer resource [mem 0x0009fc00-0x0009ffff]
[    0.893562] e820: register RAM buffer resource [mem 0xbffe0000-0xbfffffff]
[    0.895579] vgaarb: loaded
[    0.895823] hpet0: at MMIO 0xfed00000, IRQs 2, 8, 0
[    0.897546] hpet0: 3 comparators, 64-bit 100.000000 MHz counter
[    0.902968] clocksource: Switched to clocksource kvm-clock
[    0.906248] VFS: Disk quotas dquot_6.6.0
[    0.907207] VFS: Dquot-cache hash table entries: 512 (4096 bytes)
[    0.909467] pnp: PnP ACPI init
[    0.910633] pnp 00:02: [dma 2]
[    0.912196] pnp: PnP ACPI: found 4 devices
[    0.930393] clocksource: acpi_pm: mask: 0xffffff max_cycles: 0xffffff, max_idle_ns: 2085701024 ns
[    0.932545] NET: Registered PF_INET protocol family
[    0.934222] Callback from call_rcu_tasks() invoked.
[    0.934918] IP idents hash table entries: 65536 (order: 7, 524288 bytes, linear)
[    0.939622] tcp_listen_portaddr_hash hash table entries: 2048 (order: 6, 147456 bytes, linear)
[    0.941822] Table-perturb hash table entries: 65536 (order: 6, 262144 bytes, linear)
[    0.943513] TCP established hash table entries: 32768 (order: 6, 262144 bytes, linear)
[    0.945739] TCP bind hash table entries: 32768 (order: 11, 4718592 bytes, vmalloc hugepage)
[    0.957835] TCP: Hash tables configured (established 32768 bind 32768)
[    0.961005] MPTCP token hash table entries: 4096 (order: 7, 360448 bytes, linear)
[    0.962704] UDP hash table entries: 2048 (order: 7, 524288 bytes, linear)
[    0.965527] NET: Registered PF_UNIX/PF_LOCAL protocol family
[    0.967537] RPC: Registered named UNIX socket transport module.
[    0.968831] RPC: Registered udp transport module.
[    0.969822] RPC: Registered tcp transport module.
[    0.970897] RPC: Registered tcp-with-tls transport module.
[    0.972067] RPC: Registered tcp NFSv4.1 backchannel transport module.
[    0.974132] NET: Registered PF_XDP protocol family
[    0.975231] pci_bus 0000:00: resource 4 [io  0x0000-0x0cf7 window]
[    0.976603] pci_bus 0000:00: resource 5 [io  0x0d00-0xffff window]
[    0.977901] pci_bus 0000:00: resource 6 [mem 0x000a0000-0x000bffff window]
[    0.979370] pci_bus 0000:00: resource 7 [mem 0xc0000000-0xfebfffff window]
[    0.980836] pci_bus 0000:00: resource 8 [mem 0x380000000000-0x38007fffffff window]
[    0.982533] pci 0000:00:01.0: PIIX3: Enabling Passive Release
[    0.983849] pci 0000:00:00.0: Limiting direct PCI/PCI transfers
[    0.985303] PCI: CLS 0 bytes, default 64
[    0.986260] PCI-DMA: Using software bounce buffering for IO (SWIOTLB)
[    0.987655] software IO TLB: mapped [mem 0x00000000bbfe0000-0x00000000bffe0000] (64MB)
[    0.990525] clocksource: tsc: mask: 0xffffffffffffffff max_cycles: 0x31027285e94, max_idle_ns: 440795238296 ns
[    1.002411] Initialise system trusted keyrings
[    1.003722] workingset: timestamp_bits=40 (anon: 35) max_order=20 bucket_order=0 (anon: 0)
[    1.006587] squashfs: version 4.0 (2009/01/31) Phillip Lougher
[    1.008724] NFS: Registering the id_resolver key type
[    1.010149] Key type id_resolver registered
[    1.011166] Key type id_legacy registered
[    1.012041] nfs4filelayout_init: NFSv4 File Layout Driver Registering...
[    1.013541] nfs4flexfilelayout_init: NFSv4 Flexfile Layout Driver Registering...
[    1.015418] fuse: init (API version 7.45)
[    1.016607] 9p: Installing v9fs 9p2000 file system support
[    1.019675] NET: Registered PF_ALG protocol family
[    1.020774] Key type asymmetric registered
[    1.021681] Asymmetric key parser 'x509' registered
[    1.022842] Block layer SCSI generic (bsg) driver version 0.4 loaded (major 248)
[    1.025030] io scheduler mq-deadline registered
[    1.026124] io scheduler kyber registered
[    1.028540] input: Power Button as /devices/platform/LNXPWRBN:00/input/input0
[    1.030424] ACPI: button: Power Button [PWRF]
[    1.158374] ACPI: \_SB_.LNKB: Enabled at IRQ 10
[    1.283025] ACPI: \_SB_.LNKD: Enabled at IRQ 11
[    1.407485] ACPI: \_SB_.LNKA: Enabled at IRQ 10
[    1.655508] ACPI: \_SB_.LNKC: Enabled at IRQ 11
[    1.904313] Serial: 8250/16550 driver, 4 ports, IRQ sharing enabled
[    1.907271] 00:03: ttyS0 at I/O 0x3f8 (irq = 4, base_baud = 115200) is a 16550A
[    1.982778] kwatchdog (99) used greatest stack depth: 14776 bytes left
[    2.062721] Non-volatile memory driver v1.3
[    2.064476] ACPI: bus type drm_connector registered
[    2.087052] brd: module loaded
[    2.100451] loop: module loaded
[    2.105440] scsi host0: ata_piix
[    2.107402] scsi host1: ata_piix
[    2.108459] ata1: PATA max MWDMA2 cmd 0x1f0 ctl 0x3f6 bmdma 0xc1c0 irq 14 lpm-pol 0
[    2.110122] ata2: PATA max MWDMA2 cmd 0x170 ctl 0x376 bmdma 0xc1c8 irq 15 lpm-pol 0
[    2.116569] tun: Universal TUN/TAP device driver, 1.6
[    2.118157] e100: Intel(R) PRO/100 Network Driver
[    2.119196] e100: Copyright(c) 1999-2006 Intel Corporation
[    2.120517] e1000: Intel(R) PRO/1000 Network Driver
[    2.121600] e1000: Copyright (c) 1999-2006 Intel Corporation.
[    2.122958] e1000e: Intel(R) PRO/1000 Network Driver
[    2.124062] e1000e: Copyright(c) 1999 - 2015 Intel Corporation.
[    2.125430] sky2: driver version 1.30
[    2.127444] usbcore: registered new interface driver usblp
[    2.128779] usbcore: registered new interface driver usb-storage
[    2.130175] i8042: PNP: PS/2 Controller [PNP0303:KBD,PNP0f13:MOU] at 0x60,0x64 irq 1,12
[    2.133423] serio: i8042 KBD port at 0x60,0x64 irq 1
[    2.135041] serio: i8042 AUX port at 0x60,0x64 irq 12
[    2.137312] rtc_cmos PNP0B00:00: RTC can wake from S4
[    2.140361] input: AT Translated Set 2 keyboard as /devices/platform/i8042/serio0/input/input1
[    2.143718] rtc_cmos PNP0B00:00: registered as rtc0
[    2.145218] rtc_cmos PNP0B00:00: alarms up to one day, y3k, 242 bytes nvram, hpet irqs
[    2.147618] Registered IR keymap rc-empty
[    2.149092] rc rc0: rc-core loopback device as /devices/virtual/rc/rc0
[    2.151071] rc rc0: lirc_dev: driver rc-loopback registered at minor = 0, raw IR receiver, raw IR transmitter
[    2.153702] input: rc-core loopback device as /devices/virtual/rc/rc0/input4
[    2.157140] intel_powerclamp: CPU does not support MWAIT
[    2.158461] device-mapper: core: CONFIG_IMA_DISABLE_HTABLE is disabled. Duplicate IMA measurements will not be recorded in the IMA log.
[    2.161861] device-mapper: ioctl: 4.50.0-ioctl (2025-04-28) initialised: dm-devel@lists.linux.dev
[    2.164059] amd_pstate: the _CPC object is not present in SBIOS or ACPI disabled
[    2.166834] hid: raw HID events driver (C) Jiri Kosina
[    2.169647] usbcore: registered new interface driver usbhid
[    2.171009] usbhid: USB HID core driver
[    2.173223] GACT probability NOT on
[    2.174088] Mirror/redirect action on
[    2.176397] nf_conntrack_irc: The irc conntrack helper is scheduled for removal.
[    2.176397] Please contact the netfilter-devel mailing list if you still need this.
[    2.181383] ipip: IPv4 and MPLS over IPv4 tunneling driver
[    2.183390] gre: GRE over IPv4 demultiplexer driver
[    2.184489] ip_gre: GRE over IPv4 tunneling driver
[    2.188333] Initializing XFRM netlink socket
[    2.189357] IPsec XFRM device driver
[    2.190325] NET: Registered PF_INET6 protocol family
[    2.193606] Segment Routing with IPv6
[    2.194512] In-situ OAM (IOAM) with IPv6
[    2.195465] mip6: Mobile IPv6
[    2.196141] sit: IPv6, IPv4 and MPLS over IPv4 tunneling driver
[    2.198938] ip6_gre: GRE over IPv6 tunneling driver
[    2.200733] NET: Registered PF_PACKET protocol family
[    2.201919] RPC: Registered rdma transport module.
[    2.202992] RPC: Registered rdma backchannel transport module.
[    2.204572] 8021q: 802.1Q VLAN Support v1.8
[    2.206455] smc: adding smcd device lo without pnetid
[    2.207935] NET: Registered PF_SMC protocol family
[    2.209726] 9pnet: Installing 9P2000 support
[    2.212220] Key type dns_resolver registered
[    2.213464] NET: Registered PF_VSOCK protocol family
[    2.214680] mpls_gso: MPLS GSO support
[    2.218847] IPI shorthand broadcast: enabled
[    2.263906] sched_clock: Marking stable (2239012053, 23976194)->(2300974816, -37986569)
[    2.267771] registered taskstats version 1
[    2.270406] ata2: found unknown device (class 0)
[    2.272884] ata2.00: ATAPI: QEMU DVD-ROM, 2.5+, max UDMA/100
[    2.276715] scsi 1:0:0:0: CD-ROM            QEMU     QEMU DVD-ROM     2.5+ PQ: 0 ANSI: 5
[    2.285956] Loading compiled-in X.509 certificates
[    2.287719] kworker/u32:0 (119) used greatest stack depth: 14152 bytes left
[    2.289133] Loaded X.509 cert 'Build time autogenerated kernel key: c4531344b9a9c1a4731230d977a262ba29ba5272'
[    2.302423] sr 1:0:0:0: [sr0] scsi3-mmc drive: 4x/4x cd/rw xa/form2 tray
[    2.328690] cdrom: Uniform CD-ROM driver Revision: 3.20
[    2.330009] Demotion targets for Node 0: null
[    2.332175] ima: No TPM chip found, activating TPM-bypass!
[    2.333399] ima: Allocated hash algorithm: sha1
[    2.334633] ima: No architecture policies found
[    2.336691] PM:   Magic number: 6:835:905
[    2.337673] netconsole: network logging started
[    2.339695] cfg80211: Loading compiled-in X.509 certificates for regulatory database
[    2.342352] sr 1:0:0:0: Attached scsi CD-ROM sr0
[    2.342503] Loaded X.509 cert 'sforshee: 00b28ddf47aef9cea7'
[    2.344497] sr 1:0:0:0: Attached scsi generic sg0 type 5
[    2.345090] Loaded X.509 cert 'wens: 61c038651aabdcf94bd0ac7ff06c7248db18c600'
[    2.348422] faux_driver regulatory: Direct firmware load for regulatory.db failed with error -2
[    2.350483] cfg80211: failed to load regulatory.db
[    2.350622] ALSA device list:
[    2.352307]   No soundcards found.
[    2.584814] input: ImExPS/2 Generic Explorer Mouse as /devices/platform/i8042/serio1/input/input3
[    2.586966] md: Skipping autodetection of RAID arrays. (raid=autodetect will force)
[    2.588229] 9p: Bad value for 'source'
[    2.588819] 9pnet: Limiting 'msize' to 512000 as this is the maximum supported by transport virtio
[    2.592216] VFS: Mounted root (9p filesystem) on device 0:22.
[    2.593958] devtmpfs: mounted
[    2.594688] VFS: Pivoted into new rootfs
[    2.599739] Freeing unused kernel image (initmem) memory: 4668K
[    2.600613] Write protecting the kernel read-only data: 45056k
[    2.602863] Freeing unused kernel image (text/rodata gap) memory: 984K
[    2.604285] Freeing unused kernel image (rodata/data gap) memory: 400K
[    2.641625] x86/mm: Checked W+X mappings: passed, no W+X pages found.
[    2.642548] Run /home/prozak/.local/share/vng-venv/lib/python3.12/site-packages/virtme/guest/bin/virtme-ng-init as init process
[    2.644100]   with arguments:
[    2.644536]     /home/prozak/.local/share/vng-venv/lib/python3.12/site-packages/virtme/guest/bin/virtme-ng-init
[    2.645865]   with environment:
[    2.646321]     HOME=/
[    2.646688]     TERM=linux
[    2.647088]     virtme_hostname=virtme-ng
[    2.647663]     nr_open=1048576
[    2.648142]     virtme_link_mods=/home/prozak/sources/heimdall_experiment/uml-harness/.build/bpf-next-x86/.virtme_mods/lib/modules/0.0.0
[    2.649789]     virtme_rw_overlay0=/tmp
[    2.650328]     virtme_console=ttyS0
[    2.650852]     virtme_chdir=home/prozak/sources/heimdall_experiment/uml-harness/.build/selftests-output-qemu
[    2.724838] virtme-ng-init: mount devtmpfs -> /dev: EBUSY: Device or resource busy
[    2.726661] virtme-ng-init: Setting hostname to virtme-ng...
[    2.759906] virtme-ng-init: running systemd-tmpfiles
[    4.111970] systemd-tmpfile (127) used greatest stack depth: 12504 bytes left
[    4.112134] virtme-ng-init: basic initialization done
[    4.129594] virtme-ng-init: error creating file: Permission denied (os error 13)
[    4.231321] ip (132) used greatest stack depth: 11848 bytes left
[    4.348252] virtme-ng-init: Starting systemd-udevd version 255.4-1ubuntu8.16
[    4.350231] virtme-ng-init: triggering udev coldplug
[    7.184507] virtme-ng-init: waiting for udev to settle
[    7.875651] virtme-ng-init: udev is done
[    7.879734] virtme-ng-init: starting script
[    8.178243] bpf_testmod: loading out-of-tree module taints kernel.
[    8.179146] bpf_testmod: module verification failed: signature and/or required key missing - tainting kernel
[   14.102469] smc: removing smcd device lo
[   14.169818] ACPI: PM: Preparing to enter system sleep state S5
[   14.171063] reboot: Power down
