#20/1    bpf_gotox/one-switch:SKIP
#20/2    bpf_gotox/one-switch-non-zero-sec-offset:SKIP
#20/3    bpf_gotox/two-switches:SKIP
#20/4    bpf_gotox/big-jump-table:SKIP
#20/5    bpf_gotox/static-global:SKIP
#20/6    bpf_gotox/nonstatic-global:SKIP
#20/7    bpf_gotox/other-sec:SKIP
#20/8    bpf_gotox/static-global-other-sec:SKIP
#20/9    bpf_gotox/nonstatic-global-other-sec:SKIP
#20/10   bpf_gotox/one-jump-two-maps:SKIP
#20/11   bpf_gotox/one-map-two-jumps:SKIP
#20/12   bpf_gotox/check-ldimm64-off:SKIP
#20/13   bpf_gotox/check-ldimm64-off-gotox:SKIP
#20/14   bpf_gotox/check-ldimm64-off-gotox-llvm:SKIP
#20      bpf_gotox:SKIP
Summary: 1/0 PASSED, 14 SKIPPED, 0 FAILED
r Ubuntu) 2.42) #3 SMP PREEMPT_DYNAMIC Sun Aug  2 09:03:43 PDT 2026
[    0.000000] Command line: virtme_hostname=virtme-ng nr_open=1048576 virtme_link_mods=/home/prozak/sources/heimdall_experiment/uml-harness/.build/bpf-next-x86/.virtme_mods/lib/modules/0.0.0 virtme_rw_overlay0=/tmp virtme_console=ttyS0 console=ttyS0 earlyprintk=serial,ttyS0,115200 panic=-1 virtme.exec=`Li90ZXN0X3Byb2dzIC10ICdicGZfZ290b3gn` virtme_chdir=home/prozak/sources/heimdall_experiment/uml-harness/.build/selftests-output-qemu rootfstype=9p rootflags=version=9p2000.L,trans=virtio,access=any,msize=524288 raid=noautodetect rw debug init=/home/prozak/.local/share/vng-venv/lib/python3.12/site-packages/virtme/guest/bin/virtme-ng-init
[    0.000000] x86 CPU feature dependency check failure: CPU0 has '18*32+31' enabled but '18*32+26' disabled. Kernel might be fine, but no guarantees.
[    0.000000] BIOS-provided physical RAM map:
[    0.000000] BIOS-e820: [mem 0x0000000000000000-0x000000000009fbff]  System RAM
[    0.000000] BIOS-e820: [mem 0x000000000009fc00-0x000000000009ffff]  device reserved
[    0.000000] BIOS-e820: [gap 0x00000000000a0000-0x00000000000effff]
[    0.000000] BIOS-e820: [mem 0x00000000000f0000-0x00000000000fffff]  device reserved
[    0.000000] BIOS-e820: [mem 0x0000000000100000-0x00000000bffdffff]  System RAM
[    0.000000] BIOS-e820: [mem 0x00000000bffe0000-0x00000000bfffffff]  device reserved
[    0.000000] BIOS-e820: [gap 0x00000000c0000000-0x00000000feffbfff]
[    0.000000] BIOS-e820: [mem 0x00000000feffc000-0x00000000feffffff]  device reserved
[    0.000000] BIOS-e820: [gap 0x00000000ff000000-0x00000000fffbffff]
[    0.000000] BIOS-e820: [mem 0x00000000fffc0000-0x00000000ffffffff]  device reserved
[    0.000000] BIOS-e820: [mem 0x0000000100000000-0x000000013fffffff]  System RAM
[    0.000000] BIOS-e820: [gap 0x0000000140000000-0x000000fcffffffff]
[    0.000000] BIOS-e820: [mem 0x000000fd00000000-0x000000ffffffffff]  device reserved
[    0.000000] printk: legacy bootconsole [earlyser0] enabled
[    0.000000] NX (Execute Disable) protection: active
[    0.000000] APIC: Static calls initialized
[    0.000000] DMI: SMBIOS 3.0.0 present.
[    0.000000] DMI: QEMU Ubuntu 24.04 PC v2 (i440FX + PIIX, arch_caps fix, 1996), BIOS 1.16.3-debian-1.16.3-2 04/01/2014
[    0.000000] DMI: Memory slots populated: 1/1
[    0.000000] Hypervisor detected: KVM
[    0.000000] last_pfn = 0xbffe0 max_arch_pfn = 0x400000000
[    0.000000] kvm-clock: Using msrs 4b564d01 and 4b564d00
[    0.000001] kvm-clock: using sched offset of 485195626 cycles
[    0.000973] clocksource: kvm-clock: mask: 0xffffffffffffffff max_cycles: 0x1cd42e4dffb, max_idle_ns: 881590591483 ns
[    0.003873] tsc: Detected 3400.038 MHz processor
[    0.005048] e820: update [mem 0x00000000-0x00000fff] System RAM ==> device reserved
[    0.006386] e820: remove [mem 0x000a0000-0x000fffff] System RAM
[    0.007461] last_pfn = 0x140000 max_arch_pfn = 0x400000000
[    0.008546] MTRR map: 4 entries (3 fixed + 1 variable; max 19), built from 8 variable MTRRs
[    0.010042] x86/PAT: Configuration [0-7]: WB  WC  UC- UC  WB  WP  UC- WT  
Memory KASLR using RDRAND RDTSC...
[    0.011937] last_pfn = 0xbffe0 max_arch_pfn = 0x400000000
[    0.014102] found SMP MP-table at [mem 0x000f5450-0x000f545f]
[    0.015121] Using GB pages for direct mapping
[    0.016037] ACPI: Early table checksum verification disabled
[    0.017054] ACPI: RSDP 0x00000000000F5240 000014 (v00 BOCHS )
[    0.018089] ACPI: RSDT 0x00000000BFFE1F16 000034 (v01 BOCHS  BXPC     00000001 BXPC 00000001)
[    0.019604] ACPI: FACP 0x00000000BFFE1D92 000074 (v01 BOCHS  BXPC     00000001 BXPC 00000001)
[    0.021162] ACPI: DSDT 0x00000000BFFE0040 001D52 (v01 BOCHS  BXPC     00000001 BXPC 00000001)
[    0.022690] ACPI: FACS 0x00000000BFFE0000 000040
[    0.023552] ACPI: APIC 0x00000000BFFE1E06 0000B0 (v03 BOCHS  BXPC     00000001 BXPC 00000001)
[    0.025117] ACPI: HPET 0x00000000BFFE1EB6 000038 (v01 BOCHS  BXPC     00000001 BXPC 00000001)
[    0.026627] ACPI: WAET 0x00000000BFFE1EEE 000028 (v01 BOCHS  BXPC     00000001 BXPC 00000001)
[    0.028134] ACPI: Reserving FACP table memory at [mem 0xbffe1d92-0xbffe1e05]
[    0.029418] ACPI: Reserving DSDT table memory at [mem 0xbffe0040-0xbffe1d91]
[    0.030726] ACPI: Reserving FACS table memory at [mem 0xbffe0000-0xbffe003f]
[    0.031974] ACPI: Reserving APIC table memory at [mem 0xbffe1e06-0xbffe1eb5]
[    0.033208] ACPI: Reserving HPET table memory at [mem 0xbffe1eb6-0xbffe1eed]
[    0.034542] ACPI: Reserving WAET table memory at [mem 0xbffe1eee-0xbffe1f15]
[    0.036271] No NUMA configuration found
[    0.036942] Faking a node at [mem 0x0000000000000000-0x000000013fffffff]
[    0.038213] NODE_DATA(0) allocated [mem 0x13fff9c80-0x13fffdfff]
[    0.040213] ACPI: PM-Timer IO Port: 0x608
[    0.040938] ACPI: LAPIC_NMI (acpi_id[0xff] dfl dfl lint[0x1])
[    0.042043] IOAPIC[0]: apic_id 0, version 17, address 0xfec00000, GSI 0-23
[    0.043263] ACPI: INT_SRC_OVR (bus 0 bus_irq 0 global_irq 2 dfl dfl)
[    0.044392] ACPI: INT_SRC_OVR (bus 0 bus_irq 5 global_irq 5 high level)
[    0.045548] ACPI: INT_SRC_OVR (bus 0 bus_irq 9 global_irq 9 high level)
[    0.046737] ACPI: INT_SRC_OVR (bus 0 bus_irq 10 global_irq 10 high level)
[    0.047954] ACPI: INT_SRC_OVR (bus 0 bus_irq 11 global_irq 11 high level)
[    0.049139] ACPI: Using ACPI (MADT) for SMP configuration information
[    0.050306] ACPI: HPET id: 0x8086a201 base: 0xfed00000
[    0.051227] TSC deadline timer available
[    0.051978] CPU topo: Max. logical packages:   1
[    0.052806] CPU topo: Max. logical nodes:      1
[    0.053623] CPU topo: Num. nodes per package:  1
[    0.054494] CPU topo: Max. logical dies:       1
[    0.055347] CPU topo: Max. dies per package:   1
[    0.056252] CPU topo: Max. threads per core:   1
[    0.057063] CPU topo: Num. cores per package:     8
[    0.057945] CPU topo: Num. threads per package:   8
[    0.058846] CPU topo: Allowing 8 present CPUs plus 0 hotplug CPUs
[    0.059978] kvm-guest: APIC: eoi() replaced with kvm_guest_apic_eoi_write()
[    0.061253] kvm-guest: KVM setup pv remote TLB flush
[    0.062161] kvm-guest: setup PV sched yield
[    0.062932] PM: hibernation: Registered nosave memory: [mem 0x00000000-0x00000fff]
[    0.064307] PM: hibernation: Registered nosave memory: [mem 0x0009f000-0x000fffff]
[    0.065687] PM: hibernation: Registered nosave memory: [mem 0xbffe0000-0xffffffff]
[    0.067111] [gap 0xc0000000-0xfeffbfff] available for PCI devices
[    0.068218] Booting paravirtualized kernel on KVM
[    0.069074] clocksource: refined-jiffies: mask: 0xffffffff max_cycles: 0xffffffff, max_idle_ns: 1910969940391419 ns
[    0.075828] Zone ranges:
[    0.076299]   DMA      [mem 0x0000000000001000-0x0000000000ffffff]
[    0.077419]   DMA32    [mem 0x0000000001000000-0x00000000ffffffff]
[    0.078542]   Normal   [mem 0x0000000100000000-0x000000013fffffff]
[    0.079687] Movable zone start for each node
[    0.080467] Early memory node ranges
[    0.081103]   node   0: [mem 0x0000000000001000-0x000000000009efff]
[    0.082251]   node   0: [mem 0x0000000000100000-0x00000000bffdffff]
[    0.083396]   node   0: [mem 0x0000000100000000-0x000000013fffffff]
[    0.084569] Initmem setup node 0 [mem 0x0000000000001000-0x000000013fffffff]
[    0.085900] On node 0, zone DMA: 1 pages in unavailable ranges
[    0.087538] On node 0, zone DMA: 97 pages in unavailable ranges
[    0.221641] On node 0, zone Normal: 32 pages in unavailable ranges
[    0.222708] setup_percpu: NR_CPUS:128 nr_cpumask_bits:8 nr_cpu_ids:8 nr_node_ids:1
[    0.228215] percpu: Embedded 58 pages/cpu s199696 r8192 d29680 u262144
[    0.229256] pcpu-alloc: s199696 r8192 d29680 u262144 alloc=1*2097152
[    0.230215] pcpu-alloc: [0] 0 1 2 3 4 5 6 7 
[    0.230960] Kernel command line: virtme_hostname=virtme-ng nr_open=1048576 virtme_link_mods=/home/prozak/sources/heimdall_experiment/uml-harness/.build/bpf-next-x86/.virtme_mods/lib/modules/0.0.0 virtme_rw_overlay0=/tmp virtme_console=ttyS0 console=ttyS0 earlyprintk=serial,ttyS0,115200 panic=-1 virtme.exec=`Li90ZXN0X3Byb2dzIC10ICdicGZfZ290b3gn` virtme_chdir=home/prozak/sources/heimdall_experiment/uml-harness/.build/selftests-output-qemu rootfstype=9p rootflags=version=9p2000.L,trans=virtio,access=any,msize=524288 raid=noautodetect rw debug init=/home/prozak/.local/share/vng-venv/lib/python3.12/site-packages/virtme/guest/bin/virtme-ng-init
[    0.239861] Unknown kernel command line parameters "virtme_hostname=virtme-ng nr_open=1048576 virtme_link_mods=/home/prozak/sources/heimdall_experiment/uml-harness/.build/bpf-next-x86/.virtme_mods/lib/modules/0.0.0 virtme_rw_overlay0=/tmp virtme_console=ttyS0 virtme_chdir=home/prozak/sources/heimdall_experiment/uml-harness/.build/selftests-output-qemu", will be passed to user space.
[    0.245353] random: crng init done
[    0.245923] printk: log buffer data + meta data: 2097152 + 7340032 = 9437184 bytes
[    0.255303] Dentry cache hash table entries: 524288 (order: 10, 4194304 bytes, linear)
[    0.260695] Inode-cache hash table entries: 262144 (order: 9, 2097152 bytes, linear)
[    0.262105] software IO TLB: area num 8.
[    0.396858] Fallback order for Node 0: 0 
[    0.396865] Built 1 zonelists, mobility grouping on.  Total pages: 1048446
[    0.398559] Policy zone: Normal
[    0.399135] mem auto-init: stack:all(zero), heap alloc:off, heap free:off
[    0.406078] SLUB: HWalign=64, Order=0-3, MinObjects=0, CPUs=8, Nodes=1
Poking KASLR using RDRAND RDTSC...
[    0.421727] ftrace: allocating 69757 entries in 274 pages
[    0.422573] ftrace: allocated 274 pages with 3 groups
[    0.423791] Dynamic Preempt: full
[    0.424652] Running RCU self tests
[    0.425166] Running RCU synchronous self tests
[    0.425823] rcu: Preemptible hierarchical RCU implementation.
[    0.426703] rcu: 	RCU event tracing is enabled.
[    0.427374] rcu: 	RCU lockdep checking is enabled.
[    0.428105] rcu: 	RCU restricting CPUs from NR_CPUS=128 to nr_cpu_ids=8.
[    0.429138] 	Trampoline variant of Tasks RCU enabled.
[    0.429904] 	Rude variant of Tasks RCU enabled.
[    0.430614] 	Tracing variant of Tasks RCU enabled.
[    0.431337] rcu: RCU calculated value of scheduler-enlistment delay is 100 jiffies.
[    0.432468] rcu: Adjusting geometry for rcu_fanout_leaf=16, nr_cpu_ids=8
[    0.433541] Running RCU synchronous self tests
[    0.434228] RCU Tasks: Setting shift to 3 and lim to 1 rcu_task_cb_adjust=1 rcu_task_cpu_ids=8.
[    0.435568] RCU Tasks Rude: Setting shift to 3 and lim to 1 rcu_task_cb_adjust=1 rcu_task_cpu_ids=8.
[    0.442690] NR_IRQS: 8448, nr_irqs: 488, preallocated irqs: 16
[    0.443938] rcu: srcu_init: Setting srcu_struct sizes based on contention.
[    0.445017] clocksource: jiffies: mask: 0xffffffff max_cycles: 0xffffffff, max_idle_ns: 1911260446275000 ns
[    0.446899] Console: colour *CGA 80x25
[    0.447540] printk: legacy console [ttyS0] enabled
[    0.447540] printk: legacy console [ttyS0] enabled
[    0.449009] printk: legacy bootconsole [earlyser0] disabled
[    0.449009] printk: legacy bootconsole [earlyser0] disabled
[    0.450742] Lock dependency validator: Copyright (c) 2006 Red Hat, Inc., Ingo Molnar
[    0.451945] ... MAX_LOCKDEP_SUBCLASSES:  8
[    0.452593] ... MAX_LOCK_DEPTH:          48
[    0.453253] ... MAX_LOCKDEP_KEYS:        8192
[    0.453935] ... CLASSHASH_SIZE:          4096
[    0.454614] ... MAX_LOCKDEP_ENTRIES:     32768
[    0.455319] ... MAX_LOCKDEP_CHAINS:      65536
[    0.456018] ... CHAINHASH_SIZE:          32768
[    0.456749]  memory used by lock dependency info: 6429 kB
[    0.457624]  memory used for stack traces: 4224 kB
[    0.458388]  per task-struct memory footprint: 1920 bytes
[    0.459349] ACPI: Core revision 20260408
[    0.460204] clocksource: hpet: mask: 0xffffffff max_cycles: 0xffffffff, max_idle_ns: 19112604467 ns
[    0.461820] APIC: Switch to symmetric I/O mode setup
[    0.463102] x2apic enabled
[    0.464077] APIC: Switched APIC routing to: physical x2apic
[    0.465009] kvm-guest: APIC: send_IPI_mask() replaced with kvm_send_ipi_mask()
[    0.466180] kvm-guest: APIC: send_IPI_mask_allbutself() replaced with kvm_send_ipi_mask_allbutself()
[    0.467684] kvm-guest: setup PV IPIs
[    0.470321] ..TIMER: vector=0x30 apic1=0 pin1=2 apic2=-1 pin2=-1
[    0.471375] clocksource: tsc-early: mask: 0xffffffffffffffff max_cycles: 0x31027285e94, max_idle_ns: 440795238296 ns
[    0.473031] Calibrating delay loop (skipped) preset value.. 6800.07 BogoMIPS (lpj=3400038)
[    0.474607] x86/cpu: User Mode Instruction Prevention (UMIP) activated
[    0.476182] Last level iTLB entries: 4KB 512, 2MB 255, 4MB 127
[    0.477029] Last level dTLB entries: 4KB 512, 2MB 255, 4MB 127, 1GB 0
[    0.478037] mitigations: Enabled attack vectors: user_kernel, user_user, SMT mitigations: auto
[    0.479029] Speculative Store Bypass: Mitigation: Speculative Store Bypass disabled via prctl
[    0.480029] Speculative Return Stack Overflow: IBPB-extending microcode not applied!
[    0.481029] Speculative Return Stack Overflow: WARNING: See https://kernel.org/doc/html/latest/admin-guide/hw-vuln/srso.html for mitigation options.
[    0.481030] Transient Scheduler Attacks: Vulnerable: No microcode
[    0.482973] Spectre V2 : Mitigation: Retpolines
[    0.483029] Speculative Return Stack Overflow: Vulnerable: Safe RET, no microcode
[    0.484029] Spectre V1 : Mitigation: usercopy/swapgs barriers and __user pointer sanitization
[    0.485029] Spectre V2 : Spectre v2 / SpectreRSB: Filling RSB on context switch and VMEXIT
[    0.486029] Spectre V2 : Enabling Restricted Speculation for firmware calls
[    0.487033] Spectre V2 : mitigation: Enabling conditional Indirect Branch Prediction Barrier
[    0.488030] active return thunk: srso_alias_return_thunk
[    0.489036] x86/fpu: Supporting XSAVE feature 0x001: 'x87 floating point registers'
[    0.490029] x86/fpu: Supporting XSAVE feature 0x002: 'SSE registers'
[    0.491029] x86/fpu: Supporting XSAVE feature 0x004: 'AVX registers'
[    0.492029] x86/fpu: xstate_offset[2]:  576, xstate_sizes[2]:  256
[    0.493029] x86/fpu: Enabled xstate features 0x7, context size is 832 bytes, using 'compacted' format.
[    0.528836] pid_max: default: 32768 minimum: 301
[    0.529260] SELinux:  Initializing.
[    0.531859] LSM support for eBPF active
[    0.532423] Mount-cache hash table entries: 8192 (order: 4, 65536 bytes, linear)
[    0.533185] Mountpoint-cache hash table entries: 8192 (order: 4, 65536 bytes, linear)
[    0.536163] VFS: Finished mounting rootfs on nullfs
[    0.538511] Running RCU synchronous self tests
[    0.539032] Running RCU synchronous self tests
[    0.540626] smpboot: CPU0: AMD Ryzen 9 5950X 16-Core Processor (family: 0x19, model: 0x21, stepping: 0x2)
[    0.543059] Performance Events: Fam17h+ core perfctr, AMD PMU driver.
[    0.544057] ... version:                   0
[    0.544847] ... bit width:                 48
[    0.545035] ... generic counters:          6
[    0.545832] ... generic bitmap:            000000000000003f
[    0.546037] ... fixed-purpose counters:    0
[    0.546823] ... fixed-purpose bitmap:      0000000000000000
[    0.547037] ... value mask:                0000ffffffffffff
[    0.548027] ... max period:                00007fffffffffff
[    0.548036] ... global_ctrl mask:          000000000000003f
[    0.549353] signal: max sigframe size: 1776
[    0.550235] rcu: Hierarchical SRCU implementation.
[    0.551038] rcu: 	Max phase no-delay instances is 400.
[    0.553139] Timer migration: 1 hierarchy levels; 8 children per group; 1 crossnode level
[    0.566180] smp: Bringing up secondary CPUs ...
[    0.569227] smpboot: x86: Booting SMP configuration:
[    0.570036] .... node  #0, CPUs:      #1 #2 #3 #4 #5 #6 #7
[    0.597395] smp: Brought up 1 node, 8 CPUs
[    0.598802] smpboot: Total of 8 processors activated (54400.60 BogoMIPS)
[    0.600772] Memory: 3963792K/4193784K available (25637K kernel code, 10348K rwdata, 18032K rodata, 4668K init, 13400K bss, 221940K reserved, 0K cma-reserved)
[    0.602393] devtmpfs: initialized
[    0.607147] Running RCU synchronous self tests
[    0.608057] Running RCU synchronous self tests
[    0.609143] Running RCU Tasks wait API self tests
[    0.610103] Running RCU Tasks Rude wait API self tests
[    0.611039] Running RCU Tasks Trace wait API self tests
[    0.612126] posixtimers hash table entries: 4096 (order: 7, 294912 bytes, linear)
[    0.614444] futex hash table entries: 2048 (262144 bytes on 1 NUMA nodes, total 256 KiB, linear).
[    0.616035] PM: RTC time: 16:34:52, date: 2026-08-02
[    0.617074] Callback from call_rcu_tasks_trace() invoked.
[    0.623856] NET: Registered PF_NETLINK/PF_ROUTE protocol family
[    0.625120] audit: initializing netlink subsys (disabled)
[    0.626155] audit: type=2000 audit(1785688492.665:1): state=initialized audit_enabled=0 res=1
[    0.649276] thermal_sys: Registered thermal governor 'step_wise'
[    0.649354] cpuidle: using governor ladder
[    0.650864] cpuidle: using governor menu
[    0.652267] Freeing SMP alternatives memory: 68K
[    0.653965] PCI: Using configuration type 1 for base access
[    0.654037] PCI: Using configuration type 1 for extended access
[    0.655205] kprobes: kprobe jump-optimization is enabled. All kprobes are optimized if possible.
[    0.657229] HugeTLB: registered 1.00 GiB page size, pre-allocated 0 pages
[    0.658039] HugeTLB: 16380 KiB vmemmap can be freed for a 1.00 GiB page
[    0.659038] HugeTLB: registered 2.00 MiB page size, pre-allocated 0 pages
[    0.660035] HugeTLB: 28 KiB vmemmap can be freed for a 2.00 MiB page
[    0.666018] ACPI: Added _OSI(Module Device)
[    0.666038] ACPI: Added _OSI(Processor Device)
[    0.666921] ACPI: Added _OSI(Processor Aggregator Device)
[    0.670680] ACPI: 1 ACPI AML tables successfully acquired and loaded
[    0.674044] ACPI: \_SB_: platform _OSC: OS support mask [002a7eee]
[    0.675805] ACPI: Interpreter enabled
[    0.676105] ACPI: PM: (supports S0 S3 S4 S5)
[    0.676953] ACPI: Using IOAPIC for interrupt routing
[    0.677089] PCI: Using host bridge windows from ACPI; if necessary, use "pci=nocrs" and report a bug
[    0.678037] PCI: Using E820 reservations for host bridge windows
[    0.679409] ACPI: Enabled 2 GPEs in block 00 to 0F
[    0.695548] ACPI: PCI Root Bridge [PCI0] (domain 0000 [bus 00-ff])
[    0.696050] acpi PNP0A03:00: _OSC: OS supports [ExtendedConfig ASPM ClockPM Segments MSI HPX-Type3]
[    0.697049] acpi PNP0A03:00: _OSC: OS requested [PME PCIeCapability LTR]
[    0.698037] acpi PNP0A03:00: _OSC: platform willing to grant [PME PCIeCapability LTR]
[    0.699038] acpi PNP0A03:00: _OSC: platform retains control of PCIe features (AE_ERROR)
[    0.700850] PCI host bridge to bus 0000:00
[    0.701047] pci_bus 0000:00: root bus resource [io  0x0000-0x0cf7 window]
[    0.702038] pci_bus 0000:00: root bus resource [io  0x0d00-0xffff window]
[    0.703038] pci_bus 0000:00: root bus resource [mem 0x000a0000-0x000bffff window]
[    0.704039] pci_bus 0000:00: root bus resource [mem 0xc0000000-0xfebfffff window]
[    0.705038] pci_bus 0000:00: root bus resource [mem 0x380000000000-0x38007fffffff window]
[    0.706039] pci_bus 0000:00: root bus resource [bus 00-ff]
[    0.707403] pci 0000:00:00.0: [8086:1237] type 00 class 0x060000 conventional PCI endpoint
[    0.709543] pci 0000:00:01.0: [8086:7000] type 00 class 0x060100 conventional PCI endpoint
[    0.711294] pci 0000:00:01.1: [8086:7010] type 00 class 0x010180 conventional PCI endpoint
[    0.713266] pci 0000:00:01.1: BAR 4 [io  0xc1c0-0xc1cf]
[    0.714122] pci 0000:00:01.1: BAR 0 [io  0x01f0-0x01f7]: legacy IDE quirk
[    0.715036] pci 0000:00:01.1: BAR 1 [io  0x03f6]: legacy IDE quirk
[    0.716037] pci 0000:00:01.1: BAR 2 [io  0x0170-0x0177]: legacy IDE quirk
[    0.717038] pci 0000:00:01.1: BAR 3 [io  0x0376]: legacy IDE quirk
[    0.718784] pci 0000:00:01.3: [8086:7113] type 00 class 0x068000 conventional PCI endpoint
[    0.719687] pci 0000:00:01.3: quirk: [io  0x0600-0x063f] claimed by PIIX4 ACPI
[    0.720052] pci 0000:00:01.3: quirk: [io  0x0700-0x070f] claimed by PIIX4 SMB
[    0.721987] pci 0000:00:02.0: [1af4:1009] type 00 class 0x000200 conventional PCI endpoint
[    0.723053] pci 0000:00:02.0: BAR 0 [io  0xc000-0xc03f]
[    0.724027] pci 0000:00:02.0: BAR 1 [mem 0xfebf8000-0xfebf8fff]
[    0.725090] pci 0000:00:02.0: BAR 4 [mem 0x380000000000-0x380000003fff 64bit pref]
[    0.729027] pci 0000:00:03.0: [8086:25ab] type 00 class 0x088000 conventional PCI endpoint
[    0.731053] pci 0000:00:03.0: BAR 0 [mem 0xfebf9000-0xfebf900f]
[    0.734564] pci 0000:00:04.0: [1af4:1003] type 00 class 0x078000 conventional PCI endpoint
[    0.736053] pci 0000:00:04.0: BAR 0 [io  0xc040-0xc07f]
[    0.737053] pci 0000:00:04.0: BAR 1 [mem 0xfebfa000-0xfebfafff]
[    0.738088] pci 0000:00:04.0: BAR 4 [mem 0x380000004000-0x380000007fff 64bit pref]
[    0.742113] pci 0000:00:05.0: [1af4:1003] type 00 class 0x078000 conventional PCI endpoint
[    0.744053] pci 0000:00:05.0: BAR 0 [io  0xc080-0xc0bf]
[    0.745027] pci 0000:00:05.0: BAR 1 [mem 0xfebfb000-0xfebfbfff]
[    0.745091] pci 0000:00:05.0: BAR 4 [mem 0x380000008000-0x38000000bfff 64bit pref]
[    0.749142] pci 0000:00:06.0: [1af4:1003] type 00 class 0x078000 conventional PCI endpoint
[    0.751053] pci 0000:00:06.0: BAR 0 [io  0xc0c0-0xc0ff]
[    0.752054] pci 0000:00:06.0: BAR 1 [mem 0xfebfc000-0xfebfcfff]
[    0.753091] pci 0000:00:06.0: BAR 4 [mem 0x38000000c000-0x38000000ffff 64bit pref]
[    0.757126] pci 0000:00:07.0: [1af4:1003] type 00 class 0x078000 conventional PCI endpoint
[    0.759053] pci 0000:00:07.0: BAR 0 [io  0xc100-0xc13f]
[    0.760052] pci 0000:00:07.0: BAR 1 [mem 0xfebfd000-0xfebfdfff]
[    0.761089] pci 0000:00:07.0: BAR 4 [mem 0x380000010000-0x380000013fff 64bit pref]
[    0.765172] pci 0000:00:08.0: [1af4:1003] type 00 class 0x078000 conventional PCI endpoint
[    0.768027] pci 0000:00:08.0: BAR 0 [io  0xc140-0xc17f]
[    0.768054] pci 0000:00:08.0: BAR 1 [mem 0xfebfe000-0xfebfefff]
[    0.769090] pci 0000:00:08.0: BAR 4 [mem 0x380000014000-0x380000017fff 64bit pref]
[    0.773100] pci 0000:00:09.0: [1af4:1003] type 00 class 0x078000 conventional PCI endpoint
[    0.775053] pci 0000:00:09.0: BAR 0 [io  0xc180-0xc1bf]
[    0.776036] pci 0000:00:09.0: BAR 1 [mem 0xfebff000-0xfebfffff]
[    0.777091] pci 0000:00:09.0: BAR 4 [mem 0x380000018000-0x38000001bfff 64bit pref]
[    0.786013] ACPI: PCI: Interrupt link LNKA configured for IRQ 10
[    0.786287] ACPI: PCI: Interrupt link LNKB configured for IRQ 10
[    0.787286] ACPI: PCI: Interrupt link LNKC configured for IRQ 11
[    0.788283] ACPI: PCI: Interrupt link LNKD configured for IRQ 11
[    0.789163] ACPI: PCI: Interrupt link LNKS configured for IRQ 9
[    0.792083] iommu: Default domain type: Translated
[    0.793036] iommu: DMA domain TLB invalidation policy: lazy mode
[    0.795503] SCSI subsystem initialized
[    0.796124] libata version 3.00 loaded.
[    0.797300] ACPI: bus type USB registered
[    0.798169] usbcore: registered new interface driver usbfs
[    0.799113] usbcore: registered new interface driver hub
[    0.800076] usbcore: registered new device driver usb
[    0.801232] pps_core: LinuxPPS API ver. 1 registered
[    0.802036] pps_core: Software ver. 5.3.6 - Copyright 2005-2007 Rodolfo Giometti <giometti@linux.it>
[    0.803063] PTP clock support registered
[    0.804638] Advanced Linux Sound Architecture Driver Initialized.
[    0.806320] NetLabel: Initializing
[    0.806992] NetLabel:  domain hash size = 128
[    0.807037] NetLabel:  protocols = UNLABELED CIPSOv4 CALIPSO
[    0.808088] NetLabel:  unlabeled traffic allowed by default
[    0.809368] PCI: Using ACPI for IRQ routing
[    0.810039] PCI: pci_cache_line_size set to 64 bytes
[    0.811296] e820: register RAM buffer resource [mem 0x0009fc00-0x0009ffff]
[    0.812038] e820: register RAM buffer resource [mem 0xbffe0000-0xbfffffff]
[    0.813179] vgaarb: loaded
[    0.813756] hpet0: at MMIO 0xfed00000, IRQs 2, 8, 0
[    0.814038] hpet0: 3 comparators, 64-bit 100.000000 MHz counter
[    0.818036] Callback from call_rcu_tasks() invoked.
[    0.819176] clocksource: Switched to clocksource kvm-clock
[    0.821489] VFS: Disk quotas dquot_6.6.0
[    0.822406] VFS: Dquot-cache hash table entries: 512 (4096 bytes)
[    0.824747] pnp: PnP ACPI init
[    0.825831] pnp 00:02: [dma 2]
[    0.827335] pnp: PnP ACPI: found 4 devices
[    0.845782] clocksource: acpi_pm: mask: 0xffffff max_cycles: 0xffffff, max_idle_ns: 2085701024 ns
[    0.847812] NET: Registered PF_INET protocol family
[    0.850252] IP idents hash table entries: 65536 (order: 7, 524288 bytes, linear)
[    0.854378] tcp_listen_portaddr_hash hash table entries: 2048 (order: 6, 147456 bytes, linear)
[    0.856460] Table-perturb hash table entries: 65536 (order: 6, 262144 bytes, linear)
[    0.857957] TCP established hash table entries: 32768 (order: 6, 262144 bytes, linear)
[    0.860202] TCP bind hash table entries: 32768 (order: 11, 4718592 bytes, vmalloc hugepage)
[    0.871334] TCP: Hash tables configured (established 32768 bind 32768)
[    0.874156] MPTCP token hash table entries: 4096 (order: 7, 360448 bytes, linear)
[    0.875713] UDP hash table entries: 2048 (order: 7, 524288 bytes, linear)
[    0.878318] NET: Registered PF_UNIX/PF_LOCAL protocol family
[    0.880618] RPC: Registered named UNIX socket transport module.
[    0.882044] RPC: Registered udp transport module.
[    0.883128] RPC: Registered tcp transport module.
[    0.884068] RPC: Registered tcp-with-tls transport module.
[    0.885101] RPC: Registered tcp NFSv4.1 backchannel transport module.
[    0.887300] NET: Registered PF_XDP protocol family
[    0.888264] pci_bus 0000:00: resource 4 [io  0x0000-0x0cf7 window]
[    0.889456] pci_bus 0000:00: resource 5 [io  0x0d00-0xffff window]
[    0.890694] pci_bus 0000:00: resource 6 [mem 0x000a0000-0x000bffff window]
[    0.892002] pci_bus 0000:00: resource 7 [mem 0xc0000000-0xfebfffff window]
[    0.893302] pci_bus 0000:00: resource 8 [mem 0x380000000000-0x38007fffffff window]
[    0.894885] pci 0000:00:01.0: PIIX3: Enabling Passive Release
[    0.896048] pci 0000:00:00.0: Limiting direct PCI/PCI transfers
[    0.897324] PCI: CLS 0 bytes, default 64
[    0.898225] PCI-DMA: Using software bounce buffering for IO (SWIOTLB)
[    0.899494] software IO TLB: mapped [mem 0x00000000bbfe0000-0x00000000bffe0000] (64MB)
[    0.902110] clocksource: tsc: mask: 0xffffffffffffffff max_cycles: 0x31027285e94, max_idle_ns: 440795238296 ns
[    0.912932] Initialise system trusted keyrings
[    0.914206] workingset: timestamp_bits=40 (anon: 35) max_order=20 bucket_order=0 (anon: 0)
[    0.916828] squashfs: version 4.0 (2009/01/31) Phillip Lougher
[    0.918551] NFS: Registering the id_resolver key type
[    0.919592] Key type id_resolver registered
[    0.920446] Key type id_legacy registered
[    0.921241] nfs4filelayout_init: NFSv4 File Layout Driver Registering...
[    0.922547] nfs4flexfilelayout_init: NFSv4 Flexfile Layout Driver Registering...
[    0.924204] fuse: init (API version 7.45)
[    0.925312] 9p: Installing v9fs 9p2000 file system support
[    0.928206] NET: Registered PF_ALG protocol family
[    0.929166] Key type asymmetric registered
[    0.929960] Asymmetric key parser 'x509' registered
[    0.931051] Block layer SCSI generic (bsg) driver version 0.4 loaded (major 248)
[    0.932940] io scheduler mq-deadline registered
[    0.933832] io scheduler kyber registered
[    0.936014] input: Power Button as /devices/platform/LNXPWRBN:00/input/input0
[    0.937661] ACPI: button: Power Button [PWRF]
[    1.065328] ACPI: \_SB_.LNKB: Enabled at IRQ 10
[    1.190088] ACPI: \_SB_.LNKD: Enabled at IRQ 11
[    1.314164] ACPI: \_SB_.LNKA: Enabled at IRQ 10
[    1.481825] kwatchdog (99) used greatest stack depth: 14776 bytes left
[    1.566451] ACPI: \_SB_.LNKC: Enabled at IRQ 11
[    1.819932] Serial: 8250/16550 driver, 4 ports, IRQ sharing enabled
[    1.822499] 00:03: ttyS0 at I/O 0x3f8 (irq = 4, base_baud = 115200) is a 16550A
[    2.003201] Non-volatile memory driver v1.3
[    2.004902] ACPI: bus type drm_connector registered
[    2.027597] brd: module loaded
[    2.041429] loop: module loaded
[    2.047117] scsi host0: ata_piix
[    2.049087] scsi host1: ata_piix
[    2.050136] ata1: PATA max MWDMA2 cmd 0x1f0 ctl 0x3f6 bmdma 0xc1c0 irq 14 lpm-pol 0
[    2.051819] ata2: PATA max MWDMA2 cmd 0x170 ctl 0x376 bmdma 0xc1c8 irq 15 lpm-pol 0
[    2.057685] tun: Universal TUN/TAP device driver, 1.6
[    2.059329] e100: Intel(R) PRO/100 Network Driver
[    2.060399] e100: Copyright(c) 1999-2006 Intel Corporation
[    2.061738] e1000: Intel(R) PRO/1000 Network Driver
[    2.062831] e1000: Copyright (c) 1999-2006 Intel Corporation.
[    2.064188] e1000e: Intel(R) PRO/1000 Network Driver
[    2.065334] e1000e: Copyright(c) 1999 - 2015 Intel Corporation.
[    2.066764] sky2: driver version 1.30
[    2.068772] usbcore: registered new interface driver usblp
[    2.070114] usbcore: registered new interface driver usb-storage
[    2.071537] i8042: PNP: PS/2 Controller [PNP0303:KBD,PNP0f13:MOU] at 0x60,0x64 irq 1,12
[    2.074798] serio: i8042 KBD port at 0x60,0x64 irq 1
[    2.076421] serio: i8042 AUX port at 0x60,0x64 irq 12
[    2.078756] rtc_cmos PNP0B00:00: RTC can wake from S4
[    2.081995] input: AT Translated Set 2 keyboard as /devices/platform/i8042/serio0/input/input1
[    2.085339] rtc_cmos PNP0B00:00: registered as rtc0
[    2.087333] rtc_cmos PNP0B00:00: alarms up to one day, y3k, 242 bytes nvram, hpet irqs
[    2.090430] Registered IR keymap rc-empty
[    2.092135] rc rc0: rc-core loopback device as /devices/virtual/rc/rc0
[    2.094990] rc rc0: lirc_dev: driver rc-loopback registered at minor = 0, raw IR receiver, raw IR transmitter
[    2.097605] input: rc-core loopback device as /devices/virtual/rc/rc0/input4
[    2.100121] intel_powerclamp: CPU does not support MWAIT
[    2.101340] device-mapper: core: CONFIG_IMA_DISABLE_HTABLE is disabled. Duplicate IMA measurements will not be recorded in the IMA log.
[    2.104445] device-mapper: ioctl: 4.50.0-ioctl (2025-04-28) initialised: dm-devel@lists.linux.dev
[    2.106424] amd_pstate: the _CPC object is not present in SBIOS or ACPI disabled
[    2.108730] hid: raw HID events driver (C) Jiri Kosina
[    2.111686] usbcore: registered new interface driver usbhid
[    2.112934] usbhid: USB HID core driver
[    2.115120] GACT probability NOT on
[    2.115948] Mirror/redirect action on
[    2.118327] nf_conntrack_irc: The irc conntrack helper is scheduled for removal.
[    2.118327] Please contact the netfilter-devel mailing list if you still need this.
[    2.123336] ipip: IPv4 and MPLS over IPv4 tunneling driver
[    2.125409] gre: GRE over IPv4 demultiplexer driver
[    2.126479] ip_gre: GRE over IPv4 tunneling driver
[    2.130138] Initializing XFRM netlink socket
[    2.131107] IPsec XFRM device driver
[    2.132003] NET: Registered PF_INET6 protocol family
[    2.135446] Segment Routing with IPv6
[    2.136618] In-situ OAM (IOAM) with IPv6
[    2.137601] mip6: Mobile IPv6
[    2.138327] sit: IPv6, IPv4 and MPLS over IPv4 tunneling driver
[    2.141168] ip6_gre: GRE over IPv6 tunneling driver
[    2.143120] NET: Registered PF_PACKET protocol family
[    2.144366] RPC: Registered rdma transport module.
[    2.145433] RPC: Registered rdma backchannel transport module.
[    2.147125] 8021q: 802.1Q VLAN Support v1.8
[    2.148782] smc: adding smcd device lo without pnetid
[    2.150160] NET: Registered PF_SMC protocol family
[    2.151744] 9pnet: Installing 9P2000 support
[    2.154409] Key type dns_resolver registered
[    2.155697] NET: Registered PF_VSOCK protocol family
[    2.156914] mpls_gso: MPLS GSO support
[    2.161348] IPI shorthand broadcast: enabled
[    2.206428] sched_clock: Marking stable (2186051855, 20010499)->(2294309003, -88246649)
[    2.209313] ata2: found unknown device (class 0)
[    2.211197] registered taskstats version 1
[    2.211514] ata2.00: ATAPI: QEMU DVD-ROM, 2.5+, max UDMA/100
[    2.215978] scsi 1:0:0:0: CD-ROM            QEMU     QEMU DVD-ROM     2.5+ PQ: 0 ANSI: 5
[    2.228917] Loading compiled-in X.509 certificates
[    2.230736] kworker/u32:1 (120) used greatest stack depth: 13912 bytes left
[    2.232024] Loaded X.509 cert 'Build time autogenerated kernel key: c4531344b9a9c1a4731230d977a262ba29ba5272'
[    2.248946] sr 1:0:0:0: [sr0] scsi3-mmc drive: 4x/4x cd/rw xa/form2 tray
[    2.267743] cdrom: Uniform CD-ROM driver Revision: 3.20
[    2.272645] Demotion targets for Node 0: null
[    2.274302] ima: No TPM chip found, activating TPM-bypass!
[    2.275550] ima: Allocated hash algorithm: sha1
[    2.276711] ima: No architecture policies found
[    2.278786] PM:   Magic number: 6:887:589
[    2.280288] netconsole: network logging started
[    2.282107] cfg80211: Loading compiled-in X.509 certificates for regulatory database
[    2.282761] sr 1:0:0:0: Attached scsi CD-ROM sr0
[    2.284815] Loaded X.509 cert 'sforshee: 00b28ddf47aef9cea7'
[    2.286364] sr 1:0:0:0: Attached scsi generic sg0 type 5
[    2.286715] Loaded X.509 cert 'wens: 61c038651aabdcf94bd0ac7ff06c7248db18c600'
[    2.289682] faux_driver regulatory: Direct firmware load for regulatory.db failed with error -2
[    2.291723] cfg80211: failed to load regulatory.db
[    2.291945] ALSA device list:
[    2.293614]   No soundcards found.
[    2.508709] input: ImExPS/2 Generic Explorer Mouse as /devices/platform/i8042/serio1/input/input3
[    2.510673] md: Skipping autodetection of RAID arrays. (raid=autodetect will force)
[    2.511943] 9p: Bad value for 'source'
[    2.512508] 9pnet: Limiting 'msize' to 512000 as this is the maximum supported by transport virtio
[    2.516040] VFS: Mounted root (9p filesystem) on device 0:22.
[    2.517981] devtmpfs: mounted
[    2.518818] VFS: Pivoted into new rootfs
[    2.523796] Freeing unused kernel image (initmem) memory: 4668K
[    2.524613] Write protecting the kernel read-only data: 45056k
[    2.526576] Freeing unused kernel image (text/rodata gap) memory: 984K
[    2.527845] Freeing unused kernel image (rodata/data gap) memory: 400K
[    2.566367] x86/mm: Checked W+X mappings: passed, no W+X pages found.
[    2.567302] Run /home/prozak/.local/share/vng-venv/lib/python3.12/site-packages/virtme/guest/bin/virtme-ng-init as init process
[    2.568736]   with arguments:
[    2.569144]     /home/prozak/.local/share/vng-venv/lib/python3.12/site-packages/virtme/guest/bin/virtme-ng-init
[    2.570366]   with environment:
[    2.570784]     HOME=/
[    2.571119]     TERM=linux
[    2.571467]     virtme_hostname=virtme-ng
[    2.571961]     nr_open=1048576
[    2.572413]     virtme_link_mods=/home/prozak/sources/heimdall_experiment/uml-harness/.build/bpf-next-x86/.virtme_mods/lib/modules/0.0.0
[    2.573943]     virtme_rw_overlay0=/tmp
[    2.574441]     virtme_console=ttyS0
[    2.574907]     virtme_chdir=home/prozak/sources/heimdall_experiment/uml-harness/.build/selftests-output-qemu
[    2.661631] virtme-ng-init: mount devtmpfs -> /dev: EBUSY: Device or resource busy
[    2.663379] virtme-ng-init: Setting hostname to virtme-ng...
[    2.703294] virtme-ng-init: running systemd-tmpfiles
[    3.886129] systemd-tmpfile (127) used greatest stack depth: 12000 bytes left
[    3.886257] virtme-ng-init: basic initialization done
[    3.903890] virtme-ng-init: error creating file: Permission denied (os error 13)
[    4.000031] ip (133) used greatest stack depth: 11848 bytes left
[    4.118347] virtme-ng-init: Starting systemd-udevd version 255.4-1ubuntu8.16
[    4.120331] virtme-ng-init: triggering udev coldplug
[    7.141272] virtme-ng-init: waiting for udev to settle
[    7.917573] virtme-ng-init: udev is done
[    7.922270] virtme-ng-init: starting script
[    8.152409] bpf_testmod: loading out-of-tree module taints kernel.
[    8.153358] bpf_testmod: module verification failed: signature and/or required key missing - tainting kernel
[    8.269701] smc: removing smcd device lo
[    8.337408] ACPI: PM: Preparing to enter system sleep state S5
[    8.338601] reboot: Power down
