#35/1    bpf_tcp_ca/dctcp:OK
#35/2    bpf_tcp_ca/cubic:OK
#35/3    bpf_tcp_ca/invalid_license:OK
#35/4    bpf_tcp_ca/dctcp_fallback:OK
#35/5    bpf_tcp_ca/rel_setsockopt:OK
#35/6    bpf_tcp_ca/write_sk_pacing:OK
#35/7    bpf_tcp_ca/incompl_cong_ops:OK
#35/8    bpf_tcp_ca/unsupp_cong_op:OK
#35/9    bpf_tcp_ca/update_ca:OK
#35/10   bpf_tcp_ca/update_wrong:OK
#35/11   bpf_tcp_ca/mixed_links:OK
#35/12   bpf_tcp_ca/multi_links:OK
#35/13   bpf_tcp_ca/link_replace:OK
#35/14   bpf_tcp_ca/tcp_ca_kfunc:OK
#35/15   bpf_tcp_ca/untrusted_btf_write:OK
#35/16   bpf_tcp_ca/cc_cubic:OK
#35/17   bpf_tcp_ca/dctcp_autoattach_map:OK
#35      bpf_tcp_ca:OK
Summary: 1/17 PASSED, 0 SKIPPED, 0 FAILED
) #3 SMP PREEMPT_DYNAMIC Sun Aug  2 09:03:43 PDT 2026
[    0.000000] Command line: virtme_hostname=virtme-ng nr_open=1048576 virtme_link_mods=/home/prozak/sources/heimdall_experiment/uml-harness/.build/bpf-next-x86/.virtme_mods/lib/modules/0.0.0 virtme_rw_overlay0=/tmp virtme_console=ttyS0 console=ttyS0 earlyprintk=serial,ttyS0,115200 panic=-1 virtme.exec=`bW91bnQgLXQgYnBmIGJwZmZzIC9zeXMvZnMvYnBmIDI+L2Rldi9udWxsOyAuL3Rlc3RfcHJvZ3MgLXQgJ2JwZl90Y3BfY2En` virtme_chdir=home/prozak/sources/heimdall_experiment/uml-harness/.build/selftests-output-qemu rootfstype=9p rootflags=version=9p2000.L,trans=virtio,access=any,msize=524288 raid=noautodetect rw debug init=/home/prozak/.local/share/vng-venv/lib/python3.12/site-packages/virtme/guest/bin/virtme-ng-init
[    0.000000] x86 CPU feature dependency check failure: CPU0 has '18*32+31' enabled but '18*32+26' disabled. Kernel might be fine, but no guarantees.
[    0.000000] BIOS-provided physical RAM map:
[    0.000000] BIOS-e820: [mem 0x0000000000000000-0x000000000009fbff]  System RAM
[    0.000000] BIOS-e820: [mem 0x000000000009fc00-0x000000000009ffff]  device reserved
[    0.000000] BIOS-e820: [gap 0x00000000000a0000-0x00000000000effff]
[    0.000000] BIOS-e820: [mem 0x00000000000f0000-0x00000000000fffff]  device reserved
[    0.000000] BIOS-e820: [mem 0x0000000000100000-0x00000000bffdffff]  System RAM
[    0.000000] BIOS-e820: [mem 0x00000000bffe0000-0x00000000bfffffff]  device reserved
[    0.000000] BIOS-e820: [gap 0x00000000c0000000-0x00000000feffbfff]
[    0.000000] BIOS-e820: [mem 0x00000000feffc000-0x00000000feffffff]  device reserved
[    0.000000] BIOS-e820: [gap 0x00000000ff000000-0x00000000fffbffff]
[    0.000000] BIOS-e820: [mem 0x00000000fffc0000-0x00000000ffffffff]  device reserved
[    0.000000] BIOS-e820: [mem 0x0000000100000000-0x000000013fffffff]  System RAM
[    0.000000] BIOS-e820: [gap 0x0000000140000000-0x000000fcffffffff]
[    0.000000] BIOS-e820: [mem 0x000000fd00000000-0x000000ffffffffff]  device reserved
[    0.000000] printk: legacy bootconsole [earlyser0] enabled
[    0.000000] NX (Execute Disable) protection: active
[    0.000000] APIC: Static calls initialized
[    0.000000] DMI: SMBIOS 3.0.0 present.
[    0.000000] DMI: QEMU Ubuntu 24.04 PC v2 (i440FX + PIIX, arch_caps fix, 1996), BIOS 1.16.3-debian-1.16.3-2 04/01/2014
[    0.000000] DMI: Memory slots populated: 1/1
[    0.000000] Hypervisor detected: KVM
[    0.000000] last_pfn = 0xbffe0 max_arch_pfn = 0x400000000
[    0.000000] kvm-clock: Using msrs 4b564d01 and 4b564d00
[    0.000001] kvm-clock: using sched offset of 469220669 cycles
[    0.000888] clocksource: kvm-clock: mask: 0xffffffffffffffff max_cycles: 0x1cd42e4dffb, max_idle_ns: 881590591483 ns
[    0.003716] tsc: Detected 3400.038 MHz processor
[    0.004842] e820: update [mem 0x00000000-0x00000fff] System RAM ==> device reserved
[    0.006217] e820: remove [mem 0x000a0000-0x000fffff] System RAM
[    0.007267] last_pfn = 0x140000 max_arch_pfn = 0x400000000
[    0.008308] MTRR map: 4 entries (3 fixed + 1 variable; max 19), built from 8 variable MTRRs
[    0.009751] x86/PAT: Configuration [0-7]: WB  WC  UC- UC  WB  WP  UC- WT  
Memory KASLR using RDRAND RDTSC...
[    0.011641] last_pfn = 0xbffe0 max_arch_pfn = 0x400000000
[    0.013754] found SMP MP-table at [mem 0x000f5450-0x000f545f]
[    0.014788] Using GB pages for direct mapping
[    0.015623] ACPI: Early table checksum verification disabled
[    0.016615] ACPI: RSDP 0x00000000000F5240 000014 (v00 BOCHS )
[    0.017603] ACPI: RSDT 0x00000000BFFE1F16 000034 (v01 BOCHS  BXPC     00000001 BXPC 00000001)
[    0.019135] ACPI: FACP 0x00000000BFFE1D92 000074 (v01 BOCHS  BXPC     00000001 BXPC 00000001)
[    0.020645] ACPI: DSDT 0x00000000BFFE0040 001D52 (v01 BOCHS  BXPC     00000001 BXPC 00000001)
[    0.022128] ACPI: FACS 0x00000000BFFE0000 000040
[    0.022931] ACPI: APIC 0x00000000BFFE1E06 0000B0 (v03 BOCHS  BXPC     00000001 BXPC 00000001)
[    0.024400] ACPI: HPET 0x00000000BFFE1EB6 000038 (v01 BOCHS  BXPC     00000001 BXPC 00000001)
[    0.025892] ACPI: WAET 0x00000000BFFE1EEE 000028 (v01 BOCHS  BXPC     00000001 BXPC 00000001)
[    0.027399] ACPI: Reserving FACP table memory at [mem 0xbffe1d92-0xbffe1e05]
[    0.028621] ACPI: Reserving DSDT table memory at [mem 0xbffe0040-0xbffe1d91]
[    0.029835] ACPI: Reserving FACS table memory at [mem 0xbffe0000-0xbffe003f]
[    0.031091] ACPI: Reserving APIC table memory at [mem 0xbffe1e06-0xbffe1eb5]
[    0.032298] ACPI: Reserving HPET table memory at [mem 0xbffe1eb6-0xbffe1eed]
[    0.033511] ACPI: Reserving WAET table memory at [mem 0xbffe1eee-0xbffe1f15]
[    0.035209] No NUMA configuration found
[    0.035875] Faking a node at [mem 0x0000000000000000-0x000000013fffffff]
[    0.037036] NODE_DATA(0) allocated [mem 0x13fffbc80-0x13fffffff]
[    0.038955] ACPI: PM-Timer IO Port: 0x608
[    0.039683] ACPI: LAPIC_NMI (acpi_id[0xff] dfl dfl lint[0x1])
[    0.040707] IOAPIC[0]: apic_id 0, version 17, address 0xfec00000, GSI 0-23
[    0.041901] ACPI: INT_SRC_OVR (bus 0 bus_irq 0 global_irq 2 dfl dfl)
[    0.043039] ACPI: INT_SRC_OVR (bus 0 bus_irq 5 global_irq 5 high level)
[    0.044178] ACPI: INT_SRC_OVR (bus 0 bus_irq 9 global_irq 9 high level)
[    0.045321] ACPI: INT_SRC_OVR (bus 0 bus_irq 10 global_irq 10 high level)
[    0.046507] ACPI: INT_SRC_OVR (bus 0 bus_irq 11 global_irq 11 high level)
[    0.047661] ACPI: Using ACPI (MADT) for SMP configuration information
[    0.048776] ACPI: HPET id: 0x8086a201 base: 0xfed00000
[    0.049649] TSC deadline timer available
[    0.050365] CPU topo: Max. logical packages:   1
[    0.051148] CPU topo: Max. logical nodes:      1
[    0.051929] CPU topo: Num. nodes per package:  1
[    0.052744] CPU topo: Max. logical dies:       1
[    0.053527] CPU topo: Max. dies per package:   1
[    0.054392] CPU topo: Max. threads per core:   1
[    0.055177] CPU topo: Num. cores per package:     8
[    0.056022] CPU topo: Num. threads per package:   8
[    0.056865] CPU topo: Allowing 8 present CPUs plus 0 hotplug CPUs
[    0.057980] kvm-guest: APIC: eoi() replaced with kvm_guest_apic_eoi_write()
[    0.059265] kvm-guest: KVM setup pv remote TLB flush
[    0.060154] kvm-guest: setup PV sched yield
[    0.060881] PM: hibernation: Registered nosave memory: [mem 0x00000000-0x00000fff]
[    0.062237] PM: hibernation: Registered nosave memory: [mem 0x0009f000-0x000fffff]
[    0.063612] PM: hibernation: Registered nosave memory: [mem 0xbffe0000-0xffffffff]
[    0.064935] [gap 0xc0000000-0xfeffbfff] available for PCI devices
[    0.066205] Booting paravirtualized kernel on KVM
[    0.067434] clocksource: refined-jiffies: mask: 0xffffffff max_cycles: 0xffffffff, max_idle_ns: 1910969940391419 ns
[    0.075130] Zone ranges:
[    0.075587]   DMA      [mem 0x0000000000001000-0x0000000000ffffff]
[    0.076678]   DMA32    [mem 0x0000000001000000-0x00000000ffffffff]
[    0.077794]   Normal   [mem 0x0000000100000000-0x000000013fffffff]
[    0.078903] Movable zone start for each node
[    0.079717] Early memory node ranges
[    0.080342]   node   0: [mem 0x0000000000001000-0x000000000009efff]
[    0.081457]   node   0: [mem 0x0000000000100000-0x00000000bffdffff]
[    0.082597]   node   0: [mem 0x0000000100000000-0x000000013fffffff]
[    0.083735] Initmem setup node 0 [mem 0x0000000000001000-0x000000013fffffff]
[    0.084998] On node 0, zone DMA: 1 pages in unavailable ranges
[    0.086560] On node 0, zone DMA: 97 pages in unavailable ranges
[    0.213972] On node 0, zone Normal: 32 pages in unavailable ranges
[    0.215166] setup_percpu: NR_CPUS:128 nr_cpumask_bits:8 nr_cpu_ids:8 nr_node_ids:1
[    0.220653] percpu: Embedded 58 pages/cpu s199696 r8192 d29680 u262144
[    0.221813] pcpu-alloc: s199696 r8192 d29680 u262144 alloc=1*2097152
[    0.222937] pcpu-alloc: [0] 0 1 2 3 4 5 6 7 
[    0.223725] Kernel command line: virtme_hostname=virtme-ng nr_open=1048576 virtme_link_mods=/home/prozak/sources/heimdall_experiment/uml-harness/.build/bpf-next-x86/.virtme_mods/lib/modules/0.0.0 virtme_rw_overlay0=/tmp virtme_console=ttyS0 console=ttyS0 earlyprintk=serial,ttyS0,115200 panic=-1 virtme.exec=`bW91bnQgLXQgYnBmIGJwZmZzIC9zeXMvZnMvYnBmIDI+L2Rldi9udWxsOyAuL3Rlc3RfcHJvZ3MgLXQgJ2JwZl90Y3BfY2En` virtme_chdir=home/prozak/sources/heimdall_experiment/uml-harness/.build/selftests-output-qemu rootfstype=9p rootflags=version=9p2000.L,trans=virtio,access=any,msize=524288 raid=noautodetect rw debug init=/home/prozak/.local/share/vng-venv/lib/python3.12/site-packages/virtme/guest/bin/virtme-ng-init
[    0.234727] Unknown kernel command line parameters "virtme_hostname=virtme-ng nr_open=1048576 virtme_link_mods=/home/prozak/sources/heimdall_experiment/uml-harness/.build/bpf-next-x86/.virtme_mods/lib/modules/0.0.0 virtme_rw_overlay0=/tmp virtme_console=ttyS0 virtme_chdir=home/prozak/sources/heimdall_experiment/uml-harness/.build/selftests-output-qemu", will be passed to user space.
[    0.240793] random: crng init done
[    0.241398] printk: log buffer data + meta data: 2097152 + 7340032 = 9437184 bytes
[    0.250824] Dentry cache hash table entries: 524288 (order: 10, 4194304 bytes, linear)
[    0.256344] Inode-cache hash table entries: 262144 (order: 9, 2097152 bytes, linear)
[    0.257910] software IO TLB: area num 8.
[    0.392398] Fallback order for Node 0: 0 
[    0.392401] Built 1 zonelists, mobility grouping on.  Total pages: 1048446
[    0.394361] Policy zone: Normal
[    0.394917] mem auto-init: stack:all(zero), heap alloc:off, heap free:off
[    0.401096] SLUB: HWalign=64, Order=0-3, MinObjects=0, CPUs=8, Nodes=1
Poking KASLR using RDRAND RDTSC...
[    0.416773] ftrace: allocating 69757 entries in 274 pages
[    0.417746] ftrace: allocated 274 pages with 3 groups
[    0.419111] Dynamic Preempt: full
[    0.420017] Running RCU self tests
[    0.420609] Running RCU synchronous self tests
[    0.421408] rcu: Preemptible hierarchical RCU implementation.
[    0.422396] rcu: 	RCU event tracing is enabled.
[    0.423219] rcu: 	RCU lockdep checking is enabled.
[    0.424062] rcu: 	RCU restricting CPUs from NR_CPUS=128 to nr_cpu_ids=8.
[    0.425229] 	Trampoline variant of Tasks RCU enabled.
[    0.426115] 	Rude variant of Tasks RCU enabled.
[    0.426904] 	Tracing variant of Tasks RCU enabled.
[    0.427744] rcu: RCU calculated value of scheduler-enlistment delay is 100 jiffies.
[    0.429059] rcu: Adjusting geometry for rcu_fanout_leaf=16, nr_cpu_ids=8
[    0.430288] Running RCU synchronous self tests
[    0.431070] RCU Tasks: Setting shift to 3 and lim to 1 rcu_task_cb_adjust=1 rcu_task_cpu_ids=8.
[    0.432583] RCU Tasks Rude: Setting shift to 3 and lim to 1 rcu_task_cb_adjust=1 rcu_task_cpu_ids=8.
[    0.440127] NR_IRQS: 8448, nr_irqs: 488, preallocated irqs: 16
[    0.441526] rcu: srcu_init: Setting srcu_struct sizes based on contention.
[    0.442762] clocksource: jiffies: mask: 0xffffffff max_cycles: 0xffffffff, max_idle_ns: 1911260446275000 ns
[    0.444869] Console: colour *CGA 80x25
[    0.445604] printk: legacy console [ttyS0] enabled
[    0.445604] printk: legacy console [ttyS0] enabled
[    0.447299] printk: legacy bootconsole [earlyser0] disabled
[    0.447299] printk: legacy bootconsole [earlyser0] disabled
[    0.449290] Lock dependency validator: Copyright (c) 2006 Red Hat, Inc., Ingo Molnar
[    0.450668] ... MAX_LOCKDEP_SUBCLASSES:  8
[    0.451429] ... MAX_LOCK_DEPTH:          48
[    0.452190] ... MAX_LOCKDEP_KEYS:        8192
[    0.452963] ... CLASSHASH_SIZE:          4096
[    0.453760] ... MAX_LOCKDEP_ENTRIES:     32768
[    0.454598] ... MAX_LOCKDEP_CHAINS:      65536
[    0.455414] ... CHAINHASH_SIZE:          32768
[    0.456206]  memory used by lock dependency info: 6429 kB
[    0.457174]  memory used for stack traces: 4224 kB
[    0.458041]  per task-struct memory footprint: 1920 bytes
[    0.459120] ACPI: Core revision 20260408
[    0.460058] clocksource: hpet: mask: 0xffffffff max_cycles: 0xffffffff, max_idle_ns: 19112604467 ns
[    0.461890] APIC: Switch to symmetric I/O mode setup
[    0.463247] x2apic enabled
[    0.464287] APIC: Switched APIC routing to: physical x2apic
[    0.465376] kvm-guest: APIC: send_IPI_mask() replaced with kvm_send_ipi_mask()
[    0.466760] kvm-guest: APIC: send_IPI_mask_allbutself() replaced with kvm_send_ipi_mask_allbutself()
[    0.468550] kvm-guest: setup PV IPIs
[    0.471392] ..TIMER: vector=0x30 apic1=0 pin1=2 apic2=-1 pin2=-1
[    0.472579] clocksource: tsc-early: mask: 0xffffffffffffffff max_cycles: 0x31027285e94, max_idle_ns: 440795238296 ns
[    0.474555] Calibrating delay loop (skipped) preset value.. 6800.07 BogoMIPS (lpj=3400038)
[    0.476204] x86/cpu: User Mode Instruction Prevention (UMIP) activated
[    0.477860] Last level iTLB entries: 4KB 512, 2MB 255, 4MB 127
[    0.478552] Last level dTLB entries: 4KB 512, 2MB 255, 4MB 127, 1GB 0
[    0.479559] mitigations: Enabled attack vectors: user_kernel, user_user, SMT mitigations: auto
[    0.480552] Speculative Store Bypass: Mitigation: Speculative Store Bypass disabled via prctl
[    0.481552] Speculative Return Stack Overflow: IBPB-extending microcode not applied!
[    0.482552] Speculative Return Stack Overflow: WARNING: See https://kernel.org/doc/html/latest/admin-guide/hw-vuln/srso.html for mitigation options.
[    0.482553] Transient Scheduler Attacks: Vulnerable: No microcode
[    0.484552] Spectre V2 : Mitigation: Retpolines
[    0.485552] Speculative Return Stack Overflow: Vulnerable: Safe RET, no microcode
[    0.486553] Spectre V1 : Mitigation: usercopy/swapgs barriers and __user pointer sanitization
[    0.487552] Spectre V2 : Spectre v2 / SpectreRSB: Filling RSB on context switch and VMEXIT
[    0.488552] Spectre V2 : Enabling Restricted Speculation for firmware calls
[    0.489554] Spectre V2 : mitigation: Enabling conditional Indirect Branch Prediction Barrier
[    0.490553] active return thunk: srso_alias_return_thunk
[    0.491603] x86/fpu: Supporting XSAVE feature 0x001: 'x87 floating point registers'
[    0.492552] x86/fpu: Supporting XSAVE feature 0x002: 'SSE registers'
[    0.493552] x86/fpu: Supporting XSAVE feature 0x004: 'AVX registers'
[    0.494553] x86/fpu: xstate_offset[2]:  576, xstate_sizes[2]:  256
[    0.495552] x86/fpu: Enabled xstate features 0x7, context size is 832 bytes, using 'compacted' format.
[    0.530786] pid_max: default: 32768 minimum: 301
[    0.531758] SELinux:  Initializing.
[    0.533982] LSM support for eBPF active
[    0.534854] Mount-cache hash table entries: 8192 (order: 4, 65536 bytes, linear)
[    0.535674] Mountpoint-cache hash table entries: 8192 (order: 4, 65536 bytes, linear)
[    0.538564] VFS: Finished mounting rootfs on nullfs
[    0.540924] Running RCU synchronous self tests
[    0.541554] Running RCU synchronous self tests
[    0.543035] smpboot: CPU0: AMD Ryzen 9 5950X 16-Core Processor (family: 0x19, model: 0x21, stepping: 0x2)
[    0.545880] Performance Events: Fam17h+ core perfctr, AMD PMU driver.
[    0.546572] ... version:                   0
[    0.547472] ... bit width:                 48
[    0.547560] ... generic counters:          6
[    0.548560] ... generic bitmap:            000000000000003f
[    0.549561] ... fixed-purpose counters:    0
[    0.550534] ... fixed-purpose bitmap:      0000000000000000
[    0.550559] ... value mask:                0000ffffffffffff
[    0.551559] ... max period:                00007fffffffffff
[    0.552559] ... global_ctrl mask:          000000000000003f
[    0.553889] signal: max sigframe size: 1776
[    0.554725] rcu: Hierarchical SRCU implementation.
[    0.555560] rcu: 	Max phase no-delay instances is 400.
[    0.556865] Timer migration: 1 hierarchy levels; 8 children per group; 1 crossnode level
[    0.569548] smp: Bringing up secondary CPUs ...
[    0.572746] smpboot: x86: Booting SMP configuration:
[    0.573559] .... node  #0, CPUs:      #1 #2 #3 #4 #5 #6 #7
[    0.602935] smp: Brought up 1 node, 8 CPUs
[    0.604449] smpboot: Total of 8 processors activated (54400.60 BogoMIPS)
[    0.606301] Memory: 3963792K/4193784K available (25637K kernel code, 10348K rwdata, 18032K rodata, 4668K init, 13400K bss, 221936K reserved, 0K cma-reserved)
[    0.608559] devtmpfs: initialized
[    0.612774] Running RCU synchronous self tests
[    0.613579] Running RCU synchronous self tests
[    0.614672] Running RCU Tasks wait API self tests
[    0.615612] Running RCU Tasks Rude wait API self tests
[    0.616561] Running RCU Tasks Trace wait API self tests
[    0.617674] posixtimers hash table entries: 4096 (order: 7, 294912 bytes, linear)
[    0.619801] futex hash table entries: 2048 (262144 bytes on 1 NUMA nodes, total 256 KiB, linear).
[    0.621536] PM: RTC time: 22:52:58, date: 2026-08-02
[    0.622607] Callback from call_rcu_tasks_trace() invoked.
[    0.627720] NET: Registered PF_NETLINK/PF_ROUTE protocol family
[    0.629572] audit: initializing netlink subsys (disabled)
[    0.630681] audit: type=2000 audit(1785711179.009:1): state=initialized audit_enabled=0 res=1
[    0.655805] thermal_sys: Registered thermal governor 'step_wise'
[    0.655877] cpuidle: using governor ladder
[    0.657575] cpuidle: using governor menu
[    0.659771] Freeing SMP alternatives memory: 68K
[    0.661428] PCI: Using configuration type 1 for base access
[    0.661560] PCI: Using configuration type 1 for extended access
[    0.662721] kprobes: kprobe jump-optimization is enabled. All kprobes are optimized if possible.
[    0.664677] HugeTLB: registered 1.00 GiB page size, pre-allocated 0 pages
[    0.665560] HugeTLB: 16380 KiB vmemmap can be freed for a 1.00 GiB page
[    0.666560] HugeTLB: registered 2.00 MiB page size, pre-allocated 0 pages
[    0.667560] HugeTLB: 28 KiB vmemmap can be freed for a 2.00 MiB page
[    0.673695] ACPI: Added _OSI(Module Device)
[    0.674559] ACPI: Added _OSI(Processor Device)
[    0.675550] ACPI: Added _OSI(Processor Aggregator Device)
[    0.680258] ACPI: 1 ACPI AML tables successfully acquired and loaded
[    0.683603] ACPI: \_SB_: platform _OSC: OS support mask [002a7eee]
[    0.685279] ACPI: Interpreter enabled
[    0.685625] ACPI: PM: (supports S0 S3 S4 S5)
[    0.686575] ACPI: Using IOAPIC for interrupt routing
[    0.687612] PCI: Using host bridge windows from ACPI; if necessary, use "pci=nocrs" and report a bug
[    0.688560] PCI: Using E820 reservations for host bridge windows
[    0.689935] ACPI: Enabled 2 GPEs in block 00 to 0F
[    0.706378] ACPI: PCI Root Bridge [PCI0] (domain 0000 [bus 00-ff])
[    0.706566] acpi PNP0A03:00: _OSC: OS supports [ExtendedConfig ASPM ClockPM Segments MSI HPX-Type3]
[    0.707571] acpi PNP0A03:00: _OSC: OS requested [PME PCIeCapability LTR]
[    0.708562] acpi PNP0A03:00: _OSC: platform willing to grant [PME PCIeCapability LTR]
[    0.709559] acpi PNP0A03:00: _OSC: platform retains control of PCIe features (AE_ERROR)
[    0.711346] PCI host bridge to bus 0000:00
[    0.711570] pci_bus 0000:00: root bus resource [io  0x0000-0x0cf7 window]
[    0.712561] pci_bus 0000:00: root bus resource [io  0x0d00-0xffff window]
[    0.713561] pci_bus 0000:00: root bus resource [mem 0x000a0000-0x000bffff window]
[    0.714560] pci_bus 0000:00: root bus resource [mem 0xc0000000-0xfebfffff window]
[    0.715561] pci_bus 0000:00: root bus resource [mem 0x380000000000-0x38007fffffff window]
[    0.716562] pci_bus 0000:00: root bus resource [bus 00-ff]
[    0.717999] pci 0000:00:00.0: [8086:1237] type 00 class 0x060000 conventional PCI endpoint
[    0.720156] pci 0000:00:01.0: [8086:7000] type 00 class 0x060100 conventional PCI endpoint
[    0.721958] pci 0000:00:01.1: [8086:7010] type 00 class 0x010180 conventional PCI endpoint
[    0.723360] pci 0000:00:01.1: BAR 4 [io  0xc1c0-0xc1cf]
[    0.723690] pci 0000:00:01.1: BAR 0 [io  0x01f0-0x01f7]: legacy IDE quirk
[    0.724560] pci 0000:00:01.1: BAR 1 [io  0x03f6]: legacy IDE quirk
[    0.725559] pci 0000:00:01.1: BAR 2 [io  0x0170-0x0177]: legacy IDE quirk
[    0.726559] pci 0000:00:01.1: BAR 3 [io  0x0376]: legacy IDE quirk
[    0.728277] pci 0000:00:01.3: [8086:7113] type 00 class 0x068000 conventional PCI endpoint
[    0.729307] pci 0000:00:01.3: quirk: [io  0x0600-0x063f] claimed by PIIX4 ACPI
[    0.729577] pci 0000:00:01.3: quirk: [io  0x0700-0x070f] claimed by PIIX4 SMB
[    0.731597] pci 0000:00:02.0: [1af4:1009] type 00 class 0x000200 conventional PCI endpoint
[    0.734182] pci 0000:00:02.0: BAR 0 [io  0xc000-0xc03f]
[    0.734577] pci 0000:00:02.0: BAR 1 [mem 0xfebf8000-0xfebf8fff]
[    0.735621] pci 0000:00:02.0: BAR 4 [mem 0x380000000000-0x380000003fff 64bit pref]
[    0.739687] pci 0000:00:03.0: [8086:25ab] type 00 class 0x088000 conventional PCI endpoint
[    0.741497] pci 0000:00:03.0: BAR 0 [mem 0xfebf9000-0xfebf900f]
[    0.744199] pci 0000:00:04.0: [1af4:1003] type 00 class 0x078000 conventional PCI endpoint
[    0.746020] pci 0000:00:04.0: BAR 0 [io  0xc040-0xc07f]
[    0.746577] pci 0000:00:04.0: BAR 1 [mem 0xfebfa000-0xfebfafff]
[    0.747621] pci 0000:00:04.0: BAR 4 [mem 0x380000004000-0x380000007fff 64bit pref]
[    0.751880] pci 0000:00:05.0: [1af4:1003] type 00 class 0x078000 conventional PCI endpoint
[    0.753577] pci 0000:00:05.0: BAR 0 [io  0xc080-0xc0bf]
[    0.754577] pci 0000:00:05.0: BAR 1 [mem 0xfebfb000-0xfebfbfff]
[    0.755621] pci 0000:00:05.0: BAR 4 [mem 0x380000008000-0x38000000bfff 64bit pref]
[    0.759898] pci 0000:00:06.0: [1af4:1003] type 00 class 0x078000 conventional PCI endpoint
[    0.761577] pci 0000:00:06.0: BAR 0 [io  0xc0c0-0xc0ff]
[    0.762576] pci 0000:00:06.0: BAR 1 [mem 0xfebfc000-0xfebfcfff]
[    0.763621] pci 0000:00:06.0: BAR 4 [mem 0x38000000c000-0x38000000ffff 64bit pref]
[    0.767904] pci 0000:00:07.0: [1af4:1003] type 00 class 0x078000 conventional PCI endpoint
[    0.769578] pci 0000:00:07.0: BAR 0 [io  0xc100-0xc13f]
[    0.770577] pci 0000:00:07.0: BAR 1 [mem 0xfebfd000-0xfebfdfff]
[    0.771619] pci 0000:00:07.0: BAR 4 [mem 0x380000010000-0x380000013fff 64bit pref]
[    0.775843] pci 0000:00:08.0: [1af4:1003] type 00 class 0x078000 conventional PCI endpoint
[    0.777479] pci 0000:00:08.0: BAR 0 [io  0xc140-0xc17f]
[    0.777577] pci 0000:00:08.0: BAR 1 [mem 0xfebfe000-0xfebfefff]
[    0.778618] pci 0000:00:08.0: BAR 4 [mem 0x380000014000-0x380000017fff 64bit pref]
[    0.782840] pci 0000:00:09.0: [1af4:1003] type 00 class 0x078000 conventional PCI endpoint
[    0.784578] pci 0000:00:09.0: BAR 0 [io  0xc180-0xc1bf]
[    0.785574] pci 0000:00:09.0: BAR 1 [mem 0xfebff000-0xfebfffff]
[    0.786623] pci 0000:00:09.0: BAR 4 [mem 0x380000018000-0x38000001bfff 64bit pref]
[    0.796004] ACPI: PCI: Interrupt link LNKA configured for IRQ 10
[    0.796838] ACPI: PCI: Interrupt link LNKB configured for IRQ 10
[    0.797807] ACPI: PCI: Interrupt link LNKC configured for IRQ 11
[    0.798825] ACPI: PCI: Interrupt link LNKD configured for IRQ 11
[    0.799688] ACPI: PCI: Interrupt link LNKS configured for IRQ 9
[    0.802583] iommu: Default domain type: Translated
[    0.803559] iommu: DMA domain TLB invalidation policy: lazy mode
[    0.806034] SCSI subsystem initialized
[    0.806693] libata version 3.00 loaded.
[    0.807731] ACPI: bus type USB registered
[    0.808757] usbcore: registered new interface driver usbfs
[    0.809634] usbcore: registered new interface driver hub
[    0.810599] usbcore: registered new device driver usb
[    0.811750] pps_core: LinuxPPS API ver. 1 registered
[    0.812559] pps_core: Software ver. 5.3.6 - Copyright 2005-2007 Rodolfo Giometti <giometti@linux.it>
[    0.813586] PTP clock support registered
[    0.815124] Advanced Linux Sound Architecture Driver Initialized.
[    0.816854] NetLabel: Initializing
[    0.817559] NetLabel:  domain hash size = 128
[    0.818531] NetLabel:  protocols = UNLABELED CIPSOv4 CALIPSO
[    0.818610] NetLabel:  unlabeled traffic allowed by default
[    0.819944] PCI: Using ACPI for IRQ routing
[    0.820562] PCI: pci_cache_line_size set to 64 bytes
[    0.821920] e820: register RAM buffer resource [mem 0x0009fc00-0x0009ffff]
[    0.822560] e820: register RAM buffer resource [mem 0xbffe0000-0xbfffffff]
[    0.823706] vgaarb: loaded
[    0.824560] hpet0: at MMIO 0xfed00000, IRQs 2, 8, 0
[    0.825558] hpet0: 3 comparators, 64-bit 100.000000 MHz counter
[    0.827559] Callback from call_rcu_tasks() invoked.
[    0.829456] clocksource: Switched to clocksource kvm-clock
[    0.831210] VFS: Disk quotas dquot_6.6.0
[    0.832166] VFS: Dquot-cache hash table entries: 512 (4096 bytes)
[    0.834723] pnp: PnP ACPI init
[    0.836091] pnp 00:02: [dma 2]
[    0.837738] pnp: PnP ACPI: found 4 devices
[    0.856270] clocksource: acpi_pm: mask: 0xffffff max_cycles: 0xffffff, max_idle_ns: 2085701024 ns
[    0.858571] NET: Registered PF_INET protocol family
[    0.861032] IP idents hash table entries: 65536 (order: 7, 524288 bytes, linear)
[    0.865299] tcp_listen_portaddr_hash hash table entries: 2048 (order: 6, 147456 bytes, linear)
[    0.867609] Table-perturb hash table entries: 65536 (order: 6, 262144 bytes, linear)
[    0.869330] TCP established hash table entries: 32768 (order: 6, 262144 bytes, linear)
[    0.871609] TCP bind hash table entries: 32768 (order: 11, 4718592 bytes, vmalloc hugepage)
[    0.884011] TCP: Hash tables configured (established 32768 bind 32768)
[    0.887005] MPTCP token hash table entries: 4096 (order: 7, 360448 bytes, linear)
[    0.888745] UDP hash table entries: 2048 (order: 7, 524288 bytes, linear)
[    0.891488] NET: Registered PF_UNIX/PF_LOCAL protocol family
[    0.893680] RPC: Registered named UNIX socket transport module.
[    0.895061] RPC: Registered udp transport module.
[    0.896132] RPC: Registered tcp transport module.
[    0.897231] RPC: Registered tcp-with-tls transport module.
[    0.898403] RPC: Registered tcp NFSv4.1 backchannel transport module.
[    0.900632] NET: Registered PF_XDP protocol family
[    0.901930] pci_bus 0000:00: resource 4 [io  0x0000-0x0cf7 window]
[    0.903333] pci_bus 0000:00: resource 5 [io  0x0d00-0xffff window]
[    0.904666] pci_bus 0000:00: resource 6 [mem 0x000a0000-0x000bffff window]
[    0.906148] pci_bus 0000:00: resource 7 [mem 0xc0000000-0xfebfffff window]
[    0.907661] pci_bus 0000:00: resource 8 [mem 0x380000000000-0x38007fffffff window]
[    0.909378] pci 0000:00:01.0: PIIX3: Enabling Passive Release
[    0.910635] pci 0000:00:00.0: Limiting direct PCI/PCI transfers
[    0.912070] PCI: CLS 0 bytes, default 64
[    0.913064] PCI-DMA: Using software bounce buffering for IO (SWIOTLB)
[    0.914448] software IO TLB: mapped [mem 0x00000000bbfe0000-0x00000000bffe0000] (64MB)
[    0.917612] clocksource: tsc: mask: 0xffffffffffffffff max_cycles: 0x31027285e94, max_idle_ns: 440795238296 ns
[    0.928921] Initialise system trusted keyrings
[    0.930320] workingset: timestamp_bits=40 (anon: 35) max_order=20 bucket_order=0 (anon: 0)
[    0.933453] squashfs: version 4.0 (2009/01/31) Phillip Lougher
[    0.935605] NFS: Registering the id_resolver key type
[    0.936845] Key type id_resolver registered
[    0.937771] Key type id_legacy registered
[    0.938654] nfs4filelayout_init: NFSv4 File Layout Driver Registering...
[    0.940084] nfs4flexfilelayout_init: NFSv4 Flexfile Layout Driver Registering...
[    0.941987] fuse: init (API version 7.45)
[    0.943159] 9p: Installing v9fs 9p2000 file system support
[    0.946157] NET: Registered PF_ALG protocol family
[    0.947223] Key type asymmetric registered
[    0.948126] Asymmetric key parser 'x509' registered
[    0.949288] Block layer SCSI generic (bsg) driver version 0.4 loaded (major 248)
[    0.951686] io scheduler mq-deadline registered
[    0.952671] io scheduler kyber registered
[    0.955214] input: Power Button as /devices/platform/LNXPWRBN:00/input/input0
[    0.957163] ACPI: button: Power Button [PWRF]
[    1.083874] ACPI: \_SB_.LNKB: Enabled at IRQ 10
[    1.208668] ACPI: \_SB_.LNKD: Enabled at IRQ 11
[    1.333599] ACPI: \_SB_.LNKA: Enabled at IRQ 10
[    1.483420] kwatchdog (99) used greatest stack depth: 14776 bytes left
[    1.582423] ACPI: \_SB_.LNKC: Enabled at IRQ 11
[    1.831287] Serial: 8250/16550 driver, 4 ports, IRQ sharing enabled
[    1.833737] 00:03: ttyS0 at I/O 0x3f8 (irq = 4, base_baud = 115200) is a 16550A
[    1.975547] Non-volatile memory driver v1.3
[    1.977351] ACPI: bus type drm_connector registered
[    1.999151] brd: module loaded
[    2.012826] loop: module loaded
[    2.018310] scsi host0: ata_piix
[    2.020287] scsi host1: ata_piix
[    2.021398] ata1: PATA max MWDMA2 cmd 0x1f0 ctl 0x3f6 bmdma 0xc1c0 irq 14 lpm-pol 0
[    2.023398] ata2: PATA max MWDMA2 cmd 0x170 ctl 0x376 bmdma 0xc1c8 irq 15 lpm-pol 0
[    2.029584] tun: Universal TUN/TAP device driver, 1.6
[    2.031299] e100: Intel(R) PRO/100 Network Driver
[    2.032374] e100: Copyright(c) 1999-2006 Intel Corporation
[    2.033651] e1000: Intel(R) PRO/1000 Network Driver
[    2.034757] e1000: Copyright (c) 1999-2006 Intel Corporation.
[    2.036176] e1000e: Intel(R) PRO/1000 Network Driver
[    2.037274] e1000e: Copyright(c) 1999 - 2015 Intel Corporation.
[    2.038638] sky2: driver version 1.30
[    2.040704] usbcore: registered new interface driver usblp
[    2.042018] usbcore: registered new interface driver usb-storage
[    2.043466] i8042: PNP: PS/2 Controller [PNP0303:KBD,PNP0f13:MOU] at 0x60,0x64 irq 1,12
[    2.046624] serio: i8042 KBD port at 0x60,0x64 irq 1
[    2.048201] serio: i8042 AUX port at 0x60,0x64 irq 12
[    2.050421] rtc_cmos PNP0B00:00: RTC can wake from S4
[    2.053634] input: AT Translated Set 2 keyboard as /devices/platform/i8042/serio0/input/input1
[    2.056756] rtc_cmos PNP0B00:00: registered as rtc0
[    2.058245] rtc_cmos PNP0B00:00: alarms up to one day, y3k, 242 bytes nvram, hpet irqs
[    2.060541] Registered IR keymap rc-empty
[    2.061762] rc rc0: rc-core loopback device as /devices/virtual/rc/rc0
[    2.063528] rc rc0: lirc_dev: driver rc-loopback registered at minor = 0, raw IR receiver, raw IR transmitter
[    2.066010] input: rc-core loopback device as /devices/virtual/rc/rc0/input4
[    2.068811] intel_powerclamp: CPU does not support MWAIT
[    2.070052] device-mapper: core: CONFIG_IMA_DISABLE_HTABLE is disabled. Duplicate IMA measurements will not be recorded in the IMA log.
[    2.073187] device-mapper: ioctl: 4.50.0-ioctl (2025-04-28) initialised: dm-devel@lists.linux.dev
[    2.075523] amd_pstate: the _CPC object is not present in SBIOS or ACPI disabled
[    2.078351] hid: raw HID events driver (C) Jiri Kosina
[    2.081914] usbcore: registered new interface driver usbhid
[    2.083144] usbhid: USB HID core driver
[    2.085138] GACT probability NOT on
[    2.085991] Mirror/redirect action on
[    2.088396] nf_conntrack_irc: The irc conntrack helper is scheduled for removal.
[    2.088396] Please contact the netfilter-devel mailing list if you still need this.
[    2.093552] ipip: IPv4 and MPLS over IPv4 tunneling driver
[    2.095556] gre: GRE over IPv4 demultiplexer driver
[    2.096638] ip_gre: GRE over IPv4 tunneling driver
[    2.100291] Initializing XFRM netlink socket
[    2.101586] IPsec XFRM device driver
[    2.102605] NET: Registered PF_INET6 protocol family
[    2.106019] Segment Routing with IPv6
[    2.106897] In-situ OAM (IOAM) with IPv6
[    2.107847] mip6: Mobile IPv6
[    2.108529] sit: IPv6, IPv4 and MPLS over IPv4 tunneling driver
[    2.111349] ip6_gre: GRE over IPv6 tunneling driver
[    2.113204] NET: Registered PF_PACKET protocol family
[    2.114405] RPC: Registered rdma transport module.
[    2.115461] RPC: Registered rdma backchannel transport module.
[    2.117204] 8021q: 802.1Q VLAN Support v1.8
[    2.119089] smc: adding smcd device lo without pnetid
[    2.120511] NET: Registered PF_SMC protocol family
[    2.122233] 9pnet: Installing 9P2000 support
[    2.124904] Key type dns_resolver registered
[    2.126076] NET: Registered PF_VSOCK protocol family
[    2.127266] mpls_gso: MPLS GSO support
[    2.131690] IPI shorthand broadcast: enabled
[    2.176607] sched_clock: Marking stable (2152022197, 23788126)->(2274941685, -99131362)
[    2.178848] ata2: found unknown device (class 0)
[    2.181683] ata2.00: ATAPI: QEMU DVD-ROM, 2.5+, max UDMA/100
[    2.183121] registered taskstats version 1
[    2.186382] scsi 1:0:0:0: CD-ROM            QEMU     QEMU DVD-ROM     2.5+ PQ: 0 ANSI: 5
[    2.201284] Loading compiled-in X.509 certificates
[    2.203051] kworker/u32:1 (119) used greatest stack depth: 13152 bytes left
[    2.204388] Loaded X.509 cert 'Build time autogenerated kernel key: c4531344b9a9c1a4731230d977a262ba29ba5272'
[    2.208608] sr 1:0:0:0: [sr0] scsi3-mmc drive: 4x/4x cd/rw xa/form2 tray
[    2.231688] cdrom: Uniform CD-ROM driver Revision: 3.20
[    2.242245] sr 1:0:0:0: Attached scsi CD-ROM sr0
[    2.244240] sr 1:0:0:0: Attached scsi generic sg0 type 5
[    2.245599] Demotion targets for Node 0: null
[    2.247450] ima: No TPM chip found, activating TPM-bypass!
[    2.248667] ima: Allocated hash algorithm: sha1
[    2.249819] ima: No architecture policies found
[    2.251927] PM:   Magic number: 6:835:905
[    2.252939] netconsole: network logging started
[    2.254645] cfg80211: Loading compiled-in X.509 certificates for regulatory database
[    2.257524] Loaded X.509 cert 'sforshee: 00b28ddf47aef9cea7'
[    2.258906] Loaded X.509 cert 'wens: 61c038651aabdcf94bd0ac7ff06c7248db18c600'
[    2.260710] faux_driver regulatory: Direct firmware load for regulatory.db failed with error -2
[    2.262662] cfg80211: failed to load regulatory.db
[    2.262758] ALSA device list:
[    2.264626]   No soundcards found.
[    2.492477] input: ImExPS/2 Generic Explorer Mouse as /devices/platform/i8042/serio1/input/input3
[    2.494326] md: Skipping autodetection of RAID arrays. (raid=autodetect will force)
[    2.495649] 9p: Bad value for 'source'
[    2.496292] 9pnet: Limiting 'msize' to 512000 as this is the maximum supported by transport virtio
[    2.499577] VFS: Mounted root (9p filesystem) on device 0:22.
[    2.501352] devtmpfs: mounted
[    2.502014] VFS: Pivoted into new rootfs
[    2.507230] Freeing unused kernel image (initmem) memory: 4668K
[    2.508137] Write protecting the kernel read-only data: 45056k
[    2.510217] Freeing unused kernel image (text/rodata gap) memory: 984K
[    2.511585] Freeing unused kernel image (rodata/data gap) memory: 400K
[    2.548819] x86/mm: Checked W+X mappings: passed, no W+X pages found.
[    2.549703] Run /home/prozak/.local/share/vng-venv/lib/python3.12/site-packages/virtme/guest/bin/virtme-ng-init as init process
[    2.551213]   with arguments:
[    2.551628]     /home/prozak/.local/share/vng-venv/lib/python3.12/site-packages/virtme/guest/bin/virtme-ng-init
[    2.552992]   with environment:
[    2.553427]     HOME=/
[    2.553760]     TERM=linux
[    2.554179]     virtme_hostname=virtme-ng
[    2.554717]     nr_open=1048576
[    2.555172]     virtme_link_mods=/home/prozak/sources/heimdall_experiment/uml-harness/.build/bpf-next-x86/.virtme_mods/lib/modules/0.0.0
[    2.556815]     virtme_rw_overlay0=/tmp
[    2.557339]     virtme_console=ttyS0
[    2.557886]     virtme_chdir=home/prozak/sources/heimdall_experiment/uml-harness/.build/selftests-output-qemu
[    2.642897] virtme-ng-init: mount devtmpfs -> /dev: EBUSY: Device or resource busy
[    2.644685] virtme-ng-init: Setting hostname to virtme-ng...
[    2.685171] virtme-ng-init: running systemd-tmpfiles
[    3.981692] systemd-tmpfile (127) used greatest stack depth: 12504 bytes left
[    3.981872] virtme-ng-init: basic initialization done
[    3.998293] virtme-ng-init: error creating file: Permission denied (os error 13)
[    4.084890] ip (133) used greatest stack depth: 11848 bytes left
[    4.197572] virtme-ng-init: Starting systemd-udevd version 255.4-1ubuntu8.16
[    4.199673] virtme-ng-init: triggering udev coldplug
[    7.213874] virtme-ng-init: waiting for udev to settle
[    7.988087] virtme-ng-init: udev is done
[    7.992606] virtme-ng-init: starting script
[    8.278733] bpf_testmod: loading out-of-tree module taints kernel.
[    8.279663] bpf_testmod: module verification failed: signature and/or required key missing - tainting kernel
[    8.580279] TCP: bpf_incompl_ops does not implement required ops
[    8.717528] TCP: tcp_ca_wrong not registered or non-unique key
[    9.083731] smc: removing smcd device lo
[    9.151368] ACPI: PM: Preparing to enter system sleep state S5
[    9.152565] reboot: Power down
