#23/1    bpf_iter/btf_id_or_null:OK
#23/2    bpf_iter/ipv6_route:OK
#23/3    bpf_iter/netlink:OK
#23/4    bpf_iter/bpf_map:OK
#23/5    bpf_iter/task_tid:OK
#23/6    bpf_iter/task_pid:OK
#23/7    bpf_iter/task_pidfd:OK
#23/8    bpf_iter/task_sleepable:OK
#23/9    bpf_iter/task_stack:OK
#23/10   bpf_iter/task_file:OK
#23/11   bpf_iter/task_vma:OK
#23/12   bpf_iter/task_vma_dead_task:OK
#23/13   bpf_iter/task_btf:OK
#23/14   bpf_iter/tcp4:OK
#23/15   bpf_iter/tcp6:OK
#23/16   bpf_iter/udp4:OK
#23/17   bpf_iter/udp6:OK
#23/18   bpf_iter/unix:OK
#23/19   bpf_iter/anon:OK
#23/20   bpf_iter/anon-read-one-char:OK
#23/21   bpf_iter/file:OK
#23/22   bpf_iter/overflow:OK
#23/23   bpf_iter/overflow-e2big:OK
#23/24   bpf_iter/prog-ret-1:OK
#23/25   bpf_iter/bpf_hash_map:OK
#23/26   bpf_iter/bpf_percpu_hash_map:OK
#23/27   bpf_iter/bpf_array_map:OK
#23/28   bpf_iter/bpf_array_map_iter_fd:OK
#23/29   bpf_iter/bpf_percpu_array_map:OK
#23/30   bpf_iter/bpf_sk_storage_map:OK
#23/31   bpf_iter/bpf_sk_storage_map_iter_fd:OK
#23/32   bpf_iter/bpf_sk_storage_delete:OK
#23/33   bpf_iter/bpf_sk_storage_get:OK
#23/34   bpf_iter/rdonly-buf-out-of-bound:OK
#23/35   bpf_iter/buf-neg-offset:OK
#23/36   bpf_iter/link-iter:OK
#23/37   bpf_iter/ksym:OK
#23/38   bpf_iter/bpf_sockmap_map_iter_fd:OK
#23/39   bpf_iter/vma_offset:OK
#23      bpf_iter:OK
#24      bpf_iter_setsockopt:OK
#25      bpf_iter_setsockopt_unix:OK
Summary: 3/39 PASSED, 0 SKIPPED, 0 FAILED
.000000] x86 CPU feature dependency check failure: CPU0 has '18*32+31' enabled but '18*32+26' disabled. Kernel might be fine, but no guarantees.
[    0.000000] BIOS-provided physical RAM map:
[    0.000000] BIOS-e820: [mem 0x0000000000000000-0x000000000009fbff]  System RAM
[    0.000000] BIOS-e820: [mem 0x000000000009fc00-0x000000000009ffff]  device reserved
[    0.000000] BIOS-e820: [gap 0x00000000000a0000-0x00000000000effff]
[    0.000000] BIOS-e820: [mem 0x00000000000f0000-0x00000000000fffff]  device reserved
[    0.000000] BIOS-e820: [mem 0x0000000000100000-0x00000000bffdffff]  System RAM
[    0.000000] BIOS-e820: [mem 0x00000000bffe0000-0x00000000bfffffff]  device reserved
[    0.000000] BIOS-e820: [gap 0x00000000c0000000-0x00000000feffbfff]
[    0.000000] BIOS-e820: [mem 0x00000000feffc000-0x00000000feffffff]  device reserved
[    0.000000] BIOS-e820: [gap 0x00000000ff000000-0x00000000fffbffff]
[    0.000000] BIOS-e820: [mem 0x00000000fffc0000-0x00000000ffffffff]  device reserved
[    0.000000] BIOS-e820: [mem 0x0000000100000000-0x000000013fffffff]  System RAM
[    0.000000] BIOS-e820: [gap 0x0000000140000000-0x000000fcffffffff]
[    0.000000] BIOS-e820: [mem 0x000000fd00000000-0x000000ffffffffff]  device reserved
[    0.000000] printk: legacy bootconsole [earlyser0] enabled
[    0.000000] NX (Execute Disable) protection: active
[    0.000000] APIC: Static calls initialized
[    0.000000] DMI: SMBIOS 3.0.0 present.
[    0.000000] DMI: QEMU Ubuntu 24.04 PC v2 (i440FX + PIIX, arch_caps fix, 1996), BIOS 1.16.3-debian-1.16.3-2 04/01/2014
[    0.000000] DMI: Memory slots populated: 1/1
[    0.000000] Hypervisor detected: KVM
[    0.000000] last_pfn = 0xbffe0 max_arch_pfn = 0x400000000
[    0.000000] kvm-clock: Using msrs 4b564d01 and 4b564d00
[    0.000001] kvm-clock: using sched offset of 450433935 cycles
[    0.000914] clocksource: kvm-clock: mask: 0xffffffffffffffff max_cycles: 0x1cd42e4dffb, max_idle_ns: 881590591483 ns
[    0.003747] tsc: Detected 3400.038 MHz processor
[    0.004912] e820: update [mem 0x00000000-0x00000fff] System RAM ==> device reserved
[    0.006260] e820: remove [mem 0x000a0000-0x000fffff] System RAM
[    0.007279] last_pfn = 0x140000 max_arch_pfn = 0x400000000
[    0.008349] MTRR map: 4 entries (3 fixed + 1 variable; max 19), built from 8 variable MTRRs
[    0.009783] x86/PAT: Configuration [0-7]: WB  WC  UC- UC  WB  WP  UC- WT  
Memory KASLR using RDRAND RDTSC...
[    0.011665] last_pfn = 0xbffe0 max_arch_pfn = 0x400000000
[    0.013812] found SMP MP-table at [mem 0x000f5450-0x000f545f]
[    0.014842] Using GB pages for direct mapping
[    0.015713] ACPI: Early table checksum verification disabled
[    0.016792] ACPI: RSDP 0x00000000000F5240 000014 (v00 BOCHS )
[    0.017810] ACPI: RSDT 0x00000000BFFE1F16 000034 (v01 BOCHS  BXPC     00000001 BXPC 00000001)
[    0.019337] ACPI: FACP 0x00000000BFFE1D92 000074 (v01 BOCHS  BXPC     00000001 BXPC 00000001)
[    0.021102] ACPI: DSDT 0x00000000BFFE0040 001D52 (v01 BOCHS  BXPC     00000001 BXPC 00000001)
[    0.022815] ACPI: FACS 0x00000000BFFE0000 000040
[    0.023652] ACPI: APIC 0x00000000BFFE1E06 0000B0 (v03 BOCHS  BXPC     00000001 BXPC 00000001)
[    0.025215] ACPI: HPET 0x00000000BFFE1EB6 000038 (v01 BOCHS  BXPC     00000001 BXPC 00000001)
[    0.026738] ACPI: WAET 0x00000000BFFE1EEE 000028 (v01 BOCHS  BXPC     00000001 BXPC 00000001)
[    0.028297] ACPI: Reserving FACP table memory at [mem 0xbffe1d92-0xbffe1e05]
[    0.029549] ACPI: Reserving DSDT table memory at [mem 0xbffe0040-0xbffe1d91]
[    0.030795] ACPI: Reserving FACS table memory at [mem 0xbffe0000-0xbffe003f]
[    0.032012] ACPI: Reserving APIC table memory at [mem 0xbffe1e06-0xbffe1eb5]
[    0.033258] ACPI: Reserving HPET table memory at [mem 0xbffe1eb6-0xbffe1eed]
[    0.034512] ACPI: Reserving WAET table memory at [mem 0xbffe1eee-0xbffe1f15]
[    0.036168] No NUMA configuration found
[    0.036830] Faking a node at [mem 0x0000000000000000-0x000000013fffffff]
[    0.037976] NODE_DATA(0) allocated [mem 0x13fff9c80-0x13fffdfff]
[    0.039831] ACPI: PM-Timer IO Port: 0x608
[    0.040563] ACPI: LAPIC_NMI (acpi_id[0xff] dfl dfl lint[0x1])
[    0.041593] IOAPIC[0]: apic_id 0, version 17, address 0xfec00000, GSI 0-23
[    0.042791] ACPI: INT_SRC_OVR (bus 0 bus_irq 0 global_irq 2 dfl dfl)
[    0.043890] ACPI: INT_SRC_OVR (bus 0 bus_irq 5 global_irq 5 high level)
[    0.045053] ACPI: INT_SRC_OVR (bus 0 bus_irq 9 global_irq 9 high level)
[    0.046200] ACPI: INT_SRC_OVR (bus 0 bus_irq 10 global_irq 10 high level)
[    0.047359] ACPI: INT_SRC_OVR (bus 0 bus_irq 11 global_irq 11 high level)
[    0.048582] ACPI: Using ACPI (MADT) for SMP configuration information
[    0.049699] ACPI: HPET id: 0x8086a201 base: 0xfed00000
[    0.050645] TSC deadline timer available
[    0.051330] CPU topo: Max. logical packages:   1
[    0.052171] CPU topo: Max. logical nodes:      1
[    0.052974] CPU topo: Num. nodes per package:  1
[    0.053788] CPU topo: Max. logical dies:       1
[    0.054574] CPU topo: Max. dies per package:   1
[    0.055361] CPU topo: Max. threads per core:   1
[    0.056201] CPU topo: Num. cores per package:     8
[    0.057032] CPU topo: Num. threads per package:   8
[    0.057895] CPU topo: Allowing 8 present CPUs plus 0 hotplug CPUs
[    0.058953] kvm-guest: APIC: eoi() replaced with kvm_guest_apic_eoi_write()
[    0.060210] kvm-guest: KVM setup pv remote TLB flush
[    0.061087] kvm-guest: setup PV sched yield
[    0.061806] PM: hibernation: Registered nosave memory: [mem 0x00000000-0x00000fff]
[    0.063129] PM: hibernation: Registered nosave memory: [mem 0x0009f000-0x000fffff]
[    0.064438] PM: hibernation: Registered nosave memory: [mem 0xbffe0000-0xffffffff]
[    0.065794] [gap 0xc0000000-0xfeffbfff] available for PCI devices
[    0.066846] Booting paravirtualized kernel on KVM
[    0.067665] clocksource: refined-jiffies: mask: 0xffffffff max_cycles: 0xffffffff, max_idle_ns: 1910969940391419 ns
[    0.073972] Zone ranges:
[    0.074414]   DMA      [mem 0x0000000000001000-0x0000000000ffffff]
[    0.075487]   DMA32    [mem 0x0000000001000000-0x00000000ffffffff]
[    0.076572]   Normal   [mem 0x0000000100000000-0x000000013fffffff]
[    0.077625] Movable zone start for each node
[    0.078351] Early memory node ranges
[    0.079012]   node   0: [mem 0x0000000000001000-0x000000000009efff]
[    0.080094]   node   0: [mem 0x0000000000100000-0x00000000bffdffff]
[    0.081186]   node   0: [mem 0x0000000100000000-0x000000013fffffff]
[    0.082255] Initmem setup node 0 [mem 0x0000000000001000-0x000000013fffffff]
[    0.083519] On node 0, zone DMA: 1 pages in unavailable ranges
[    0.084929] On node 0, zone DMA: 97 pages in unavailable ranges
[    0.195492] On node 0, zone Normal: 32 pages in unavailable ranges
[    0.196615] setup_percpu: NR_CPUS:128 nr_cpumask_bits:8 nr_cpu_ids:8 nr_node_ids:1
[    0.201998] percpu: Embedded 58 pages/cpu s199696 r8192 d29680 u262144
[    0.203143] pcpu-alloc: s199696 r8192 d29680 u262144 alloc=1*2097152
[    0.204256] pcpu-alloc: [0] 0 1 2 3 4 5 6 7 
[    0.205059] Kernel command line: virtme_hostname=virtme-ng nr_open=1048576 virtme_link_mods=/home/prozak/sources/heimdall_experiment/uml-harness/.build/bpf-next-x86/.virtme_mods/lib/modules/0.0.0 virtme_rw_overlay0=/tmp virtme_console=ttyS0 console=ttyS0 earlyprintk=serial,ttyS0,115200 panic=-1 virtme.exec=`bW91bnQgLXQgYnBmIGJwZmZzIC9zeXMvZnMvYnBmIDI+L2Rldi9udWxsOyAuL3Rlc3RfcHJvZ3MgLXQgJ2JwZl9pdGVyJw==` virtme_chdir=home/prozak/sources/heimdall_experiment/uml-harness/.build/selftests-output-qemu rootfstype=9p rootflags=version=9p2000.L,trans=virtio,access=any,msize=524288 raid=noautodetect rw debug init=/home/prozak/.local/share/vng-venv/lib/python3.12/site-packages/virtme/guest/bin/virtme-ng-init
[    0.215931] Unknown kernel command line parameters "virtme_hostname=virtme-ng nr_open=1048576 virtme_link_mods=/home/prozak/sources/heimdall_experiment/uml-harness/.build/bpf-next-x86/.virtme_mods/lib/modules/0.0.0 virtme_rw_overlay0=/tmp virtme_console=ttyS0 virtme_chdir=home/prozak/sources/heimdall_experiment/uml-harness/.build/selftests-output-qemu", will be passed to user space.
[    0.221899] random: crng init done
[    0.222538] printk: log buffer data + meta data: 2097152 + 7340032 = 9437184 bytes
[    0.232051] Dentry cache hash table entries: 524288 (order: 10, 4194304 bytes, linear)
[    0.237455] Inode-cache hash table entries: 262144 (order: 9, 2097152 bytes, linear)
[    0.239019] software IO TLB: area num 8.
[    0.374093] Fallback order for Node 0: 0 
[    0.374096] Built 1 zonelists, mobility grouping on.  Total pages: 1048446
[    0.376007] Policy zone: Normal
[    0.376582] mem auto-init: stack:all(zero), heap alloc:off, heap free:off
[    0.382899] SLUB: HWalign=64, Order=0-3, MinObjects=0, CPUs=8, Nodes=1
Poking KASLR using RDRAND RDTSC...
[    0.398544] ftrace: allocating 69757 entries in 274 pages
[    0.399489] ftrace: allocated 274 pages with 3 groups
[    0.400947] Dynamic Preempt: full
[    0.401801] Running RCU self tests
[    0.402412] Running RCU synchronous self tests
[    0.403177] rcu: Preemptible hierarchical RCU implementation.
[    0.404175] rcu: 	RCU event tracing is enabled.
[    0.404991] rcu: 	RCU lockdep checking is enabled.
[    0.405848] rcu: 	RCU restricting CPUs from NR_CPUS=128 to nr_cpu_ids=8.
[    0.407000] 	Trampoline variant of Tasks RCU enabled.
[    0.407887] 	Rude variant of Tasks RCU enabled.
[    0.408679] 	Tracing variant of Tasks RCU enabled.
[    0.409540] rcu: RCU calculated value of scheduler-enlistment delay is 100 jiffies.
[    0.410874] rcu: Adjusting geometry for rcu_fanout_leaf=16, nr_cpu_ids=8
[    0.412124] Running RCU synchronous self tests
[    0.412954] RCU Tasks: Setting shift to 3 and lim to 1 rcu_task_cb_adjust=1 rcu_task_cpu_ids=8.
[    0.414450] RCU Tasks Rude: Setting shift to 3 and lim to 1 rcu_task_cb_adjust=1 rcu_task_cpu_ids=8.
[    0.421813] NR_IRQS: 8448, nr_irqs: 488, preallocated irqs: 16
[    0.423162] rcu: srcu_init: Setting srcu_struct sizes based on contention.
[    0.424406] clocksource: jiffies: mask: 0xffffffff max_cycles: 0xffffffff, max_idle_ns: 1911260446275000 ns
[    0.426571] Console: colour *CGA 80x25
[    0.427286] printk: legacy console [ttyS0] enabled
[    0.427286] printk: legacy console [ttyS0] enabled
[    0.428995] printk: legacy bootconsole [earlyser0] disabled
[    0.428995] printk: legacy bootconsole [earlyser0] disabled
[    0.430979] Lock dependency validator: Copyright (c) 2006 Red Hat, Inc., Ingo Molnar
[    0.432371] ... MAX_LOCKDEP_SUBCLASSES:  8
[    0.433099] ... MAX_LOCK_DEPTH:          48
[    0.433856] ... MAX_LOCKDEP_KEYS:        8192
[    0.434649] ... CLASSHASH_SIZE:          4096
[    0.435429] ... MAX_LOCKDEP_ENTRIES:     32768
[    0.436253] ... MAX_LOCKDEP_CHAINS:      65536
[    0.437044] ... CHAINHASH_SIZE:          32768
[    0.437850]  memory used by lock dependency info: 6429 kB
[    0.438817]  memory used for stack traces: 4224 kB
[    0.439665]  per task-struct memory footprint: 1920 bytes
[    0.440763] ACPI: Core revision 20260408
[    0.441670] clocksource: hpet: mask: 0xffffffff max_cycles: 0xffffffff, max_idle_ns: 19112604467 ns
[    0.443506] APIC: Switch to symmetric I/O mode setup
[    0.444882] x2apic enabled
[    0.445899] APIC: Switched APIC routing to: physical x2apic
[    0.447027] kvm-guest: APIC: send_IPI_mask() replaced with kvm_send_ipi_mask()
[    0.448380] kvm-guest: APIC: send_IPI_mask_allbutself() replaced with kvm_send_ipi_mask_allbutself()
[    0.450090] kvm-guest: setup PV IPIs
[    0.452851] ..TIMER: vector=0x30 apic1=0 pin1=2 apic2=-1 pin2=-1
[    0.454039] clocksource: tsc-early: mask: 0xffffffffffffffff max_cycles: 0x31027285e94, max_idle_ns: 440795238296 ns
[    0.456014] Calibrating delay loop (skipped) preset value.. 6800.07 BogoMIPS (lpj=3400038)
[    0.457677] x86/cpu: User Mode Instruction Prevention (UMIP) activated
[    0.458375] Last level iTLB entries: 4KB 512, 2MB 255, 4MB 127
[    0.459010] Last level dTLB entries: 4KB 512, 2MB 255, 4MB 127, 1GB 0
[    0.460017] mitigations: Enabled attack vectors: user_kernel, user_user, SMT mitigations: auto
[    0.461010] Speculative Store Bypass: Mitigation: Speculative Store Bypass disabled via prctl
[    0.462010] Speculative Return Stack Overflow: IBPB-extending microcode not applied!
[    0.463009] Speculative Return Stack Overflow: WARNING: See https://kernel.org/doc/html/latest/admin-guide/hw-vuln/srso.html for mitigation options.
[    0.463011] Transient Scheduler Attacks: Vulnerable: No microcode
[    0.465010] Spectre V2 : Mitigation: Retpolines
[    0.466009] Speculative Return Stack Overflow: Vulnerable: Safe RET, no microcode
[    0.467010] Spectre V1 : Mitigation: usercopy/swapgs barriers and __user pointer sanitization
[    0.468010] Spectre V2 : Spectre v2 / SpectreRSB: Filling RSB on context switch and VMEXIT
[    0.469009] Spectre V2 : Enabling Restricted Speculation for firmware calls
[    0.470012] Spectre V2 : mitigation: Enabling conditional Indirect Branch Prediction Barrier
[    0.471010] active return thunk: srso_alias_return_thunk
[    0.472073] x86/fpu: Supporting XSAVE feature 0x001: 'x87 floating point registers'
[    0.473009] x86/fpu: Supporting XSAVE feature 0x002: 'SSE registers'
[    0.474009] x86/fpu: Supporting XSAVE feature 0x004: 'AVX registers'
[    0.475009] x86/fpu: xstate_offset[2]:  576, xstate_sizes[2]:  256
[    0.476010] x86/fpu: Enabled xstate features 0x7, context size is 832 bytes, using 'compacted' format.
[    0.511582] pid_max: default: 32768 minimum: 301
[    0.512298] SELinux:  Initializing.
[    0.514850] LSM support for eBPF active
[    0.516040] Mount-cache hash table entries: 8192 (order: 4, 65536 bytes, linear)
[    0.517186] Mountpoint-cache hash table entries: 8192 (order: 4, 65536 bytes, linear)
[    0.519692] VFS: Finished mounting rootfs on nullfs
[    0.522104] Running RCU synchronous self tests
[    0.523012] Running RCU synchronous self tests
[    0.524498] smpboot: CPU0: AMD Ryzen 9 5950X 16-Core Processor (family: 0x19, model: 0x21, stepping: 0x2)
[    0.527370] Performance Events: Fam17h+ core perfctr, AMD PMU driver.
[    0.528029] ... version:                   0
[    0.528909] ... bit width:                 48
[    0.529023] ... generic counters:          6
[    0.529948] ... generic bitmap:            000000000000003f
[    0.530018] ... fixed-purpose counters:    0
[    0.530894] ... fixed-purpose bitmap:      0000000000000000
[    0.531015] ... value mask:                0000ffffffffffff
[    0.532016] ... max period:                00007fffffffffff
[    0.533016] ... global_ctrl mask:          000000000000003f
[    0.534312] signal: max sigframe size: 1776
[    0.535177] rcu: Hierarchical SRCU implementation.
[    0.536018] rcu: 	Max phase no-delay instances is 400.
[    0.537325] Timer migration: 1 hierarchy levels; 8 children per group; 1 crossnode level
[    0.550000] smp: Bringing up secondary CPUs ...
[    0.552460] smpboot: x86: Booting SMP configuration:
[    0.553016] .... node  #0, CPUs:      #1 #2 #3 #4 #5 #6 #7
[    0.584418] smp: Brought up 1 node, 8 CPUs
[    0.585944] smpboot: Total of 8 processors activated (54400.60 BogoMIPS)
[    0.587348] Memory: 3963788K/4193784K available (25637K kernel code, 10348K rwdata, 18032K rodata, 4668K init, 13400K bss, 221944K reserved, 0K cma-reserved)
[    0.590339] devtmpfs: initialized
[    0.594561] Running RCU synchronous self tests
[    0.595036] Running RCU synchronous self tests
[    0.596146] Running RCU Tasks wait API self tests
[    0.597080] Running RCU Tasks Rude wait API self tests
[    0.598019] Running RCU Tasks Trace wait API self tests
[    0.599133] posixtimers hash table entries: 4096 (order: 7, 294912 bytes, linear)
[    0.601206] futex hash table entries: 2048 (262144 bytes on 1 NUMA nodes, total 256 KiB, linear).
[    0.603016] PM: RTC time: 22:52:21, date: 2026-08-02
[    0.604047] Callback from call_rcu_tasks_trace() invoked.
[    0.611112] NET: Registered PF_NETLINK/PF_ROUTE protocol family
[    0.613025] audit: initializing netlink subsys (disabled)
[    0.614131] audit: type=2000 audit(1785711141.167:1): state=initialized audit_enabled=0 res=1
[    0.638410] thermal_sys: Registered thermal governor 'step_wise'
[    0.638481] cpuidle: using governor ladder
[    0.639923] cpuidle: using governor menu
[    0.642032] Freeing SMP alternatives memory: 68K
[    0.643877] PCI: Using configuration type 1 for base access
[    0.644016] PCI: Using configuration type 1 for extended access
[    0.645178] kprobes: kprobe jump-optimization is enabled. All kprobes are optimized if possible.
[    0.647172] HugeTLB: registered 1.00 GiB page size, pre-allocated 0 pages
[    0.648017] HugeTLB: 16380 KiB vmemmap can be freed for a 1.00 GiB page
[    0.649017] HugeTLB: registered 2.00 MiB page size, pre-allocated 0 pages
[    0.650017] HugeTLB: 28 KiB vmemmap can be freed for a 2.00 MiB page
[    0.655900] ACPI: Added _OSI(Module Device)
[    0.656018] ACPI: Added _OSI(Processor Device)
[    0.656976] ACPI: Added _OSI(Processor Aggregator Device)
[    0.660608] ACPI: 1 ACPI AML tables successfully acquired and loaded
[    0.663575] ACPI: \_SB_: platform _OSC: OS support mask [002a7eee]
[    0.664754] ACPI: Interpreter enabled
[    0.665081] ACPI: PM: (supports S0 S3 S4 S5)
[    0.666029] ACPI: Using IOAPIC for interrupt routing
[    0.667069] PCI: Using host bridge windows from ACPI; if necessary, use "pci=nocrs" and report a bug
[    0.668016] PCI: Using E820 reservations for host bridge windows
[    0.669389] ACPI: Enabled 2 GPEs in block 00 to 0F
[    0.685782] ACPI: PCI Root Bridge [PCI0] (domain 0000 [bus 00-ff])
[    0.686021] acpi PNP0A03:00: _OSC: OS supports [ExtendedConfig ASPM ClockPM Segments MSI HPX-Type3]
[    0.687028] acpi PNP0A03:00: _OSC: OS requested [PME PCIeCapability LTR]
[    0.688017] acpi PNP0A03:00: _OSC: platform willing to grant [PME PCIeCapability LTR]
[    0.689017] acpi PNP0A03:00: _OSC: platform retains control of PCIe features (AE_ERROR)
[    0.690780] PCI host bridge to bus 0000:00
[    0.691027] pci_bus 0000:00: root bus resource [io  0x0000-0x0cf7 window]
[    0.692017] pci_bus 0000:00: root bus resource [io  0x0d00-0xffff window]
[    0.693017] pci_bus 0000:00: root bus resource [mem 0x000a0000-0x000bffff window]
[    0.694018] pci_bus 0000:00: root bus resource [mem 0xc0000000-0xfebfffff window]
[    0.695018] pci_bus 0000:00: root bus resource [mem 0x380000000000-0x38007fffffff window]
[    0.696019] pci_bus 0000:00: root bus resource [bus 00-ff]
[    0.697436] pci 0000:00:00.0: [8086:1237] type 00 class 0x060000 conventional PCI endpoint
[    0.699625] pci 0000:00:01.0: [8086:7000] type 00 class 0x060100 conventional PCI endpoint
[    0.701466] pci 0000:00:01.1: [8086:7010] type 00 class 0x010180 conventional PCI endpoint
[    0.702861] pci 0000:00:01.1: BAR 4 [io  0xc1c0-0xc1cf]
[    0.703093] pci 0000:00:01.1: BAR 0 [io  0x01f0-0x01f7]: legacy IDE quirk
[    0.704017] pci 0000:00:01.1: BAR 1 [io  0x03f6]: legacy IDE quirk
[    0.705016] pci 0000:00:01.1: BAR 2 [io  0x0170-0x0177]: legacy IDE quirk
[    0.706065] pci 0000:00:01.1: BAR 3 [io  0x0376]: legacy IDE quirk
[    0.707734] pci 0000:00:01.3: [8086:7113] type 00 class 0x068000 conventional PCI endpoint
[    0.708749] pci 0000:00:01.3: quirk: [io  0x0600-0x063f] claimed by PIIX4 ACPI
[    0.709034] pci 0000:00:01.3: quirk: [io  0x0700-0x070f] claimed by PIIX4 SMB
[    0.711032] pci 0000:00:02.0: [1af4:1009] type 00 class 0x000200 conventional PCI endpoint
[    0.713692] pci 0000:00:02.0: BAR 0 [io  0xc000-0xc03f]
[    0.714034] pci 0000:00:02.0: BAR 1 [mem 0xfebf8000-0xfebf8fff]
[    0.715079] pci 0000:00:02.0: BAR 4 [mem 0x380000000000-0x380000003fff 64bit pref]
[    0.719115] pci 0000:00:03.0: [8086:25ab] type 00 class 0x088000 conventional PCI endpoint
[    0.720948] pci 0000:00:03.0: BAR 0 [mem 0xfebf9000-0xfebf900f]
[    0.723614] pci 0000:00:04.0: [1af4:1003] type 00 class 0x078000 conventional PCI endpoint
[    0.725696] pci 0000:00:04.0: BAR 0 [io  0xc040-0xc07f]
[    0.726035] pci 0000:00:04.0: BAR 1 [mem 0xfebfa000-0xfebfafff]
[    0.727076] pci 0000:00:04.0: BAR 4 [mem 0x380000004000-0x380000007fff 64bit pref]
[    0.731302] pci 0000:00:05.0: [1af4:1003] type 00 class 0x078000 conventional PCI endpoint
[    0.733032] pci 0000:00:05.0: BAR 0 [io  0xc080-0xc0bf]
[    0.734034] pci 0000:00:05.0: BAR 1 [mem 0xfebfb000-0xfebfbfff]
[    0.735093] pci 0000:00:05.0: BAR 4 [mem 0x380000008000-0x38000000bfff 64bit pref]
[    0.739345] pci 0000:00:06.0: [1af4:1003] type 00 class 0x078000 conventional PCI endpoint
[    0.741033] pci 0000:00:06.0: BAR 0 [io  0xc0c0-0xc0ff]
[    0.742034] pci 0000:00:06.0: BAR 1 [mem 0xfebfc000-0xfebfcfff]
[    0.743077] pci 0000:00:06.0: BAR 4 [mem 0x38000000c000-0x38000000ffff 64bit pref]
[    0.747405] pci 0000:00:07.0: [1af4:1003] type 00 class 0x078000 conventional PCI endpoint
[    0.749032] pci 0000:00:07.0: BAR 0 [io  0xc100-0xc13f]
[    0.750032] pci 0000:00:07.0: BAR 1 [mem 0xfebfd000-0xfebfdfff]
[    0.751078] pci 0000:00:07.0: BAR 4 [mem 0x380000010000-0x380000013fff 64bit pref]
[    0.755254] pci 0000:00:08.0: [1af4:1003] type 00 class 0x078000 conventional PCI endpoint
[    0.756986] pci 0000:00:08.0: BAR 0 [io  0xc140-0xc17f]
[    0.757035] pci 0000:00:08.0: BAR 1 [mem 0xfebfe000-0xfebfefff]
[    0.758075] pci 0000:00:08.0: BAR 4 [mem 0x380000014000-0x380000017fff 64bit pref]
[    0.762341] pci 0000:00:09.0: [1af4:1003] type 00 class 0x078000 conventional PCI endpoint
[    0.763904] pci 0000:00:09.0: BAR 0 [io  0xc180-0xc1bf]
[    0.764034] pci 0000:00:09.0: BAR 1 [mem 0xfebff000-0xfebfffff]
[    0.765074] pci 0000:00:09.0: BAR 4 [mem 0x380000018000-0x38000001bfff 64bit pref]
[    0.774565] ACPI: PCI: Interrupt link LNKA configured for IRQ 10
[    0.775272] ACPI: PCI: Interrupt link LNKB configured for IRQ 10
[    0.776267] ACPI: PCI: Interrupt link LNKC configured for IRQ 11
[    0.777285] ACPI: PCI: Interrupt link LNKD configured for IRQ 11
[    0.778142] ACPI: PCI: Interrupt link LNKS configured for IRQ 9
[    0.781028] iommu: Default domain type: Translated
[    0.782016] iommu: DMA domain TLB invalidation policy: lazy mode
[    0.784437] SCSI subsystem initialized
[    0.785116] libata version 3.00 loaded.
[    0.786179] ACPI: bus type USB registered
[    0.787144] usbcore: registered new interface driver usbfs
[    0.788090] usbcore: registered new interface driver hub
[    0.789055] usbcore: registered new device driver usb
[    0.790198] pps_core: LinuxPPS API ver. 1 registered
[    0.791018] pps_core: Software ver. 5.3.6 - Copyright 2005-2007 Rodolfo Giometti <giometti@linux.it>
[    0.792043] PTP clock support registered
[    0.793508] Advanced Linux Sound Architecture Driver Initialized.
[    0.795317] NetLabel: Initializing
[    0.796018] NetLabel:  domain hash size = 128
[    0.796938] NetLabel:  protocols = UNLABELED CIPSOv4 CALIPSO
[    0.797065] NetLabel:  unlabeled traffic allowed by default
[    0.798398] PCI: Using ACPI for IRQ routing
[    0.799018] PCI: pci_cache_line_size set to 64 bytes
[    0.800371] e820: register RAM buffer resource [mem 0x0009fc00-0x0009ffff]
[    0.801018] e820: register RAM buffer resource [mem 0xbffe0000-0xbfffffff]
[    0.802160] vgaarb: loaded
[    0.802792] hpet0: at MMIO 0xfed00000, IRQs 2, 8, 0
[    0.803019] hpet0: 3 comparators, 64-bit 100.000000 MHz counter
[    0.808331] clocksource: Switched to clocksource kvm-clock
[    0.809436] Callback from call_rcu_tasks() invoked.
[    0.810541] VFS: Disk quotas dquot_6.6.0
[    0.811687] VFS: Dquot-cache hash table entries: 512 (4096 bytes)
[    0.813990] pnp: PnP ACPI init
[    0.815134] pnp 00:02: [dma 2]
[    0.816590] pnp: PnP ACPI: found 4 devices
[    0.834899] clocksource: acpi_pm: mask: 0xffffff max_cycles: 0xffffff, max_idle_ns: 2085701024 ns
[    0.837099] NET: Registered PF_INET protocol family
[    0.839336] IP idents hash table entries: 65536 (order: 7, 524288 bytes, linear)
[    0.843292] tcp_listen_portaddr_hash hash table entries: 2048 (order: 6, 147456 bytes, linear)
[    0.845798] Table-perturb hash table entries: 65536 (order: 6, 262144 bytes, linear)
[    0.847477] TCP established hash table entries: 32768 (order: 6, 262144 bytes, linear)
[    0.849942] TCP bind hash table entries: 32768 (order: 11, 4718592 bytes, vmalloc hugepage)
[    0.863699] TCP: Hash tables configured (established 32768 bind 32768)
[    0.866674] MPTCP token hash table entries: 4096 (order: 7, 360448 bytes, linear)
[    0.868396] UDP hash table entries: 2048 (order: 7, 524288 bytes, linear)
[    0.871112] NET: Registered PF_UNIX/PF_LOCAL protocol family
[    0.873554] RPC: Registered named UNIX socket transport module.
[    0.874961] RPC: Registered udp transport module.
[    0.875973] RPC: Registered tcp transport module.
[    0.876959] RPC: Registered tcp-with-tls transport module.
[    0.878183] RPC: Registered tcp NFSv4.1 backchannel transport module.
[    0.880557] NET: Registered PF_XDP protocol family
[    0.881936] pci_bus 0000:00: resource 4 [io  0x0000-0x0cf7 window]
[    0.883292] pci_bus 0000:00: resource 5 [io  0x0d00-0xffff window]
[    0.884644] pci_bus 0000:00: resource 6 [mem 0x000a0000-0x000bffff window]
[    0.886125] pci_bus 0000:00: resource 7 [mem 0xc0000000-0xfebfffff window]
[    0.887594] pci_bus 0000:00: resource 8 [mem 0x380000000000-0x38007fffffff window]
[    0.889349] pci 0000:00:01.0: PIIX3: Enabling Passive Release
[    0.890633] pci 0000:00:00.0: Limiting direct PCI/PCI transfers
[    0.892067] PCI: CLS 0 bytes, default 64
[    0.893046] PCI-DMA: Using software bounce buffering for IO (SWIOTLB)
[    0.894419] software IO TLB: mapped [mem 0x00000000bbfe0000-0x00000000bffe0000] (64MB)
[    0.897529] clocksource: tsc: mask: 0xffffffffffffffff max_cycles: 0x31027285e94, max_idle_ns: 440795238296 ns
[    0.909061] Initialise system trusted keyrings
[    0.910451] workingset: timestamp_bits=40 (anon: 35) max_order=20 bucket_order=0 (anon: 0)
[    0.913244] squashfs: version 4.0 (2009/01/31) Phillip Lougher
[    0.915221] NFS: Registering the id_resolver key type
[    0.916529] Key type id_resolver registered
[    0.917535] Key type id_legacy registered
[    0.918455] nfs4filelayout_init: NFSv4 File Layout Driver Registering...
[    0.919941] nfs4flexfilelayout_init: NFSv4 Flexfile Layout Driver Registering...
[    0.921863] fuse: init (API version 7.45)
[    0.923095] 9p: Installing v9fs 9p2000 file system support
[    0.926220] NET: Registered PF_ALG protocol family
[    0.927328] Key type asymmetric registered
[    0.928239] Asymmetric key parser 'x509' registered
[    0.929444] Block layer SCSI generic (bsg) driver version 0.4 loaded (major 248)
[    0.931644] io scheduler mq-deadline registered
[    0.932712] io scheduler kyber registered
[    0.934998] input: Power Button as /devices/platform/LNXPWRBN:00/input/input0
[    0.936856] ACPI: button: Power Button [PWRF]
[    1.064346] ACPI: \_SB_.LNKB: Enabled at IRQ 10
[    1.188510] ACPI: \_SB_.LNKD: Enabled at IRQ 11
[    1.312442] ACPI: \_SB_.LNKA: Enabled at IRQ 10
[    1.465689] kwatchdog (98) used greatest stack depth: 14776 bytes left
[    1.559953] ACPI: \_SB_.LNKC: Enabled at IRQ 11
[    1.805567] Serial: 8250/16550 driver, 4 ports, IRQ sharing enabled
[    1.808041] 00:03: ttyS0 at I/O 0x3f8 (irq = 4, base_baud = 115200) is a 16550A
[    1.959433] Non-volatile memory driver v1.3
[    1.961185] ACPI: bus type drm_connector registered
[    1.982736] brd: module loaded
[    1.996375] loop: module loaded
[    2.001902] scsi host0: ata_piix
[    2.003714] scsi host1: ata_piix
[    2.004735] ata1: PATA max MWDMA2 cmd 0x1f0 ctl 0x3f6 bmdma 0xc1c0 irq 14 lpm-pol 0
[    2.006450] ata2: PATA max MWDMA2 cmd 0x170 ctl 0x376 bmdma 0xc1c8 irq 15 lpm-pol 0
[    2.012511] tun: Universal TUN/TAP device driver, 1.6
[    2.014191] e100: Intel(R) PRO/100 Network Driver
[    2.015271] e100: Copyright(c) 1999-2006 Intel Corporation
[    2.016527] e1000: Intel(R) PRO/1000 Network Driver
[    2.017642] e1000: Copyright (c) 1999-2006 Intel Corporation.
[    2.018985] e1000e: Intel(R) PRO/1000 Network Driver
[    2.020036] e1000e: Copyright(c) 1999 - 2015 Intel Corporation.
[    2.021419] sky2: driver version 1.30
[    2.023507] usbcore: registered new interface driver usblp
[    2.024798] usbcore: registered new interface driver usb-storage
[    2.026224] i8042: PNP: PS/2 Controller [PNP0303:KBD,PNP0f13:MOU] at 0x60,0x64 irq 1,12
[    2.029401] serio: i8042 KBD port at 0x60,0x64 irq 1
[    2.031000] serio: i8042 AUX port at 0x60,0x64 irq 12
[    2.033283] rtc_cmos PNP0B00:00: RTC can wake from S4
[    2.036411] input: AT Translated Set 2 keyboard as /devices/platform/i8042/serio0/input/input1
[    2.039858] rtc_cmos PNP0B00:00: registered as rtc0
[    2.041950] rtc_cmos PNP0B00:00: alarms up to one day, y3k, 242 bytes nvram, hpet irqs
[    2.044977] Registered IR keymap rc-empty
[    2.046491] rc rc0: rc-core loopback device as /devices/virtual/rc/rc0
[    2.048922] rc rc0: lirc_dev: driver rc-loopback registered at minor = 0, raw IR receiver, raw IR transmitter
[    2.051818] input: rc-core loopback device as /devices/virtual/rc/rc0/input4
[    2.054544] intel_powerclamp: CPU does not support MWAIT
[    2.056052] device-mapper: core: CONFIG_IMA_DISABLE_HTABLE is disabled. Duplicate IMA measurements will not be recorded in the IMA log.
[    2.059021] device-mapper: ioctl: 4.50.0-ioctl (2025-04-28) initialised: dm-devel@lists.linux.dev
[    2.061010] amd_pstate: the _CPC object is not present in SBIOS or ACPI disabled
[    2.063371] hid: raw HID events driver (C) Jiri Kosina
[    2.066334] usbcore: registered new interface driver usbhid
[    2.067583] usbhid: USB HID core driver
[    2.069573] GACT probability NOT on
[    2.070424] Mirror/redirect action on
[    2.072715] nf_conntrack_irc: The irc conntrack helper is scheduled for removal.
[    2.072715] Please contact the netfilter-devel mailing list if you still need this.
[    2.077651] ipip: IPv4 and MPLS over IPv4 tunneling driver
[    2.079686] gre: GRE over IPv4 demultiplexer driver
[    2.080765] ip_gre: GRE over IPv4 tunneling driver
[    2.084190] Initializing XFRM netlink socket
[    2.085180] IPsec XFRM device driver
[    2.086078] NET: Registered PF_INET6 protocol family
[    2.089265] Segment Routing with IPv6
[    2.090106] In-situ OAM (IOAM) with IPv6
[    2.090995] mip6: Mobile IPv6
[    2.091721] sit: IPv6, IPv4 and MPLS over IPv4 tunneling driver
[    2.094566] ip6_gre: GRE over IPv6 tunneling driver
[    2.096488] NET: Registered PF_PACKET protocol family
[    2.097712] RPC: Registered rdma transport module.
[    2.098773] RPC: Registered rdma backchannel transport module.
[    2.100374] 8021q: 802.1Q VLAN Support v1.8
[    2.101967] smc: adding smcd device lo without pnetid
[    2.103676] NET: Registered PF_SMC protocol family
[    2.105307] 9pnet: Installing 9P2000 support
[    2.107756] Key type dns_resolver registered
[    2.108977] NET: Registered PF_VSOCK protocol family
[    2.110196] mpls_gso: MPLS GSO support
[    2.114475] IPI shorthand broadcast: enabled
[    2.159216] sched_clock: Marking stable (2135015309, 23601008)->(2262049643, -103433326)
[    2.161838] ata2: found unknown device (class 0)
[    2.163641] registered taskstats version 1
[    2.164355] ata2.00: ATAPI: QEMU DVD-ROM, 2.5+, max UDMA/100
[    2.168680] scsi 1:0:0:0: CD-ROM            QEMU     QEMU DVD-ROM     2.5+ PQ: 0 ANSI: 5
[    2.181221] Loading compiled-in X.509 certificates
[    2.183499] kworker/u32:1 (119) used greatest stack depth: 14152 bytes left
[    2.184652] Loaded X.509 cert 'Build time autogenerated kernel key: c4531344b9a9c1a4731230d977a262ba29ba5272'
[    2.192703] sr 1:0:0:0: [sr0] scsi3-mmc drive: 4x/4x cd/rw xa/form2 tray
[    2.211416] cdrom: Uniform CD-ROM driver Revision: 3.20
[    2.225989] Demotion targets for Node 0: null
[    2.227756] ima: No TPM chip found, activating TPM-bypass!
[    2.228097] sr 1:0:0:0: Attached scsi CD-ROM sr0
[    2.229040] ima: Allocated hash algorithm: sha1
[    2.231573] sr 1:0:0:0: Attached scsi generic sg0 type 5
[    2.233146] ima: No architecture policies found
[    2.235153] PM:   Magic number: 6:835:905
[    2.236184] netconsole: network logging started
[    2.237940] cfg80211: Loading compiled-in X.509 certificates for regulatory database
[    2.240916] Loaded X.509 cert 'sforshee: 00b28ddf47aef9cea7'
[    2.242340] Loaded X.509 cert 'wens: 61c038651aabdcf94bd0ac7ff06c7248db18c600'
[    2.244207] faux_driver regulatory: Direct firmware load for regulatory.db failed with error -2
[    2.246159] cfg80211: failed to load regulatory.db
[    2.246359] ALSA device list:
[    2.248123]   No soundcards found.
[    2.466994] input: ImExPS/2 Generic Explorer Mouse as /devices/platform/i8042/serio1/input/input3
[    2.468884] md: Skipping autodetection of RAID arrays. (raid=autodetect will force)
[    2.470319] 9p: Bad value for 'source'
[    2.471000] 9pnet: Limiting 'msize' to 512000 as this is the maximum supported by transport virtio
[    2.474356] VFS: Mounted root (9p filesystem) on device 0:22.
[    2.476039] devtmpfs: mounted
[    2.476729] VFS: Pivoted into new rootfs
[    2.482252] Freeing unused kernel image (initmem) memory: 4668K
[    2.483200] Write protecting the kernel read-only data: 45056k
[    2.485371] Freeing unused kernel image (text/rodata gap) memory: 984K
[    2.486806] Freeing unused kernel image (rodata/data gap) memory: 400K
[    2.523784] x86/mm: Checked W+X mappings: passed, no W+X pages found.
[    2.524686] Run /home/prozak/.local/share/vng-venv/lib/python3.12/site-packages/virtme/guest/bin/virtme-ng-init as init process
[    2.526199]   with arguments:
[    2.526664]     /home/prozak/.local/share/vng-venv/lib/python3.12/site-packages/virtme/guest/bin/virtme-ng-init
[    2.528010]   with environment:
[    2.528452]     HOME=/
[    2.528827]     TERM=linux
[    2.529203]     virtme_hostname=virtme-ng
[    2.529760]     nr_open=1048576
[    2.530194]     virtme_link_mods=/home/prozak/sources/heimdall_experiment/uml-harness/.build/bpf-next-x86/.virtme_mods/lib/modules/0.0.0
[    2.531857]     virtme_rw_overlay0=/tmp
[    2.532375]     virtme_console=ttyS0
[    2.532902]     virtme_chdir=home/prozak/sources/heimdall_experiment/uml-harness/.build/selftests-output-qemu
[    2.622832] virtme-ng-init: mount devtmpfs -> /dev: EBUSY: Device or resource busy
[    2.624636] virtme-ng-init: Setting hostname to virtme-ng...
[    2.666521] virtme-ng-init: running systemd-tmpfiles
[    3.992271] systemd-tmpfile (127) used greatest stack depth: 12504 bytes left
[    3.992392] virtme-ng-init: basic initialization done
[    4.009706] virtme-ng-init: error creating file: Permission denied (os error 13)
[    4.099247] ip (132) used greatest stack depth: 11848 bytes left
[    4.195035] virtme-ng-init: Starting systemd-udevd version 255.4-1ubuntu8.16
[    4.196969] virtme-ng-init: triggering udev coldplug
[    7.330346] virtme-ng-init: waiting for udev to settle
[    8.124838] virtme-ng-init: udev is done
[    8.129370] virtme-ng-init: starting script
[    8.405801] bpf_testmod: loading out-of-tree module taints kernel.
[    8.406720] bpf_testmod: module verification failed: signature and/or required key missing - tainting kernel
[   14.193421] smc: removing smcd device lo
[   14.260517] ACPI: PM: Preparing to enter system sleep state S5
[   14.261862] reboot: Power down
