#69/1    cgroup_iter_memcg/cgroup_iter_memcg__anon:OK
#69/2    cgroup_iter_memcg/cgroup_iter_memcg__shmem:OK
#69/3    cgroup_iter_memcg/cgroup_iter_memcg__file:OK
#69/4    cgroup_iter_memcg/cgroup_iter_memcg__pgfault:OK
#69      cgroup_iter_memcg:OK
Summary: 1/4 PASSED, 0 SKIPPED, 0 FAILED
poline_32bit: 0x0000000000000000
Physical KASLR using RDRAND RDTSC...
Virtual KASLR using RDRAND RDTSC...

Decompressing Linux... Parsing ELF... Performing relocations... done.
Booting the kernel (entry_offset: 0x0000000003db5740).
[    0.000000] Linux version 7.2.0-rc1-g5e2f4aad04e2 (prozak@powertower) (gcc (Ubuntu 13.3.0-6ubuntu2~24.04.1) 13.3.0, GNU ld (GNU Binutils for Ubuntu) 2.42) #3 SMP PREEMPT_DYNAMIC Sun Aug  2 09:03:43 PDT 2026
[    0.000000] Command line: virtme_hostname=virtme-ng nr_open=1048576 virtme_link_mods=/home/prozak/sources/heimdall_experiment/uml-harness/.build/bpf-next-x86/.virtme_mods/lib/modules/0.0.0 virtme_rw_overlay0=/tmp virtme_console=ttyS0 console=ttyS0 earlyprintk=serial,ttyS0,115200 panic=-1 virtme.exec=`bW91bnQgLXQgYnBmIGJwZmZzIC9zeXMvZnMvYnBmIDI+L2Rldi9udWxsOyAuL3Rlc3RfcHJvZ3MgLXQgJ2Nncm91cF9pdGVyX21lbWNnJw==` virtme_chdir=home/prozak/sources/heimdall_experiment/uml-harness/.build/selftests-output-qemu rootfstype=9p rootflags=version=9p2000.L,trans=virtio,access=any,msize=524288 raid=noautodetect rw debug init=/home/prozak/.local/share/vng-venv/lib/python3.12/site-packages/virtme/guest/bin/virtme-ng-init
[    0.000000] x86 CPU feature dependency check failure: CPU0 has '18*32+31' enabled but '18*32+26' disabled. Kernel might be fine, but no guarantees.
[    0.000000] BIOS-provided physical RAM map:
[    0.000000] BIOS-e820: [mem 0x0000000000000000-0x000000000009fbff]  System RAM
[    0.000000] BIOS-e820: [mem 0x000000000009fc00-0x000000000009ffff]  device reserved
[    0.000000] BIOS-e820: [gap 0x00000000000a0000-0x00000000000effff]
[    0.000000] BIOS-e820: [mem 0x00000000000f0000-0x00000000000fffff]  device reserved
[    0.000000] BIOS-e820: [mem 0x0000000000100000-0x00000000bffdffff]  System RAM
[    0.000000] BIOS-e820: [mem 0x00000000bffe0000-0x00000000bfffffff]  device reserved
[    0.000000] BIOS-e820: [gap 0x00000000c0000000-0x00000000feffbfff]
[    0.000000] BIOS-e820: [mem 0x00000000feffc000-0x00000000feffffff]  device reserved
[    0.000000] BIOS-e820: [gap 0x00000000ff000000-0x00000000fffbffff]
[    0.000000] BIOS-e820: [mem 0x00000000fffc0000-0x00000000ffffffff]  device reserved
[    0.000000] BIOS-e820: [mem 0x0000000100000000-0x000000013fffffff]  System RAM
[    0.000000] BIOS-e820: [gap 0x0000000140000000-0x000000fcffffffff]
[    0.000000] BIOS-e820: [mem 0x000000fd00000000-0x000000ffffffffff]  device reserved
[    0.000000] printk: legacy bootconsole [earlyser0] enabled
[    0.000000] NX (Execute Disable) protection: active
[    0.000000] APIC: Static calls initialized
[    0.000000] DMI: SMBIOS 3.0.0 present.
[    0.000000] DMI: QEMU Ubuntu 24.04 PC v2 (i440FX + PIIX, arch_caps fix, 1996), BIOS 1.16.3-debian-1.16.3-2 04/01/2014
[    0.000000] DMI: Memory slots populated: 1/1
[    0.000000] Hypervisor detected: KVM
[    0.000000] last_pfn = 0xbffe0 max_arch_pfn = 0x400000000
[    0.000000] kvm-clock: Using msrs 4b564d01 and 4b564d00
[    0.000001] kvm-clock: using sched offset of 476688393 cycles
[    0.000908] clocksource: kvm-clock: mask: 0xffffffffffffffff max_cycles: 0x1cd42e4dffb, max_idle_ns: 881590591483 ns
[    0.003742] tsc: Detected 3400.038 MHz processor
[    0.004915] e820: update [mem 0x00000000-0x00000fff] System RAM ==> device reserved
[    0.006294] e820: remove [mem 0x000a0000-0x000fffff] System RAM
[    0.007303] last_pfn = 0x140000 max_arch_pfn = 0x400000000
[    0.008354] MTRR map: 4 entries (3 fixed + 1 variable; max 19), built from 8 variable MTRRs
[    0.009822] x86/PAT: Configuration [0-7]: WB  WC  UC- UC  WB  WP  UC- WT  
Memory KASLR using RDRAND RDTSC...
[    0.011679] last_pfn = 0xbffe0 max_arch_pfn = 0x400000000
[    0.013845] found SMP MP-table at [mem 0x000f5450-0x000f545f]
[    0.014840] Using GB pages for direct mapping
[    0.015737] ACPI: Early table checksum verification disabled
[    0.016705] ACPI: RSDP 0x00000000000F5240 000014 (v00 BOCHS )
[    0.017723] ACPI: RSDT 0x00000000BFFE1F16 000034 (v01 BOCHS  BXPC     00000001 BXPC 00000001)
[    0.019196] ACPI: FACP 0x00000000BFFE1D92 000074 (v01 BOCHS  BXPC     00000001 BXPC 00000001)
[    0.020688] ACPI: DSDT 0x00000000BFFE0040 001D52 (v01 BOCHS  BXPC     00000001 BXPC 00000001)
[    0.022230] ACPI: FACS 0x00000000BFFE0000 000040
[    0.023034] ACPI: APIC 0x00000000BFFE1E06 0000B0 (v03 BOCHS  BXPC     00000001 BXPC 00000001)
[    0.024507] ACPI: HPET 0x00000000BFFE1EB6 000038 (v01 BOCHS  BXPC     00000001 BXPC 00000001)
[    0.025989] ACPI: WAET 0x00000000BFFE1EEE 000028 (v01 BOCHS  BXPC     00000001 BXPC 00000001)
[    0.027443] ACPI: Reserving FACP table memory at [mem 0xbffe1d92-0xbffe1e05]
[    0.028674] ACPI: Reserving DSDT table memory at [mem 0xbffe0040-0xbffe1d91]
[    0.030008] ACPI: Reserving FACS table memory at [mem 0xbffe0000-0xbffe003f]
[    0.031208] ACPI: Reserving APIC table memory at [mem 0xbffe1e06-0xbffe1eb5]
[    0.032439] ACPI: Reserving HPET table memory at [mem 0xbffe1eb6-0xbffe1eed]
[    0.033664] ACPI: Reserving WAET table memory at [mem 0xbffe1eee-0xbffe1f15]
[    0.035287] No NUMA configuration found
[    0.035960] Faking a node at [mem 0x0000000000000000-0x000000013fffffff]
[    0.037149] NODE_DATA(0) allocated [mem 0x13fff9c80-0x13fffdfff]
[    0.039015] ACPI: PM-Timer IO Port: 0x608
[    0.039735] ACPI: LAPIC_NMI (acpi_id[0xff] dfl dfl lint[0x1])
[    0.040789] IOAPIC[0]: apic_id 0, version 17, address 0xfec00000, GSI 0-23
[    0.042007] ACPI: INT_SRC_OVR (bus 0 bus_irq 0 global_irq 2 dfl dfl)
[    0.043089] ACPI: INT_SRC_OVR (bus 0 bus_irq 5 global_irq 5 high level)
[    0.044232] ACPI: INT_SRC_OVR (bus 0 bus_irq 9 global_irq 9 high level)
[    0.045369] ACPI: INT_SRC_OVR (bus 0 bus_irq 10 global_irq 10 high level)
[    0.046541] ACPI: INT_SRC_OVR (bus 0 bus_irq 11 global_irq 11 high level)
[    0.047730] ACPI: Using ACPI (MADT) for SMP configuration information
[    0.048865] ACPI: HPET id: 0x8086a201 base: 0xfed00000
[    0.049771] TSC deadline timer available
[    0.050440] CPU topo: Max. logical packages:   1
[    0.051225] CPU topo: Max. logical nodes:      1
[    0.052053] CPU topo: Num. nodes per package:  1
[    0.052853] CPU topo: Max. logical dies:       1
[    0.053677] CPU topo: Max. dies per package:   1
[    0.054484] CPU topo: Max. threads per core:   1
[    0.055268] CPU topo: Num. cores per package:     8
[    0.056114] CPU topo: Num. threads per package:   8
[    0.056998] CPU topo: Allowing 8 present CPUs plus 0 hotplug CPUs
[    0.058121] kvm-guest: APIC: eoi() replaced with kvm_guest_apic_eoi_write()
[    0.059404] kvm-guest: KVM setup pv remote TLB flush
[    0.060275] kvm-guest: setup PV sched yield
[    0.061003] PM: hibernation: Registered nosave memory: [mem 0x00000000-0x00000fff]
[    0.062323] PM: hibernation: Registered nosave memory: [mem 0x0009f000-0x000fffff]
[    0.063611] PM: hibernation: Registered nosave memory: [mem 0xbffe0000-0xffffffff]
[    0.064930] [gap 0xc0000000-0xfeffbfff] available for PCI devices
[    0.066000] Booting paravirtualized kernel on KVM
[    0.066825] clocksource: refined-jiffies: mask: 0xffffffff max_cycles: 0xffffffff, max_idle_ns: 1910969940391419 ns
[    0.073128] Zone ranges:
[    0.073569]   DMA      [mem 0x0000000000001000-0x0000000000ffffff]
[    0.074639]   DMA32    [mem 0x0000000001000000-0x00000000ffffffff]
[    0.075690]   Normal   [mem 0x0000000100000000-0x000000013fffffff]
[    0.076761] Movable zone start for each node
[    0.077497] Early memory node ranges
[    0.078122]   node   0: [mem 0x0000000000001000-0x000000000009efff]
[    0.079187]   node   0: [mem 0x0000000000100000-0x00000000bffdffff]
[    0.080269]   node   0: [mem 0x0000000100000000-0x000000013fffffff]
[    0.081365] Initmem setup node 0 [mem 0x0000000000001000-0x000000013fffffff]
[    0.082616] On node 0, zone DMA: 1 pages in unavailable ranges
[    0.084144] On node 0, zone DMA: 97 pages in unavailable ranges
[    0.213243] On node 0, zone Normal: 32 pages in unavailable ranges
[    0.214219] setup_percpu: NR_CPUS:128 nr_cpumask_bits:8 nr_cpu_ids:8 nr_node_ids:1
[    0.219343] percpu: Embedded 58 pages/cpu s199696 r8192 d29680 u262144
[    0.220306] pcpu-alloc: s199696 r8192 d29680 u262144 alloc=1*2097152
[    0.221295] pcpu-alloc: [0] 0 1 2 3 4 5 6 7 
[    0.221972] Kernel command line: virtme_hostname=virtme-ng nr_open=1048576 virtme_link_mods=/home/prozak/sources/heimdall_experiment/uml-harness/.build/bpf-next-x86/.virtme_mods/lib/modules/0.0.0 virtme_rw_overlay0=/tmp virtme_console=ttyS0 console=ttyS0 earlyprintk=serial,ttyS0,115200 panic=-1 virtme.exec=`bW91bnQgLXQgYnBmIGJwZmZzIC9zeXMvZnMvYnBmIDI+L2Rldi9udWxsOyAuL3Rlc3RfcHJvZ3MgLXQgJ2Nncm91cF9pdGVyX21lbWNnJw==` virtme_chdir=home/prozak/sources/heimdall_experiment/uml-harness/.build/selftests-output-qemu rootfstype=9p rootflags=version=9p2000.L,trans=virtio,access=any,msize=524288 raid=noautodetect rw debug init=/home/prozak/.local/share/vng-venv/lib/python3.12/site-packages/virtme/guest/bin/virtme-ng-init
[    0.231563] Unknown kernel command line parameters "virtme_hostname=virtme-ng nr_open=1048576 virtme_link_mods=/home/prozak/sources/heimdall_experiment/uml-harness/.build/bpf-next-x86/.virtme_mods/lib/modules/0.0.0 virtme_rw_overlay0=/tmp virtme_console=ttyS0 virtme_chdir=home/prozak/sources/heimdall_experiment/uml-harness/.build/selftests-output-qemu", will be passed to user space.
[    0.236665] random: crng init done
[    0.237179] printk: log buffer data + meta data: 2097152 + 7340032 = 9437184 bytes
[    0.246376] Dentry cache hash table entries: 524288 (order: 10, 4194304 bytes, linear)
[    0.251625] Inode-cache hash table entries: 262144 (order: 9, 2097152 bytes, linear)
[    0.253044] software IO TLB: area num 8.
[    0.387142] Fallback order for Node 0: 0 
[    0.387149] Built 1 zonelists, mobility grouping on.  Total pages: 1048446
[    0.388840] Policy zone: Normal
[    0.389322] mem auto-init: stack:all(zero), heap alloc:off, heap free:off
[    0.395497] SLUB: HWalign=64, Order=0-3, MinObjects=0, CPUs=8, Nodes=1
Poking KASLR using RDRAND RDTSC...
[    0.410574] ftrace: allocating 69757 entries in 274 pages
[    0.411412] ftrace: allocated 274 pages with 3 groups
[    0.412582] Dynamic Preempt: full
[    0.413356] Running RCU self tests
[    0.413866] Running RCU synchronous self tests
[    0.414522] rcu: Preemptible hierarchical RCU implementation.
[    0.415403] rcu: 	RCU event tracing is enabled.
[    0.416071] rcu: 	RCU lockdep checking is enabled.
[    0.416787] rcu: 	RCU restricting CPUs from NR_CPUS=128 to nr_cpu_ids=8.
[    0.417827] 	Trampoline variant of Tasks RCU enabled.
[    0.418601] 	Rude variant of Tasks RCU enabled.
[    0.419267] 	Tracing variant of Tasks RCU enabled.
[    0.419972] rcu: RCU calculated value of scheduler-enlistment delay is 100 jiffies.
[    0.421128] rcu: Adjusting geometry for rcu_fanout_leaf=16, nr_cpu_ids=8
[    0.422178] Running RCU synchronous self tests
[    0.422856] RCU Tasks: Setting shift to 3 and lim to 1 rcu_task_cb_adjust=1 rcu_task_cpu_ids=8.
[    0.424138] RCU Tasks Rude: Setting shift to 3 and lim to 1 rcu_task_cb_adjust=1 rcu_task_cpu_ids=8.
[    0.430963] NR_IRQS: 8448, nr_irqs: 488, preallocated irqs: 16
[    0.432172] rcu: srcu_init: Setting srcu_struct sizes based on contention.
[    0.433273] clocksource: jiffies: mask: 0xffffffff max_cycles: 0xffffffff, max_idle_ns: 1911260446275000 ns
[    0.435059] Console: colour *CGA 80x25
[    0.435668] printk: legacy console [ttyS0] enabled
[    0.435668] printk: legacy console [ttyS0] enabled
[    0.437145] printk: legacy bootconsole [earlyser0] disabled
[    0.437145] printk: legacy bootconsole [earlyser0] disabled
[    0.438835] Lock dependency validator: Copyright (c) 2006 Red Hat, Inc., Ingo Molnar
[    0.440015] ... MAX_LOCKDEP_SUBCLASSES:  8
[    0.440638] ... MAX_LOCK_DEPTH:          48
[    0.441298] ... MAX_LOCKDEP_KEYS:        8192
[    0.441979] ... CLASSHASH_SIZE:          4096
[    0.442648] ... MAX_LOCKDEP_ENTRIES:     32768
[    0.443321] ... MAX_LOCKDEP_CHAINS:      65536
[    0.444013] ... CHAINHASH_SIZE:          32768
[    0.444697]  memory used by lock dependency info: 6429 kB
[    0.445511]  memory used for stack traces: 4224 kB
[    0.446296]  per task-struct memory footprint: 1920 bytes
[    0.447225] ACPI: Core revision 20260408
[    0.448036] clocksource: hpet: mask: 0xffffffff max_cycles: 0xffffffff, max_idle_ns: 19112604467 ns
[    0.450286] APIC: Switch to symmetric I/O mode setup
[    0.451587] x2apic enabled
[    0.452549] APIC: Switched APIC routing to: physical x2apic
[    0.453547] kvm-guest: APIC: send_IPI_mask() replaced with kvm_send_ipi_mask()
[    0.454731] kvm-guest: APIC: send_IPI_mask_allbutself() replaced with kvm_send_ipi_mask_allbutself()
[    0.456165] kvm-guest: setup PV IPIs
[    0.458824] ..TIMER: vector=0x30 apic1=0 pin1=2 apic2=-1 pin2=-1
[    0.459784] clocksource: tsc-early: mask: 0xffffffffffffffff max_cycles: 0x31027285e94, max_idle_ns: 440795238296 ns
[    0.461470] Calibrating delay loop (skipped) preset value.. 6800.07 BogoMIPS (lpj=3400038)
[    0.463634] x86/cpu: User Mode Instruction Prevention (UMIP) activated
[    0.464783] Last level iTLB entries: 4KB 512, 2MB 255, 4MB 127
[    0.465467] Last level dTLB entries: 4KB 512, 2MB 255, 4MB 127, 1GB 0
[    0.466475] mitigations: Enabled attack vectors: user_kernel, user_user, SMT mitigations: auto
[    0.467467] Speculative Store Bypass: Mitigation: Speculative Store Bypass disabled via prctl
[    0.468467] Speculative Return Stack Overflow: IBPB-extending microcode not applied!
[    0.469467] Speculative Return Stack Overflow: WARNING: See https://kernel.org/doc/html/latest/admin-guide/hw-vuln/srso.html for mitigation options.
[    0.469468] Transient Scheduler Attacks: Vulnerable: No microcode
[    0.471467] Spectre V2 : Mitigation: Retpolines
[    0.472467] Speculative Return Stack Overflow: Vulnerable: Safe RET, no microcode
[    0.473467] Spectre V1 : Mitigation: usercopy/swapgs barriers and __user pointer sanitization
[    0.474467] Spectre V2 : Spectre v2 / SpectreRSB: Filling RSB on context switch and VMEXIT
[    0.475467] Spectre V2 : Enabling Restricted Speculation for firmware calls
[    0.476469] Spectre V2 : mitigation: Enabling conditional Indirect Branch Prediction Barrier
[    0.477467] active return thunk: srso_alias_return_thunk
[    0.478333] x86/fpu: Supporting XSAVE feature 0x001: 'x87 floating point registers'
[    0.478467] x86/fpu: Supporting XSAVE feature 0x002: 'SSE registers'
[    0.479467] x86/fpu: Supporting XSAVE feature 0x004: 'AVX registers'
[    0.480467] x86/fpu: xstate_offset[2]:  576, xstate_sizes[2]:  256
[    0.481467] x86/fpu: Enabled xstate features 0x7, context size is 832 bytes, using 'compacted' format.
[    0.517068] pid_max: default: 32768 minimum: 301
[    0.517674] SELinux:  Initializing.
[    0.520068] LSM support for eBPF active
[    0.520755] Mount-cache hash table entries: 8192 (order: 4, 65536 bytes, linear)
[    0.521590] Mountpoint-cache hash table entries: 8192 (order: 4, 65536 bytes, linear)
[    0.524180] VFS: Finished mounting rootfs on nullfs
[    0.526427] Running RCU synchronous self tests
[    0.526469] Running RCU synchronous self tests
[    0.528652] smpboot: CPU0: AMD Ryzen 9 5950X 16-Core Processor (family: 0x19, model: 0x21, stepping: 0x2)
[    0.530758] Performance Events: Fam17h+ core perfctr, AMD PMU driver.
[    0.531493] ... version:                   0
[    0.532257] ... bit width:                 48
[    0.532474] ... generic counters:          6
[    0.533278] ... generic bitmap:            000000000000003f
[    0.533473] ... fixed-purpose counters:    0
[    0.534235] ... fixed-purpose bitmap:      0000000000000000
[    0.534474] ... value mask:                0000ffffffffffff
[    0.535461] ... max period:                00007fffffffffff
[    0.535474] ... global_ctrl mask:          000000000000003f
[    0.536771] signal: max sigframe size: 1776
[    0.537646] rcu: Hierarchical SRCU implementation.
[    0.538475] rcu: 	Max phase no-delay instances is 400.
[    0.540576] Timer migration: 1 hierarchy levels; 8 children per group; 1 crossnode level
[    0.555483] smp: Bringing up secondary CPUs ...
[    0.561102] smpboot: x86: Booting SMP configuration:
[    0.561475] .... node  #0, CPUs:      #1 #2 #3 #4 #5 #6 #7
[    0.588717] smp: Brought up 1 node, 8 CPUs
[    0.590261] smpboot: Total of 8 processors activated (54400.60 BogoMIPS)
[    0.592186] Memory: 3963780K/4193784K available (25637K kernel code, 10348K rwdata, 18032K rodata, 4668K init, 13400K bss, 221952K reserved, 0K cma-reserved)
[    0.594476] devtmpfs: initialized
[    0.598692] Running RCU synchronous self tests
[    0.599505] Running RCU synchronous self tests
[    0.600588] Running RCU Tasks wait API self tests
[    0.601525] Running RCU Tasks Rude wait API self tests
[    0.602477] Running RCU Tasks Trace wait API self tests
[    0.603558] posixtimers hash table entries: 4096 (order: 7, 294912 bytes, linear)
[    0.605891] futex hash table entries: 2048 (262144 bytes on 1 NUMA nodes, total 256 KiB, linear).
[    0.607473] PM: RTC time: 22:53:52, date: 2026-08-02
[    0.608509] Callback from call_rcu_tasks_trace() invoked.
[    0.615572] NET: Registered PF_NETLINK/PF_ROUTE protocol family
[    0.617542] audit: initializing netlink subsys (disabled)
[    0.618591] audit: type=2000 audit(1785711232.262:1): state=initialized audit_enabled=0 res=1
[    0.641384] thermal_sys: Registered thermal governor 'step_wise'
[    0.641483] cpuidle: using governor ladder
[    0.643282] cpuidle: using governor menu
[    0.644686] Freeing SMP alternatives memory: 68K
[    0.646330] PCI: Using configuration type 1 for base access
[    0.646474] PCI: Using configuration type 1 for extended access
[    0.647634] kprobes: kprobe jump-optimization is enabled. All kprobes are optimized if possible.
[    0.649642] HugeTLB: registered 1.00 GiB page size, pre-allocated 0 pages
[    0.650477] HugeTLB: 16380 KiB vmemmap can be freed for a 1.00 GiB page
[    0.651474] HugeTLB: registered 2.00 MiB page size, pre-allocated 0 pages
[    0.652474] HugeTLB: 28 KiB vmemmap can be freed for a 2.00 MiB page
[    0.658408] ACPI: Added _OSI(Module Device)
[    0.658475] ACPI: Added _OSI(Processor Device)
[    0.659323] ACPI: Added _OSI(Processor Aggregator Device)
[    0.663098] ACPI: 1 ACPI AML tables successfully acquired and loaded
[    0.666691] ACPI: \_SB_: platform _OSC: OS support mask [002a7eee]
[    0.668254] ACPI: Interpreter enabled
[    0.668542] ACPI: PM: (supports S0 S3 S4 S5)
[    0.669374] ACPI: Using IOAPIC for interrupt routing
[    0.669527] PCI: Using host bridge windows from ACPI; if necessary, use "pci=nocrs" and report a bug
[    0.670475] PCI: Using E820 reservations for host bridge windows
[    0.671844] ACPI: Enabled 2 GPEs in block 00 to 0F
[    0.688229] ACPI: PCI Root Bridge [PCI0] (domain 0000 [bus 00-ff])
[    0.688480] acpi PNP0A03:00: _OSC: OS supports [ExtendedConfig ASPM ClockPM Segments MSI HPX-Type3]
[    0.689486] acpi PNP0A03:00: _OSC: OS requested [PME PCIeCapability LTR]
[    0.690475] acpi PNP0A03:00: _OSC: platform willing to grant [PME PCIeCapability LTR]
[    0.691475] acpi PNP0A03:00: _OSC: platform retains control of PCIe features (AE_ERROR)
[    0.693255] PCI host bridge to bus 0000:00
[    0.693485] pci_bus 0000:00: root bus resource [io  0x0000-0x0cf7 window]
[    0.694477] pci_bus 0000:00: root bus resource [io  0x0d00-0xffff window]
[    0.695476] pci_bus 0000:00: root bus resource [mem 0x000a0000-0x000bffff window]
[    0.696476] pci_bus 0000:00: root bus resource [mem 0xc0000000-0xfebfffff window]
[    0.697474] pci_bus 0000:00: root bus resource [mem 0x380000000000-0x38007fffffff window]
[    0.698475] pci_bus 0000:00: root bus resource [bus 00-ff]
[    0.699837] pci 0000:00:00.0: [8086:1237] type 00 class 0x060000 conventional PCI endpoint
[    0.701963] pci 0000:00:01.0: [8086:7000] type 00 class 0x060100 conventional PCI endpoint
[    0.703731] pci 0000:00:01.1: [8086:7010] type 00 class 0x010180 conventional PCI endpoint
[    0.705241] pci 0000:00:01.1: BAR 4 [io  0xc1c0-0xc1cf]
[    0.705541] pci 0000:00:01.1: BAR 0 [io  0x01f0-0x01f7]: legacy IDE quirk
[    0.706474] pci 0000:00:01.1: BAR 1 [io  0x03f6]: legacy IDE quirk
[    0.707475] pci 0000:00:01.1: BAR 2 [io  0x0170-0x0177]: legacy IDE quirk
[    0.708475] pci 0000:00:01.1: BAR 3 [io  0x0376]: legacy IDE quirk
[    0.710205] pci 0000:00:01.3: [8086:7113] type 00 class 0x068000 conventional PCI endpoint
[    0.711093] pci 0000:00:01.3: quirk: [io  0x0600-0x063f] claimed by PIIX4 ACPI
[    0.711489] pci 0000:00:01.3: quirk: [io  0x0700-0x070f] claimed by PIIX4 SMB
[    0.713409] pci 0000:00:02.0: [1af4:1009] type 00 class 0x000200 conventional PCI endpoint
[    0.715217] pci 0000:00:02.0: BAR 0 [io  0xc000-0xc03f]
[    0.715491] pci 0000:00:02.0: BAR 1 [mem 0xfebf8000-0xfebf8fff]
[    0.716525] pci 0000:00:02.0: BAR 4 [mem 0x380000000000-0x380000003fff 64bit pref]
[    0.720462] pci 0000:00:03.0: [8086:25ab] type 00 class 0x088000 conventional PCI endpoint
[    0.721364] pci 0000:00:03.0: BAR 0 [mem 0xfebf9000-0xfebf900f]
[    0.724046] pci 0000:00:04.0: [1af4:1003] type 00 class 0x078000 conventional PCI endpoint
[    0.725491] pci 0000:00:04.0: BAR 0 [io  0xc040-0xc07f]
[    0.726490] pci 0000:00:04.0: BAR 1 [mem 0xfebfa000-0xfebfafff]
[    0.727525] pci 0000:00:04.0: BAR 4 [mem 0x380000004000-0x380000007fff 64bit pref]
[    0.731557] pci 0000:00:05.0: [1af4:1003] type 00 class 0x078000 conventional PCI endpoint
[    0.733491] pci 0000:00:05.0: BAR 0 [io  0xc080-0xc0bf]
[    0.734489] pci 0000:00:05.0: BAR 1 [mem 0xfebfb000-0xfebfbfff]
[    0.735527] pci 0000:00:05.0: BAR 4 [mem 0x380000008000-0x38000000bfff 64bit pref]
[    0.739612] pci 0000:00:06.0: [1af4:1003] type 00 class 0x078000 conventional PCI endpoint
[    0.741474] pci 0000:00:06.0: BAR 0 [io  0xc0c0-0xc0ff]
[    0.742490] pci 0000:00:06.0: BAR 1 [mem 0xfebfc000-0xfebfcfff]
[    0.743529] pci 0000:00:06.0: BAR 4 [mem 0x38000000c000-0x38000000ffff 64bit pref]
[    0.747650] pci 0000:00:07.0: [1af4:1003] type 00 class 0x078000 conventional PCI endpoint
[    0.749490] pci 0000:00:07.0: BAR 0 [io  0xc100-0xc13f]
[    0.750489] pci 0000:00:07.0: BAR 1 [mem 0xfebfd000-0xfebfdfff]
[    0.751529] pci 0000:00:07.0: BAR 4 [mem 0x380000010000-0x380000013fff 64bit pref]
[    0.755634] pci 0000:00:08.0: [1af4:1003] type 00 class 0x078000 conventional PCI endpoint
[    0.757490] pci 0000:00:08.0: BAR 0 [io  0xc140-0xc17f]
[    0.758472] pci 0000:00:08.0: BAR 1 [mem 0xfebfe000-0xfebfefff]
[    0.759528] pci 0000:00:08.0: BAR 4 [mem 0x380000014000-0x380000017fff 64bit pref]
[    0.763593] pci 0000:00:09.0: [1af4:1003] type 00 class 0x078000 conventional PCI endpoint
[    0.765424] pci 0000:00:09.0: BAR 0 [io  0xc180-0xc1bf]
[    0.765489] pci 0000:00:09.0: BAR 1 [mem 0xfebff000-0xfebfffff]
[    0.766527] pci 0000:00:09.0: BAR 4 [mem 0x380000018000-0x38000001bfff 64bit pref]
[    0.775700] ACPI: PCI: Interrupt link LNKA configured for IRQ 10
[    0.776729] ACPI: PCI: Interrupt link LNKB configured for IRQ 10
[    0.777723] ACPI: PCI: Interrupt link LNKC configured for IRQ 11
[    0.778731] ACPI: PCI: Interrupt link LNKD configured for IRQ 11
[    0.779600] ACPI: PCI: Interrupt link LNKS configured for IRQ 9
[    0.782504] iommu: Default domain type: Translated
[    0.783474] iommu: DMA domain TLB invalidation policy: lazy mode
[    0.785938] SCSI subsystem initialized
[    0.786551] libata version 3.00 loaded.
[    0.787639] ACPI: bus type USB registered
[    0.788554] usbcore: registered new interface driver usbfs
[    0.789546] usbcore: registered new interface driver hub
[    0.790513] usbcore: registered new device driver usb
[    0.791663] pps_core: LinuxPPS API ver. 1 registered
[    0.792475] pps_core: Software ver. 5.3.6 - Copyright 2005-2007 Rodolfo Giometti <giometti@linux.it>
[    0.793501] PTP clock support registered
[    0.795110] Advanced Linux Sound Architecture Driver Initialized.
[    0.796835] NetLabel: Initializing
[    0.797474] NetLabel:  domain hash size = 128
[    0.798286] NetLabel:  protocols = UNLABELED CIPSOv4 CALIPSO
[    0.798537] NetLabel:  unlabeled traffic allowed by default
[    0.799816] PCI: Using ACPI for IRQ routing
[    0.800476] PCI: pci_cache_line_size set to 64 bytes
[    0.801717] e820: register RAM buffer resource [mem 0x0009fc00-0x0009ffff]
[    0.802473] e820: register RAM buffer resource [mem 0xbffe0000-0xbfffffff]
[    0.803619] vgaarb: loaded
[    0.804158] hpet0: at MMIO 0xfed00000, IRQs 2, 8, 0
[    0.804475] hpet0: 3 comparators, 64-bit 100.000000 MHz counter
[    0.809897] clocksource: Switched to clocksource kvm-clock
[    0.811964] VFS: Disk quotas dquot_6.6.0
[    0.812801] VFS: Dquot-cache hash table entries: 512 (4096 bytes)
[    0.814070] Callback from call_rcu_tasks() invoked.
[    0.816152] pnp: PnP ACPI init
[    0.817536] pnp 00:02: [dma 2]
[    0.818931] pnp: PnP ACPI: found 4 devices
[    0.836692] clocksource: acpi_pm: mask: 0xffffff max_cycles: 0xffffff, max_idle_ns: 2085701024 ns
[    0.838643] NET: Registered PF_INET protocol family
[    0.840727] IP idents hash table entries: 65536 (order: 7, 524288 bytes, linear)
[    0.844507] tcp_listen_portaddr_hash hash table entries: 2048 (order: 6, 147456 bytes, linear)
[    0.846896] Table-perturb hash table entries: 65536 (order: 6, 262144 bytes, linear)
[    0.848583] TCP established hash table entries: 32768 (order: 6, 262144 bytes, linear)
[    0.850825] TCP bind hash table entries: 32768 (order: 11, 4718592 bytes, vmalloc hugepage)
[    0.863430] TCP: Hash tables configured (established 32768 bind 32768)
[    0.866453] MPTCP token hash table entries: 4096 (order: 7, 360448 bytes, linear)
[    0.868225] UDP hash table entries: 2048 (order: 7, 524288 bytes, linear)
[    0.871028] NET: Registered PF_UNIX/PF_LOCAL protocol family
[    0.873308] RPC: Registered named UNIX socket transport module.
[    0.874619] RPC: Registered udp transport module.
[    0.875694] RPC: Registered tcp transport module.
[    0.876801] RPC: Registered tcp-with-tls transport module.
[    0.877989] RPC: Registered tcp NFSv4.1 backchannel transport module.
[    0.880285] NET: Registered PF_XDP protocol family
[    0.881554] pci_bus 0000:00: resource 4 [io  0x0000-0x0cf7 window]
[    0.883162] pci_bus 0000:00: resource 5 [io  0x0d00-0xffff window]
[    0.884541] pci_bus 0000:00: resource 6 [mem 0x000a0000-0x000bffff window]
[    0.886028] pci_bus 0000:00: resource 7 [mem 0xc0000000-0xfebfffff window]
[    0.887498] pci_bus 0000:00: resource 8 [mem 0x380000000000-0x38007fffffff window]
[    0.889329] pci 0000:00:01.0: PIIX3: Enabling Passive Release
[    0.890633] pci 0000:00:00.0: Limiting direct PCI/PCI transfers
[    0.892135] PCI: CLS 0 bytes, default 64
[    0.893144] PCI-DMA: Using software bounce buffering for IO (SWIOTLB)
[    0.894564] software IO TLB: mapped [mem 0x00000000bbfe0000-0x00000000bffe0000] (64MB)
[    0.897509] clocksource: tsc: mask: 0xffffffffffffffff max_cycles: 0x31027285e94, max_idle_ns: 440795238296 ns
[    0.908248] Initialise system trusted keyrings
[    0.909633] workingset: timestamp_bits=40 (anon: 35) max_order=20 bucket_order=0 (anon: 0)
[    0.912250] squashfs: version 4.0 (2009/01/31) Phillip Lougher
[    0.914259] NFS: Registering the id_resolver key type
[    0.915413] Key type id_resolver registered
[    0.916380] Key type id_legacy registered
[    0.917318] nfs4filelayout_init: NFSv4 File Layout Driver Registering...
[    0.918787] nfs4flexfilelayout_init: NFSv4 Flexfile Layout Driver Registering...
[    0.920603] fuse: init (API version 7.45)
[    0.921793] 9p: Installing v9fs 9p2000 file system support
[    0.924832] NET: Registered PF_ALG protocol family
[    0.925892] Key type asymmetric registered
[    0.926810] Asymmetric key parser 'x509' registered
[    0.927939] Block layer SCSI generic (bsg) driver version 0.4 loaded (major 248)
[    0.930104] io scheduler mq-deadline registered
[    0.931299] io scheduler kyber registered
[    0.933672] input: Power Button as /devices/platform/LNXPWRBN:00/input/input0
[    0.935477] ACPI: button: Power Button [PWRF]
[    1.063880] ACPI: \_SB_.LNKB: Enabled at IRQ 10
[    1.188231] ACPI: \_SB_.LNKD: Enabled at IRQ 11
[    1.311896] ACPI: \_SB_.LNKA: Enabled at IRQ 10
[    1.470006] kwatchdog (98) used greatest stack depth: 14776 bytes left
[    1.560579] ACPI: \_SB_.LNKC: Enabled at IRQ 11
[    1.810336] Serial: 8250/16550 driver, 4 ports, IRQ sharing enabled
[    1.812993] 00:03: ttyS0 at I/O 0x3f8 (irq = 4, base_baud = 115200) is a 16550A
[    1.968938] Non-volatile memory driver v1.3
[    1.970716] ACPI: bus type drm_connector registered
[    1.993478] brd: module loaded
[    2.007013] loop: module loaded
[    2.012308] scsi host0: ata_piix
[    2.014382] scsi host1: ata_piix
[    2.015447] ata1: PATA max MWDMA2 cmd 0x1f0 ctl 0x3f6 bmdma 0xc1c0 irq 14 lpm-pol 0
[    2.017189] ata2: PATA max MWDMA2 cmd 0x170 ctl 0x376 bmdma 0xc1c8 irq 15 lpm-pol 0
[    2.023316] tun: Universal TUN/TAP device driver, 1.6
[    2.024925] e100: Intel(R) PRO/100 Network Driver
[    2.025989] e100: Copyright(c) 1999-2006 Intel Corporation
[    2.027300] e1000: Intel(R) PRO/1000 Network Driver
[    2.028411] e1000: Copyright (c) 1999-2006 Intel Corporation.
[    2.029813] e1000e: Intel(R) PRO/1000 Network Driver
[    2.030900] e1000e: Copyright(c) 1999 - 2015 Intel Corporation.
[    2.032306] sky2: driver version 1.30
[    2.034330] usbcore: registered new interface driver usblp
[    2.035639] usbcore: registered new interface driver usb-storage
[    2.037100] i8042: PNP: PS/2 Controller [PNP0303:KBD,PNP0f13:MOU] at 0x60,0x64 irq 1,12
[    2.040351] serio: i8042 KBD port at 0x60,0x64 irq 1
[    2.041904] serio: i8042 AUX port at 0x60,0x64 irq 12
[    2.044051] rtc_cmos PNP0B00:00: RTC can wake from S4
[    2.047716] input: AT Translated Set 2 keyboard as /devices/platform/i8042/serio0/input/input1
[    2.050589] rtc_cmos PNP0B00:00: registered as rtc0
[    2.051957] rtc_cmos PNP0B00:00: alarms up to one day, y3k, 242 bytes nvram, hpet irqs
[    2.054603] Registered IR keymap rc-empty
[    2.057030] rc rc0: rc-core loopback device as /devices/virtual/rc/rc0
[    2.060041] rc rc0: lirc_dev: driver rc-loopback registered at minor = 0, raw IR receiver, raw IR transmitter
[    2.063780] input: rc-core loopback device as /devices/virtual/rc/rc0/input2
[    2.066313] intel_powerclamp: CPU does not support MWAIT
[    2.067456] device-mapper: core: CONFIG_IMA_DISABLE_HTABLE is disabled. Duplicate IMA measurements will not be recorded in the IMA log.
[    2.070561] device-mapper: ioctl: 4.50.0-ioctl (2025-04-28) initialised: dm-devel@lists.linux.dev
[    2.072515] amd_pstate: the _CPC object is not present in SBIOS or ACPI disabled
[    2.075036] hid: raw HID events driver (C) Jiri Kosina
[    2.077788] usbcore: registered new interface driver usbhid
[    2.079013] usbhid: USB HID core driver
[    2.081096] GACT probability NOT on
[    2.081954] Mirror/redirect action on
[    2.084244] nf_conntrack_irc: The irc conntrack helper is scheduled for removal.
[    2.084244] Please contact the netfilter-devel mailing list if you still need this.
[    2.089039] ipip: IPv4 and MPLS over IPv4 tunneling driver
[    2.090993] gre: GRE over IPv4 demultiplexer driver
[    2.092050] ip_gre: GRE over IPv4 tunneling driver
[    2.095583] Initializing XFRM netlink socket
[    2.096896] IPsec XFRM device driver
[    2.097862] NET: Registered PF_INET6 protocol family
[    2.101097] Segment Routing with IPv6
[    2.101943] In-situ OAM (IOAM) with IPv6
[    2.102870] mip6: Mobile IPv6
[    2.103555] sit: IPv6, IPv4 and MPLS over IPv4 tunneling driver
[    2.106399] ip6_gre: GRE over IPv6 tunneling driver
[    2.108274] NET: Registered PF_PACKET protocol family
[    2.109463] RPC: Registered rdma transport module.
[    2.110498] RPC: Registered rdma backchannel transport module.
[    2.112049] 8021q: 802.1Q VLAN Support v1.8
[    2.113892] smc: adding smcd device lo without pnetid
[    2.115430] NET: Registered PF_SMC protocol family
[    2.117169] 9pnet: Installing 9P2000 support
[    2.119705] Key type dns_resolver registered
[    2.120933] NET: Registered PF_VSOCK protocol family
[    2.122151] mpls_gso: MPLS GSO support
[    2.126727] IPI shorthand broadcast: enabled
[    2.170504] sched_clock: Marking stable (2150011350, 20192266)->(2246274623, -76071007)
[    2.173511] ata2: found unknown device (class 0)
[    2.175472] registered taskstats version 1
[    2.176125] ata2.00: ATAPI: QEMU DVD-ROM, 2.5+, max UDMA/100
[    2.180842] scsi 1:0:0:0: CD-ROM            QEMU     QEMU DVD-ROM     2.5+ PQ: 0 ANSI: 5
[    2.193798] Loading compiled-in X.509 certificates
[    2.195512] kworker/u32:1 (117) used greatest stack depth: 14152 bytes left
[    2.197139] Loaded X.509 cert 'Build time autogenerated kernel key: c4531344b9a9c1a4731230d977a262ba29ba5272'
[    2.197429] kworker/u32:1 (118) used greatest stack depth: 13008 bytes left
[    2.214286] sr 1:0:0:0: [sr0] scsi3-mmc drive: 4x/4x cd/rw xa/form2 tray
[    2.231999] cdrom: Uniform CD-ROM driver Revision: 3.20
[    2.238321] Demotion targets for Node 0: null
[    2.239906] ima: No TPM chip found, activating TPM-bypass!
[    2.241165] ima: Allocated hash algorithm: sha1
[    2.242371] ima: No architecture policies found
[    2.244376] PM:   Magic number: 6:835:905
[    2.245636] netconsole: network logging started
[    2.247395] cfg80211: Loading compiled-in X.509 certificates for regulatory database
[    2.247647] sr 1:0:0:0: Attached scsi CD-ROM sr0
[    2.250257] Loaded X.509 cert 'sforshee: 00b28ddf47aef9cea7'
[    2.251544] sr 1:0:0:0: Attached scsi generic sg0 type 5
[    2.251941] Loaded X.509 cert 'wens: 61c038651aabdcf94bd0ac7ff06c7248db18c600'
[    2.255403] faux_driver regulatory: Direct firmware load for regulatory.db failed with error -2
[    2.257452] cfg80211: failed to load regulatory.db
[    2.257496] ALSA device list:
[    2.259172]   No soundcards found.
[    2.479900] input: ImExPS/2 Generic Explorer Mouse as /devices/platform/i8042/serio1/input/input4
[    2.481790] md: Skipping autodetection of RAID arrays. (raid=autodetect will force)
[    2.482935] 9p: Bad value for 'source'
[    2.483512] 9pnet: Limiting 'msize' to 512000 as this is the maximum supported by transport virtio
[    2.486735] VFS: Mounted root (9p filesystem) on device 0:22.
[    2.488587] devtmpfs: mounted
[    2.489186] VFS: Pivoted into new rootfs
[    2.494134] Freeing unused kernel image (initmem) memory: 4668K
[    2.494899] Write protecting the kernel read-only data: 45056k
[    2.497035] Freeing unused kernel image (text/rodata gap) memory: 984K
[    2.498301] Freeing unused kernel image (rodata/data gap) memory: 400K
[    2.535450] x86/mm: Checked W+X mappings: passed, no W+X pages found.
[    2.536229] Run /home/prozak/.local/share/vng-venv/lib/python3.12/site-packages/virtme/guest/bin/virtme-ng-init as init process
[    2.537584]   with arguments:
[    2.537951]     /home/prozak/.local/share/vng-venv/lib/python3.12/site-packages/virtme/guest/bin/virtme-ng-init
[    2.539137]   with environment:
[    2.539580]     HOME=/
[    2.539877]     TERM=linux
[    2.540228]     virtme_hostname=virtme-ng
[    2.540718]     nr_open=1048576
[    2.541106]     virtme_link_mods=/home/prozak/sources/heimdall_experiment/uml-harness/.build/bpf-next-x86/.virtme_mods/lib/modules/0.0.0
[    2.542546]     virtme_rw_overlay0=/tmp
[    2.543003]     virtme_console=ttyS0
[    2.543497]     virtme_chdir=home/prozak/sources/heimdall_experiment/uml-harness/.build/selftests-output-qemu
[    2.620570] virtme-ng-init: mount devtmpfs -> /dev: EBUSY: Device or resource busy
[    2.622347] virtme-ng-init: Setting hostname to virtme-ng...
[    2.653450] virtme-ng-init: running systemd-tmpfiles
[    3.847806] systemd-tmpfile (127) used greatest stack depth: 11744 bytes left
[    3.847884] virtme-ng-init: basic initialization done
[    3.865790] virtme-ng-init: error creating file: Permission denied (os error 13)
[    4.073801] virtme-ng-init: Starting systemd-udevd version 255.4-1ubuntu8.16
[    4.075728] virtme-ng-init: triggering udev coldplug
[    6.950335] virtme-ng-init: waiting for udev to settle
[    7.766938] virtme-ng-init: udev is done
[    7.771439] virtme-ng-init: starting script
[    8.051806] bpf_testmod: loading out-of-tree module taints kernel.
[    8.052704] bpf_testmod: module verification failed: signature and/or required key missing - tainting kernel
[    8.252805] smc: removing smcd device lo
[    8.320453] ACPI: PM: Preparing to enter system sleep state S5
[    8.321742] reboot: Power down
