#75      cgroup_skb_sk_lookup:OK
Summary: 1/0 PASSED, 0 SKIPPED, 0 FAILED
n extract_kernel
input_data: 0x00000000049762c4
input_len: 0x00000000015c3b21
output: 0x0000000001000000
output_len: 0x00000000045c1650
kernel_total_size: 0x0000000004f8d000
needed_size: 0x0000000005000000
trampoline_32bit: 0x0000000000000000
Physical KASLR using RDRAND RDTSC...
Virtual KASLR using RDRAND RDTSC...

Decompressing Linux... Parsing ELF... Performing relocations... done.
Booting the kernel (entry_offset: 0x0000000003db5740).
[    0.000000] Linux version 7.2.0-rc1-g5e2f4aad04e2 (prozak@powertower) (gcc (Ubuntu 13.3.0-6ubuntu2~24.04.1) 13.3.0, GNU ld (GNU Binutils for Ubuntu) 2.42) #3 SMP PREEMPT_DYNAMIC Sun Aug  2 09:03:43 PDT 2026
[    0.000000] Command line: virtme_hostname=virtme-ng nr_open=1048576 virtme_link_mods=/home/prozak/sources/heimdall_experiment/uml-harness/.build/bpf-next-x86/.virtme_mods/lib/modules/0.0.0 virtme_rw_overlay0=/tmp virtme_console=ttyS0 console=ttyS0 earlyprintk=serial,ttyS0,115200 panic=-1 virtme.exec=`bW91bnQgLXQgYnBmIGJwZmZzIC9zeXMvZnMvYnBmIDI+L2Rldi9udWxsOyAuL3Rlc3RfcHJvZ3MgLXQgJ2Nncm91cF9za2Jfc2tfbG9va3VwJw==` virtme_chdir=home/prozak/sources/heimdall_experiment/uml-harness/.build/selftests-output-qemu rootfstype=9p rootflags=version=9p2000.L,trans=virtio,access=any,msize=524288 raid=noautodetect rw debug init=/home/prozak/.local/share/vng-venv/lib/python3.12/site-packages/virtme/guest/bin/virtme-ng-init
[    0.000000] x86 CPU feature dependency check failure: CPU0 has '18*32+31' enabled but '18*32+26' disabled. Kernel might be fine, but no guarantees.
[    0.000000] BIOS-provided physical RAM map:
[    0.000000] BIOS-e820: [mem 0x0000000000000000-0x000000000009fbff]  System RAM
[    0.000000] BIOS-e820: [mem 0x000000000009fc00-0x000000000009ffff]  device reserved
[    0.000000] BIOS-e820: [gap 0x00000000000a0000-0x00000000000effff]
[    0.000000] BIOS-e820: [mem 0x00000000000f0000-0x00000000000fffff]  device reserved
[    0.000000] BIOS-e820: [mem 0x0000000000100000-0x00000000bffdffff]  System RAM
[    0.000000] BIOS-e820: [mem 0x00000000bffe0000-0x00000000bfffffff]  device reserved
[    0.000000] BIOS-e820: [gap 0x00000000c0000000-0x00000000feffbfff]
[    0.000000] BIOS-e820: [mem 0x00000000feffc000-0x00000000feffffff]  device reserved
[    0.000000] BIOS-e820: [gap 0x00000000ff000000-0x00000000fffbffff]
[    0.000000] BIOS-e820: [mem 0x00000000fffc0000-0x00000000ffffffff]  device reserved
[    0.000000] BIOS-e820: [mem 0x0000000100000000-0x000000013fffffff]  System RAM
[    0.000000] BIOS-e820: [gap 0x0000000140000000-0x000000fcffffffff]
[    0.000000] BIOS-e820: [mem 0x000000fd00000000-0x000000ffffffffff]  device reserved
[    0.000000] printk: legacy bootconsole [earlyser0] enabled
[    0.000000] NX (Execute Disable) protection: active
[    0.000000] APIC: Static calls initialized
[    0.000000] DMI: SMBIOS 3.0.0 present.
[    0.000000] DMI: QEMU Ubuntu 24.04 PC v2 (i440FX + PIIX, arch_caps fix, 1996), BIOS 1.16.3-debian-1.16.3-2 04/01/2014
[    0.000000] DMI: Memory slots populated: 1/1
[    0.000000] Hypervisor detected: KVM
[    0.000000] last_pfn = 0xbffe0 max_arch_pfn = 0x400000000
[    0.000000] kvm-clock: Using msrs 4b564d01 and 4b564d00
[    0.000001] kvm-clock: using sched offset of 483901442 cycles
[    0.000897] clocksource: kvm-clock: mask: 0xffffffffffffffff max_cycles: 0x1cd42e4dffb, max_idle_ns: 881590591483 ns
[    0.003725] tsc: Detected 3400.038 MHz processor
[    0.004903] e820: update [mem 0x00000000-0x00000fff] System RAM ==> device reserved
[    0.006249] e820: remove [mem 0x000a0000-0x000fffff] System RAM
[    0.007275] last_pfn = 0x140000 max_arch_pfn = 0x400000000
[    0.008328] MTRR map: 4 entries (3 fixed + 1 variable; max 19), built from 8 variable MTRRs
[    0.009759] x86/PAT: Configuration [0-7]: WB  WC  UC- UC  WB  WP  UC- WT  
Memory KASLR using RDRAND RDTSC...
[    0.011649] last_pfn = 0xbffe0 max_arch_pfn = 0x400000000
[    0.013788] found SMP MP-table at [mem 0x000f5450-0x000f545f]
[    0.014822] Using GB pages for direct mapping
[    0.015705] ACPI: Early table checksum verification disabled
[    0.016697] ACPI: RSDP 0x00000000000F5240 000014 (v00 BOCHS )
[    0.017688] ACPI: RSDT 0x00000000BFFE1F16 000034 (v01 BOCHS  BXPC     00000001 BXPC 00000001)
[    0.019197] ACPI: FACP 0x00000000BFFE1D92 000074 (v01 BOCHS  BXPC     00000001 BXPC 00000001)
[    0.020678] ACPI: DSDT 0x00000000BFFE0040 001D52 (v01 BOCHS  BXPC     00000001 BXPC 00000001)
[    0.022173] ACPI: FACS 0x00000000BFFE0000 000040
[    0.022973] ACPI: APIC 0x00000000BFFE1E06 0000B0 (v03 BOCHS  BXPC     00000001 BXPC 00000001)
[    0.024467] ACPI: HPET 0x00000000BFFE1EB6 000038 (v01 BOCHS  BXPC     00000001 BXPC 00000001)
[    0.025988] ACPI: WAET 0x00000000BFFE1EEE 000028 (v01 BOCHS  BXPC     00000001 BXPC 00000001)
[    0.027482] ACPI: Reserving FACP table memory at [mem 0xbffe1d92-0xbffe1e05]
[    0.028737] ACPI: Reserving DSDT table memory at [mem 0xbffe0040-0xbffe1d91]
[    0.029999] ACPI: Reserving FACS table memory at [mem 0xbffe0000-0xbffe003f]
[    0.031245] ACPI: Reserving APIC table memory at [mem 0xbffe1e06-0xbffe1eb5]
[    0.032477] ACPI: Reserving HPET table memory at [mem 0xbffe1eb6-0xbffe1eed]
[    0.033681] ACPI: Reserving WAET table memory at [mem 0xbffe1eee-0xbffe1f15]
[    0.035354] No NUMA configuration found
[    0.036030] Faking a node at [mem 0x0000000000000000-0x000000013fffffff]
[    0.037240] NODE_DATA(0) allocated [mem 0x13fff9c80-0x13fffdfff]
[    0.039172] ACPI: PM-Timer IO Port: 0x608
[    0.039880] ACPI: LAPIC_NMI (acpi_id[0xff] dfl dfl lint[0x1])
[    0.040933] IOAPIC[0]: apic_id 0, version 17, address 0xfec00000, GSI 0-23
[    0.042148] ACPI: INT_SRC_OVR (bus 0 bus_irq 0 global_irq 2 dfl dfl)
[    0.043248] ACPI: INT_SRC_OVR (bus 0 bus_irq 5 global_irq 5 high level)
[    0.044400] ACPI: INT_SRC_OVR (bus 0 bus_irq 9 global_irq 9 high level)
[    0.045531] ACPI: INT_SRC_OVR (bus 0 bus_irq 10 global_irq 10 high level)
[    0.046736] ACPI: INT_SRC_OVR (bus 0 bus_irq 11 global_irq 11 high level)
[    0.047899] ACPI: Using ACPI (MADT) for SMP configuration information
[    0.049020] ACPI: HPET id: 0x8086a201 base: 0xfed00000
[    0.049902] TSC deadline timer available
[    0.050613] CPU topo: Max. logical packages:   1
[    0.051402] CPU topo: Max. logical nodes:      1
[    0.052210] CPU topo: Num. nodes per package:  1
[    0.053001] CPU topo: Max. logical dies:       1
[    0.053789] CPU topo: Max. dies per package:   1
[    0.054606] CPU topo: Max. threads per core:   1
[    0.055411] CPU topo: Num. cores per package:     8
[    0.056291] CPU topo: Num. threads per package:   8
[    0.057124] CPU topo: Allowing 8 present CPUs plus 0 hotplug CPUs
[    0.058200] kvm-guest: APIC: eoi() replaced with kvm_guest_apic_eoi_write()
[    0.059426] kvm-guest: KVM setup pv remote TLB flush
[    0.060315] kvm-guest: setup PV sched yield
[    0.061037] PM: hibernation: Registered nosave memory: [mem 0x00000000-0x00000fff]
[    0.062359] PM: hibernation: Registered nosave memory: [mem 0x0009f000-0x000fffff]
[    0.063656] PM: hibernation: Registered nosave memory: [mem 0xbffe0000-0xffffffff]
[    0.064983] [gap 0xc0000000-0xfeffbfff] available for PCI devices
[    0.066025] Booting paravirtualized kernel on KVM
[    0.066856] clocksource: refined-jiffies: mask: 0xffffffff max_cycles: 0xffffffff, max_idle_ns: 1910969940391419 ns
[    0.073258] Zone ranges:
[    0.073719]   DMA      [mem 0x0000000000001000-0x0000000000ffffff]
[    0.074834]   DMA32    [mem 0x0000000001000000-0x00000000ffffffff]
[    0.075899]   Normal   [mem 0x0000000100000000-0x000000013fffffff]
[    0.076980] Movable zone start for each node
[    0.077714] Early memory node ranges
[    0.078353]   node   0: [mem 0x0000000000001000-0x000000000009efff]
[    0.079441]   node   0: [mem 0x0000000000100000-0x00000000bffdffff]
[    0.080533]   node   0: [mem 0x0000000100000000-0x000000013fffffff]
[    0.081606] Initmem setup node 0 [mem 0x0000000000001000-0x000000013fffffff]
[    0.082871] On node 0, zone DMA: 1 pages in unavailable ranges
[    0.084390] On node 0, zone DMA: 97 pages in unavailable ranges
[    0.214028] On node 0, zone Normal: 32 pages in unavailable ranges
[    0.215186] setup_percpu: NR_CPUS:128 nr_cpumask_bits:8 nr_cpu_ids:8 nr_node_ids:1
[    0.220578] percpu: Embedded 58 pages/cpu s199696 r8192 d29680 u262144
[    0.221725] pcpu-alloc: s199696 r8192 d29680 u262144 alloc=1*2097152
[    0.222877] pcpu-alloc: [0] 0 1 2 3 4 5 6 7 
[    0.223662] Kernel command line: virtme_hostname=virtme-ng nr_open=1048576 virtme_link_mods=/home/prozak/sources/heimdall_experiment/uml-harness/.build/bpf-next-x86/.virtme_mods/lib/modules/0.0.0 virtme_rw_overlay0=/tmp virtme_console=ttyS0 console=ttyS0 earlyprintk=serial,ttyS0,115200 panic=-1 virtme.exec=`bW91bnQgLXQgYnBmIGJwZmZzIC9zeXMvZnMvYnBmIDI+L2Rldi9udWxsOyAuL3Rlc3RfcHJvZ3MgLXQgJ2Nncm91cF9za2Jfc2tfbG9va3VwJw==` virtme_chdir=home/prozak/sources/heimdall_experiment/uml-harness/.build/selftests-output-qemu rootfstype=9p rootflags=version=9p2000.L,trans=virtio,access=any,msize=524288 raid=noautodetect rw debug init=/home/prozak/.local/share/vng-venv/lib/python3.12/site-packages/virtme/guest/bin/virtme-ng-init
[    0.234878] Unknown kernel command line parameters "virtme_hostname=virtme-ng nr_open=1048576 virtme_link_mods=/home/prozak/sources/heimdall_experiment/uml-harness/.build/bpf-next-x86/.virtme_mods/lib/modules/0.0.0 virtme_rw_overlay0=/tmp virtme_console=ttyS0 virtme_chdir=home/prozak/sources/heimdall_experiment/uml-harness/.build/selftests-output-qemu", will be passed to user space.
[    0.240855] random: crng init done
[    0.241456] printk: log buffer data + meta data: 2097152 + 7340032 = 9437184 bytes
[    0.250930] Dentry cache hash table entries: 524288 (order: 10, 4194304 bytes, linear)
[    0.256317] Inode-cache hash table entries: 262144 (order: 9, 2097152 bytes, linear)
[    0.257940] software IO TLB: area num 8.
[    0.392715] Fallback order for Node 0: 0 
[    0.392722] Built 1 zonelists, mobility grouping on.  Total pages: 1048446
[    0.394666] Policy zone: Normal
[    0.395240] mem auto-init: stack:all(zero), heap alloc:off, heap free:off
[    0.401553] SLUB: HWalign=64, Order=0-3, MinObjects=0, CPUs=8, Nodes=1
Poking KASLR using RDRAND RDTSC...
[    0.417380] ftrace: allocating 69757 entries in 274 pages
[    0.418359] ftrace: allocated 274 pages with 3 groups
[    0.419815] Dynamic Preempt: full
[    0.420703] Running RCU self tests
[    0.421367] Running RCU synchronous self tests
[    0.422149] rcu: Preemptible hierarchical RCU implementation.
[    0.423158] rcu: 	RCU event tracing is enabled.
[    0.423940] rcu: 	RCU lockdep checking is enabled.
[    0.424790] rcu: 	RCU restricting CPUs from NR_CPUS=128 to nr_cpu_ids=8.
[    0.425965] 	Trampoline variant of Tasks RCU enabled.
[    0.426836] 	Rude variant of Tasks RCU enabled.
[    0.427635] 	Tracing variant of Tasks RCU enabled.
[    0.428476] rcu: RCU calculated value of scheduler-enlistment delay is 100 jiffies.
[    0.429821] rcu: Adjusting geometry for rcu_fanout_leaf=16, nr_cpu_ids=8
[    0.431059] Running RCU synchronous self tests
[    0.431831] RCU Tasks: Setting shift to 3 and lim to 1 rcu_task_cb_adjust=1 rcu_task_cpu_ids=8.
[    0.433361] RCU Tasks Rude: Setting shift to 3 and lim to 1 rcu_task_cb_adjust=1 rcu_task_cpu_ids=8.
[    0.440776] NR_IRQS: 8448, nr_irqs: 488, preallocated irqs: 16
[    0.442225] rcu: srcu_init: Setting srcu_struct sizes based on contention.
[    0.443491] clocksource: jiffies: mask: 0xffffffff max_cycles: 0xffffffff, max_idle_ns: 1911260446275000 ns
[    0.445597] Console: colour *CGA 80x25
[    0.446339] printk: legacy console [ttyS0] enabled
[    0.446339] printk: legacy console [ttyS0] enabled
[    0.448045] printk: legacy bootconsole [earlyser0] disabled
[    0.448045] printk: legacy bootconsole [earlyser0] disabled
[    0.450040] Lock dependency validator: Copyright (c) 2006 Red Hat, Inc., Ingo Molnar
[    0.451426] ... MAX_LOCKDEP_SUBCLASSES:  8
[    0.452170] ... MAX_LOCK_DEPTH:          48
[    0.452917] ... MAX_LOCKDEP_KEYS:        8192
[    0.453773] ... CLASSHASH_SIZE:          4096
[    0.454576] ... MAX_LOCKDEP_ENTRIES:     32768
[    0.455396] ... MAX_LOCKDEP_CHAINS:      65536
[    0.456214] ... CHAINHASH_SIZE:          32768
[    0.457027]  memory used by lock dependency info: 6429 kB
[    0.458012]  memory used for stack traces: 4224 kB
[    0.458862]  per task-struct memory footprint: 1920 bytes
[    0.459948] ACPI: Core revision 20260408
[    0.460901] clocksource: hpet: mask: 0xffffffff max_cycles: 0xffffffff, max_idle_ns: 19112604467 ns
[    0.462780] APIC: Switch to symmetric I/O mode setup
[    0.464143] x2apic enabled
[    0.465180] APIC: Switched APIC routing to: physical x2apic
[    0.466231] kvm-guest: APIC: send_IPI_mask() replaced with kvm_send_ipi_mask()
[    0.467578] kvm-guest: APIC: send_IPI_mask_allbutself() replaced with kvm_send_ipi_mask_allbutself()
[    0.469647] kvm-guest: setup PV IPIs
[    0.472606] ..TIMER: vector=0x30 apic1=0 pin1=2 apic2=-1 pin2=-1
[    0.473844] clocksource: tsc-early: mask: 0xffffffffffffffff max_cycles: 0x31027285e94, max_idle_ns: 440795238296 ns
[    0.475837] Calibrating delay loop (skipped) preset value.. 6800.07 BogoMIPS (lpj=3400038)
[    0.478179] x86/cpu: User Mode Instruction Prevention (UMIP) activated
[    0.479851] Last level iTLB entries: 4KB 512, 2MB 255, 4MB 127
[    0.480834] Last level dTLB entries: 4KB 512, 2MB 255, 4MB 127, 1GB 0
[    0.481842] mitigations: Enabled attack vectors: user_kernel, user_user, SMT mitigations: auto
[    0.482834] Speculative Store Bypass: Mitigation: Speculative Store Bypass disabled via prctl
[    0.483834] Speculative Return Stack Overflow: IBPB-extending microcode not applied!
[    0.484834] Speculative Return Stack Overflow: WARNING: See https://kernel.org/doc/html/latest/admin-guide/hw-vuln/srso.html for mitigation options.
[    0.484835] Transient Scheduler Attacks: Vulnerable: No microcode
[    0.486834] Spectre V2 : Mitigation: Retpolines
[    0.487637] Speculative Return Stack Overflow: Vulnerable: Safe RET, no microcode
[    0.487834] Spectre V1 : Mitigation: usercopy/swapgs barriers and __user pointer sanitization
[    0.488834] Spectre V2 : Spectre v2 / SpectreRSB: Filling RSB on context switch and VMEXIT
[    0.489834] Spectre V2 : Enabling Restricted Speculation for firmware calls
[    0.490836] Spectre V2 : mitigation: Enabling conditional Indirect Branch Prediction Barrier
[    0.491834] active return thunk: srso_alias_return_thunk
[    0.492884] x86/fpu: Supporting XSAVE feature 0x001: 'x87 floating point registers'
[    0.493834] x86/fpu: Supporting XSAVE feature 0x002: 'SSE registers'
[    0.494834] x86/fpu: Supporting XSAVE feature 0x004: 'AVX registers'
[    0.495834] x86/fpu: xstate_offset[2]:  576, xstate_sizes[2]:  256
[    0.496834] x86/fpu: Enabled xstate features 0x7, context size is 832 bytes, using 'compacted' format.
[    0.532067] pid_max: default: 32768 minimum: 301
[    0.533040] SELinux:  Initializing.
[    0.535320] LSM support for eBPF active
[    0.536124] Mount-cache hash table entries: 8192 (order: 4, 65536 bytes, linear)
[    0.536965] Mountpoint-cache hash table entries: 8192 (order: 4, 65536 bytes, linear)
[    0.538964] VFS: Finished mounting rootfs on nullfs
[    0.541421] Running RCU synchronous self tests
[    0.541836] Running RCU synchronous self tests
[    0.543958] smpboot: CPU0: AMD Ryzen 9 5950X 16-Core Processor (family: 0x19, model: 0x21, stepping: 0x2)
[    0.546133] Performance Events: Fam17h+ core perfctr, AMD PMU driver.
[    0.546854] ... version:                   0
[    0.547759] ... bit width:                 48
[    0.547839] ... generic counters:          6
[    0.548761] ... generic bitmap:            000000000000003f
[    0.548841] ... fixed-purpose counters:    0
[    0.549730] ... fixed-purpose bitmap:      0000000000000000
[    0.549841] ... value mask:                0000ffffffffffff
[    0.550839] ... max period:                00007fffffffffff
[    0.551841] ... global_ctrl mask:          000000000000003f
[    0.553161] signal: max sigframe size: 1776
[    0.554870] rcu: Hierarchical SRCU implementation.
[    0.555841] rcu: 	Max phase no-delay instances is 400.
[    0.557143] Timer migration: 1 hierarchy levels; 8 children per group; 1 crossnode level
[    0.569967] smp: Bringing up secondary CPUs ...
[    0.574325] smpboot: x86: Booting SMP configuration:
[    0.574849] .... node  #0, CPUs:      #1 #2 #3 #4 #5 #6 #7
[    0.608246] smp: Brought up 1 node, 8 CPUs
[    0.609783] smpboot: Total of 8 processors activated (54400.60 BogoMIPS)
[    0.611571] Memory: 3963788K/4193784K available (25637K kernel code, 10348K rwdata, 18032K rodata, 4668K init, 13400K bss, 221944K reserved, 0K cma-reserved)
[    0.613843] devtmpfs: initialized
[    0.618121] Running RCU synchronous self tests
[    0.618860] Running RCU synchronous self tests
[    0.620002] Running RCU Tasks wait API self tests
[    0.620905] Running RCU Tasks Rude wait API self tests
[    0.621842] Running RCU Tasks Trace wait API self tests
[    0.622955] posixtimers hash table entries: 4096 (order: 7, 294912 bytes, linear)
[    0.625047] futex hash table entries: 2048 (262144 bytes on 1 NUMA nodes, total 256 KiB, linear).
[    0.626841] PM: RTC time: 22:54:18, date: 2026-08-02
[    0.627870] Callback from call_rcu_tasks_trace() invoked.
[    0.634168] NET: Registered PF_NETLINK/PF_ROUTE protocol family
[    0.635874] audit: initializing netlink subsys (disabled)
[    0.636948] audit: type=2000 audit(1785711258.209:1): state=initialized audit_enabled=0 res=1
[    0.660548] thermal_sys: Registered thermal governor 'step_wise'
[    0.660630] cpuidle: using governor ladder
[    0.661792] cpuidle: using governor menu
[    0.663039] Freeing SMP alternatives memory: 68K
[    0.664694] PCI: Using configuration type 1 for base access
[    0.664841] PCI: Using configuration type 1 for extended access
[    0.666035] kprobes: kprobe jump-optimization is enabled. All kprobes are optimized if possible.
[    0.667986] HugeTLB: registered 1.00 GiB page size, pre-allocated 0 pages
[    0.668846] HugeTLB: 16380 KiB vmemmap can be freed for a 1.00 GiB page
[    0.669844] HugeTLB: registered 2.00 MiB page size, pre-allocated 0 pages
[    0.670844] HugeTLB: 28 KiB vmemmap can be freed for a 2.00 MiB page
[    0.676713] ACPI: Added _OSI(Module Device)
[    0.676843] ACPI: Added _OSI(Processor Device)
[    0.677841] ACPI: Added _OSI(Processor Aggregator Device)
[    0.682619] ACPI: 1 ACPI AML tables successfully acquired and loaded
[    0.685377] ACPI: \_SB_: platform _OSC: OS support mask [002a7eee]
[    0.687611] ACPI: Interpreter enabled
[    0.687910] ACPI: PM: (supports S0 S3 S4 S5)
[    0.688852] ACPI: Using IOAPIC for interrupt routing
[    0.690964] PCI: Using host bridge windows from ACPI; if necessary, use "pci=nocrs" and report a bug
[    0.692842] PCI: Using E820 reservations for host bridge windows
[    0.694243] ACPI: Enabled 2 GPEs in block 00 to 0F
[    0.710177] ACPI: PCI Root Bridge [PCI0] (domain 0000 [bus 00-ff])
[    0.711847] acpi PNP0A03:00: _OSC: OS supports [ExtendedConfig ASPM ClockPM Segments MSI HPX-Type3]
[    0.713853] acpi PNP0A03:00: _OSC: OS requested [PME PCIeCapability LTR]
[    0.714842] acpi PNP0A03:00: _OSC: platform willing to grant [PME PCIeCapability LTR]
[    0.716841] acpi PNP0A03:00: _OSC: platform retains control of PCIe features (AE_ERROR)
[    0.718577] PCI host bridge to bus 0000:00
[    0.719849] pci_bus 0000:00: root bus resource [io  0x0000-0x0cf7 window]
[    0.720843] pci_bus 0000:00: root bus resource [io  0x0d00-0xffff window]
[    0.722843] pci_bus 0000:00: root bus resource [mem 0x000a0000-0x000bffff window]
[    0.724890] pci_bus 0000:00: root bus resource [mem 0xc0000000-0xfebfffff window]
[    0.725843] pci_bus 0000:00: root bus resource [mem 0x380000000000-0x38007fffffff window]
[    0.727842] pci_bus 0000:00: root bus resource [bus 00-ff]
[    0.729243] pci 0000:00:00.0: [8086:1237] type 00 class 0x060000 conventional PCI endpoint
[    0.732408] pci 0000:00:01.0: [8086:7000] type 00 class 0x060100 conventional PCI endpoint
[    0.736199] pci 0000:00:01.1: [8086:7010] type 00 class 0x010180 conventional PCI endpoint
[    0.738948] pci 0000:00:01.1: BAR 4 [io  0xc1c0-0xc1cf]
[    0.739916] pci 0000:00:01.1: BAR 0 [io  0x01f0-0x01f7]: legacy IDE quirk
[    0.741842] pci 0000:00:01.1: BAR 1 [io  0x03f6]: legacy IDE quirk
[    0.742842] pci 0000:00:01.1: BAR 2 [io  0x0170-0x0177]: legacy IDE quirk
[    0.743842] pci 0000:00:01.1: BAR 3 [io  0x0376]: legacy IDE quirk
[    0.746560] pci 0000:00:01.3: [8086:7113] type 00 class 0x068000 conventional PCI endpoint
[    0.748546] pci 0000:00:01.3: quirk: [io  0x0600-0x063f] claimed by PIIX4 ACPI
[    0.749860] pci 0000:00:01.3: quirk: [io  0x0700-0x070f] claimed by PIIX4 SMB
[    0.752886] pci 0000:00:02.0: [1af4:1009] type 00 class 0x000200 conventional PCI endpoint
[    0.756858] pci 0000:00:02.0: BAR 0 [io  0xc000-0xc03f]
[    0.757859] pci 0000:00:02.0: BAR 1 [mem 0xfebf8000-0xfebf8fff]
[    0.758913] pci 0000:00:02.0: BAR 4 [mem 0x380000000000-0x380000003fff 64bit pref]
[    0.763941] pci 0000:00:03.0: [8086:25ab] type 00 class 0x088000 conventional PCI endpoint
[    0.765856] pci 0000:00:03.0: BAR 0 [mem 0xfebf9000-0xfebf900f]
[    0.770429] pci 0000:00:04.0: [1af4:1003] type 00 class 0x078000 conventional PCI endpoint
[    0.772860] pci 0000:00:04.0: BAR 0 [io  0xc040-0xc07f]
[    0.774858] pci 0000:00:04.0: BAR 1 [mem 0xfebfa000-0xfebfafff]
[    0.775919] pci 0000:00:04.0: BAR 4 [mem 0x380000004000-0x380000007fff 64bit pref]
[    0.779831] pci 0000:00:05.0: [1af4:1003] type 00 class 0x078000 conventional PCI endpoint
[    0.783860] pci 0000:00:05.0: BAR 0 [io  0xc080-0xc0bf]
[    0.784857] pci 0000:00:05.0: BAR 1 [mem 0xfebfb000-0xfebfbfff]
[    0.785903] pci 0000:00:05.0: BAR 4 [mem 0x380000008000-0x38000000bfff 64bit pref]
[    0.791346] pci 0000:00:06.0: [1af4:1003] type 00 class 0x078000 conventional PCI endpoint
[    0.793807] pci 0000:00:06.0: BAR 0 [io  0xc0c0-0xc0ff]
[    0.794859] pci 0000:00:06.0: BAR 1 [mem 0xfebfc000-0xfebfcfff]
[    0.796902] pci 0000:00:06.0: BAR 4 [mem 0x38000000c000-0x38000000ffff 64bit pref]
[    0.801108] pci 0000:00:07.0: [1af4:1003] type 00 class 0x078000 conventional PCI endpoint
[    0.803857] pci 0000:00:07.0: BAR 0 [io  0xc100-0xc13f]
[    0.804858] pci 0000:00:07.0: BAR 1 [mem 0xfebfd000-0xfebfdfff]
[    0.806903] pci 0000:00:07.0: BAR 4 [mem 0x380000010000-0x380000013fff 64bit pref]
[    0.811396] pci 0000:00:08.0: [1af4:1003] type 00 class 0x078000 conventional PCI endpoint
[    0.814774] pci 0000:00:08.0: BAR 0 [io  0xc140-0xc17f]
[    0.815859] pci 0000:00:08.0: BAR 1 [mem 0xfebfe000-0xfebfefff]
[    0.816901] pci 0000:00:08.0: BAR 4 [mem 0x380000014000-0x380000017fff 64bit pref]
[    0.820831] pci 0000:00:09.0: [1af4:1003] type 00 class 0x078000 conventional PCI endpoint
[    0.823859] pci 0000:00:09.0: BAR 0 [io  0xc180-0xc1bf]
[    0.825859] pci 0000:00:09.0: BAR 1 [mem 0xfebff000-0xfebfffff]
[    0.826902] pci 0000:00:09.0: BAR 4 [mem 0x380000018000-0x38000001bfff 64bit pref]
[    0.836348] ACPI: PCI: Interrupt link LNKA configured for IRQ 10
[    0.838102] ACPI: PCI: Interrupt link LNKB configured for IRQ 10
[    0.840114] ACPI: PCI: Interrupt link LNKC configured for IRQ 11
[    0.841110] ACPI: PCI: Interrupt link LNKD configured for IRQ 11
[    0.842971] ACPI: PCI: Interrupt link LNKS configured for IRQ 9
[    0.846018] iommu: Default domain type: Translated
[    0.847843] iommu: DMA domain TLB invalidation policy: lazy mode
[    0.850379] SCSI subsystem initialized
[    0.851950] libata version 3.00 loaded.
[    0.852971] ACPI: bus type USB registered
[    0.854039] usbcore: registered new interface driver usbfs
[    0.854915] usbcore: registered new interface driver hub
[    0.855916] usbcore: registered new device driver usb
[    0.856981] pps_core: LinuxPPS API ver. 1 registered
[    0.857840] pps_core: Software ver. 5.3.6 - Copyright 2005-2007 Rodolfo Giometti <giometti@linux.it>
[    0.859871] PTP clock support registered
[    0.861326] Advanced Linux Sound Architecture Driver Initialized.
[    0.864115] NetLabel: Initializing
[    0.864841] NetLabel:  domain hash size = 128
[    0.865771] NetLabel:  protocols = UNLABELED CIPSOv4 CALIPSO
[    0.866920] NetLabel:  unlabeled traffic allowed by default
[    0.869063] PCI: Using ACPI for IRQ routing
[    0.869840] PCI: pci_cache_line_size set to 64 bytes
[    0.871222] e820: register RAM buffer resource [mem 0x0009fc00-0x0009ffff]
[    0.872873] e820: register RAM buffer resource [mem 0xbffe0000-0xbfffffff]
[    0.874855] vgaarb: loaded
[    0.875631] hpet0: at MMIO 0xfed00000, IRQs 2, 8, 0
[    0.875842] hpet0: 3 comparators, 64-bit 100.000000 MHz counter
[    0.884201] clocksource: Switched to clocksource kvm-clock
[    0.886538] VFS: Disk quotas dquot_6.6.0
[    0.887482] VFS: Dquot-cache hash table entries: 512 (4096 bytes)
[    0.889982] pnp: PnP ACPI init
[    0.891158] pnp 00:02: [dma 2]
[    0.892752] pnp: PnP ACPI: found 4 devices
[    0.910692] clocksource: acpi_pm: mask: 0xffffff max_cycles: 0xffffff, max_idle_ns: 2085701024 ns
[    0.912863] NET: Registered PF_INET protocol family
[    0.915182] IP idents hash table entries: 65536 (order: 7, 524288 bytes, linear)
[    0.919199] tcp_listen_portaddr_hash hash table entries: 2048 (order: 6, 147456 bytes, linear)
[    0.921668] Table-perturb hash table entries: 65536 (order: 6, 262144 bytes, linear)
[    0.923347] TCP established hash table entries: 32768 (order: 6, 262144 bytes, linear)
[    0.925704] TCP bind hash table entries: 32768 (order: 11, 4718592 bytes, vmalloc hugepage)
[    0.932559] Callback from call_rcu_tasks() invoked.
[    0.937853] TCP: Hash tables configured (established 32768 bind 32768)
[    0.940838] MPTCP token hash table entries: 4096 (order: 7, 360448 bytes, linear)
[    0.942598] UDP hash table entries: 2048 (order: 7, 524288 bytes, linear)
[    0.945281] NET: Registered PF_UNIX/PF_LOCAL protocol family
[    0.947608] RPC: Registered named UNIX socket transport module.
[    0.948919] RPC: Registered udp transport module.
[    0.949987] RPC: Registered tcp transport module.
[    0.951051] RPC: Registered tcp-with-tls transport module.
[    0.952192] RPC: Registered tcp NFSv4.1 backchannel transport module.
[    0.954579] NET: Registered PF_XDP protocol family
[    0.955910] pci_bus 0000:00: resource 4 [io  0x0000-0x0cf7 window]
[    0.957249] pci_bus 0000:00: resource 5 [io  0x0d00-0xffff window]
[    0.958630] pci_bus 0000:00: resource 6 [mem 0x000a0000-0x000bffff window]
[    0.960081] pci_bus 0000:00: resource 7 [mem 0xc0000000-0xfebfffff window]
[    0.961589] pci_bus 0000:00: resource 8 [mem 0x380000000000-0x38007fffffff window]
[    0.963321] pci 0000:00:01.0: PIIX3: Enabling Passive Release
[    0.964553] pci 0000:00:00.0: Limiting direct PCI/PCI transfers
[    0.965972] PCI: CLS 0 bytes, default 64
[    0.966974] PCI-DMA: Using software bounce buffering for IO (SWIOTLB)
[    0.968386] software IO TLB: mapped [mem 0x00000000bbfe0000-0x00000000bffe0000] (64MB)
[    0.971177] clocksource: tsc: mask: 0xffffffffffffffff max_cycles: 0x31027285e94, max_idle_ns: 440795238296 ns
[    0.982048] Initialise system trusted keyrings
[    0.983572] workingset: timestamp_bits=40 (anon: 35) max_order=20 bucket_order=0 (anon: 0)
[    0.986468] squashfs: version 4.0 (2009/01/31) Phillip Lougher
[    0.988493] NFS: Registering the id_resolver key type
[    0.989737] Key type id_resolver registered
[    0.990686] Key type id_legacy registered
[    0.991562] nfs4filelayout_init: NFSv4 File Layout Driver Registering...
[    0.993061] nfs4flexfilelayout_init: NFSv4 Flexfile Layout Driver Registering...
[    0.994903] fuse: init (API version 7.45)
[    0.996103] 9p: Installing v9fs 9p2000 file system support
[    0.999087] NET: Registered PF_ALG protocol family
[    1.000187] Key type asymmetric registered
[    1.001116] Asymmetric key parser 'x509' registered
[    1.002304] Block layer SCSI generic (bsg) driver version 0.4 loaded (major 248)
[    1.004406] io scheduler mq-deadline registered
[    1.005452] io scheduler kyber registered
[    1.007676] input: Power Button as /devices/platform/LNXPWRBN:00/input/input0
[    1.009550] ACPI: button: Power Button [PWRF]
[    1.137123] ACPI: \_SB_.LNKB: Enabled at IRQ 10
[    1.261483] ACPI: \_SB_.LNKD: Enabled at IRQ 11
[    1.386015] ACPI: \_SB_.LNKA: Enabled at IRQ 10
[    1.485817] kwatchdog (97) used greatest stack depth: 14776 bytes left
[    1.636062] ACPI: \_SB_.LNKC: Enabled at IRQ 11
[    1.886943] Serial: 8250/16550 driver, 4 ports, IRQ sharing enabled
[    1.889528] 00:03: ttyS0 at I/O 0x3f8 (irq = 4, base_baud = 115200) is a 16550A
[    2.030284] Non-volatile memory driver v1.3
[    2.032002] ACPI: bus type drm_connector registered
[    2.053902] brd: module loaded
[    2.067206] loop: module loaded
[    2.073408] scsi host0: ata_piix
[    2.075251] scsi host1: ata_piix
[    2.076336] ata1: PATA max MWDMA2 cmd 0x1f0 ctl 0x3f6 bmdma 0xc1c0 irq 14 lpm-pol 0
[    2.077992] ata2: PATA max MWDMA2 cmd 0x170 ctl 0x376 bmdma 0xc1c8 irq 15 lpm-pol 0
[    2.084588] tun: Universal TUN/TAP device driver, 1.6
[    2.086240] e100: Intel(R) PRO/100 Network Driver
[    2.087273] e100: Copyright(c) 1999-2006 Intel Corporation
[    2.088606] e1000: Intel(R) PRO/1000 Network Driver
[    2.089709] e1000: Copyright (c) 1999-2006 Intel Corporation.
[    2.091056] e1000e: Intel(R) PRO/1000 Network Driver
[    2.092172] e1000e: Copyright(c) 1999 - 2015 Intel Corporation.
[    2.093559] sky2: driver version 1.30
[    2.095637] usbcore: registered new interface driver usblp
[    2.096928] usbcore: registered new interface driver usb-storage
[    2.098420] i8042: PNP: PS/2 Controller [PNP0303:KBD,PNP0f13:MOU] at 0x60,0x64 irq 1,12
[    2.101699] serio: i8042 KBD port at 0x60,0x64 irq 1
[    2.103245] serio: i8042 AUX port at 0x60,0x64 irq 12
[    2.105872] input: AT Translated Set 2 keyboard as /devices/platform/i8042/serio0/input/input1
[    2.108078] rtc_cmos PNP0B00:00: RTC can wake from S4
[    2.111752] rtc_cmos PNP0B00:00: registered as rtc0
[    2.113132] rtc_cmos PNP0B00:00: alarms up to one day, y3k, 242 bytes nvram, hpet irqs
[    2.116708] Registered IR keymap rc-empty
[    2.118279] rc rc0: rc-core loopback device as /devices/virtual/rc/rc0
[    2.120307] rc rc0: lirc_dev: driver rc-loopback registered at minor = 0, raw IR receiver, raw IR transmitter
[    2.122873] input: rc-core loopback device as /devices/virtual/rc/rc0/input4
[    2.126687] intel_powerclamp: CPU does not support MWAIT
[    2.128149] device-mapper: core: CONFIG_IMA_DISABLE_HTABLE is disabled. Duplicate IMA measurements will not be recorded in the IMA log.
[    2.131237] device-mapper: ioctl: 4.50.0-ioctl (2025-04-28) initialised: dm-devel@lists.linux.dev
[    2.133572] amd_pstate: the _CPC object is not present in SBIOS or ACPI disabled
[    2.136080] hid: raw HID events driver (C) Jiri Kosina
[    2.139330] usbcore: registered new interface driver usbhid
[    2.140592] usbhid: USB HID core driver
[    2.142720] GACT probability NOT on
[    2.143556] Mirror/redirect action on
[    2.145792] nf_conntrack_irc: The irc conntrack helper is scheduled for removal.
[    2.145792] Please contact the netfilter-devel mailing list if you still need this.
[    2.150762] ipip: IPv4 and MPLS over IPv4 tunneling driver
[    2.152803] gre: GRE over IPv4 demultiplexer driver
[    2.153880] ip_gre: GRE over IPv4 tunneling driver
[    2.157693] Initializing XFRM netlink socket
[    2.158918] IPsec XFRM device driver
[    2.159848] NET: Registered PF_INET6 protocol family
[    2.163177] Segment Routing with IPv6
[    2.164037] In-situ OAM (IOAM) with IPv6
[    2.164948] mip6: Mobile IPv6
[    2.165642] sit: IPv6, IPv4 and MPLS over IPv4 tunneling driver
[    2.168417] ip6_gre: GRE over IPv6 tunneling driver
[    2.170282] NET: Registered PF_PACKET protocol family
[    2.171471] RPC: Registered rdma transport module.
[    2.172540] RPC: Registered rdma backchannel transport module.
[    2.174191] 8021q: 802.1Q VLAN Support v1.8
[    2.175983] smc: adding smcd device lo without pnetid
[    2.177509] NET: Registered PF_SMC protocol family
[    2.179163] 9pnet: Installing 9P2000 support
[    2.181700] Key type dns_resolver registered
[    2.182900] NET: Registered PF_VSOCK protocol family
[    2.184102] mpls_gso: MPLS GSO support
[    2.188912] IPI shorthand broadcast: enabled
[    2.232805] sched_clock: Marking stable (2208008452, 24340930)->(2284270597, -51921215)
[    2.236875] registered taskstats version 1
[    2.237004] ata2: found unknown device (class 0)
[    2.240268] ata2.00: ATAPI: QEMU DVD-ROM, 2.5+, max UDMA/100
[    2.244859] scsi 1:0:0:0: CD-ROM            QEMU     QEMU DVD-ROM     2.5+ PQ: 0 ANSI: 5
[    2.254268] Loading compiled-in X.509 certificates
[    2.256176] kworker/u32:1 (120) used greatest stack depth: 14152 bytes left
[    2.257646] Loaded X.509 cert 'Build time autogenerated kernel key: c4531344b9a9c1a4731230d977a262ba29ba5272'
[    2.273391] sr 1:0:0:0: [sr0] scsi3-mmc drive: 4x/4x cd/rw xa/form2 tray
[    2.297145] cdrom: Uniform CD-ROM driver Revision: 3.20
[    2.298493] Demotion targets for Node 0: null
[    2.300562] ima: No TPM chip found, activating TPM-bypass!
[    2.301800] ima: Allocated hash algorithm: sha1
[    2.302987] ima: No architecture policies found
[    2.305070] PM:   Magic number: 6:388:956
[    2.306026] virtio-pci 0000:00:04.0: hash matches
[    2.307192] netconsole: network logging started
[    2.308858] cfg80211: Loading compiled-in X.509 certificates for regulatory database
[    2.311648] Loaded X.509 cert 'sforshee: 00b28ddf47aef9cea7'
[    2.313035] Loaded X.509 cert 'wens: 61c038651aabdcf94bd0ac7ff06c7248db18c600'
[    2.314865] faux_driver regulatory: Direct firmware load for regulatory.db failed with error -2
[    2.316835] cfg80211: failed to load regulatory.db
[    2.316960] ALSA device list:
[    2.318723]   No soundcards found.
[    2.323893] sr 1:0:0:0: Attached scsi CD-ROM sr0
[    2.325505] sr 1:0:0:0: Attached scsi generic sg0 type 5
[    2.542909] input: ImExPS/2 Generic Explorer Mouse as /devices/platform/i8042/serio1/input/input3
[    2.544920] md: Skipping autodetection of RAID arrays. (raid=autodetect will force)
[    2.546283] 9p: Bad value for 'source'
[    2.546981] 9pnet: Limiting 'msize' to 512000 as this is the maximum supported by transport virtio
[    2.550589] VFS: Mounted root (9p filesystem) on device 0:22.
[    2.552272] devtmpfs: mounted
[    2.552935] VFS: Pivoted into new rootfs
[    2.557976] Freeing unused kernel image (initmem) memory: 4668K
[    2.558874] Write protecting the kernel read-only data: 45056k
[    2.560866] Freeing unused kernel image (text/rodata gap) memory: 984K
[    2.562227] Freeing unused kernel image (rodata/data gap) memory: 400K
[    2.600126] x86/mm: Checked W+X mappings: passed, no W+X pages found.
[    2.601066] Run /home/prozak/.local/share/vng-venv/lib/python3.12/site-packages/virtme/guest/bin/virtme-ng-init as init process
[    2.602591]   with arguments:
[    2.603035]     /home/prozak/.local/share/vng-venv/lib/python3.12/site-packages/virtme/guest/bin/virtme-ng-init
[    2.604353]   with environment:
[    2.604807]     HOME=/
[    2.605141]     TERM=linux
[    2.605581]     virtme_hostname=virtme-ng
[    2.606125]     nr_open=1048576
[    2.606601]     virtme_link_mods=/home/prozak/sources/heimdall_experiment/uml-harness/.build/bpf-next-x86/.virtme_mods/lib/modules/0.0.0
[    2.608277]     virtme_rw_overlay0=/tmp
[    2.608858]     virtme_console=ttyS0
[    2.609366]     virtme_chdir=home/prozak/sources/heimdall_experiment/uml-harness/.build/selftests-output-qemu
[    2.682059] virtme-ng-init: mount devtmpfs -> /dev: EBUSY: Device or resource busy
[    2.683851] virtme-ng-init: Setting hostname to virtme-ng...
[    2.717708] virtme-ng-init: running systemd-tmpfiles
[    3.908991] systemd-tmpfile (127) used greatest stack depth: 12504 bytes left
[    3.909101] virtme-ng-init: basic initialization done
[    3.928136] virtme-ng-init: error creating file: Permission denied (os error 13)
[    4.036743] ip (132) used greatest stack depth: 11848 bytes left
[    4.158643] virtme-ng-init: Starting systemd-udevd version 255.4-1ubuntu8.16
[    4.160608] virtme-ng-init: triggering udev coldplug
[    7.210141] virtme-ng-init: waiting for udev to settle
[    7.966217] virtme-ng-init: udev is done
[    7.970865] virtme-ng-init: starting script
[    8.257095] bpf_testmod: loading out-of-tree module taints kernel.
[    8.257989] bpf_testmod: module verification failed: signature and/or required key missing - tainting kernel
[    9.423903] smc: removing smcd device lo
[    9.490800] ACPI: PM: Preparing to enter system sleep state S5
[    9.492041] reboot: Power down
