#66/1    cgroup_getset_retval/setsockopt-set:OK
#66/2    cgroup_getset_retval/setsockopt-set_and_get:OK
#66/3    cgroup_getset_retval/setsockopt-default_zero:OK
#66/4    cgroup_getset_retval/setsockopt-default_zero_and_set:OK
#66/5    cgroup_getset_retval/setsockopt-override:OK
#66/6    cgroup_getset_retval/setsockopt-legacy_eperm:OK
#66/7    cgroup_getset_retval/setsockopt-legacy_no_override:OK
#66/8    cgroup_getset_retval/getsockopt-get:OK
#66/9    cgroup_getset_retval/getsockopt-override:OK
#66/10   cgroup_getset_retval/getsockopt-retval_sync:OK
#66/11   cgroup_getset_retval/exposed_hooks:OK
#66      cgroup_getset_retval:OK
Summary: 1/11 PASSED, 0 SKIPPED, 0 FAILED
u) 2.42) #3 SMP PREEMPT_DYNAMIC Sun Aug  2 09:03:43 PDT 2026
[    0.000000] Command line: virtme_hostname=virtme-ng nr_open=1048576 virtme_link_mods=/home/prozak/sources/heimdall_experiment/uml-harness/.build/bpf-next-x86/.virtme_mods/lib/modules/0.0.0 virtme_rw_overlay0=/tmp virtme_console=ttyS0 console=ttyS0 earlyprintk=serial,ttyS0,115200 panic=-1 virtme.exec=`Li90ZXN0X3Byb2dzIC10ICdjZ3JvdXBfZ2V0c2V0X3JldHZhbCc=` virtme_chdir=home/prozak/sources/heimdall_experiment/uml-harness/.build/selftests-output-qemu rootfstype=9p rootflags=version=9p2000.L,trans=virtio,access=any,msize=524288 raid=noautodetect rw debug init=/home/prozak/.local/share/vng-venv/lib/python3.12/site-packages/virtme/guest/bin/virtme-ng-init
[    0.000000] x86 CPU feature dependency check failure: CPU0 has '18*32+31' enabled but '18*32+26' disabled. Kernel might be fine, but no guarantees.
[    0.000000] BIOS-provided physical RAM map:
[    0.000000] BIOS-e820: [mem 0x0000000000000000-0x000000000009fbff]  System RAM
[    0.000000] BIOS-e820: [mem 0x000000000009fc00-0x000000000009ffff]  device reserved
[    0.000000] BIOS-e820: [gap 0x00000000000a0000-0x00000000000effff]
[    0.000000] BIOS-e820: [mem 0x00000000000f0000-0x00000000000fffff]  device reserved
[    0.000000] BIOS-e820: [mem 0x0000000000100000-0x00000000bffdffff]  System RAM
[    0.000000] BIOS-e820: [mem 0x00000000bffe0000-0x00000000bfffffff]  device reserved
[    0.000000] BIOS-e820: [gap 0x00000000c0000000-0x00000000feffbfff]
[    0.000000] BIOS-e820: [mem 0x00000000feffc000-0x00000000feffffff]  device reserved
[    0.000000] BIOS-e820: [gap 0x00000000ff000000-0x00000000fffbffff]
[    0.000000] BIOS-e820: [mem 0x00000000fffc0000-0x00000000ffffffff]  device reserved
[    0.000000] BIOS-e820: [mem 0x0000000100000000-0x000000013fffffff]  System RAM
[    0.000000] BIOS-e820: [gap 0x0000000140000000-0x000000fcffffffff]
[    0.000000] BIOS-e820: [mem 0x000000fd00000000-0x000000ffffffffff]  device reserved
[    0.000000] printk: legacy bootconsole [earlyser0] enabled
[    0.000000] NX (Execute Disable) protection: active
[    0.000000] APIC: Static calls initialized
[    0.000000] DMI: SMBIOS 3.0.0 present.
[    0.000000] DMI: QEMU Ubuntu 24.04 PC v2 (i440FX + PIIX, arch_caps fix, 1996), BIOS 1.16.3-debian-1.16.3-2 04/01/2014
[    0.000000] DMI: Memory slots populated: 1/1
[    0.000000] Hypervisor detected: KVM
[    0.000000] last_pfn = 0xbffe0 max_arch_pfn = 0x400000000
[    0.000000] kvm-clock: Using msrs 4b564d01 and 4b564d00
[    0.000001] kvm-clock: using sched offset of 485804528 cycles
[    0.000936] clocksource: kvm-clock: mask: 0xffffffffffffffff max_cycles: 0x1cd42e4dffb, max_idle_ns: 881590591483 ns
[    0.003842] tsc: Detected 3400.038 MHz processor
[    0.005005] e820: update [mem 0x00000000-0x00000fff] System RAM ==> device reserved
[    0.006381] e820: remove [mem 0x000a0000-0x000fffff] System RAM
[    0.007437] last_pfn = 0x140000 max_arch_pfn = 0x400000000
[    0.008520] MTRR map: 4 entries (3 fixed + 1 variable; max 19), built from 8 variable MTRRs
[    0.010004] x86/PAT: Configuration [0-7]: WB  WC  UC- UC  WB  WP  UC- WT  
Memory KASLR using RDRAND RDTSC...
[    0.011958] last_pfn = 0xbffe0 max_arch_pfn = 0x400000000
[    0.014137] found SMP MP-table at [mem 0x000f5450-0x000f545f]
[    0.015212] Using GB pages for direct mapping
[    0.016091] ACPI: Early table checksum verification disabled
[    0.017113] ACPI: RSDP 0x00000000000F5240 000014 (v00 BOCHS )
[    0.018132] ACPI: RSDT 0x00000000BFFE1F16 000034 (v01 BOCHS  BXPC     00000001 BXPC 00000001)
[    0.019664] ACPI: FACP 0x00000000BFFE1D92 000074 (v01 BOCHS  BXPC     00000001 BXPC 00000001)
[    0.021192] ACPI: DSDT 0x00000000BFFE0040 001D52 (v01 BOCHS  BXPC     00000001 BXPC 00000001)
[    0.022710] ACPI: FACS 0x00000000BFFE0000 000040
[    0.023540] ACPI: APIC 0x00000000BFFE1E06 0000B0 (v03 BOCHS  BXPC     00000001 BXPC 00000001)
[    0.025068] ACPI: HPET 0x00000000BFFE1EB6 000038 (v01 BOCHS  BXPC     00000001 BXPC 00000001)
[    0.026604] ACPI: WAET 0x00000000BFFE1EEE 000028 (v01 BOCHS  BXPC     00000001 BXPC 00000001)
[    0.028115] ACPI: Reserving FACP table memory at [mem 0xbffe1d92-0xbffe1e05]
[    0.029349] ACPI: Reserving DSDT table memory at [mem 0xbffe0040-0xbffe1d91]
[    0.030591] ACPI: Reserving FACS table memory at [mem 0xbffe0000-0xbffe003f]
[    0.031833] ACPI: Reserving APIC table memory at [mem 0xbffe1e06-0xbffe1eb5]
[    0.033059] ACPI: Reserving HPET table memory at [mem 0xbffe1eb6-0xbffe1eed]
[    0.034295] ACPI: Reserving WAET table memory at [mem 0xbffe1eee-0xbffe1f15]
[    0.035958] No NUMA configuration found
[    0.036637] Faking a node at [mem 0x0000000000000000-0x000000013fffffff]
[    0.037825] NODE_DATA(0) allocated [mem 0x13fffbc80-0x13fffffff]
[    0.039724] ACPI: PM-Timer IO Port: 0x608
[    0.040502] ACPI: LAPIC_NMI (acpi_id[0xff] dfl dfl lint[0x1])
[    0.041534] IOAPIC[0]: apic_id 0, version 17, address 0xfec00000, GSI 0-23
[    0.042746] ACPI: INT_SRC_OVR (bus 0 bus_irq 0 global_irq 2 dfl dfl)
[    0.043832] ACPI: INT_SRC_OVR (bus 0 bus_irq 5 global_irq 5 high level)
[    0.044998] ACPI: INT_SRC_OVR (bus 0 bus_irq 9 global_irq 9 high level)
[    0.046154] ACPI: INT_SRC_OVR (bus 0 bus_irq 10 global_irq 10 high level)
[    0.047354] ACPI: INT_SRC_OVR (bus 0 bus_irq 11 global_irq 11 high level)
[    0.048581] ACPI: Using ACPI (MADT) for SMP configuration information
[    0.049703] ACPI: HPET id: 0x8086a201 base: 0xfed00000
[    0.050582] TSC deadline timer available
[    0.051269] CPU topo: Max. logical packages:   1
[    0.052076] CPU topo: Max. logical nodes:      1
[    0.052886] CPU topo: Num. nodes per package:  1
[    0.053714] CPU topo: Max. logical dies:       1
[    0.054523] CPU topo: Max. dies per package:   1
[    0.055355] CPU topo: Max. threads per core:   1
[    0.056179] CPU topo: Num. cores per package:     8
[    0.057027] CPU topo: Num. threads per package:   8
[    0.057903] CPU topo: Allowing 8 present CPUs plus 0 hotplug CPUs
[    0.058981] kvm-guest: APIC: eoi() replaced with kvm_guest_apic_eoi_write()
[    0.060234] kvm-guest: KVM setup pv remote TLB flush
[    0.061109] kvm-guest: setup PV sched yield
[    0.061852] PM: hibernation: Registered nosave memory: [mem 0x00000000-0x00000fff]
[    0.063146] PM: hibernation: Registered nosave memory: [mem 0x0009f000-0x000fffff]
[    0.064472] PM: hibernation: Registered nosave memory: [mem 0xbffe0000-0xffffffff]
[    0.065819] [gap 0xc0000000-0xfeffbfff] available for PCI devices
[    0.066900] Booting paravirtualized kernel on KVM
[    0.067705] clocksource: refined-jiffies: mask: 0xffffffff max_cycles: 0xffffffff, max_idle_ns: 1910969940391419 ns
[    0.074049] Zone ranges:
[    0.074512]   DMA      [mem 0x0000000000001000-0x0000000000ffffff]
[    0.075569]   DMA32    [mem 0x0000000001000000-0x00000000ffffffff]
[    0.076658]   Normal   [mem 0x0000000100000000-0x000000013fffffff]
[    0.077756] Movable zone start for each node
[    0.078485] Early memory node ranges
[    0.079095]   node   0: [mem 0x0000000000001000-0x000000000009efff]
[    0.080184]   node   0: [mem 0x0000000000100000-0x00000000bffdffff]
[    0.081269]   node   0: [mem 0x0000000100000000-0x000000013fffffff]
[    0.082376] Initmem setup node 0 [mem 0x0000000000001000-0x000000013fffffff]
[    0.083631] On node 0, zone DMA: 1 pages in unavailable ranges
[    0.085151] On node 0, zone DMA: 97 pages in unavailable ranges
[    0.214787] On node 0, zone Normal: 32 pages in unavailable ranges
[    0.215941] setup_percpu: NR_CPUS:128 nr_cpumask_bits:8 nr_cpu_ids:8 nr_node_ids:1
[    0.221308] percpu: Embedded 58 pages/cpu s199696 r8192 d29680 u262144
[    0.222472] pcpu-alloc: s199696 r8192 d29680 u262144 alloc=1*2097152
[    0.223577] pcpu-alloc: [0] 0 1 2 3 4 5 6 7 
[    0.224372] Kernel command line: virtme_hostname=virtme-ng nr_open=1048576 virtme_link_mods=/home/prozak/sources/heimdall_experiment/uml-harness/.build/bpf-next-x86/.virtme_mods/lib/modules/0.0.0 virtme_rw_overlay0=/tmp virtme_console=ttyS0 console=ttyS0 earlyprintk=serial,ttyS0,115200 panic=-1 virtme.exec=`Li90ZXN0X3Byb2dzIC10ICdjZ3JvdXBfZ2V0c2V0X3JldHZhbCc=` virtme_chdir=home/prozak/sources/heimdall_experiment/uml-harness/.build/selftests-output-qemu rootfstype=9p rootflags=version=9p2000.L,trans=virtio,access=any,msize=524288 raid=noautodetect rw debug init=/home/prozak/.local/share/vng-venv/lib/python3.12/site-packages/virtme/guest/bin/virtme-ng-init
[    0.234596] Unknown kernel command line parameters "virtme_hostname=virtme-ng nr_open=1048576 virtme_link_mods=/home/prozak/sources/heimdall_experiment/uml-harness/.build/bpf-next-x86/.virtme_mods/lib/modules/0.0.0 virtme_rw_overlay0=/tmp virtme_console=ttyS0 virtme_chdir=home/prozak/sources/heimdall_experiment/uml-harness/.build/selftests-output-qemu", will be passed to user space.
[    0.240659] random: crng init done
[    0.241261] printk: log buffer data + meta data: 2097152 + 7340032 = 9437184 bytes
[    0.250711] Dentry cache hash table entries: 524288 (order: 10, 4194304 bytes, linear)
[    0.256273] Inode-cache hash table entries: 262144 (order: 9, 2097152 bytes, linear)
[    0.257904] software IO TLB: area num 8.
[    0.394344] Fallback order for Node 0: 0 
[    0.394351] Built 1 zonelists, mobility grouping on.  Total pages: 1048446
[    0.396326] Policy zone: Normal
[    0.396869] mem auto-init: stack:all(zero), heap alloc:off, heap free:off
[    0.403269] SLUB: HWalign=64, Order=0-3, MinObjects=0, CPUs=8, Nodes=1
Poking KASLR using RDRAND RDTSC...
[    0.419237] ftrace: allocating 69757 entries in 274 pages
[    0.420213] ftrace: allocated 274 pages with 3 groups
[    0.421634] Dynamic Preempt: full
[    0.422561] Running RCU self tests
[    0.423221] Running RCU synchronous self tests
[    0.424007] rcu: Preemptible hierarchical RCU implementation.
[    0.425041] rcu: 	RCU event tracing is enabled.
[    0.425887] rcu: 	RCU lockdep checking is enabled.
[    0.426734] rcu: 	RCU restricting CPUs from NR_CPUS=128 to nr_cpu_ids=8.
[    0.427956] 	Trampoline variant of Tasks RCU enabled.
[    0.428849] 	Rude variant of Tasks RCU enabled.
[    0.429668] 	Tracing variant of Tasks RCU enabled.
[    0.430535] rcu: RCU calculated value of scheduler-enlistment delay is 100 jiffies.
[    0.431954] rcu: Adjusting geometry for rcu_fanout_leaf=16, nr_cpu_ids=8
[    0.433220] Running RCU synchronous self tests
[    0.434029] RCU Tasks: Setting shift to 3 and lim to 1 rcu_task_cb_adjust=1 rcu_task_cpu_ids=8.
[    0.435642] RCU Tasks Rude: Setting shift to 3 and lim to 1 rcu_task_cb_adjust=1 rcu_task_cpu_ids=8.
[    0.443122] NR_IRQS: 8448, nr_irqs: 488, preallocated irqs: 16
[    0.444555] rcu: srcu_init: Setting srcu_struct sizes based on contention.
[    0.445875] clocksource: jiffies: mask: 0xffffffff max_cycles: 0xffffffff, max_idle_ns: 1911260446275000 ns
[    0.448063] Console: colour *CGA 80x25
[    0.448803] printk: legacy console [ttyS0] enabled
[    0.448803] printk: legacy console [ttyS0] enabled
[    0.450562] printk: legacy bootconsole [earlyser0] disabled
[    0.450562] printk: legacy bootconsole [earlyser0] disabled
[    0.452673] Lock dependency validator: Copyright (c) 2006 Red Hat, Inc., Ingo Molnar
[    0.454089] ... MAX_LOCKDEP_SUBCLASSES:  8
[    0.454859] ... MAX_LOCK_DEPTH:          48
[    0.455622] ... MAX_LOCKDEP_KEYS:        8192
[    0.456507] ... CLASSHASH_SIZE:          4096
[    0.457327] ... MAX_LOCKDEP_ENTRIES:     32768
[    0.458137] ... MAX_LOCKDEP_CHAINS:      65536
[    0.458973] ... CHAINHASH_SIZE:          32768
[    0.459783]  memory used by lock dependency info: 6429 kB
[    0.460868]  memory used for stack traces: 4224 kB
[    0.461740]  per task-struct memory footprint: 1920 bytes
[    0.462956] ACPI: Core revision 20260408
[    0.463897] clocksource: hpet: mask: 0xffffffff max_cycles: 0xffffffff, max_idle_ns: 19112604467 ns
[    0.465796] APIC: Switch to symmetric I/O mode setup
[    0.467187] x2apic enabled
[    0.468244] APIC: Switched APIC routing to: physical x2apic
[    0.469375] kvm-guest: APIC: send_IPI_mask() replaced with kvm_send_ipi_mask()
[    0.470752] kvm-guest: APIC: send_IPI_mask_allbutself() replaced with kvm_send_ipi_mask_allbutself()
[    0.472910] kvm-guest: setup PV IPIs
[    0.476437] ..TIMER: vector=0x30 apic1=0 pin1=2 apic2=-1 pin2=-1
[    0.477917] clocksource: tsc-early: mask: 0xffffffffffffffff max_cycles: 0x31027285e94, max_idle_ns: 440795238296 ns
[    0.479928] Calibrating delay loop (skipped) preset value.. 6800.07 BogoMIPS (lpj=3400038)
[    0.481589] x86/cpu: User Mode Instruction Prevention (UMIP) activated
[    0.482268] Last level iTLB entries: 4KB 512, 2MB 255, 4MB 127
[    0.482924] Last level dTLB entries: 4KB 512, 2MB 255, 4MB 127, 1GB 0
[    0.483933] mitigations: Enabled attack vectors: user_kernel, user_user, SMT mitigations: auto
[    0.484924] Speculative Store Bypass: Mitigation: Speculative Store Bypass disabled via prctl
[    0.485924] Speculative Return Stack Overflow: IBPB-extending microcode not applied!
[    0.486924] Speculative Return Stack Overflow: WARNING: See https://kernel.org/doc/html/latest/admin-guide/hw-vuln/srso.html for mitigation options.
[    0.486925] Transient Scheduler Attacks: Vulnerable: No microcode
[    0.488924] Spectre V2 : Mitigation: Retpolines
[    0.489924] Speculative Return Stack Overflow: Vulnerable: Safe RET, no microcode
[    0.490924] Spectre V1 : Mitigation: usercopy/swapgs barriers and __user pointer sanitization
[    0.492923] Spectre V2 : Spectre v2 / SpectreRSB: Filling RSB on context switch and VMEXIT
[    0.493924] Spectre V2 : Enabling Restricted Speculation for firmware calls
[    0.494926] Spectre V2 : mitigation: Enabling conditional Indirect Branch Prediction Barrier
[    0.495925] active return thunk: srso_alias_return_thunk
[    0.496975] x86/fpu: Supporting XSAVE feature 0x001: 'x87 floating point registers'
[    0.497924] x86/fpu: Supporting XSAVE feature 0x002: 'SSE registers'
[    0.498924] x86/fpu: Supporting XSAVE feature 0x004: 'AVX registers'
[    0.499925] x86/fpu: xstate_offset[2]:  576, xstate_sizes[2]:  256
[    0.500924] x86/fpu: Enabled xstate features 0x7, context size is 832 bytes, using 'compacted' format.
[    0.536586] pid_max: default: 32768 minimum: 301
[    0.537145] SELinux:  Initializing.
[    0.539820] LSM support for eBPF active
[    0.541035] Mount-cache hash table entries: 8192 (order: 4, 65536 bytes, linear)
[    0.542079] Mountpoint-cache hash table entries: 8192 (order: 4, 65536 bytes, linear)
[    0.544533] VFS: Finished mounting rootfs on nullfs
[    0.546972] Running RCU synchronous self tests
[    0.547922] Running RCU synchronous self tests
[    0.549441] smpboot: CPU0: AMD Ryzen 9 5950X 16-Core Processor (family: 0x19, model: 0x21, stepping: 0x2)
[    0.552202] Performance Events: Fam17h+ core perfctr, AMD PMU driver.
[    0.552945] ... version:                   0
[    0.553880] ... bit width:                 48
[    0.553931] ... generic counters:          6
[    0.554851] ... generic bitmap:            000000000000003f
[    0.554930] ... fixed-purpose counters:    0
[    0.555864] ... fixed-purpose bitmap:      0000000000000000
[    0.555930] ... value mask:                0000ffffffffffff
[    0.556931] ... max period:                00007fffffffffff
[    0.557930] ... global_ctrl mask:          000000000000003f
[    0.559280] signal: max sigframe size: 1776
[    0.560100] rcu: Hierarchical SRCU implementation.
[    0.560933] rcu: 	Max phase no-delay instances is 400.
[    0.562266] Timer migration: 1 hierarchy levels; 8 children per group; 1 crossnode level
[    0.575947] smp: Bringing up secondary CPUs ...
[    0.581217] smpboot: x86: Booting SMP configuration:
[    0.581931] .... node  #0, CPUs:      #1 #2 #3 #4 #5 #6 #7
[    0.610310] smp: Brought up 1 node, 8 CPUs
[    0.611844] smpboot: Total of 8 processors activated (54400.60 BogoMIPS)
[    0.613290] Memory: 3963796K/4193784K available (25637K kernel code, 10348K rwdata, 18032K rodata, 4668K init, 13400K bss, 221932K reserved, 0K cma-reserved)
[    0.615417] devtmpfs: initialized
[    0.619405] Running RCU synchronous self tests
[    0.619949] Running RCU synchronous self tests
[    0.621038] Running RCU Tasks wait API self tests
[    0.622029] Running RCU Tasks Rude wait API self tests
[    0.622933] Running RCU Tasks Trace wait API self tests
[    0.624050] posixtimers hash table entries: 4096 (order: 7, 294912 bytes, linear)
[    0.626383] futex hash table entries: 2048 (262144 bytes on 1 NUMA nodes, total 256 KiB, linear).
[    0.627929] PM: RTC time: 16:35:59, date: 2026-08-02
[    0.628962] Callback from call_rcu_tasks_trace() invoked.
[    0.635828] NET: Registered PF_NETLINK/PF_ROUTE protocol family
[    0.636922] audit: initializing netlink subsys (disabled)
[    0.637043] audit: type=2000 audit(1785688559.503:1): state=initialized audit_enabled=0 res=1
[    0.660429] thermal_sys: Registered thermal governor 'step_wise'
[    0.660490] cpuidle: using governor ladder
[    0.661968] cpuidle: using governor menu
[    0.664161] Freeing SMP alternatives memory: 68K
[    0.665820] PCI: Using configuration type 1 for base access
[    0.665932] PCI: Using configuration type 1 for extended access
[    0.667094] kprobes: kprobe jump-optimization is enabled. All kprobes are optimized if possible.
[    0.669116] HugeTLB: registered 1.00 GiB page size, pre-allocated 0 pages
[    0.669934] HugeTLB: 16380 KiB vmemmap can be freed for a 1.00 GiB page
[    0.670933] HugeTLB: registered 2.00 MiB page size, pre-allocated 0 pages
[    0.671931] HugeTLB: 28 KiB vmemmap can be freed for a 2.00 MiB page
[    0.677660] ACPI: Added _OSI(Module Device)
[    0.677932] ACPI: Added _OSI(Processor Device)
[    0.678911] ACPI: Added _OSI(Processor Aggregator Device)
[    0.682513] ACPI: 1 ACPI AML tables successfully acquired and loaded
[    0.685373] ACPI: \_SB_: platform _OSC: OS support mask [002a7eee]
[    0.686688] ACPI: Interpreter enabled
[    0.686998] ACPI: PM: (supports S0 S3 S4 S5)
[    0.687922] ACPI: Using IOAPIC for interrupt routing
[    0.688982] PCI: Using host bridge windows from ACPI; if necessary, use "pci=nocrs" and report a bug
[    0.689932] PCI: Using E820 reservations for host bridge windows
[    0.691306] ACPI: Enabled 2 GPEs in block 00 to 0F
[    0.707255] ACPI: PCI Root Bridge [PCI0] (domain 0000 [bus 00-ff])
[    0.707949] acpi PNP0A03:00: _OSC: OS supports [ExtendedConfig ASPM ClockPM Segments MSI HPX-Type3]
[    0.708942] acpi PNP0A03:00: _OSC: OS requested [PME PCIeCapability LTR]
[    0.709932] acpi PNP0A03:00: _OSC: platform willing to grant [PME PCIeCapability LTR]
[    0.710932] acpi PNP0A03:00: _OSC: platform retains control of PCIe features (AE_ERROR)
[    0.712694] PCI host bridge to bus 0000:00
[    0.712942] pci_bus 0000:00: root bus resource [io  0x0000-0x0cf7 window]
[    0.713933] pci_bus 0000:00: root bus resource [io  0x0d00-0xffff window]
[    0.714930] pci_bus 0000:00: root bus resource [mem 0x000a0000-0x000bffff window]
[    0.715933] pci_bus 0000:00: root bus resource [mem 0xc0000000-0xfebfffff window]
[    0.716934] pci_bus 0000:00: root bus resource [mem 0x380000000000-0x38007fffffff window]
[    0.717933] pci_bus 0000:00: root bus resource [bus 00-ff]
[    0.719360] pci 0000:00:00.0: [8086:1237] type 00 class 0x060000 conventional PCI endpoint
[    0.721516] pci 0000:00:01.0: [8086:7000] type 00 class 0x060100 conventional PCI endpoint
[    0.723372] pci 0000:00:01.1: [8086:7010] type 00 class 0x010180 conventional PCI endpoint
[    0.724784] pci 0000:00:01.1: BAR 4 [io  0xc1c0-0xc1cf]
[    0.725007] pci 0000:00:01.1: BAR 0 [io  0x01f0-0x01f7]: legacy IDE quirk
[    0.725932] pci 0000:00:01.1: BAR 1 [io  0x03f6]: legacy IDE quirk
[    0.726931] pci 0000:00:01.1: BAR 2 [io  0x0170-0x0177]: legacy IDE quirk
[    0.727932] pci 0000:00:01.1: BAR 3 [io  0x0376]: legacy IDE quirk
[    0.729676] pci 0000:00:01.3: [8086:7113] type 00 class 0x068000 conventional PCI endpoint
[    0.730678] pci 0000:00:01.3: quirk: [io  0x0600-0x063f] claimed by PIIX4 ACPI
[    0.730950] pci 0000:00:01.3: quirk: [io  0x0700-0x070f] claimed by PIIX4 SMB
[    0.732922] pci 0000:00:02.0: [1af4:1009] type 00 class 0x000200 conventional PCI endpoint
[    0.734560] pci 0000:00:02.0: BAR 0 [io  0xc000-0xc03f]
[    0.734948] pci 0000:00:02.0: BAR 1 [mem 0xfebf8000-0xfebf8fff]
[    0.735993] pci 0000:00:02.0: BAR 4 [mem 0x380000000000-0x380000003fff 64bit pref]
[    0.739949] pci 0000:00:03.0: [8086:25ab] type 00 class 0x088000 conventional PCI endpoint
[    0.741909] pci 0000:00:03.0: BAR 0 [mem 0xfebf9000-0xfebf900f]
[    0.744484] pci 0000:00:04.0: [1af4:1003] type 00 class 0x078000 conventional PCI endpoint
[    0.746783] pci 0000:00:04.0: BAR 0 [io  0xc040-0xc07f]
[    0.746949] pci 0000:00:04.0: BAR 1 [mem 0xfebfa000-0xfebfafff]
[    0.748013] pci 0000:00:04.0: BAR 4 [mem 0x380000004000-0x380000007fff 64bit pref]
[    0.752302] pci 0000:00:05.0: [1af4:1003] type 00 class 0x078000 conventional PCI endpoint
[    0.753948] pci 0000:00:05.0: BAR 0 [io  0xc080-0xc0bf]
[    0.754949] pci 0000:00:05.0: BAR 1 [mem 0xfebfb000-0xfebfbfff]
[    0.755992] pci 0000:00:05.0: BAR 4 [mem 0x380000008000-0x38000000bfff 64bit pref]
[    0.760113] pci 0000:00:06.0: [1af4:1003] type 00 class 0x078000 conventional PCI endpoint
[    0.761950] pci 0000:00:06.0: BAR 0 [io  0xc0c0-0xc0ff]
[    0.762946] pci 0000:00:06.0: BAR 1 [mem 0xfebfc000-0xfebfcfff]
[    0.763995] pci 0000:00:06.0: BAR 4 [mem 0x38000000c000-0x38000000ffff 64bit pref]
[    0.768201] pci 0000:00:07.0: [1af4:1003] type 00 class 0x078000 conventional PCI endpoint
[    0.769922] pci 0000:00:07.0: BAR 0 [io  0xc100-0xc13f]
[    0.769948] pci 0000:00:07.0: BAR 1 [mem 0xfebfd000-0xfebfdfff]
[    0.770992] pci 0000:00:07.0: BAR 4 [mem 0x380000010000-0x380000013fff 64bit pref]
[    0.775172] pci 0000:00:08.0: [1af4:1003] type 00 class 0x078000 conventional PCI endpoint
[    0.776922] pci 0000:00:08.0: BAR 0 [io  0xc140-0xc17f]
[    0.776949] pci 0000:00:08.0: BAR 1 [mem 0xfebfe000-0xfebfefff]
[    0.777993] pci 0000:00:08.0: BAR 4 [mem 0x380000014000-0x380000017fff 64bit pref]
[    0.782125] pci 0000:00:09.0: [1af4:1003] type 00 class 0x078000 conventional PCI endpoint
[    0.783891] pci 0000:00:09.0: BAR 0 [io  0xc180-0xc1bf]
[    0.783950] pci 0000:00:09.0: BAR 1 [mem 0xfebff000-0xfebfffff]
[    0.785004] pci 0000:00:09.0: BAR 4 [mem 0x380000018000-0x38000001bfff 64bit pref]
[    0.794179] ACPI: PCI: Interrupt link LNKA configured for IRQ 10
[    0.795190] ACPI: PCI: Interrupt link LNKB configured for IRQ 10
[    0.796186] ACPI: PCI: Interrupt link LNKC configured for IRQ 11
[    0.797184] ACPI: PCI: Interrupt link LNKD configured for IRQ 11
[    0.798056] ACPI: PCI: Interrupt link LNKS configured for IRQ 9
[    0.800942] iommu: Default domain type: Translated
[    0.801932] iommu: DMA domain TLB invalidation policy: lazy mode
[    0.804362] SCSI subsystem initialized
[    0.805018] libata version 3.00 loaded.
[    0.806113] ACPI: bus type USB registered
[    0.807060] usbcore: registered new interface driver usbfs
[    0.808001] usbcore: registered new interface driver hub
[    0.808971] usbcore: registered new device driver usb
[    0.810119] pps_core: LinuxPPS API ver. 1 registered
[    0.810930] pps_core: Software ver. 5.3.6 - Copyright 2005-2007 Rodolfo Giometti <giometti@linux.it>
[    0.811958] PTP clock support registered
[    0.813411] Advanced Linux Sound Architecture Driver Initialized.
[    0.815208] NetLabel: Initializing
[    0.815932] NetLabel:  domain hash size = 128
[    0.816889] NetLabel:  protocols = UNLABELED CIPSOv4 CALIPSO
[    0.816980] NetLabel:  unlabeled traffic allowed by default
[    0.818135] PCI: Using ACPI for IRQ routing
[    0.818934] PCI: pci_cache_line_size set to 64 bytes
[    0.820297] e820: register RAM buffer resource [mem 0x0009fc00-0x0009ffff]
[    0.820933] e820: register RAM buffer resource [mem 0xbffe0000-0xbfffffff]
[    0.822078] vgaarb: loaded
[    0.822700] hpet0: at MMIO 0xfed00000, IRQs 2, 8, 0
[    0.822934] hpet0: 3 comparators, 64-bit 100.000000 MHz counter
[    0.826294] clocksource: Switched to clocksource kvm-clock
[    0.828422] VFS: Disk quotas dquot_6.6.0
[    0.829415] VFS: Dquot-cache hash table entries: 512 (4096 bytes)
[    0.831416] Callback from call_rcu_tasks() invoked.
[    0.833558] pnp: PnP ACPI init
[    0.834828] pnp 00:02: [dma 2]
[    0.836393] pnp: PnP ACPI: found 4 devices
[    0.854871] clocksource: acpi_pm: mask: 0xffffff max_cycles: 0xffffff, max_idle_ns: 2085701024 ns
[    0.857150] NET: Registered PF_INET protocol family
[    0.859421] IP idents hash table entries: 65536 (order: 7, 524288 bytes, linear)
[    0.863426] tcp_listen_portaddr_hash hash table entries: 2048 (order: 6, 147456 bytes, linear)
[    0.865629] Table-perturb hash table entries: 65536 (order: 6, 262144 bytes, linear)
[    0.867344] TCP established hash table entries: 32768 (order: 6, 262144 bytes, linear)
[    0.869622] TCP bind hash table entries: 32768 (order: 11, 4718592 bytes, vmalloc hugepage)
[    0.881350] TCP: Hash tables configured (established 32768 bind 32768)
[    0.884427] MPTCP token hash table entries: 4096 (order: 7, 360448 bytes, linear)
[    0.886196] UDP hash table entries: 2048 (order: 7, 524288 bytes, linear)
[    0.888979] NET: Registered PF_UNIX/PF_LOCAL protocol family
[    0.891484] RPC: Registered named UNIX socket transport module.
[    0.892997] RPC: Registered udp transport module.
[    0.894199] RPC: Registered tcp transport module.
[    0.895241] RPC: Registered tcp-with-tls transport module.
[    0.896519] RPC: Registered tcp NFSv4.1 backchannel transport module.
[    0.898776] NET: Registered PF_XDP protocol family
[    0.899859] pci_bus 0000:00: resource 4 [io  0x0000-0x0cf7 window]
[    0.901195] pci_bus 0000:00: resource 5 [io  0x0d00-0xffff window]
[    0.902548] pci_bus 0000:00: resource 6 [mem 0x000a0000-0x000bffff window]
[    0.904022] pci_bus 0000:00: resource 7 [mem 0xc0000000-0xfebfffff window]
[    0.905491] pci_bus 0000:00: resource 8 [mem 0x380000000000-0x38007fffffff window]
[    0.907249] pci 0000:00:01.0: PIIX3: Enabling Passive Release
[    0.908531] pci 0000:00:00.0: Limiting direct PCI/PCI transfers
[    0.909977] PCI: CLS 0 bytes, default 64
[    0.911009] PCI-DMA: Using software bounce buffering for IO (SWIOTLB)
[    0.912408] software IO TLB: mapped [mem 0x00000000bbfe0000-0x00000000bffe0000] (64MB)
[    0.915180] clocksource: tsc: mask: 0xffffffffffffffff max_cycles: 0x31027285e94, max_idle_ns: 440795238296 ns
[    0.926526] Initialise system trusted keyrings
[    0.927922] workingset: timestamp_bits=40 (anon: 35) max_order=20 bucket_order=0 (anon: 0)
[    0.931127] squashfs: version 4.0 (2009/01/31) Phillip Lougher
[    0.932988] NFS: Registering the id_resolver key type
[    0.934346] Key type id_resolver registered
[    0.935351] Key type id_legacy registered
[    0.936276] nfs4filelayout_init: NFSv4 File Layout Driver Registering...
[    0.937769] nfs4flexfilelayout_init: NFSv4 Flexfile Layout Driver Registering...
[    0.939537] fuse: init (API version 7.45)
[    0.940762] 9p: Installing v9fs 9p2000 file system support
[    0.943773] NET: Registered PF_ALG protocol family
[    0.944853] Key type asymmetric registered
[    0.945780] Asymmetric key parser 'x509' registered
[    0.946993] Block layer SCSI generic (bsg) driver version 0.4 loaded (major 248)
[    0.949156] io scheduler mq-deadline registered
[    0.950270] io scheduler kyber registered
[    0.952523] input: Power Button as /devices/platform/LNXPWRBN:00/input/input0
[    0.954365] ACPI: button: Power Button [PWRF]
[    1.083034] ACPI: \_SB_.LNKB: Enabled at IRQ 10
[    1.209691] ACPI: \_SB_.LNKD: Enabled at IRQ 11
[    1.337082] ACPI: \_SB_.LNKA: Enabled at IRQ 10
[    1.487856] kwatchdog (97) used greatest stack depth: 14776 bytes left
[    1.593084] ACPI: \_SB_.LNKC: Enabled at IRQ 11
[    1.850962] Serial: 8250/16550 driver, 4 ports, IRQ sharing enabled
[    1.853584] 00:03: ttyS0 at I/O 0x3f8 (irq = 4, base_baud = 115200) is a 16550A
[    2.035531] Non-volatile memory driver v1.3
[    2.037503] ACPI: bus type drm_connector registered
[    2.059566] brd: module loaded
[    2.073561] loop: module loaded
[    2.078881] scsi host0: ata_piix
[    2.080873] scsi host1: ata_piix
[    2.081917] ata1: PATA max MWDMA2 cmd 0x1f0 ctl 0x3f6 bmdma 0xc1c0 irq 14 lpm-pol 0
[    2.083679] ata2: PATA max MWDMA2 cmd 0x170 ctl 0x376 bmdma 0xc1c8 irq 15 lpm-pol 0
[    2.089556] tun: Universal TUN/TAP device driver, 1.6
[    2.091223] e100: Intel(R) PRO/100 Network Driver
[    2.092290] e100: Copyright(c) 1999-2006 Intel Corporation
[    2.093559] e1000: Intel(R) PRO/1000 Network Driver
[    2.094674] e1000: Copyright (c) 1999-2006 Intel Corporation.
[    2.096110] e1000e: Intel(R) PRO/1000 Network Driver
[    2.097231] e1000e: Copyright(c) 1999 - 2015 Intel Corporation.
[    2.098690] sky2: driver version 1.30
[    2.100712] usbcore: registered new interface driver usblp
[    2.102020] usbcore: registered new interface driver usb-storage
[    2.103436] i8042: PNP: PS/2 Controller [PNP0303:KBD,PNP0f13:MOU] at 0x60,0x64 irq 1,12
[    2.106677] serio: i8042 KBD port at 0x60,0x64 irq 1
[    2.108305] serio: i8042 AUX port at 0x60,0x64 irq 12
[    2.110649] rtc_cmos PNP0B00:00: RTC can wake from S4
[    2.113892] input: AT Translated Set 2 keyboard as /devices/platform/i8042/serio0/input/input1
[    2.117263] rtc_cmos PNP0B00:00: registered as rtc0
[    2.119045] rtc_cmos PNP0B00:00: alarms up to one day, y3k, 242 bytes nvram, hpet irqs
[    2.122337] Registered IR keymap rc-empty
[    2.124057] rc rc0: rc-core loopback device as /devices/virtual/rc/rc0
[    2.126783] rc rc0: lirc_dev: driver rc-loopback registered at minor = 0, raw IR receiver, raw IR transmitter
[    2.129217] input: rc-core loopback device as /devices/virtual/rc/rc0/input4
[    2.131707] intel_powerclamp: CPU does not support MWAIT
[    2.132937] device-mapper: core: CONFIG_IMA_DISABLE_HTABLE is disabled. Duplicate IMA measurements will not be recorded in the IMA log.
[    2.135994] device-mapper: ioctl: 4.50.0-ioctl (2025-04-28) initialised: dm-devel@lists.linux.dev
[    2.138001] amd_pstate: the _CPC object is not present in SBIOS or ACPI disabled
[    2.140363] hid: raw HID events driver (C) Jiri Kosina
[    2.143215] usbcore: registered new interface driver usbhid
[    2.144479] usbhid: USB HID core driver
[    2.146667] GACT probability NOT on
[    2.147512] Mirror/redirect action on
[    2.149787] nf_conntrack_irc: The irc conntrack helper is scheduled for removal.
[    2.149787] Please contact the netfilter-devel mailing list if you still need this.
[    2.154818] ipip: IPv4 and MPLS over IPv4 tunneling driver
[    2.156982] gre: GRE over IPv4 demultiplexer driver
[    2.158095] ip_gre: GRE over IPv4 tunneling driver
[    2.161710] Initializing XFRM netlink socket
[    2.162735] IPsec XFRM device driver
[    2.163685] NET: Registered PF_INET6 protocol family
[    2.166745] Segment Routing with IPv6
[    2.167647] In-situ OAM (IOAM) with IPv6
[    2.168561] mip6: Mobile IPv6
[    2.169268] sit: IPv6, IPv4 and MPLS over IPv4 tunneling driver
[    2.172200] ip6_gre: GRE over IPv6 tunneling driver
[    2.174135] NET: Registered PF_PACKET protocol family
[    2.175363] RPC: Registered rdma transport module.
[    2.176464] RPC: Registered rdma backchannel transport module.
[    2.178095] 8021q: 802.1Q VLAN Support v1.8
[    2.179571] smc: adding smcd device lo without pnetid
[    2.180905] NET: Registered PF_SMC protocol family
[    2.182486] 9pnet: Installing 9P2000 support
[    2.185067] Key type dns_resolver registered
[    2.186340] NET: Registered PF_VSOCK protocol family
[    2.187564] mpls_gso: MPLS GSO support
[    2.191871] IPI shorthand broadcast: enabled
[    2.237679] sched_clock: Marking stable (2211070488, 26047200)->(2350989063, -113871375)
[    2.239843] ata2: found unknown device (class 0)
[    2.241918] registered taskstats version 1
[    2.242723] ata2.00: ATAPI: QEMU DVD-ROM, 2.5+, max UDMA/100
[    2.246903] scsi 1:0:0:0: CD-ROM            QEMU     QEMU DVD-ROM     2.5+ PQ: 0 ANSI: 5
[    2.259591] Loading compiled-in X.509 certificates
[    2.261456] kworker/u32:1 (120) used greatest stack depth: 13008 bytes left
[    2.262741] Loaded X.509 cert 'Build time autogenerated kernel key: c4531344b9a9c1a4731230d977a262ba29ba5272'
[    2.267988] sr 1:0:0:0: [sr0] scsi3-mmc drive: 4x/4x cd/rw xa/form2 tray
[    2.290917] cdrom: Uniform CD-ROM driver Revision: 3.20
[    2.302712] sr 1:0:0:0: Attached scsi CD-ROM sr0
[    2.304433] Demotion targets for Node 0: null
[    2.305123] sr 1:0:0:0: Attached scsi generic sg0 type 5
[    2.306295] ima: No TPM chip found, activating TPM-bypass!
[    2.308425] ima: Allocated hash algorithm: sha1
[    2.309771] ima: No architecture policies found
[    2.311687] PM:   Magic number: 6:887:589
[    2.312777] netconsole: network logging started
[    2.314494] cfg80211: Loading compiled-in X.509 certificates for regulatory database
[    2.317587] Loaded X.509 cert 'sforshee: 00b28ddf47aef9cea7'
[    2.319039] Loaded X.509 cert 'wens: 61c038651aabdcf94bd0ac7ff06c7248db18c600'
[    2.320820] ALSA device list:
[    2.321956] faux_driver regulatory: Direct firmware load for regulatory.db failed with error -2
[    2.322178]   No soundcards found.
[    2.323880] cfg80211: failed to load regulatory.db
[    2.540845] input: ImExPS/2 Generic Explorer Mouse as /devices/platform/i8042/serio1/input/input3
[    2.543090] md: Skipping autodetection of RAID arrays. (raid=autodetect will force)
[    2.544463] 9p: Bad value for 'source'
[    2.545217] 9pnet: Limiting 'msize' to 512000 as this is the maximum supported by transport virtio
[    2.548683] VFS: Mounted root (9p filesystem) on device 0:22.
[    2.550493] devtmpfs: mounted
[    2.551343] VFS: Pivoted into new rootfs
[    2.556443] Freeing unused kernel image (initmem) memory: 4668K
[    2.557371] Write protecting the kernel read-only data: 45056k
[    2.559356] Freeing unused kernel image (text/rodata gap) memory: 984K
[    2.560785] Freeing unused kernel image (rodata/data gap) memory: 400K
[    2.599250] x86/mm: Checked W+X mappings: passed, no W+X pages found.
[    2.600174] Run /home/prozak/.local/share/vng-venv/lib/python3.12/site-packages/virtme/guest/bin/virtme-ng-init as init process
[    2.601759]   with arguments:
[    2.602216]     /home/prozak/.local/share/vng-venv/lib/python3.12/site-packages/virtme/guest/bin/virtme-ng-init
[    2.603638]   with environment:
[    2.604148]     HOME=/
[    2.604506]     TERM=linux
[    2.604902]     virtme_hostname=virtme-ng
[    2.605505]     nr_open=1048576
[    2.605957]     virtme_link_mods=/home/prozak/sources/heimdall_experiment/uml-harness/.build/bpf-next-x86/.virtme_mods/lib/modules/0.0.0
[    2.607666]     virtme_rw_overlay0=/tmp
[    2.608228]     virtme_console=ttyS0
[    2.608749]     virtme_chdir=home/prozak/sources/heimdall_experiment/uml-harness/.build/selftests-output-qemu
[    2.692794] virtme-ng-init: mount devtmpfs -> /dev: EBUSY: Device or resource busy
[    2.694701] virtme-ng-init: Setting hostname to virtme-ng...
[    2.732656] virtme-ng-init: running systemd-tmpfiles
[    4.047801] systemd-tmpfile (127) used greatest stack depth: 12504 bytes left
[    4.047932] virtme-ng-init: basic initialization done
[    4.064944] virtme-ng-init: error creating file: Permission denied (os error 13)
[    4.160379] ip (132) used greatest stack depth: 11848 bytes left
[    4.275646] virtme-ng-init: Starting systemd-udevd version 255.4-1ubuntu8.16
[    4.277647] virtme-ng-init: triggering udev coldplug
[    7.283365] virtme-ng-init: waiting for udev to settle
[    8.050922] virtme-ng-init: udev is done
[    8.055742] virtme-ng-init: starting script
[    8.277193] bpf_testmod: loading out-of-tree module taints kernel.
[    8.278042] bpf_testmod: module verification failed: signature and/or required key missing - tainting kernel
[    8.451655] smc: removing smcd device lo
[    8.518952] ACPI: PM: Preparing to enter system sleep state S5
[    8.520201] reboot: Power down
