#66/1    cgroup_getset_retval/setsockopt-set:OK
#66/2    cgroup_getset_retval/setsockopt-set_and_get:OK
#66/3    cgroup_getset_retval/setsockopt-default_zero:OK
#66/4    cgroup_getset_retval/setsockopt-default_zero_and_set:OK
#66/5    cgroup_getset_retval/setsockopt-override:OK
#66/6    cgroup_getset_retval/setsockopt-legacy_eperm:OK
#66/7    cgroup_getset_retval/setsockopt-legacy_no_override:OK
#66/8    cgroup_getset_retval/getsockopt-get:OK
#66/9    cgroup_getset_retval/getsockopt-override:OK
#66/10   cgroup_getset_retval/getsockopt-retval_sync:OK
#66/11   cgroup_getset_retval/exposed_hooks:OK
#66      cgroup_getset_retval:OK
Summary: 1/11 PASSED, 0 SKIPPED, 0 FAILED
u) 2.42) #3 SMP PREEMPT_DYNAMIC Sun Aug  2 09:03:43 PDT 2026
[    0.000000] Command line: virtme_hostname=virtme-ng nr_open=1048576 virtme_link_mods=/home/prozak/sources/heimdall_experiment/uml-harness/.build/bpf-next-x86/.virtme_mods/lib/modules/0.0.0 virtme_rw_overlay0=/tmp virtme_console=ttyS0 console=ttyS0 earlyprintk=serial,ttyS0,115200 panic=-1 virtme.exec=`bW91bnQgLXQgYnBmIGJwZmZzIC9zeXMvZnMvYnBmIDI+L2Rldi9udWxsOyAuL3Rlc3RfcHJvZ3MgLXQgJ2Nncm91cF9nZXRzZXRfcmV0dmFsJw==` virtme_chdir=home/prozak/sources/heimdall_experiment/uml-harness/.build/selftests-output-qemu rootfstype=9p rootflags=version=9p2000.L,trans=virtio,access=any,msize=524288 raid=noautodetect rw debug init=/home/prozak/.local/share/vng-venv/lib/python3.12/site-packages/virtme/guest/bin/virtme-ng-init
[    0.000000] x86 CPU feature dependency check failure: CPU0 has '18*32+31' enabled but '18*32+26' disabled. Kernel might be fine, but no guarantees.
[    0.000000] BIOS-provided physical RAM map:
[    0.000000] BIOS-e820: [mem 0x0000000000000000-0x000000000009fbff]  System RAM
[    0.000000] BIOS-e820: [mem 0x000000000009fc00-0x000000000009ffff]  device reserved
[    0.000000] BIOS-e820: [gap 0x00000000000a0000-0x00000000000effff]
[    0.000000] BIOS-e820: [mem 0x00000000000f0000-0x00000000000fffff]  device reserved
[    0.000000] BIOS-e820: [mem 0x0000000000100000-0x00000000bffdffff]  System RAM
[    0.000000] BIOS-e820: [mem 0x00000000bffe0000-0x00000000bfffffff]  device reserved
[    0.000000] BIOS-e820: [gap 0x00000000c0000000-0x00000000feffbfff]
[    0.000000] BIOS-e820: [mem 0x00000000feffc000-0x00000000feffffff]  device reserved
[    0.000000] BIOS-e820: [gap 0x00000000ff000000-0x00000000fffbffff]
[    0.000000] BIOS-e820: [mem 0x00000000fffc0000-0x00000000ffffffff]  device reserved
[    0.000000] BIOS-e820: [mem 0x0000000100000000-0x000000013fffffff]  System RAM
[    0.000000] BIOS-e820: [gap 0x0000000140000000-0x000000fcffffffff]
[    0.000000] BIOS-e820: [mem 0x000000fd00000000-0x000000ffffffffff]  device reserved
[    0.000000] printk: legacy bootconsole [earlyser0] enabled
[    0.000000] NX (Execute Disable) protection: active
[    0.000000] APIC: Static calls initialized
[    0.000000] DMI: SMBIOS 3.0.0 present.
[    0.000000] DMI: QEMU Ubuntu 24.04 PC v2 (i440FX + PIIX, arch_caps fix, 1996), BIOS 1.16.3-debian-1.16.3-2 04/01/2014
[    0.000000] DMI: Memory slots populated: 1/1
[    0.000000] Hypervisor detected: KVM
[    0.000000] last_pfn = 0xbffe0 max_arch_pfn = 0x400000000
[    0.000000] kvm-clock: Using msrs 4b564d01 and 4b564d00
[    0.000001] kvm-clock: using sched offset of 461933501 cycles
[    0.000917] clocksource: kvm-clock: mask: 0xffffffffffffffff max_cycles: 0x1cd42e4dffb, max_idle_ns: 881590591483 ns
[    0.003772] tsc: Detected 3400.038 MHz processor
[    0.004974] e820: update [mem 0x00000000-0x00000fff] System RAM ==> device reserved
[    0.006321] e820: remove [mem 0x000a0000-0x000fffff] System RAM
[    0.007358] last_pfn = 0x140000 max_arch_pfn = 0x400000000
[    0.008453] MTRR map: 4 entries (3 fixed + 1 variable; max 19), built from 8 variable MTRRs
[    0.009926] x86/PAT: Configuration [0-7]: WB  WC  UC- UC  WB  WP  UC- WT  
Memory KASLR using RDRAND RDTSC...
[    0.011813] last_pfn = 0xbffe0 max_arch_pfn = 0x400000000
[    0.013960] found SMP MP-table at [mem 0x000f5450-0x000f545f]
[    0.014989] Using GB pages for direct mapping
[    0.015888] ACPI: Early table checksum verification disabled
[    0.016913] ACPI: RSDP 0x00000000000F5240 000014 (v00 BOCHS )
[    0.017933] ACPI: RSDT 0x00000000BFFE1F16 000034 (v01 BOCHS  BXPC     00000001 BXPC 00000001)
[    0.019480] ACPI: FACP 0x00000000BFFE1D92 000074 (v01 BOCHS  BXPC     00000001 BXPC 00000001)
[    0.021044] ACPI: DSDT 0x00000000BFFE0040 001D52 (v01 BOCHS  BXPC     00000001 BXPC 00000001)
[    0.022545] ACPI: FACS 0x00000000BFFE0000 000040
[    0.023359] ACPI: APIC 0x00000000BFFE1E06 0000B0 (v03 BOCHS  BXPC     00000001 BXPC 00000001)
[    0.024842] ACPI: HPET 0x00000000BFFE1EB6 000038 (v01 BOCHS  BXPC     00000001 BXPC 00000001)
[    0.026306] ACPI: WAET 0x00000000BFFE1EEE 000028 (v01 BOCHS  BXPC     00000001 BXPC 00000001)
[    0.027817] ACPI: Reserving FACP table memory at [mem 0xbffe1d92-0xbffe1e05]
[    0.029045] ACPI: Reserving DSDT table memory at [mem 0xbffe0040-0xbffe1d91]
[    0.030278] ACPI: Reserving FACS table memory at [mem 0xbffe0000-0xbffe003f]
[    0.031537] ACPI: Reserving APIC table memory at [mem 0xbffe1e06-0xbffe1eb5]
[    0.032765] ACPI: Reserving HPET table memory at [mem 0xbffe1eb6-0xbffe1eed]
[    0.033974] ACPI: Reserving WAET table memory at [mem 0xbffe1eee-0xbffe1f15]
[    0.035689] No NUMA configuration found
[    0.036397] Faking a node at [mem 0x0000000000000000-0x000000013fffffff]
[    0.037571] NODE_DATA(0) allocated [mem 0x13fff9c80-0x13fffdfff]
[    0.039466] ACPI: PM-Timer IO Port: 0x608
[    0.040190] ACPI: LAPIC_NMI (acpi_id[0xff] dfl dfl lint[0x1])
[    0.041244] IOAPIC[0]: apic_id 0, version 17, address 0xfec00000, GSI 0-23
[    0.042472] ACPI: INT_SRC_OVR (bus 0 bus_irq 0 global_irq 2 dfl dfl)
[    0.043575] ACPI: INT_SRC_OVR (bus 0 bus_irq 5 global_irq 5 high level)
[    0.044744] ACPI: INT_SRC_OVR (bus 0 bus_irq 9 global_irq 9 high level)
[    0.045881] ACPI: INT_SRC_OVR (bus 0 bus_irq 10 global_irq 10 high level)
[    0.047062] ACPI: INT_SRC_OVR (bus 0 bus_irq 11 global_irq 11 high level)
[    0.048245] ACPI: Using ACPI (MADT) for SMP configuration information
[    0.049388] ACPI: HPET id: 0x8086a201 base: 0xfed00000
[    0.050272] TSC deadline timer available
[    0.050974] CPU topo: Max. logical packages:   1
[    0.051812] CPU topo: Max. logical nodes:      1
[    0.052646] CPU topo: Num. nodes per package:  1
[    0.053466] CPU topo: Max. logical dies:       1
[    0.054257] CPU topo: Max. dies per package:   1
[    0.055067] CPU topo: Max. threads per core:   1
[    0.055894] CPU topo: Num. cores per package:     8
[    0.056750] CPU topo: Num. threads per package:   8
[    0.057605] CPU topo: Allowing 8 present CPUs plus 0 hotplug CPUs
[    0.058689] kvm-guest: APIC: eoi() replaced with kvm_guest_apic_eoi_write()
[    0.060004] kvm-guest: KVM setup pv remote TLB flush
[    0.060922] kvm-guest: setup PV sched yield
[    0.061648] PM: hibernation: Registered nosave memory: [mem 0x00000000-0x00000fff]
[    0.062979] PM: hibernation: Registered nosave memory: [mem 0x0009f000-0x000fffff]
[    0.064293] PM: hibernation: Registered nosave memory: [mem 0xbffe0000-0xffffffff]
[    0.065610] [gap 0xc0000000-0xfeffbfff] available for PCI devices
[    0.066693] Booting paravirtualized kernel on KVM
[    0.067519] clocksource: refined-jiffies: mask: 0xffffffff max_cycles: 0xffffffff, max_idle_ns: 1910969940391419 ns
[    0.073879] Zone ranges:
[    0.074329]   DMA      [mem 0x0000000000001000-0x0000000000ffffff]
[    0.075448]   DMA32    [mem 0x0000000001000000-0x00000000ffffffff]
[    0.076538]   Normal   [mem 0x0000000100000000-0x000000013fffffff]
[    0.077637] Movable zone start for each node
[    0.078373] Early memory node ranges
[    0.079008]   node   0: [mem 0x0000000000001000-0x000000000009efff]
[    0.080120]   node   0: [mem 0x0000000000100000-0x00000000bffdffff]
[    0.081220]   node   0: [mem 0x0000000100000000-0x000000013fffffff]
[    0.082295] Initmem setup node 0 [mem 0x0000000000001000-0x000000013fffffff]
[    0.083569] On node 0, zone DMA: 1 pages in unavailable ranges
[    0.085100] On node 0, zone DMA: 97 pages in unavailable ranges
[    0.211240] On node 0, zone Normal: 32 pages in unavailable ranges
[    0.212383] setup_percpu: NR_CPUS:128 nr_cpumask_bits:8 nr_cpu_ids:8 nr_node_ids:1
[    0.217769] percpu: Embedded 58 pages/cpu s199696 r8192 d29680 u262144
[    0.218920] pcpu-alloc: s199696 r8192 d29680 u262144 alloc=1*2097152
[    0.220034] pcpu-alloc: [0] 0 1 2 3 4 5 6 7 
[    0.220875] Kernel command line: virtme_hostname=virtme-ng nr_open=1048576 virtme_link_mods=/home/prozak/sources/heimdall_experiment/uml-harness/.build/bpf-next-x86/.virtme_mods/lib/modules/0.0.0 virtme_rw_overlay0=/tmp virtme_console=ttyS0 console=ttyS0 earlyprintk=serial,ttyS0,115200 panic=-1 virtme.exec=`bW91bnQgLXQgYnBmIGJwZmZzIC9zeXMvZnMvYnBmIDI+L2Rldi9udWxsOyAuL3Rlc3RfcHJvZ3MgLXQgJ2Nncm91cF9nZXRzZXRfcmV0dmFsJw==` virtme_chdir=home/prozak/sources/heimdall_experiment/uml-harness/.build/selftests-output-qemu rootfstype=9p rootflags=version=9p2000.L,trans=virtio,access=any,msize=524288 raid=noautodetect rw debug init=/home/prozak/.local/share/vng-venv/lib/python3.12/site-packages/virtme/guest/bin/virtme-ng-init
[    0.232130] Unknown kernel command line parameters "virtme_hostname=virtme-ng nr_open=1048576 virtme_link_mods=/home/prozak/sources/heimdall_experiment/uml-harness/.build/bpf-next-x86/.virtme_mods/lib/modules/0.0.0 virtme_rw_overlay0=/tmp virtme_console=ttyS0 virtme_chdir=home/prozak/sources/heimdall_experiment/uml-harness/.build/selftests-output-qemu", will be passed to user space.
[    0.238129] random: crng init done
[    0.238717] printk: log buffer data + meta data: 2097152 + 7340032 = 9437184 bytes
[    0.248202] Dentry cache hash table entries: 524288 (order: 10, 4194304 bytes, linear)
[    0.253636] Inode-cache hash table entries: 262144 (order: 9, 2097152 bytes, linear)
[    0.255192] software IO TLB: area num 8.
[    0.390651] Fallback order for Node 0: 0 
[    0.390658] Built 1 zonelists, mobility grouping on.  Total pages: 1048446
[    0.392638] Policy zone: Normal
[    0.393213] mem auto-init: stack:all(zero), heap alloc:off, heap free:off
[    0.399645] SLUB: HWalign=64, Order=0-3, MinObjects=0, CPUs=8, Nodes=1
Poking KASLR using RDRAND RDTSC...
[    0.415370] ftrace: allocating 69757 entries in 274 pages
[    0.416343] ftrace: allocated 274 pages with 3 groups
[    0.417753] Dynamic Preempt: full
[    0.418677] Running RCU self tests
[    0.419293] Running RCU synchronous self tests
[    0.420076] rcu: Preemptible hierarchical RCU implementation.
[    0.421066] rcu: 	RCU event tracing is enabled.
[    0.421866] rcu: 	RCU lockdep checking is enabled.
[    0.422692] rcu: 	RCU restricting CPUs from NR_CPUS=128 to nr_cpu_ids=8.
[    0.423895] 	Trampoline variant of Tasks RCU enabled.
[    0.424767] 	Rude variant of Tasks RCU enabled.
[    0.425567] 	Tracing variant of Tasks RCU enabled.
[    0.426395] rcu: RCU calculated value of scheduler-enlistment delay is 100 jiffies.
[    0.427734] rcu: Adjusting geometry for rcu_fanout_leaf=16, nr_cpu_ids=8
[    0.428965] Running RCU synchronous self tests
[    0.429764] RCU Tasks: Setting shift to 3 and lim to 1 rcu_task_cb_adjust=1 rcu_task_cpu_ids=8.
[    0.431283] RCU Tasks Rude: Setting shift to 3 and lim to 1 rcu_task_cb_adjust=1 rcu_task_cpu_ids=8.
[    0.438686] NR_IRQS: 8448, nr_irqs: 488, preallocated irqs: 16
[    0.440093] rcu: srcu_init: Setting srcu_struct sizes based on contention.
[    0.441381] clocksource: jiffies: mask: 0xffffffff max_cycles: 0xffffffff, max_idle_ns: 1911260446275000 ns
[    0.443486] Console: colour *CGA 80x25
[    0.444220] printk: legacy console [ttyS0] enabled
[    0.444220] printk: legacy console [ttyS0] enabled
[    0.445944] printk: legacy bootconsole [earlyser0] disabled
[    0.445944] printk: legacy bootconsole [earlyser0] disabled
[    0.447946] Lock dependency validator: Copyright (c) 2006 Red Hat, Inc., Ingo Molnar
[    0.449379] ... MAX_LOCKDEP_SUBCLASSES:  8
[    0.450111] ... MAX_LOCK_DEPTH:          48
[    0.450855] ... MAX_LOCKDEP_KEYS:        8192
[    0.451657] ... CLASSHASH_SIZE:          4096
[    0.452467] ... MAX_LOCKDEP_ENTRIES:     32768
[    0.453277] ... MAX_LOCKDEP_CHAINS:      65536
[    0.454068] ... CHAINHASH_SIZE:          32768
[    0.454857]  memory used by lock dependency info: 6429 kB
[    0.455833]  memory used for stack traces: 4224 kB
[    0.456745]  per task-struct memory footprint: 1920 bytes
[    0.457840] ACPI: Core revision 20260408
[    0.458940] clocksource: hpet: mask: 0xffffffff max_cycles: 0xffffffff, max_idle_ns: 19112604467 ns
[    0.461131] APIC: Switch to symmetric I/O mode setup
[    0.462889] x2apic enabled
[    0.464095] APIC: Switched APIC routing to: physical x2apic
[    0.465302] kvm-guest: APIC: send_IPI_mask() replaced with kvm_send_ipi_mask()
[    0.466749] kvm-guest: APIC: send_IPI_mask_allbutself() replaced with kvm_send_ipi_mask_allbutself()
[    0.468581] kvm-guest: setup PV IPIs
[    0.471497] ..TIMER: vector=0x30 apic1=0 pin1=2 apic2=-1 pin2=-1
[    0.472750] clocksource: tsc-early: mask: 0xffffffffffffffff max_cycles: 0x31027285e94, max_idle_ns: 440795238296 ns
[    0.474843] Calibrating delay loop (skipped) preset value.. 6800.07 BogoMIPS (lpj=3400038)
[    0.476868] x86/cpu: User Mode Instruction Prevention (UMIP) activated
[    0.478158] Last level iTLB entries: 4KB 512, 2MB 255, 4MB 127
[    0.478840] Last level dTLB entries: 4KB 512, 2MB 255, 4MB 127, 1GB 0
[    0.479848] mitigations: Enabled attack vectors: user_kernel, user_user, SMT mitigations: auto
[    0.480840] Speculative Store Bypass: Mitigation: Speculative Store Bypass disabled via prctl
[    0.481840] Speculative Return Stack Overflow: IBPB-extending microcode not applied!
[    0.482840] Speculative Return Stack Overflow: WARNING: See https://kernel.org/doc/html/latest/admin-guide/hw-vuln/srso.html for mitigation options.
[    0.482841] Transient Scheduler Attacks: Vulnerable: No microcode
[    0.484840] Spectre V2 : Mitigation: Retpolines
[    0.485840] Speculative Return Stack Overflow: Vulnerable: Safe RET, no microcode
[    0.486840] Spectre V1 : Mitigation: usercopy/swapgs barriers and __user pointer sanitization
[    0.487840] Spectre V2 : Spectre v2 / SpectreRSB: Filling RSB on context switch and VMEXIT
[    0.488840] Spectre V2 : Enabling Restricted Speculation for firmware calls
[    0.489842] Spectre V2 : mitigation: Enabling conditional Indirect Branch Prediction Barrier
[    0.490840] active return thunk: srso_alias_return_thunk
[    0.491891] x86/fpu: Supporting XSAVE feature 0x001: 'x87 floating point registers'
[    0.492840] x86/fpu: Supporting XSAVE feature 0x002: 'SSE registers'
[    0.493840] x86/fpu: Supporting XSAVE feature 0x004: 'AVX registers'
[    0.494840] x86/fpu: xstate_offset[2]:  576, xstate_sizes[2]:  256
[    0.495839] x86/fpu: Enabled xstate features 0x7, context size is 832 bytes, using 'compacted' format.
[    0.532033] pid_max: default: 32768 minimum: 301
[    0.533097] SELinux:  Initializing.
[    0.535402] LSM support for eBPF active
[    0.536163] Mount-cache hash table entries: 8192 (order: 4, 65536 bytes, linear)
[    0.536989] Mountpoint-cache hash table entries: 8192 (order: 4, 65536 bytes, linear)
[    0.539277] VFS: Finished mounting rootfs on nullfs
[    0.541840] Running RCU synchronous self tests
[    0.542842] Running RCU synchronous self tests
[    0.544450] smpboot: CPU0: AMD Ryzen 9 5950X 16-Core Processor (family: 0x19, model: 0x21, stepping: 0x2)
[    0.547131] Performance Events: Fam17h+ core perfctr, AMD PMU driver.
[    0.547863] ... version:                   0
[    0.548771] ... bit width:                 48
[    0.548847] ... generic counters:          6
[    0.549786] ... generic bitmap:            000000000000003f
[    0.549847] ... fixed-purpose counters:    0
[    0.550744] ... fixed-purpose bitmap:      0000000000000000
[    0.550847] ... value mask:                0000ffffffffffff
[    0.551845] ... max period:                00007fffffffffff
[    0.552846] ... global_ctrl mask:          000000000000003f
[    0.554210] signal: max sigframe size: 1776
[    0.555013] rcu: Hierarchical SRCU implementation.
[    0.555849] rcu: 	Max phase no-delay instances is 400.
[    0.557243] Timer migration: 1 hierarchy levels; 8 children per group; 1 crossnode level
[    0.570444] smp: Bringing up secondary CPUs ...
[    0.575087] smpboot: x86: Booting SMP configuration:
[    0.575847] .... node  #0, CPUs:      #1 #2 #3 #4 #5 #6 #7
[    0.602257] smp: Brought up 1 node, 8 CPUs
[    0.603810] smpboot: Total of 8 processors activated (54400.60 BogoMIPS)
[    0.605593] Memory: 3963788K/4193784K available (25637K kernel code, 10348K rwdata, 18032K rodata, 4668K init, 13400K bss, 221944K reserved, 0K cma-reserved)
[    0.607848] devtmpfs: initialized
[    0.612554] Running RCU synchronous self tests
[    0.612867] Running RCU synchronous self tests
[    0.613991] Running RCU Tasks wait API self tests
[    0.615855] Running RCU Tasks Rude wait API self tests
[    0.616851] Running RCU Tasks Trace wait API self tests
[    0.618919] posixtimers hash table entries: 4096 (order: 7, 294912 bytes, linear)
[    0.621084] futex hash table entries: 2048 (262144 bytes on 1 NUMA nodes, total 256 KiB, linear).
[    0.624067] PM: RTC time: 22:53:26, date: 2026-08-02
[    0.625868] Callback from call_rcu_tasks_trace() invoked.
[    0.630320] NET: Registered PF_NETLINK/PF_ROUTE protocol family
[    0.631909] audit: initializing netlink subsys (disabled)
[    0.633939] audit: type=2000 audit(1785711206.273:1): state=initialized audit_enabled=0 res=1
[    0.658845] thermal_sys: Registered thermal governor 'step_wise'
[    0.658928] cpuidle: using governor ladder
[    0.660847] cpuidle: using governor menu
[    0.664052] Freeing SMP alternatives memory: 68K
[    0.665690] PCI: Using configuration type 1 for base access
[    0.666848] PCI: Using configuration type 1 for extended access
[    0.668020] kprobes: kprobe jump-optimization is enabled. All kprobes are optimized if possible.
[    0.671120] HugeTLB: registered 1.00 GiB page size, pre-allocated 0 pages
[    0.672848] HugeTLB: 16380 KiB vmemmap can be freed for a 1.00 GiB page
[    0.674848] HugeTLB: registered 2.00 MiB page size, pre-allocated 0 pages
[    0.675847] HugeTLB: 28 KiB vmemmap can be freed for a 2.00 MiB page
[    0.682056] ACPI: Added _OSI(Module Device)
[    0.683847] ACPI: Added _OSI(Processor Device)
[    0.684826] ACPI: Added _OSI(Processor Aggregator Device)
[    0.689290] ACPI: 1 ACPI AML tables successfully acquired and loaded
[    0.693880] ACPI: \_SB_: platform _OSC: OS support mask [002a7eee]
[    0.695702] ACPI: Interpreter enabled
[    0.696915] ACPI: PM: (supports S0 S3 S4 S5)
[    0.697862] ACPI: Using IOAPIC for interrupt routing
[    0.698906] PCI: Using host bridge windows from ACPI; if necessary, use "pci=nocrs" and report a bug
[    0.700848] PCI: Using E820 reservations for host bridge windows
[    0.702252] ACPI: Enabled 2 GPEs in block 00 to 0F
[    0.717717] ACPI: PCI Root Bridge [PCI0] (domain 0000 [bus 00-ff])
[    0.719854] acpi PNP0A03:00: _OSC: OS supports [ExtendedConfig ASPM ClockPM Segments MSI HPX-Type3]
[    0.720858] acpi PNP0A03:00: _OSC: OS requested [PME PCIeCapability LTR]
[    0.722848] acpi PNP0A03:00: _OSC: platform willing to grant [PME PCIeCapability LTR]
[    0.724892] acpi PNP0A03:00: _OSC: platform retains control of PCIe features (AE_ERROR)
[    0.726598] PCI host bridge to bus 0000:00
[    0.727857] pci_bus 0000:00: root bus resource [io  0x0000-0x0cf7 window]
[    0.728848] pci_bus 0000:00: root bus resource [io  0x0d00-0xffff window]
[    0.730849] pci_bus 0000:00: root bus resource [mem 0x000a0000-0x000bffff window]
[    0.731847] pci_bus 0000:00: root bus resource [mem 0xc0000000-0xfebfffff window]
[    0.733848] pci_bus 0000:00: root bus resource [mem 0x380000000000-0x38007fffffff window]
[    0.735849] pci_bus 0000:00: root bus resource [bus 00-ff]
[    0.737251] pci 0000:00:00.0: [8086:1237] type 00 class 0x060000 conventional PCI endpoint
[    0.740385] pci 0000:00:01.0: [8086:7000] type 00 class 0x060100 conventional PCI endpoint
[    0.743190] pci 0000:00:01.1: [8086:7010] type 00 class 0x010180 conventional PCI endpoint
[    0.745921] pci 0000:00:01.1: BAR 4 [io  0xc1c0-0xc1cf]
[    0.747922] pci 0000:00:01.1: BAR 0 [io  0x01f0-0x01f7]: legacy IDE quirk
[    0.748848] pci 0000:00:01.1: BAR 1 [io  0x03f6]: legacy IDE quirk
[    0.750848] pci 0000:00:01.1: BAR 2 [io  0x0170-0x0177]: legacy IDE quirk
[    0.751847] pci 0000:00:01.1: BAR 3 [io  0x0376]: legacy IDE quirk
[    0.753535] pci 0000:00:01.3: [8086:7113] type 00 class 0x068000 conventional PCI endpoint
[    0.756598] pci 0000:00:01.3: quirk: [io  0x0600-0x063f] claimed by PIIX4 ACPI
[    0.757877] pci 0000:00:01.3: quirk: [io  0x0700-0x070f] claimed by PIIX4 SMB
[    0.759892] pci 0000:00:02.0: [1af4:1009] type 00 class 0x000200 conventional PCI endpoint
[    0.763865] pci 0000:00:02.0: BAR 0 [io  0xc000-0xc03f]
[    0.764864] pci 0000:00:02.0: BAR 1 [mem 0xfebf8000-0xfebf8fff]
[    0.766908] pci 0000:00:02.0: BAR 4 [mem 0x380000000000-0x380000003fff 64bit pref]
[    0.770888] pci 0000:00:03.0: [8086:25ab] type 00 class 0x088000 conventional PCI endpoint
[    0.773865] pci 0000:00:03.0: BAR 0 [mem 0xfebf9000-0xfebf900f]
[    0.777359] pci 0000:00:04.0: [1af4:1003] type 00 class 0x078000 conventional PCI endpoint
[    0.781866] pci 0000:00:04.0: BAR 0 [io  0xc040-0xc07f]
[    0.782864] pci 0000:00:04.0: BAR 1 [mem 0xfebfa000-0xfebfafff]
[    0.783906] pci 0000:00:04.0: BAR 4 [mem 0x380000004000-0x380000007fff 64bit pref]
[    0.789132] pci 0000:00:05.0: [1af4:1003] type 00 class 0x078000 conventional PCI endpoint
[    0.791863] pci 0000:00:05.0: BAR 0 [io  0xc080-0xc0bf]
[    0.792864] pci 0000:00:05.0: BAR 1 [mem 0xfebfb000-0xfebfbfff]
[    0.793908] pci 0000:00:05.0: BAR 4 [mem 0x380000008000-0x38000000bfff 64bit pref]
[    0.799086] pci 0000:00:06.0: [1af4:1003] type 00 class 0x078000 conventional PCI endpoint
[    0.801863] pci 0000:00:06.0: BAR 0 [io  0xc0c0-0xc0ff]
[    0.802865] pci 0000:00:06.0: BAR 1 [mem 0xfebfc000-0xfebfcfff]
[    0.804912] pci 0000:00:06.0: BAR 4 [mem 0x38000000c000-0x38000000ffff 64bit pref]
[    0.809055] pci 0000:00:07.0: [1af4:1003] type 00 class 0x078000 conventional PCI endpoint
[    0.811864] pci 0000:00:07.0: BAR 0 [io  0xc100-0xc13f]
[    0.813863] pci 0000:00:07.0: BAR 1 [mem 0xfebfd000-0xfebfdfff]
[    0.814909] pci 0000:00:07.0: BAR 4 [mem 0x380000010000-0x380000013fff 64bit pref]
[    0.819056] pci 0000:00:08.0: [1af4:1003] type 00 class 0x078000 conventional PCI endpoint
[    0.822864] pci 0000:00:08.0: BAR 0 [io  0xc140-0xc17f]
[    0.823863] pci 0000:00:08.0: BAR 1 [mem 0xfebfe000-0xfebfefff]
[    0.824908] pci 0000:00:08.0: BAR 4 [mem 0x380000014000-0x380000017fff 64bit pref]
[    0.830133] pci 0000:00:09.0: [1af4:1003] type 00 class 0x078000 conventional PCI endpoint
[    0.832818] pci 0000:00:09.0: BAR 0 [io  0xc180-0xc1bf]
[    0.833865] pci 0000:00:09.0: BAR 1 [mem 0xfebff000-0xfebfffff]
[    0.834905] pci 0000:00:09.0: BAR 4 [mem 0x380000018000-0x38000001bfff 64bit pref]
[    0.845431] ACPI: PCI: Interrupt link LNKA configured for IRQ 10
[    0.846140] ACPI: PCI: Interrupt link LNKB configured for IRQ 10
[    0.848126] ACPI: PCI: Interrupt link LNKC configured for IRQ 11
[    0.849100] ACPI: PCI: Interrupt link LNKD configured for IRQ 11
[    0.850978] ACPI: PCI: Interrupt link LNKS configured for IRQ 9
[    0.854890] iommu: Default domain type: Translated
[    0.855849] iommu: DMA domain TLB invalidation policy: lazy mode
[    0.858400] SCSI subsystem initialized
[    0.859917] libata version 3.00 loaded.
[    0.860977] ACPI: bus type USB registered
[    0.861960] usbcore: registered new interface driver usbfs
[    0.862919] usbcore: registered new interface driver hub
[    0.863886] usbcore: registered new device driver usb
[    0.864975] pps_core: LinuxPPS API ver. 1 registered
[    0.865846] pps_core: Software ver. 5.3.6 - Copyright 2005-2007 Rodolfo Giometti <giometti@linux.it>
[    0.867864] PTP clock support registered
[    0.869302] Advanced Linux Sound Architecture Driver Initialized.
[    0.871943] NetLabel: Initializing
[    0.872706] NetLabel:  domain hash size = 128
[    0.873847] NetLabel:  protocols = UNLABELED CIPSOv4 CALIPSO
[    0.874895] NetLabel:  unlabeled traffic allowed by default
[    0.876941] PCI: Using ACPI for IRQ routing
[    0.877885] PCI: pci_cache_line_size set to 64 bytes
[    0.879222] e820: register RAM buffer resource [mem 0x0009fc00-0x0009ffff]
[    0.880849] e820: register RAM buffer resource [mem 0xbffe0000-0xbfffffff]
[    0.881961] vgaarb: loaded
[    0.882609] hpet0: at MMIO 0xfed00000, IRQs 2, 8, 0
[    0.883847] hpet0: 3 comparators, 64-bit 100.000000 MHz counter
[    0.888847] clocksource: Switched to clocksource kvm-clock
[    0.891223] VFS: Disk quotas dquot_6.6.0
[    0.892187] VFS: Dquot-cache hash table entries: 512 (4096 bytes)
[    0.894600] pnp: PnP ACPI init
[    0.895814] pnp 00:02: [dma 2]
[    0.897273] pnp: PnP ACPI: found 4 devices
[    0.914499] clocksource: acpi_pm: mask: 0xffffff max_cycles: 0xffffff, max_idle_ns: 2085701024 ns
[    0.916656] NET: Registered PF_INET protocol family
[    0.918945] IP idents hash table entries: 65536 (order: 7, 524288 bytes, linear)
[    0.922854] tcp_listen_portaddr_hash hash table entries: 2048 (order: 6, 147456 bytes, linear)
[    0.925497] Table-perturb hash table entries: 65536 (order: 6, 262144 bytes, linear)
[    0.927172] TCP established hash table entries: 32768 (order: 6, 262144 bytes, linear)
[    0.929446] TCP bind hash table entries: 32768 (order: 11, 4718592 bytes, vmalloc hugepage)
[    0.931679] Callback from call_rcu_tasks() invoked.
[    0.941795] TCP: Hash tables configured (established 32768 bind 32768)
[    0.944703] MPTCP token hash table entries: 4096 (order: 7, 360448 bytes, linear)
[    0.946401] UDP hash table entries: 2048 (order: 7, 524288 bytes, linear)
[    0.949224] NET: Registered PF_UNIX/PF_LOCAL protocol family
[    0.951449] RPC: Registered named UNIX socket transport module.
[    0.952753] RPC: Registered udp transport module.
[    0.953777] RPC: Registered tcp transport module.
[    0.954816] RPC: Registered tcp-with-tls transport module.
[    0.955994] RPC: Registered tcp NFSv4.1 backchannel transport module.
[    0.958388] NET: Registered PF_XDP protocol family
[    0.959743] pci_bus 0000:00: resource 4 [io  0x0000-0x0cf7 window]
[    0.961320] pci_bus 0000:00: resource 5 [io  0x0d00-0xffff window]
[    0.962663] pci_bus 0000:00: resource 6 [mem 0x000a0000-0x000bffff window]
[    0.964163] pci_bus 0000:00: resource 7 [mem 0xc0000000-0xfebfffff window]
[    0.965716] pci_bus 0000:00: resource 8 [mem 0x380000000000-0x38007fffffff window]
[    0.967539] pci 0000:00:01.0: PIIX3: Enabling Passive Release
[    0.968819] pci 0000:00:00.0: Limiting direct PCI/PCI transfers
[    0.970291] PCI: CLS 0 bytes, default 64
[    0.971280] PCI-DMA: Using software bounce buffering for IO (SWIOTLB)
[    0.972680] software IO TLB: mapped [mem 0x00000000bbfe0000-0x00000000bffe0000] (64MB)
[    0.975707] clocksource: tsc: mask: 0xffffffffffffffff max_cycles: 0x31027285e94, max_idle_ns: 440795238296 ns
[    0.986169] Initialise system trusted keyrings
[    0.987569] workingset: timestamp_bits=40 (anon: 35) max_order=20 bucket_order=0 (anon: 0)
[    0.990514] squashfs: version 4.0 (2009/01/31) Phillip Lougher
[    0.992434] NFS: Registering the id_resolver key type
[    0.993883] Key type id_resolver registered
[    0.994860] Key type id_legacy registered
[    0.995785] nfs4filelayout_init: NFSv4 File Layout Driver Registering...
[    0.997282] nfs4flexfilelayout_init: NFSv4 Flexfile Layout Driver Registering...
[    0.999139] fuse: init (API version 7.45)
[    1.000370] 9p: Installing v9fs 9p2000 file system support
[    1.003365] NET: Registered PF_ALG protocol family
[    1.004500] Key type asymmetric registered
[    1.005391] Asymmetric key parser 'x509' registered
[    1.006555] Block layer SCSI generic (bsg) driver version 0.4 loaded (major 248)
[    1.008758] io scheduler mq-deadline registered
[    1.009827] io scheduler kyber registered
[    1.011971] input: Power Button as /devices/platform/LNXPWRBN:00/input/input0
[    1.013834] ACPI: button: Power Button [PWRF]
[    1.138267] ACPI: \_SB_.LNKB: Enabled at IRQ 10
[    1.260312] ACPI: \_SB_.LNKD: Enabled at IRQ 11
[    1.382117] ACPI: \_SB_.LNKA: Enabled at IRQ 10
[    1.483869] kwatchdog (99) used greatest stack depth: 14776 bytes left
[    1.627274] ACPI: \_SB_.LNKC: Enabled at IRQ 11
[    1.875191] Serial: 8250/16550 driver, 4 ports, IRQ sharing enabled
[    1.877699] 00:03: ttyS0 at I/O 0x3f8 (irq = 4, base_baud = 115200) is a 16550A
[    2.013868] Non-volatile memory driver v1.3
[    2.015598] ACPI: bus type drm_connector registered
[    2.037146] brd: module loaded
[    2.050697] loop: module loaded
[    2.055991] scsi host0: ata_piix
[    2.058017] scsi host1: ata_piix
[    2.059030] ata1: PATA max MWDMA2 cmd 0x1f0 ctl 0x3f6 bmdma 0xc1c0 irq 14 lpm-pol 0
[    2.060711] ata2: PATA max MWDMA2 cmd 0x170 ctl 0x376 bmdma 0xc1c8 irq 15 lpm-pol 0
[    2.067168] tun: Universal TUN/TAP device driver, 1.6
[    2.068774] e100: Intel(R) PRO/100 Network Driver
[    2.069866] e100: Copyright(c) 1999-2006 Intel Corporation
[    2.071169] e1000: Intel(R) PRO/1000 Network Driver
[    2.072282] e1000: Copyright (c) 1999-2006 Intel Corporation.
[    2.073666] e1000e: Intel(R) PRO/1000 Network Driver
[    2.074756] e1000e: Copyright(c) 1999 - 2015 Intel Corporation.
[    2.076158] sky2: driver version 1.30
[    2.078334] usbcore: registered new interface driver usblp
[    2.079662] usbcore: registered new interface driver usb-storage
[    2.081106] i8042: PNP: PS/2 Controller [PNP0303:KBD,PNP0f13:MOU] at 0x60,0x64 irq 1,12
[    2.084289] serio: i8042 KBD port at 0x60,0x64 irq 1
[    2.085914] serio: i8042 AUX port at 0x60,0x64 irq 12
[    2.088103] rtc_cmos PNP0B00:00: RTC can wake from S4
[    2.091317] input: AT Translated Set 2 keyboard as /devices/platform/i8042/serio0/input/input1
[    2.094724] rtc_cmos PNP0B00:00: registered as rtc0
[    2.097061] rtc_cmos PNP0B00:00: alarms up to one day, y3k, 242 bytes nvram, hpet irqs
[    2.099662] Registered IR keymap rc-empty
[    2.101061] rc rc0: rc-core loopback device as /devices/virtual/rc/rc0
[    2.103310] rc rc0: lirc_dev: driver rc-loopback registered at minor = 0, raw IR receiver, raw IR transmitter
[    2.105931] input: rc-core loopback device as /devices/virtual/rc/rc0/input4
[    2.108539] intel_powerclamp: CPU does not support MWAIT
[    2.109827] device-mapper: core: CONFIG_IMA_DISABLE_HTABLE is disabled. Duplicate IMA measurements will not be recorded in the IMA log.
[    2.112819] device-mapper: ioctl: 4.50.0-ioctl (2025-04-28) initialised: dm-devel@lists.linux.dev
[    2.114869] amd_pstate: the _CPC object is not present in SBIOS or ACPI disabled
[    2.117323] hid: raw HID events driver (C) Jiri Kosina
[    2.120116] usbcore: registered new interface driver usbhid
[    2.121422] usbhid: USB HID core driver
[    2.123584] GACT probability NOT on
[    2.124380] Mirror/redirect action on
[    2.126621] nf_conntrack_irc: The irc conntrack helper is scheduled for removal.
[    2.126621] Please contact the netfilter-devel mailing list if you still need this.
[    2.131543] ipip: IPv4 and MPLS over IPv4 tunneling driver
[    2.133580] gre: GRE over IPv4 demultiplexer driver
[    2.134656] ip_gre: GRE over IPv4 tunneling driver
[    2.138320] Initializing XFRM netlink socket
[    2.139373] IPsec XFRM device driver
[    2.140314] NET: Registered PF_INET6 protocol family
[    2.143808] Segment Routing with IPv6
[    2.144693] In-situ OAM (IOAM) with IPv6
[    2.145640] mip6: Mobile IPv6
[    2.146301] sit: IPv6, IPv4 and MPLS over IPv4 tunneling driver
[    2.149073] ip6_gre: GRE over IPv6 tunneling driver
[    2.151002] NET: Registered PF_PACKET protocol family
[    2.152176] RPC: Registered rdma transport module.
[    2.153258] RPC: Registered rdma backchannel transport module.
[    2.154964] 8021q: 802.1Q VLAN Support v1.8
[    2.156756] smc: adding smcd device lo without pnetid
[    2.158095] NET: Registered PF_SMC protocol family
[    2.159656] 9pnet: Installing 9P2000 support
[    2.162175] Key type dns_resolver registered
[    2.163332] NET: Registered PF_VSOCK protocol family
[    2.164555] mpls_gso: MPLS GSO support
[    2.168821] IPI shorthand broadcast: enabled
[    2.213114] sched_clock: Marking stable (2187020444, 25457057)->(2253858957, -41381456)
[    2.216678] registered taskstats version 1
[    2.219133] ata2: found unknown device (class 0)
[    2.221767] ata2.00: ATAPI: QEMU DVD-ROM, 2.5+, max UDMA/100
[    2.226112] scsi 1:0:0:0: CD-ROM            QEMU     QEMU DVD-ROM     2.5+ PQ: 0 ANSI: 5
[    2.233978] Loading compiled-in X.509 certificates
[    2.235646] kworker/u32:1 (119) used greatest stack depth: 13008 bytes left
[    2.236957] Loaded X.509 cert 'Build time autogenerated kernel key: c4531344b9a9c1a4731230d977a262ba29ba5272'
[    2.261331] sr 1:0:0:0: [sr0] scsi3-mmc drive: 4x/4x cd/rw xa/form2 tray
[    2.277174] Demotion targets for Node 0: null
[    2.278779] ima: No TPM chip found, activating TPM-bypass!
[    2.280038] ima: Allocated hash algorithm: sha1
[    2.281399] cdrom: Uniform CD-ROM driver Revision: 3.20
[    2.281549] ima: No architecture policies found
[    2.285208] PM:   Magic number: 6:835:905
[    2.286277] netconsole: network logging started
[    2.287972] cfg80211: Loading compiled-in X.509 certificates for regulatory database
[    2.290827] Loaded X.509 cert 'sforshee: 00b28ddf47aef9cea7'
[    2.292642] Loaded X.509 cert 'wens: 61c038651aabdcf94bd0ac7ff06c7248db18c600'
[    2.294498] faux_driver regulatory: Direct firmware load for regulatory.db failed with error -2
[    2.295083] ALSA device list:
[    2.296548] cfg80211: failed to load regulatory.db
[    2.297317]   No soundcards found.
[    2.297984] sr 1:0:0:0: Attached scsi CD-ROM sr0
[    2.299231] sr 1:0:0:0: Attached scsi generic sg0 type 5
[    2.517240] input: ImExPS/2 Generic Explorer Mouse as /devices/platform/i8042/serio1/input/input3
[    2.519160] md: Skipping autodetection of RAID arrays. (raid=autodetect will force)
[    2.520647] 9p: Bad value for 'source'
[    2.521211] 9pnet: Limiting 'msize' to 512000 as this is the maximum supported by transport virtio
[    2.524769] VFS: Mounted root (9p filesystem) on device 0:22.
[    2.526534] devtmpfs: mounted
[    2.527169] VFS: Pivoted into new rootfs
[    2.532208] Freeing unused kernel image (initmem) memory: 4668K
[    2.533093] Write protecting the kernel read-only data: 45056k
[    2.535233] Freeing unused kernel image (text/rodata gap) memory: 984K
[    2.536620] Freeing unused kernel image (rodata/data gap) memory: 400K
[    2.573585] x86/mm: Checked W+X mappings: passed, no W+X pages found.
[    2.574518] Run /home/prozak/.local/share/vng-venv/lib/python3.12/site-packages/virtme/guest/bin/virtme-ng-init as init process
[    2.576086]   with arguments:
[    2.576532]     /home/prozak/.local/share/vng-venv/lib/python3.12/site-packages/virtme/guest/bin/virtme-ng-init
[    2.577906]   with environment:
[    2.578359]     HOME=/
[    2.578740]     TERM=linux
[    2.579119]     virtme_hostname=virtme-ng
[    2.579702]     nr_open=1048576
[    2.580145]     virtme_link_mods=/home/prozak/sources/heimdall_experiment/uml-harness/.build/bpf-next-x86/.virtme_mods/lib/modules/0.0.0
[    2.581759]     virtme_rw_overlay0=/tmp
[    2.582294]     virtme_console=ttyS0
[    2.582854]     virtme_chdir=home/prozak/sources/heimdall_experiment/uml-harness/.build/selftests-output-qemu
[    2.676638] virtme-ng-init: mount devtmpfs -> /dev: EBUSY: Device or resource busy
[    2.678858] virtme-ng-init: Setting hostname to virtme-ng...
[    2.717253] virtme-ng-init: running systemd-tmpfiles
[    3.899520] systemd-tmpfile (126) used greatest stack depth: 12344 bytes left
[    3.899651] virtme-ng-init: basic initialization done
[    3.917028] virtme-ng-init: error creating file: Permission denied (os error 13)
[    3.996265] ip (132) used greatest stack depth: 11848 bytes left
[    4.118156] virtme-ng-init: Starting systemd-udevd version 255.4-1ubuntu8.16
[    4.120123] virtme-ng-init: triggering udev coldplug
[    7.225535] virtme-ng-init: waiting for udev to settle
[    7.994673] virtme-ng-init: udev is done
[    7.999251] virtme-ng-init: starting script
[    8.286565] bpf_testmod: loading out-of-tree module taints kernel.
[    8.287451] bpf_testmod: module verification failed: signature and/or required key missing - tainting kernel
[    8.462930] smc: removing smcd device lo
[    8.530747] ACPI: PM: Preparing to enter system sleep state S5
[    8.532073] reboot: Power down
