#75      cgroup_skb_sk_lookup:OK
Summary: 1/0 PASSED, 0 SKIPPED, 0 FAILED
n extract_kernel
input_data: 0x00000000049762c4
input_len: 0x00000000015c3b21
output: 0x0000000001000000
output_len: 0x00000000045c1650
kernel_total_size: 0x0000000004f8d000
needed_size: 0x0000000005000000
trampoline_32bit: 0x0000000000000000
Physical KASLR using RDRAND RDTSC...
Virtual KASLR using RDRAND RDTSC...

Decompressing Linux... Parsing ELF... Performing relocations... done.
Booting the kernel (entry_offset: 0x0000000003db5740).
[    0.000000] Linux version 7.2.0-rc1-g5e2f4aad04e2 (prozak@powertower) (gcc (Ubuntu 13.3.0-6ubuntu2~24.04.1) 13.3.0, GNU ld (GNU Binutils for Ubuntu) 2.42) #3 SMP PREEMPT_DYNAMIC Sun Aug  2 09:03:43 PDT 2026
[    0.000000] Command line: virtme_hostname=virtme-ng nr_open=1048576 virtme_link_mods=/home/prozak/sources/heimdall_experiment/uml-harness/.build/bpf-next-x86/.virtme_mods/lib/modules/0.0.0 virtme_rw_overlay0=/tmp virtme_console=ttyS0 console=ttyS0 earlyprintk=serial,ttyS0,115200 panic=-1 virtme.exec=`bW91bnQgLXQgYnBmIGJwZmZzIC9zeXMvZnMvYnBmIDI+L2Rldi9udWxsOyAuL3Rlc3RfcHJvZ3MgLXQgJ2Nncm91cF9za2Jfc2tfbG9va3VwJw==` virtme_chdir=home/prozak/sources/heimdall_experiment/uml-harness/.build/selftests-output-qemu rootfstype=9p rootflags=version=9p2000.L,trans=virtio,access=any,msize=524288 raid=noautodetect rw debug init=/home/prozak/.local/share/vng-venv/lib/python3.12/site-packages/virtme/guest/bin/virtme-ng-init
[    0.000000] x86 CPU feature dependency check failure: CPU0 has '18*32+31' enabled but '18*32+26' disabled. Kernel might be fine, but no guarantees.
[    0.000000] BIOS-provided physical RAM map:
[    0.000000] BIOS-e820: [mem 0x0000000000000000-0x000000000009fbff]  System RAM
[    0.000000] BIOS-e820: [mem 0x000000000009fc00-0x000000000009ffff]  device reserved
[    0.000000] BIOS-e820: [gap 0x00000000000a0000-0x00000000000effff]
[    0.000000] BIOS-e820: [mem 0x00000000000f0000-0x00000000000fffff]  device reserved
[    0.000000] BIOS-e820: [mem 0x0000000000100000-0x00000000bffdffff]  System RAM
[    0.000000] BIOS-e820: [mem 0x00000000bffe0000-0x00000000bfffffff]  device reserved
[    0.000000] BIOS-e820: [gap 0x00000000c0000000-0x00000000feffbfff]
[    0.000000] BIOS-e820: [mem 0x00000000feffc000-0x00000000feffffff]  device reserved
[    0.000000] BIOS-e820: [gap 0x00000000ff000000-0x00000000fffbffff]
[    0.000000] BIOS-e820: [mem 0x00000000fffc0000-0x00000000ffffffff]  device reserved
[    0.000000] BIOS-e820: [mem 0x0000000100000000-0x000000013fffffff]  System RAM
[    0.000000] BIOS-e820: [gap 0x0000000140000000-0x000000fcffffffff]
[    0.000000] BIOS-e820: [mem 0x000000fd00000000-0x000000ffffffffff]  device reserved
[    0.000000] printk: legacy bootconsole [earlyser0] enabled
[    0.000000] NX (Execute Disable) protection: active
[    0.000000] APIC: Static calls initialized
[    0.000000] DMI: SMBIOS 3.0.0 present.
[    0.000000] DMI: QEMU Ubuntu 24.04 PC v2 (i440FX + PIIX, arch_caps fix, 1996), BIOS 1.16.3-debian-1.16.3-2 04/01/2014
[    0.000000] DMI: Memory slots populated: 1/1
[    0.000000] Hypervisor detected: KVM
[    0.000000] last_pfn = 0xbffe0 max_arch_pfn = 0x400000000
[    0.000000] kvm-clock: Using msrs 4b564d01 and 4b564d00
[    0.000001] kvm-clock: using sched offset of 439947713 cycles
[    0.000891] clocksource: kvm-clock: mask: 0xffffffffffffffff max_cycles: 0x1cd42e4dffb, max_idle_ns: 881590591483 ns
[    0.003705] tsc: Detected 3400.038 MHz processor
[    0.004847] e820: update [mem 0x00000000-0x00000fff] System RAM ==> device reserved
[    0.006210] e820: remove [mem 0x000a0000-0x000fffff] System RAM
[    0.007255] last_pfn = 0x140000 max_arch_pfn = 0x400000000
[    0.008286] MTRR map: 4 entries (3 fixed + 1 variable; max 19), built from 8 variable MTRRs
[    0.009753] x86/PAT: Configuration [0-7]: WB  WC  UC- UC  WB  WP  UC- WT  
Memory KASLR using RDRAND RDTSC...
[    0.011607] last_pfn = 0xbffe0 max_arch_pfn = 0x400000000
[    0.013746] found SMP MP-table at [mem 0x000f5450-0x000f545f]
[    0.014760] Using GB pages for direct mapping
[    0.015650] ACPI: Early table checksum verification disabled
[    0.016615] ACPI: RSDP 0x00000000000F5240 000014 (v00 BOCHS )
[    0.017672] ACPI: RSDT 0x00000000BFFE1F16 000034 (v01 BOCHS  BXPC     00000001 BXPC 00000001)
[    0.019144] ACPI: FACP 0x00000000BFFE1D92 000074 (v01 BOCHS  BXPC     00000001 BXPC 00000001)
[    0.020602] ACPI: DSDT 0x00000000BFFE0040 001D52 (v01 BOCHS  BXPC     00000001 BXPC 00000001)
[    0.022109] ACPI: FACS 0x00000000BFFE0000 000040
[    0.022917] ACPI: APIC 0x00000000BFFE1E06 0000B0 (v03 BOCHS  BXPC     00000001 BXPC 00000001)
[    0.024385] ACPI: HPET 0x00000000BFFE1EB6 000038 (v01 BOCHS  BXPC     00000001 BXPC 00000001)
[    0.025874] ACPI: WAET 0x00000000BFFE1EEE 000028 (v01 BOCHS  BXPC     00000001 BXPC 00000001)
[    0.027395] ACPI: Reserving FACP table memory at [mem 0xbffe1d92-0xbffe1e05]
[    0.028610] ACPI: Reserving DSDT table memory at [mem 0xbffe0040-0xbffe1d91]
[    0.029821] ACPI: Reserving FACS table memory at [mem 0xbffe0000-0xbffe003f]
[    0.031058] ACPI: Reserving APIC table memory at [mem 0xbffe1e06-0xbffe1eb5]
[    0.032272] ACPI: Reserving HPET table memory at [mem 0xbffe1eb6-0xbffe1eed]
[    0.033482] ACPI: Reserving WAET table memory at [mem 0xbffe1eee-0xbffe1f15]
[    0.035138] No NUMA configuration found
[    0.035791] Faking a node at [mem 0x0000000000000000-0x000000013fffffff]
[    0.036965] NODE_DATA(0) allocated [mem 0x13fff9c80-0x13fffdfff]
[    0.038862] ACPI: PM-Timer IO Port: 0x608
[    0.039581] ACPI: LAPIC_NMI (acpi_id[0xff] dfl dfl lint[0x1])
[    0.040605] IOAPIC[0]: apic_id 0, version 17, address 0xfec00000, GSI 0-23
[    0.041830] ACPI: INT_SRC_OVR (bus 0 bus_irq 0 global_irq 2 dfl dfl)
[    0.042925] ACPI: INT_SRC_OVR (bus 0 bus_irq 5 global_irq 5 high level)
[    0.044068] ACPI: INT_SRC_OVR (bus 0 bus_irq 9 global_irq 9 high level)
[    0.045191] ACPI: INT_SRC_OVR (bus 0 bus_irq 10 global_irq 10 high level)
[    0.046439] ACPI: INT_SRC_OVR (bus 0 bus_irq 11 global_irq 11 high level)
[    0.047625] ACPI: Using ACPI (MADT) for SMP configuration information
[    0.048719] ACPI: HPET id: 0x8086a201 base: 0xfed00000
[    0.049624] TSC deadline timer available
[    0.050294] CPU topo: Max. logical packages:   1
[    0.051112] CPU topo: Max. logical nodes:      1
[    0.051927] CPU topo: Num. nodes per package:  1
[    0.052712] CPU topo: Max. logical dies:       1
[    0.053562] CPU topo: Max. dies per package:   1
[    0.054367] CPU topo: Max. threads per core:   1
[    0.055182] CPU topo: Num. cores per package:     8
[    0.056026] CPU topo: Num. threads per package:   8
[    0.056873] CPU topo: Allowing 8 present CPUs plus 0 hotplug CPUs
[    0.057947] kvm-guest: APIC: eoi() replaced with kvm_guest_apic_eoi_write()
[    0.059184] kvm-guest: KVM setup pv remote TLB flush
[    0.060035] kvm-guest: setup PV sched yield
[    0.060767] PM: hibernation: Registered nosave memory: [mem 0x00000000-0x00000fff]
[    0.062118] PM: hibernation: Registered nosave memory: [mem 0x0009f000-0x000fffff]
[    0.063423] PM: hibernation: Registered nosave memory: [mem 0xbffe0000-0xffffffff]
[    0.064731] [gap 0xc0000000-0xfeffbfff] available for PCI devices
[    0.065786] Booting paravirtualized kernel on KVM
[    0.066623] clocksource: refined-jiffies: mask: 0xffffffff max_cycles: 0xffffffff, max_idle_ns: 1910969940391419 ns
[    0.072996] Zone ranges:
[    0.073479]   DMA      [mem 0x0000000000001000-0x0000000000ffffff]
[    0.074599]   DMA32    [mem 0x0000000001000000-0x00000000ffffffff]
[    0.075685]   Normal   [mem 0x0000000100000000-0x000000013fffffff]
[    0.076789] Movable zone start for each node
[    0.077564] Early memory node ranges
[    0.078213]   node   0: [mem 0x0000000000001000-0x000000000009efff]
[    0.079309]   node   0: [mem 0x0000000000100000-0x00000000bffdffff]
[    0.080423]   node   0: [mem 0x0000000100000000-0x000000013fffffff]
[    0.081527] Initmem setup node 0 [mem 0x0000000000001000-0x000000013fffffff]
[    0.082830] On node 0, zone DMA: 1 pages in unavailable ranges
[    0.084371] On node 0, zone DMA: 97 pages in unavailable ranges
[    0.210290] On node 0, zone Normal: 32 pages in unavailable ranges
[    0.211428] setup_percpu: NR_CPUS:128 nr_cpumask_bits:8 nr_cpu_ids:8 nr_node_ids:1
[    0.216889] percpu: Embedded 58 pages/cpu s199696 r8192 d29680 u262144
[    0.218048] pcpu-alloc: s199696 r8192 d29680 u262144 alloc=1*2097152
[    0.219171] pcpu-alloc: [0] 0 1 2 3 4 5 6 7 
[    0.219953] Kernel command line: virtme_hostname=virtme-ng nr_open=1048576 virtme_link_mods=/home/prozak/sources/heimdall_experiment/uml-harness/.build/bpf-next-x86/.virtme_mods/lib/modules/0.0.0 virtme_rw_overlay0=/tmp virtme_console=ttyS0 console=ttyS0 earlyprintk=serial,ttyS0,115200 panic=-1 virtme.exec=`bW91bnQgLXQgYnBmIGJwZmZzIC9zeXMvZnMvYnBmIDI+L2Rldi9udWxsOyAuL3Rlc3RfcHJvZ3MgLXQgJ2Nncm91cF9za2Jfc2tfbG9va3VwJw==` virtme_chdir=home/prozak/sources/heimdall_experiment/uml-harness/.build/selftests-output-qemu rootfstype=9p rootflags=version=9p2000.L,trans=virtio,access=any,msize=524288 raid=noautodetect rw debug init=/home/prozak/.local/share/vng-venv/lib/python3.12/site-packages/virtme/guest/bin/virtme-ng-init
[    0.231093] Unknown kernel command line parameters "virtme_hostname=virtme-ng nr_open=1048576 virtme_link_mods=/home/prozak/sources/heimdall_experiment/uml-harness/.build/bpf-next-x86/.virtme_mods/lib/modules/0.0.0 virtme_rw_overlay0=/tmp virtme_console=ttyS0 virtme_chdir=home/prozak/sources/heimdall_experiment/uml-harness/.build/selftests-output-qemu", will be passed to user space.
[    0.237011] random: crng init done
[    0.237610] printk: log buffer data + meta data: 2097152 + 7340032 = 9437184 bytes
[    0.247127] Dentry cache hash table entries: 524288 (order: 10, 4194304 bytes, linear)
[    0.252520] Inode-cache hash table entries: 262144 (order: 9, 2097152 bytes, linear)
[    0.254106] software IO TLB: area num 8.
[    0.390169] Fallback order for Node 0: 0 
[    0.390172] Built 1 zonelists, mobility grouping on.  Total pages: 1048446
[    0.392074] Policy zone: Normal
[    0.392636] mem auto-init: stack:all(zero), heap alloc:off, heap free:off
[    0.398938] SLUB: HWalign=64, Order=0-3, MinObjects=0, CPUs=8, Nodes=1
Poking KASLR using RDRAND RDTSC...
[    0.414582] ftrace: allocating 69757 entries in 274 pages
[    0.415529] ftrace: allocated 274 pages with 3 groups
[    0.416907] Dynamic Preempt: full
[    0.417811] Running RCU self tests
[    0.418425] Running RCU synchronous self tests
[    0.419202] rcu: Preemptible hierarchical RCU implementation.
[    0.420239] rcu: 	RCU event tracing is enabled.
[    0.421031] rcu: 	RCU lockdep checking is enabled.
[    0.421871] rcu: 	RCU restricting CPUs from NR_CPUS=128 to nr_cpu_ids=8.
[    0.423032] 	Trampoline variant of Tasks RCU enabled.
[    0.423916] 	Rude variant of Tasks RCU enabled.
[    0.424692] 	Tracing variant of Tasks RCU enabled.
[    0.425544] rcu: RCU calculated value of scheduler-enlistment delay is 100 jiffies.
[    0.426867] rcu: Adjusting geometry for rcu_fanout_leaf=16, nr_cpu_ids=8
[    0.428078] Running RCU synchronous self tests
[    0.428844] RCU Tasks: Setting shift to 3 and lim to 1 rcu_task_cb_adjust=1 rcu_task_cpu_ids=8.
[    0.430393] RCU Tasks Rude: Setting shift to 3 and lim to 1 rcu_task_cb_adjust=1 rcu_task_cpu_ids=8.
[    0.437688] NR_IRQS: 8448, nr_irqs: 488, preallocated irqs: 16
[    0.439107] rcu: srcu_init: Setting srcu_struct sizes based on contention.
[    0.440374] clocksource: jiffies: mask: 0xffffffff max_cycles: 0xffffffff, max_idle_ns: 1911260446275000 ns
[    0.442470] Console: colour *CGA 80x25
[    0.443200] printk: legacy console [ttyS0] enabled
[    0.443200] printk: legacy console [ttyS0] enabled
[    0.444865] printk: legacy bootconsole [earlyser0] disabled
[    0.444865] printk: legacy bootconsole [earlyser0] disabled
[    0.446870] Lock dependency validator: Copyright (c) 2006 Red Hat, Inc., Ingo Molnar
[    0.448223] ... MAX_LOCKDEP_SUBCLASSES:  8
[    0.448967] ... MAX_LOCK_DEPTH:          48
[    0.449707] ... MAX_LOCKDEP_KEYS:        8192
[    0.450502] ... CLASSHASH_SIZE:          4096
[    0.451344] ... MAX_LOCKDEP_ENTRIES:     32768
[    0.452141] ... MAX_LOCKDEP_CHAINS:      65536
[    0.452944] ... CHAINHASH_SIZE:          32768
[    0.453729]  memory used by lock dependency info: 6429 kB
[    0.454708]  memory used for stack traces: 4224 kB
[    0.455569]  per task-struct memory footprint: 1920 bytes
[    0.456648] ACPI: Core revision 20260408
[    0.457556] clocksource: hpet: mask: 0xffffffff max_cycles: 0xffffffff, max_idle_ns: 19112604467 ns
[    0.459427] APIC: Switch to symmetric I/O mode setup
[    0.460777] x2apic enabled
[    0.461787] APIC: Switched APIC routing to: physical x2apic
[    0.462874] kvm-guest: APIC: send_IPI_mask() replaced with kvm_send_ipi_mask()
[    0.464233] kvm-guest: APIC: send_IPI_mask_allbutself() replaced with kvm_send_ipi_mask_allbutself()
[    0.465931] kvm-guest: setup PV IPIs
[    0.468721] ..TIMER: vector=0x30 apic1=0 pin1=2 apic2=-1 pin2=-1
[    0.469864] clocksource: tsc-early: mask: 0xffffffffffffffff max_cycles: 0x31027285e94, max_idle_ns: 440795238296 ns
[    0.471863] Calibrating delay loop (skipped) preset value.. 6800.07 BogoMIPS (lpj=3400038)
[    0.474558] x86/cpu: User Mode Instruction Prevention (UMIP) activated
[    0.475228] Last level iTLB entries: 4KB 512, 2MB 255, 4MB 127
[    0.475861] Last level dTLB entries: 4KB 512, 2MB 255, 4MB 127, 1GB 0
[    0.476868] mitigations: Enabled attack vectors: user_kernel, user_user, SMT mitigations: auto
[    0.477861] Speculative Store Bypass: Mitigation: Speculative Store Bypass disabled via prctl
[    0.478861] Speculative Return Stack Overflow: IBPB-extending microcode not applied!
[    0.479861] Speculative Return Stack Overflow: WARNING: See https://kernel.org/doc/html/latest/admin-guide/hw-vuln/srso.html for mitigation options.
[    0.479862] Transient Scheduler Attacks: Vulnerable: No microcode
[    0.481861] Spectre V2 : Mitigation: Retpolines
[    0.482663] Speculative Return Stack Overflow: Vulnerable: Safe RET, no microcode
[    0.482861] Spectre V1 : Mitigation: usercopy/swapgs barriers and __user pointer sanitization
[    0.483861] Spectre V2 : Spectre v2 / SpectreRSB: Filling RSB on context switch and VMEXIT
[    0.484861] Spectre V2 : Enabling Restricted Speculation for firmware calls
[    0.485863] Spectre V2 : mitigation: Enabling conditional Indirect Branch Prediction Barrier
[    0.486861] active return thunk: srso_alias_return_thunk
[    0.487909] x86/fpu: Supporting XSAVE feature 0x001: 'x87 floating point registers'
[    0.488861] x86/fpu: Supporting XSAVE feature 0x002: 'SSE registers'
[    0.489861] x86/fpu: Supporting XSAVE feature 0x004: 'AVX registers'
[    0.490861] x86/fpu: xstate_offset[2]:  576, xstate_sizes[2]:  256
[    0.491861] x86/fpu: Enabled xstate features 0x7, context size is 832 bytes, using 'compacted' format.
[    0.527311] pid_max: default: 32768 minimum: 301
[    0.528072] SELinux:  Initializing.
[    0.530589] LSM support for eBPF active
[    0.531870] Mount-cache hash table entries: 8192 (order: 4, 65536 bytes, linear)
[    0.533014] Mountpoint-cache hash table entries: 8192 (order: 4, 65536 bytes, linear)
[    0.535444] VFS: Finished mounting rootfs on nullfs
[    0.537924] Running RCU synchronous self tests
[    0.538863] Running RCU synchronous self tests
[    0.540445] smpboot: CPU0: AMD Ryzen 9 5950X 16-Core Processor (family: 0x19, model: 0x21, stepping: 0x2)
[    0.542889] Performance Events: Fam17h+ core perfctr, AMD PMU driver.
[    0.543886] ... version:                   0
[    0.544802] ... bit width:                 48
[    0.544868] ... generic counters:          6
[    0.545767] ... generic bitmap:            000000000000003f
[    0.545867] ... fixed-purpose counters:    0
[    0.546773] ... fixed-purpose bitmap:      0000000000000000
[    0.546867] ... value mask:                0000ffffffffffff
[    0.547868] ... max period:                00007fffffffffff
[    0.548867] ... global_ctrl mask:          000000000000003f
[    0.550220] signal: max sigframe size: 1776
[    0.551029] rcu: Hierarchical SRCU implementation.
[    0.551869] rcu: 	Max phase no-delay instances is 400.
[    0.553209] Timer migration: 1 hierarchy levels; 8 children per group; 1 crossnode level
[    0.566884] smp: Bringing up secondary CPUs ...
[    0.572092] smpboot: x86: Booting SMP configuration:
[    0.572868] .... node  #0, CPUs:      #1 #2 #3 #4 #5 #6 #7
[    0.599267] smp: Brought up 1 node, 8 CPUs
[    0.600797] smpboot: Total of 8 processors activated (54400.60 BogoMIPS)
[    0.602648] Memory: 3963788K/4193784K available (25637K kernel code, 10348K rwdata, 18032K rodata, 4668K init, 13400K bss, 221940K reserved, 0K cma-reserved)
[    0.604868] devtmpfs: initialized
[    0.609204] Running RCU synchronous self tests
[    0.609893] Running RCU synchronous self tests
[    0.610995] Running RCU Tasks wait API self tests
[    0.611925] Running RCU Tasks Rude wait API self tests
[    0.612878] Running RCU Tasks Trace wait API self tests
[    0.614003] posixtimers hash table entries: 4096 (order: 7, 294912 bytes, linear)
[    0.616289] futex hash table entries: 2048 (262144 bytes on 1 NUMA nodes, total 256 KiB, linear).
[    0.617866] PM: RTC time: 22:54:32, date: 2026-08-02
[    0.618899] Callback from call_rcu_tasks_trace() invoked.
[    0.625241] NET: Registered PF_NETLINK/PF_ROUTE protocol family
[    0.626909] audit: initializing netlink subsys (disabled)
[    0.628001] audit: type=2000 audit(1785711272.071:1): state=initialized audit_enabled=0 res=1
[    0.652451] thermal_sys: Registered thermal governor 'step_wise'
[    0.652524] cpuidle: using governor ladder
[    0.653812] cpuidle: using governor menu
[    0.655877] Freeing SMP alternatives memory: 68K
[    0.657753] PCI: Using configuration type 1 for base access
[    0.657868] PCI: Using configuration type 1 for extended access
[    0.659062] kprobes: kprobe jump-optimization is enabled. All kprobes are optimized if possible.
[    0.661082] HugeTLB: registered 1.00 GiB page size, pre-allocated 0 pages
[    0.661870] HugeTLB: 16380 KiB vmemmap can be freed for a 1.00 GiB page
[    0.662871] HugeTLB: registered 2.00 MiB page size, pre-allocated 0 pages
[    0.663868] HugeTLB: 28 KiB vmemmap can be freed for a 2.00 MiB page
[    0.670080] ACPI: Added _OSI(Module Device)
[    0.670869] ACPI: Added _OSI(Processor Device)
[    0.671842] ACPI: Added _OSI(Processor Aggregator Device)
[    0.675518] ACPI: 1 ACPI AML tables successfully acquired and loaded
[    0.678914] ACPI: \_SB_: platform _OSC: OS support mask [002a7eee]
[    0.680609] ACPI: Interpreter enabled
[    0.680935] ACPI: PM: (supports S0 S3 S4 S5)
[    0.681885] ACPI: Using IOAPIC for interrupt routing
[    0.682918] PCI: Using host bridge windows from ACPI; if necessary, use "pci=nocrs" and report a bug
[    0.683868] PCI: Using E820 reservations for host bridge windows
[    0.685240] ACPI: Enabled 2 GPEs in block 00 to 0F
[    0.701840] ACPI: PCI Root Bridge [PCI0] (domain 0000 [bus 00-ff])
[    0.701874] acpi PNP0A03:00: _OSC: OS supports [ExtendedConfig ASPM ClockPM Segments MSI HPX-Type3]
[    0.702879] acpi PNP0A03:00: _OSC: OS requested [PME PCIeCapability LTR]
[    0.703869] acpi PNP0A03:00: _OSC: platform willing to grant [PME PCIeCapability LTR]
[    0.704870] acpi PNP0A03:00: _OSC: platform retains control of PCIe features (AE_ERROR)
[    0.706633] PCI host bridge to bus 0000:00
[    0.706884] pci_bus 0000:00: root bus resource [io  0x0000-0x0cf7 window]
[    0.707869] pci_bus 0000:00: root bus resource [io  0x0d00-0xffff window]
[    0.708869] pci_bus 0000:00: root bus resource [mem 0x000a0000-0x000bffff window]
[    0.709869] pci_bus 0000:00: root bus resource [mem 0xc0000000-0xfebfffff window]
[    0.710870] pci_bus 0000:00: root bus resource [mem 0x380000000000-0x38007fffffff window]
[    0.711870] pci_bus 0000:00: root bus resource [bus 00-ff]
[    0.713285] pci 0000:00:00.0: [8086:1237] type 00 class 0x060000 conventional PCI endpoint
[    0.715453] pci 0000:00:01.0: [8086:7000] type 00 class 0x060100 conventional PCI endpoint
[    0.717254] pci 0000:00:01.1: [8086:7010] type 00 class 0x010180 conventional PCI endpoint
[    0.718696] pci 0000:00:01.1: BAR 4 [io  0xc1c0-0xc1cf]
[    0.718945] pci 0000:00:01.1: BAR 0 [io  0x01f0-0x01f7]: legacy IDE quirk
[    0.719868] pci 0000:00:01.1: BAR 1 [io  0x03f6]: legacy IDE quirk
[    0.720869] pci 0000:00:01.1: BAR 2 [io  0x0170-0x0177]: legacy IDE quirk
[    0.721917] pci 0000:00:01.1: BAR 3 [io  0x0376]: legacy IDE quirk
[    0.723598] pci 0000:00:01.3: [8086:7113] type 00 class 0x068000 conventional PCI endpoint
[    0.724574] pci 0000:00:01.3: quirk: [io  0x0600-0x063f] claimed by PIIX4 ACPI
[    0.724886] pci 0000:00:01.3: quirk: [io  0x0700-0x070f] claimed by PIIX4 SMB
[    0.726853] pci 0000:00:02.0: [1af4:1009] type 00 class 0x000200 conventional PCI endpoint
[    0.728885] pci 0000:00:02.0: BAR 0 [io  0xc000-0xc03f]
[    0.729886] pci 0000:00:02.0: BAR 1 [mem 0xfebf8000-0xfebf8fff]
[    0.730930] pci 0000:00:02.0: BAR 4 [mem 0x380000000000-0x380000003fff 64bit pref]
[    0.734990] pci 0000:00:03.0: [8086:25ab] type 00 class 0x088000 conventional PCI endpoint
[    0.736887] pci 0000:00:03.0: BAR 0 [mem 0xfebf9000-0xfebf900f]
[    0.740499] pci 0000:00:04.0: [1af4:1003] type 00 class 0x078000 conventional PCI endpoint
[    0.742205] pci 0000:00:04.0: BAR 0 [io  0xc040-0xc07f]
[    0.742886] pci 0000:00:04.0: BAR 1 [mem 0xfebfa000-0xfebfafff]
[    0.743926] pci 0000:00:04.0: BAR 4 [mem 0x380000004000-0x380000007fff 64bit pref]
[    0.748152] pci 0000:00:05.0: [1af4:1003] type 00 class 0x078000 conventional PCI endpoint
[    0.749887] pci 0000:00:05.0: BAR 0 [io  0xc080-0xc0bf]
[    0.750884] pci 0000:00:05.0: BAR 1 [mem 0xfebfb000-0xfebfbfff]
[    0.751930] pci 0000:00:05.0: BAR 4 [mem 0x380000008000-0x38000000bfff 64bit pref]
[    0.756370] pci 0000:00:06.0: [1af4:1003] type 00 class 0x078000 conventional PCI endpoint
[    0.757886] pci 0000:00:06.0: BAR 0 [io  0xc0c0-0xc0ff]
[    0.758890] pci 0000:00:06.0: BAR 1 [mem 0xfebfc000-0xfebfcfff]
[    0.759930] pci 0000:00:06.0: BAR 4 [mem 0x38000000c000-0x38000000ffff 64bit pref]
[    0.764263] pci 0000:00:07.0: [1af4:1003] type 00 class 0x078000 conventional PCI endpoint
[    0.766658] pci 0000:00:07.0: BAR 0 [io  0xc100-0xc13f]
[    0.766885] pci 0000:00:07.0: BAR 1 [mem 0xfebfd000-0xfebfdfff]
[    0.767930] pci 0000:00:07.0: BAR 4 [mem 0x380000010000-0x380000013fff 64bit pref]
[    0.772218] pci 0000:00:08.0: [1af4:1003] type 00 class 0x078000 conventional PCI endpoint
[    0.773886] pci 0000:00:08.0: BAR 0 [io  0xc140-0xc17f]
[    0.774886] pci 0000:00:08.0: BAR 1 [mem 0xfebfe000-0xfebfefff]
[    0.775944] pci 0000:00:08.0: BAR 4 [mem 0x380000014000-0x380000017fff 64bit pref]
[    0.780173] pci 0000:00:09.0: [1af4:1003] type 00 class 0x078000 conventional PCI endpoint
[    0.781886] pci 0000:00:09.0: BAR 0 [io  0xc180-0xc1bf]
[    0.782886] pci 0000:00:09.0: BAR 1 [mem 0xfebff000-0xfebfffff]
[    0.783931] pci 0000:00:09.0: BAR 4 [mem 0x380000018000-0x38000001bfff 64bit pref]
[    0.793684] ACPI: PCI: Interrupt link LNKA configured for IRQ 10
[    0.794143] ACPI: PCI: Interrupt link LNKB configured for IRQ 10
[    0.795125] ACPI: PCI: Interrupt link LNKC configured for IRQ 11
[    0.796122] ACPI: PCI: Interrupt link LNKD configured for IRQ 11
[    0.796999] ACPI: PCI: Interrupt link LNKS configured for IRQ 9
[    0.799894] iommu: Default domain type: Translated
[    0.800867] iommu: DMA domain TLB invalidation policy: lazy mode
[    0.803357] SCSI subsystem initialized
[    0.803961] libata version 3.00 loaded.
[    0.805033] ACPI: bus type USB registered
[    0.805999] usbcore: registered new interface driver usbfs
[    0.806939] usbcore: registered new interface driver hub
[    0.807907] usbcore: registered new device driver usb
[    0.809071] pps_core: LinuxPPS API ver. 1 registered
[    0.809868] pps_core: Software ver. 5.3.6 - Copyright 2005-2007 Rodolfo Giometti <giometti@linux.it>
[    0.810922] PTP clock support registered
[    0.812393] Advanced Linux Sound Architecture Driver Initialized.
[    0.814197] NetLabel: Initializing
[    0.814868] NetLabel:  domain hash size = 128
[    0.815783] NetLabel:  protocols = UNLABELED CIPSOv4 CALIPSO
[    0.815916] NetLabel:  unlabeled traffic allowed by default
[    0.817141] PCI: Using ACPI for IRQ routing
[    0.817870] PCI: pci_cache_line_size set to 64 bytes
[    0.819222] e820: register RAM buffer resource [mem 0x0009fc00-0x0009ffff]
[    0.819869] e820: register RAM buffer resource [mem 0xbffe0000-0xbfffffff]
[    0.820982] vgaarb: loaded
[    0.821625] hpet0: at MMIO 0xfed00000, IRQs 2, 8, 0
[    0.821870] hpet0: 3 comparators, 64-bit 100.000000 MHz counter
[    0.824869] Callback from call_rcu_tasks() invoked.
[    0.826826] clocksource: Switched to clocksource kvm-clock
[    0.828564] VFS: Disk quotas dquot_6.6.0
[    0.829443] VFS: Dquot-cache hash table entries: 512 (4096 bytes)
[    0.832017] pnp: PnP ACPI init
[    0.833266] pnp 00:02: [dma 2]
[    0.834906] pnp: PnP ACPI: found 4 devices
[    0.853302] clocksource: acpi_pm: mask: 0xffffff max_cycles: 0xffffff, max_idle_ns: 2085701024 ns
[    0.855588] NET: Registered PF_INET protocol family
[    0.858033] IP idents hash table entries: 65536 (order: 7, 524288 bytes, linear)
[    0.862268] tcp_listen_portaddr_hash hash table entries: 2048 (order: 6, 147456 bytes, linear)
[    0.865121] Table-perturb hash table entries: 65536 (order: 6, 262144 bytes, linear)
[    0.866785] TCP established hash table entries: 32768 (order: 6, 262144 bytes, linear)
[    0.869067] TCP bind hash table entries: 32768 (order: 11, 4718592 bytes, vmalloc hugepage)
[    0.881623] TCP: Hash tables configured (established 32768 bind 32768)
[    0.884601] MPTCP token hash table entries: 4096 (order: 7, 360448 bytes, linear)
[    0.886306] UDP hash table entries: 2048 (order: 7, 524288 bytes, linear)
[    0.889031] NET: Registered PF_UNIX/PF_LOCAL protocol family
[    0.891476] RPC: Registered named UNIX socket transport module.
[    0.892964] RPC: Registered udp transport module.
[    0.894033] RPC: Registered tcp transport module.
[    0.895071] RPC: Registered tcp-with-tls transport module.
[    0.896304] RPC: Registered tcp NFSv4.1 backchannel transport module.
[    0.898579] NET: Registered PF_XDP protocol family
[    0.899734] pci_bus 0000:00: resource 4 [io  0x0000-0x0cf7 window]
[    0.901082] pci_bus 0000:00: resource 5 [io  0x0d00-0xffff window]
[    0.902397] pci_bus 0000:00: resource 6 [mem 0x000a0000-0x000bffff window]
[    0.903849] pci_bus 0000:00: resource 7 [mem 0xc0000000-0xfebfffff window]
[    0.905310] pci_bus 0000:00: resource 8 [mem 0x380000000000-0x38007fffffff window]
[    0.907024] pci 0000:00:01.0: PIIX3: Enabling Passive Release
[    0.908239] pci 0000:00:00.0: Limiting direct PCI/PCI transfers
[    0.909690] PCI: CLS 0 bytes, default 64
[    0.910699] PCI-DMA: Using software bounce buffering for IO (SWIOTLB)
[    0.912065] software IO TLB: mapped [mem 0x00000000bbfe0000-0x00000000bffe0000] (64MB)
[    0.915017] clocksource: tsc: mask: 0xffffffffffffffff max_cycles: 0x31027285e94, max_idle_ns: 440795238296 ns
[    0.926427] Initialise system trusted keyrings
[    0.928138] workingset: timestamp_bits=40 (anon: 35) max_order=20 bucket_order=0 (anon: 0)
[    0.931053] squashfs: version 4.0 (2009/01/31) Phillip Lougher
[    0.933072] NFS: Registering the id_resolver key type
[    0.934455] Key type id_resolver registered
[    0.935469] Key type id_legacy registered
[    0.936405] nfs4filelayout_init: NFSv4 File Layout Driver Registering...
[    0.937884] nfs4flexfilelayout_init: NFSv4 Flexfile Layout Driver Registering...
[    0.939776] fuse: init (API version 7.45)
[    0.940993] 9p: Installing v9fs 9p2000 file system support
[    0.944094] NET: Registered PF_ALG protocol family
[    0.945219] Key type asymmetric registered
[    0.946127] Asymmetric key parser 'x509' registered
[    0.947299] Block layer SCSI generic (bsg) driver version 0.4 loaded (major 248)
[    0.949570] io scheduler mq-deadline registered
[    0.950610] io scheduler kyber registered
[    0.953162] input: Power Button as /devices/platform/LNXPWRBN:00/input/input0
[    0.955007] ACPI: button: Power Button [PWRF]
[    1.080719] ACPI: \_SB_.LNKB: Enabled at IRQ 10
[    1.204123] ACPI: \_SB_.LNKD: Enabled at IRQ 11
[    1.327067] ACPI: \_SB_.LNKA: Enabled at IRQ 10
[    1.481184] kwatchdog (97) used greatest stack depth: 14776 bytes left
[    1.571139] ACPI: \_SB_.LNKC: Enabled at IRQ 11
[    1.818925] Serial: 8250/16550 driver, 4 ports, IRQ sharing enabled
[    1.821297] 00:03: ttyS0 at I/O 0x3f8 (irq = 4, base_baud = 115200) is a 16550A
[    1.971184] Non-volatile memory driver v1.3
[    1.972914] ACPI: bus type drm_connector registered
[    1.994732] brd: module loaded
[    2.007939] loop: module loaded
[    2.013449] scsi host0: ata_piix
[    2.015365] scsi host1: ata_piix
[    2.016678] ata1: PATA max MWDMA2 cmd 0x1f0 ctl 0x3f6 bmdma 0xc1c0 irq 14 lpm-pol 0
[    2.018351] ata2: PATA max MWDMA2 cmd 0x170 ctl 0x376 bmdma 0xc1c8 irq 15 lpm-pol 0
[    2.024644] tun: Universal TUN/TAP device driver, 1.6
[    2.026251] e100: Intel(R) PRO/100 Network Driver
[    2.027304] e100: Copyright(c) 1999-2006 Intel Corporation
[    2.028643] e1000: Intel(R) PRO/1000 Network Driver
[    2.029746] e1000: Copyright (c) 1999-2006 Intel Corporation.
[    2.031104] e1000e: Intel(R) PRO/1000 Network Driver
[    2.032189] e1000e: Copyright(c) 1999 - 2015 Intel Corporation.
[    2.033578] sky2: driver version 1.30
[    2.035697] usbcore: registered new interface driver usblp
[    2.037028] usbcore: registered new interface driver usb-storage
[    2.038441] i8042: PNP: PS/2 Controller [PNP0303:KBD,PNP0f13:MOU] at 0x60,0x64 irq 1,12
[    2.041660] serio: i8042 KBD port at 0x60,0x64 irq 1
[    2.043202] serio: i8042 AUX port at 0x60,0x64 irq 12
[    2.045404] rtc_cmos PNP0B00:00: RTC can wake from S4
[    2.048706] input: AT Translated Set 2 keyboard as /devices/platform/i8042/serio0/input/input1
[    2.051740] rtc_cmos PNP0B00:00: registered as rtc0
[    2.053150] rtc_cmos PNP0B00:00: alarms up to one day, y3k, 242 bytes nvram, hpet irqs
[    2.055892] Registered IR keymap rc-empty
[    2.057326] rc rc0: rc-core loopback device as /devices/virtual/rc/rc0
[    2.059858] rc rc0: lirc_dev: driver rc-loopback registered at minor = 0, raw IR receiver, raw IR transmitter
[    2.062839] input: rc-core loopback device as /devices/virtual/rc/rc0/input4
[    2.065351] intel_powerclamp: CPU does not support MWAIT
[    2.066709] device-mapper: core: CONFIG_IMA_DISABLE_HTABLE is disabled. Duplicate IMA measurements will not be recorded in the IMA log.
[    2.069771] device-mapper: ioctl: 4.50.0-ioctl (2025-04-28) initialised: dm-devel@lists.linux.dev
[    2.071727] amd_pstate: the _CPC object is not present in SBIOS or ACPI disabled
[    2.074235] hid: raw HID events driver (C) Jiri Kosina
[    2.077335] usbcore: registered new interface driver usbhid
[    2.078653] usbhid: USB HID core driver
[    2.080607] GACT probability NOT on
[    2.081399] Mirror/redirect action on
[    2.083751] nf_conntrack_irc: The irc conntrack helper is scheduled for removal.
[    2.083751] Please contact the netfilter-devel mailing list if you still need this.
[    2.088722] ipip: IPv4 and MPLS over IPv4 tunneling driver
[    2.090698] gre: GRE over IPv4 demultiplexer driver
[    2.091769] ip_gre: GRE over IPv4 tunneling driver
[    2.095347] Initializing XFRM netlink socket
[    2.096351] IPsec XFRM device driver
[    2.097293] NET: Registered PF_INET6 protocol family
[    2.100544] Segment Routing with IPv6
[    2.101384] In-situ OAM (IOAM) with IPv6
[    2.102283] mip6: Mobile IPv6
[    2.103001] sit: IPv6, IPv4 and MPLS over IPv4 tunneling driver
[    2.105778] ip6_gre: GRE over IPv6 tunneling driver
[    2.107686] NET: Registered PF_PACKET protocol family
[    2.108835] RPC: Registered rdma transport module.
[    2.109859] RPC: Registered rdma backchannel transport module.
[    2.111541] 8021q: 802.1Q VLAN Support v1.8
[    2.113161] smc: adding smcd device lo without pnetid
[    2.114660] NET: Registered PF_SMC protocol family
[    2.116452] 9pnet: Installing 9P2000 support
[    2.118988] Key type dns_resolver registered
[    2.120128] NET: Registered PF_VSOCK protocol family
[    2.121308] mpls_gso: MPLS GSO support
[    2.125751] IPI shorthand broadcast: enabled
[    2.170143] sched_clock: Marking stable (2146019666, 23484839)->(2272692551, -103188046)
[    2.173974] registered taskstats version 1
[    2.176224] ata2: found unknown device (class 0)
[    2.178840] ata2.00: ATAPI: QEMU DVD-ROM, 2.5+, max UDMA/100
[    2.183126] scsi 1:0:0:0: CD-ROM            QEMU     QEMU DVD-ROM     2.5+ PQ: 0 ANSI: 5
[    2.191188] Loading compiled-in X.509 certificates
[    2.192881] kworker/u32:1 (117) used greatest stack depth: 14152 bytes left
[    2.194222] Loaded X.509 cert 'Build time autogenerated kernel key: c4531344b9a9c1a4731230d977a262ba29ba5272'
[    2.213457] sr 1:0:0:0: [sr0] scsi3-mmc drive: 4x/4x cd/rw xa/form2 tray
[    2.234247] Demotion targets for Node 0: null
[    2.235861] ima: No TPM chip found, activating TPM-bypass!
[    2.237434] ima: Allocated hash algorithm: sha1
[    2.237609] cdrom: Uniform CD-ROM driver Revision: 3.20
[    2.239906] ima: No architecture policies found
[    2.242267] PM:   Magic number: 6:388:956
[    2.243358] virtio-pci 0000:00:04.0: hash matches
[    2.244558] netconsole: network logging started
[    2.246274] cfg80211: Loading compiled-in X.509 certificates for regulatory database
[    2.249808] Loaded X.509 cert 'sforshee: 00b28ddf47aef9cea7'
[    2.250287] sr 1:0:0:0: Attached scsi CD-ROM sr0
[    2.251166] Loaded X.509 cert 'wens: 61c038651aabdcf94bd0ac7ff06c7248db18c600'
[    2.253394] sr 1:0:0:0: Attached scsi generic sg0 type 5
[    2.254612] faux_driver regulatory: Direct firmware load for regulatory.db failed with error -2
[    2.255971] ALSA device list:
[    2.257446] cfg80211: failed to load regulatory.db
[    2.258314]   No soundcards found.
[    2.474528] input: ImExPS/2 Generic Explorer Mouse as /devices/platform/i8042/serio1/input/input3
[    2.476368] md: Skipping autodetection of RAID arrays. (raid=autodetect will force)
[    2.477721] 9p: Bad value for 'source'
[    2.478337] 9pnet: Limiting 'msize' to 512000 as this is the maximum supported by transport virtio
[    2.481743] VFS: Mounted root (9p filesystem) on device 0:22.
[    2.483814] devtmpfs: mounted
[    2.484449] VFS: Pivoted into new rootfs
[    2.489619] Freeing unused kernel image (initmem) memory: 4668K
[    2.490469] Write protecting the kernel read-only data: 45056k
[    2.492367] Freeing unused kernel image (text/rodata gap) memory: 984K
[    2.493750] Freeing unused kernel image (rodata/data gap) memory: 400K
[    2.533391] x86/mm: Checked W+X mappings: passed, no W+X pages found.
[    2.534337] Run /home/prozak/.local/share/vng-venv/lib/python3.12/site-packages/virtme/guest/bin/virtme-ng-init as init process
[    2.535889]   with arguments:
[    2.536303]     /home/prozak/.local/share/vng-venv/lib/python3.12/site-packages/virtme/guest/bin/virtme-ng-init
[    2.537647]   with environment:
[    2.538129]     HOME=/
[    2.538531]     TERM=linux
[    2.538915]     virtme_hostname=virtme-ng
[    2.539460]     nr_open=1048576
[    2.539942]     virtme_link_mods=/home/prozak/sources/heimdall_experiment/uml-harness/.build/bpf-next-x86/.virtme_mods/lib/modules/0.0.0
[    2.541523]     virtme_rw_overlay0=/tmp
[    2.542058]     virtme_console=ttyS0
[    2.542601]     virtme_chdir=home/prozak/sources/heimdall_experiment/uml-harness/.build/selftests-output-qemu
[    2.634028] virtme-ng-init: mount devtmpfs -> /dev: EBUSY: Device or resource busy
[    2.636248] virtme-ng-init: Setting hostname to virtme-ng...
[    2.674592] virtme-ng-init: running systemd-tmpfiles
[    3.847721] systemd-tmpfile (128) used greatest stack depth: 12504 bytes left
[    3.847837] virtme-ng-init: basic initialization done
[    3.865982] virtme-ng-init: error creating file: Permission denied (os error 13)
[    3.965987] ip (134) used greatest stack depth: 11848 bytes left
[    4.084337] virtme-ng-init: Starting systemd-udevd version 255.4-1ubuntu8.16
[    4.086614] virtme-ng-init: triggering udev coldplug
[    7.226238] virtme-ng-init: waiting for udev to settle
[    8.024653] virtme-ng-init: udev is done
[    8.029347] virtme-ng-init: starting script
[    8.307406] bpf_testmod: loading out-of-tree module taints kernel.
[    8.308336] bpf_testmod: module verification failed: signature and/or required key missing - tainting kernel
[    9.494152] smc: removing smcd device lo
[    9.560862] ACPI: PM: Preparing to enter system sleep state S5
[    9.562063] reboot: Power down
