Failed to load bpf_testmod.ko into the kernel: -8
#82/1    cgrp_local_storage/tp_btf:OK
#82/2    cgrp_local_storage/attach_cgroup:OK
#82/3    cgrp_local_storage/recursion:OK
#82/4    cgrp_local_storage/negative:OK
#82/5    cgrp_local_storage/cgroup_iter_sleepable:OK
#82/6    cgrp_local_storage/yes_rcu_lock:OK
#82/7    cgrp_local_storage/no_rcu_lock:OK
#82/8    cgrp_local_storage/cgrp1_tp_btf:OK
#82/9    cgrp_local_storage/cgrp1_recursion:OK
#82/10   cgrp_local_storage/cgrp1_negative:OK
#82/11   cgrp_local_storage/cgrp1_iter_sleepable:OK
#82/12   cgrp_local_storage/cgrp1_yes_rcu_lock:OK
#82/13   cgrp_local_storage/cgrp1_no_rcu_lock:OK
#82      cgrp_local_storage:OK
Summary: 1/13 PASSED, 0 SKIPPED, 0 FAILED
ug  2 09:03:43 PDT 2026
[    0.000000] Command line: virtme_hostname=virtme-ng nr_open=1048576 virtme_link_mods=/home/prozak/sources/heimdall_experiment/uml-harness/.build/bpf-next-x86/.virtme_mods/lib/modules/0.0.0 virtme_rw_overlay0=/tmp virtme_console=ttyS0 console=ttyS0 earlyprintk=serial,ttyS0,115200 panic=-1 virtme.exec=`bW91bnQgLXQgYnBmIGJwZmZzIC9zeXMvZnMvYnBmIDI+L2Rldi9udWxsOyAuL3Rlc3RfcHJvZ3MgLXQgJ2NncnBfbG9jYWxfc3RvcmFnZSc=` virtme_chdir=home/prozak/sources/heimdall_experiment/uml-harness/.build/selftests-output-qemu rootfstype=9p rootflags=version=9p2000.L,trans=virtio,access=any,msize=524288 raid=noautodetect rw debug init=/home/prozak/.local/share/vng-venv/lib/python3.12/site-packages/virtme/guest/bin/virtme-ng-init
[    0.000000] x86 CPU feature dependency check failure: CPU0 has '18*32+31' enabled but '18*32+26' disabled. Kernel might be fine, but no guarantees.
[    0.000000] BIOS-provided physical RAM map:
[    0.000000] BIOS-e820: [mem 0x0000000000000000-0x000000000009fbff]  System RAM
[    0.000000] BIOS-e820: [mem 0x000000000009fc00-0x000000000009ffff]  device reserved
[    0.000000] BIOS-e820: [gap 0x00000000000a0000-0x00000000000effff]
[    0.000000] BIOS-e820: [mem 0x00000000000f0000-0x00000000000fffff]  device reserved
[    0.000000] BIOS-e820: [mem 0x0000000000100000-0x00000000bffdffff]  System RAM
[    0.000000] BIOS-e820: [mem 0x00000000bffe0000-0x00000000bfffffff]  device reserved
[    0.000000] BIOS-e820: [gap 0x00000000c0000000-0x00000000feffbfff]
[    0.000000] BIOS-e820: [mem 0x00000000feffc000-0x00000000feffffff]  device reserved
[    0.000000] BIOS-e820: [gap 0x00000000ff000000-0x00000000fffbffff]
[    0.000000] BIOS-e820: [mem 0x00000000fffc0000-0x00000000ffffffff]  device reserved
[    0.000000] BIOS-e820: [mem 0x0000000100000000-0x000000013fffffff]  System RAM
[    0.000000] BIOS-e820: [gap 0x0000000140000000-0x000000fcffffffff]
[    0.000000] BIOS-e820: [mem 0x000000fd00000000-0x000000ffffffffff]  device reserved
[    0.000000] printk: legacy bootconsole [earlyser0] enabled
[    0.000000] NX (Execute Disable) protection: active
[    0.000000] APIC: Static calls initialized
[    0.000000] DMI: SMBIOS 3.0.0 present.
[    0.000000] DMI: QEMU Ubuntu 24.04 PC v2 (i440FX + PIIX, arch_caps fix, 1996), BIOS 1.16.3-debian-1.16.3-2 04/01/2014
[    0.000000] DMI: Memory slots populated: 1/1
[    0.000000] Hypervisor detected: KVM
[    0.000000] last_pfn = 0xbffe0 max_arch_pfn = 0x400000000
[    0.000000] kvm-clock: Using msrs 4b564d01 and 4b564d00
[    0.000001] kvm-clock: using sched offset of 443337414 cycles
[    0.000926] clocksource: kvm-clock: mask: 0xffffffffffffffff max_cycles: 0x1cd42e4dffb, max_idle_ns: 881590591483 ns
[    0.003868] tsc: Detected 3400.030 MHz processor
[    0.005043] e820: update [mem 0x00000000-0x00000fff] System RAM ==> device reserved
[    0.006456] e820: remove [mem 0x000a0000-0x000fffff] System RAM
[    0.007517] last_pfn = 0x140000 max_arch_pfn = 0x400000000
[    0.008610] MTRR map: 4 entries (3 fixed + 1 variable; max 19), built from 8 variable MTRRs
[    0.010125] x86/PAT: Configuration [0-7]: WB  WC  UC- UC  WB  WP  UC- WT  
Memory KASLR using RDRAND RDTSC...
[    0.012062] last_pfn = 0xbffe0 max_arch_pfn = 0x400000000
[    0.014276] found SMP MP-table at [mem 0x000f5450-0x000f545f]
[    0.015343] Using GB pages for direct mapping
[    0.016257] ACPI: Early table checksum verification disabled
[    0.017264] ACPI: RSDP 0x00000000000F5240 000014 (v00 BOCHS )
[    0.018313] ACPI: RSDT 0x00000000BFFE1F16 000034 (v01 BOCHS  BXPC     00000001 BXPC 00000001)
[    0.019897] ACPI: FACP 0x00000000BFFE1D92 000074 (v01 BOCHS  BXPC     00000001 BXPC 00000001)
[    0.021438] ACPI: DSDT 0x00000000BFFE0040 001D52 (v01 BOCHS  BXPC     00000001 BXPC 00000001)
[    0.023015] ACPI: FACS 0x00000000BFFE0000 000040
[    0.023871] ACPI: APIC 0x00000000BFFE1E06 0000B0 (v03 BOCHS  BXPC     00000001 BXPC 00000001)
[    0.025382] ACPI: HPET 0x00000000BFFE1EB6 000038 (v01 BOCHS  BXPC     00000001 BXPC 00000001)
[    0.026940] ACPI: WAET 0x00000000BFFE1EEE 000028 (v01 BOCHS  BXPC     00000001 BXPC 00000001)
[    0.028480] ACPI: Reserving FACP table memory at [mem 0xbffe1d92-0xbffe1e05]
[    0.029727] ACPI: Reserving DSDT table memory at [mem 0xbffe0040-0xbffe1d91]
[    0.031022] ACPI: Reserving FACS table memory at [mem 0xbffe0000-0xbffe003f]
[    0.032293] ACPI: Reserving APIC table memory at [mem 0xbffe1e06-0xbffe1eb5]
[    0.033563] ACPI: Reserving HPET table memory at [mem 0xbffe1eb6-0xbffe1eed]
[    0.034864] ACPI: Reserving WAET table memory at [mem 0xbffe1eee-0xbffe1f15]
[    0.036592] No NUMA configuration found
[    0.037317] Faking a node at [mem 0x0000000000000000-0x000000013fffffff]
[    0.038539] NODE_DATA(0) allocated [mem 0x13fff9c80-0x13fffdfff]
[    0.040458] ACPI: PM-Timer IO Port: 0x608
[    0.041184] ACPI: LAPIC_NMI (acpi_id[0xff] dfl dfl lint[0x1])
[    0.042283] IOAPIC[0]: apic_id 0, version 17, address 0xfec00000, GSI 0-23
[    0.043518] ACPI: INT_SRC_OVR (bus 0 bus_irq 0 global_irq 2 dfl dfl)
[    0.044668] ACPI: INT_SRC_OVR (bus 0 bus_irq 5 global_irq 5 high level)
[    0.045840] ACPI: INT_SRC_OVR (bus 0 bus_irq 9 global_irq 9 high level)
[    0.047063] ACPI: INT_SRC_OVR (bus 0 bus_irq 10 global_irq 10 high level)
[    0.048280] ACPI: INT_SRC_OVR (bus 0 bus_irq 11 global_irq 11 high level)
[    0.049484] ACPI: Using ACPI (MADT) for SMP configuration information
[    0.050677] ACPI: HPET id: 0x8086a201 base: 0xfed00000
[    0.051611] TSC deadline timer available
[    0.052327] CPU topo: Max. logical packages:   1
[    0.053143] CPU topo: Max. logical nodes:      1
[    0.054007] CPU topo: Num. nodes per package:  1
[    0.054837] CPU topo: Max. logical dies:       1
[    0.055654] CPU topo: Max. dies per package:   1
[    0.056505] CPU topo: Max. threads per core:   1
[    0.057322] CPU topo: Num. cores per package:     8
[    0.058204] CPU topo: Num. threads per package:   8
[    0.059081] CPU topo: Allowing 8 present CPUs plus 0 hotplug CPUs
[    0.060202] kvm-guest: APIC: eoi() replaced with kvm_guest_apic_eoi_write()
[    0.061494] kvm-guest: KVM setup pv remote TLB flush
[    0.062401] kvm-guest: setup PV sched yield
[    0.063163] PM: hibernation: Registered nosave memory: [mem 0x00000000-0x00000fff]
[    0.064524] PM: hibernation: Registered nosave memory: [mem 0x0009f000-0x000fffff]
[    0.065870] PM: hibernation: Registered nosave memory: [mem 0xbffe0000-0xffffffff]
[    0.067280] [gap 0xc0000000-0xfeffbfff] available for PCI devices
[    0.068379] Booting paravirtualized kernel on KVM
[    0.069244] clocksource: refined-jiffies: mask: 0xffffffff max_cycles: 0xffffffff, max_idle_ns: 1910969940391419 ns
[    0.075839] Zone ranges:
[    0.076319]   DMA      [mem 0x0000000000001000-0x0000000000ffffff]
[    0.077450]   DMA32    [mem 0x0000000001000000-0x00000000ffffffff]
[    0.078571]   Normal   [mem 0x0000000100000000-0x000000013fffffff]
[    0.079683] Movable zone start for each node
[    0.080450] Early memory node ranges
[    0.081066]   node   0: [mem 0x0000000000001000-0x000000000009efff]
[    0.082192]   node   0: [mem 0x0000000000100000-0x00000000bffdffff]
[    0.083279]   node   0: [mem 0x0000000100000000-0x000000013fffffff]
[    0.084387] Initmem setup node 0 [mem 0x0000000000001000-0x000000013fffffff]
[    0.085636] On node 0, zone DMA: 1 pages in unavailable ranges
[    0.087070] On node 0, zone DMA: 97 pages in unavailable ranges
[    0.188993] On node 0, zone Normal: 32 pages in unavailable ranges
[    0.190158] setup_percpu: NR_CPUS:128 nr_cpumask_bits:8 nr_cpu_ids:8 nr_node_ids:1
[    0.194766] percpu: Embedded 58 pages/cpu s199696 r8192 d29680 u262144
[    0.195959] pcpu-alloc: s199696 r8192 d29680 u262144 alloc=1*2097152
[    0.197105] pcpu-alloc: [0] 0 1 2 3 4 5 6 7 
[    0.197918] Kernel command line: virtme_hostname=virtme-ng nr_open=1048576 virtme_link_mods=/home/prozak/sources/heimdall_experiment/uml-harness/.build/bpf-next-x86/.virtme_mods/lib/modules/0.0.0 virtme_rw_overlay0=/tmp virtme_console=ttyS0 console=ttyS0 earlyprintk=serial,ttyS0,115200 panic=-1 virtme.exec=`bW91bnQgLXQgYnBmIGJwZmZzIC9zeXMvZnMvYnBmIDI+L2Rldi9udWxsOyAuL3Rlc3RfcHJvZ3MgLXQgJ2NncnBfbG9jYWxfc3RvcmFnZSc=` virtme_chdir=home/prozak/sources/heimdall_experiment/uml-harness/.build/selftests-output-qemu rootfstype=9p rootflags=version=9p2000.L,trans=virtio,access=any,msize=524288 raid=noautodetect rw debug init=/home/prozak/.local/share/vng-venv/lib/python3.12/site-packages/virtme/guest/bin/virtme-ng-init
[    0.209418] Unknown kernel command line parameters "virtme_hostname=virtme-ng nr_open=1048576 virtme_link_mods=/home/prozak/sources/heimdall_experiment/uml-harness/.build/bpf-next-x86/.virtme_mods/lib/modules/0.0.0 virtme_rw_overlay0=/tmp virtme_console=ttyS0 virtme_chdir=home/prozak/sources/heimdall_experiment/uml-harness/.build/selftests-output-qemu", will be passed to user space.
[    0.215666] random: crng init done
[    0.216275] printk: log buffer data + meta data: 2097152 + 7340032 = 9437184 bytes
[    0.224151] Dentry cache hash table entries: 524288 (order: 10, 4194304 bytes, linear)
[    0.228795] Inode-cache hash table entries: 262144 (order: 9, 2097152 bytes, linear)
[    0.230391] software IO TLB: area num 8.
[    0.338954] Fallback order for Node 0: 0 
[    0.339015] Built 1 zonelists, mobility grouping on.  Total pages: 1048446
[    0.341098] Policy zone: Normal
[    0.341702] mem auto-init: stack:all(zero), heap alloc:off, heap free:off
[    0.350416] SLUB: HWalign=64, Order=0-3, MinObjects=0, CPUs=8, Nodes=1
Poking KASLR using RDRAND RDTSC...
[    0.366645] ftrace: allocating 69757 entries in 274 pages
[    0.367682] ftrace: allocated 274 pages with 3 groups
[    0.369029] Dynamic Preempt: full
[    0.369913] Running RCU self tests
[    0.370556] Running RCU synchronous self tests
[    0.371421] rcu: Preemptible hierarchical RCU implementation.
[    0.372519] rcu: 	RCU event tracing is enabled.
[    0.373405] rcu: 	RCU lockdep checking is enabled.
[    0.374287] rcu: 	RCU restricting CPUs from NR_CPUS=128 to nr_cpu_ids=8.
[    0.375522] 	Trampoline variant of Tasks RCU enabled.
[    0.376455] 	Rude variant of Tasks RCU enabled.
[    0.377270] 	Tracing variant of Tasks RCU enabled.
[    0.378164] rcu: RCU calculated value of scheduler-enlistment delay is 100 jiffies.
[    0.379581] rcu: Adjusting geometry for rcu_fanout_leaf=16, nr_cpu_ids=8
[    0.380885] Running RCU synchronous self tests
[    0.381695] RCU Tasks: Setting shift to 3 and lim to 1 rcu_task_cb_adjust=1 rcu_task_cpu_ids=8.
[    0.383338] RCU Tasks Rude: Setting shift to 3 and lim to 1 rcu_task_cb_adjust=1 rcu_task_cpu_ids=8.
[    0.390791] NR_IRQS: 8448, nr_irqs: 488, preallocated irqs: 16
[    0.392235] rcu: srcu_init: Setting srcu_struct sizes based on contention.
[    0.393544] clocksource: jiffies: mask: 0xffffffff max_cycles: 0xffffffff, max_idle_ns: 1911260446275000 ns
[    0.395800] Console: colour *CGA 80x25
[    0.396594] printk: legacy console [ttyS0] enabled
[    0.396594] printk: legacy console [ttyS0] enabled
[    0.398412] printk: legacy bootconsole [earlyser0] disabled
[    0.398412] printk: legacy bootconsole [earlyser0] disabled
[    0.400490] Lock dependency validator: Copyright (c) 2006 Red Hat, Inc., Ingo Molnar
[    0.401901] ... MAX_LOCKDEP_SUBCLASSES:  8
[    0.402708] ... MAX_LOCK_DEPTH:          48
[    0.403509] ... MAX_LOCKDEP_KEYS:        8192
[    0.404336] ... CLASSHASH_SIZE:          4096
[    0.405172] ... MAX_LOCKDEP_ENTRIES:     32768
[    0.406014] ... MAX_LOCKDEP_CHAINS:      65536
[    0.406907] ... CHAINHASH_SIZE:          32768
[    0.407748]  memory used by lock dependency info: 6429 kB
[    0.408764]  memory used for stack traces: 4224 kB
[    0.409650]  per task-struct memory footprint: 1920 bytes
[    0.410792] ACPI: Core revision 20260408
[    0.411764] clocksource: hpet: mask: 0xffffffff max_cycles: 0xffffffff, max_idle_ns: 19112604467 ns
[    0.413697] APIC: Switch to symmetric I/O mode setup
[    0.415234] x2apic enabled
[    0.416388] APIC: Switched APIC routing to: physical x2apic
[    0.417544] kvm-guest: APIC: send_IPI_mask() replaced with kvm_send_ipi_mask()
[    0.419134] kvm-guest: APIC: send_IPI_mask_allbutself() replaced with kvm_send_ipi_mask_allbutself()
[    0.420951] kvm-guest: setup PV IPIs
[    0.423871] ..TIMER: vector=0x30 apic1=0 pin1=2 apic2=-1 pin2=-1
[    0.425079] clocksource: tsc-early: mask: 0xffffffffffffffff max_cycles: 0x31026ae6579, max_idle_ns: 440795296168 ns
[    0.427137] Calibrating delay loop (skipped) preset value.. 6800.06 BogoMIPS (lpj=3400030)
[    0.428893] x86/cpu: User Mode Instruction Prevention (UMIP) activated
[    0.430508] Last level iTLB entries: 4KB 512, 2MB 255, 4MB 127
[    0.431133] Last level dTLB entries: 4KB 512, 2MB 255, 4MB 127, 1GB 0
[    0.432141] mitigations: Enabled attack vectors: user_kernel, user_user, SMT mitigations: auto
[    0.433134] Speculative Store Bypass: Mitigation: Speculative Store Bypass disabled via prctl
[    0.434134] Speculative Return Stack Overflow: IBPB-extending microcode not applied!
[    0.435133] Speculative Return Stack Overflow: WARNING: See https://kernel.org/doc/html/latest/admin-guide/hw-vuln/srso.html for mitigation options.
[    0.435135] Transient Scheduler Attacks: Vulnerable: No microcode
[    0.438133] Spectre V2 : Mitigation: Retpolines
[    0.439133] Speculative Return Stack Overflow: Vulnerable: Safe RET, no microcode
[    0.440134] Spectre V1 : Mitigation: usercopy/swapgs barriers and __user pointer sanitization
[    0.441133] Spectre V2 : Spectre v2 / SpectreRSB: Filling RSB on context switch and VMEXIT
[    0.442133] Spectre V2 : Enabling Restricted Speculation for firmware calls
[    0.443136] Spectre V2 : mitigation: Enabling conditional Indirect Branch Prediction Barrier
[    0.444136] active return thunk: srso_alias_return_thunk
[    0.446152] x86/fpu: Supporting XSAVE feature 0x001: 'x87 floating point registers'
[    0.447134] x86/fpu: Supporting XSAVE feature 0x002: 'SSE registers'
[    0.448134] x86/fpu: Supporting XSAVE feature 0x004: 'AVX registers'
[    0.449134] x86/fpu: xstate_offset[2]:  576, xstate_sizes[2]:  256
[    0.450133] x86/fpu: Enabled xstate features 0x7, context size is 832 bytes, using 'compacted' format.
[    0.488389] pid_max: default: 32768 minimum: 301
[    0.489388] SELinux:  Initializing.
[    0.491793] LSM support for eBPF active
[    0.492447] Mount-cache hash table entries: 8192 (order: 4, 65536 bytes, linear)
[    0.493264] Mountpoint-cache hash table entries: 8192 (order: 4, 65536 bytes, linear)
[    0.495684] VFS: Finished mounting rootfs on nullfs
[    0.498212] Running RCU synchronous self tests
[    0.499135] Running RCU synchronous self tests
[    0.500645] smpboot: CPU0: AMD Ryzen 9 5950X 16-Core Processor (family: 0x19, model: 0x21, stepping: 0x2)
[    0.503412] Performance Events: Fam17h+ core perfctr, AMD PMU driver.
[    0.504155] ... version:                   0
[    0.505083] ... bit width:                 48
[    0.505139] ... generic counters:          6
[    0.506089] ... generic bitmap:            000000000000003f
[    0.506140] ... fixed-purpose counters:    0
[    0.507053] ... fixed-purpose bitmap:      0000000000000000
[    0.507140] ... value mask:                0000ffffffffffff
[    0.508140] ... max period:                00007fffffffffff
[    0.509140] ... global_ctrl mask:          000000000000003f
[    0.510499] signal: max sigframe size: 1776
[    0.511305] rcu: Hierarchical SRCU implementation.
[    0.512143] rcu: 	Max phase no-delay instances is 400.
[    0.513443] Timer migration: 1 hierarchy levels; 8 children per group; 1 crossnode level
[    0.526812] smp: Bringing up secondary CPUs ...
[    0.529394] smpboot: x86: Booting SMP configuration:
[    0.530142] .... node  #0, CPUs:      #1 #2 #3 #4 #5 #6 #7
[    0.564530] smp: Brought up 1 node, 8 CPUs
[    0.566069] smpboot: Total of 8 processors activated (54400.48 BogoMIPS)
[    0.567928] Memory: 3963788K/4193784K available (25637K kernel code, 10348K rwdata, 18032K rodata, 4668K init, 13400K bss, 221944K reserved, 0K cma-reserved)
[    0.570176] devtmpfs: initialized
[    0.574655] Running RCU synchronous self tests
[    0.575162] Running RCU synchronous self tests
[    0.576244] Running RCU Tasks wait API self tests
[    0.577193] Running RCU Tasks Rude wait API self tests
[    0.578142] Running RCU Tasks Trace wait API self tests
[    0.579235] posixtimers hash table entries: 4096 (order: 7, 294912 bytes, linear)
[    0.581371] futex hash table entries: 2048 (262144 bytes on 1 NUMA nodes, total 256 KiB, linear).
[    0.583141] PM: RTC time: 11:56:02, date: 2026-08-04
[    0.584183] Callback from call_rcu_tasks_trace() invoked.
[    0.590662] NET: Registered PF_NETLINK/PF_ROUTE protocol family
[    0.592148] audit: initializing netlink subsys (disabled)
[    0.593239] audit: type=2000 audit(1785844562.384:1): state=initialized audit_enabled=0 res=1
[    0.616063] thermal_sys: Registered thermal governor 'step_wise'
[    0.616164] cpuidle: using governor ladder
[    0.618065] cpuidle: using governor menu
[    0.620152] Freeing SMP alternatives memory: 68K
[    0.621987] PCI: Using configuration type 1 for base access
[    0.622140] PCI: Using configuration type 1 for extended access
[    0.623304] kprobes: kprobe jump-optimization is enabled. All kprobes are optimized if possible.
[    0.625330] HugeTLB: registered 1.00 GiB page size, pre-allocated 0 pages
[    0.626141] HugeTLB: 16380 KiB vmemmap can be freed for a 1.00 GiB page
[    0.627140] HugeTLB: registered 2.00 MiB page size, pre-allocated 0 pages
[    0.628141] HugeTLB: 28 KiB vmemmap can be freed for a 2.00 MiB page
[    0.634408] ACPI: Added _OSI(Module Device)
[    0.635142] ACPI: Added _OSI(Processor Device)
[    0.636118] ACPI: Added _OSI(Processor Aggregator Device)
[    0.639762] ACPI: 1 ACPI AML tables successfully acquired and loaded
[    0.642585] ACPI: \_SB_: platform _OSC: OS support mask [002a7eee]
[    0.643886] ACPI: Interpreter enabled
[    0.644207] ACPI: PM: (supports S0 S3 S4 S5)
[    0.645153] ACPI: Using IOAPIC for interrupt routing
[    0.646193] PCI: Using host bridge windows from ACPI; if necessary, use "pci=nocrs" and report a bug
[    0.647141] PCI: Using E820 reservations for host bridge windows
[    0.648550] ACPI: Enabled 2 GPEs in block 00 to 0F
[    0.664913] ACPI: PCI Root Bridge [PCI0] (domain 0000 [bus 00-ff])
[    0.665147] acpi PNP0A03:00: _OSC: OS supports [ExtendedConfig ASPM ClockPM Segments MSI HPX-Type3]
[    0.666152] acpi PNP0A03:00: _OSC: OS requested [PME PCIeCapability LTR]
[    0.667142] acpi PNP0A03:00: _OSC: platform willing to grant [PME PCIeCapability LTR]
[    0.668141] acpi PNP0A03:00: _OSC: platform retains control of PCIe features (AE_ERROR)
[    0.669932] PCI host bridge to bus 0000:00
[    0.670151] pci_bus 0000:00: root bus resource [io  0x0000-0x0cf7 window]
[    0.671142] pci_bus 0000:00: root bus resource [io  0x0d00-0xffff window]
[    0.672140] pci_bus 0000:00: root bus resource [mem 0x000a0000-0x000bffff window]
[    0.673141] pci_bus 0000:00: root bus resource [mem 0xc0000000-0xfebfffff window]
[    0.674142] pci_bus 0000:00: root bus resource [mem 0x380000000000-0x38007fffffff window]
[    0.675142] pci_bus 0000:00: root bus resource [bus 00-ff]
[    0.676608] pci 0000:00:00.0: [8086:1237] type 00 class 0x060000 conventional PCI endpoint
[    0.678818] pci 0000:00:01.0: [8086:7000] type 00 class 0x060100 conventional PCI endpoint
[    0.680555] pci 0000:00:01.1: [8086:7010] type 00 class 0x010180 conventional PCI endpoint
[    0.682093] pci 0000:00:01.1: BAR 4 [io  0xc1c0-0xc1cf]
[    0.682217] pci 0000:00:01.1: BAR 0 [io  0x01f0-0x01f7]: legacy IDE quirk
[    0.683141] pci 0000:00:01.1: BAR 1 [io  0x03f6]: legacy IDE quirk
[    0.684141] pci 0000:00:01.1: BAR 2 [io  0x0170-0x0177]: legacy IDE quirk
[    0.685193] pci 0000:00:01.1: BAR 3 [io  0x0376]: legacy IDE quirk
[    0.686880] pci 0000:00:01.3: [8086:7113] type 00 class 0x068000 conventional PCI endpoint
[    0.687869] pci 0000:00:01.3: quirk: [io  0x0600-0x063f] claimed by PIIX4 ACPI
[    0.688159] pci 0000:00:01.3: quirk: [io  0x0700-0x070f] claimed by PIIX4 SMB
[    0.690156] pci 0000:00:02.0: [1af4:1009] type 00 class 0x000200 conventional PCI endpoint
[    0.692908] pci 0000:00:02.0: BAR 0 [io  0xc000-0xc03f]
[    0.693158] pci 0000:00:02.0: BAR 1 [mem 0xfebf8000-0xfebf8fff]
[    0.694201] pci 0000:00:02.0: BAR 4 [mem 0x380000000000-0x380000003fff 64bit pref]
[    0.698271] pci 0000:00:03.0: [8086:25ab] type 00 class 0x088000 conventional PCI endpoint
[    0.700088] pci 0000:00:03.0: BAR 0 [mem 0xfebf9000-0xfebf900f]
[    0.702754] pci 0000:00:04.0: [1af4:1003] type 00 class 0x078000 conventional PCI endpoint
[    0.704159] pci 0000:00:04.0: BAR 0 [io  0xc040-0xc07f]
[    0.705157] pci 0000:00:04.0: BAR 1 [mem 0xfebfa000-0xfebfafff]
[    0.706218] pci 0000:00:04.0: BAR 4 [mem 0x380000004000-0x380000007fff 64bit pref]
[    0.710448] pci 0000:00:05.0: [1af4:1003] type 00 class 0x078000 conventional PCI endpoint
[    0.712160] pci 0000:00:05.0: BAR 0 [io  0xc080-0xc0bf]
[    0.713156] pci 0000:00:05.0: BAR 1 [mem 0xfebfb000-0xfebfbfff]
[    0.714225] pci 0000:00:05.0: BAR 4 [mem 0x380000008000-0x38000000bfff 64bit pref]
[    0.718493] pci 0000:00:06.0: [1af4:1003] type 00 class 0x078000 conventional PCI endpoint
[    0.720161] pci 0000:00:06.0: BAR 0 [io  0xc0c0-0xc0ff]
[    0.721158] pci 0000:00:06.0: BAR 1 [mem 0xfebfc000-0xfebfcfff]
[    0.722201] pci 0000:00:06.0: BAR 4 [mem 0x38000000c000-0x38000000ffff 64bit pref]
[    0.726547] pci 0000:00:07.0: [1af4:1003] type 00 class 0x078000 conventional PCI endpoint
[    0.728157] pci 0000:00:07.0: BAR 0 [io  0xc100-0xc13f]
[    0.729157] pci 0000:00:07.0: BAR 1 [mem 0xfebfd000-0xfebfdfff]
[    0.730202] pci 0000:00:07.0: BAR 4 [mem 0x380000010000-0x380000013fff 64bit pref]
[    0.734551] pci 0000:00:08.0: [1af4:1003] type 00 class 0x078000 conventional PCI endpoint
[    0.736114] pci 0000:00:08.0: BAR 0 [io  0xc140-0xc17f]
[    0.736158] pci 0000:00:08.0: BAR 1 [mem 0xfebfe000-0xfebfefff]
[    0.737201] pci 0000:00:08.0: BAR 4 [mem 0x380000014000-0x380000017fff 64bit pref]
[    0.741422] pci 0000:00:09.0: [1af4:1003] type 00 class 0x078000 conventional PCI endpoint
[    0.743112] pci 0000:00:09.0: BAR 0 [io  0xc180-0xc1bf]
[    0.743158] pci 0000:00:09.0: BAR 1 [mem 0xfebff000-0xfebfffff]
[    0.744201] pci 0000:00:09.0: BAR 4 [mem 0x380000018000-0x38000001bfff 64bit pref]
[    0.753972] ACPI: PCI: Interrupt link LNKA configured for IRQ 10
[    0.754432] ACPI: PCI: Interrupt link LNKB configured for IRQ 10
[    0.755402] ACPI: PCI: Interrupt link LNKC configured for IRQ 11
[    0.756414] ACPI: PCI: Interrupt link LNKD configured for IRQ 11
[    0.757264] ACPI: PCI: Interrupt link LNKS configured for IRQ 9
[    0.760170] iommu: Default domain type: Translated
[    0.761142] iommu: DMA domain TLB invalidation policy: lazy mode
[    0.763603] SCSI subsystem initialized
[    0.764213] libata version 3.00 loaded.
[    0.765305] ACPI: bus type USB registered
[    0.766265] usbcore: registered new interface driver usbfs
[    0.767214] usbcore: registered new interface driver hub
[    0.768178] usbcore: registered new device driver usb
[    0.769325] pps_core: LinuxPPS API ver. 1 registered
[    0.770140] pps_core: Software ver. 5.3.6 - Copyright 2005-2007 Rodolfo Giometti <giometti@linux.it>
[    0.771168] PTP clock support registered
[    0.772614] Advanced Linux Sound Architecture Driver Initialized.
[    0.774410] NetLabel: Initializing
[    0.775140] NetLabel:  domain hash size = 128
[    0.776073] NetLabel:  protocols = UNLABELED CIPSOv4 CALIPSO
[    0.776187] NetLabel:  unlabeled traffic allowed by default
[    0.777339] PCI: Using ACPI for IRQ routing
[    0.778145] PCI: pci_cache_line_size set to 64 bytes
[    0.779497] e820: register RAM buffer resource [mem 0x0009fc00-0x0009ffff]
[    0.780142] e820: register RAM buffer resource [mem 0xbffe0000-0xbfffffff]
[    0.781284] vgaarb: loaded
[    0.782139] hpet0: at MMIO 0xfed00000, IRQs 2, 8, 0
[    0.783139] hpet0: 3 comparators, 64-bit 100.000000 MHz counter
[    0.788141] Callback from call_rcu_tasks() invoked.
[    0.790257] clocksource: Switched to clocksource kvm-clock
[    0.792779] VFS: Disk quotas dquot_6.6.0
[    0.793664] VFS: Dquot-cache hash table entries: 512 (4096 bytes)
[    0.796130] pnp: PnP ACPI init
[    0.797395] pnp 00:02: [dma 2]
[    0.798969] pnp: PnP ACPI: found 4 devices
[    0.816842] clocksource: acpi_pm: mask: 0xffffff max_cycles: 0xffffff, max_idle_ns: 2085701024 ns
[    0.819046] NET: Registered PF_INET protocol family
[    0.821309] IP idents hash table entries: 65536 (order: 7, 524288 bytes, linear)
[    0.825268] tcp_listen_portaddr_hash hash table entries: 2048 (order: 6, 147456 bytes, linear)
[    0.827762] Table-perturb hash table entries: 65536 (order: 6, 262144 bytes, linear)
[    0.829475] TCP established hash table entries: 32768 (order: 6, 262144 bytes, linear)
[    0.831920] TCP bind hash table entries: 32768 (order: 11, 4718592 bytes, vmalloc hugepage)
[    0.844322] TCP: Hash tables configured (established 32768 bind 32768)
[    0.847376] MPTCP token hash table entries: 4096 (order: 7, 360448 bytes, linear)
[    0.849161] UDP hash table entries: 2048 (order: 7, 524288 bytes, linear)
[    0.851973] NET: Registered PF_UNIX/PF_LOCAL protocol family
[    0.854162] RPC: Registered named UNIX socket transport module.
[    0.855524] RPC: Registered udp transport module.
[    0.856603] RPC: Registered tcp transport module.
[    0.857653] RPC: Registered tcp-with-tls transport module.
[    0.858860] RPC: Registered tcp NFSv4.1 backchannel transport module.
[    0.861280] NET: Registered PF_XDP protocol family
[    0.862617] pci_bus 0000:00: resource 4 [io  0x0000-0x0cf7 window]
[    0.864215] pci_bus 0000:00: resource 5 [io  0x0d00-0xffff window]
[    0.865565] pci_bus 0000:00: resource 6 [mem 0x000a0000-0x000bffff window]
[    0.867048] pci_bus 0000:00: resource 7 [mem 0xc0000000-0xfebfffff window]
[    0.868539] pci_bus 0000:00: resource 8 [mem 0x380000000000-0x38007fffffff window]
[    0.870317] pci 0000:00:01.0: PIIX3: Enabling Passive Release
[    0.871613] pci 0000:00:00.0: Limiting direct PCI/PCI transfers
[    0.873140] PCI: CLS 0 bytes, default 64
[    0.874148] PCI-DMA: Using software bounce buffering for IO (SWIOTLB)
[    0.875556] software IO TLB: mapped [mem 0x00000000bbfe0000-0x00000000bffe0000] (64MB)
[    0.878406] clocksource: tsc: mask: 0xffffffffffffffff max_cycles: 0x31026ae6579, max_idle_ns: 440795296168 ns
[    0.889266] Initialise system trusted keyrings
[    0.890681] workingset: timestamp_bits=40 (anon: 35) max_order=20 bucket_order=0 (anon: 0)
[    0.893596] squashfs: version 4.0 (2009/01/31) Phillip Lougher
[    0.895546] NFS: Registering the id_resolver key type
[    0.896879] Key type id_resolver registered
[    0.897845] Key type id_legacy registered
[    0.898713] nfs4filelayout_init: NFSv4 File Layout Driver Registering...
[    0.900205] nfs4flexfilelayout_init: NFSv4 Flexfile Layout Driver Registering...
[    0.902024] fuse: init (API version 7.45)
[    0.903245] 9p: Installing v9fs 9p2000 file system support
[    0.906212] NET: Registered PF_ALG protocol family
[    0.907295] Key type asymmetric registered
[    0.908190] Asymmetric key parser 'x509' registered
[    0.909415] Block layer SCSI generic (bsg) driver version 0.4 loaded (major 248)
[    0.911560] io scheduler mq-deadline registered
[    0.912816] io scheduler kyber registered
[    0.915490] input: Power Button as /devices/platform/LNXPWRBN:00/input/input0
[    0.917349] ACPI: button: Power Button [PWRF]
[    1.044646] ACPI: \_SB_.LNKB: Enabled at IRQ 10
[    1.169179] ACPI: \_SB_.LNKD: Enabled at IRQ 11
[    1.295989] ACPI: \_SB_.LNKA: Enabled at IRQ 10
[    1.435339] kwatchdog (98) used greatest stack depth: 14776 bytes left
[    1.547552] ACPI: \_SB_.LNKC: Enabled at IRQ 11
[    1.797920] Serial: 8250/16550 driver, 4 ports, IRQ sharing enabled
[    1.800457] 00:03: ttyS0 at I/O 0x3f8 (irq = 4, base_baud = 115200) is a 16550A
[    1.964189] Non-volatile memory driver v1.3
[    1.966007] ACPI: bus type drm_connector registered
[    1.987647] brd: module loaded
[    2.001503] loop: module loaded
[    2.006817] scsi host0: ata_piix
[    2.008972] scsi host1: ata_piix
[    2.010102] ata1: PATA max MWDMA2 cmd 0x1f0 ctl 0x3f6 bmdma 0xc1c0 irq 14 lpm-pol 0
[    2.011760] ata2: PATA max MWDMA2 cmd 0x170 ctl 0x376 bmdma 0xc1c8 irq 15 lpm-pol 0
[    2.017418] tun: Universal TUN/TAP device driver, 1.6
[    2.019003] e100: Intel(R) PRO/100 Network Driver
[    2.020091] e100: Copyright(c) 1999-2006 Intel Corporation
[    2.021440] e1000: Intel(R) PRO/1000 Network Driver
[    2.022489] e1000: Copyright (c) 1999-2006 Intel Corporation.
[    2.023839] e1000e: Intel(R) PRO/1000 Network Driver
[    2.024961] e1000e: Copyright(c) 1999 - 2015 Intel Corporation.
[    2.026327] sky2: driver version 1.30
[    2.028266] usbcore: registered new interface driver usblp
[    2.029582] usbcore: registered new interface driver usb-storage
[    2.031011] i8042: PNP: PS/2 Controller [PNP0303:KBD,PNP0f13:MOU] at 0x60,0x64 irq 1,12
[    2.034150] serio: i8042 KBD port at 0x60,0x64 irq 1
[    2.035688] serio: i8042 AUX port at 0x60,0x64 irq 12
[    2.037747] rtc_cmos PNP0B00:00: RTC can wake from S4
[    2.041445] input: AT Translated Set 2 keyboard as /devices/platform/i8042/serio0/input/input1
[    2.044034] rtc_cmos PNP0B00:00: registered as rtc0
[    2.045797] rtc_cmos PNP0B00:00: alarms up to one day, y3k, 242 bytes nvram, hpet irqs
[    2.048125] Registered IR keymap rc-empty
[    2.049537] rc rc0: rc-core loopback device as /devices/virtual/rc/rc0
[    2.052298] rc rc0: lirc_dev: driver rc-loopback registered at minor = 0, raw IR receiver, raw IR transmitter
[    2.056496] input: rc-core loopback device as /devices/virtual/rc/rc0/input2
[    2.059333] intel_powerclamp: CPU does not support MWAIT
[    2.060646] device-mapper: core: CONFIG_IMA_DISABLE_HTABLE is disabled. Duplicate IMA measurements will not be recorded in the IMA log.
[    2.063673] device-mapper: ioctl: 4.50.0-ioctl (2025-04-28) initialised: dm-devel@lists.linux.dev
[    2.065723] amd_pstate: the _CPC object is not present in SBIOS or ACPI disabled
[    2.068092] hid: raw HID events driver (C) Jiri Kosina
[    2.070872] usbcore: registered new interface driver usbhid
[    2.072099] usbhid: USB HID core driver
[    2.074126] GACT probability NOT on
[    2.074959] Mirror/redirect action on
[    2.077198] nf_conntrack_irc: The irc conntrack helper is scheduled for removal.
[    2.077198] Please contact the netfilter-devel mailing list if you still need this.
[    2.082126] ipip: IPv4 and MPLS over IPv4 tunneling driver
[    2.084142] gre: GRE over IPv4 demultiplexer driver
[    2.085206] ip_gre: GRE over IPv4 tunneling driver
[    2.088878] Initializing XFRM netlink socket
[    2.090115] IPsec XFRM device driver
[    2.091099] NET: Registered PF_INET6 protocol family
[    2.094207] Segment Routing with IPv6
[    2.095061] In-situ OAM (IOAM) with IPv6
[    2.095947] mip6: Mobile IPv6
[    2.096707] sit: IPv6, IPv4 and MPLS over IPv4 tunneling driver
[    2.099495] ip6_gre: GRE over IPv6 tunneling driver
[    2.101442] NET: Registered PF_PACKET protocol family
[    2.102704] RPC: Registered rdma transport module.
[    2.103750] RPC: Registered rdma backchannel transport module.
[    2.105301] 8021q: 802.1Q VLAN Support v1.8
[    2.106709] smc: adding smcd device lo without pnetid
[    2.108042] NET: Registered PF_SMC protocol family
[    2.109582] 9pnet: Installing 9P2000 support
[    2.112157] Key type dns_resolver registered
[    2.113303] NET: Registered PF_VSOCK protocol family
[    2.114505] mpls_gso: MPLS GSO support
[    2.118760] IPI shorthand broadcast: enabled
[    2.163304] sched_clock: Marking stable (2137014979, 25587234)->(2268792085, -106189872)
[    2.167301] registered taskstats version 1
[    2.170915] ata2: found unknown device (class 0)
[    2.173185] ata2.00: ATAPI: QEMU DVD-ROM, 2.5+, max UDMA/100
[    2.177034] scsi 1:0:0:0: CD-ROM            QEMU     QEMU DVD-ROM     2.5+ PQ: 0 ANSI: 5
[    2.184692] Loading compiled-in X.509 certificates
[    2.186447] kworker/u32:1 (119) used greatest stack depth: 13152 bytes left
[    2.188077] Loaded X.509 cert 'Build time autogenerated kernel key: c4531344b9a9c1a4731230d977a262ba29ba5272'
[    2.201817] sr 1:0:0:0: [sr0] scsi3-mmc drive: 4x/4x cd/rw xa/form2 tray
[    2.223325] cdrom: Uniform CD-ROM driver Revision: 3.20
[    2.228657] Demotion targets for Node 0: null
[    2.230269] ima: No TPM chip found, activating TPM-bypass!
[    2.231927] ima: Allocated hash algorithm: sha1
[    2.233313] ima: No architecture policies found
[    2.235099] sr 1:0:0:0: Attached scsi CD-ROM sr0
[    2.235453] PM:   Magic number: 6:369:933
[    2.237186] sr 1:0:0:0: Attached scsi generic sg0 type 5
[    2.238612] netconsole: network logging started
[    2.240271] cfg80211: Loading compiled-in X.509 certificates for regulatory database
[    2.243258] Loaded X.509 cert 'sforshee: 00b28ddf47aef9cea7'
[    2.244921] Loaded X.509 cert 'wens: 61c038651aabdcf94bd0ac7ff06c7248db18c600'
[    2.246786] faux_driver regulatory: Direct firmware load for regulatory.db failed with error -2
[    2.248826] cfg80211: failed to load regulatory.db
[    2.249020] ALSA device list:
[    2.250647]   No soundcards found.
[    2.469279] input: ImExPS/2 Generic Explorer Mouse as /devices/platform/i8042/serio1/input/input4
[    2.471287] md: Skipping autodetection of RAID arrays. (raid=autodetect will force)
[    2.472711] 9p: Bad value for 'source'
[    2.473324] 9pnet: Limiting 'msize' to 512000 as this is the maximum supported by transport virtio
[    2.476770] VFS: Mounted root (9p filesystem) on device 0:22.
[    2.478421] devtmpfs: mounted
[    2.479099] VFS: Pivoted into new rootfs
[    2.484386] Freeing unused kernel image (initmem) memory: 4668K
[    2.485296] Write protecting the kernel read-only data: 45056k
[    2.487306] Freeing unused kernel image (text/rodata gap) memory: 984K
[    2.488682] Freeing unused kernel image (rodata/data gap) memory: 400K
[    2.525623] x86/mm: Checked W+X mappings: passed, no W+X pages found.
[    2.526479] Run /home/prozak/.local/share/vng-venv/lib/python3.12/site-packages/virtme/guest/bin/virtme-ng-init as init process
[    2.527999]   with arguments:
[    2.528423]     /home/prozak/.local/share/vng-venv/lib/python3.12/site-packages/virtme/guest/bin/virtme-ng-init
[    2.529759]   with environment:
[    2.530193]     HOME=/
[    2.530525]     TERM=linux
[    2.530942]     virtme_hostname=virtme-ng
[    2.531478]     nr_open=1048576
[    2.531953]     virtme_link_mods=/home/prozak/sources/heimdall_experiment/uml-harness/.build/bpf-next-x86/.virtme_mods/lib/modules/0.0.0
[    2.533624]     virtme_rw_overlay0=/tmp
[    2.534148]     virtme_console=ttyS0
[    2.534669]     virtme_chdir=home/prozak/sources/heimdall_experiment/uml-harness/.build/selftests-output-qemu
[    2.631000] virtme-ng-init: mount devtmpfs -> /dev: EBUSY: Device or resource busy
[    2.632800] virtme-ng-init: Setting hostname to virtme-ng...
[    2.665800] virtme-ng-init: running systemd-tmpfiles
[    3.853381] systemd-tmpfile (127) used greatest stack depth: 12504 bytes left
[    3.853488] virtme-ng-init: basic initialization done
[    3.871200] virtme-ng-init: error creating file: Permission denied (os error 13)
[    3.974781] ip (133) used greatest stack depth: 11848 bytes left
[    4.090796] virtme-ng-init: Starting systemd-udevd version 255.4-1ubuntu8.16
[    4.091954] virtme-ng-init: triggering udev coldplug
[    7.113580] virtme-ng-init: waiting for udev to settle
[    7.896286] virtme-ng-init: udev is done
[    7.900574] virtme-ng-init: starting script
[    8.193354] module bpf_testmod: .gnu.linkonce.this_module section size must match the kernel's built struct module size at run time
[    8.730961] smc: removing smcd device lo
[    8.799303] ACPI: PM: Preparing to enter system sleep state S5
[    8.800654] reboot: Power down
