#83      clone_attach_btf_id:OK
Summary: 1/0 PASSED, 0 SKIPPED, 0 FAILED
in extract_kernel
input_data: 0x00000000049762c4
input_len: 0x00000000015c3b21
output: 0x0000000001000000
output_len: 0x00000000045c1650
kernel_total_size: 0x0000000004f8d000
needed_size: 0x0000000005000000
trampoline_32bit: 0x0000000000000000
Physical KASLR using RDRAND RDTSC...
Virtual KASLR using RDRAND RDTSC...

Decompressing Linux... Parsing ELF... Performing relocations... done.
Booting the kernel (entry_offset: 0x0000000003db5740).
[    0.000000] Linux version 7.2.0-rc1-g5e2f4aad04e2 (prozak@powertower) (gcc (Ubuntu 13.3.0-6ubuntu2~24.04.1) 13.3.0, GNU ld (GNU Binutils for Ubuntu) 2.42) #3 SMP PREEMPT_DYNAMIC Sun Aug  2 09:03:43 PDT 2026
[    0.000000] Command line: virtme_hostname=virtme-ng nr_open=1048576 virtme_link_mods=/home/prozak/sources/heimdall_experiment/uml-harness/.build/bpf-next-x86/.virtme_mods/lib/modules/0.0.0 virtme_rw_overlay0=/tmp virtme_console=ttyS0 console=ttyS0 earlyprintk=serial,ttyS0,115200 panic=-1 virtme.exec=`Li90ZXN0X3Byb2dzIC10ICdjbG9uZV9hdHRhY2hfYnRmX2lkJw==` virtme_chdir=home/prozak/sources/heimdall_experiment/uml-harness/.build/selftests-output-qemu rootfstype=9p rootflags=version=9p2000.L,trans=virtio,access=any,msize=524288 raid=noautodetect rw debug init=/home/prozak/.local/share/vng-venv/lib/python3.12/site-packages/virtme/guest/bin/virtme-ng-init
[    0.000000] x86 CPU feature dependency check failure: CPU0 has '18*32+31' enabled but '18*32+26' disabled. Kernel might be fine, but no guarantees.
[    0.000000] BIOS-provided physical RAM map:
[    0.000000] BIOS-e820: [mem 0x0000000000000000-0x000000000009fbff]  System RAM
[    0.000000] BIOS-e820: [mem 0x000000000009fc00-0x000000000009ffff]  device reserved
[    0.000000] BIOS-e820: [gap 0x00000000000a0000-0x00000000000effff]
[    0.000000] BIOS-e820: [mem 0x00000000000f0000-0x00000000000fffff]  device reserved
[    0.000000] BIOS-e820: [mem 0x0000000000100000-0x00000000bffdffff]  System RAM
[    0.000000] BIOS-e820: [mem 0x00000000bffe0000-0x00000000bfffffff]  device reserved
[    0.000000] BIOS-e820: [gap 0x00000000c0000000-0x00000000feffbfff]
[    0.000000] BIOS-e820: [mem 0x00000000feffc000-0x00000000feffffff]  device reserved
[    0.000000] BIOS-e820: [gap 0x00000000ff000000-0x00000000fffbffff]
[    0.000000] BIOS-e820: [mem 0x00000000fffc0000-0x00000000ffffffff]  device reserved
[    0.000000] BIOS-e820: [mem 0x0000000100000000-0x000000013fffffff]  System RAM
[    0.000000] BIOS-e820: [gap 0x0000000140000000-0x000000fcffffffff]
[    0.000000] BIOS-e820: [mem 0x000000fd00000000-0x000000ffffffffff]  device reserved
[    0.000000] printk: legacy bootconsole [earlyser0] enabled
[    0.000000] NX (Execute Disable) protection: active
[    0.000000] APIC: Static calls initialized
[    0.000000] DMI: SMBIOS 3.0.0 present.
[    0.000000] DMI: QEMU Ubuntu 24.04 PC v2 (i440FX + PIIX, arch_caps fix, 1996), BIOS 1.16.3-debian-1.16.3-2 04/01/2014
[    0.000000] DMI: Memory slots populated: 1/1
[    0.000000] Hypervisor detected: KVM
[    0.000000] last_pfn = 0xbffe0 max_arch_pfn = 0x400000000
[    0.000000] kvm-clock: Using msrs 4b564d01 and 4b564d00
[    0.000001] kvm-clock: using sched offset of 492247325 cycles
[    0.000911] clocksource: kvm-clock: mask: 0xffffffffffffffff max_cycles: 0x1cd42e4dffb, max_idle_ns: 881590591483 ns
[    0.003828] tsc: Detected 3400.038 MHz processor
[    0.005039] e820: update [mem 0x00000000-0x00000fff] System RAM ==> device reserved
[    0.006402] e820: remove [mem 0x000a0000-0x000fffff] System RAM
[    0.007473] last_pfn = 0x140000 max_arch_pfn = 0x400000000
[    0.008546] MTRR map: 4 entries (3 fixed + 1 variable; max 19), built from 8 variable MTRRs
[    0.010006] x86/PAT: Configuration [0-7]: WB  WC  UC- UC  WB  WP  UC- WT  
Memory KASLR using RDRAND RDTSC...
[    0.011899] last_pfn = 0xbffe0 max_arch_pfn = 0x400000000
[    0.014046] found SMP MP-table at [mem 0x000f5450-0x000f545f]
[    0.015084] Using GB pages for direct mapping
[    0.015934] ACPI: Early table checksum verification disabled
[    0.016927] ACPI: RSDP 0x00000000000F5240 000014 (v00 BOCHS )
[    0.017973] ACPI: RSDT 0x00000000BFFE1F16 000034 (v01 BOCHS  BXPC     00000001 BXPC 00000001)
[    0.019489] ACPI: FACP 0x00000000BFFE1D92 000074 (v01 BOCHS  BXPC     00000001 BXPC 00000001)
[    0.021047] ACPI: DSDT 0x00000000BFFE0040 001D52 (v01 BOCHS  BXPC     00000001 BXPC 00000001)
[    0.022598] ACPI: FACS 0x00000000BFFE0000 000040
[    0.023474] ACPI: APIC 0x00000000BFFE1E06 0000B0 (v03 BOCHS  BXPC     00000001 BXPC 00000001)
[    0.024985] ACPI: HPET 0x00000000BFFE1EB6 000038 (v01 BOCHS  BXPC     00000001 BXPC 00000001)
[    0.026484] ACPI: WAET 0x00000000BFFE1EEE 000028 (v01 BOCHS  BXPC     00000001 BXPC 00000001)
[    0.028010] ACPI: Reserving FACP table memory at [mem 0xbffe1d92-0xbffe1e05]
[    0.029254] ACPI: Reserving DSDT table memory at [mem 0xbffe0040-0xbffe1d91]
[    0.030484] ACPI: Reserving FACS table memory at [mem 0xbffe0000-0xbffe003f]
[    0.031744] ACPI: Reserving APIC table memory at [mem 0xbffe1e06-0xbffe1eb5]
[    0.032957] ACPI: Reserving HPET table memory at [mem 0xbffe1eb6-0xbffe1eed]
[    0.034187] ACPI: Reserving WAET table memory at [mem 0xbffe1eee-0xbffe1f15]
[    0.035857] No NUMA configuration found
[    0.036545] Faking a node at [mem 0x0000000000000000-0x000000013fffffff]
[    0.037753] NODE_DATA(0) allocated [mem 0x13fffbc80-0x13fffffff]
[    0.039639] ACPI: PM-Timer IO Port: 0x608
[    0.040382] ACPI: LAPIC_NMI (acpi_id[0xff] dfl dfl lint[0x1])
[    0.041432] IOAPIC[0]: apic_id 0, version 17, address 0xfec00000, GSI 0-23
[    0.042625] ACPI: INT_SRC_OVR (bus 0 bus_irq 0 global_irq 2 dfl dfl)
[    0.043734] ACPI: INT_SRC_OVR (bus 0 bus_irq 5 global_irq 5 high level)
[    0.044911] ACPI: INT_SRC_OVR (bus 0 bus_irq 9 global_irq 9 high level)
[    0.046104] ACPI: INT_SRC_OVR (bus 0 bus_irq 10 global_irq 10 high level)
[    0.047339] ACPI: INT_SRC_OVR (bus 0 bus_irq 11 global_irq 11 high level)
[    0.048520] ACPI: Using ACPI (MADT) for SMP configuration information
[    0.049680] ACPI: HPET id: 0x8086a201 base: 0xfed00000
[    0.050564] TSC deadline timer available
[    0.051238] CPU topo: Max. logical packages:   1
[    0.052048] CPU topo: Max. logical nodes:      1
[    0.052854] CPU topo: Num. nodes per package:  1
[    0.053721] CPU topo: Max. logical dies:       1
[    0.054537] CPU topo: Max. dies per package:   1
[    0.055340] CPU topo: Max. threads per core:   1
[    0.056147] CPU topo: Num. cores per package:     8
[    0.056979] CPU topo: Num. threads per package:   8
[    0.057864] CPU topo: Allowing 8 present CPUs plus 0 hotplug CPUs
[    0.058932] kvm-guest: APIC: eoi() replaced with kvm_guest_apic_eoi_write()
[    0.060174] kvm-guest: KVM setup pv remote TLB flush
[    0.061033] kvm-guest: setup PV sched yield
[    0.061818] PM: hibernation: Registered nosave memory: [mem 0x00000000-0x00000fff]
[    0.063188] PM: hibernation: Registered nosave memory: [mem 0x0009f000-0x000fffff]
[    0.064546] PM: hibernation: Registered nosave memory: [mem 0xbffe0000-0xffffffff]
[    0.065934] [gap 0xc0000000-0xfeffbfff] available for PCI devices
[    0.067027] Booting paravirtualized kernel on KVM
[    0.067889] clocksource: refined-jiffies: mask: 0xffffffff max_cycles: 0xffffffff, max_idle_ns: 1910969940391419 ns
[    0.074418] Zone ranges:
[    0.074901]   DMA      [mem 0x0000000000001000-0x0000000000ffffff]
[    0.075993]   DMA32    [mem 0x0000000001000000-0x00000000ffffffff]
[    0.077065]   Normal   [mem 0x0000000100000000-0x000000013fffffff]
[    0.078151] Movable zone start for each node
[    0.078923] Early memory node ranges
[    0.079558]   node   0: [mem 0x0000000000001000-0x000000000009efff]
[    0.080639]   node   0: [mem 0x0000000000100000-0x00000000bffdffff]
[    0.081732]   node   0: [mem 0x0000000100000000-0x000000013fffffff]
[    0.082843] Initmem setup node 0 [mem 0x0000000000001000-0x000000013fffffff]
[    0.084143] On node 0, zone DMA: 1 pages in unavailable ranges
[    0.085709] On node 0, zone DMA: 97 pages in unavailable ranges
[    0.216772] On node 0, zone Normal: 32 pages in unavailable ranges
[    0.217920] setup_percpu: NR_CPUS:128 nr_cpumask_bits:8 nr_cpu_ids:8 nr_node_ids:1
[    0.223267] percpu: Embedded 58 pages/cpu s199696 r8192 d29680 u262144
[    0.224439] pcpu-alloc: s199696 r8192 d29680 u262144 alloc=1*2097152
[    0.225530] pcpu-alloc: [0] 0 1 2 3 4 5 6 7 
[    0.226362] Kernel command line: virtme_hostname=virtme-ng nr_open=1048576 virtme_link_mods=/home/prozak/sources/heimdall_experiment/uml-harness/.build/bpf-next-x86/.virtme_mods/lib/modules/0.0.0 virtme_rw_overlay0=/tmp virtme_console=ttyS0 console=ttyS0 earlyprintk=serial,ttyS0,115200 panic=-1 virtme.exec=`Li90ZXN0X3Byb2dzIC10ICdjbG9uZV9hdHRhY2hfYnRmX2lkJw==` virtme_chdir=home/prozak/sources/heimdall_experiment/uml-harness/.build/selftests-output-qemu rootfstype=9p rootflags=version=9p2000.L,trans=virtio,access=any,msize=524288 raid=noautodetect rw debug init=/home/prozak/.local/share/vng-venv/lib/python3.12/site-packages/virtme/guest/bin/virtme-ng-init
[    0.236721] Unknown kernel command line parameters "virtme_hostname=virtme-ng nr_open=1048576 virtme_link_mods=/home/prozak/sources/heimdall_experiment/uml-harness/.build/bpf-next-x86/.virtme_mods/lib/modules/0.0.0 virtme_rw_overlay0=/tmp virtme_console=ttyS0 virtme_chdir=home/prozak/sources/heimdall_experiment/uml-harness/.build/selftests-output-qemu", will be passed to user space.
[    0.242835] random: crng init done
[    0.243442] printk: log buffer data + meta data: 2097152 + 7340032 = 9437184 bytes
[    0.252713] Dentry cache hash table entries: 524288 (order: 10, 4194304 bytes, linear)
[    0.257411] Inode-cache hash table entries: 262144 (order: 9, 2097152 bytes, linear)
[    0.259040] software IO TLB: area num 8.
[    0.392141] Fallback order for Node 0: 0 
[    0.392149] Built 1 zonelists, mobility grouping on.  Total pages: 1048446
[    0.394176] Policy zone: Normal
[    0.394780] mem auto-init: stack:all(zero), heap alloc:off, heap free:off
[    0.401719] SLUB: HWalign=64, Order=0-3, MinObjects=0, CPUs=8, Nodes=1
Poking KASLR using RDRAND RDTSC...
[    0.418046] ftrace: allocating 69757 entries in 274 pages
[    0.419089] ftrace: allocated 274 pages with 3 groups
[    0.420529] Dynamic Preempt: full
[    0.421465] Running RCU self tests
[    0.422087] Running RCU synchronous self tests
[    0.422901] rcu: Preemptible hierarchical RCU implementation.
[    0.423948] rcu: 	RCU event tracing is enabled.
[    0.424824] rcu: 	RCU lockdep checking is enabled.
[    0.425678] rcu: 	RCU restricting CPUs from NR_CPUS=128 to nr_cpu_ids=8.
[    0.426893] 	Trampoline variant of Tasks RCU enabled.
[    0.427810] 	Rude variant of Tasks RCU enabled.
[    0.428640] 	Tracing variant of Tasks RCU enabled.
[    0.429535] rcu: RCU calculated value of scheduler-enlistment delay is 100 jiffies.
[    0.430923] rcu: Adjusting geometry for rcu_fanout_leaf=16, nr_cpu_ids=8
[    0.432189] Running RCU synchronous self tests
[    0.433017] RCU Tasks: Setting shift to 3 and lim to 1 rcu_task_cb_adjust=1 rcu_task_cpu_ids=8.
[    0.434637] RCU Tasks Rude: Setting shift to 3 and lim to 1 rcu_task_cb_adjust=1 rcu_task_cpu_ids=8.
[    0.442269] NR_IRQS: 8448, nr_irqs: 488, preallocated irqs: 16
[    0.443695] rcu: srcu_init: Setting srcu_struct sizes based on contention.
[    0.445042] clocksource: jiffies: mask: 0xffffffff max_cycles: 0xffffffff, max_idle_ns: 1911260446275000 ns
[    0.447226] Console: colour *CGA 80x25
[    0.447968] printk: legacy console [ttyS0] enabled
[    0.447968] printk: legacy console [ttyS0] enabled
[    0.449788] printk: legacy bootconsole [earlyser0] disabled
[    0.449788] printk: legacy bootconsole [earlyser0] disabled
[    0.451843] Lock dependency validator: Copyright (c) 2006 Red Hat, Inc., Ingo Molnar
[    0.453265] ... MAX_LOCKDEP_SUBCLASSES:  8
[    0.454017] ... MAX_LOCK_DEPTH:          48
[    0.454801] ... MAX_LOCKDEP_KEYS:        8192
[    0.455579] ... CLASSHASH_SIZE:          4096
[    0.456356] ... MAX_LOCKDEP_ENTRIES:     32768
[    0.457168] ... MAX_LOCKDEP_CHAINS:      65536
[    0.457968] ... CHAINHASH_SIZE:          32768
[    0.458817]  memory used by lock dependency info: 6429 kB
[    0.459776]  memory used for stack traces: 4224 kB
[    0.460647]  per task-struct memory footprint: 1920 bytes
[    0.461685] ACPI: Core revision 20260408
[    0.462621] clocksource: hpet: mask: 0xffffffff max_cycles: 0xffffffff, max_idle_ns: 19112604467 ns
[    0.464535] APIC: Switch to symmetric I/O mode setup
[    0.465899] x2apic enabled
[    0.466946] APIC: Switched APIC routing to: physical x2apic
[    0.468041] kvm-guest: APIC: send_IPI_mask() replaced with kvm_send_ipi_mask()
[    0.469387] kvm-guest: APIC: send_IPI_mask_allbutself() replaced with kvm_send_ipi_mask_allbutself()
[    0.471101] kvm-guest: setup PV IPIs
[    0.473834] ..TIMER: vector=0x30 apic1=0 pin1=2 apic2=-1 pin2=-1
[    0.474991] clocksource: tsc-early: mask: 0xffffffffffffffff max_cycles: 0x31027285e94, max_idle_ns: 440795238296 ns
[    0.476985] Calibrating delay loop (skipped) preset value.. 6800.07 BogoMIPS (lpj=3400038)
[    0.478617] x86/cpu: User Mode Instruction Prevention (UMIP) activated
[    0.479292] Last level iTLB entries: 4KB 512, 2MB 255, 4MB 127
[    0.479983] Last level dTLB entries: 4KB 512, 2MB 255, 4MB 127, 1GB 0
[    0.480993] mitigations: Enabled attack vectors: user_kernel, user_user, SMT mitigations: auto
[    0.481982] Speculative Store Bypass: Mitigation: Speculative Store Bypass disabled via prctl
[    0.482982] Speculative Return Stack Overflow: IBPB-extending microcode not applied!
[    0.483982] Speculative Return Stack Overflow: WARNING: See https://kernel.org/doc/html/latest/admin-guide/hw-vuln/srso.html for mitigation options.
[    0.483983] Transient Scheduler Attacks: Vulnerable: No microcode
[    0.485982] Spectre V2 : Mitigation: Retpolines
[    0.486982] Speculative Return Stack Overflow: Vulnerable: Safe RET, no microcode
[    0.487982] Spectre V1 : Mitigation: usercopy/swapgs barriers and __user pointer sanitization
[    0.488982] Spectre V2 : Spectre v2 / SpectreRSB: Filling RSB on context switch and VMEXIT
[    0.489982] Spectre V2 : Enabling Restricted Speculation for firmware calls
[    0.490984] Spectre V2 : mitigation: Enabling conditional Indirect Branch Prediction Barrier
[    0.491982] active return thunk: srso_alias_return_thunk
[    0.493032] x86/fpu: Supporting XSAVE feature 0x001: 'x87 floating point registers'
[    0.493981] x86/fpu: Supporting XSAVE feature 0x002: 'SSE registers'
[    0.494981] x86/fpu: Supporting XSAVE feature 0x004: 'AVX registers'
[    0.495982] x86/fpu: xstate_offset[2]:  576, xstate_sizes[2]:  256
[    0.496981] x86/fpu: Enabled xstate features 0x7, context size is 832 bytes, using 'compacted' format.
[    0.530979] pid_max: default: 32768 minimum: 301
[    0.532178] SELinux:  Initializing.
[    0.534017] LSM support for eBPF active
[    0.535141] Mount-cache hash table entries: 8192 (order: 4, 65536 bytes, linear)
[    0.536142] Mountpoint-cache hash table entries: 8192 (order: 4, 65536 bytes, linear)
[    0.538725] VFS: Finished mounting rootfs on nullfs
[    0.541088] Running RCU synchronous self tests
[    0.541984] Running RCU synchronous self tests
[    0.543516] smpboot: CPU0: AMD Ryzen 9 5950X 16-Core Processor (family: 0x19, model: 0x21, stepping: 0x2)
[    0.546011] Performance Events: Fam17h+ core perfctr, AMD PMU driver.
[    0.547008] ... version:                   0
[    0.547940] ... bit width:                 48
[    0.547989] ... generic counters:          6
[    0.548909] ... generic bitmap:            000000000000003f
[    0.548988] ... fixed-purpose counters:    0
[    0.549903] ... fixed-purpose bitmap:      0000000000000000
[    0.549989] ... value mask:                0000ffffffffffff
[    0.550989] ... max period:                00007fffffffffff
[    0.551986] ... global_ctrl mask:          000000000000003f
[    0.553304] signal: max sigframe size: 1776
[    0.554193] rcu: Hierarchical SRCU implementation.
[    0.554992] rcu: 	Max phase no-delay instances is 400.
[    0.556338] Timer migration: 1 hierarchy levels; 8 children per group; 1 crossnode level
[    0.569344] smp: Bringing up secondary CPUs ...
[    0.574215] smpboot: x86: Booting SMP configuration:
[    0.574988] .... node  #0, CPUs:      #1 #2 #3 #4 #5 #6 #7
[    0.601257] smp: Brought up 1 node, 8 CPUs
[    0.602904] smpboot: Total of 8 processors activated (54400.60 BogoMIPS)
[    0.604697] Memory: 3963796K/4193784K available (25637K kernel code, 10348K rwdata, 18032K rodata, 4668K init, 13400K bss, 221932K reserved, 0K cma-reserved)
[    0.606990] devtmpfs: initialized
[    0.611058] Running RCU synchronous self tests
[    0.612015] Running RCU synchronous self tests
[    0.613132] Running RCU Tasks wait API self tests
[    0.614047] Running RCU Tasks Rude wait API self tests
[    0.614992] Running RCU Tasks Trace wait API self tests
[    0.616106] posixtimers hash table entries: 4096 (order: 7, 294912 bytes, linear)
[    0.618389] futex hash table entries: 2048 (262144 bytes on 1 NUMA nodes, total 256 KiB, linear).
[    0.619988] PM: RTC time: 16:36:40, date: 2026-08-02
[    0.621020] Callback from call_rcu_tasks_trace() invoked.
[    0.627750] NET: Registered PF_NETLINK/PF_ROUTE protocol family
[    0.628979] audit: initializing netlink subsys (disabled)
[    0.630082] audit: type=2000 audit(1785688600.361:1): state=initialized audit_enabled=0 res=1
[    0.653979] thermal_sys: Registered thermal governor 'step_wise'
[    0.654053] cpuidle: using governor ladder
[    0.655926] cpuidle: using governor menu
[    0.657222] Freeing SMP alternatives memory: 68K
[    0.658831] PCI: Using configuration type 1 for base access
[    0.658988] PCI: Using configuration type 1 for extended access
[    0.660152] kprobes: kprobe jump-optimization is enabled. All kprobes are optimized if possible.
[    0.662169] HugeTLB: registered 1.00 GiB page size, pre-allocated 0 pages
[    0.662992] HugeTLB: 16380 KiB vmemmap can be freed for a 1.00 GiB page
[    0.663989] HugeTLB: registered 2.00 MiB page size, pre-allocated 0 pages
[    0.664989] HugeTLB: 28 KiB vmemmap can be freed for a 2.00 MiB page
[    0.670802] ACPI: Added _OSI(Module Device)
[    0.670989] ACPI: Added _OSI(Processor Device)
[    0.671979] ACPI: Added _OSI(Processor Aggregator Device)
[    0.675595] ACPI: 1 ACPI AML tables successfully acquired and loaded
[    0.678440] ACPI: \_SB_: platform _OSC: OS support mask [002a7eee]
[    0.679741] ACPI: Interpreter enabled
[    0.680059] ACPI: PM: (supports S0 S3 S4 S5)
[    0.680979] ACPI: Using IOAPIC for interrupt routing
[    0.681043] PCI: Using host bridge windows from ACPI; if necessary, use "pci=nocrs" and report a bug
[    0.681990] PCI: Using E820 reservations for host bridge windows
[    0.683364] ACPI: Enabled 2 GPEs in block 00 to 0F
[    0.699144] ACPI: PCI Root Bridge [PCI0] (domain 0000 [bus 00-ff])
[    0.700024] acpi PNP0A03:00: _OSC: OS supports [ExtendedConfig ASPM ClockPM Segments MSI HPX-Type3]
[    0.701000] acpi PNP0A03:00: _OSC: OS requested [PME PCIeCapability LTR]
[    0.701989] acpi PNP0A03:00: _OSC: platform willing to grant [PME PCIeCapability LTR]
[    0.702990] acpi PNP0A03:00: _OSC: platform retains control of PCIe features (AE_ERROR)
[    0.704770] PCI host bridge to bus 0000:00
[    0.704999] pci_bus 0000:00: root bus resource [io  0x0000-0x0cf7 window]
[    0.705991] pci_bus 0000:00: root bus resource [io  0x0d00-0xffff window]
[    0.706990] pci_bus 0000:00: root bus resource [mem 0x000a0000-0x000bffff window]
[    0.707990] pci_bus 0000:00: root bus resource [mem 0xc0000000-0xfebfffff window]
[    0.708990] pci_bus 0000:00: root bus resource [mem 0x380000000000-0x38007fffffff window]
[    0.709990] pci_bus 0000:00: root bus resource [bus 00-ff]
[    0.711412] pci 0000:00:00.0: [8086:1237] type 00 class 0x060000 conventional PCI endpoint
[    0.713586] pci 0000:00:01.0: [8086:7000] type 00 class 0x060100 conventional PCI endpoint
[    0.715409] pci 0000:00:01.1: [8086:7010] type 00 class 0x010180 conventional PCI endpoint
[    0.716878] pci 0000:00:01.1: BAR 4 [io  0xc1c0-0xc1cf]
[    0.717064] pci 0000:00:01.1: BAR 0 [io  0x01f0-0x01f7]: legacy IDE quirk
[    0.717990] pci 0000:00:01.1: BAR 1 [io  0x03f6]: legacy IDE quirk
[    0.718988] pci 0000:00:01.1: BAR 2 [io  0x0170-0x0177]: legacy IDE quirk
[    0.720038] pci 0000:00:01.1: BAR 3 [io  0x0376]: legacy IDE quirk
[    0.721703] pci 0000:00:01.3: [8086:7113] type 00 class 0x068000 conventional PCI endpoint
[    0.722724] pci 0000:00:01.3: quirk: [io  0x0600-0x063f] claimed by PIIX4 ACPI
[    0.723007] pci 0000:00:01.3: quirk: [io  0x0700-0x070f] claimed by PIIX4 SMB
[    0.724979] pci 0000:00:02.0: [1af4:1009] type 00 class 0x000200 conventional PCI endpoint
[    0.727006] pci 0000:00:02.0: BAR 0 [io  0xc000-0xc03f]
[    0.728007] pci 0000:00:02.0: BAR 1 [mem 0xfebf8000-0xfebf8fff]
[    0.729050] pci 0000:00:02.0: BAR 4 [mem 0x380000000000-0x380000003fff 64bit pref]
[    0.733027] pci 0000:00:03.0: [8086:25ab] type 00 class 0x088000 conventional PCI endpoint
[    0.735007] pci 0000:00:03.0: BAR 0 [mem 0xfebf9000-0xfebf900f]
[    0.738479] pci 0000:00:04.0: [1af4:1003] type 00 class 0x078000 conventional PCI endpoint
[    0.741008] pci 0000:00:04.0: BAR 0 [io  0xc040-0xc07f]
[    0.742007] pci 0000:00:04.0: BAR 1 [mem 0xfebfa000-0xfebfafff]
[    0.743052] pci 0000:00:04.0: BAR 4 [mem 0x380000004000-0x380000007fff 64bit pref]
[    0.747092] pci 0000:00:05.0: [1af4:1003] type 00 class 0x078000 conventional PCI endpoint
[    0.749007] pci 0000:00:05.0: BAR 0 [io  0xc080-0xc0bf]
[    0.750023] pci 0000:00:05.0: BAR 1 [mem 0xfebfb000-0xfebfbfff]
[    0.751050] pci 0000:00:05.0: BAR 4 [mem 0x380000008000-0x38000000bfff 64bit pref]
[    0.755143] pci 0000:00:06.0: [1af4:1003] type 00 class 0x078000 conventional PCI endpoint
[    0.757008] pci 0000:00:06.0: BAR 0 [io  0xc0c0-0xc0ff]
[    0.758006] pci 0000:00:06.0: BAR 1 [mem 0xfebfc000-0xfebfcfff]
[    0.759050] pci 0000:00:06.0: BAR 4 [mem 0x38000000c000-0x38000000ffff 64bit pref]
[    0.763185] pci 0000:00:07.0: [1af4:1003] type 00 class 0x078000 conventional PCI endpoint
[    0.765007] pci 0000:00:07.0: BAR 0 [io  0xc100-0xc13f]
[    0.766007] pci 0000:00:07.0: BAR 1 [mem 0xfebfd000-0xfebfdfff]
[    0.767050] pci 0000:00:07.0: BAR 4 [mem 0x380000010000-0x380000013fff 64bit pref]
[    0.771105] pci 0000:00:08.0: [1af4:1003] type 00 class 0x078000 conventional PCI endpoint
[    0.773007] pci 0000:00:08.0: BAR 0 [io  0xc140-0xc17f]
[    0.774006] pci 0000:00:08.0: BAR 1 [mem 0xfebfe000-0xfebfefff]
[    0.775070] pci 0000:00:08.0: BAR 4 [mem 0x380000014000-0x380000017fff 64bit pref]
[    0.779303] pci 0000:00:09.0: [1af4:1003] type 00 class 0x078000 conventional PCI endpoint
[    0.780979] pci 0000:00:09.0: BAR 0 [io  0xc180-0xc1bf]
[    0.781007] pci 0000:00:09.0: BAR 1 [mem 0xfebff000-0xfebfffff]
[    0.782049] pci 0000:00:09.0: BAR 4 [mem 0x380000018000-0x38000001bfff 64bit pref]
[    0.791085] ACPI: PCI: Interrupt link LNKA configured for IRQ 10
[    0.792251] ACPI: PCI: Interrupt link LNKB configured for IRQ 10
[    0.793238] ACPI: PCI: Interrupt link LNKC configured for IRQ 11
[    0.794242] ACPI: PCI: Interrupt link LNKD configured for IRQ 11
[    0.795120] ACPI: PCI: Interrupt link LNKS configured for IRQ 9
[    0.798012] iommu: Default domain type: Translated
[    0.798988] iommu: DMA domain TLB invalidation policy: lazy mode
[    0.801380] SCSI subsystem initialized
[    0.802065] libata version 3.00 loaded.
[    0.803150] ACPI: bus type USB registered
[    0.804119] usbcore: registered new interface driver usbfs
[    0.805060] usbcore: registered new interface driver hub
[    0.806029] usbcore: registered new device driver usb
[    0.807227] pps_core: LinuxPPS API ver. 1 registered
[    0.807990] pps_core: Software ver. 5.3.6 - Copyright 2005-2007 Rodolfo Giometti <giometti@linux.it>
[    0.809015] PTP clock support registered
[    0.810509] Advanced Linux Sound Architecture Driver Initialized.
[    0.812224] NetLabel: Initializing
[    0.812979] NetLabel:  domain hash size = 128
[    0.812989] NetLabel:  protocols = UNLABELED CIPSOv4 CALIPSO
[    0.814040] NetLabel:  unlabeled traffic allowed by default
[    0.815275] PCI: Using ACPI for IRQ routing
[    0.815991] PCI: pci_cache_line_size set to 64 bytes
[    0.817351] e820: register RAM buffer resource [mem 0x0009fc00-0x0009ffff]
[    0.817990] e820: register RAM buffer resource [mem 0xbffe0000-0xbfffffff]
[    0.819136] vgaarb: loaded
[    0.819990] hpet0: at MMIO 0xfed00000, IRQs 2, 8, 0
[    0.820979] hpet0: 3 comparators, 64-bit 100.000000 MHz counter
[    0.822988] Callback from call_rcu_tasks() invoked.
[    0.824850] clocksource: Switched to clocksource kvm-clock
[    0.826718] VFS: Disk quotas dquot_6.6.0
[    0.827692] VFS: Dquot-cache hash table entries: 512 (4096 bytes)
[    0.830338] pnp: PnP ACPI init
[    0.831511] pnp 00:02: [dma 2]
[    0.833148] pnp: PnP ACPI: found 4 devices
[    0.851794] clocksource: acpi_pm: mask: 0xffffff max_cycles: 0xffffff, max_idle_ns: 2085701024 ns
[    0.854063] NET: Registered PF_INET protocol family
[    0.856533] IP idents hash table entries: 65536 (order: 7, 524288 bytes, linear)
[    0.860724] tcp_listen_portaddr_hash hash table entries: 2048 (order: 6, 147456 bytes, linear)
[    0.863196] Table-perturb hash table entries: 65536 (order: 6, 262144 bytes, linear)
[    0.864868] TCP established hash table entries: 32768 (order: 6, 262144 bytes, linear)
[    0.867173] TCP bind hash table entries: 32768 (order: 11, 4718592 bytes, vmalloc hugepage)
[    0.879703] TCP: Hash tables configured (established 32768 bind 32768)
[    0.882720] MPTCP token hash table entries: 4096 (order: 7, 360448 bytes, linear)
[    0.884489] UDP hash table entries: 2048 (order: 7, 524288 bytes, linear)
[    0.887332] NET: Registered PF_UNIX/PF_LOCAL protocol family
[    0.889567] RPC: Registered named UNIX socket transport module.
[    0.891070] RPC: Registered udp transport module.
[    0.892413] RPC: Registered tcp transport module.
[    0.893460] RPC: Registered tcp-with-tls transport module.
[    0.894641] RPC: Registered tcp NFSv4.1 backchannel transport module.
[    0.896941] NET: Registered PF_XDP protocol family
[    0.898086] pci_bus 0000:00: resource 4 [io  0x0000-0x0cf7 window]
[    0.899468] pci_bus 0000:00: resource 5 [io  0x0d00-0xffff window]
[    0.900839] pci_bus 0000:00: resource 6 [mem 0x000a0000-0x000bffff window]
[    0.902362] pci_bus 0000:00: resource 7 [mem 0xc0000000-0xfebfffff window]
[    0.903855] pci_bus 0000:00: resource 8 [mem 0x380000000000-0x38007fffffff window]
[    0.905643] pci 0000:00:01.0: PIIX3: Enabling Passive Release
[    0.906963] pci 0000:00:00.0: Limiting direct PCI/PCI transfers
[    0.908451] PCI: CLS 0 bytes, default 64
[    0.909487] PCI-DMA: Using software bounce buffering for IO (SWIOTLB)
[    0.910910] software IO TLB: mapped [mem 0x00000000bbfe0000-0x00000000bffe0000] (64MB)
[    0.913756] clocksource: tsc: mask: 0xffffffffffffffff max_cycles: 0x31027285e94, max_idle_ns: 440795238296 ns
[    0.924358] Initialise system trusted keyrings
[    0.925696] workingset: timestamp_bits=40 (anon: 35) max_order=20 bucket_order=0 (anon: 0)
[    0.928470] squashfs: version 4.0 (2009/01/31) Phillip Lougher
[    0.930370] NFS: Registering the id_resolver key type
[    0.931538] Key type id_resolver registered
[    0.932510] Key type id_legacy registered
[    0.933395] nfs4filelayout_init: NFSv4 File Layout Driver Registering...
[    0.934992] nfs4flexfilelayout_init: NFSv4 Flexfile Layout Driver Registering...
[    0.936799] fuse: init (API version 7.45)
[    0.937987] 9p: Installing v9fs 9p2000 file system support
[    0.940973] NET: Registered PF_ALG protocol family
[    0.942075] Key type asymmetric registered
[    0.942965] Asymmetric key parser 'x509' registered
[    0.944172] Block layer SCSI generic (bsg) driver version 0.4 loaded (major 248)
[    0.946330] io scheduler mq-deadline registered
[    0.947348] io scheduler kyber registered
[    0.949513] input: Power Button as /devices/platform/LNXPWRBN:00/input/input0
[    0.951397] ACPI: button: Power Button [PWRF]
[    1.080434] ACPI: \_SB_.LNKB: Enabled at IRQ 10
[    1.206559] ACPI: \_SB_.LNKD: Enabled at IRQ 11
[    1.336267] ACPI: \_SB_.LNKA: Enabled at IRQ 10
[    1.507695] kwatchdog (100) used greatest stack depth: 14776 bytes left
[    1.591276] ACPI: \_SB_.LNKC: Enabled at IRQ 11
[    1.844487] Serial: 8250/16550 driver, 4 ports, IRQ sharing enabled
[    1.847050] 00:03: ttyS0 at I/O 0x3f8 (irq = 4, base_baud = 115200) is a 16550A
[    2.005844] Non-volatile memory driver v1.3
[    2.007704] ACPI: bus type drm_connector registered
[    2.029889] brd: module loaded
[    2.043875] loop: module loaded
[    2.049349] scsi host0: ata_piix
[    2.051209] scsi host1: ata_piix
[    2.052277] ata1: PATA max MWDMA2 cmd 0x1f0 ctl 0x3f6 bmdma 0xc1c0 irq 14 lpm-pol 0
[    2.054017] ata2: PATA max MWDMA2 cmd 0x170 ctl 0x376 bmdma 0xc1c8 irq 15 lpm-pol 0
[    2.060158] tun: Universal TUN/TAP device driver, 1.6
[    2.061776] e100: Intel(R) PRO/100 Network Driver
[    2.062842] e100: Copyright(c) 1999-2006 Intel Corporation
[    2.064129] e1000: Intel(R) PRO/1000 Network Driver
[    2.065221] e1000: Copyright (c) 1999-2006 Intel Corporation.
[    2.066578] e1000e: Intel(R) PRO/1000 Network Driver
[    2.067692] e1000e: Copyright(c) 1999 - 2015 Intel Corporation.
[    2.069106] sky2: driver version 1.30
[    2.071215] usbcore: registered new interface driver usblp
[    2.072507] usbcore: registered new interface driver usb-storage
[    2.074022] i8042: PNP: PS/2 Controller [PNP0303:KBD,PNP0f13:MOU] at 0x60,0x64 irq 1,12
[    2.077271] serio: i8042 KBD port at 0x60,0x64 irq 1
[    2.078827] serio: i8042 AUX port at 0x60,0x64 irq 12
[    2.081444] input: AT Translated Set 2 keyboard as /devices/platform/i8042/serio0/input/input1
[    2.083709] rtc_cmos PNP0B00:00: RTC can wake from S4
[    2.086738] rtc_cmos PNP0B00:00: registered as rtc0
[    2.088150] rtc_cmos PNP0B00:00: alarms up to one day, y3k, 242 bytes nvram, hpet irqs
[    2.090849] Registered IR keymap rc-empty
[    2.092143] rc rc0: rc-core loopback device as /devices/virtual/rc/rc0
[    2.094054] rc rc0: lirc_dev: driver rc-loopback registered at minor = 0, raw IR receiver, raw IR transmitter
[    2.096793] input: rc-core loopback device as /devices/virtual/rc/rc0/input2
[    2.099832] intel_powerclamp: CPU does not support MWAIT
[    2.101061] device-mapper: core: CONFIG_IMA_DISABLE_HTABLE is disabled. Duplicate IMA measurements will not be recorded in the IMA log.
[    2.104475] device-mapper: ioctl: 4.50.0-ioctl (2025-04-28) initialised: dm-devel@lists.linux.dev
[    2.106647] amd_pstate: the _CPC object is not present in SBIOS or ACPI disabled
[    2.109624] hid: raw HID events driver (C) Jiri Kosina
[    2.113252] usbcore: registered new interface driver usbhid
[    2.114513] usbhid: USB HID core driver
[    2.116574] GACT probability NOT on
[    2.117447] Mirror/redirect action on
[    2.119549] nf_conntrack_irc: The irc conntrack helper is scheduled for removal.
[    2.119549] Please contact the netfilter-devel mailing list if you still need this.
[    2.124594] ipip: IPv4 and MPLS over IPv4 tunneling driver
[    2.126632] gre: GRE over IPv4 demultiplexer driver
[    2.127700] ip_gre: GRE over IPv4 tunneling driver
[    2.131291] Initializing XFRM netlink socket
[    2.132312] IPsec XFRM device driver
[    2.133214] NET: Registered PF_INET6 protocol family
[    2.136395] Segment Routing with IPv6
[    2.137234] In-situ OAM (IOAM) with IPv6
[    2.138156] mip6: Mobile IPv6
[    2.138828] sit: IPv6, IPv4 and MPLS over IPv4 tunneling driver
[    2.141646] ip6_gre: GRE over IPv6 tunneling driver
[    2.143571] NET: Registered PF_PACKET protocol family
[    2.144798] RPC: Registered rdma transport module.
[    2.145877] RPC: Registered rdma backchannel transport module.
[    2.147527] 8021q: 802.1Q VLAN Support v1.8
[    2.149021] smc: adding smcd device lo without pnetid
[    2.150382] NET: Registered PF_SMC protocol family
[    2.151902] 9pnet: Installing 9P2000 support
[    2.154485] Key type dns_resolver registered
[    2.155708] NET: Registered PF_VSOCK protocol family
[    2.156907] mpls_gso: MPLS GSO support
[    2.161288] IPI shorthand broadcast: enabled
[    2.207234] sched_clock: Marking stable (2182071200, 24938284)->(2324489316, -117479832)
[    2.210882] registered taskstats version 1
[    2.214373] ata2: found unknown device (class 0)
[    2.216673] ata2.00: ATAPI: QEMU DVD-ROM, 2.5+, max UDMA/100
[    2.220504] scsi 1:0:0:0: CD-ROM            QEMU     QEMU DVD-ROM     2.5+ PQ: 0 ANSI: 5
[    2.228657] Loading compiled-in X.509 certificates
[    2.230521] kworker/u32:1 (118) used greatest stack depth: 14152 bytes left
[    2.231834] Loaded X.509 cert 'Build time autogenerated kernel key: c4531344b9a9c1a4731230d977a262ba29ba5272'
[    2.232057] kworker/u32:1 (120) used greatest stack depth: 13008 bytes left
[    2.256869] sr 1:0:0:0: [sr0] scsi3-mmc drive: 4x/4x cd/rw xa/form2 tray
[    2.272289] Demotion targets for Node 0: null
[    2.273829] ima: No TPM chip found, activating TPM-bypass!
[    2.275089] ima: Allocated hash algorithm: sha1
[    2.276834] ima: No architecture policies found
[    2.279062] PM:   Magic number: 6:440:640
[    2.280117] netconsole: network logging started
[    2.281862] cfg80211: Loading compiled-in X.509 certificates for regulatory database
[    2.284719] Loaded X.509 cert 'sforshee: 00b28ddf47aef9cea7'
[    2.286084] Loaded X.509 cert 'wens: 61c038651aabdcf94bd0ac7ff06c7248db18c600'
[    2.287850] ALSA device list:
[    2.288955] faux_driver regulatory: Direct firmware load for regulatory.db failed with error -2
[    2.290931] cfg80211: failed to load regulatory.db
[    2.292045]   No soundcards found.
[    2.299608] cdrom: Uniform CD-ROM driver Revision: 3.20
[    2.314089] sr 1:0:0:0: Attached scsi CD-ROM sr0
[    2.315666] sr 1:0:0:0: Attached scsi generic sg0 type 5
[    2.530953] input: ImExPS/2 Generic Explorer Mouse as /devices/platform/i8042/serio1/input/input4
[    2.532832] md: Skipping autodetection of RAID arrays. (raid=autodetect will force)
[    2.534215] 9p: Bad value for 'source'
[    2.534840] 9pnet: Limiting 'msize' to 512000 as this is the maximum supported by transport virtio
[    2.538584] VFS: Mounted root (9p filesystem) on device 0:22.
[    2.540382] devtmpfs: mounted
[    2.541210] VFS: Pivoted into new rootfs
[    2.546299] Freeing unused kernel image (initmem) memory: 4668K
[    2.547212] Write protecting the kernel read-only data: 45056k
[    2.549195] Freeing unused kernel image (text/rodata gap) memory: 984K
[    2.550624] Freeing unused kernel image (rodata/data gap) memory: 400K
[    2.588923] x86/mm: Checked W+X mappings: passed, no W+X pages found.
[    2.589885] Run /home/prozak/.local/share/vng-venv/lib/python3.12/site-packages/virtme/guest/bin/virtme-ng-init as init process
[    2.591435]   with arguments:
[    2.591851]     /home/prozak/.local/share/vng-venv/lib/python3.12/site-packages/virtme/guest/bin/virtme-ng-init
[    2.593199]   with environment:
[    2.593635]     HOME=/
[    2.594032]     TERM=linux
[    2.594426]     virtme_hostname=virtme-ng
[    2.594984]     nr_open=1048576
[    2.595475]     virtme_link_mods=/home/prozak/sources/heimdall_experiment/uml-harness/.build/bpf-next-x86/.virtme_mods/lib/modules/0.0.0
[    2.597133]     virtme_rw_overlay0=/tmp
[    2.597653]     virtme_console=ttyS0
[    2.598176]     virtme_chdir=home/prozak/sources/heimdall_experiment/uml-harness/.build/selftests-output-qemu
[    2.683215] virtme-ng-init: mount devtmpfs -> /dev: EBUSY: Device or resource busy
[    2.685059] virtme-ng-init: Setting hostname to virtme-ng...
[    2.725632] virtme-ng-init: running systemd-tmpfiles
[    4.035102] systemd-tmpfile (126) used greatest stack depth: 12504 bytes left
[    4.035220] virtme-ng-init: basic initialization done
[    4.052787] virtme-ng-init: error creating file: Permission denied (os error 13)
[    4.152144] ip (132) used greatest stack depth: 11848 bytes left
[    4.268082] virtme-ng-init: Starting systemd-udevd version 255.4-1ubuntu8.16
[    4.269331] virtme-ng-init: triggering udev coldplug
[    7.338967] virtme-ng-init: waiting for udev to settle
[    8.172809] virtme-ng-init: udev is done
[    8.177402] virtme-ng-init: starting script
[    8.367680] bpf_testmod: loading out-of-tree module taints kernel.
[    8.368524] bpf_testmod: module verification failed: signature and/or required key missing - tainting kernel
[    8.511464] smc: removing smcd device lo
[    8.578893] ACPI: PM: Preparing to enter system sleep state S5
[    8.580165] reboot: Power down
