#79      cgroup_v1v2:OK
Summary: 1/0 PASSED, 0 SKIPPED, 0 FAILED
console in extract_kernel
input_data: 0x00000000049762c4
input_len: 0x00000000015c3b21
output: 0x0000000001000000
output_len: 0x00000000045c1650
kernel_total_size: 0x0000000004f8d000
needed_size: 0x0000000005000000
trampoline_32bit: 0x0000000000000000
Physical KASLR using RDRAND RDTSC...
Virtual KASLR using RDRAND RDTSC...

Decompressing Linux... Parsing ELF... Performing relocations... done.
Booting the kernel (entry_offset: 0x0000000003db5740).
[    0.000000] Linux version 7.2.0-rc1-g5e2f4aad04e2 (prozak@powertower) (gcc (Ubuntu 13.3.0-6ubuntu2~24.04.1) 13.3.0, GNU ld (GNU Binutils for Ubuntu) 2.42) #3 SMP PREEMPT_DYNAMIC Sun Aug  2 09:03:43 PDT 2026
[    0.000000] Command line: virtme_hostname=virtme-ng nr_open=1048576 virtme_link_mods=/home/prozak/sources/heimdall_experiment/uml-harness/.build/bpf-next-x86/.virtme_mods/lib/modules/0.0.0 virtme_rw_overlay0=/tmp virtme_console=ttyS0 console=ttyS0 earlyprintk=serial,ttyS0,115200 panic=-1 virtme.exec=`bW91bnQgLXQgYnBmIGJwZmZzIC9zeXMvZnMvYnBmIDI+L2Rldi9udWxsOyAuL3Rlc3RfcHJvZ3MgLXQgJ2Nncm91cF92MXYyJw==` virtme_chdir=home/prozak/sources/heimdall_experiment/uml-harness/.build/selftests-output-qemu rootfstype=9p rootflags=version=9p2000.L,trans=virtio,access=any,msize=524288 raid=noautodetect rw debug init=/home/prozak/.local/share/vng-venv/lib/python3.12/site-packages/virtme/guest/bin/virtme-ng-init
[    0.000000] x86 CPU feature dependency check failure: CPU0 has '18*32+31' enabled but '18*32+26' disabled. Kernel might be fine, but no guarantees.
[    0.000000] BIOS-provided physical RAM map:
[    0.000000] BIOS-e820: [mem 0x0000000000000000-0x000000000009fbff]  System RAM
[    0.000000] BIOS-e820: [mem 0x000000000009fc00-0x000000000009ffff]  device reserved
[    0.000000] BIOS-e820: [gap 0x00000000000a0000-0x00000000000effff]
[    0.000000] BIOS-e820: [mem 0x00000000000f0000-0x00000000000fffff]  device reserved
[    0.000000] BIOS-e820: [mem 0x0000000000100000-0x00000000bffdffff]  System RAM
[    0.000000] BIOS-e820: [mem 0x00000000bffe0000-0x00000000bfffffff]  device reserved
[    0.000000] BIOS-e820: [gap 0x00000000c0000000-0x00000000feffbfff]
[    0.000000] BIOS-e820: [mem 0x00000000feffc000-0x00000000feffffff]  device reserved
[    0.000000] BIOS-e820: [gap 0x00000000ff000000-0x00000000fffbffff]
[    0.000000] BIOS-e820: [mem 0x00000000fffc0000-0x00000000ffffffff]  device reserved
[    0.000000] BIOS-e820: [mem 0x0000000100000000-0x000000013fffffff]  System RAM
[    0.000000] BIOS-e820: [gap 0x0000000140000000-0x000000fcffffffff]
[    0.000000] BIOS-e820: [mem 0x000000fd00000000-0x000000ffffffffff]  device reserved
[    0.000000] printk: legacy bootconsole [earlyser0] enabled
[    0.000000] NX (Execute Disable) protection: active
[    0.000000] APIC: Static calls initialized
[    0.000000] DMI: SMBIOS 3.0.0 present.
[    0.000000] DMI: QEMU Ubuntu 24.04 PC v2 (i440FX + PIIX, arch_caps fix, 1996), BIOS 1.16.3-debian-1.16.3-2 04/01/2014
[    0.000000] DMI: Memory slots populated: 1/1
[    0.000000] Hypervisor detected: KVM
[    0.000000] last_pfn = 0xbffe0 max_arch_pfn = 0x400000000
[    0.000000] kvm-clock: Using msrs 4b564d01 and 4b564d00
[    0.000001] kvm-clock: using sched offset of 479725297 cycles
[    0.000898] clocksource: kvm-clock: mask: 0xffffffffffffffff max_cycles: 0x1cd42e4dffb, max_idle_ns: 881590591483 ns
[    0.003728] tsc: Detected 3400.038 MHz processor
[    0.004855] e820: update [mem 0x00000000-0x00000fff] System RAM ==> device reserved
[    0.006181] e820: remove [mem 0x000a0000-0x000fffff] System RAM
[    0.007241] last_pfn = 0x140000 max_arch_pfn = 0x400000000
[    0.008309] MTRR map: 4 entries (3 fixed + 1 variable; max 19), built from 8 variable MTRRs
[    0.009757] x86/PAT: Configuration [0-7]: WB  WC  UC- UC  WB  WP  UC- WT  
Memory KASLR using RDRAND RDTSC...
[    0.011658] last_pfn = 0xbffe0 max_arch_pfn = 0x400000000
[    0.013795] found SMP MP-table at [mem 0x000f5450-0x000f545f]
[    0.014827] Using GB pages for direct mapping
[    0.015743] ACPI: Early table checksum verification disabled
[    0.016740] ACPI: RSDP 0x00000000000F5240 000014 (v00 BOCHS )
[    0.017751] ACPI: RSDT 0x00000000BFFE1F16 000034 (v01 BOCHS  BXPC     00000001 BXPC 00000001)
[    0.019234] ACPI: FACP 0x00000000BFFE1D92 000074 (v01 BOCHS  BXPC     00000001 BXPC 00000001)
[    0.020736] ACPI: DSDT 0x00000000BFFE0040 001D52 (v01 BOCHS  BXPC     00000001 BXPC 00000001)
[    0.022222] ACPI: FACS 0x00000000BFFE0000 000040
[    0.023021] ACPI: APIC 0x00000000BFFE1E06 0000B0 (v03 BOCHS  BXPC     00000001 BXPC 00000001)
[    0.024492] ACPI: HPET 0x00000000BFFE1EB6 000038 (v01 BOCHS  BXPC     00000001 BXPC 00000001)
[    0.025981] ACPI: WAET 0x00000000BFFE1EEE 000028 (v01 BOCHS  BXPC     00000001 BXPC 00000001)
[    0.027482] ACPI: Reserving FACP table memory at [mem 0xbffe1d92-0xbffe1e05]
[    0.028680] ACPI: Reserving DSDT table memory at [mem 0xbffe0040-0xbffe1d91]
[    0.029899] ACPI: Reserving FACS table memory at [mem 0xbffe0000-0xbffe003f]
[    0.031126] ACPI: Reserving APIC table memory at [mem 0xbffe1e06-0xbffe1eb5]
[    0.032325] ACPI: Reserving HPET table memory at [mem 0xbffe1eb6-0xbffe1eed]
[    0.033541] ACPI: Reserving WAET table memory at [mem 0xbffe1eee-0xbffe1f15]
[    0.035190] No NUMA configuration found
[    0.035869] Faking a node at [mem 0x0000000000000000-0x000000013fffffff]
[    0.037009] NODE_DATA(0) allocated [mem 0x13fff9c80-0x13fffdfff]
[    0.038881] ACPI: PM-Timer IO Port: 0x608
[    0.039604] ACPI: LAPIC_NMI (acpi_id[0xff] dfl dfl lint[0x1])
[    0.040674] IOAPIC[0]: apic_id 0, version 17, address 0xfec00000, GSI 0-23
[    0.041886] ACPI: INT_SRC_OVR (bus 0 bus_irq 0 global_irq 2 dfl dfl)
[    0.042992] ACPI: INT_SRC_OVR (bus 0 bus_irq 5 global_irq 5 high level)
[    0.044183] ACPI: INT_SRC_OVR (bus 0 bus_irq 9 global_irq 9 high level)
[    0.045350] ACPI: INT_SRC_OVR (bus 0 bus_irq 10 global_irq 10 high level)
[    0.046515] ACPI: INT_SRC_OVR (bus 0 bus_irq 11 global_irq 11 high level)
[    0.047692] ACPI: Using ACPI (MADT) for SMP configuration information
[    0.048822] ACPI: HPET id: 0x8086a201 base: 0xfed00000
[    0.049698] TSC deadline timer available
[    0.050380] CPU topo: Max. logical packages:   1
[    0.051183] CPU topo: Max. logical nodes:      1
[    0.051967] CPU topo: Num. nodes per package:  1
[    0.052774] CPU topo: Max. logical dies:       1
[    0.053558] CPU topo: Max. dies per package:   1
[    0.054354] CPU topo: Max. threads per core:   1
[    0.055157] CPU topo: Num. cores per package:     8
[    0.055986] CPU topo: Num. threads per package:   8
[    0.056862] CPU topo: Allowing 8 present CPUs plus 0 hotplug CPUs
[    0.057917] kvm-guest: APIC: eoi() replaced with kvm_guest_apic_eoi_write()
[    0.059179] kvm-guest: KVM setup pv remote TLB flush
[    0.060049] kvm-guest: setup PV sched yield
[    0.060787] PM: hibernation: Registered nosave memory: [mem 0x00000000-0x00000fff]
[    0.062118] PM: hibernation: Registered nosave memory: [mem 0x0009f000-0x000fffff]
[    0.063512] PM: hibernation: Registered nosave memory: [mem 0xbffe0000-0xffffffff]
[    0.064904] [gap 0xc0000000-0xfeffbfff] available for PCI devices
[    0.065983] Booting paravirtualized kernel on KVM
[    0.066857] clocksource: refined-jiffies: mask: 0xffffffff max_cycles: 0xffffffff, max_idle_ns: 1910969940391419 ns
[    0.073372] Zone ranges:
[    0.073848]   DMA      [mem 0x0000000000001000-0x0000000000ffffff]
[    0.074935]   DMA32    [mem 0x0000000001000000-0x00000000ffffffff]
[    0.075987]   Normal   [mem 0x0000000100000000-0x000000013fffffff]
[    0.077056] Movable zone start for each node
[    0.077782] Early memory node ranges
[    0.078415]   node   0: [mem 0x0000000000001000-0x000000000009efff]
[    0.079538]   node   0: [mem 0x0000000000100000-0x00000000bffdffff]
[    0.080641]   node   0: [mem 0x0000000100000000-0x000000013fffffff]
[    0.081728] Initmem setup node 0 [mem 0x0000000000001000-0x000000013fffffff]
[    0.083002] On node 0, zone DMA: 1 pages in unavailable ranges
[    0.084527] On node 0, zone DMA: 97 pages in unavailable ranges
[    0.208409] On node 0, zone Normal: 32 pages in unavailable ranges
[    0.209535] setup_percpu: NR_CPUS:128 nr_cpumask_bits:8 nr_cpu_ids:8 nr_node_ids:1
[    0.214882] percpu: Embedded 58 pages/cpu s199696 r8192 d29680 u262144
[    0.216025] pcpu-alloc: s199696 r8192 d29680 u262144 alloc=1*2097152
[    0.217143] pcpu-alloc: [0] 0 1 2 3 4 5 6 7 
[    0.217938] Kernel command line: virtme_hostname=virtme-ng nr_open=1048576 virtme_link_mods=/home/prozak/sources/heimdall_experiment/uml-harness/.build/bpf-next-x86/.virtme_mods/lib/modules/0.0.0 virtme_rw_overlay0=/tmp virtme_console=ttyS0 console=ttyS0 earlyprintk=serial,ttyS0,115200 panic=-1 virtme.exec=`bW91bnQgLXQgYnBmIGJwZmZzIC9zeXMvZnMvYnBmIDI+L2Rldi9udWxsOyAuL3Rlc3RfcHJvZ3MgLXQgJ2Nncm91cF92MXYyJw==` virtme_chdir=home/prozak/sources/heimdall_experiment/uml-harness/.build/selftests-output-qemu rootfstype=9p rootflags=version=9p2000.L,trans=virtio,access=any,msize=524288 raid=noautodetect rw debug init=/home/prozak/.local/share/vng-venv/lib/python3.12/site-packages/virtme/guest/bin/virtme-ng-init
[    0.228843] Unknown kernel command line parameters "virtme_hostname=virtme-ng nr_open=1048576 virtme_link_mods=/home/prozak/sources/heimdall_experiment/uml-harness/.build/bpf-next-x86/.virtme_mods/lib/modules/0.0.0 virtme_rw_overlay0=/tmp virtme_console=ttyS0 virtme_chdir=home/prozak/sources/heimdall_experiment/uml-harness/.build/selftests-output-qemu", will be passed to user space.
[    0.234819] random: crng init done
[    0.235424] printk: log buffer data + meta data: 2097152 + 7340032 = 9437184 bytes
[    0.244671] Dentry cache hash table entries: 524288 (order: 10, 4194304 bytes, linear)
[    0.250114] Inode-cache hash table entries: 262144 (order: 9, 2097152 bytes, linear)
[    0.251703] software IO TLB: area num 8.
[    0.384355] Fallback order for Node 0: 0 
[    0.384362] Built 1 zonelists, mobility grouping on.  Total pages: 1048446
[    0.386336] Policy zone: Normal
[    0.386877] mem auto-init: stack:all(zero), heap alloc:off, heap free:off
[    0.393287] SLUB: HWalign=64, Order=0-3, MinObjects=0, CPUs=8, Nodes=1
Poking KASLR using RDRAND RDTSC...
[    0.408817] ftrace: allocating 69757 entries in 274 pages
[    0.409799] ftrace: allocated 274 pages with 3 groups
[    0.411182] Dynamic Preempt: full
[    0.412040] Running RCU self tests
[    0.412648] Running RCU synchronous self tests
[    0.413444] rcu: Preemptible hierarchical RCU implementation.
[    0.414430] rcu: 	RCU event tracing is enabled.
[    0.415247] rcu: 	RCU lockdep checking is enabled.
[    0.416069] rcu: 	RCU restricting CPUs from NR_CPUS=128 to nr_cpu_ids=8.
[    0.417254] 	Trampoline variant of Tasks RCU enabled.
[    0.418120] 	Rude variant of Tasks RCU enabled.
[    0.418895] 	Tracing variant of Tasks RCU enabled.
[    0.419735] rcu: RCU calculated value of scheduler-enlistment delay is 100 jiffies.
[    0.421058] rcu: Adjusting geometry for rcu_fanout_leaf=16, nr_cpu_ids=8
[    0.422349] Running RCU synchronous self tests
[    0.423150] RCU Tasks: Setting shift to 3 and lim to 1 rcu_task_cb_adjust=1 rcu_task_cpu_ids=8.
[    0.424663] RCU Tasks Rude: Setting shift to 3 and lim to 1 rcu_task_cb_adjust=1 rcu_task_cpu_ids=8.
[    0.431973] NR_IRQS: 8448, nr_irqs: 488, preallocated irqs: 16
[    0.433345] rcu: srcu_init: Setting srcu_struct sizes based on contention.
[    0.434592] clocksource: jiffies: mask: 0xffffffff max_cycles: 0xffffffff, max_idle_ns: 1911260446275000 ns
[    0.436695] Console: colour *CGA 80x25
[    0.437445] printk: legacy console [ttyS0] enabled
[    0.437445] printk: legacy console [ttyS0] enabled
[    0.439217] printk: legacy bootconsole [earlyser0] disabled
[    0.439217] printk: legacy bootconsole [earlyser0] disabled
[    0.441231] Lock dependency validator: Copyright (c) 2006 Red Hat, Inc., Ingo Molnar
[    0.442608] ... MAX_LOCKDEP_SUBCLASSES:  8
[    0.443336] ... MAX_LOCK_DEPTH:          48
[    0.444094] ... MAX_LOCKDEP_KEYS:        8192
[    0.444886] ... CLASSHASH_SIZE:          4096
[    0.445675] ... MAX_LOCKDEP_ENTRIES:     32768
[    0.446462] ... MAX_LOCKDEP_CHAINS:      65536
[    0.447290] ... CHAINHASH_SIZE:          32768
[    0.448077]  memory used by lock dependency info: 6429 kB
[    0.449075]  memory used for stack traces: 4224 kB
[    0.449924]  per task-struct memory footprint: 1920 bytes
[    0.450976] ACPI: Core revision 20260408
[    0.451885] clocksource: hpet: mask: 0xffffffff max_cycles: 0xffffffff, max_idle_ns: 19112604467 ns
[    0.453712] APIC: Switch to symmetric I/O mode setup
[    0.455065] x2apic enabled
[    0.456073] APIC: Switched APIC routing to: physical x2apic
[    0.457218] kvm-guest: APIC: send_IPI_mask() replaced with kvm_send_ipi_mask()
[    0.458590] kvm-guest: APIC: send_IPI_mask_allbutself() replaced with kvm_send_ipi_mask_allbutself()
[    0.460303] kvm-guest: setup PV IPIs
[    0.463107] ..TIMER: vector=0x30 apic1=0 pin1=2 apic2=-1 pin2=-1
[    0.464297] clocksource: tsc-early: mask: 0xffffffffffffffff max_cycles: 0x31027285e94, max_idle_ns: 440795238296 ns
[    0.466289] Calibrating delay loop (skipped) preset value.. 6800.07 BogoMIPS (lpj=3400038)
[    0.467879] x86/cpu: User Mode Instruction Prevention (UMIP) activated
[    0.468586] Last level iTLB entries: 4KB 512, 2MB 255, 4MB 127
[    0.469284] Last level dTLB entries: 4KB 512, 2MB 255, 4MB 127, 1GB 0
[    0.470294] mitigations: Enabled attack vectors: user_kernel, user_user, SMT mitigations: auto
[    0.471285] Speculative Store Bypass: Mitigation: Speculative Store Bypass disabled via prctl
[    0.472285] Speculative Return Stack Overflow: IBPB-extending microcode not applied!
[    0.473284] Speculative Return Stack Overflow: WARNING: See https://kernel.org/doc/html/latest/admin-guide/hw-vuln/srso.html for mitigation options.
[    0.473286] Transient Scheduler Attacks: Vulnerable: No microcode
[    0.475284] Spectre V2 : Mitigation: Retpolines
[    0.476284] Speculative Return Stack Overflow: Vulnerable: Safe RET, no microcode
[    0.477284] Spectre V1 : Mitigation: usercopy/swapgs barriers and __user pointer sanitization
[    0.478284] Spectre V2 : Spectre v2 / SpectreRSB: Filling RSB on context switch and VMEXIT
[    0.479284] Spectre V2 : Enabling Restricted Speculation for firmware calls
[    0.480287] Spectre V2 : mitigation: Enabling conditional Indirect Branch Prediction Barrier
[    0.481285] active return thunk: srso_alias_return_thunk
[    0.482337] x86/fpu: Supporting XSAVE feature 0x001: 'x87 floating point registers'
[    0.483284] x86/fpu: Supporting XSAVE feature 0x002: 'SSE registers'
[    0.484284] x86/fpu: Supporting XSAVE feature 0x004: 'AVX registers'
[    0.485284] x86/fpu: xstate_offset[2]:  576, xstate_sizes[2]:  256
[    0.487283] x86/fpu: Enabled xstate features 0x7, context size is 832 bytes, using 'compacted' format.
[    0.523138] pid_max: default: 32768 minimum: 301
[    0.524441] SELinux:  Initializing.
[    0.526413] LSM support for eBPF active
[    0.527569] Mount-cache hash table entries: 8192 (order: 4, 65536 bytes, linear)
[    0.529367] Mountpoint-cache hash table entries: 8192 (order: 4, 65536 bytes, linear)
[    0.532292] VFS: Finished mounting rootfs on nullfs
[    0.534760] Running RCU synchronous self tests
[    0.535286] Running RCU synchronous self tests
[    0.537389] smpboot: CPU0: AMD Ryzen 9 5950X 16-Core Processor (family: 0x19, model: 0x21, stepping: 0x2)
[    0.540584] Performance Events: Fam17h+ core perfctr, AMD PMU driver.
[    0.541319] ... version:                   0
[    0.542212] ... bit width:                 48
[    0.542290] ... generic counters:          6
[    0.543197] ... generic bitmap:            000000000000003f
[    0.543291] ... fixed-purpose counters:    0
[    0.544196] ... fixed-purpose bitmap:      0000000000000000
[    0.544291] ... value mask:                0000ffffffffffff
[    0.545291] ... max period:                00007fffffffffff
[    0.546291] ... global_ctrl mask:          000000000000003f
[    0.547588] signal: max sigframe size: 1776
[    0.548486] rcu: Hierarchical SRCU implementation.
[    0.549292] rcu: 	Max phase no-delay instances is 400.
[    0.550625] Timer migration: 1 hierarchy levels; 8 children per group; 1 crossnode level
[    0.563454] smp: Bringing up secondary CPUs ...
[    0.568550] smpboot: x86: Booting SMP configuration:
[    0.569292] .... node  #0, CPUs:      #1 #2 #3 #4 #5 #6 #7
[    0.598653] smp: Brought up 1 node, 8 CPUs
[    0.600188] smpboot: Total of 8 processors activated (54400.60 BogoMIPS)
[    0.602009] Memory: 3963784K/4193784K available (25637K kernel code, 10348K rwdata, 18032K rodata, 4668K init, 13400K bss, 221944K reserved, 0K cma-reserved)
[    0.604294] devtmpfs: initialized
[    0.608935] Running RCU synchronous self tests
[    0.609323] Running RCU synchronous self tests
[    0.610422] Running RCU Tasks wait API self tests
[    0.611354] Running RCU Tasks Rude wait API self tests
[    0.612294] Running RCU Tasks Trace wait API self tests
[    0.613406] posixtimers hash table entries: 4096 (order: 7, 294912 bytes, linear)
[    0.615480] futex hash table entries: 2048 (262144 bytes on 1 NUMA nodes, total 256 KiB, linear).
[    0.617307] PM: RTC time: 22:55:24, date: 2026-08-02
[    0.618459] Callback from call_rcu_tasks_trace() invoked.
[    0.624764] NET: Registered PF_NETLINK/PF_ROUTE protocol family
[    0.626373] audit: initializing netlink subsys (disabled)
[    0.627411] audit: type=2000 audit(1785711324.915:1): state=initialized audit_enabled=0 res=1
[    0.651860] thermal_sys: Registered thermal governor 'step_wise'
[    0.651912] cpuidle: using governor ladder
[    0.653213] cpuidle: using governor menu
[    0.654514] Freeing SMP alternatives memory: 68K
[    0.656181] PCI: Using configuration type 1 for base access
[    0.656292] PCI: Using configuration type 1 for extended access
[    0.657454] kprobes: kprobe jump-optimization is enabled. All kprobes are optimized if possible.
[    0.659488] HugeTLB: registered 1.00 GiB page size, pre-allocated 0 pages
[    0.660294] HugeTLB: 16380 KiB vmemmap can be freed for a 1.00 GiB page
[    0.661292] HugeTLB: registered 2.00 MiB page size, pre-allocated 0 pages
[    0.662292] HugeTLB: 28 KiB vmemmap can be freed for a 2.00 MiB page
[    0.668591] ACPI: Added _OSI(Module Device)
[    0.669293] ACPI: Added _OSI(Processor Device)
[    0.670270] ACPI: Added _OSI(Processor Aggregator Device)
[    0.673918] ACPI: 1 ACPI AML tables successfully acquired and loaded
[    0.677334] ACPI: \_SB_: platform _OSC: OS support mask [002a7eee]
[    0.679031] ACPI: Interpreter enabled
[    0.679358] ACPI: PM: (supports S0 S3 S4 S5)
[    0.680310] ACPI: Using IOAPIC for interrupt routing
[    0.681344] PCI: Using host bridge windows from ACPI; if necessary, use "pci=nocrs" and report a bug
[    0.682292] PCI: Using E820 reservations for host bridge windows
[    0.683683] ACPI: Enabled 2 GPEs in block 00 to 0F
[    0.700121] ACPI: PCI Root Bridge [PCI0] (domain 0000 [bus 00-ff])
[    0.700298] acpi PNP0A03:00: _OSC: OS supports [ExtendedConfig ASPM ClockPM Segments MSI HPX-Type3]
[    0.701303] acpi PNP0A03:00: _OSC: OS requested [PME PCIeCapability LTR]
[    0.702291] acpi PNP0A03:00: _OSC: platform willing to grant [PME PCIeCapability LTR]
[    0.703292] acpi PNP0A03:00: _OSC: platform retains control of PCIe features (AE_ERROR)
[    0.705054] PCI host bridge to bus 0000:00
[    0.705301] pci_bus 0000:00: root bus resource [io  0x0000-0x0cf7 window]
[    0.706293] pci_bus 0000:00: root bus resource [io  0x0d00-0xffff window]
[    0.707291] pci_bus 0000:00: root bus resource [mem 0x000a0000-0x000bffff window]
[    0.708292] pci_bus 0000:00: root bus resource [mem 0xc0000000-0xfebfffff window]
[    0.709293] pci_bus 0000:00: root bus resource [mem 0x380000000000-0x38007fffffff window]
[    0.710292] pci_bus 0000:00: root bus resource [bus 00-ff]
[    0.711694] pci 0000:00:00.0: [8086:1237] type 00 class 0x060000 conventional PCI endpoint
[    0.713909] pci 0000:00:01.0: [8086:7000] type 00 class 0x060100 conventional PCI endpoint
[    0.715709] pci 0000:00:01.1: [8086:7010] type 00 class 0x010180 conventional PCI endpoint
[    0.717126] pci 0000:00:01.1: BAR 4 [io  0xc1c0-0xc1cf]
[    0.717367] pci 0000:00:01.1: BAR 0 [io  0x01f0-0x01f7]: legacy IDE quirk
[    0.718293] pci 0000:00:01.1: BAR 1 [io  0x03f6]: legacy IDE quirk
[    0.719291] pci 0000:00:01.1: BAR 2 [io  0x0170-0x0177]: legacy IDE quirk
[    0.720292] pci 0000:00:01.1: BAR 3 [io  0x0376]: legacy IDE quirk
[    0.722045] pci 0000:00:01.3: [8086:7113] type 00 class 0x068000 conventional PCI endpoint
[    0.723008] pci 0000:00:01.3: quirk: [io  0x0600-0x063f] claimed by PIIX4 ACPI
[    0.723310] pci 0000:00:01.3: quirk: [io  0x0700-0x070f] claimed by PIIX4 SMB
[    0.725337] pci 0000:00:02.0: [1af4:1009] type 00 class 0x000200 conventional PCI endpoint
[    0.728310] pci 0000:00:02.0: BAR 0 [io  0xc000-0xc03f]
[    0.729324] pci 0000:00:02.0: BAR 1 [mem 0xfebf8000-0xfebf8fff]
[    0.730352] pci 0000:00:02.0: BAR 4 [mem 0x380000000000-0x380000003fff 64bit pref]
[    0.734416] pci 0000:00:03.0: [8086:25ab] type 00 class 0x088000 conventional PCI endpoint
[    0.736309] pci 0000:00:03.0: BAR 0 [mem 0xfebf9000-0xfebf900f]
[    0.739914] pci 0000:00:04.0: [1af4:1003] type 00 class 0x078000 conventional PCI endpoint
[    0.741310] pci 0000:00:04.0: BAR 0 [io  0xc040-0xc07f]
[    0.742310] pci 0000:00:04.0: BAR 1 [mem 0xfebfa000-0xfebfafff]
[    0.743354] pci 0000:00:04.0: BAR 4 [mem 0x380000004000-0x380000007fff 64bit pref]
[    0.747628] pci 0000:00:05.0: [1af4:1003] type 00 class 0x078000 conventional PCI endpoint
[    0.749310] pci 0000:00:05.0: BAR 0 [io  0xc080-0xc0bf]
[    0.750306] pci 0000:00:05.0: BAR 1 [mem 0xfebfb000-0xfebfbfff]
[    0.751353] pci 0000:00:05.0: BAR 4 [mem 0x380000008000-0x38000000bfff 64bit pref]
[    0.755740] pci 0000:00:06.0: [1af4:1003] type 00 class 0x078000 conventional PCI endpoint
[    0.757308] pci 0000:00:06.0: BAR 0 [io  0xc0c0-0xc0ff]
[    0.758310] pci 0000:00:06.0: BAR 1 [mem 0xfebfc000-0xfebfcfff]
[    0.759366] pci 0000:00:06.0: BAR 4 [mem 0x38000000c000-0x38000000ffff 64bit pref]
[    0.763670] pci 0000:00:07.0: [1af4:1003] type 00 class 0x078000 conventional PCI endpoint
[    0.765309] pci 0000:00:07.0: BAR 0 [io  0xc100-0xc13f]
[    0.766309] pci 0000:00:07.0: BAR 1 [mem 0xfebfd000-0xfebfdfff]
[    0.767353] pci 0000:00:07.0: BAR 4 [mem 0x380000010000-0x380000013fff 64bit pref]
[    0.771977] pci 0000:00:08.0: [1af4:1003] type 00 class 0x078000 conventional PCI endpoint
[    0.773291] pci 0000:00:08.0: BAR 0 [io  0xc140-0xc17f]
[    0.774307] pci 0000:00:08.0: BAR 1 [mem 0xfebfe000-0xfebfefff]
[    0.775353] pci 0000:00:08.0: BAR 4 [mem 0x380000014000-0x380000017fff 64bit pref]
[    0.779574] pci 0000:00:09.0: [1af4:1003] type 00 class 0x078000 conventional PCI endpoint
[    0.781317] pci 0000:00:09.0: BAR 0 [io  0xc180-0xc1bf]
[    0.782308] pci 0000:00:09.0: BAR 1 [mem 0xfebff000-0xfebfffff]
[    0.783352] pci 0000:00:09.0: BAR 4 [mem 0x380000018000-0x38000001bfff 64bit pref]
[    0.792991] ACPI: PCI: Interrupt link LNKA configured for IRQ 10
[    0.793570] ACPI: PCI: Interrupt link LNKB configured for IRQ 10
[    0.794550] ACPI: PCI: Interrupt link LNKC configured for IRQ 11
[    0.795581] ACPI: PCI: Interrupt link LNKD configured for IRQ 11
[    0.796422] ACPI: PCI: Interrupt link LNKS configured for IRQ 9
[    0.799303] iommu: Default domain type: Translated
[    0.800292] iommu: DMA domain TLB invalidation policy: lazy mode
[    0.802727] SCSI subsystem initialized
[    0.803370] libata version 3.00 loaded.
[    0.804529] ACPI: bus type USB registered
[    0.805423] usbcore: registered new interface driver usbfs
[    0.806368] usbcore: registered new interface driver hub
[    0.807332] usbcore: registered new device driver usb
[    0.808506] pps_core: LinuxPPS API ver. 1 registered
[    0.809291] pps_core: Software ver. 5.3.6 - Copyright 2005-2007 Rodolfo Giometti <giometti@linux.it>
[    0.810319] PTP clock support registered
[    0.811853] Advanced Linux Sound Architecture Driver Initialized.
[    0.813586] NetLabel: Initializing
[    0.814291] NetLabel:  domain hash size = 128
[    0.815256] NetLabel:  protocols = UNLABELED CIPSOv4 CALIPSO
[    0.815342] NetLabel:  unlabeled traffic allowed by default
[    0.816490] PCI: Using ACPI for IRQ routing
[    0.817294] PCI: pci_cache_line_size set to 64 bytes
[    0.818654] e820: register RAM buffer resource [mem 0x0009fc00-0x0009ffff]
[    0.819317] e820: register RAM buffer resource [mem 0xbffe0000-0xbfffffff]
[    0.819293] Callback from call_rcu_tasks() invoked.
[    0.820407] vgaarb: loaded
[    0.822051] hpet0: at MMIO 0xfed00000, IRQs 2, 8, 0
[    0.822291] hpet0: 3 comparators, 64-bit 100.000000 MHz counter
[    0.826623] clocksource: Switched to clocksource kvm-clock
[    0.828927] VFS: Disk quotas dquot_6.6.0
[    0.829892] VFS: Dquot-cache hash table entries: 512 (4096 bytes)
[    0.832415] pnp: PnP ACPI init
[    0.833673] pnp 00:02: [dma 2]
[    0.835257] pnp: PnP ACPI: found 4 devices
[    0.853538] clocksource: acpi_pm: mask: 0xffffff max_cycles: 0xffffff, max_idle_ns: 2085701024 ns
[    0.855783] NET: Registered PF_INET protocol family
[    0.858210] IP idents hash table entries: 65536 (order: 7, 524288 bytes, linear)
[    0.862387] tcp_listen_portaddr_hash hash table entries: 2048 (order: 6, 147456 bytes, linear)
[    0.864804] Table-perturb hash table entries: 65536 (order: 6, 262144 bytes, linear)
[    0.866529] TCP established hash table entries: 32768 (order: 6, 262144 bytes, linear)
[    0.868793] TCP bind hash table entries: 32768 (order: 11, 4718592 bytes, vmalloc hugepage)
[    0.881216] TCP: Hash tables configured (established 32768 bind 32768)
[    0.884157] MPTCP token hash table entries: 4096 (order: 7, 360448 bytes, linear)
[    0.885948] UDP hash table entries: 2048 (order: 7, 524288 bytes, linear)
[    0.888774] NET: Registered PF_UNIX/PF_LOCAL protocol family
[    0.891056] RPC: Registered named UNIX socket transport module.
[    0.892390] RPC: Registered udp transport module.
[    0.893533] RPC: Registered tcp transport module.
[    0.894613] RPC: Registered tcp-with-tls transport module.
[    0.895814] RPC: Registered tcp NFSv4.1 backchannel transport module.
[    0.898102] NET: Registered PF_XDP protocol family
[    0.899435] pci_bus 0000:00: resource 4 [io  0x0000-0x0cf7 window]
[    0.900952] pci_bus 0000:00: resource 5 [io  0x0d00-0xffff window]
[    0.902300] pci_bus 0000:00: resource 6 [mem 0x000a0000-0x000bffff window]
[    0.903808] pci_bus 0000:00: resource 7 [mem 0xc0000000-0xfebfffff window]
[    0.905246] pci_bus 0000:00: resource 8 [mem 0x380000000000-0x38007fffffff window]
[    0.906973] pci 0000:00:01.0: PIIX3: Enabling Passive Release
[    0.908206] pci 0000:00:00.0: Limiting direct PCI/PCI transfers
[    0.909625] PCI: CLS 0 bytes, default 64
[    0.910639] PCI-DMA: Using software bounce buffering for IO (SWIOTLB)
[    0.912029] software IO TLB: mapped [mem 0x00000000bbfe0000-0x00000000bffe0000] (64MB)
[    0.914839] clocksource: tsc: mask: 0xffffffffffffffff max_cycles: 0x31027285e94, max_idle_ns: 440795238296 ns
[    0.925630] Initialise system trusted keyrings
[    0.927028] workingset: timestamp_bits=40 (anon: 35) max_order=20 bucket_order=0 (anon: 0)
[    0.929675] squashfs: version 4.0 (2009/01/31) Phillip Lougher
[    0.931548] NFS: Registering the id_resolver key type
[    0.932733] Key type id_resolver registered
[    0.933688] Key type id_legacy registered
[    0.934600] nfs4filelayout_init: NFSv4 File Layout Driver Registering...
[    0.936080] nfs4flexfilelayout_init: NFSv4 Flexfile Layout Driver Registering...
[    0.937912] fuse: init (API version 7.45)
[    0.939086] 9p: Installing v9fs 9p2000 file system support
[    0.942125] NET: Registered PF_ALG protocol family
[    0.943244] Key type asymmetric registered
[    0.944161] Asymmetric key parser 'x509' registered
[    0.945344] Block layer SCSI generic (bsg) driver version 0.4 loaded (major 248)
[    0.947459] io scheduler mq-deadline registered
[    0.948594] io scheduler kyber registered
[    0.951056] input: Power Button as /devices/platform/LNXPWRBN:00/input/input0
[    0.952936] ACPI: button: Power Button [PWRF]
[    1.079588] ACPI: \_SB_.LNKB: Enabled at IRQ 10
[    1.203890] ACPI: \_SB_.LNKD: Enabled at IRQ 11
[    1.327889] ACPI: \_SB_.LNKA: Enabled at IRQ 10
[    1.474356] kwatchdog (98) used greatest stack depth: 14776 bytes left
[    1.578108] ACPI: \_SB_.LNKC: Enabled at IRQ 11
[    1.824106] Serial: 8250/16550 driver, 4 ports, IRQ sharing enabled
[    1.826666] 00:03: ttyS0 at I/O 0x3f8 (irq = 4, base_baud = 115200) is a 16550A
[    1.971455] Non-volatile memory driver v1.3
[    1.973287] ACPI: bus type drm_connector registered
[    1.994822] brd: module loaded
[    2.008487] loop: module loaded
[    2.013919] scsi host0: ata_piix
[    2.015683] scsi host1: ata_piix
[    2.016635] ata1: PATA max MWDMA2 cmd 0x1f0 ctl 0x3f6 bmdma 0xc1c0 irq 14 lpm-pol 0
[    2.018178] ata2: PATA max MWDMA2 cmd 0x170 ctl 0x376 bmdma 0xc1c8 irq 15 lpm-pol 0
[    2.024178] tun: Universal TUN/TAP device driver, 1.6
[    2.025641] e100: Intel(R) PRO/100 Network Driver
[    2.026550] e100: Copyright(c) 1999-2006 Intel Corporation
[    2.027747] e1000: Intel(R) PRO/1000 Network Driver
[    2.028642] e1000: Copyright (c) 1999-2006 Intel Corporation.
[    2.029896] e1000e: Intel(R) PRO/1000 Network Driver
[    2.030859] e1000e: Copyright(c) 1999 - 2015 Intel Corporation.
[    2.032072] sky2: driver version 1.30
[    2.033940] usbcore: registered new interface driver usblp
[    2.035063] usbcore: registered new interface driver usb-storage
[    2.036360] i8042: PNP: PS/2 Controller [PNP0303:KBD,PNP0f13:MOU] at 0x60,0x64 irq 1,12
[    2.039223] serio: i8042 KBD port at 0x60,0x64 irq 1
[    2.040617] serio: i8042 AUX port at 0x60,0x64 irq 12
[    2.042630] rtc_cmos PNP0B00:00: RTC can wake from S4
[    2.046210] input: AT Translated Set 2 keyboard as /devices/platform/i8042/serio0/input/input1
[    2.048631] rtc_cmos PNP0B00:00: registered as rtc0
[    2.050586] rtc_cmos PNP0B00:00: alarms up to one day, y3k, 242 bytes nvram, hpet irqs
[    2.053360] Registered IR keymap rc-empty
[    2.054792] rc rc0: rc-core loopback device as /devices/virtual/rc/rc0
[    2.056436] rc rc0: lirc_dev: driver rc-loopback registered at minor = 0, raw IR receiver, raw IR transmitter
[    2.058964] input: rc-core loopback device as /devices/virtual/rc/rc0/input4
[    2.061994] intel_powerclamp: CPU does not support MWAIT
[    2.063117] device-mapper: core: CONFIG_IMA_DISABLE_HTABLE is disabled. Duplicate IMA measurements will not be recorded in the IMA log.
[    2.066248] device-mapper: ioctl: 4.50.0-ioctl (2025-04-28) initialised: dm-devel@lists.linux.dev
[    2.069234] amd_pstate: the _CPC object is not present in SBIOS or ACPI disabled
[    2.071601] hid: raw HID events driver (C) Jiri Kosina
[    2.074328] usbcore: registered new interface driver usbhid
[    2.075644] usbhid: USB HID core driver
[    2.077894] GACT probability NOT on
[    2.078678] Mirror/redirect action on
[    2.080963] nf_conntrack_irc: The irc conntrack helper is scheduled for removal.
[    2.080963] Please contact the netfilter-devel mailing list if you still need this.
[    2.085950] ipip: IPv4 and MPLS over IPv4 tunneling driver
[    2.087899] gre: GRE over IPv4 demultiplexer driver
[    2.088957] ip_gre: GRE over IPv4 tunneling driver
[    2.093130] Initializing XFRM netlink socket
[    2.094119] IPsec XFRM device driver
[    2.095081] NET: Registered PF_INET6 protocol family
[    2.098350] Segment Routing with IPv6
[    2.099266] In-situ OAM (IOAM) with IPv6
[    2.100173] mip6: Mobile IPv6
[    2.100851] sit: IPv6, IPv4 and MPLS over IPv4 tunneling driver
[    2.103617] ip6_gre: GRE over IPv6 tunneling driver
[    2.105445] NET: Registered PF_PACKET protocol family
[    2.106632] RPC: Registered rdma transport module.
[    2.107684] RPC: Registered rdma backchannel transport module.
[    2.109273] 8021q: 802.1Q VLAN Support v1.8
[    2.111152] smc: adding smcd device lo without pnetid
[    2.112751] NET: Registered PF_SMC protocol family
[    2.114286] 9pnet: Installing 9P2000 support
[    2.116819] Key type dns_resolver registered
[    2.118043] NET: Registered PF_VSOCK protocol family
[    2.119303] mpls_gso: MPLS GSO support
[    2.123820] IPI shorthand broadcast: enabled
[    2.168921] sched_clock: Marking stable (2145020645, 23690919)->(2266913477, -98201913)
[    2.172967] registered taskstats version 1
[    2.178040] ata2: found unknown device (class 0)
[    2.180508] ata2.00: ATAPI: QEMU DVD-ROM, 2.5+, max UDMA/100
[    2.184377] scsi 1:0:0:0: CD-ROM            QEMU     QEMU DVD-ROM     2.5+ PQ: 0 ANSI: 5
[    2.190438] Loading compiled-in X.509 certificates
[    2.192366] kworker/u32:1 (118) used greatest stack depth: 14152 bytes left
[    2.193484] Loaded X.509 cert 'Build time autogenerated kernel key: c4531344b9a9c1a4731230d977a262ba29ba5272'
[    2.216548] sr 1:0:0:0: [sr0] scsi3-mmc drive: 4x/4x cd/rw xa/form2 tray
[    2.234163] Demotion targets for Node 0: null
[    2.235804] ima: No TPM chip found, activating TPM-bypass!
[    2.237051] ima: Allocated hash algorithm: sha1
[    2.238196] ima: No architecture policies found
[    2.240232] PM:   Magic number: 6:388:956
[    2.241182] virtio-pci 0000:00:04.0: hash matches
[    2.242379] netconsole: network logging started
[    2.244079] cfg80211: Loading compiled-in X.509 certificates for regulatory database
[    2.244633] cdrom: Uniform CD-ROM driver Revision: 3.20
[    2.246970] Loaded X.509 cert 'sforshee: 00b28ddf47aef9cea7'
[    2.248831] Loaded X.509 cert 'wens: 61c038651aabdcf94bd0ac7ff06c7248db18c600'
[    2.250639] ALSA device list:
[    2.251746] faux_driver regulatory: Direct firmware load for regulatory.db failed with error -2
[    2.253769] cfg80211: failed to load regulatory.db
[    2.253795]   No soundcards found.
[    2.261914] sr 1:0:0:0: Attached scsi CD-ROM sr0
[    2.263478] sr 1:0:0:0: Attached scsi generic sg0 type 5
[    2.484303] input: ImExPS/2 Generic Explorer Mouse as /devices/platform/i8042/serio1/input/input3
[    2.485979] md: Skipping autodetection of RAID arrays. (raid=autodetect will force)
[    2.487476] 9p: Bad value for 'source'
[    2.488188] 9pnet: Limiting 'msize' to 512000 as this is the maximum supported by transport virtio
[    2.491626] VFS: Mounted root (9p filesystem) on device 0:22.
[    2.493302] devtmpfs: mounted
[    2.493977] VFS: Pivoted into new rootfs
[    2.499056] Freeing unused kernel image (initmem) memory: 4668K
[    2.499935] Write protecting the kernel read-only data: 45056k
[    2.502096] Freeing unused kernel image (text/rodata gap) memory: 984K
[    2.503480] Freeing unused kernel image (rodata/data gap) memory: 400K
[    2.540854] x86/mm: Checked W+X mappings: passed, no W+X pages found.
[    2.541857] Run /home/prozak/.local/share/vng-venv/lib/python3.12/site-packages/virtme/guest/bin/virtme-ng-init as init process
[    2.543411]   with arguments:
[    2.543856]     /home/prozak/.local/share/vng-venv/lib/python3.12/site-packages/virtme/guest/bin/virtme-ng-init
[    2.545206]   with environment:
[    2.545642]     HOME=/
[    2.545994]     TERM=linux
[    2.546409]     virtme_hostname=virtme-ng
[    2.546989]     nr_open=1048576
[    2.547425]     virtme_link_mods=/home/prozak/sources/heimdall_experiment/uml-harness/.build/bpf-next-x86/.virtme_mods/lib/modules/0.0.0
[    2.549030]     virtme_rw_overlay0=/tmp
[    2.549548]     virtme_console=ttyS0
[    2.550086]     virtme_chdir=home/prozak/sources/heimdall_experiment/uml-harness/.build/selftests-output-qemu
[    2.644751] virtme-ng-init: mount devtmpfs -> /dev: EBUSY: Device or resource busy
[    2.646932] virtme-ng-init: Setting hostname to virtme-ng...
[    2.686924] virtme-ng-init: running systemd-tmpfiles
[    3.910746] systemd-tmpfile (127) used greatest stack depth: 12504 bytes left
[    3.910816] virtme-ng-init: basic initialization done
[    3.927609] virtme-ng-init: error creating file: Permission denied (os error 13)
[    4.024266] ip (133) used greatest stack depth: 11848 bytes left
[    4.145496] virtme-ng-init: Starting systemd-udevd version 255.4-1ubuntu8.16
[    4.147482] virtme-ng-init: triggering udev coldplug
[    7.171102] virtme-ng-init: waiting for udev to settle
[    7.966213] virtme-ng-init: udev is done
[    7.970669] virtme-ng-init: starting script
[    8.252840] bpf_testmod: loading out-of-tree module taints kernel.
[    8.253804] bpf_testmod: module verification failed: signature and/or required key missing - tainting kernel
[    8.405820] smc: removing smcd device lo
[    8.472311] ACPI: PM: Preparing to enter system sleep state S5
[    8.473541] reboot: Power down
