Failed to load bpf_testmod.ko into the kernel: -8
test_sock_addr:PASS:join_cgroup 0 nsec
setup_test_env:PASS:ip netns add sock_addr 0 nsec
setup_test_env:PASS:netns token 0 nsec
setup_test_env:PASS:ip link add dev test_sock_addr1 type veth peer name test_sock_addr2 0 nsec
setup_test_env:PASS:ip link set lo up 0 nsec
setup_test_env:PASS:ip link set test_sock_addr1 up 0 nsec
setup_test_env:PASS:ip link set test_sock_addr2 up 0 nsec
setup_test_env:PASS:ip -4 addr add 127.0.0.4/8 dev test_sock_addr1 0 nsec
setup_test_env:PASS:ip -6 addr add ::6/128 nodad dev test_sock_addr1 0 nsec
test_sock_addr:PASS:setup_test_env 0 nsec
libbpf: extern (func ksym) 'bpf_kfunc_call_kernel_bind': not found in kernel or module BTFs
libbpf: failed to load BPF skeleton 'sock_addr_kern': -EINVAL
load_sock_addr_kern:FAIL:skel unexpected error: -22
test_sock_addr:FAIL:load_sock_addr_kern unexpected error: -1 (errno 22)
#428     sock_addr:FAIL
#679/1   verifier_sock_addr/recvmsg4_good_return_code:OK
#679/2   verifier_sock_addr/recvmsg4_bad_return_code:OK
#679/3   verifier_sock_addr/recvmsg6_good_return_code:OK
#679/4   verifier_sock_addr/recvmsg6_bad_return_code:OK
#679/5   verifier_sock_addr/recvmsg_unix_good_return_code:OK
#679/6   verifier_sock_addr/recvmsg_unix_bad_return_code:OK
#679/7   verifier_sock_addr/sendmsg4_good_return_code_0:OK
#679/8   verifier_sock_addr/sendmsg4_good_return_code_1:OK
#679/9   verifier_sock_addr/sendmsg4_bad_return_code:OK
#679/10  verifier_sock_addr/sendmsg6_good_return_code_0:OK
#679/11  verifier_sock_addr/sendmsg6_good_return_code_1:OK
#679/12  verifier_sock_addr/sendmsg6_bad_return_code:OK
#679/13  verifier_sock_addr/sendmsg_unix_good_return_code_0:OK
#679/14  verifier_sock_addr/sendmsg_unix_good_return_code_1:OK
#679/15  verifier_sock_addr/sendmsg_unix_bad_return_code:OK
#679/16  verifier_sock_addr/getpeername4_good_return_code:OK
#679/17  verifier_sock_addr/getpeername4_bad_return_code:OK
#679/18  verifier_sock_addr/getpeername6_good_return_code:OK
#679/19  verifier_sock_addr/getpeername6_bad_return_code:OK
#679/20  verifier_sock_addr/getpeername_unix_good_return_code:OK
#679/21  verifier_sock_addr/getpeername_unix_bad_return_code:OK
#679/22  verifier_sock_addr/getsockname4_good_return_code:OK
#679/23  verifier_sock_addr/getsockname4_bad_return_code:OK
#679/24  verifier_sock_addr/getsockname6_good_return_code:OK
#679/25  verifier_sock_addr/getsockname6_bad_return_code:OK
#679/26  verifier_sock_addr/getsockname_unix_good_return_code:OK
#679/27  verifier_sock_addr/getsockname_unix_unix_bad_return_code:OK
#679/28  verifier_sock_addr/bind4_good_return_code_0:OK
#679/29  verifier_sock_addr/bind4_good_return_code_1:OK
#679/30  verifier_sock_addr/bind4_good_return_code_2:OK
#679/31  verifier_sock_addr/bind4_good_return_code_3:OK
#679/32  verifier_sock_addr/bind4_bad_return_code:OK
#679/33  verifier_sock_addr/bind6_good_return_code_0:OK
#679/34  verifier_sock_addr/bind6_good_return_code_1:OK
#679/35  verifier_sock_addr/bind6_good_return_code_2:OK
#679/36  verifier_sock_addr/bind6_good_return_code_3:OK
#679/37  verifier_sock_addr/bind6_bad_return_code:OK
#679/38  verifier_sock_addr/connect4_good_return_code_0:OK
#679/39  verifier_sock_addr/connect4_good_return_code_1:OK
#679/40  verifier_sock_addr/connect4_bad_return_code:OK
#679/41  verifier_sock_addr/connect6_good_return_code_0:OK
#679/42  verifier_sock_addr/connect6_good_return_code_1:OK
#679/43  verifier_sock_addr/connect6_bad_return_code:OK
#679/44  verifier_sock_addr/connect_unix_good_return_code_0:OK
#679/45  verifier_sock_addr/connect_unix_good_return_code_1:OK
#679/46  verifier_sock_addr/connect_unix_bad_return_code:OK
#679     verifier_sock_addr:OK

All error logs:
test_sock_addr:PASS:join_cgroup 0 nsec
setup_test_env:PASS:ip netns add sock_addr 0 nsec
setup_test_env:PASS:netns token 0 nsec
setup_test_env:PASS:ip link add dev test_sock_addr1 type veth peer name test_sock_addr2 0 nsec
setup_test_env:PASS:ip link set lo up 0 nsec
setup_test_env:PASS:ip link set test_sock_addr1 up 0 nsec
setup_test_env:PASS:ip link set test_sock_addr2 up 0 nsec
setup_test_env:PASS:ip -4 addr add 127.0.0.4/8 dev test_sock_addr1 0 nsec
setup_test_env:PASS:ip -6 addr add ::6/128 nodad dev test_sock_addr1 0 nsec
test_sock_addr:PASS:setup_test_env 0 nsec
libbpf: extern (func ksym) 'bpf_kfunc_call_kernel_bind': not found in kernel or module BTFs
libbpf: failed to load BPF skeleton 'sock_addr_kern': -EINVAL
load_sock_addr_kern:FAIL:skel unexpected error: -22
test_sock_addr:FAIL:load_sock_addr_kern unexpected error: -1 (errno 22)
#428     sock_addr:FAIL
Summary: 1/46 PASSED, 0 SKIPPED, 1 FAILED
FE1E06 0000B0 (v03 BOCHS  BXPC     00000001 BXPC 00000001)
[    0.024683] ACPI: HPET 0x00000000BFFE1EB6 000038 (v01 BOCHS  BXPC     00000001 BXPC 00000001)
[    0.026146] ACPI: WAET 0x00000000BFFE1EEE 000028 (v01 BOCHS  BXPC     00000001 BXPC 00000001)
[    0.027641] ACPI: Reserving FACP table memory at [mem 0xbffe1d92-0xbffe1e05]
[    0.028886] ACPI: Reserving DSDT table memory at [mem 0xbffe0040-0xbffe1d91]
[    0.030093] ACPI: Reserving FACS table memory at [mem 0xbffe0000-0xbffe003f]
[    0.031319] ACPI: Reserving APIC table memory at [mem 0xbffe1e06-0xbffe1eb5]
[    0.032562] ACPI: Reserving HPET table memory at [mem 0xbffe1eb6-0xbffe1eed]
[    0.033818] ACPI: Reserving WAET table memory at [mem 0xbffe1eee-0xbffe1f15]
[    0.035521] No NUMA configuration found
[    0.036184] Faking a node at [mem 0x0000000000000000-0x000000013fffffff]
[    0.037354] NODE_DATA(0) allocated [mem 0x13fffbc80-0x13fffffff]
[    0.039230] ACPI: PM-Timer IO Port: 0x608
[    0.039956] ACPI: LAPIC_NMI (acpi_id[0xff] dfl dfl lint[0x1])
[    0.041047] IOAPIC[0]: apic_id 0, version 17, address 0xfec00000, GSI 0-23
[    0.042283] ACPI: INT_SRC_OVR (bus 0 bus_irq 0 global_irq 2 dfl dfl)
[    0.043440] ACPI: INT_SRC_OVR (bus 0 bus_irq 5 global_irq 5 high level)
[    0.044597] ACPI: INT_SRC_OVR (bus 0 bus_irq 9 global_irq 9 high level)
[    0.045732] ACPI: INT_SRC_OVR (bus 0 bus_irq 10 global_irq 10 high level)
[    0.046912] ACPI: INT_SRC_OVR (bus 0 bus_irq 11 global_irq 11 high level)
[    0.048117] ACPI: Using ACPI (MADT) for SMP configuration information
[    0.049311] ACPI: HPET id: 0x8086a201 base: 0xfed00000
[    0.050200] TSC deadline timer available
[    0.050893] CPU topo: Max. logical packages:   1
[    0.051697] CPU topo: Max. logical nodes:      1
[    0.052523] CPU topo: Num. nodes per package:  1
[    0.053315] CPU topo: Max. logical dies:       1
[    0.054106] CPU topo: Max. dies per package:   1
[    0.054916] CPU topo: Max. threads per core:   1
[    0.055721] CPU topo: Num. cores per package:     8
[    0.056576] CPU topo: Num. threads per package:   8
[    0.057437] CPU topo: Allowing 8 present CPUs plus 0 hotplug CPUs
[    0.058520] kvm-guest: APIC: eoi() replaced with kvm_guest_apic_eoi_write()
[    0.059764] kvm-guest: KVM setup pv remote TLB flush
[    0.060674] kvm-guest: setup PV sched yield
[    0.061438] PM: hibernation: Registered nosave memory: [mem 0x00000000-0x00000fff]
[    0.062757] PM: hibernation: Registered nosave memory: [mem 0x0009f000-0x000fffff]
[    0.064064] PM: hibernation: Registered nosave memory: [mem 0xbffe0000-0xffffffff]
[    0.065381] [gap 0xc0000000-0xfeffbfff] available for PCI devices
[    0.066485] Booting paravirtualized kernel on KVM
[    0.067316] clocksource: refined-jiffies: mask: 0xffffffff max_cycles: 0xffffffff, max_idle_ns: 1910969940391419 ns
[    0.073809] Zone ranges:
[    0.074261]   DMA      [mem 0x0000000000001000-0x0000000000ffffff]
[    0.075365]   DMA32    [mem 0x0000000001000000-0x00000000ffffffff]
[    0.076500]   Normal   [mem 0x0000000100000000-0x000000013fffffff]
[    0.077600] Movable zone start for each node
[    0.078355] Early memory node ranges
[    0.078988]   node   0: [mem 0x0000000000001000-0x000000000009efff]
[    0.080091]   node   0: [mem 0x0000000000100000-0x00000000bffdffff]
[    0.081222]   node   0: [mem 0x0000000100000000-0x000000013fffffff]
[    0.082326] Initmem setup node 0 [mem 0x0000000000001000-0x000000013fffffff]
[    0.083656] On node 0, zone DMA: 1 pages in unavailable ranges
[    0.085083] On node 0, zone DMA: 97 pages in unavailable ranges
[    0.187765] On node 0, zone Normal: 32 pages in unavailable ranges
[    0.188917] setup_percpu: NR_CPUS:128 nr_cpumask_bits:8 nr_cpu_ids:8 nr_node_ids:1
[    0.193365] percpu: Embedded 58 pages/cpu s199696 r8192 d29680 u262144
[    0.194578] pcpu-alloc: s199696 r8192 d29680 u262144 alloc=1*2097152
[    0.195733] pcpu-alloc: [0] 0 1 2 3 4 5 6 7 
[    0.196525] Kernel command line: virtme_hostname=virtme-ng nr_open=1048576 virtme_link_mods=/home/prozak/sources/heimdall_experiment/uml-harness/.build/bpf-next-x86/.virtme_mods/lib/modules/0.0.0 virtme_rw_overlay0=/tmp virtme_console=ttyS0 console=ttyS0 earlyprintk=serial,ttyS0,115200 panic=-1 virtme.exec=`bW91bnQgLXQgYnBmIGJwZmZzIC9zeXMvZnMvYnBmIDI+L2Rldi9udWxsOyAuL3Rlc3RfcHJvZ3MgLXQgJ3NvY2tfYWRkcic=` virtme_chdir=home/prozak/sources/heimdall_experiment/uml-harness/.build/selftests-output-qemu rootfstype=9p rootflags=version=9p2000.L,trans=virtio,access=any,msize=524288 raid=noautodetect rw debug init=/home/prozak/.local/share/vng-venv/lib/python3.12/site-packages/virtme/guest/bin/virtme-ng-init
[    0.207497] Unknown kernel command line parameters "virtme_hostname=virtme-ng nr_open=1048576 virtme_link_mods=/home/prozak/sources/heimdall_experiment/uml-harness/.build/bpf-next-x86/.virtme_mods/lib/modules/0.0.0 virtme_rw_overlay0=/tmp virtme_console=ttyS0 virtme_chdir=home/prozak/sources/heimdall_experiment/uml-harness/.build/selftests-output-qemu", will be passed to user space.
[    0.213503] random: crng init done
[    0.214105] printk: log buffer data + meta data: 2097152 + 7340032 = 9437184 bytes
[    0.221771] Dentry cache hash table entries: 524288 (order: 10, 4194304 bytes, linear)
[    0.226289] Inode-cache hash table entries: 262144 (order: 9, 2097152 bytes, linear)
[    0.227860] software IO TLB: area num 8.
[    0.333415] Fallback order for Node 0: 0 
[    0.333422] Built 1 zonelists, mobility grouping on.  Total pages: 1048446
[    0.335412] Policy zone: Normal
[    0.335961] mem auto-init: stack:all(zero), heap alloc:off, heap free:off
[    0.342181] SLUB: HWalign=64, Order=0-3, MinObjects=0, CPUs=8, Nodes=1
Poking KASLR using RDRAND RDTSC...
[    0.357322] ftrace: allocating 69757 entries in 274 pages
[    0.358279] ftrace: allocated 274 pages with 3 groups
[    0.359593] Dynamic Preempt: full
[    0.360415] Running RCU self tests
[    0.361019] Running RCU synchronous self tests
[    0.361795] rcu: Preemptible hierarchical RCU implementation.
[    0.362812] rcu: 	RCU event tracing is enabled.
[    0.363655] rcu: 	RCU lockdep checking is enabled.
[    0.364482] rcu: 	RCU restricting CPUs from NR_CPUS=128 to nr_cpu_ids=8.
[    0.365657] 	Trampoline variant of Tasks RCU enabled.
[    0.366556] 	Rude variant of Tasks RCU enabled.
[    0.367412] 	Tracing variant of Tasks RCU enabled.
[    0.368260] rcu: RCU calculated value of scheduler-enlistment delay is 100 jiffies.
[    0.369673] rcu: Adjusting geometry for rcu_fanout_leaf=16, nr_cpu_ids=8
[    0.370881] Running RCU synchronous self tests
[    0.371697] RCU Tasks: Setting shift to 3 and lim to 1 rcu_task_cb_adjust=1 rcu_task_cpu_ids=8.
[    0.373267] RCU Tasks Rude: Setting shift to 3 and lim to 1 rcu_task_cb_adjust=1 rcu_task_cpu_ids=8.
[    0.380413] NR_IRQS: 8448, nr_irqs: 488, preallocated irqs: 16
[    0.381825] rcu: srcu_init: Setting srcu_struct sizes based on contention.
[    0.383087] clocksource: jiffies: mask: 0xffffffff max_cycles: 0xffffffff, max_idle_ns: 1911260446275000 ns
[    0.385212] Console: colour *CGA 80x25
[    0.385934] printk: legacy console [ttyS0] enabled
[    0.385934] printk: legacy console [ttyS0] enabled
[    0.387652] printk: legacy bootconsole [earlyser0] disabled
[    0.387652] printk: legacy bootconsole [earlyser0] disabled
[    0.389653] Lock dependency validator: Copyright (c) 2006 Red Hat, Inc., Ingo Molnar
[    0.391025] ... MAX_LOCKDEP_SUBCLASSES:  8
[    0.391786] ... MAX_LOCK_DEPTH:          48
[    0.392534] ... MAX_LOCKDEP_KEYS:        8192
[    0.393343] ... CLASSHASH_SIZE:          4096
[    0.394127] ... MAX_LOCKDEP_ENTRIES:     32768
[    0.394917] ... MAX_LOCKDEP_CHAINS:      65536
[    0.395740] ... CHAINHASH_SIZE:          32768
[    0.396533]  memory used by lock dependency info: 6429 kB
[    0.397528]  memory used for stack traces: 4224 kB
[    0.398380]  per task-struct memory footprint: 1920 bytes
[    0.399446] ACPI: Core revision 20260408
[    0.400371] clocksource: hpet: mask: 0xffffffff max_cycles: 0xffffffff, max_idle_ns: 19112604467 ns
[    0.402242] APIC: Switch to symmetric I/O mode setup
[    0.403603] x2apic enabled
[    0.404656] APIC: Switched APIC routing to: physical x2apic
[    0.405736] kvm-guest: APIC: send_IPI_mask() replaced with kvm_send_ipi_mask()
[    0.407097] kvm-guest: APIC: send_IPI_mask_allbutself() replaced with kvm_send_ipi_mask_allbutself()
[    0.408851] kvm-guest: setup PV IPIs
[    0.411607] ..TIMER: vector=0x30 apic1=0 pin1=2 apic2=-1 pin2=-1
[    0.412822] clocksource: tsc-early: mask: 0xffffffffffffffff max_cycles: 0x31026ae6579, max_idle_ns: 440795296168 ns
[    0.414799] Calibrating delay loop (skipped) preset value.. 6800.06 BogoMIPS (lpj=3400030)
[    0.416524] x86/cpu: User Mode Instruction Prevention (UMIP) activated
[    0.418168] Last level iTLB entries: 4KB 512, 2MB 255, 4MB 127
[    0.418796] Last level dTLB entries: 4KB 512, 2MB 255, 4MB 127, 1GB 0
[    0.419803] mitigations: Enabled attack vectors: user_kernel, user_user, SMT mitigations: auto
[    0.420796] Speculative Store Bypass: Mitigation: Speculative Store Bypass disabled via prctl
[    0.421796] Speculative Return Stack Overflow: IBPB-extending microcode not applied!
[    0.422796] Speculative Return Stack Overflow: WARNING: See https://kernel.org/doc/html/latest/admin-guide/hw-vuln/srso.html for mitigation options.
[    0.422797] Transient Scheduler Attacks: Vulnerable: No microcode
[    0.424796] Spectre V2 : Mitigation: Retpolines
[    0.425796] Speculative Return Stack Overflow: Vulnerable: Safe RET, no microcode
[    0.426796] Spectre V1 : Mitigation: usercopy/swapgs barriers and __user pointer sanitization
[    0.427796] Spectre V2 : Spectre v2 / SpectreRSB: Filling RSB on context switch and VMEXIT
[    0.428796] Spectre V2 : Enabling Restricted Speculation for firmware calls
[    0.429798] Spectre V2 : mitigation: Enabling conditional Indirect Branch Prediction Barrier
[    0.430796] active return thunk: srso_alias_return_thunk
[    0.431846] x86/fpu: Supporting XSAVE feature 0x001: 'x87 floating point registers'
[    0.432796] x86/fpu: Supporting XSAVE feature 0x002: 'SSE registers'
[    0.433796] x86/fpu: Supporting XSAVE feature 0x004: 'AVX registers'
[    0.434796] x86/fpu: xstate_offset[2]:  576, xstate_sizes[2]:  256
[    0.435795] x86/fpu: Enabled xstate features 0x7, context size is 832 bytes, using 'compacted' format.
[    0.472250] pid_max: default: 32768 minimum: 301
[    0.473002] SELinux:  Initializing.
[    0.475470] LSM support for eBPF active
[    0.476079] Mount-cache hash table entries: 8192 (order: 4, 65536 bytes, linear)
[    0.476919] Mountpoint-cache hash table entries: 8192 (order: 4, 65536 bytes, linear)
[    0.479150] VFS: Finished mounting rootfs on nullfs
[    0.481556] Running RCU synchronous self tests
[    0.481798] Running RCU synchronous self tests
[    0.484239] smpboot: CPU0: AMD Ryzen 9 5950X 16-Core Processor (family: 0x19, model: 0x21, stepping: 0x2)
[    0.487831] Performance Events: Fam17h+ core perfctr, AMD PMU driver.
[    0.488815] ... version:                   0
[    0.489717] ... bit width:                 48
[    0.489804] ... generic counters:          6
[    0.490728] ... generic bitmap:            000000000000003f
[    0.490803] ... fixed-purpose counters:    0
[    0.491699] ... fixed-purpose bitmap:      0000000000000000
[    0.491803] ... value mask:                0000ffffffffffff
[    0.492818] ... max period:                00007fffffffffff
[    0.493802] ... global_ctrl mask:          000000000000003f
[    0.495114] signal: max sigframe size: 1776
[    0.495968] rcu: Hierarchical SRCU implementation.
[    0.496804] rcu: 	Max phase no-delay instances is 400.
[    0.498098] Timer migration: 1 hierarchy levels; 8 children per group; 1 crossnode level
[    0.511820] smp: Bringing up secondary CPUs ...
[    0.517365] smpboot: x86: Booting SMP configuration:
[    0.517804] .... node  #0, CPUs:      #1 #2 #3 #4 #5 #6 #7
[    0.545203] smp: Brought up 1 node, 8 CPUs
[    0.546698] smpboot: Total of 8 processors activated (54400.48 BogoMIPS)
[    0.548149] Memory: 3963788K/4193784K available (25637K kernel code, 10348K rwdata, 18032K rodata, 4668K init, 13400K bss, 221940K reserved, 0K cma-reserved)
[    0.550880] devtmpfs: initialized
[    0.555254] Running RCU synchronous self tests
[    0.555823] Running RCU synchronous self tests
[    0.556907] Running RCU Tasks wait API self tests
[    0.557857] Running RCU Tasks Rude wait API self tests
[    0.558805] Running RCU Tasks Trace wait API self tests
[    0.559920] posixtimers hash table entries: 4096 (order: 7, 294912 bytes, linear)
[    0.561998] futex hash table entries: 2048 (262144 bytes on 1 NUMA nodes, total 256 KiB, linear).
[    0.563803] PM: RTC time: 11:56:55, date: 2026-08-04
[    0.564836] Callback from call_rcu_tasks_trace() invoked.
[    0.570938] NET: Registered PF_NETLINK/PF_ROUTE protocol family
[    0.572832] audit: initializing netlink subsys (disabled)
[    0.573916] audit: type=2000 audit(1785844615.586:1): state=initialized audit_enabled=0 res=1
[    0.596529] thermal_sys: Registered thermal governor 'step_wise'
[    0.596599] cpuidle: using governor ladder
[    0.597737] cpuidle: using governor menu
[    0.599008] Freeing SMP alternatives memory: 68K
[    0.600650] PCI: Using configuration type 1 for base access
[    0.600805] PCI: Using configuration type 1 for extended access
[    0.602011] kprobes: kprobe jump-optimization is enabled. All kprobes are optimized if possible.
[    0.603929] HugeTLB: registered 1.00 GiB page size, pre-allocated 0 pages
[    0.604806] HugeTLB: 16380 KiB vmemmap can be freed for a 1.00 GiB page
[    0.605803] HugeTLB: registered 2.00 MiB page size, pre-allocated 0 pages
[    0.606802] HugeTLB: 28 KiB vmemmap can be freed for a 2.00 MiB page
[    0.612671] ACPI: Added _OSI(Module Device)
[    0.612805] ACPI: Added _OSI(Processor Device)
[    0.613759] ACPI: Added _OSI(Processor Aggregator Device)
[    0.617408] ACPI: 1 ACPI AML tables successfully acquired and loaded
[    0.620331] ACPI: \_SB_: platform _OSC: OS support mask [002a7eee]
[    0.621543] ACPI: Interpreter enabled
[    0.621869] ACPI: PM: (supports S0 S3 S4 S5)
[    0.622815] ACPI: Using IOAPIC for interrupt routing
[    0.623855] PCI: Using host bridge windows from ACPI; if necessary, use "pci=nocrs" and report a bug
[    0.624804] PCI: Using E820 reservations for host bridge windows
[    0.626173] ACPI: Enabled 2 GPEs in block 00 to 0F
[    0.642480] ACPI: PCI Root Bridge [PCI0] (domain 0000 [bus 00-ff])
[    0.642809] acpi PNP0A03:00: _OSC: OS supports [ExtendedConfig ASPM ClockPM Segments MSI HPX-Type3]
[    0.643815] acpi PNP0A03:00: _OSC: OS requested [PME PCIeCapability LTR]
[    0.644804] acpi PNP0A03:00: _OSC: platform willing to grant [PME PCIeCapability LTR]
[    0.645803] acpi PNP0A03:00: _OSC: platform retains control of PCIe features (AE_ERROR)
[    0.647564] PCI host bridge to bus 0000:00
[    0.647814] pci_bus 0000:00: root bus resource [io  0x0000-0x0cf7 window]
[    0.648805] pci_bus 0000:00: root bus resource [io  0x0d00-0xffff window]
[    0.649805] pci_bus 0000:00: root bus resource [mem 0x000a0000-0x000bffff window]
[    0.650805] pci_bus 0000:00: root bus resource [mem 0xc0000000-0xfebfffff window]
[    0.651805] pci_bus 0000:00: root bus resource [mem 0x380000000000-0x38007fffffff window]
[    0.652805] pci_bus 0000:00: root bus resource [bus 00-ff]
[    0.654239] pci 0000:00:00.0: [8086:1237] type 00 class 0x060000 conventional PCI endpoint
[    0.656388] pci 0000:00:01.0: [8086:7000] type 00 class 0x060100 conventional PCI endpoint
[    0.658195] pci 0000:00:01.1: [8086:7010] type 00 class 0x010180 conventional PCI endpoint
[    0.659605] pci 0000:00:01.1: BAR 4 [io  0xc1c0-0xc1cf]
[    0.659879] pci 0000:00:01.1: BAR 0 [io  0x01f0-0x01f7]: legacy IDE quirk
[    0.660804] pci 0000:00:01.1: BAR 1 [io  0x03f6]: legacy IDE quirk
[    0.661804] pci 0000:00:01.1: BAR 2 [io  0x0170-0x0177]: legacy IDE quirk
[    0.662802] pci 0000:00:01.1: BAR 3 [io  0x0376]: legacy IDE quirk
[    0.664550] pci 0000:00:01.3: [8086:7113] type 00 class 0x068000 conventional PCI endpoint
[    0.665547] pci 0000:00:01.3: quirk: [io  0x0600-0x063f] claimed by PIIX4 ACPI
[    0.665821] pci 0000:00:01.3: quirk: [io  0x0700-0x070f] claimed by PIIX4 SMB
[    0.667834] pci 0000:00:02.0: [1af4:1009] type 00 class 0x000200 conventional PCI endpoint
[    0.670411] pci 0000:00:02.0: BAR 0 [io  0xc000-0xc03f]
[    0.670821] pci 0000:00:02.0: BAR 1 [mem 0xfebf8000-0xfebf8fff]
[    0.671865] pci 0000:00:02.0: BAR 4 [mem 0x380000000000-0x380000003fff 64bit pref]
[    0.675882] pci 0000:00:03.0: [8086:25ab] type 00 class 0x088000 conventional PCI endpoint
[    0.677709] pci 0000:00:03.0: BAR 0 [mem 0xfebf9000-0xfebf900f]
[    0.680413] pci 0000:00:04.0: [1af4:1003] type 00 class 0x078000 conventional PCI endpoint
[    0.682450] pci 0000:00:04.0: BAR 0 [io  0xc040-0xc07f]
[    0.682821] pci 0000:00:04.0: BAR 1 [mem 0xfebfa000-0xfebfafff]
[    0.683866] pci 0000:00:04.0: BAR 4 [mem 0x380000004000-0x380000007fff 64bit pref]
[    0.688092] pci 0000:00:05.0: [1af4:1003] type 00 class 0x078000 conventional PCI endpoint
[    0.689818] pci 0000:00:05.0: BAR 0 [io  0xc080-0xc0bf]
[    0.690821] pci 0000:00:05.0: BAR 1 [mem 0xfebfb000-0xfebfbfff]
[    0.691865] pci 0000:00:05.0: BAR 4 [mem 0x380000008000-0x38000000bfff 64bit pref]
[    0.696073] pci 0000:00:06.0: [1af4:1003] type 00 class 0x078000 conventional PCI endpoint
[    0.697822] pci 0000:00:06.0: BAR 0 [io  0xc0c0-0xc0ff]
[    0.698818] pci 0000:00:06.0: BAR 1 [mem 0xfebfc000-0xfebfcfff]
[    0.699865] pci 0000:00:06.0: BAR 4 [mem 0x38000000c000-0x38000000ffff 64bit pref]
[    0.704108] pci 0000:00:07.0: [1af4:1003] type 00 class 0x078000 conventional PCI endpoint
[    0.705828] pci 0000:00:07.0: BAR 0 [io  0xc100-0xc13f]
[    0.706820] pci 0000:00:07.0: BAR 1 [mem 0xfebfd000-0xfebfdfff]
[    0.707865] pci 0000:00:07.0: BAR 4 [mem 0x380000010000-0x380000013fff 64bit pref]
[    0.712137] pci 0000:00:08.0: [1af4:1003] type 00 class 0x078000 conventional PCI endpoint
[    0.713819] pci 0000:00:08.0: BAR 0 [io  0xc140-0xc17f]
[    0.714821] pci 0000:00:08.0: BAR 1 [mem 0xfebfe000-0xfebfefff]
[    0.715865] pci 0000:00:08.0: BAR 4 [mem 0x380000014000-0x380000017fff 64bit pref]
[    0.720087] pci 0000:00:09.0: [1af4:1003] type 00 class 0x078000 conventional PCI endpoint
[    0.721794] pci 0000:00:09.0: BAR 0 [io  0xc180-0xc1bf]
[    0.722820] pci 0000:00:09.0: BAR 1 [mem 0xfebff000-0xfebfffff]
[    0.723865] pci 0000:00:09.0: BAR 4 [mem 0x380000018000-0x38000001bfff 64bit pref]
[    0.733237] ACPI: PCI: Interrupt link LNKA configured for IRQ 10
[    0.734064] ACPI: PCI: Interrupt link LNKB configured for IRQ 10
[    0.735053] ACPI: PCI: Interrupt link LNKC configured for IRQ 11
[    0.736064] ACPI: PCI: Interrupt link LNKD configured for IRQ 11
[    0.736933] ACPI: PCI: Interrupt link LNKS configured for IRQ 9
[    0.739829] iommu: Default domain type: Translated
[    0.740804] iommu: DMA domain TLB invalidation policy: lazy mode
[    0.743256] SCSI subsystem initialized
[    0.743880] libata version 3.00 loaded.
[    0.744968] ACPI: bus type USB registered
[    0.745930] usbcore: registered new interface driver usbfs
[    0.746877] usbcore: registered new interface driver hub
[    0.747840] usbcore: registered new device driver usb
[    0.748992] pps_core: LinuxPPS API ver. 1 registered
[    0.749804] pps_core: Software ver. 5.3.6 - Copyright 2005-2007 Rodolfo Giometti <giometti@linux.it>
[    0.750829] PTP clock support registered
[    0.752415] Advanced Linux Sound Architecture Driver Initialized.
[    0.754159] NetLabel: Initializing
[    0.754804] NetLabel:  domain hash size = 128
[    0.755732] NetLabel:  protocols = UNLABELED CIPSOv4 CALIPSO
[    0.755852] NetLabel:  unlabeled traffic allowed by default
[    0.757155] PCI: Using ACPI for IRQ routing
[    0.757806] PCI: pci_cache_line_size set to 64 bytes
[    0.759164] e820: register RAM buffer resource [mem 0x0009fc00-0x0009ffff]
[    0.759805] e820: register RAM buffer resource [mem 0xbffe0000-0xbfffffff]
[    0.760964] vgaarb: loaded
[    0.761832] hpet0: at MMIO 0xfed00000, IRQs 2, 8, 0
[    0.762803] hpet0: 3 comparators, 64-bit 100.000000 MHz counter
[    0.767121] clocksource: Switched to clocksource kvm-clock
[    0.768273] Callback from call_rcu_tasks() invoked.
[    0.769279] VFS: Disk quotas dquot_6.6.0
[    0.770340] VFS: Dquot-cache hash table entries: 512 (4096 bytes)
[    0.772859] pnp: PnP ACPI init
[    0.774080] pnp 00:02: [dma 2]
[    0.775552] pnp: PnP ACPI: found 4 devices
[    0.793869] clocksource: acpi_pm: mask: 0xffffff max_cycles: 0xffffff, max_idle_ns: 2085701024 ns
[    0.796069] NET: Registered PF_INET protocol family
[    0.798283] IP idents hash table entries: 65536 (order: 7, 524288 bytes, linear)
[    0.802207] tcp_listen_portaddr_hash hash table entries: 2048 (order: 6, 147456 bytes, linear)
[    0.804504] Table-perturb hash table entries: 65536 (order: 6, 262144 bytes, linear)
[    0.806228] TCP established hash table entries: 32768 (order: 6, 262144 bytes, linear)
[    0.808517] TCP bind hash table entries: 32768 (order: 11, 4718592 bytes, vmalloc hugepage)
[    0.820794] TCP: Hash tables configured (established 32768 bind 32768)
[    0.823802] MPTCP token hash table entries: 4096 (order: 7, 360448 bytes, linear)
[    0.825534] UDP hash table entries: 2048 (order: 7, 524288 bytes, linear)
[    0.828243] NET: Registered PF_UNIX/PF_LOCAL protocol family
[    0.830553] RPC: Registered named UNIX socket transport module.
[    0.831918] RPC: Registered udp transport module.
[    0.832933] RPC: Registered tcp transport module.
[    0.833952] RPC: Registered tcp-with-tls transport module.
[    0.835146] RPC: Registered tcp NFSv4.1 backchannel transport module.
[    0.837459] NET: Registered PF_XDP protocol family
[    0.838570] pci_bus 0000:00: resource 4 [io  0x0000-0x0cf7 window]
[    0.839922] pci_bus 0000:00: resource 5 [io  0x0d00-0xffff window]
[    0.841295] pci_bus 0000:00: resource 6 [mem 0x000a0000-0x000bffff window]
[    0.842795] pci_bus 0000:00: resource 7 [mem 0xc0000000-0xfebfffff window]
[    0.844285] pci_bus 0000:00: resource 8 [mem 0x380000000000-0x38007fffffff window]
[    0.846024] pci 0000:00:01.0: PIIX3: Enabling Passive Release
[    0.847265] pci 0000:00:00.0: Limiting direct PCI/PCI transfers
[    0.848730] PCI: CLS 0 bytes, default 64
[    0.849753] PCI-DMA: Using software bounce buffering for IO (SWIOTLB)
[    0.851096] software IO TLB: mapped [mem 0x00000000bbfe0000-0x00000000bffe0000] (64MB)
[    0.854441] clocksource: tsc: mask: 0xffffffffffffffff max_cycles: 0x31026ae6579, max_idle_ns: 440795296168 ns
[    0.865750] Initialise system trusted keyrings
[    0.867099] workingset: timestamp_bits=40 (anon: 35) max_order=20 bucket_order=0 (anon: 0)
[    0.869912] squashfs: version 4.0 (2009/01/31) Phillip Lougher
[    0.871926] NFS: Registering the id_resolver key type
[    0.873185] Key type id_resolver registered
[    0.874189] Key type id_legacy registered
[    0.875071] nfs4filelayout_init: NFSv4 File Layout Driver Registering...
[    0.876556] nfs4flexfilelayout_init: NFSv4 Flexfile Layout Driver Registering...
[    0.878385] fuse: init (API version 7.45)
[    0.879559] 9p: Installing v9fs 9p2000 file system support
[    0.882674] NET: Registered PF_ALG protocol family
[    0.883777] Key type asymmetric registered
[    0.884665] Asymmetric key parser 'x509' registered
[    0.885857] Block layer SCSI generic (bsg) driver version 0.4 loaded (major 248)
[    0.887968] io scheduler mq-deadline registered
[    0.888965] io scheduler kyber registered
[    0.891211] input: Power Button as /devices/platform/LNXPWRBN:00/input/input0
[    0.893087] ACPI: button: Power Button [PWRF]
[    1.020069] ACPI: \_SB_.LNKB: Enabled at IRQ 10
[    1.146173] ACPI: \_SB_.LNKD: Enabled at IRQ 11
[    1.270121] ACPI: \_SB_.LNKA: Enabled at IRQ 10
[    1.423505] kwatchdog (99) used greatest stack depth: 14776 bytes left
[    1.518858] ACPI: \_SB_.LNKC: Enabled at IRQ 11
[    1.766252] Serial: 8250/16550 driver, 4 ports, IRQ sharing enabled
[    1.768770] 00:03: ttyS0 at I/O 0x3f8 (irq = 4, base_baud = 115200) is a 16550A
[    1.926314] Non-volatile memory driver v1.3
[    1.928061] ACPI: bus type drm_connector registered
[    1.949658] brd: module loaded
[    1.963018] loop: module loaded
[    1.968154] scsi host0: ata_piix
[    1.970123] scsi host1: ata_piix
[    1.971174] ata1: PATA max MWDMA2 cmd 0x1f0 ctl 0x3f6 bmdma 0xc1c0 irq 14 lpm-pol 0
[    1.972836] ata2: PATA max MWDMA2 cmd 0x170 ctl 0x376 bmdma 0xc1c8 irq 15 lpm-pol 0
[    1.979206] tun: Universal TUN/TAP device driver, 1.6
[    1.980864] e100: Intel(R) PRO/100 Network Driver
[    1.981906] e100: Copyright(c) 1999-2006 Intel Corporation
[    1.983186] e1000: Intel(R) PRO/1000 Network Driver
[    1.984251] e1000: Copyright (c) 1999-2006 Intel Corporation.
[    1.985626] e1000e: Intel(R) PRO/1000 Network Driver
[    1.986759] e1000e: Copyright(c) 1999 - 2015 Intel Corporation.
[    1.988133] sky2: driver version 1.30
[    1.990221] usbcore: registered new interface driver usblp
[    1.991548] usbcore: registered new interface driver usb-storage
[    1.992982] i8042: PNP: PS/2 Controller [PNP0303:KBD,PNP0f13:MOU] at 0x60,0x64 irq 1,12
[    1.996196] serio: i8042 KBD port at 0x60,0x64 irq 1
[    1.997795] serio: i8042 AUX port at 0x60,0x64 irq 12
[    2.000030] rtc_cmos PNP0B00:00: RTC can wake from S4
[    2.003340] input: AT Translated Set 2 keyboard as /devices/platform/i8042/serio0/input/input1
[    2.006518] rtc_cmos PNP0B00:00: registered as rtc0
[    2.008432] rtc_cmos PNP0B00:00: alarms up to one day, y3k, 242 bytes nvram, hpet irqs
[    2.011832] Registered IR keymap rc-empty
[    2.013358] rc rc0: rc-core loopback device as /devices/virtual/rc/rc0
[    2.015942] rc rc0: lirc_dev: driver rc-loopback registered at minor = 0, raw IR receiver, raw IR transmitter
[    2.018645] input: rc-core loopback device as /devices/virtual/rc/rc0/input4
[    2.021218] intel_powerclamp: CPU does not support MWAIT
[    2.022498] device-mapper: core: CONFIG_IMA_DISABLE_HTABLE is disabled. Duplicate IMA measurements will not be recorded in the IMA log.
[    2.025568] device-mapper: ioctl: 4.50.0-ioctl (2025-04-28) initialised: dm-devel@lists.linux.dev
[    2.027551] amd_pstate: the _CPC object is not present in SBIOS or ACPI disabled
[    2.029998] hid: raw HID events driver (C) Jiri Kosina
[    2.033159] usbcore: registered new interface driver usbhid
[    2.034445] usbhid: USB HID core driver
[    2.036491] GACT probability NOT on
[    2.037314] Mirror/redirect action on
[    2.039641] nf_conntrack_irc: The irc conntrack helper is scheduled for removal.
[    2.039641] Please contact the netfilter-devel mailing list if you still need this.
[    2.044582] ipip: IPv4 and MPLS over IPv4 tunneling driver
[    2.046484] gre: GRE over IPv4 demultiplexer driver
[    2.047562] ip_gre: GRE over IPv4 tunneling driver
[    2.051120] Initializing XFRM netlink socket
[    2.052100] IPsec XFRM device driver
[    2.053033] NET: Registered PF_INET6 protocol family
[    2.056424] Segment Routing with IPv6
[    2.057334] In-situ OAM (IOAM) with IPv6
[    2.058312] mip6: Mobile IPv6
[    2.059020] sit: IPv6, IPv4 and MPLS over IPv4 tunneling driver
[    2.061860] ip6_gre: GRE over IPv6 tunneling driver
[    2.063652] NET: Registered PF_PACKET protocol family
[    2.064840] RPC: Registered rdma transport module.
[    2.065890] RPC: Registered rdma backchannel transport module.
[    2.067429] 8021q: 802.1Q VLAN Support v1.8
[    2.069232] smc: adding smcd device lo without pnetid
[    2.070555] NET: Registered PF_SMC protocol family
[    2.072327] 9pnet: Installing 9P2000 support
[    2.075012] Key type dns_resolver registered
[    2.076141] NET: Registered PF_VSOCK protocol family
[    2.077384] mpls_gso: MPLS GSO support
[    2.081796] IPI shorthand broadcast: enabled
[    2.126597] sched_clock: Marking stable (2102012356, 23707511)->(2227745817, -102025950)
[    2.129129] ata2: found unknown device (class 0)
[    2.131386] registered taskstats version 1
[    2.131514] ata2.00: ATAPI: QEMU DVD-ROM, 2.5+, max UDMA/100
[    2.136205] scsi 1:0:0:0: CD-ROM            QEMU     QEMU DVD-ROM     2.5+ PQ: 0 ANSI: 5
[    2.148872] Loading compiled-in X.509 certificates
[    2.150675] kworker/u32:1 (118) used greatest stack depth: 14152 bytes left
[    2.152029] Loaded X.509 cert 'Build time autogenerated kernel key: c4531344b9a9c1a4731230d977a262ba29ba5272'
[    2.163940] sr 1:0:0:0: [sr0] scsi3-mmc drive: 4x/4x cd/rw xa/form2 tray
[    2.186539] cdrom: Uniform CD-ROM driver Revision: 3.20
[    2.193175] Demotion targets for Node 0: null
[    2.195087] ima: No TPM chip found, activating TPM-bypass!
[    2.196340] ima: Allocated hash algorithm: sha1
[    2.197666] ima: No architecture policies found
[    2.198191] sr 1:0:0:0: Attached scsi CD-ROM sr0
[    2.199764] PM:   Magic number: 6:369:933
[    2.200814] sr 1:0:0:0: Attached scsi generic sg0 type 5
[    2.200943] netconsole: network logging started
[    2.203970] cfg80211: Loading compiled-in X.509 certificates for regulatory database
[    2.206167] kworker/u32:0 (124) used greatest stack depth: 14088 bytes left
[    2.206949] Loaded X.509 cert 'sforshee: 00b28ddf47aef9cea7'
[    2.209079] Loaded X.509 cert 'wens: 61c038651aabdcf94bd0ac7ff06c7248db18c600'
[    2.210972] faux_driver regulatory: Direct firmware load for regulatory.db failed with error -2
[    2.212896] cfg80211: failed to load regulatory.db
[    2.213100] ALSA device list:
[    2.215027]   No soundcards found.
[    2.433405] input: ImExPS/2 Generic Explorer Mouse as /devices/platform/i8042/serio1/input/input3
[    2.435330] md: Skipping autodetection of RAID arrays. (raid=autodetect will force)
[    2.436873] 9p: Bad value for 'source'
[    2.437545] 9pnet: Limiting 'msize' to 512000 as this is the maximum supported by transport virtio
[    2.440886] VFS: Mounted root (9p filesystem) on device 0:22.
[    2.442568] devtmpfs: mounted
[    2.443240] VFS: Pivoted into new rootfs
[    2.448410] Freeing unused kernel image (initmem) memory: 4668K
[    2.449295] Write protecting the kernel read-only data: 45056k
[    2.451255] Freeing unused kernel image (text/rodata gap) memory: 984K
[    2.452614] Freeing unused kernel image (rodata/data gap) memory: 400K
[    2.489454] x86/mm: Checked W+X mappings: passed, no W+X pages found.
[    2.490378] Run /home/prozak/.local/share/vng-venv/lib/python3.12/site-packages/virtme/guest/bin/virtme-ng-init as init process
[    2.491896]   with arguments:
[    2.492329]     /home/prozak/.local/share/vng-venv/lib/python3.12/site-packages/virtme/guest/bin/virtme-ng-init
[    2.493684]   with environment:
[    2.494142]     HOME=/
[    2.494478]     TERM=linux
[    2.494872]     virtme_hostname=virtme-ng
[    2.495431]     nr_open=1048576
[    2.495890]     virtme_link_mods=/home/prozak/sources/heimdall_experiment/uml-harness/.build/bpf-next-x86/.virtme_mods/lib/modules/0.0.0
[    2.497573]     virtme_rw_overlay0=/tmp
[    2.498122]     virtme_console=ttyS0
[    2.498609]     virtme_chdir=home/prozak/sources/heimdall_experiment/uml-harness/.build/selftests-output-qemu
[    2.575843] virtme-ng-init: mount devtmpfs -> /dev: EBUSY: Device or resource busy
[    2.577503] virtme-ng-init: Setting hostname to virtme-ng...
[    2.608784] virtme-ng-init: running systemd-tmpfiles
[    3.918640] systemd-tmpfile (127) used greatest stack depth: 12504 bytes left
[    3.918762] virtme-ng-init: basic initialization done
[    3.935614] virtme-ng-init: error creating file: Permission denied (os error 13)
[    4.043642] ip (132) used greatest stack depth: 11848 bytes left
[    4.160041] virtme-ng-init: Starting systemd-udevd version 255.4-1ubuntu8.16
[    4.162096] virtme-ng-init: triggering udev coldplug
[    7.307829] virtme-ng-init: waiting for udev to settle
[    8.109829] virtme-ng-init: udev is done
[    8.114235] virtme-ng-init: starting script
[    8.410264] module bpf_testmod: .gnu.linkonce.this_module section size must match the kernel's built struct module size at run time
[    9.360503] smc: removing smcd device lo
[    9.422863] clocksource: Watchdog remote CPU 1 read timed out
[    9.428116] ACPI: PM: Preparing to enter system sleep state S5
[    9.429912] reboot: Power down
make: *** [Makefile:166: test-connect6_prog] Error 1
