#126/1   fexit_test/fexit:OK
#126/2   fexit_test/fexit_many_args:OK
#126     fexit_test:OK
Summary: 1/2 PASSED, 0 SKIPPED, 0 FAILED
n: 0x00000000015c3b21
output: 0x0000000001000000
output_len: 0x00000000045c1650
kernel_total_size: 0x0000000004f8d000
needed_size: 0x0000000005000000
trampoline_32bit: 0x0000000000000000
Physical KASLR using RDRAND RDTSC...
Virtual KASLR using RDRAND RDTSC...

Decompressing Linux... Parsing ELF... Performing relocations... done.
Booting the kernel (entry_offset: 0x0000000003db5740).
[    0.000000] Linux version 7.2.0-rc1-g5e2f4aad04e2 (prozak@powertower) (gcc (Ubuntu 13.3.0-6ubuntu2~24.04.1) 13.3.0, GNU ld (GNU Binutils for Ubuntu) 2.42) #3 SMP PREEMPT_DYNAMIC Sun Aug  2 09:03:43 PDT 2026
[    0.000000] Command line: virtme_hostname=virtme-ng nr_open=1048576 virtme_link_mods=/home/prozak/sources/heimdall_experiment/uml-harness/.build/bpf-next-x86/.virtme_mods/lib/modules/0.0.0 virtme_rw_overlay0=/tmp virtme_console=ttyS0 console=ttyS0 earlyprintk=serial,ttyS0,115200 panic=-1 virtme.exec=`bW91bnQgLXQgYnBmIGJwZmZzIC9zeXMvZnMvYnBmIDI+L2Rldi9udWxsOyAuL3Rlc3RfcHJvZ3MgLXQgJ2ZleGl0X3Rlc3Qn` virtme_chdir=home/prozak/sources/heimdall_experiment/uml-harness/.build/selftests-output-qemu rootfstype=9p rootflags=version=9p2000.L,trans=virtio,access=any,msize=524288 raid=noautodetect rw debug init=/home/prozak/.local/share/vng-venv/lib/python3.12/site-packages/virtme/guest/bin/virtme-ng-init
[    0.000000] x86 CPU feature dependency check failure: CPU0 has '18*32+31' enabled but '18*32+26' disabled. Kernel might be fine, but no guarantees.
[    0.000000] BIOS-provided physical RAM map:
[    0.000000] BIOS-e820: [mem 0x0000000000000000-0x000000000009fbff]  System RAM
[    0.000000] BIOS-e820: [mem 0x000000000009fc00-0x000000000009ffff]  device reserved
[    0.000000] BIOS-e820: [gap 0x00000000000a0000-0x00000000000effff]
[    0.000000] BIOS-e820: [mem 0x00000000000f0000-0x00000000000fffff]  device reserved
[    0.000000] BIOS-e820: [mem 0x0000000000100000-0x00000000bffdffff]  System RAM
[    0.000000] BIOS-e820: [mem 0x00000000bffe0000-0x00000000bfffffff]  device reserved
[    0.000000] BIOS-e820: [gap 0x00000000c0000000-0x00000000feffbfff]
[    0.000000] BIOS-e820: [mem 0x00000000feffc000-0x00000000feffffff]  device reserved
[    0.000000] BIOS-e820: [gap 0x00000000ff000000-0x00000000fffbffff]
[    0.000000] BIOS-e820: [mem 0x00000000fffc0000-0x00000000ffffffff]  device reserved
[    0.000000] BIOS-e820: [mem 0x0000000100000000-0x000000013fffffff]  System RAM
[    0.000000] BIOS-e820: [gap 0x0000000140000000-0x000000fcffffffff]
[    0.000000] BIOS-e820: [mem 0x000000fd00000000-0x000000ffffffffff]  device reserved
[    0.000000] printk: legacy bootconsole [earlyser0] enabled
[    0.000000] NX (Execute Disable) protection: active
[    0.000000] APIC: Static calls initialized
[    0.000000] DMI: SMBIOS 3.0.0 present.
[    0.000000] DMI: QEMU Ubuntu 24.04 PC v2 (i440FX + PIIX, arch_caps fix, 1996), BIOS 1.16.3-debian-1.16.3-2 04/01/2014
[    0.000000] DMI: Memory slots populated: 1/1
[    0.000000] Hypervisor detected: KVM
[    0.000000] last_pfn = 0xbffe0 max_arch_pfn = 0x400000000
[    0.000000] kvm-clock: Using msrs 4b564d01 and 4b564d00
[    0.000001] kvm-clock: using sched offset of 473819147 cycles
[    0.000933] clocksource: kvm-clock: mask: 0xffffffffffffffff max_cycles: 0x1cd42e4dffb, max_idle_ns: 881590591483 ns
[    0.003765] tsc: Detected 3400.038 MHz processor
[    0.004936] e820: update [mem 0x00000000-0x00000fff] System RAM ==> device reserved
[    0.006311] e820: remove [mem 0x000a0000-0x000fffff] System RAM
[    0.007347] last_pfn = 0x140000 max_arch_pfn = 0x400000000
[    0.008387] MTRR map: 4 entries (3 fixed + 1 variable; max 19), built from 8 variable MTRRs
[    0.009878] x86/PAT: Configuration [0-7]: WB  WC  UC- UC  WB  WP  UC- WT  
Memory KASLR using RDRAND RDTSC...
[    0.011774] last_pfn = 0xbffe0 max_arch_pfn = 0x400000000
[    0.013975] found SMP MP-table at [mem 0x000f5450-0x000f545f]
[    0.015040] Using GB pages for direct mapping
[    0.015889] ACPI: Early table checksum verification disabled
[    0.016903] ACPI: RSDP 0x00000000000F5240 000014 (v00 BOCHS )
[    0.017902] ACPI: RSDT 0x00000000BFFE1F16 000034 (v01 BOCHS  BXPC     00000001 BXPC 00000001)
[    0.019402] ACPI: FACP 0x00000000BFFE1D92 000074 (v01 BOCHS  BXPC     00000001 BXPC 00000001)
[    0.020907] ACPI: DSDT 0x00000000BFFE0040 001D52 (v01 BOCHS  BXPC     00000001 BXPC 00000001)
[    0.022369] ACPI: FACS 0x00000000BFFE0000 000040
[    0.023196] ACPI: APIC 0x00000000BFFE1E06 0000B0 (v03 BOCHS  BXPC     00000001 BXPC 00000001)
[    0.024679] ACPI: HPET 0x00000000BFFE1EB6 000038 (v01 BOCHS  BXPC     00000001 BXPC 00000001)
[    0.026155] ACPI: WAET 0x00000000BFFE1EEE 000028 (v01 BOCHS  BXPC     00000001 BXPC 00000001)
[    0.027648] ACPI: Reserving FACP table memory at [mem 0xbffe1d92-0xbffe1e05]
[    0.028889] ACPI: Reserving DSDT table memory at [mem 0xbffe0040-0xbffe1d91]
[    0.030151] ACPI: Reserving FACS table memory at [mem 0xbffe0000-0xbffe003f]
[    0.031404] ACPI: Reserving APIC table memory at [mem 0xbffe1e06-0xbffe1eb5]
[    0.032646] ACPI: Reserving HPET table memory at [mem 0xbffe1eb6-0xbffe1eed]
[    0.033872] ACPI: Reserving WAET table memory at [mem 0xbffe1eee-0xbffe1f15]
[    0.035524] No NUMA configuration found
[    0.036182] Faking a node at [mem 0x0000000000000000-0x000000013fffffff]
[    0.037379] NODE_DATA(0) allocated [mem 0x13fff9c80-0x13fffdfff]
[    0.039222] ACPI: PM-Timer IO Port: 0x608
[    0.039927] ACPI: LAPIC_NMI (acpi_id[0xff] dfl dfl lint[0x1])
[    0.041007] IOAPIC[0]: apic_id 0, version 17, address 0xfec00000, GSI 0-23
[    0.042188] ACPI: INT_SRC_OVR (bus 0 bus_irq 0 global_irq 2 dfl dfl)
[    0.043297] ACPI: INT_SRC_OVR (bus 0 bus_irq 5 global_irq 5 high level)
[    0.044430] ACPI: INT_SRC_OVR (bus 0 bus_irq 9 global_irq 9 high level)
[    0.045661] ACPI: INT_SRC_OVR (bus 0 bus_irq 10 global_irq 10 high level)
[    0.046843] ACPI: INT_SRC_OVR (bus 0 bus_irq 11 global_irq 11 high level)
[    0.048018] ACPI: Using ACPI (MADT) for SMP configuration information
[    0.049186] ACPI: HPET id: 0x8086a201 base: 0xfed00000
[    0.050092] TSC deadline timer available
[    0.050803] CPU topo: Max. logical packages:   1
[    0.051594] CPU topo: Max. logical nodes:      1
[    0.052384] CPU topo: Num. nodes per package:  1
[    0.053207] CPU topo: Max. logical dies:       1
[    0.054018] CPU topo: Max. dies per package:   1
[    0.054849] CPU topo: Max. threads per core:   1
[    0.055641] CPU topo: Num. cores per package:     8
[    0.056475] CPU topo: Num. threads per package:   8
[    0.057343] CPU topo: Allowing 8 present CPUs plus 0 hotplug CPUs
[    0.058407] kvm-guest: APIC: eoi() replaced with kvm_guest_apic_eoi_write()
[    0.059664] kvm-guest: KVM setup pv remote TLB flush
[    0.060523] kvm-guest: setup PV sched yield
[    0.061279] PM: hibernation: Registered nosave memory: [mem 0x00000000-0x00000fff]
[    0.062635] PM: hibernation: Registered nosave memory: [mem 0x0009f000-0x000fffff]
[    0.063931] PM: hibernation: Registered nosave memory: [mem 0xbffe0000-0xffffffff]
[    0.065275] [gap 0xc0000000-0xfeffbfff] available for PCI devices
[    0.066329] Booting paravirtualized kernel on KVM
[    0.067154] clocksource: refined-jiffies: mask: 0xffffffff max_cycles: 0xffffffff, max_idle_ns: 1910969940391419 ns
[    0.073510] Zone ranges:
[    0.073973]   DMA      [mem 0x0000000000001000-0x0000000000ffffff]
[    0.075051]   DMA32    [mem 0x0000000001000000-0x00000000ffffffff]
[    0.076111]   Normal   [mem 0x0000000100000000-0x000000013fffffff]
[    0.077207] Movable zone start for each node
[    0.077980] Early memory node ranges
[    0.078626]   node   0: [mem 0x0000000000001000-0x000000000009efff]
[    0.079699]   node   0: [mem 0x0000000000100000-0x00000000bffdffff]
[    0.080790]   node   0: [mem 0x0000000100000000-0x000000013fffffff]
[    0.081912] Initmem setup node 0 [mem 0x0000000000001000-0x000000013fffffff]
[    0.083190] On node 0, zone DMA: 1 pages in unavailable ranges
[    0.084724] On node 0, zone DMA: 97 pages in unavailable ranges
[    0.211692] On node 0, zone Normal: 32 pages in unavailable ranges
[    0.212849] setup_percpu: NR_CPUS:128 nr_cpumask_bits:8 nr_cpu_ids:8 nr_node_ids:1
[    0.218441] percpu: Embedded 58 pages/cpu s199696 r8192 d29680 u262144
[    0.219608] pcpu-alloc: s199696 r8192 d29680 u262144 alloc=1*2097152
[    0.220724] pcpu-alloc: [0] 0 1 2 3 4 5 6 7 
[    0.221560] Kernel command line: virtme_hostname=virtme-ng nr_open=1048576 virtme_link_mods=/home/prozak/sources/heimdall_experiment/uml-harness/.build/bpf-next-x86/.virtme_mods/lib/modules/0.0.0 virtme_rw_overlay0=/tmp virtme_console=ttyS0 console=ttyS0 earlyprintk=serial,ttyS0,115200 panic=-1 virtme.exec=`bW91bnQgLXQgYnBmIGJwZmZzIC9zeXMvZnMvYnBmIDI+L2Rldi9udWxsOyAuL3Rlc3RfcHJvZ3MgLXQgJ2ZleGl0X3Rlc3Qn` virtme_chdir=home/prozak/sources/heimdall_experiment/uml-harness/.build/selftests-output-qemu rootfstype=9p rootflags=version=9p2000.L,trans=virtio,access=any,msize=524288 raid=noautodetect rw debug init=/home/prozak/.local/share/vng-venv/lib/python3.12/site-packages/virtme/guest/bin/virtme-ng-init
[    0.232515] Unknown kernel command line parameters "virtme_hostname=virtme-ng nr_open=1048576 virtme_link_mods=/home/prozak/sources/heimdall_experiment/uml-harness/.build/bpf-next-x86/.virtme_mods/lib/modules/0.0.0 virtme_rw_overlay0=/tmp virtme_console=ttyS0 virtme_chdir=home/prozak/sources/heimdall_experiment/uml-harness/.build/selftests-output-qemu", will be passed to user space.
[    0.238611] random: crng init done
[    0.239223] printk: log buffer data + meta data: 2097152 + 7340032 = 9437184 bytes
[    0.248635] Dentry cache hash table entries: 524288 (order: 10, 4194304 bytes, linear)
[    0.254119] Inode-cache hash table entries: 262144 (order: 9, 2097152 bytes, linear)
[    0.255705] software IO TLB: area num 8.
[    0.392558] Fallback order for Node 0: 0 
[    0.392564] Built 1 zonelists, mobility grouping on.  Total pages: 1048446
[    0.394557] Policy zone: Normal
[    0.395103] mem auto-init: stack:all(zero), heap alloc:off, heap free:off
[    0.401465] SLUB: HWalign=64, Order=0-3, MinObjects=0, CPUs=8, Nodes=1
Poking KASLR using RDRAND RDTSC...
[    0.417425] ftrace: allocating 69757 entries in 274 pages
[    0.418426] ftrace: allocated 274 pages with 3 groups
[    0.419807] Dynamic Preempt: full
[    0.420726] Running RCU self tests
[    0.421322] Running RCU synchronous self tests
[    0.422108] rcu: Preemptible hierarchical RCU implementation.
[    0.423126] rcu: 	RCU event tracing is enabled.
[    0.423913] rcu: 	RCU lockdep checking is enabled.
[    0.424777] rcu: 	RCU restricting CPUs from NR_CPUS=128 to nr_cpu_ids=8.
[    0.426000] 	Trampoline variant of Tasks RCU enabled.
[    0.426897] 	Rude variant of Tasks RCU enabled.
[    0.427685] 	Tracing variant of Tasks RCU enabled.
[    0.428538] rcu: RCU calculated value of scheduler-enlistment delay is 100 jiffies.
[    0.429894] rcu: Adjusting geometry for rcu_fanout_leaf=16, nr_cpu_ids=8
[    0.431122] Running RCU synchronous self tests
[    0.431921] RCU Tasks: Setting shift to 3 and lim to 1 rcu_task_cb_adjust=1 rcu_task_cpu_ids=8.
[    0.433449] RCU Tasks Rude: Setting shift to 3 and lim to 1 rcu_task_cb_adjust=1 rcu_task_cpu_ids=8.
[    0.440951] NR_IRQS: 8448, nr_irqs: 488, preallocated irqs: 16
[    0.442338] rcu: srcu_init: Setting srcu_struct sizes based on contention.
[    0.443635] clocksource: jiffies: mask: 0xffffffff max_cycles: 0xffffffff, max_idle_ns: 1911260446275000 ns
[    0.445835] Console: colour *CGA 80x25
[    0.446597] printk: legacy console [ttyS0] enabled
[    0.446597] printk: legacy console [ttyS0] enabled
[    0.448302] printk: legacy bootconsole [earlyser0] disabled
[    0.448302] printk: legacy bootconsole [earlyser0] disabled
[    0.450317] Lock dependency validator: Copyright (c) 2006 Red Hat, Inc., Ingo Molnar
[    0.451739] ... MAX_LOCKDEP_SUBCLASSES:  8
[    0.452494] ... MAX_LOCK_DEPTH:          48
[    0.453264] ... MAX_LOCKDEP_KEYS:        8192
[    0.454057] ... CLASSHASH_SIZE:          4096
[    0.454862] ... MAX_LOCKDEP_ENTRIES:     32768
[    0.455657] ... MAX_LOCKDEP_CHAINS:      65536
[    0.456472] ... CHAINHASH_SIZE:          32768
[    0.457265]  memory used by lock dependency info: 6429 kB
[    0.458251]  memory used for stack traces: 4224 kB
[    0.459127]  per task-struct memory footprint: 1920 bytes
[    0.460171] ACPI: Core revision 20260408
[    0.461173] clocksource: hpet: mask: 0xffffffff max_cycles: 0xffffffff, max_idle_ns: 19112604467 ns
[    0.463035] APIC: Switch to symmetric I/O mode setup
[    0.464384] x2apic enabled
[    0.465414] APIC: Switched APIC routing to: physical x2apic
[    0.466487] kvm-guest: APIC: send_IPI_mask() replaced with kvm_send_ipi_mask()
[    0.467851] kvm-guest: APIC: send_IPI_mask_allbutself() replaced with kvm_send_ipi_mask_allbutself()
[    0.469571] kvm-guest: setup PV IPIs
[    0.472664] ..TIMER: vector=0x30 apic1=0 pin1=2 apic2=-1 pin2=-1
[    0.473857] clocksource: tsc-early: mask: 0xffffffffffffffff max_cycles: 0x31027285e94, max_idle_ns: 440795238296 ns
[    0.475863] Calibrating delay loop (skipped) preset value.. 6800.07 BogoMIPS (lpj=3400038)
[    0.477872] x86/cpu: User Mode Instruction Prevention (UMIP) activated
[    0.479996] Last level iTLB entries: 4KB 512, 2MB 255, 4MB 127
[    0.480860] Last level dTLB entries: 4KB 512, 2MB 255, 4MB 127, 1GB 0
[    0.481867] mitigations: Enabled attack vectors: user_kernel, user_user, SMT mitigations: auto
[    0.482860] Speculative Store Bypass: Mitigation: Speculative Store Bypass disabled via prctl
[    0.483860] Speculative Return Stack Overflow: IBPB-extending microcode not applied!
[    0.484860] Speculative Return Stack Overflow: WARNING: See https://kernel.org/doc/html/latest/admin-guide/hw-vuln/srso.html for mitigation options.
[    0.484862] Transient Scheduler Attacks: Vulnerable: No microcode
[    0.486860] Spectre V2 : Mitigation: Retpolines
[    0.487860] Speculative Return Stack Overflow: Vulnerable: Safe RET, no microcode
[    0.488861] Spectre V1 : Mitigation: usercopy/swapgs barriers and __user pointer sanitization
[    0.489860] Spectre V2 : Spectre v2 / SpectreRSB: Filling RSB on context switch and VMEXIT
[    0.490859] Spectre V2 : Enabling Restricted Speculation for firmware calls
[    0.491862] Spectre V2 : mitigation: Enabling conditional Indirect Branch Prediction Barrier
[    0.492860] active return thunk: srso_alias_return_thunk
[    0.493911] x86/fpu: Supporting XSAVE feature 0x001: 'x87 floating point registers'
[    0.494859] x86/fpu: Supporting XSAVE feature 0x002: 'SSE registers'
[    0.495859] x86/fpu: Supporting XSAVE feature 0x004: 'AVX registers'
[    0.496860] x86/fpu: xstate_offset[2]:  576, xstate_sizes[2]:  256
[    0.497859] x86/fpu: Enabled xstate features 0x7, context size is 832 bytes, using 'compacted' format.
[    0.532963] pid_max: default: 32768 minimum: 301
[    0.534076] SELinux:  Initializing.
[    0.536227] LSM support for eBPF active
[    0.537150] Mount-cache hash table entries: 8192 (order: 4, 65536 bytes, linear)
[    0.537992] Mountpoint-cache hash table entries: 8192 (order: 4, 65536 bytes, linear)
[    0.540866] VFS: Finished mounting rootfs on nullfs
[    0.543279] Running RCU synchronous self tests
[    0.543861] Running RCU synchronous self tests
[    0.545399] smpboot: CPU0: AMD Ryzen 9 5950X 16-Core Processor (family: 0x19, model: 0x21, stepping: 0x2)
[    0.547895] Performance Events: Fam17h+ core perfctr, AMD PMU driver.
[    0.548879] ... version:                   0
[    0.549787] ... bit width:                 48
[    0.549865] ... generic counters:          6
[    0.550794] ... generic bitmap:            000000000000003f
[    0.550866] ... fixed-purpose counters:    0
[    0.551821] ... fixed-purpose bitmap:      0000000000000000
[    0.551865] ... value mask:                0000ffffffffffff
[    0.552867] ... max period:                00007fffffffffff
[    0.553865] ... global_ctrl mask:          000000000000003f
[    0.555200] signal: max sigframe size: 1776
[    0.556035] rcu: Hierarchical SRCU implementation.
[    0.556869] rcu: 	Max phase no-delay instances is 400.
[    0.558167] Timer migration: 1 hierarchy levels; 8 children per group; 1 crossnode level
[    0.571085] smp: Bringing up secondary CPUs ...
[    0.576078] smpboot: x86: Booting SMP configuration:
[    0.576866] .... node  #0, CPUs:      #1 #2 #3 #4 #5 #6 #7
[    0.610249] smp: Brought up 1 node, 8 CPUs
[    0.611804] smpboot: Total of 8 processors activated (54400.60 BogoMIPS)
[    0.613204] Memory: 3963784K/4193784K available (25637K kernel code, 10348K rwdata, 18032K rodata, 4668K init, 13400K bss, 221944K reserved, 0K cma-reserved)
[    0.616199] devtmpfs: initialized
[    0.620306] Running RCU synchronous self tests
[    0.620942] Running RCU synchronous self tests
[    0.621976] Running RCU Tasks wait API self tests
[    0.622949] Running RCU Tasks Rude wait API self tests
[    0.623870] Running RCU Tasks Trace wait API self tests
[    0.624983] posixtimers hash table entries: 4096 (order: 7, 294912 bytes, linear)
[    0.627120] futex hash table entries: 2048 (262144 bytes on 1 NUMA nodes, total 256 KiB, linear).
[    0.628865] PM: RTC time: 22:56:45, date: 2026-08-02
[    0.629899] Callback from call_rcu_tasks_trace() invoked.
[    0.636186] NET: Registered PF_NETLINK/PF_ROUTE protocol family
[    0.637884] audit: initializing netlink subsys (disabled)
[    0.638977] audit: type=2000 audit(1785711405.866:1): state=initialized audit_enabled=0 res=1
[    0.662584] thermal_sys: Registered thermal governor 'step_wise'
[    0.662659] cpuidle: using governor ladder
[    0.663802] cpuidle: using governor menu
[    0.665081] Freeing SMP alternatives memory: 68K
[    0.666728] PCI: Using configuration type 1 for base access
[    0.666866] PCI: Using configuration type 1 for extended access
[    0.668030] kprobes: kprobe jump-optimization is enabled. All kprobes are optimized if possible.
[    0.670024] HugeTLB: registered 1.00 GiB page size, pre-allocated 0 pages
[    0.670870] HugeTLB: 16380 KiB vmemmap can be freed for a 1.00 GiB page
[    0.671868] HugeTLB: registered 2.00 MiB page size, pre-allocated 0 pages
[    0.672871] HugeTLB: 28 KiB vmemmap can be freed for a 2.00 MiB page
[    0.679051] ACPI: Added _OSI(Module Device)
[    0.679872] ACPI: Added _OSI(Processor Device)
[    0.680835] ACPI: Added _OSI(Processor Aggregator Device)
[    0.684460] ACPI: 1 ACPI AML tables successfully acquired and loaded
[    0.687913] ACPI: \_SB_: platform _OSC: OS support mask [002a7eee]
[    0.689606] ACPI: Interpreter enabled
[    0.689932] ACPI: PM: (supports S0 S3 S4 S5)
[    0.690886] ACPI: Using IOAPIC for interrupt routing
[    0.691934] PCI: Using host bridge windows from ACPI; if necessary, use "pci=nocrs" and report a bug
[    0.692867] PCI: Using E820 reservations for host bridge windows
[    0.694240] ACPI: Enabled 2 GPEs in block 00 to 0F
[    0.710707] ACPI: PCI Root Bridge [PCI0] (domain 0000 [bus 00-ff])
[    0.710874] acpi PNP0A03:00: _OSC: OS supports [ExtendedConfig ASPM ClockPM Segments MSI HPX-Type3]
[    0.711879] acpi PNP0A03:00: _OSC: OS requested [PME PCIeCapability LTR]
[    0.712868] acpi PNP0A03:00: _OSC: platform willing to grant [PME PCIeCapability LTR]
[    0.713867] acpi PNP0A03:00: _OSC: platform retains control of PCIe features (AE_ERROR)
[    0.715656] PCI host bridge to bus 0000:00
[    0.715877] pci_bus 0000:00: root bus resource [io  0x0000-0x0cf7 window]
[    0.716870] pci_bus 0000:00: root bus resource [io  0x0d00-0xffff window]
[    0.717869] pci_bus 0000:00: root bus resource [mem 0x000a0000-0x000bffff window]
[    0.718868] pci_bus 0000:00: root bus resource [mem 0xc0000000-0xfebfffff window]
[    0.719869] pci_bus 0000:00: root bus resource [mem 0x380000000000-0x38007fffffff window]
[    0.720868] pci_bus 0000:00: root bus resource [bus 00-ff]
[    0.722272] pci 0000:00:00.0: [8086:1237] type 00 class 0x060000 conventional PCI endpoint
[    0.724517] pci 0000:00:01.0: [8086:7000] type 00 class 0x060100 conventional PCI endpoint
[    0.726362] pci 0000:00:01.1: [8086:7010] type 00 class 0x010180 conventional PCI endpoint
[    0.727684] pci 0000:00:01.1: BAR 4 [io  0xc1c0-0xc1cf]
[    0.727943] pci 0000:00:01.1: BAR 0 [io  0x01f0-0x01f7]: legacy IDE quirk
[    0.728868] pci 0000:00:01.1: BAR 1 [io  0x03f6]: legacy IDE quirk
[    0.729868] pci 0000:00:01.1: BAR 2 [io  0x0170-0x0177]: legacy IDE quirk
[    0.730867] pci 0000:00:01.1: BAR 3 [io  0x0376]: legacy IDE quirk
[    0.732591] pci 0000:00:01.3: [8086:7113] type 00 class 0x068000 conventional PCI endpoint
[    0.733612] pci 0000:00:01.3: quirk: [io  0x0600-0x063f] claimed by PIIX4 ACPI
[    0.733885] pci 0000:00:01.3: quirk: [io  0x0700-0x070f] claimed by PIIX4 SMB
[    0.735942] pci 0000:00:02.0: [1af4:1009] type 00 class 0x000200 conventional PCI endpoint
[    0.738834] pci 0000:00:02.0: BAR 0 [io  0xc000-0xc03f]
[    0.738886] pci 0000:00:02.0: BAR 1 [mem 0xfebf8000-0xfebf8fff]
[    0.739929] pci 0000:00:02.0: BAR 4 [mem 0x380000000000-0x380000003fff 64bit pref]
[    0.744057] pci 0000:00:03.0: [8086:25ab] type 00 class 0x088000 conventional PCI endpoint
[    0.745885] pci 0000:00:03.0: BAR 0 [mem 0xfebf9000-0xfebf900f]
[    0.749539] pci 0000:00:04.0: [1af4:1003] type 00 class 0x078000 conventional PCI endpoint
[    0.751404] pci 0000:00:04.0: BAR 0 [io  0xc040-0xc07f]
[    0.751886] pci 0000:00:04.0: BAR 1 [mem 0xfebfa000-0xfebfafff]
[    0.752930] pci 0000:00:04.0: BAR 4 [mem 0x380000004000-0x380000007fff 64bit pref]
[    0.757180] pci 0000:00:05.0: [1af4:1003] type 00 class 0x078000 conventional PCI endpoint
[    0.758886] pci 0000:00:05.0: BAR 0 [io  0xc080-0xc0bf]
[    0.759882] pci 0000:00:05.0: BAR 1 [mem 0xfebfb000-0xfebfbfff]
[    0.760930] pci 0000:00:05.0: BAR 4 [mem 0x380000008000-0x38000000bfff 64bit pref]
[    0.765241] pci 0000:00:06.0: [1af4:1003] type 00 class 0x078000 conventional PCI endpoint
[    0.766883] pci 0000:00:06.0: BAR 0 [io  0xc0c0-0xc0ff]
[    0.767886] pci 0000:00:06.0: BAR 1 [mem 0xfebfc000-0xfebfcfff]
[    0.768926] pci 0000:00:06.0: BAR 4 [mem 0x38000000c000-0x38000000ffff 64bit pref]
[    0.773214] pci 0000:00:07.0: [1af4:1003] type 00 class 0x078000 conventional PCI endpoint
[    0.774884] pci 0000:00:07.0: BAR 0 [io  0xc100-0xc13f]
[    0.775884] pci 0000:00:07.0: BAR 1 [mem 0xfebfd000-0xfebfdfff]
[    0.776929] pci 0000:00:07.0: BAR 4 [mem 0x380000010000-0x380000013fff 64bit pref]
[    0.781225] pci 0000:00:08.0: [1af4:1003] type 00 class 0x078000 conventional PCI endpoint
[    0.782867] pci 0000:00:08.0: BAR 0 [io  0xc140-0xc17f]
[    0.783881] pci 0000:00:08.0: BAR 1 [mem 0xfebfe000-0xfebfefff]
[    0.784928] pci 0000:00:08.0: BAR 4 [mem 0x380000014000-0x380000017fff 64bit pref]
[    0.789167] pci 0000:00:09.0: [1af4:1003] type 00 class 0x078000 conventional PCI endpoint
[    0.790885] pci 0000:00:09.0: BAR 0 [io  0xc180-0xc1bf]
[    0.791885] pci 0000:00:09.0: BAR 1 [mem 0xfebff000-0xfebfffff]
[    0.792939] pci 0000:00:09.0: BAR 4 [mem 0x380000018000-0x38000001bfff 64bit pref]
[    0.802552] ACPI: PCI: Interrupt link LNKA configured for IRQ 10
[    0.803121] ACPI: PCI: Interrupt link LNKB configured for IRQ 10
[    0.804122] ACPI: PCI: Interrupt link LNKC configured for IRQ 11
[    0.805118] ACPI: PCI: Interrupt link LNKD configured for IRQ 11
[    0.805995] ACPI: PCI: Interrupt link LNKS configured for IRQ 9
[    0.808878] iommu: Default domain type: Translated
[    0.809866] iommu: DMA domain TLB invalidation policy: lazy mode
[    0.812254] SCSI subsystem initialized
[    0.812947] libata version 3.00 loaded.
[    0.814026] ACPI: bus type USB registered
[    0.814997] usbcore: registered new interface driver usbfs
[    0.815941] usbcore: registered new interface driver hub
[    0.816907] usbcore: registered new device driver usb
[    0.818099] pps_core: LinuxPPS API ver. 1 registered
[    0.818867] pps_core: Software ver. 5.3.6 - Copyright 2005-2007 Rodolfo Giometti <giometti@linux.it>
[    0.819894] PTP clock support registered
[    0.821419] Advanced Linux Sound Architecture Driver Initialized.
[    0.823194] NetLabel: Initializing
[    0.823867] NetLabel:  domain hash size = 128
[    0.824810] NetLabel:  protocols = UNLABELED CIPSOv4 CALIPSO
[    0.824916] NetLabel:  unlabeled traffic allowed by default
[    0.826138] PCI: Using ACPI for IRQ routing
[    0.826868] PCI: pci_cache_line_size set to 64 bytes
[    0.828226] e820: register RAM buffer resource [mem 0x0009fc00-0x0009ffff]
[    0.828893] e820: register RAM buffer resource [mem 0xbffe0000-0xbfffffff]
[    0.828873] Callback from call_rcu_tasks() invoked.
[    0.829981] vgaarb: loaded
[    0.831664] hpet0: at MMIO 0xfed00000, IRQs 2, 8, 0
[    0.831867] hpet0: 3 comparators, 64-bit 100.000000 MHz counter
[    0.838239] clocksource: Switched to clocksource kvm-clock
[    0.840617] VFS: Disk quotas dquot_6.6.0
[    0.841559] VFS: Dquot-cache hash table entries: 512 (4096 bytes)
[    0.844182] pnp: PnP ACPI init
[    0.845415] pnp 00:02: [dma 2]
[    0.846932] pnp: PnP ACPI: found 4 devices
[    0.865222] clocksource: acpi_pm: mask: 0xffffff max_cycles: 0xffffff, max_idle_ns: 2085701024 ns
[    0.867557] NET: Registered PF_INET protocol family
[    0.870025] IP idents hash table entries: 65536 (order: 7, 524288 bytes, linear)
[    0.874021] tcp_listen_portaddr_hash hash table entries: 2048 (order: 6, 147456 bytes, linear)
[    0.876433] Table-perturb hash table entries: 65536 (order: 6, 262144 bytes, linear)
[    0.878104] TCP established hash table entries: 32768 (order: 6, 262144 bytes, linear)
[    0.880403] TCP bind hash table entries: 32768 (order: 11, 4718592 bytes, vmalloc hugepage)
[    0.892337] TCP: Hash tables configured (established 32768 bind 32768)
[    0.895288] MPTCP token hash table entries: 4096 (order: 7, 360448 bytes, linear)
[    0.897000] UDP hash table entries: 2048 (order: 7, 524288 bytes, linear)
[    0.899698] NET: Registered PF_UNIX/PF_LOCAL protocol family
[    0.902099] RPC: Registered named UNIX socket transport module.
[    0.903689] RPC: Registered udp transport module.
[    0.904780] RPC: Registered tcp transport module.
[    0.905821] RPC: Registered tcp-with-tls transport module.
[    0.907055] RPC: Registered tcp NFSv4.1 backchannel transport module.
[    0.909294] NET: Registered PF_XDP protocol family
[    0.910426] pci_bus 0000:00: resource 4 [io  0x0000-0x0cf7 window]
[    0.911777] pci_bus 0000:00: resource 5 [io  0x0d00-0xffff window]
[    0.913129] pci_bus 0000:00: resource 6 [mem 0x000a0000-0x000bffff window]
[    0.914586] pci_bus 0000:00: resource 7 [mem 0xc0000000-0xfebfffff window]
[    0.916049] pci_bus 0000:00: resource 8 [mem 0x380000000000-0x38007fffffff window]
[    0.917788] pci 0000:00:01.0: PIIX3: Enabling Passive Release
[    0.919033] pci 0000:00:00.0: Limiting direct PCI/PCI transfers
[    0.920515] PCI: CLS 0 bytes, default 64
[    0.921512] PCI-DMA: Using software bounce buffering for IO (SWIOTLB)
[    0.922868] software IO TLB: mapped [mem 0x00000000bbfe0000-0x00000000bffe0000] (64MB)
[    0.925864] clocksource: tsc: mask: 0xffffffffffffffff max_cycles: 0x31027285e94, max_idle_ns: 440795238296 ns
[    0.937038] Initialise system trusted keyrings
[    0.938408] workingset: timestamp_bits=40 (anon: 35) max_order=20 bucket_order=0 (anon: 0)
[    0.941397] squashfs: version 4.0 (2009/01/31) Phillip Lougher
[    0.943423] NFS: Registering the id_resolver key type
[    0.944614] Key type id_resolver registered
[    0.945575] Key type id_legacy registered
[    0.946532] nfs4filelayout_init: NFSv4 File Layout Driver Registering...
[    0.948020] nfs4flexfilelayout_init: NFSv4 Flexfile Layout Driver Registering...
[    0.949881] fuse: init (API version 7.45)
[    0.951066] 9p: Installing v9fs 9p2000 file system support
[    0.954034] NET: Registered PF_ALG protocol family
[    0.955138] Key type asymmetric registered
[    0.956053] Asymmetric key parser 'x509' registered
[    0.957278] Block layer SCSI generic (bsg) driver version 0.4 loaded (major 248)
[    0.959531] io scheduler mq-deadline registered
[    0.960772] io scheduler kyber registered
[    0.963126] input: Power Button as /devices/platform/LNXPWRBN:00/input/input0
[    0.964980] ACPI: button: Power Button [PWRF]
[    1.092753] ACPI: \_SB_.LNKB: Enabled at IRQ 10
[    1.218343] ACPI: \_SB_.LNKD: Enabled at IRQ 11
[    1.342486] ACPI: \_SB_.LNKA: Enabled at IRQ 10
[    1.484070] kwatchdog (97) used greatest stack depth: 14776 bytes left
[    1.590922] ACPI: \_SB_.LNKC: Enabled at IRQ 11
[    1.840587] Serial: 8250/16550 driver, 4 ports, IRQ sharing enabled
[    1.843054] 00:03: ttyS0 at I/O 0x3f8 (irq = 4, base_baud = 115200) is a 16550A
[    1.991451] Non-volatile memory driver v1.3
[    1.993602] ACPI: bus type drm_connector registered
[    2.015123] brd: module loaded
[    2.028521] loop: module loaded
[    2.033774] scsi host0: ata_piix
[    2.036010] scsi host1: ata_piix
[    2.037085] ata1: PATA max MWDMA2 cmd 0x1f0 ctl 0x3f6 bmdma 0xc1c0 irq 14 lpm-pol 0
[    2.038760] ata2: PATA max MWDMA2 cmd 0x170 ctl 0x376 bmdma 0xc1c8 irq 15 lpm-pol 0
[    2.045220] tun: Universal TUN/TAP device driver, 1.6
[    2.046877] e100: Intel(R) PRO/100 Network Driver
[    2.047916] e100: Copyright(c) 1999-2006 Intel Corporation
[    2.049198] e1000: Intel(R) PRO/1000 Network Driver
[    2.050262] e1000: Copyright (c) 1999-2006 Intel Corporation.
[    2.051677] e1000e: Intel(R) PRO/1000 Network Driver
[    2.052800] e1000e: Copyright(c) 1999 - 2015 Intel Corporation.
[    2.054208] sky2: driver version 1.30
[    2.056285] usbcore: registered new interface driver usblp
[    2.057619] usbcore: registered new interface driver usb-storage
[    2.059105] i8042: PNP: PS/2 Controller [PNP0303:KBD,PNP0f13:MOU] at 0x60,0x64 irq 1,12
[    2.062343] serio: i8042 KBD port at 0x60,0x64 irq 1
[    2.063899] serio: i8042 AUX port at 0x60,0x64 irq 12
[    2.066149] rtc_cmos PNP0B00:00: RTC can wake from S4
[    2.069777] input: AT Translated Set 2 keyboard as /devices/platform/i8042/serio0/input/input1
[    2.072628] rtc_cmos PNP0B00:00: registered as rtc0
[    2.073952] rtc_cmos PNP0B00:00: alarms up to one day, y3k, 242 bytes nvram, hpet irqs
[    2.077606] Registered IR keymap rc-empty
[    2.079203] rc rc0: rc-core loopback device as /devices/virtual/rc/rc0
[    2.081194] rc rc0: lirc_dev: driver rc-loopback registered at minor = 0, raw IR receiver, raw IR transmitter
[    2.083875] input: rc-core loopback device as /devices/virtual/rc/rc0/input4
[    2.087045] intel_powerclamp: CPU does not support MWAIT
[    2.088347] device-mapper: core: CONFIG_IMA_DISABLE_HTABLE is disabled. Duplicate IMA measurements will not be recorded in the IMA log.
[    2.091567] device-mapper: ioctl: 4.50.0-ioctl (2025-04-28) initialised: dm-devel@lists.linux.dev
[    2.093675] amd_pstate: the _CPC object is not present in SBIOS or ACPI disabled
[    2.096386] hid: raw HID events driver (C) Jiri Kosina
[    2.099566] usbcore: registered new interface driver usbhid
[    2.100798] usbhid: USB HID core driver
[    2.102997] GACT probability NOT on
[    2.103875] Mirror/redirect action on
[    2.106057] nf_conntrack_irc: The irc conntrack helper is scheduled for removal.
[    2.106057] Please contact the netfilter-devel mailing list if you still need this.
[    2.111044] ipip: IPv4 and MPLS over IPv4 tunneling driver
[    2.112968] gre: GRE over IPv4 demultiplexer driver
[    2.114065] ip_gre: GRE over IPv4 tunneling driver
[    2.117672] Initializing XFRM netlink socket
[    2.118693] IPsec XFRM device driver
[    2.119611] NET: Registered PF_INET6 protocol family
[    2.122853] Segment Routing with IPv6
[    2.123730] In-situ OAM (IOAM) with IPv6
[    2.124645] mip6: Mobile IPv6
[    2.125324] sit: IPv6, IPv4 and MPLS over IPv4 tunneling driver
[    2.128106] ip6_gre: GRE over IPv6 tunneling driver
[    2.129971] NET: Registered PF_PACKET protocol family
[    2.131268] RPC: Registered rdma transport module.
[    2.132334] RPC: Registered rdma backchannel transport module.
[    2.133878] 8021q: 802.1Q VLAN Support v1.8
[    2.135776] smc: adding smcd device lo without pnetid
[    2.137059] NET: Registered PF_SMC protocol family
[    2.138578] 9pnet: Installing 9P2000 support
[    2.141031] Key type dns_resolver registered
[    2.142353] NET: Registered PF_VSOCK protocol family
[    2.143611] mpls_gso: MPLS GSO support
[    2.148204] IPI shorthand broadcast: enabled
[    2.192199] sched_clock: Marking stable (2167015206, 24223140)->(2294166353, -102928007)
[    2.195590] ata2: found unknown device (class 0)
[    2.196481] registered taskstats version 1
[    2.199082] ata2.00: ATAPI: QEMU DVD-ROM, 2.5+, max UDMA/100
[    2.203756] scsi 1:0:0:0: CD-ROM            QEMU     QEMU DVD-ROM     2.5+ PQ: 0 ANSI: 5
[    2.215408] Loading compiled-in X.509 certificates
[    2.217549] kworker/u32:1 (118) used greatest stack depth: 14152 bytes left
[    2.218885] Loaded X.509 cert 'Build time autogenerated kernel key: c4531344b9a9c1a4731230d977a262ba29ba5272'
[    2.238370] sr 1:0:0:0: [sr0] scsi3-mmc drive: 4x/4x cd/rw xa/form2 tray
[    2.259463] Demotion targets for Node 0: null
[    2.261002] ima: No TPM chip found, activating TPM-bypass!
[    2.262215] ima: Allocated hash algorithm: sha1
[    2.263641] ima: No architecture policies found
[    2.264298] cdrom: Uniform CD-ROM driver Revision: 3.20
[    2.266007] PM:   Magic number: 6:388:956
[    2.267318] virtio-pci 0000:00:04.0: hash matches
[    2.268465] netconsole: network logging started
[    2.270411] cfg80211: Loading compiled-in X.509 certificates for regulatory database
[    2.272720] kworker/u32:1 (122) used greatest stack depth: 14088 bytes left
[    2.273352] Loaded X.509 cert 'sforshee: 00b28ddf47aef9cea7'
[    2.275932] Loaded X.509 cert 'wens: 61c038651aabdcf94bd0ac7ff06c7248db18c600'
[    2.278157] faux_driver regulatory: Direct firmware load for regulatory.db failed with error -2
[    2.279071] ALSA device list:
[    2.280326] cfg80211: failed to load regulatory.db
[    2.281059]   No soundcards found.
[    2.281138] sr 1:0:0:0: Attached scsi CD-ROM sr0
[    2.282656] sr 1:0:0:0: Attached scsi generic sg0 type 5
[    2.510059] input: ImExPS/2 Generic Explorer Mouse as /devices/platform/i8042/serio1/input/input3
[    2.512012] md: Skipping autodetection of RAID arrays. (raid=autodetect will force)
[    2.513208] 9p: Bad value for 'source'
[    2.513866] 9pnet: Limiting 'msize' to 512000 as this is the maximum supported by transport virtio
[    2.517383] VFS: Mounted root (9p filesystem) on device 0:22.
[    2.519389] devtmpfs: mounted
[    2.520205] VFS: Pivoted into new rootfs
[    2.525194] Freeing unused kernel image (initmem) memory: 4668K
[    2.526081] Write protecting the kernel read-only data: 45056k
[    2.528090] Freeing unused kernel image (text/rodata gap) memory: 984K
[    2.529478] Freeing unused kernel image (rodata/data gap) memory: 400K
[    2.567193] x86/mm: Checked W+X mappings: passed, no W+X pages found.
[    2.568112] Run /home/prozak/.local/share/vng-venv/lib/python3.12/site-packages/virtme/guest/bin/virtme-ng-init as init process
[    2.569619]   with arguments:
[    2.570056]     /home/prozak/.local/share/vng-venv/lib/python3.12/site-packages/virtme/guest/bin/virtme-ng-init
[    2.571403]   with environment:
[    2.571856]     HOME=/
[    2.572212]     TERM=linux
[    2.572614]     virtme_hostname=virtme-ng
[    2.573156]     nr_open=1048576
[    2.573634]     virtme_link_mods=/home/prozak/sources/heimdall_experiment/uml-harness/.build/bpf-next-x86/.virtme_mods/lib/modules/0.0.0
[    2.575247]     virtme_rw_overlay0=/tmp
[    2.575782]     virtme_console=ttyS0
[    2.576328]     virtme_chdir=home/prozak/sources/heimdall_experiment/uml-harness/.build/selftests-output-qemu
[    2.652384] virtme-ng-init: mount devtmpfs -> /dev: EBUSY: Device or resource busy
[    2.654174] virtme-ng-init: Setting hostname to virtme-ng...
[    2.688814] virtme-ng-init: running systemd-tmpfiles
[    3.866820] systemd-tmpfile (127) used greatest stack depth: 12504 bytes left
[    3.866932] virtme-ng-init: basic initialization done
[    3.884933] virtme-ng-init: error creating file: Permission denied (os error 13)
[    3.963702] ip (132) used greatest stack depth: 11720 bytes left
[    4.057556] virtme-ng-init: Starting systemd-udevd version 255.4-1ubuntu8.16
[    4.059890] virtme-ng-init: triggering udev coldplug
[    7.129425] virtme-ng-init: waiting for udev to settle
[    7.895854] virtme-ng-init: udev is done
[    7.900498] virtme-ng-init: starting script
[    8.171998] bpf_testmod: loading out-of-tree module taints kernel.
[    8.173017] bpf_testmod: module verification failed: signature and/or required key missing - tainting kernel
[    8.613619] smc: removing smcd device lo
[    8.682337] ACPI: PM: Preparing to enter system sleep state S5
[    8.683462] reboot: Power down
