#123/1   fexit_bpf2bpf/target_no_callees:OK
#123/2   fexit_bpf2bpf/target_yes_callees:OK
#123/3   fexit_bpf2bpf/func_replace:OK
#123/4   fexit_bpf2bpf/func_replace_verify:OK
#123/5   fexit_bpf2bpf/func_replace_return_code:OK
#123/6   fexit_bpf2bpf/func_map_prog_compatibility:OK
#123/7   fexit_bpf2bpf/func_replace_unreliable:OK
#123/8   fexit_bpf2bpf/func_replace_multi:OK
#123/9   fexit_bpf2bpf/fmod_ret_freplace:OK
#123/10  fexit_bpf2bpf/func_replace_global_func:OK
#123/11  fexit_bpf2bpf/fentry_to_cgroup_bpf:OK
#123/12  fexit_bpf2bpf/func_replace_progmap:OK
#123/13  fexit_bpf2bpf/freplace_int_with_void:OK
#123/14  fexit_bpf2bpf/freplace_void:OK
#123     fexit_bpf2bpf:OK
Summary: 1/14 PASSED, 0 SKIPPED, 0 FAILED
 09:03:43 PDT 2026
[    0.000000] Command line: virtme_hostname=virtme-ng nr_open=1048576 virtme_link_mods=/home/prozak/sources/heimdall_experiment/uml-harness/.build/bpf-next-x86/.virtme_mods/lib/modules/0.0.0 virtme_rw_overlay0=/tmp virtme_console=ttyS0 console=ttyS0 earlyprintk=serial,ttyS0,115200 panic=-1 virtme.exec=`Li90ZXN0X3Byb2dzIC10ICdmZXhpdF9icGYyYnBmJw==` virtme_chdir=home/prozak/sources/heimdall_experiment/uml-harness/.build/selftests-output-qemu rootfstype=9p rootflags=version=9p2000.L,trans=virtio,access=any,msize=524288 raid=noautodetect rw debug init=/home/prozak/.local/share/vng-venv/lib/python3.12/site-packages/virtme/guest/bin/virtme-ng-init
[    0.000000] x86 CPU feature dependency check failure: CPU0 has '18*32+31' enabled but '18*32+26' disabled. Kernel might be fine, but no guarantees.
[    0.000000] BIOS-provided physical RAM map:
[    0.000000] BIOS-e820: [mem 0x0000000000000000-0x000000000009fbff]  System RAM
[    0.000000] BIOS-e820: [mem 0x000000000009fc00-0x000000000009ffff]  device reserved
[    0.000000] BIOS-e820: [gap 0x00000000000a0000-0x00000000000effff]
[    0.000000] BIOS-e820: [mem 0x00000000000f0000-0x00000000000fffff]  device reserved
[    0.000000] BIOS-e820: [mem 0x0000000000100000-0x00000000bffdffff]  System RAM
[    0.000000] BIOS-e820: [mem 0x00000000bffe0000-0x00000000bfffffff]  device reserved
[    0.000000] BIOS-e820: [gap 0x00000000c0000000-0x00000000feffbfff]
[    0.000000] BIOS-e820: [mem 0x00000000feffc000-0x00000000feffffff]  device reserved
[    0.000000] BIOS-e820: [gap 0x00000000ff000000-0x00000000fffbffff]
[    0.000000] BIOS-e820: [mem 0x00000000fffc0000-0x00000000ffffffff]  device reserved
[    0.000000] BIOS-e820: [mem 0x0000000100000000-0x000000013fffffff]  System RAM
[    0.000000] BIOS-e820: [gap 0x0000000140000000-0x000000fcffffffff]
[    0.000000] BIOS-e820: [mem 0x000000fd00000000-0x000000ffffffffff]  device reserved
[    0.000000] printk: legacy bootconsole [earlyser0] enabled
[    0.000000] NX (Execute Disable) protection: active
[    0.000000] APIC: Static calls initialized
[    0.000000] DMI: SMBIOS 3.0.0 present.
[    0.000000] DMI: QEMU Ubuntu 24.04 PC v2 (i440FX + PIIX, arch_caps fix, 1996), BIOS 1.16.3-debian-1.16.3-2 04/01/2014
[    0.000000] DMI: Memory slots populated: 1/1
[    0.000000] Hypervisor detected: KVM
[    0.000000] last_pfn = 0xbffe0 max_arch_pfn = 0x400000000
[    0.000000] kvm-clock: Using msrs 4b564d01 and 4b564d00
[    0.000001] kvm-clock: using sched offset of 449439454 cycles
[    0.000951] clocksource: kvm-clock: mask: 0xffffffffffffffff max_cycles: 0x1cd42e4dffb, max_idle_ns: 881590591483 ns
[    0.003805] tsc: Detected 3400.038 MHz processor
[    0.004994] e820: update [mem 0x00000000-0x00000fff] System RAM ==> device reserved
[    0.006328] e820: remove [mem 0x000a0000-0x000fffff] System RAM
[    0.007349] last_pfn = 0x140000 max_arch_pfn = 0x400000000
[    0.008414] MTRR map: 4 entries (3 fixed + 1 variable; max 19), built from 8 variable MTRRs
[    0.009882] x86/PAT: Configuration [0-7]: WB  WC  UC- UC  WB  WP  UC- WT  
Memory KASLR using RDRAND RDTSC...
[    0.011776] last_pfn = 0xbffe0 max_arch_pfn = 0x400000000
[    0.013970] found SMP MP-table at [mem 0x000f5450-0x000f545f]
[    0.015008] Using GB pages for direct mapping
[    0.015900] ACPI: Early table checksum verification disabled
[    0.016920] ACPI: RSDP 0x00000000000F5240 000014 (v00 BOCHS )
[    0.017964] ACPI: RSDT 0x00000000BFFE1F16 000034 (v01 BOCHS  BXPC     00000001 BXPC 00000001)
[    0.019481] ACPI: FACP 0x00000000BFFE1D92 000074 (v01 BOCHS  BXPC     00000001 BXPC 00000001)
[    0.020994] ACPI: DSDT 0x00000000BFFE0040 001D52 (v01 BOCHS  BXPC     00000001 BXPC 00000001)
[    0.022542] ACPI: FACS 0x00000000BFFE0000 000040
[    0.023375] ACPI: APIC 0x00000000BFFE1E06 0000B0 (v03 BOCHS  BXPC     00000001 BXPC 00000001)
[    0.024890] ACPI: HPET 0x00000000BFFE1EB6 000038 (v01 BOCHS  BXPC     00000001 BXPC 00000001)
[    0.026403] ACPI: WAET 0x00000000BFFE1EEE 000028 (v01 BOCHS  BXPC     00000001 BXPC 00000001)
[    0.027879] ACPI: Reserving FACP table memory at [mem 0xbffe1d92-0xbffe1e05]
[    0.029108] ACPI: Reserving DSDT table memory at [mem 0xbffe0040-0xbffe1d91]
[    0.030383] ACPI: Reserving FACS table memory at [mem 0xbffe0000-0xbffe003f]
[    0.031622] ACPI: Reserving APIC table memory at [mem 0xbffe1e06-0xbffe1eb5]
[    0.032886] ACPI: Reserving HPET table memory at [mem 0xbffe1eb6-0xbffe1eed]
[    0.034100] ACPI: Reserving WAET table memory at [mem 0xbffe1eee-0xbffe1f15]
[    0.035778] No NUMA configuration found
[    0.036477] Faking a node at [mem 0x0000000000000000-0x000000013fffffff]
[    0.037625] NODE_DATA(0) allocated [mem 0x13fff9c80-0x13fffdfff]
[    0.039486] ACPI: PM-Timer IO Port: 0x608
[    0.040189] ACPI: LAPIC_NMI (acpi_id[0xff] dfl dfl lint[0x1])
[    0.041255] IOAPIC[0]: apic_id 0, version 17, address 0xfec00000, GSI 0-23
[    0.042456] ACPI: INT_SRC_OVR (bus 0 bus_irq 0 global_irq 2 dfl dfl)
[    0.043584] ACPI: INT_SRC_OVR (bus 0 bus_irq 5 global_irq 5 high level)
[    0.044776] ACPI: INT_SRC_OVR (bus 0 bus_irq 9 global_irq 9 high level)
[    0.045945] ACPI: INT_SRC_OVR (bus 0 bus_irq 10 global_irq 10 high level)
[    0.047165] ACPI: INT_SRC_OVR (bus 0 bus_irq 11 global_irq 11 high level)
[    0.048390] ACPI: Using ACPI (MADT) for SMP configuration information
[    0.049543] ACPI: HPET id: 0x8086a201 base: 0xfed00000
[    0.050444] TSC deadline timer available
[    0.051118] CPU topo: Max. logical packages:   1
[    0.051923] CPU topo: Max. logical nodes:      1
[    0.052731] CPU topo: Num. nodes per package:  1
[    0.053544] CPU topo: Max. logical dies:       1
[    0.054353] CPU topo: Max. dies per package:   1
[    0.055145] CPU topo: Max. threads per core:   1
[    0.055960] CPU topo: Num. cores per package:     8
[    0.056840] CPU topo: Num. threads per package:   8
[    0.057718] CPU topo: Allowing 8 present CPUs plus 0 hotplug CPUs
[    0.058820] kvm-guest: APIC: eoi() replaced with kvm_guest_apic_eoi_write()
[    0.060055] kvm-guest: KVM setup pv remote TLB flush
[    0.060944] kvm-guest: setup PV sched yield
[    0.061711] PM: hibernation: Registered nosave memory: [mem 0x00000000-0x00000fff]
[    0.063065] PM: hibernation: Registered nosave memory: [mem 0x0009f000-0x000fffff]
[    0.064404] PM: hibernation: Registered nosave memory: [mem 0xbffe0000-0xffffffff]
[    0.065735] [gap 0xc0000000-0xfeffbfff] available for PCI devices
[    0.066830] Booting paravirtualized kernel on KVM
[    0.067636] clocksource: refined-jiffies: mask: 0xffffffff max_cycles: 0xffffffff, max_idle_ns: 1910969940391419 ns
[    0.074022] Zone ranges:
[    0.074489]   DMA      [mem 0x0000000000001000-0x0000000000ffffff]
[    0.075574]   DMA32    [mem 0x0000000001000000-0x00000000ffffffff]
[    0.076691]   Normal   [mem 0x0000000100000000-0x000000013fffffff]
[    0.077844] Movable zone start for each node
[    0.078622] Early memory node ranges
[    0.079274]   node   0: [mem 0x0000000000001000-0x000000000009efff]
[    0.080405]   node   0: [mem 0x0000000000100000-0x00000000bffdffff]
[    0.081524]   node   0: [mem 0x0000000100000000-0x000000013fffffff]
[    0.082665] Initmem setup node 0 [mem 0x0000000000001000-0x000000013fffffff]
[    0.083966] On node 0, zone DMA: 1 pages in unavailable ranges
[    0.085400] On node 0, zone DMA: 97 pages in unavailable ranges
[    0.188117] On node 0, zone Normal: 32 pages in unavailable ranges
[    0.189324] setup_percpu: NR_CPUS:128 nr_cpumask_bits:8 nr_cpu_ids:8 nr_node_ids:1
[    0.194001] percpu: Embedded 58 pages/cpu s199696 r8192 d29680 u262144
[    0.195170] pcpu-alloc: s199696 r8192 d29680 u262144 alloc=1*2097152
[    0.196266] pcpu-alloc: [0] 0 1 2 3 4 5 6 7 
[    0.197089] Kernel command line: virtme_hostname=virtme-ng nr_open=1048576 virtme_link_mods=/home/prozak/sources/heimdall_experiment/uml-harness/.build/bpf-next-x86/.virtme_mods/lib/modules/0.0.0 virtme_rw_overlay0=/tmp virtme_console=ttyS0 console=ttyS0 earlyprintk=serial,ttyS0,115200 panic=-1 virtme.exec=`Li90ZXN0X3Byb2dzIC10ICdmZXhpdF9icGYyYnBmJw==` virtme_chdir=home/prozak/sources/heimdall_experiment/uml-harness/.build/selftests-output-qemu rootfstype=9p rootflags=version=9p2000.L,trans=virtio,access=any,msize=524288 raid=noautodetect rw debug init=/home/prozak/.local/share/vng-venv/lib/python3.12/site-packages/virtme/guest/bin/virtme-ng-init
[    0.207398] Unknown kernel command line parameters "virtme_hostname=virtme-ng nr_open=1048576 virtme_link_mods=/home/prozak/sources/heimdall_experiment/uml-harness/.build/bpf-next-x86/.virtme_mods/lib/modules/0.0.0 virtme_rw_overlay0=/tmp virtme_console=ttyS0 virtme_chdir=home/prozak/sources/heimdall_experiment/uml-harness/.build/selftests-output-qemu", will be passed to user space.
[    0.213493] random: crng init done
[    0.214082] printk: log buffer data + meta data: 2097152 + 7340032 = 9437184 bytes
[    0.221674] Dentry cache hash table entries: 524288 (order: 10, 4194304 bytes, linear)
[    0.226297] Inode-cache hash table entries: 262144 (order: 9, 2097152 bytes, linear)
[    0.227898] software IO TLB: area num 8.
[    0.344408] Fallback order for Node 0: 0 
[    0.344512] Built 1 zonelists, mobility grouping on.  Total pages: 1048446
[    0.347021] Policy zone: Normal
[    0.347646] mem auto-init: stack:all(zero), heap alloc:off, heap free:off
[    0.355291] SLUB: HWalign=64, Order=0-3, MinObjects=0, CPUs=8, Nodes=1
Poking KASLR using RDRAND RDTSC...
[    0.371410] ftrace: allocating 69757 entries in 274 pages
[    0.372380] ftrace: allocated 274 pages with 3 groups
[    0.373701] Dynamic Preempt: full
[    0.374536] Running RCU self tests
[    0.375157] Running RCU synchronous self tests
[    0.375970] rcu: Preemptible hierarchical RCU implementation.
[    0.377024] rcu: 	RCU event tracing is enabled.
[    0.377843] rcu: 	RCU lockdep checking is enabled.
[    0.378725] rcu: 	RCU restricting CPUs from NR_CPUS=128 to nr_cpu_ids=8.
[    0.379936] 	Trampoline variant of Tasks RCU enabled.
[    0.380863] 	Rude variant of Tasks RCU enabled.
[    0.381674] 	Tracing variant of Tasks RCU enabled.
[    0.382527] rcu: RCU calculated value of scheduler-enlistment delay is 100 jiffies.
[    0.383896] rcu: Adjusting geometry for rcu_fanout_leaf=16, nr_cpu_ids=8
[    0.385170] Running RCU synchronous self tests
[    0.385993] RCU Tasks: Setting shift to 3 and lim to 1 rcu_task_cb_adjust=1 rcu_task_cpu_ids=8.
[    0.387539] RCU Tasks Rude: Setting shift to 3 and lim to 1 rcu_task_cb_adjust=1 rcu_task_cpu_ids=8.
[    0.394727] NR_IRQS: 8448, nr_irqs: 488, preallocated irqs: 16
[    0.396102] rcu: srcu_init: Setting srcu_struct sizes based on contention.
[    0.397391] clocksource: jiffies: mask: 0xffffffff max_cycles: 0xffffffff, max_idle_ns: 1911260446275000 ns
[    0.399501] Console: colour *CGA 80x25
[    0.400254] printk: legacy console [ttyS0] enabled
[    0.400254] printk: legacy console [ttyS0] enabled
[    0.401971] printk: legacy bootconsole [earlyser0] disabled
[    0.401971] printk: legacy bootconsole [earlyser0] disabled
[    0.404002] Lock dependency validator: Copyright (c) 2006 Red Hat, Inc., Ingo Molnar
[    0.405374] ... MAX_LOCKDEP_SUBCLASSES:  8
[    0.406099] ... MAX_LOCK_DEPTH:          48
[    0.406854] ... MAX_LOCKDEP_KEYS:        8192
[    0.407646] ... CLASSHASH_SIZE:          4096
[    0.408435] ... MAX_LOCKDEP_ENTRIES:     32768
[    0.409274] ... MAX_LOCKDEP_CHAINS:      65536
[    0.410069] ... CHAINHASH_SIZE:          32768
[    0.410913]  memory used by lock dependency info: 6429 kB
[    0.411877]  memory used for stack traces: 4224 kB
[    0.412719]  per task-struct memory footprint: 1920 bytes
[    0.413779] ACPI: Core revision 20260408
[    0.414684] clocksource: hpet: mask: 0xffffffff max_cycles: 0xffffffff, max_idle_ns: 19112604467 ns
[    0.416513] APIC: Switch to symmetric I/O mode setup
[    0.417853] x2apic enabled
[    0.418893] APIC: Switched APIC routing to: physical x2apic
[    0.419939] kvm-guest: APIC: send_IPI_mask() replaced with kvm_send_ipi_mask()
[    0.421329] kvm-guest: APIC: send_IPI_mask_allbutself() replaced with kvm_send_ipi_mask_allbutself()
[    0.423092] kvm-guest: setup PV IPIs
[    0.425781] ..TIMER: vector=0x30 apic1=0 pin1=2 apic2=-1 pin2=-1
[    0.426974] clocksource: tsc-early: mask: 0xffffffffffffffff max_cycles: 0x31027285e94, max_idle_ns: 440795238296 ns
[    0.428965] Calibrating delay loop (skipped) preset value.. 6800.07 BogoMIPS (lpj=3400038)
[    0.430431] x86/cpu: User Mode Instruction Prevention (UMIP) activated
[    0.432284] Last level iTLB entries: 4KB 512, 2MB 255, 4MB 127
[    0.432962] Last level dTLB entries: 4KB 512, 2MB 255, 4MB 127, 1GB 0
[    0.434014] mitigations: Enabled attack vectors: user_kernel, user_user, SMT mitigations: auto
[    0.434962] Speculative Store Bypass: Mitigation: Speculative Store Bypass disabled via prctl
[    0.435964] Speculative Return Stack Overflow: IBPB-extending microcode not applied!
[    0.436962] Speculative Return Stack Overflow: WARNING: See https://kernel.org/doc/html/latest/admin-guide/hw-vuln/srso.html for mitigation options.
[    0.436965] Transient Scheduler Attacks: Vulnerable: No microcode
[    0.438962] Spectre V2 : Mitigation: Retpolines
[    0.439962] Speculative Return Stack Overflow: Vulnerable: Safe RET, no microcode
[    0.440962] Spectre V1 : Mitigation: usercopy/swapgs barriers and __user pointer sanitization
[    0.441963] Spectre V2 : Spectre v2 / SpectreRSB: Filling RSB on context switch and VMEXIT
[    0.442962] Spectre V2 : Enabling Restricted Speculation for firmware calls
[    0.443964] Spectre V2 : mitigation: Enabling conditional Indirect Branch Prediction Barrier
[    0.444963] active return thunk: srso_alias_return_thunk
[    0.446083] x86/fpu: Supporting XSAVE feature 0x001: 'x87 floating point registers'
[    0.446962] x86/fpu: Supporting XSAVE feature 0x002: 'SSE registers'
[    0.447962] x86/fpu: Supporting XSAVE feature 0x004: 'AVX registers'
[    0.448962] x86/fpu: xstate_offset[2]:  576, xstate_sizes[2]:  256
[    0.449962] x86/fpu: Enabled xstate features 0x7, context size is 832 bytes, using 'compacted' format.
[    0.483960] pid_max: default: 32768 minimum: 301
[    0.485226] SELinux:  Initializing.
[    0.487132] LSM support for eBPF active
[    0.488181] Mount-cache hash table entries: 8192 (order: 4, 65536 bytes, linear)
[    0.490010] Mountpoint-cache hash table entries: 8192 (order: 4, 65536 bytes, linear)
[    0.492785] VFS: Finished mounting rootfs on nullfs
[    0.495076] Running RCU synchronous self tests
[    0.495964] Running RCU synchronous self tests
[    0.497389] smpboot: CPU0: AMD Ryzen 9 5950X 16-Core Processor (family: 0x19, model: 0x21, stepping: 0x2)
[    0.499990] Performance Events: Fam17h+ core perfctr, AMD PMU driver.
[    0.500989] ... version:                   0
[    0.501902] ... bit width:                 48
[    0.501969] ... generic counters:          6
[    0.502904] ... generic bitmap:            000000000000003f
[    0.502969] ... fixed-purpose counters:    0
[    0.503921] ... fixed-purpose bitmap:      0000000000000000
[    0.503969] ... value mask:                0000ffffffffffff
[    0.504970] ... max period:                00007fffffffffff
[    0.505969] ... global_ctrl mask:          000000000000003f
[    0.507330] signal: max sigframe size: 1776
[    0.508142] rcu: Hierarchical SRCU implementation.
[    0.508973] rcu: 	Max phase no-delay instances is 400.
[    0.510272] Timer migration: 1 hierarchy levels; 8 children per group; 1 crossnode level
[    0.523055] smp: Bringing up secondary CPUs ...
[    0.528162] smpboot: x86: Booting SMP configuration:
[    0.528969] .... node  #0, CPUs:      #1 #2 #3 #4 #5 #6 #7
[    0.559328] smp: Brought up 1 node, 8 CPUs
[    0.560881] smpboot: Total of 8 processors activated (54400.60 BogoMIPS)
[    0.562329] Memory: 3963792K/4193784K available (25637K kernel code, 10348K rwdata, 18032K rodata, 4668K init, 13400K bss, 221940K reserved, 0K cma-reserved)
[    0.564974] devtmpfs: initialized
[    0.569104] Running RCU synchronous self tests
[    0.569994] Running RCU synchronous self tests
[    0.571079] Running RCU Tasks wait API self tests
[    0.572065] Running RCU Tasks Rude wait API self tests
[    0.572970] Running RCU Tasks Trace wait API self tests
[    0.574089] posixtimers hash table entries: 4096 (order: 7, 294912 bytes, linear)
[    0.576119] futex hash table entries: 2048 (262144 bytes on 1 NUMA nodes, total 256 KiB, linear).
[    0.577970] PM: RTC time: 16:38:26, date: 2026-08-02
[    0.579002] Callback from call_rcu_tasks_trace() invoked.
[    0.585104] NET: Registered PF_NETLINK/PF_ROUTE protocol family
[    0.586960] audit: initializing netlink subsys (disabled)
[    0.587059] audit: type=2000 audit(1785688706.237:1): state=initialized audit_enabled=0 res=1
[    0.610845] thermal_sys: Registered thermal governor 'step_wise'
[    0.610921] cpuidle: using governor ladder
[    0.611890] cpuidle: using governor menu
[    0.613195] Freeing SMP alternatives memory: 68K
[    0.614897] PCI: Using configuration type 1 for base access
[    0.614970] PCI: Using configuration type 1 for extended access
[    0.616153] kprobes: kprobe jump-optimization is enabled. All kprobes are optimized if possible.
[    0.618192] HugeTLB: registered 1.00 GiB page size, pre-allocated 0 pages
[    0.618974] HugeTLB: 16380 KiB vmemmap can be freed for a 1.00 GiB page
[    0.619972] HugeTLB: registered 2.00 MiB page size, pre-allocated 0 pages
[    0.620970] HugeTLB: 28 KiB vmemmap can be freed for a 2.00 MiB page
[    0.627170] ACPI: Added _OSI(Module Device)
[    0.627970] ACPI: Added _OSI(Processor Device)
[    0.628958] ACPI: Added _OSI(Processor Aggregator Device)
[    0.632546] ACPI: 1 ACPI AML tables successfully acquired and loaded
[    0.635534] ACPI: \_SB_: platform _OSC: OS support mask [002a7eee]
[    0.636747] ACPI: Interpreter enabled
[    0.637037] ACPI: PM: (supports S0 S3 S4 S5)
[    0.637960] ACPI: Using IOAPIC for interrupt routing
[    0.639021] PCI: Using host bridge windows from ACPI; if necessary, use "pci=nocrs" and report a bug
[    0.639970] PCI: Using E820 reservations for host bridge windows
[    0.641344] ACPI: Enabled 2 GPEs in block 00 to 0F
[    0.657204] ACPI: PCI Root Bridge [PCI0] (domain 0000 [bus 00-ff])
[    0.657976] acpi PNP0A03:00: _OSC: OS supports [ExtendedConfig ASPM ClockPM Segments MSI HPX-Type3]
[    0.658981] acpi PNP0A03:00: _OSC: OS requested [PME PCIeCapability LTR]
[    0.659976] acpi PNP0A03:00: _OSC: platform willing to grant [PME PCIeCapability LTR]
[    0.660970] acpi PNP0A03:00: _OSC: platform retains control of PCIe features (AE_ERROR)
[    0.662769] PCI host bridge to bus 0000:00
[    0.662980] pci_bus 0000:00: root bus resource [io  0x0000-0x0cf7 window]
[    0.663971] pci_bus 0000:00: root bus resource [io  0x0d00-0xffff window]
[    0.664970] pci_bus 0000:00: root bus resource [mem 0x000a0000-0x000bffff window]
[    0.665972] pci_bus 0000:00: root bus resource [mem 0xc0000000-0xfebfffff window]
[    0.666971] pci_bus 0000:00: root bus resource [mem 0x380000000000-0x38007fffffff window]
[    0.667971] pci_bus 0000:00: root bus resource [bus 00-ff]
[    0.669375] pci 0000:00:00.0: [8086:1237] type 00 class 0x060000 conventional PCI endpoint
[    0.671565] pci 0000:00:01.0: [8086:7000] type 00 class 0x060100 conventional PCI endpoint
[    0.673624] pci 0000:00:01.1: [8086:7010] type 00 class 0x010180 conventional PCI endpoint
[    0.674858] pci 0000:00:01.1: BAR 4 [io  0xc1c0-0xc1cf]
[    0.675047] pci 0000:00:01.1: BAR 0 [io  0x01f0-0x01f7]: legacy IDE quirk
[    0.675969] pci 0000:00:01.1: BAR 1 [io  0x03f6]: legacy IDE quirk
[    0.676970] pci 0000:00:01.1: BAR 2 [io  0x0170-0x0177]: legacy IDE quirk
[    0.677971] pci 0000:00:01.1: BAR 3 [io  0x0376]: legacy IDE quirk
[    0.679807] pci 0000:00:01.3: [8086:7113] type 00 class 0x068000 conventional PCI endpoint
[    0.680682] pci 0000:00:01.3: quirk: [io  0x0600-0x063f] claimed by PIIX4 ACPI
[    0.680988] pci 0000:00:01.3: quirk: [io  0x0700-0x070f] claimed by PIIX4 SMB
[    0.682960] pci 0000:00:02.0: [1af4:1009] type 00 class 0x000200 conventional PCI endpoint
[    0.684988] pci 0000:00:02.0: BAR 0 [io  0xc000-0xc03f]
[    0.685988] pci 0000:00:02.0: BAR 1 [mem 0xfebf8000-0xfebf8fff]
[    0.687031] pci 0000:00:02.0: BAR 4 [mem 0x380000000000-0x380000003fff 64bit pref]
[    0.690960] pci 0000:00:03.0: [8086:25ab] type 00 class 0x088000 conventional PCI endpoint
[    0.691989] pci 0000:00:03.0: BAR 0 [mem 0xfebf9000-0xfebf900f]
[    0.695479] pci 0000:00:04.0: [1af4:1003] type 00 class 0x078000 conventional PCI endpoint
[    0.697988] pci 0000:00:04.0: BAR 0 [io  0xc040-0xc07f]
[    0.698985] pci 0000:00:04.0: BAR 1 [mem 0xfebfa000-0xfebfafff]
[    0.700033] pci 0000:00:04.0: BAR 4 [mem 0x380000004000-0x380000007fff 64bit pref]
[    0.704123] pci 0000:00:05.0: [1af4:1003] type 00 class 0x078000 conventional PCI endpoint
[    0.705989] pci 0000:00:05.0: BAR 0 [io  0xc080-0xc0bf]
[    0.706988] pci 0000:00:05.0: BAR 1 [mem 0xfebfb000-0xfebfbfff]
[    0.708031] pci 0000:00:05.0: BAR 4 [mem 0x380000008000-0x38000000bfff 64bit pref]
[    0.712098] pci 0000:00:06.0: [1af4:1003] type 00 class 0x078000 conventional PCI endpoint
[    0.713987] pci 0000:00:06.0: BAR 0 [io  0xc0c0-0xc0ff]
[    0.714987] pci 0000:00:06.0: BAR 1 [mem 0xfebfc000-0xfebfcfff]
[    0.716034] pci 0000:00:06.0: BAR 4 [mem 0x38000000c000-0x38000000ffff 64bit pref]
[    0.720167] pci 0000:00:07.0: [1af4:1003] type 00 class 0x078000 conventional PCI endpoint
[    0.721969] pci 0000:00:07.0: BAR 0 [io  0xc100-0xc13f]
[    0.722987] pci 0000:00:07.0: BAR 1 [mem 0xfebfd000-0xfebfdfff]
[    0.724031] pci 0000:00:07.0: BAR 4 [mem 0x380000010000-0x380000013fff 64bit pref]
[    0.728087] pci 0000:00:08.0: [1af4:1003] type 00 class 0x078000 conventional PCI endpoint
[    0.729987] pci 0000:00:08.0: BAR 0 [io  0xc140-0xc17f]
[    0.730987] pci 0000:00:08.0: BAR 1 [mem 0xfebfe000-0xfebfefff]
[    0.732031] pci 0000:00:08.0: BAR 4 [mem 0x380000014000-0x380000017fff 64bit pref]
[    0.736087] pci 0000:00:09.0: [1af4:1003] type 00 class 0x078000 conventional PCI endpoint
[    0.737960] pci 0000:00:09.0: BAR 0 [io  0xc180-0xc1bf]
[    0.738988] pci 0000:00:09.0: BAR 1 [mem 0xfebff000-0xfebfffff]
[    0.740028] pci 0000:00:09.0: BAR 4 [mem 0x380000018000-0x38000001bfff 64bit pref]
[    0.749040] ACPI: PCI: Interrupt link LNKA configured for IRQ 10
[    0.750255] ACPI: PCI: Interrupt link LNKB configured for IRQ 10
[    0.751231] ACPI: PCI: Interrupt link LNKC configured for IRQ 11
[    0.752226] ACPI: PCI: Interrupt link LNKD configured for IRQ 11
[    0.753102] ACPI: PCI: Interrupt link LNKS configured for IRQ 9
[    0.755994] iommu: Default domain type: Translated
[    0.756969] iommu: DMA domain TLB invalidation policy: lazy mode
[    0.759407] SCSI subsystem initialized
[    0.760047] libata version 3.00 loaded.
[    0.761178] ACPI: bus type USB registered
[    0.762100] usbcore: registered new interface driver usbfs
[    0.763078] usbcore: registered new interface driver hub
[    0.764009] usbcore: registered new device driver usb
[    0.765159] pps_core: LinuxPPS API ver. 1 registered
[    0.765969] pps_core: Software ver. 5.3.6 - Copyright 2005-2007 Rodolfo Giometti <giometti@linux.it>
[    0.766998] PTP clock support registered
[    0.768548] Advanced Linux Sound Architecture Driver Initialized.
[    0.770272] NetLabel: Initializing
[    0.770970] NetLabel:  domain hash size = 128
[    0.771907] NetLabel:  protocols = UNLABELED CIPSOv4 CALIPSO
[    0.772019] NetLabel:  unlabeled traffic allowed by default
[    0.773234] PCI: Using ACPI for IRQ routing
[    0.773972] PCI: pci_cache_line_size set to 64 bytes
[    0.775340] e820: register RAM buffer resource [mem 0x0009fc00-0x0009ffff]
[    0.775972] e820: register RAM buffer resource [mem 0xbffe0000-0xbfffffff]
[    0.777116] vgaarb: loaded
[    0.777752] hpet0: at MMIO 0xfed00000, IRQs 2, 8, 0
[    0.777971] hpet0: 3 comparators, 64-bit 100.000000 MHz counter
[    0.782969] Callback from call_rcu_tasks() invoked.
[    0.784847] clocksource: Switched to clocksource kvm-clock
[    0.786579] VFS: Disk quotas dquot_6.6.0
[    0.787555] VFS: Dquot-cache hash table entries: 512 (4096 bytes)
[    0.790029] pnp: PnP ACPI init
[    0.791299] pnp 00:02: [dma 2]
[    0.793043] pnp: PnP ACPI: found 4 devices
[    0.811325] clocksource: acpi_pm: mask: 0xffffff max_cycles: 0xffffff, max_idle_ns: 2085701024 ns
[    0.813746] NET: Registered PF_INET protocol family
[    0.816289] IP idents hash table entries: 65536 (order: 7, 524288 bytes, linear)
[    0.820612] tcp_listen_portaddr_hash hash table entries: 2048 (order: 6, 147456 bytes, linear)
[    0.823178] Table-perturb hash table entries: 65536 (order: 6, 262144 bytes, linear)
[    0.824857] TCP established hash table entries: 32768 (order: 6, 262144 bytes, linear)
[    0.827157] TCP bind hash table entries: 32768 (order: 11, 4718592 bytes, vmalloc hugepage)
[    0.839675] TCP: Hash tables configured (established 32768 bind 32768)
[    0.842906] MPTCP token hash table entries: 4096 (order: 7, 360448 bytes, linear)
[    0.844668] UDP hash table entries: 2048 (order: 7, 524288 bytes, linear)
[    0.847451] NET: Registered PF_UNIX/PF_LOCAL protocol family
[    0.849766] RPC: Registered named UNIX socket transport module.
[    0.851069] RPC: Registered udp transport module.
[    0.852119] RPC: Registered tcp transport module.
[    0.853205] RPC: Registered tcp-with-tls transport module.
[    0.854407] RPC: Registered tcp NFSv4.1 backchannel transport module.
[    0.856766] NET: Registered PF_XDP protocol family
[    0.857857] pci_bus 0000:00: resource 4 [io  0x0000-0x0cf7 window]
[    0.859298] pci_bus 0000:00: resource 5 [io  0x0d00-0xffff window]
[    0.860644] pci_bus 0000:00: resource 6 [mem 0x000a0000-0x000bffff window]
[    0.862117] pci_bus 0000:00: resource 7 [mem 0xc0000000-0xfebfffff window]
[    0.863622] pci_bus 0000:00: resource 8 [mem 0x380000000000-0x38007fffffff window]
[    0.865378] pci 0000:00:01.0: PIIX3: Enabling Passive Release
[    0.866657] pci 0000:00:00.0: Limiting direct PCI/PCI transfers
[    0.868168] PCI: CLS 0 bytes, default 64
[    0.869202] PCI-DMA: Using software bounce buffering for IO (SWIOTLB)
[    0.870600] software IO TLB: mapped [mem 0x00000000bbfe0000-0x00000000bffe0000] (64MB)
[    0.873415] clocksource: tsc: mask: 0xffffffffffffffff max_cycles: 0x31027285e94, max_idle_ns: 440795238296 ns
[    0.885052] Initialise system trusted keyrings
[    0.886450] workingset: timestamp_bits=40 (anon: 35) max_order=20 bucket_order=0 (anon: 0)
[    0.889328] squashfs: version 4.0 (2009/01/31) Phillip Lougher
[    0.891173] NFS: Registering the id_resolver key type
[    0.892318] Key type id_resolver registered
[    0.893252] Key type id_legacy registered
[    0.894152] nfs4filelayout_init: NFSv4 File Layout Driver Registering...
[    0.895650] nfs4flexfilelayout_init: NFSv4 Flexfile Layout Driver Registering...
[    0.897445] fuse: init (API version 7.45)
[    0.898650] 9p: Installing v9fs 9p2000 file system support
[    0.901680] NET: Registered PF_ALG protocol family
[    0.902753] Key type asymmetric registered
[    0.903681] Asymmetric key parser 'x509' registered
[    0.904851] Block layer SCSI generic (bsg) driver version 0.4 loaded (major 248)
[    0.906929] io scheduler mq-deadline registered
[    0.907941] io scheduler kyber registered
[    0.910152] input: Power Button as /devices/platform/LNXPWRBN:00/input/input0
[    0.911987] ACPI: button: Power Button [PWRF]
[    1.040098] ACPI: \_SB_.LNKB: Enabled at IRQ 10
[    1.166548] ACPI: \_SB_.LNKD: Enabled at IRQ 11
[    1.291701] ACPI: \_SB_.LNKA: Enabled at IRQ 10
[    1.434333] kwatchdog (97) used greatest stack depth: 14776 bytes left
[    1.548051] ACPI: \_SB_.LNKC: Enabled at IRQ 11
[    1.805317] Serial: 8250/16550 driver, 4 ports, IRQ sharing enabled
[    1.807967] 00:03: ttyS0 at I/O 0x3f8 (irq = 4, base_baud = 115200) is a 16550A
[    1.986306] Non-volatile memory driver v1.3
[    1.988122] ACPI: bus type drm_connector registered
[    2.011012] brd: module loaded
[    2.024999] loop: module loaded
[    2.030461] scsi host0: ata_piix
[    2.032529] scsi host1: ata_piix
[    2.033558] ata1: PATA max MWDMA2 cmd 0x1f0 ctl 0x3f6 bmdma 0xc1c0 irq 14 lpm-pol 0
[    2.035226] ata2: PATA max MWDMA2 cmd 0x170 ctl 0x376 bmdma 0xc1c8 irq 15 lpm-pol 0
[    2.041201] tun: Universal TUN/TAP device driver, 1.6
[    2.042794] e100: Intel(R) PRO/100 Network Driver
[    2.043868] e100: Copyright(c) 1999-2006 Intel Corporation
[    2.045214] e1000: Intel(R) PRO/1000 Network Driver
[    2.046300] e1000: Copyright (c) 1999-2006 Intel Corporation.
[    2.047664] e1000e: Intel(R) PRO/1000 Network Driver
[    2.048771] e1000e: Copyright(c) 1999 - 2015 Intel Corporation.
[    2.050178] sky2: driver version 1.30
[    2.052184] usbcore: registered new interface driver usblp
[    2.053496] usbcore: registered new interface driver usb-storage
[    2.054908] i8042: PNP: PS/2 Controller [PNP0303:KBD,PNP0f13:MOU] at 0x60,0x64 irq 1,12
[    2.058160] serio: i8042 KBD port at 0x60,0x64 irq 1
[    2.059770] serio: i8042 AUX port at 0x60,0x64 irq 12
[    2.062002] rtc_cmos PNP0B00:00: RTC can wake from S4
[    2.065225] input: AT Translated Set 2 keyboard as /devices/platform/i8042/serio0/input/input1
[    2.068136] rtc_cmos PNP0B00:00: registered as rtc0
[    2.069475] rtc_cmos PNP0B00:00: alarms up to one day, y3k, 242 bytes nvram, hpet irqs
[    2.072726] Registered IR keymap rc-empty
[    2.073818] rc rc0: rc-core loopback device as /devices/virtual/rc/rc0
[    2.076147] rc rc0: lirc_dev: driver rc-loopback registered at minor = 0, raw IR receiver, raw IR transmitter
[    2.080579] input: rc-core loopback device as /devices/virtual/rc/rc0/input3
[    2.084004] intel_powerclamp: CPU does not support MWAIT
[    2.085273] device-mapper: core: CONFIG_IMA_DISABLE_HTABLE is disabled. Duplicate IMA measurements will not be recorded in the IMA log.
[    2.088267] device-mapper: ioctl: 4.50.0-ioctl (2025-04-28) initialised: dm-devel@lists.linux.dev
[    2.090277] amd_pstate: the _CPC object is not present in SBIOS or ACPI disabled
[    2.092690] hid: raw HID events driver (C) Jiri Kosina
[    2.095500] usbcore: registered new interface driver usbhid
[    2.096766] usbhid: USB HID core driver
[    2.098863] GACT probability NOT on
[    2.099713] Mirror/redirect action on
[    2.101967] nf_conntrack_irc: The irc conntrack helper is scheduled for removal.
[    2.101967] Please contact the netfilter-devel mailing list if you still need this.
[    2.107072] ipip: IPv4 and MPLS over IPv4 tunneling driver
[    2.109190] gre: GRE over IPv4 demultiplexer driver
[    2.110278] ip_gre: GRE over IPv4 tunneling driver
[    2.114137] Initializing XFRM netlink socket
[    2.115141] IPsec XFRM device driver
[    2.116104] NET: Registered PF_INET6 protocol family
[    2.119387] Segment Routing with IPv6
[    2.120310] In-situ OAM (IOAM) with IPv6
[    2.121211] mip6: Mobile IPv6
[    2.121923] sit: IPv6, IPv4 and MPLS over IPv4 tunneling driver
[    2.124836] ip6_gre: GRE over IPv6 tunneling driver
[    2.126882] NET: Registered PF_PACKET protocol family
[    2.128087] RPC: Registered rdma transport module.
[    2.129195] RPC: Registered rdma backchannel transport module.
[    2.130893] 8021q: 802.1Q VLAN Support v1.8
[    2.132797] smc: adding smcd device lo without pnetid
[    2.134407] NET: Registered PF_SMC protocol family
[    2.136047] 9pnet: Installing 9P2000 support
[    2.138720] Key type dns_resolver registered
[    2.139906] NET: Registered PF_VSOCK protocol family
[    2.141120] mpls_gso: MPLS GSO support
[    2.145478] IPI shorthand broadcast: enabled
[    2.190013] ata2: found unknown device (class 0)
[    2.190991] sched_clock: Marking stable (2166075519, 24570068)->(2307040369, -116394782)
[    2.193510] ata2.00: ATAPI: QEMU DVD-ROM, 2.5+, max UDMA/100
[    2.196883] registered taskstats version 1
[    2.197815] scsi 1:0:0:0: CD-ROM            QEMU     QEMU DVD-ROM     2.5+ PQ: 0 ANSI: 5
[    2.214710] Loading compiled-in X.509 certificates
[    2.216795] kworker/u32:1 (120) used greatest stack depth: 13008 bytes left
[    2.218152] Loaded X.509 cert 'Build time autogenerated kernel key: c4531344b9a9c1a4731230d977a262ba29ba5272'
[    2.222006] sr 1:0:0:0: [sr0] scsi3-mmc drive: 4x/4x cd/rw xa/form2 tray
[    2.246438] cdrom: Uniform CD-ROM driver Revision: 3.20
[    2.259578] Demotion targets for Node 0: null
[    2.261196] ima: No TPM chip found, activating TPM-bypass!
[    2.261451] sr 1:0:0:0: Attached scsi CD-ROM sr0
[    2.262437] ima: Allocated hash algorithm: sha1
[    2.265062] sr 1:0:0:0: Attached scsi generic sg0 type 5
[    2.266513] ima: No architecture policies found
[    2.268635] PM:   Magic number: 6:440:640
[    2.269701] netconsole: network logging started
[    2.271426] cfg80211: Loading compiled-in X.509 certificates for regulatory database
[    2.274716] Loaded X.509 cert 'sforshee: 00b28ddf47aef9cea7'
[    2.276148] Loaded X.509 cert 'wens: 61c038651aabdcf94bd0ac7ff06c7248db18c600'
[    2.277997] faux_driver regulatory: Direct firmware load for regulatory.db failed with error -2
[    2.279970] cfg80211: failed to load regulatory.db
[    2.281210] ALSA device list:
[    2.281938]   No soundcards found.
[    2.501172] input: ImExPS/2 Generic Explorer Mouse as /devices/platform/i8042/serio1/input/input4
[    2.503400] md: Skipping autodetection of RAID arrays. (raid=autodetect will force)
[    2.504755] 9p: Bad value for 'source'
[    2.505364] 9pnet: Limiting 'msize' to 512000 as this is the maximum supported by transport virtio
[    2.508968] VFS: Mounted root (9p filesystem) on device 0:22.
[    2.510805] devtmpfs: mounted
[    2.511502] VFS: Pivoted into new rootfs
[    2.516699] Freeing unused kernel image (initmem) memory: 4668K
[    2.517548] Write protecting the kernel read-only data: 45056k
[    2.519581] Freeing unused kernel image (text/rodata gap) memory: 984K
[    2.520999] Freeing unused kernel image (rodata/data gap) memory: 400K
[    2.559381] x86/mm: Checked W+X mappings: passed, no W+X pages found.
[    2.560275] Run /home/prozak/.local/share/vng-venv/lib/python3.12/site-packages/virtme/guest/bin/virtme-ng-init as init process
[    2.561816]   with arguments:
[    2.562234]     /home/prozak/.local/share/vng-venv/lib/python3.12/site-packages/virtme/guest/bin/virtme-ng-init
[    2.563594]   with environment:
[    2.564034]     HOME=/
[    2.564369]     TERM=linux
[    2.564770]     virtme_hostname=virtme-ng
[    2.565310]     nr_open=1048576
[    2.565811]     virtme_link_mods=/home/prozak/sources/heimdall_experiment/uml-harness/.build/bpf-next-x86/.virtme_mods/lib/modules/0.0.0
[    2.567479]     virtme_rw_overlay0=/tmp
[    2.568046]     virtme_console=ttyS0
[    2.568552]     virtme_chdir=home/prozak/sources/heimdall_experiment/uml-harness/.build/selftests-output-qemu
[    2.653910] virtme-ng-init: mount devtmpfs -> /dev: EBUSY: Device or resource busy
[    2.656047] virtme-ng-init: Setting hostname to virtme-ng...
[    2.697542] virtme-ng-init: running systemd-tmpfiles
[    3.926357] systemd-tmpfile (127) used greatest stack depth: 12504 bytes left
[    3.926475] virtme-ng-init: basic initialization done
[    3.943844] virtme-ng-init: error creating file: Permission denied (os error 13)
[    4.058881] ip (133) used greatest stack depth: 11848 bytes left
[    4.180995] virtme-ng-init: Starting systemd-udevd version 255.4-1ubuntu8.16
[    4.183211] virtme-ng-init: triggering udev coldplug
[    7.280124] virtme-ng-init: waiting for udev to settle
[    8.099236] virtme-ng-init: udev is done
[    8.104036] virtme-ng-init: starting script
[    8.329411] bpf_testmod: loading out-of-tree module taints kernel.
[    8.330360] bpf_testmod: module verification failed: signature and/or required key missing - tainting kernel
[    8.818575] smc: removing smcd device lo
[    8.887994] ACPI: PM: Preparing to enter system sleep state S5
[    8.889259] reboot: Power down
