#138/1   for_each/hash_map:OK
#138/2   for_each/array_map:OK
#138/3   for_each/write_map_key:OK
#138/4   for_each/multi_maps:OK
#138/5   for_each/hash_modify:OK
#138     for_each:OK
Summary: 1/5 PASSED, 0 SKIPPED, 0 FAILED
otal_size: 0x0000000004f8d000
needed_size: 0x0000000005000000
trampoline_32bit: 0x0000000000000000
Physical KASLR using RDRAND RDTSC...
Virtual KASLR using RDRAND RDTSC...

Decompressing Linux... Parsing ELF... Performing relocations... done.
Booting the kernel (entry_offset: 0x0000000003db5740).
[    0.000000] Linux version 7.2.0-rc1-g5e2f4aad04e2 (prozak@powertower) (gcc (Ubuntu 13.3.0-6ubuntu2~24.04.1) 13.3.0, GNU ld (GNU Binutils for Ubuntu) 2.42) #3 SMP PREEMPT_DYNAMIC Sun Aug  2 09:03:43 PDT 2026
[    0.000000] Command line: virtme_hostname=virtme-ng nr_open=1048576 virtme_link_mods=/home/prozak/sources/heimdall_experiment/uml-harness/.build/bpf-next-x86/.virtme_mods/lib/modules/0.0.0 virtme_rw_overlay0=/tmp virtme_console=ttyS0 console=ttyS0 earlyprintk=serial,ttyS0,115200 panic=-1 virtme.exec=`bW91bnQgLXQgYnBmIGJwZmZzIC9zeXMvZnMvYnBmIDI+L2Rldi9udWxsOyAuL3Rlc3RfcHJvZ3MgLXQgJ2Zvcl9lYWNoJw==` virtme_chdir=home/prozak/sources/heimdall_experiment/uml-harness/.build/selftests-output-qemu rootfstype=9p rootflags=version=9p2000.L,trans=virtio,access=any,msize=524288 raid=noautodetect rw debug init=/home/prozak/.local/share/vng-venv/lib/python3.12/site-packages/virtme/guest/bin/virtme-ng-init
[    0.000000] x86 CPU feature dependency check failure: CPU0 has '18*32+31' enabled but '18*32+26' disabled. Kernel might be fine, but no guarantees.
[    0.000000] BIOS-provided physical RAM map:
[    0.000000] BIOS-e820: [mem 0x0000000000000000-0x000000000009fbff]  System RAM
[    0.000000] BIOS-e820: [mem 0x000000000009fc00-0x000000000009ffff]  device reserved
[    0.000000] BIOS-e820: [gap 0x00000000000a0000-0x00000000000effff]
[    0.000000] BIOS-e820: [mem 0x00000000000f0000-0x00000000000fffff]  device reserved
[    0.000000] BIOS-e820: [mem 0x0000000000100000-0x00000000bffdffff]  System RAM
[    0.000000] BIOS-e820: [mem 0x00000000bffe0000-0x00000000bfffffff]  device reserved
[    0.000000] BIOS-e820: [gap 0x00000000c0000000-0x00000000feffbfff]
[    0.000000] BIOS-e820: [mem 0x00000000feffc000-0x00000000feffffff]  device reserved
[    0.000000] BIOS-e820: [gap 0x00000000ff000000-0x00000000fffbffff]
[    0.000000] BIOS-e820: [mem 0x00000000fffc0000-0x00000000ffffffff]  device reserved
[    0.000000] BIOS-e820: [mem 0x0000000100000000-0x000000013fffffff]  System RAM
[    0.000000] BIOS-e820: [gap 0x0000000140000000-0x000000fcffffffff]
[    0.000000] BIOS-e820: [mem 0x000000fd00000000-0x000000ffffffffff]  device reserved
[    0.000000] printk: legacy bootconsole [earlyser0] enabled
[    0.000000] NX (Execute Disable) protection: active
[    0.000000] APIC: Static calls initialized
[    0.000000] DMI: SMBIOS 3.0.0 present.
[    0.000000] DMI: QEMU Ubuntu 24.04 PC v2 (i440FX + PIIX, arch_caps fix, 1996), BIOS 1.16.3-debian-1.16.3-2 04/01/2014
[    0.000000] DMI: Memory slots populated: 1/1
[    0.000000] Hypervisor detected: KVM
[    0.000000] last_pfn = 0xbffe0 max_arch_pfn = 0x400000000
[    0.000000] kvm-clock: Using msrs 4b564d01 and 4b564d00
[    0.000001] kvm-clock: using sched offset of 467483528 cycles
[    0.000900] clocksource: kvm-clock: mask: 0xffffffffffffffff max_cycles: 0x1cd42e4dffb, max_idle_ns: 881590591483 ns
[    0.003750] tsc: Detected 3400.038 MHz processor
[    0.004909] e820: update [mem 0x00000000-0x00000fff] System RAM ==> device reserved
[    0.006246] e820: remove [mem 0x000a0000-0x000fffff] System RAM
[    0.007309] last_pfn = 0x140000 max_arch_pfn = 0x400000000
[    0.008386] MTRR map: 4 entries (3 fixed + 1 variable; max 19), built from 8 variable MTRRs
[    0.009844] x86/PAT: Configuration [0-7]: WB  WC  UC- UC  WB  WP  UC- WT  
Memory KASLR using RDRAND RDTSC...
[    0.011735] last_pfn = 0xbffe0 max_arch_pfn = 0x400000000
[    0.013928] found SMP MP-table at [mem 0x000f5450-0x000f545f]
[    0.014944] Using GB pages for direct mapping
[    0.015858] ACPI: Early table checksum verification disabled
[    0.016926] ACPI: RSDP 0x00000000000F5240 000014 (v00 BOCHS )
[    0.017956] ACPI: RSDT 0x00000000BFFE1F16 000034 (v01 BOCHS  BXPC     00000001 BXPC 00000001)
[    0.019439] ACPI: FACP 0x00000000BFFE1D92 000074 (v01 BOCHS  BXPC     00000001 BXPC 00000001)
[    0.020931] ACPI: DSDT 0x00000000BFFE0040 001D52 (v01 BOCHS  BXPC     00000001 BXPC 00000001)
[    0.022432] ACPI: FACS 0x00000000BFFE0000 000040
[    0.023236] ACPI: APIC 0x00000000BFFE1E06 0000B0 (v03 BOCHS  BXPC     00000001 BXPC 00000001)
[    0.024751] ACPI: HPET 0x00000000BFFE1EB6 000038 (v01 BOCHS  BXPC     00000001 BXPC 00000001)
[    0.026253] ACPI: WAET 0x00000000BFFE1EEE 000028 (v01 BOCHS  BXPC     00000001 BXPC 00000001)
[    0.027785] ACPI: Reserving FACP table memory at [mem 0xbffe1d92-0xbffe1e05]
[    0.028995] ACPI: Reserving DSDT table memory at [mem 0xbffe0040-0xbffe1d91]
[    0.030242] ACPI: Reserving FACS table memory at [mem 0xbffe0000-0xbffe003f]
[    0.031468] ACPI: Reserving APIC table memory at [mem 0xbffe1e06-0xbffe1eb5]
[    0.032693] ACPI: Reserving HPET table memory at [mem 0xbffe1eb6-0xbffe1eed]
[    0.033937] ACPI: Reserving WAET table memory at [mem 0xbffe1eee-0xbffe1f15]
[    0.035589] No NUMA configuration found
[    0.036271] Faking a node at [mem 0x0000000000000000-0x000000013fffffff]
[    0.037419] NODE_DATA(0) allocated [mem 0x13fff9c80-0x13fffdfff]
[    0.039299] ACPI: PM-Timer IO Port: 0x608
[    0.040026] ACPI: LAPIC_NMI (acpi_id[0xff] dfl dfl lint[0x1])
[    0.041058] IOAPIC[0]: apic_id 0, version 17, address 0xfec00000, GSI 0-23
[    0.042315] ACPI: INT_SRC_OVR (bus 0 bus_irq 0 global_irq 2 dfl dfl)
[    0.043496] ACPI: INT_SRC_OVR (bus 0 bus_irq 5 global_irq 5 high level)
[    0.044684] ACPI: INT_SRC_OVR (bus 0 bus_irq 9 global_irq 9 high level)
[    0.045859] ACPI: INT_SRC_OVR (bus 0 bus_irq 10 global_irq 10 high level)
[    0.047026] ACPI: INT_SRC_OVR (bus 0 bus_irq 11 global_irq 11 high level)
[    0.048263] ACPI: Using ACPI (MADT) for SMP configuration information
[    0.049402] ACPI: HPET id: 0x8086a201 base: 0xfed00000
[    0.050301] TSC deadline timer available
[    0.050974] CPU topo: Max. logical packages:   1
[    0.051821] CPU topo: Max. logical nodes:      1
[    0.052639] CPU topo: Num. nodes per package:  1
[    0.053454] CPU topo: Max. logical dies:       1
[    0.054265] CPU topo: Max. dies per package:   1
[    0.055091] CPU topo: Max. threads per core:   1
[    0.055913] CPU topo: Num. cores per package:     8
[    0.056768] CPU topo: Num. threads per package:   8
[    0.057635] CPU topo: Allowing 8 present CPUs plus 0 hotplug CPUs
[    0.058716] kvm-guest: APIC: eoi() replaced with kvm_guest_apic_eoi_write()
[    0.059970] kvm-guest: KVM setup pv remote TLB flush
[    0.060845] kvm-guest: setup PV sched yield
[    0.061571] PM: hibernation: Registered nosave memory: [mem 0x00000000-0x00000fff]
[    0.062890] PM: hibernation: Registered nosave memory: [mem 0x0009f000-0x000fffff]
[    0.064217] PM: hibernation: Registered nosave memory: [mem 0xbffe0000-0xffffffff]
[    0.065535] [gap 0xc0000000-0xfeffbfff] available for PCI devices
[    0.066602] Booting paravirtualized kernel on KVM
[    0.067424] clocksource: refined-jiffies: mask: 0xffffffff max_cycles: 0xffffffff, max_idle_ns: 1910969940391419 ns
[    0.073890] Zone ranges:
[    0.074353]   DMA      [mem 0x0000000000001000-0x0000000000ffffff]
[    0.075466]   DMA32    [mem 0x0000000001000000-0x00000000ffffffff]
[    0.076559]   Normal   [mem 0x0000000100000000-0x000000013fffffff]
[    0.077632] Movable zone start for each node
[    0.078388] Early memory node ranges
[    0.079006]   node   0: [mem 0x0000000000001000-0x000000000009efff]
[    0.080121]   node   0: [mem 0x0000000000100000-0x00000000bffdffff]
[    0.081203]   node   0: [mem 0x0000000100000000-0x000000013fffffff]
[    0.082315] Initmem setup node 0 [mem 0x0000000000001000-0x000000013fffffff]
[    0.083607] On node 0, zone DMA: 1 pages in unavailable ranges
[    0.085098] On node 0, zone DMA: 97 pages in unavailable ranges
[    0.215207] On node 0, zone Normal: 32 pages in unavailable ranges
[    0.216372] setup_percpu: NR_CPUS:128 nr_cpumask_bits:8 nr_cpu_ids:8 nr_node_ids:1
[    0.221827] percpu: Embedded 58 pages/cpu s199696 r8192 d29680 u262144
[    0.222982] pcpu-alloc: s199696 r8192 d29680 u262144 alloc=1*2097152
[    0.224087] pcpu-alloc: [0] 0 1 2 3 4 5 6 7 
[    0.224895] Kernel command line: virtme_hostname=virtme-ng nr_open=1048576 virtme_link_mods=/home/prozak/sources/heimdall_experiment/uml-harness/.build/bpf-next-x86/.virtme_mods/lib/modules/0.0.0 virtme_rw_overlay0=/tmp virtme_console=ttyS0 console=ttyS0 earlyprintk=serial,ttyS0,115200 panic=-1 virtme.exec=`bW91bnQgLXQgYnBmIGJwZmZzIC9zeXMvZnMvYnBmIDI+L2Rldi9udWxsOyAuL3Rlc3RfcHJvZ3MgLXQgJ2Zvcl9lYWNoJw==` virtme_chdir=home/prozak/sources/heimdall_experiment/uml-harness/.build/selftests-output-qemu rootfstype=9p rootflags=version=9p2000.L,trans=virtio,access=any,msize=524288 raid=noautodetect rw debug init=/home/prozak/.local/share/vng-venv/lib/python3.12/site-packages/virtme/guest/bin/virtme-ng-init
[    0.235838] Unknown kernel command line parameters "virtme_hostname=virtme-ng nr_open=1048576 virtme_link_mods=/home/prozak/sources/heimdall_experiment/uml-harness/.build/bpf-next-x86/.virtme_mods/lib/modules/0.0.0 virtme_rw_overlay0=/tmp virtme_console=ttyS0 virtme_chdir=home/prozak/sources/heimdall_experiment/uml-harness/.build/selftests-output-qemu", will be passed to user space.
[    0.241825] random: crng init done
[    0.242432] printk: log buffer data + meta data: 2097152 + 7340032 = 9437184 bytes
[    0.251954] Dentry cache hash table entries: 524288 (order: 10, 4194304 bytes, linear)
[    0.257425] Inode-cache hash table entries: 262144 (order: 9, 2097152 bytes, linear)
[    0.258993] software IO TLB: area num 8.
[    0.393411] Fallback order for Node 0: 0 
[    0.393417] Built 1 zonelists, mobility grouping on.  Total pages: 1048446
[    0.395370] Policy zone: Normal
[    0.395929] mem auto-init: stack:all(zero), heap alloc:off, heap free:off
[    0.402405] SLUB: HWalign=64, Order=0-3, MinObjects=0, CPUs=8, Nodes=1
Poking KASLR using RDRAND RDTSC...
[    0.418359] ftrace: allocating 69757 entries in 274 pages
[    0.419340] ftrace: allocated 274 pages with 3 groups
[    0.420739] Dynamic Preempt: full
[    0.421652] Running RCU self tests
[    0.422246] Running RCU synchronous self tests
[    0.423032] rcu: Preemptible hierarchical RCU implementation.
[    0.424114] rcu: 	RCU event tracing is enabled.
[    0.424944] rcu: 	RCU lockdep checking is enabled.
[    0.425785] rcu: 	RCU restricting CPUs from NR_CPUS=128 to nr_cpu_ids=8.
[    0.426964] 	Trampoline variant of Tasks RCU enabled.
[    0.427854] 	Rude variant of Tasks RCU enabled.
[    0.428670] 	Tracing variant of Tasks RCU enabled.
[    0.429500] rcu: RCU calculated value of scheduler-enlistment delay is 100 jiffies.
[    0.430843] rcu: Adjusting geometry for rcu_fanout_leaf=16, nr_cpu_ids=8
[    0.432048] Running RCU synchronous self tests
[    0.432871] RCU Tasks: Setting shift to 3 and lim to 1 rcu_task_cb_adjust=1 rcu_task_cpu_ids=8.
[    0.434416] RCU Tasks Rude: Setting shift to 3 and lim to 1 rcu_task_cb_adjust=1 rcu_task_cpu_ids=8.
[    0.441879] NR_IRQS: 8448, nr_irqs: 488, preallocated irqs: 16
[    0.443302] rcu: srcu_init: Setting srcu_struct sizes based on contention.
[    0.444561] clocksource: jiffies: mask: 0xffffffff max_cycles: 0xffffffff, max_idle_ns: 1911260446275000 ns
[    0.446658] Console: colour *CGA 80x25
[    0.447414] printk: legacy console [ttyS0] enabled
[    0.447414] printk: legacy console [ttyS0] enabled
[    0.449184] printk: legacy bootconsole [earlyser0] disabled
[    0.449184] printk: legacy bootconsole [earlyser0] disabled
[    0.451166] Lock dependency validator: Copyright (c) 2006 Red Hat, Inc., Ingo Molnar
[    0.452569] ... MAX_LOCKDEP_SUBCLASSES:  8
[    0.453322] ... MAX_LOCK_DEPTH:          48
[    0.454071] ... MAX_LOCKDEP_KEYS:        8192
[    0.454868] ... CLASSHASH_SIZE:          4096
[    0.455650] ... MAX_LOCKDEP_ENTRIES:     32768
[    0.456476] ... MAX_LOCKDEP_CHAINS:      65536
[    0.457286] ... CHAINHASH_SIZE:          32768
[    0.458080]  memory used by lock dependency info: 6429 kB
[    0.459059]  memory used for stack traces: 4224 kB
[    0.459914]  per task-struct memory footprint: 1920 bytes
[    0.461039] ACPI: Core revision 20260408
[    0.461960] clocksource: hpet: mask: 0xffffffff max_cycles: 0xffffffff, max_idle_ns: 19112604467 ns
[    0.463788] APIC: Switch to symmetric I/O mode setup
[    0.465166] x2apic enabled
[    0.466190] APIC: Switched APIC routing to: physical x2apic
[    0.467238] kvm-guest: APIC: send_IPI_mask() replaced with kvm_send_ipi_mask()
[    0.468656] kvm-guest: APIC: send_IPI_mask_allbutself() replaced with kvm_send_ipi_mask_allbutself()
[    0.470446] kvm-guest: setup PV IPIs
[    0.473347] ..TIMER: vector=0x30 apic1=0 pin1=2 apic2=-1 pin2=-1
[    0.474507] clocksource: tsc-early: mask: 0xffffffffffffffff max_cycles: 0x31027285e94, max_idle_ns: 440795238296 ns
[    0.476473] Calibrating delay loop (skipped) preset value.. 6800.07 BogoMIPS (lpj=3400038)
[    0.478119] x86/cpu: User Mode Instruction Prevention (UMIP) activated
[    0.479795] Last level iTLB entries: 4KB 512, 2MB 255, 4MB 127
[    0.480471] Last level dTLB entries: 4KB 512, 2MB 255, 4MB 127, 1GB 0
[    0.481479] mitigations: Enabled attack vectors: user_kernel, user_user, SMT mitigations: auto
[    0.482471] Speculative Store Bypass: Mitigation: Speculative Store Bypass disabled via prctl
[    0.483471] Speculative Return Stack Overflow: IBPB-extending microcode not applied!
[    0.485471] Speculative Return Stack Overflow: WARNING: See https://kernel.org/doc/html/latest/admin-guide/hw-vuln/srso.html for mitigation options.
[    0.485473] Transient Scheduler Attacks: Vulnerable: No microcode
[    0.487471] Spectre V2 : Mitigation: Retpolines
[    0.488471] Speculative Return Stack Overflow: Vulnerable: Safe RET, no microcode
[    0.489471] Spectre V1 : Mitigation: usercopy/swapgs barriers and __user pointer sanitization
[    0.490471] Spectre V2 : Spectre v2 / SpectreRSB: Filling RSB on context switch and VMEXIT
[    0.491471] Spectre V2 : Enabling Restricted Speculation for firmware calls
[    0.492473] Spectre V2 : mitigation: Enabling conditional Indirect Branch Prediction Barrier
[    0.493471] active return thunk: srso_alias_return_thunk
[    0.494522] x86/fpu: Supporting XSAVE feature 0x001: 'x87 floating point registers'
[    0.495471] x86/fpu: Supporting XSAVE feature 0x002: 'SSE registers'
[    0.496471] x86/fpu: Supporting XSAVE feature 0x004: 'AVX registers'
[    0.497471] x86/fpu: xstate_offset[2]:  576, xstate_sizes[2]:  256
[    0.498471] x86/fpu: Enabled xstate features 0x7, context size is 832 bytes, using 'compacted' format.
[    0.534251] pid_max: default: 32768 minimum: 301
[    0.535534] SELinux:  Initializing.
[    0.537514] LSM support for eBPF active
[    0.538657] Mount-cache hash table entries: 8192 (order: 4, 65536 bytes, linear)
[    0.540481] Mountpoint-cache hash table entries: 8192 (order: 4, 65536 bytes, linear)
[    0.543354] VFS: Finished mounting rootfs on nullfs
[    0.545831] Running RCU synchronous self tests
[    0.546473] Running RCU synchronous self tests
[    0.548035] smpboot: CPU0: AMD Ryzen 9 5950X 16-Core Processor (family: 0x19, model: 0x21, stepping: 0x2)
[    0.550500] Performance Events: Fam17h+ core perfctr, AMD PMU driver.
[    0.551497] ... version:                   0
[    0.552393] ... bit width:                 48
[    0.552478] ... generic counters:          6
[    0.553401] ... generic bitmap:            000000000000003f
[    0.553478] ... fixed-purpose counters:    0
[    0.554377] ... fixed-purpose bitmap:      0000000000000000
[    0.554478] ... value mask:                0000ffffffffffff
[    0.555478] ... max period:                00007fffffffffff
[    0.556477] ... global_ctrl mask:          000000000000003f
[    0.557823] signal: max sigframe size: 1776
[    0.558639] rcu: Hierarchical SRCU implementation.
[    0.559480] rcu: 	Max phase no-delay instances is 400.
[    0.560812] Timer migration: 1 hierarchy levels; 8 children per group; 1 crossnode level
[    0.573761] smp: Bringing up secondary CPUs ...
[    0.578784] smpboot: x86: Booting SMP configuration:
[    0.579479] .... node  #0, CPUs:      #1 #2 #3 #4 #5 #6 #7
[    0.610916] smp: Brought up 1 node, 8 CPUs
[    0.612401] smpboot: Total of 8 processors activated (54400.60 BogoMIPS)
[    0.614243] Memory: 3963780K/4193784K available (25637K kernel code, 10348K rwdata, 18032K rodata, 4668K init, 13400K bss, 221948K reserved, 0K cma-reserved)
[    0.616480] devtmpfs: initialized
[    0.620774] Running RCU synchronous self tests
[    0.621504] Running RCU synchronous self tests
[    0.622582] Running RCU Tasks wait API self tests
[    0.623530] Running RCU Tasks Rude wait API self tests
[    0.624479] Running RCU Tasks Trace wait API self tests
[    0.625595] posixtimers hash table entries: 4096 (order: 7, 294912 bytes, linear)
[    0.627894] futex hash table entries: 2048 (262144 bytes on 1 NUMA nodes, total 256 KiB, linear).
[    0.629478] PM: RTC time: 22:57:20, date: 2026-08-02
[    0.630510] Callback from call_rcu_tasks_trace() invoked.
[    0.637693] NET: Registered PF_NETLINK/PF_ROUTE protocol family
[    0.639466] audit: initializing netlink subsys (disabled)
[    0.639589] audit: type=2000 audit(1785711440.332:1): state=initialized audit_enabled=0 res=1
[    0.663430] thermal_sys: Registered thermal governor 'step_wise'
[    0.663533] cpuidle: using governor ladder
[    0.665414] cpuidle: using governor menu
[    0.666709] Freeing SMP alternatives memory: 68K
[    0.668349] PCI: Using configuration type 1 for base access
[    0.668478] PCI: Using configuration type 1 for extended access
[    0.669642] kprobes: kprobe jump-optimization is enabled. All kprobes are optimized if possible.
[    0.671628] HugeTLB: registered 1.00 GiB page size, pre-allocated 0 pages
[    0.672480] HugeTLB: 16380 KiB vmemmap can be freed for a 1.00 GiB page
[    0.673478] HugeTLB: registered 2.00 MiB page size, pre-allocated 0 pages
[    0.674479] HugeTLB: 28 KiB vmemmap can be freed for a 2.00 MiB page
[    0.680774] ACPI: Added _OSI(Module Device)
[    0.681479] ACPI: Added _OSI(Processor Device)
[    0.682480] ACPI: Added _OSI(Processor Aggregator Device)
[    0.687273] ACPI: 1 ACPI AML tables successfully acquired and loaded
[    0.689762] ACPI: \_SB_: platform _OSC: OS support mask [002a7eee]
[    0.691209] ACPI: Interpreter enabled
[    0.691558] ACPI: PM: (supports S0 S3 S4 S5)
[    0.692489] ACPI: Using IOAPIC for interrupt routing
[    0.693543] PCI: Using host bridge windows from ACPI; if necessary, use "pci=nocrs" and report a bug
[    0.694479] PCI: Using E820 reservations for host bridge windows
[    0.695850] ACPI: Enabled 2 GPEs in block 00 to 0F
[    0.712381] ACPI: PCI Root Bridge [PCI0] (domain 0000 [bus 00-ff])
[    0.712484] acpi PNP0A03:00: _OSC: OS supports [ExtendedConfig ASPM ClockPM Segments MSI HPX-Type3]
[    0.713490] acpi PNP0A03:00: _OSC: OS requested [PME PCIeCapability LTR]
[    0.714478] acpi PNP0A03:00: _OSC: platform willing to grant [PME PCIeCapability LTR]
[    0.715480] acpi PNP0A03:00: _OSC: platform retains control of PCIe features (AE_ERROR)
[    0.717269] PCI host bridge to bus 0000:00
[    0.717487] pci_bus 0000:00: root bus resource [io  0x0000-0x0cf7 window]
[    0.718480] pci_bus 0000:00: root bus resource [io  0x0d00-0xffff window]
[    0.719480] pci_bus 0000:00: root bus resource [mem 0x000a0000-0x000bffff window]
[    0.720480] pci_bus 0000:00: root bus resource [mem 0xc0000000-0xfebfffff window]
[    0.721480] pci_bus 0000:00: root bus resource [mem 0x380000000000-0x38007fffffff window]
[    0.722479] pci_bus 0000:00: root bus resource [bus 00-ff]
[    0.723886] pci 0000:00:00.0: [8086:1237] type 00 class 0x060000 conventional PCI endpoint
[    0.726302] pci 0000:00:01.0: [8086:7000] type 00 class 0x060100 conventional PCI endpoint
[    0.728004] pci 0000:00:01.1: [8086:7010] type 00 class 0x010180 conventional PCI endpoint
[    0.729339] pci 0000:00:01.1: BAR 4 [io  0xc1c0-0xc1cf]
[    0.729556] pci 0000:00:01.1: BAR 0 [io  0x01f0-0x01f7]: legacy IDE quirk
[    0.730479] pci 0000:00:01.1: BAR 1 [io  0x03f6]: legacy IDE quirk
[    0.731478] pci 0000:00:01.1: BAR 2 [io  0x0170-0x0177]: legacy IDE quirk
[    0.732479] pci 0000:00:01.1: BAR 3 [io  0x0376]: legacy IDE quirk
[    0.734268] pci 0000:00:01.3: [8086:7113] type 00 class 0x068000 conventional PCI endpoint
[    0.735194] pci 0000:00:01.3: quirk: [io  0x0600-0x063f] claimed by PIIX4 ACPI
[    0.735496] pci 0000:00:01.3: quirk: [io  0x0700-0x070f] claimed by PIIX4 SMB
[    0.737478] pci 0000:00:02.0: [1af4:1009] type 00 class 0x000200 conventional PCI endpoint
[    0.740497] pci 0000:00:02.0: BAR 0 [io  0xc000-0xc03f]
[    0.741495] pci 0000:00:02.0: BAR 1 [mem 0xfebf8000-0xfebf8fff]
[    0.742541] pci 0000:00:02.0: BAR 4 [mem 0x380000000000-0x380000003fff 64bit pref]
[    0.746639] pci 0000:00:03.0: [8086:25ab] type 00 class 0x088000 conventional PCI endpoint
[    0.748497] pci 0000:00:03.0: BAR 0 [mem 0xfebf9000-0xfebf900f]
[    0.752173] pci 0000:00:04.0: [1af4:1003] type 00 class 0x078000 conventional PCI endpoint
[    0.753978] pci 0000:00:04.0: BAR 0 [io  0xc040-0xc07f]
[    0.754497] pci 0000:00:04.0: BAR 1 [mem 0xfebfa000-0xfebfafff]
[    0.755541] pci 0000:00:04.0: BAR 4 [mem 0x380000004000-0x380000007fff 64bit pref]
[    0.759830] pci 0000:00:05.0: [1af4:1003] type 00 class 0x078000 conventional PCI endpoint
[    0.761496] pci 0000:00:05.0: BAR 0 [io  0xc080-0xc0bf]
[    0.762497] pci 0000:00:05.0: BAR 1 [mem 0xfebfb000-0xfebfbfff]
[    0.763538] pci 0000:00:05.0: BAR 4 [mem 0x380000008000-0x38000000bfff 64bit pref]
[    0.767974] pci 0000:00:06.0: [1af4:1003] type 00 class 0x078000 conventional PCI endpoint
[    0.769495] pci 0000:00:06.0: BAR 0 [io  0xc0c0-0xc0ff]
[    0.770493] pci 0000:00:06.0: BAR 1 [mem 0xfebfc000-0xfebfcfff]
[    0.771541] pci 0000:00:06.0: BAR 4 [mem 0x38000000c000-0x38000000ffff 64bit pref]
[    0.775870] pci 0000:00:07.0: [1af4:1003] type 00 class 0x078000 conventional PCI endpoint
[    0.777497] pci 0000:00:07.0: BAR 0 [io  0xc100-0xc13f]
[    0.778496] pci 0000:00:07.0: BAR 1 [mem 0xfebfd000-0xfebfdfff]
[    0.779539] pci 0000:00:07.0: BAR 4 [mem 0x380000010000-0x380000013fff 64bit pref]
[    0.783976] pci 0000:00:08.0: [1af4:1003] type 00 class 0x078000 conventional PCI endpoint
[    0.785404] pci 0000:00:08.0: BAR 0 [io  0xc140-0xc17f]
[    0.785497] pci 0000:00:08.0: BAR 1 [mem 0xfebfe000-0xfebfefff]
[    0.786540] pci 0000:00:08.0: BAR 4 [mem 0x380000014000-0x380000017fff 64bit pref]
[    0.790824] pci 0000:00:09.0: [1af4:1003] type 00 class 0x078000 conventional PCI endpoint
[    0.792496] pci 0000:00:09.0: BAR 0 [io  0xc180-0xc1bf]
[    0.793493] pci 0000:00:09.0: BAR 1 [mem 0xfebff000-0xfebfffff]
[    0.794579] pci 0000:00:09.0: BAR 4 [mem 0x380000018000-0x38000001bfff 64bit pref]
[    0.804099] ACPI: PCI: Interrupt link LNKA configured for IRQ 10
[    0.804737] ACPI: PCI: Interrupt link LNKB configured for IRQ 10
[    0.805733] ACPI: PCI: Interrupt link LNKC configured for IRQ 11
[    0.806749] ACPI: PCI: Interrupt link LNKD configured for IRQ 11
[    0.807615] ACPI: PCI: Interrupt link LNKS configured for IRQ 9
[    0.810504] iommu: Default domain type: Translated
[    0.811479] iommu: DMA domain TLB invalidation policy: lazy mode
[    0.813936] SCSI subsystem initialized
[    0.814552] libata version 3.00 loaded.
[    0.815698] ACPI: bus type USB registered
[    0.816608] usbcore: registered new interface driver usbfs
[    0.817555] usbcore: registered new interface driver hub
[    0.818516] usbcore: registered new device driver usb
[    0.819706] pps_core: LinuxPPS API ver. 1 registered
[    0.820478] pps_core: Software ver. 5.3.6 - Copyright 2005-2007 Rodolfo Giometti <giometti@linux.it>
[    0.821506] PTP clock support registered
[    0.823511] Advanced Linux Sound Architecture Driver Initialized.
[    0.825857] NetLabel: Initializing
[    0.826478] NetLabel:  domain hash size = 128
[    0.827404] NetLabel:  protocols = UNLABELED CIPSOv4 CALIPSO
[    0.827526] NetLabel:  unlabeled traffic allowed by default
[    0.828855] PCI: Using ACPI for IRQ routing
[    0.829481] PCI: pci_cache_line_size set to 64 bytes
[    0.830478] Callback from call_rcu_tasks() invoked.
[    0.831789] e820: register RAM buffer resource [mem 0x0009fc00-0x0009ffff]
[    0.832481] e820: register RAM buffer resource [mem 0xbffe0000-0xbfffffff]
[    0.833603] vgaarb: loaded
[    0.834241] hpet0: at MMIO 0xfed00000, IRQs 2, 8, 0
[    0.834481] hpet0: 3 comparators, 64-bit 100.000000 MHz counter
[    0.837913] clocksource: Switched to clocksource kvm-clock
[    0.840559] VFS: Disk quotas dquot_6.6.0
[    0.841534] VFS: Dquot-cache hash table entries: 512 (4096 bytes)
[    0.844260] pnp: PnP ACPI init
[    0.845472] pnp 00:02: [dma 2]
[    0.847208] pnp: PnP ACPI: found 4 devices
[    0.865556] clocksource: acpi_pm: mask: 0xffffff max_cycles: 0xffffff, max_idle_ns: 2085701024 ns
[    0.867818] NET: Registered PF_INET protocol family
[    0.870323] IP idents hash table entries: 65536 (order: 7, 524288 bytes, linear)
[    0.874578] tcp_listen_portaddr_hash hash table entries: 2048 (order: 6, 147456 bytes, linear)
[    0.876893] Table-perturb hash table entries: 65536 (order: 6, 262144 bytes, linear)
[    0.878609] TCP established hash table entries: 32768 (order: 6, 262144 bytes, linear)
[    0.880932] TCP bind hash table entries: 32768 (order: 11, 4718592 bytes, vmalloc hugepage)
[    0.893342] TCP: Hash tables configured (established 32768 bind 32768)
[    0.896374] MPTCP token hash table entries: 4096 (order: 7, 360448 bytes, linear)
[    0.898157] UDP hash table entries: 2048 (order: 7, 524288 bytes, linear)
[    0.900936] NET: Registered PF_UNIX/PF_LOCAL protocol family
[    0.903265] RPC: Registered named UNIX socket transport module.
[    0.904628] RPC: Registered udp transport module.
[    0.905654] RPC: Registered tcp transport module.
[    0.906676] RPC: Registered tcp-with-tls transport module.
[    0.907872] RPC: Registered tcp NFSv4.1 backchannel transport module.
[    0.910271] NET: Registered PF_XDP protocol family
[    0.911468] pci_bus 0000:00: resource 4 [io  0x0000-0x0cf7 window]
[    0.912858] pci_bus 0000:00: resource 5 [io  0x0d00-0xffff window]
[    0.914172] pci_bus 0000:00: resource 6 [mem 0x000a0000-0x000bffff window]
[    0.915682] pci_bus 0000:00: resource 7 [mem 0xc0000000-0xfebfffff window]
[    0.917158] pci_bus 0000:00: resource 8 [mem 0x380000000000-0x38007fffffff window]
[    0.918876] pci 0000:00:01.0: PIIX3: Enabling Passive Release
[    0.920096] pci 0000:00:00.0: Limiting direct PCI/PCI transfers
[    0.921546] PCI: CLS 0 bytes, default 64
[    0.922508] PCI-DMA: Using software bounce buffering for IO (SWIOTLB)
[    0.923889] software IO TLB: mapped [mem 0x00000000bbfe0000-0x00000000bffe0000] (64MB)
[    0.927378] clocksource: tsc: mask: 0xffffffffffffffff max_cycles: 0x31027285e94, max_idle_ns: 440795238296 ns
[    0.938757] Initialise system trusted keyrings
[    0.940303] workingset: timestamp_bits=40 (anon: 35) max_order=20 bucket_order=0 (anon: 0)
[    0.943092] squashfs: version 4.0 (2009/01/31) Phillip Lougher
[    0.945192] NFS: Registering the id_resolver key type
[    0.946618] Key type id_resolver registered
[    0.947563] Key type id_legacy registered
[    0.948500] nfs4filelayout_init: NFSv4 File Layout Driver Registering...
[    0.949982] nfs4flexfilelayout_init: NFSv4 Flexfile Layout Driver Registering...
[    0.951824] fuse: init (API version 7.45)
[    0.953070] 9p: Installing v9fs 9p2000 file system support
[    0.956100] NET: Registered PF_ALG protocol family
[    0.957205] Key type asymmetric registered
[    0.958172] Asymmetric key parser 'x509' registered
[    0.959378] Block layer SCSI generic (bsg) driver version 0.4 loaded (major 248)
[    0.961604] io scheduler mq-deadline registered
[    0.962822] io scheduler kyber registered
[    0.965225] input: Power Button as /devices/platform/LNXPWRBN:00/input/input0
[    0.967164] ACPI: button: Power Button [PWRF]
[    1.094345] ACPI: \_SB_.LNKB: Enabled at IRQ 10
[    1.218741] ACPI: \_SB_.LNKD: Enabled at IRQ 11
[    1.343058] ACPI: \_SB_.LNKA: Enabled at IRQ 10
[    1.485820] kwatchdog (97) used greatest stack depth: 14776 bytes left
[    1.591999] ACPI: \_SB_.LNKC: Enabled at IRQ 11
[    1.841164] Serial: 8250/16550 driver, 4 ports, IRQ sharing enabled
[    1.843697] 00:03: ttyS0 at I/O 0x3f8 (irq = 4, base_baud = 115200) is a 16550A
[    1.987025] Non-volatile memory driver v1.3
[    1.988779] ACPI: bus type drm_connector registered
[    2.010299] brd: module loaded
[    2.023897] loop: module loaded
[    2.029339] scsi host0: ata_piix
[    2.031467] scsi host1: ata_piix
[    2.032536] ata1: PATA max MWDMA2 cmd 0x1f0 ctl 0x3f6 bmdma 0xc1c0 irq 14 lpm-pol 0
[    2.034270] ata2: PATA max MWDMA2 cmd 0x170 ctl 0x376 bmdma 0xc1c8 irq 15 lpm-pol 0
[    2.040356] tun: Universal TUN/TAP device driver, 1.6
[    2.042001] e100: Intel(R) PRO/100 Network Driver
[    2.043092] e100: Copyright(c) 1999-2006 Intel Corporation
[    2.044369] e1000: Intel(R) PRO/1000 Network Driver
[    2.045423] e1000: Copyright (c) 1999-2006 Intel Corporation.
[    2.046781] e1000e: Intel(R) PRO/1000 Network Driver
[    2.047878] e1000e: Copyright(c) 1999 - 2015 Intel Corporation.
[    2.049215] sky2: driver version 1.30
[    2.051202] usbcore: registered new interface driver usblp
[    2.052548] usbcore: registered new interface driver usb-storage
[    2.053989] i8042: PNP: PS/2 Controller [PNP0303:KBD,PNP0f13:MOU] at 0x60,0x64 irq 1,12
[    2.057207] serio: i8042 KBD port at 0x60,0x64 irq 1
[    2.058738] serio: i8042 AUX port at 0x60,0x64 irq 12
[    2.060792] rtc_cmos PNP0B00:00: RTC can wake from S4
[    2.064229] input: AT Translated Set 2 keyboard as /devices/platform/i8042/serio0/input/input1
[    2.066737] rtc_cmos PNP0B00:00: registered as rtc0
[    2.068246] rtc_cmos PNP0B00:00: alarms up to one day, y3k, 242 bytes nvram, hpet irqs
[    2.070480] Registered IR keymap rc-empty
[    2.071772] rc rc0: rc-core loopback device as /devices/virtual/rc/rc0
[    2.074715] rc rc0: lirc_dev: driver rc-loopback registered at minor = 0, raw IR receiver, raw IR transmitter
[    2.078711] input: rc-core loopback device as /devices/virtual/rc/rc0/input2
[    2.081626] intel_powerclamp: CPU does not support MWAIT
[    2.082871] device-mapper: core: CONFIG_IMA_DISABLE_HTABLE is disabled. Duplicate IMA measurements will not be recorded in the IMA log.
[    2.085905] device-mapper: ioctl: 4.50.0-ioctl (2025-04-28) initialised: dm-devel@lists.linux.dev
[    2.087956] amd_pstate: the _CPC object is not present in SBIOS or ACPI disabled
[    2.090452] hid: raw HID events driver (C) Jiri Kosina
[    2.093251] usbcore: registered new interface driver usbhid
[    2.094595] usbhid: USB HID core driver
[    2.096596] GACT probability NOT on
[    2.097458] Mirror/redirect action on
[    2.099734] nf_conntrack_irc: The irc conntrack helper is scheduled for removal.
[    2.099734] Please contact the netfilter-devel mailing list if you still need this.
[    2.104746] ipip: IPv4 and MPLS over IPv4 tunneling driver
[    2.106786] gre: GRE over IPv4 demultiplexer driver
[    2.107985] ip_gre: GRE over IPv4 tunneling driver
[    2.111657] Initializing XFRM netlink socket
[    2.112670] IPsec XFRM device driver
[    2.113625] NET: Registered PF_INET6 protocol family
[    2.116851] Segment Routing with IPv6
[    2.117716] In-situ OAM (IOAM) with IPv6
[    2.118664] mip6: Mobile IPv6
[    2.119356] sit: IPv6, IPv4 and MPLS over IPv4 tunneling driver
[    2.122231] ip6_gre: GRE over IPv6 tunneling driver
[    2.124186] NET: Registered PF_PACKET protocol family
[    2.125366] RPC: Registered rdma transport module.
[    2.126437] RPC: Registered rdma backchannel transport module.
[    2.128025] 8021q: 802.1Q VLAN Support v1.8
[    2.129879] smc: adding smcd device lo without pnetid
[    2.131362] NET: Registered PF_SMC protocol family
[    2.132900] 9pnet: Installing 9P2000 support
[    2.135418] Key type dns_resolver registered
[    2.136768] NET: Registered PF_VSOCK protocol family
[    2.137962] mpls_gso: MPLS GSO support
[    2.142287] IPI shorthand broadcast: enabled
[    2.186426] sched_clock: Marking stable (2162011922, 23907924)->(2287712997, -101793151)
[    2.188495] ata2: found unknown device (class 0)
[    2.191027] ata2.00: ATAPI: QEMU DVD-ROM, 2.5+, max UDMA/100
[    2.192798] registered taskstats version 1
[    2.195769] scsi 1:0:0:0: CD-ROM            QEMU     QEMU DVD-ROM     2.5+ PQ: 0 ANSI: 5
[    2.211120] Loading compiled-in X.509 certificates
[    2.212807] kworker/u32:1 (117) used greatest stack depth: 13008 bytes left
[    2.214166] Loaded X.509 cert 'Build time autogenerated kernel key: c4531344b9a9c1a4731230d977a262ba29ba5272'
[    2.219212] sr 1:0:0:0: [sr0] scsi3-mmc drive: 4x/4x cd/rw xa/form2 tray
[    2.236750] cdrom: Uniform CD-ROM driver Revision: 3.20
[    2.252508] sr 1:0:0:0: Attached scsi CD-ROM sr0
[    2.254649] sr 1:0:0:0: Attached scsi generic sg0 type 5
[    2.256070] Demotion targets for Node 0: null
[    2.257962] ima: No TPM chip found, activating TPM-bypass!
[    2.259260] ima: Allocated hash algorithm: sha1
[    2.260412] ima: No architecture policies found
[    2.262397] PM:   Magic number: 6:938:1006
[    2.263431] netconsole: network logging started
[    2.265131] cfg80211: Loading compiled-in X.509 certificates for regulatory database
[    2.268167] Loaded X.509 cert 'sforshee: 00b28ddf47aef9cea7'
[    2.269817] Loaded X.509 cert 'wens: 61c038651aabdcf94bd0ac7ff06c7248db18c600'
[    2.271709] faux_driver regulatory: Direct firmware load for regulatory.db failed with error -2
[    2.273670] cfg80211: failed to load regulatory.db
[    2.273852] ALSA device list:
[    2.275561]   No soundcards found.
[    2.494719] input: ImExPS/2 Generic Explorer Mouse as /devices/platform/i8042/serio1/input/input4
[    2.496854] md: Skipping autodetection of RAID arrays. (raid=autodetect will force)
[    2.498182] 9p: Bad value for 'source'
[    2.498843] 9pnet: Limiting 'msize' to 512000 as this is the maximum supported by transport virtio
[    2.502303] VFS: Mounted root (9p filesystem) on device 0:22.
[    2.504081] devtmpfs: mounted
[    2.504695] VFS: Pivoted into new rootfs
[    2.509738] Freeing unused kernel image (initmem) memory: 4668K
[    2.510625] Write protecting the kernel read-only data: 45056k
[    2.512606] Freeing unused kernel image (text/rodata gap) memory: 984K
[    2.514004] Freeing unused kernel image (rodata/data gap) memory: 400K
[    2.551242] x86/mm: Checked W+X mappings: passed, no W+X pages found.
[    2.552153] Run /home/prozak/.local/share/vng-venv/lib/python3.12/site-packages/virtme/guest/bin/virtme-ng-init as init process
[    2.553642]   with arguments:
[    2.554098]     /home/prozak/.local/share/vng-venv/lib/python3.12/site-packages/virtme/guest/bin/virtme-ng-init
[    2.555428]   with environment:
[    2.555889]     HOME=/
[    2.556277]     TERM=linux
[    2.556662]     virtme_hostname=virtme-ng
[    2.557231]     nr_open=1048576
[    2.557671]     virtme_link_mods=/home/prozak/sources/heimdall_experiment/uml-harness/.build/bpf-next-x86/.virtme_mods/lib/modules/0.0.0
[    2.559275]     virtme_rw_overlay0=/tmp
[    2.559823]     virtme_console=ttyS0
[    2.560345]     virtme_chdir=home/prozak/sources/heimdall_experiment/uml-harness/.build/selftests-output-qemu
[    2.648121] virtme-ng-init: mount devtmpfs -> /dev: EBUSY: Device or resource busy
[    2.650071] virtme-ng-init: Setting hostname to virtme-ng...
[    2.688845] virtme-ng-init: running systemd-tmpfiles
[    3.866918] systemd-tmpfile (127) used greatest stack depth: 11904 bytes left
[    3.867059] virtme-ng-init: basic initialization done
[    3.884565] virtme-ng-init: error creating file: Permission denied (os error 13)
[    3.972168] ip (133) used greatest stack depth: 11848 bytes left
[    4.091785] virtme-ng-init: Starting systemd-udevd version 255.4-1ubuntu8.16
[    4.093793] virtme-ng-init: triggering udev coldplug
[    7.185440] virtme-ng-init: waiting for udev to settle
[    7.989683] virtme-ng-init: udev is done
[    7.994278] virtme-ng-init: starting script
[    8.284647] bpf_testmod: loading out-of-tree module taints kernel.
[    8.285542] bpf_testmod: module verification failed: signature and/or required key missing - tainting kernel
[    8.429480] smc: removing smcd device lo
[    8.444191] ACPI: PM: Preparing to enter system sleep state S5
[    8.445426] reboot: Power down
