#138/1   for_each/hash_map:OK
#138/2   for_each/array_map:OK
#138/3   for_each/write_map_key:OK
#138/4   for_each/multi_maps:OK
#138/5   for_each/hash_modify:OK
#138     for_each:OK
Summary: 1/5 PASSED, 0 SKIPPED, 0 FAILED
otal_size: 0x0000000004f8d000
needed_size: 0x0000000005000000
trampoline_32bit: 0x0000000000000000
Physical KASLR using RDRAND RDTSC...
Virtual KASLR using RDRAND RDTSC...

Decompressing Linux... Parsing ELF... Performing relocations... done.
Booting the kernel (entry_offset: 0x0000000003db5740).
[    0.000000] Linux version 7.2.0-rc1-g5e2f4aad04e2 (prozak@powertower) (gcc (Ubuntu 13.3.0-6ubuntu2~24.04.1) 13.3.0, GNU ld (GNU Binutils for Ubuntu) 2.42) #3 SMP PREEMPT_DYNAMIC Sun Aug  2 09:03:43 PDT 2026
[    0.000000] Command line: virtme_hostname=virtme-ng nr_open=1048576 virtme_link_mods=/home/prozak/sources/heimdall_experiment/uml-harness/.build/bpf-next-x86/.virtme_mods/lib/modules/0.0.0 virtme_rw_overlay0=/tmp virtme_console=ttyS0 console=ttyS0 earlyprintk=serial,ttyS0,115200 panic=-1 virtme.exec=`bW91bnQgLXQgYnBmIGJwZmZzIC9zeXMvZnMvYnBmIDI+L2Rldi9udWxsOyAuL3Rlc3RfcHJvZ3MgLXQgJ2Zvcl9lYWNoJw==` virtme_chdir=home/prozak/sources/heimdall_experiment/uml-harness/.build/selftests-output-qemu rootfstype=9p rootflags=version=9p2000.L,trans=virtio,access=any,msize=524288 raid=noautodetect rw debug init=/home/prozak/.local/share/vng-venv/lib/python3.12/site-packages/virtme/guest/bin/virtme-ng-init
[    0.000000] x86 CPU feature dependency check failure: CPU0 has '18*32+31' enabled but '18*32+26' disabled. Kernel might be fine, but no guarantees.
[    0.000000] BIOS-provided physical RAM map:
[    0.000000] BIOS-e820: [mem 0x0000000000000000-0x000000000009fbff]  System RAM
[    0.000000] BIOS-e820: [mem 0x000000000009fc00-0x000000000009ffff]  device reserved
[    0.000000] BIOS-e820: [gap 0x00000000000a0000-0x00000000000effff]
[    0.000000] BIOS-e820: [mem 0x00000000000f0000-0x00000000000fffff]  device reserved
[    0.000000] BIOS-e820: [mem 0x0000000000100000-0x00000000bffdffff]  System RAM
[    0.000000] BIOS-e820: [mem 0x00000000bffe0000-0x00000000bfffffff]  device reserved
[    0.000000] BIOS-e820: [gap 0x00000000c0000000-0x00000000feffbfff]
[    0.000000] BIOS-e820: [mem 0x00000000feffc000-0x00000000feffffff]  device reserved
[    0.000000] BIOS-e820: [gap 0x00000000ff000000-0x00000000fffbffff]
[    0.000000] BIOS-e820: [mem 0x00000000fffc0000-0x00000000ffffffff]  device reserved
[    0.000000] BIOS-e820: [mem 0x0000000100000000-0x000000013fffffff]  System RAM
[    0.000000] BIOS-e820: [gap 0x0000000140000000-0x000000fcffffffff]
[    0.000000] BIOS-e820: [mem 0x000000fd00000000-0x000000ffffffffff]  device reserved
[    0.000000] printk: legacy bootconsole [earlyser0] enabled
[    0.000000] NX (Execute Disable) protection: active
[    0.000000] APIC: Static calls initialized
[    0.000000] DMI: SMBIOS 3.0.0 present.
[    0.000000] DMI: QEMU Ubuntu 24.04 PC v2 (i440FX + PIIX, arch_caps fix, 1996), BIOS 1.16.3-debian-1.16.3-2 04/01/2014
[    0.000000] DMI: Memory slots populated: 1/1
[    0.000000] Hypervisor detected: KVM
[    0.000000] last_pfn = 0xbffe0 max_arch_pfn = 0x400000000
[    0.000000] kvm-clock: Using msrs 4b564d01 and 4b564d00
[    0.000001] kvm-clock: using sched offset of 440169152 cycles
[    0.000898] clocksource: kvm-clock: mask: 0xffffffffffffffff max_cycles: 0x1cd42e4dffb, max_idle_ns: 881590591483 ns
[    0.003789] tsc: Detected 3400.038 MHz processor
[    0.004928] e820: update [mem 0x00000000-0x00000fff] System RAM ==> device reserved
[    0.006259] e820: remove [mem 0x000a0000-0x000fffff] System RAM
[    0.007306] last_pfn = 0x140000 max_arch_pfn = 0x400000000
[    0.008366] MTRR map: 4 entries (3 fixed + 1 variable; max 19), built from 8 variable MTRRs
[    0.009818] x86/PAT: Configuration [0-7]: WB  WC  UC- UC  WB  WP  UC- WT  
Memory KASLR using RDRAND RDTSC...
[    0.011698] last_pfn = 0xbffe0 max_arch_pfn = 0x400000000
[    0.013847] found SMP MP-table at [mem 0x000f5450-0x000f545f]
[    0.014849] Using GB pages for direct mapping
[    0.015712] ACPI: Early table checksum verification disabled
[    0.016709] ACPI: RSDP 0x00000000000F5240 000014 (v00 BOCHS )
[    0.017769] ACPI: RSDT 0x00000000BFFE1F16 000034 (v01 BOCHS  BXPC     00000001 BXPC 00000001)
[    0.019256] ACPI: FACP 0x00000000BFFE1D92 000074 (v01 BOCHS  BXPC     00000001 BXPC 00000001)
[    0.020763] ACPI: DSDT 0x00000000BFFE0040 001D52 (v01 BOCHS  BXPC     00000001 BXPC 00000001)
[    0.022242] ACPI: FACS 0x00000000BFFE0000 000040
[    0.023037] ACPI: APIC 0x00000000BFFE1E06 0000B0 (v03 BOCHS  BXPC     00000001 BXPC 00000001)
[    0.024572] ACPI: HPET 0x00000000BFFE1EB6 000038 (v01 BOCHS  BXPC     00000001 BXPC 00000001)
[    0.026056] ACPI: WAET 0x00000000BFFE1EEE 000028 (v01 BOCHS  BXPC     00000001 BXPC 00000001)
[    0.027527] ACPI: Reserving FACP table memory at [mem 0xbffe1d92-0xbffe1e05]
[    0.028768] ACPI: Reserving DSDT table memory at [mem 0xbffe0040-0xbffe1d91]
[    0.029997] ACPI: Reserving FACS table memory at [mem 0xbffe0000-0xbffe003f]
[    0.031248] ACPI: Reserving APIC table memory at [mem 0xbffe1e06-0xbffe1eb5]
[    0.032489] ACPI: Reserving HPET table memory at [mem 0xbffe1eb6-0xbffe1eed]
[    0.033709] ACPI: Reserving WAET table memory at [mem 0xbffe1eee-0xbffe1f15]
[    0.035435] No NUMA configuration found
[    0.036137] Faking a node at [mem 0x0000000000000000-0x000000013fffffff]
[    0.037329] NODE_DATA(0) allocated [mem 0x13fffbc80-0x13fffffff]
[    0.039188] ACPI: PM-Timer IO Port: 0x608
[    0.039911] ACPI: LAPIC_NMI (acpi_id[0xff] dfl dfl lint[0x1])
[    0.040945] IOAPIC[0]: apic_id 0, version 17, address 0xfec00000, GSI 0-23
[    0.042163] ACPI: INT_SRC_OVR (bus 0 bus_irq 0 global_irq 2 dfl dfl)
[    0.043268] ACPI: INT_SRC_OVR (bus 0 bus_irq 5 global_irq 5 high level)
[    0.044421] ACPI: INT_SRC_OVR (bus 0 bus_irq 9 global_irq 9 high level)
[    0.045553] ACPI: INT_SRC_OVR (bus 0 bus_irq 10 global_irq 10 high level)
[    0.046748] ACPI: INT_SRC_OVR (bus 0 bus_irq 11 global_irq 11 high level)
[    0.047945] ACPI: Using ACPI (MADT) for SMP configuration information
[    0.049082] ACPI: HPET id: 0x8086a201 base: 0xfed00000
[    0.049986] TSC deadline timer available
[    0.050692] CPU topo: Max. logical packages:   1
[    0.051521] CPU topo: Max. logical nodes:      1
[    0.052356] CPU topo: Num. nodes per package:  1
[    0.053163] CPU topo: Max. logical dies:       1
[    0.053973] CPU topo: Max. dies per package:   1
[    0.054788] CPU topo: Max. threads per core:   1
[    0.055587] CPU topo: Num. cores per package:     8
[    0.056440] CPU topo: Num. threads per package:   8
[    0.057277] CPU topo: Allowing 8 present CPUs plus 0 hotplug CPUs
[    0.058360] kvm-guest: APIC: eoi() replaced with kvm_guest_apic_eoi_write()
[    0.059617] kvm-guest: KVM setup pv remote TLB flush
[    0.060494] kvm-guest: setup PV sched yield
[    0.061216] PM: hibernation: Registered nosave memory: [mem 0x00000000-0x00000fff]
[    0.062535] PM: hibernation: Registered nosave memory: [mem 0x0009f000-0x000fffff]
[    0.063876] PM: hibernation: Registered nosave memory: [mem 0xbffe0000-0xffffffff]
[    0.065181] [gap 0xc0000000-0xfeffbfff] available for PCI devices
[    0.066272] Booting paravirtualized kernel on KVM
[    0.067091] clocksource: refined-jiffies: mask: 0xffffffff max_cycles: 0xffffffff, max_idle_ns: 1910969940391419 ns
[    0.073526] Zone ranges:
[    0.073995]   DMA      [mem 0x0000000000001000-0x0000000000ffffff]
[    0.075077]   DMA32    [mem 0x0000000001000000-0x00000000ffffffff]
[    0.076166]   Normal   [mem 0x0000000100000000-0x000000013fffffff]
[    0.077247] Movable zone start for each node
[    0.078002] Early memory node ranges
[    0.078618]   node   0: [mem 0x0000000000001000-0x000000000009efff]
[    0.079736]   node   0: [mem 0x0000000000100000-0x00000000bffdffff]
[    0.080832]   node   0: [mem 0x0000000100000000-0x000000013fffffff]
[    0.081995] Initmem setup node 0 [mem 0x0000000000001000-0x000000013fffffff]
[    0.083271] On node 0, zone DMA: 1 pages in unavailable ranges
[    0.084659] On node 0, zone DMA: 97 pages in unavailable ranges
[    0.204703] On node 0, zone Normal: 32 pages in unavailable ranges
[    0.205819] setup_percpu: NR_CPUS:128 nr_cpumask_bits:8 nr_cpu_ids:8 nr_node_ids:1
[    0.211116] percpu: Embedded 58 pages/cpu s199696 r8192 d29680 u262144
[    0.212269] pcpu-alloc: s199696 r8192 d29680 u262144 alloc=1*2097152
[    0.213361] pcpu-alloc: [0] 0 1 2 3 4 5 6 7 
[    0.214161] Kernel command line: virtme_hostname=virtme-ng nr_open=1048576 virtme_link_mods=/home/prozak/sources/heimdall_experiment/uml-harness/.build/bpf-next-x86/.virtme_mods/lib/modules/0.0.0 virtme_rw_overlay0=/tmp virtme_console=ttyS0 console=ttyS0 earlyprintk=serial,ttyS0,115200 panic=-1 virtme.exec=`bW91bnQgLXQgYnBmIGJwZmZzIC9zeXMvZnMvYnBmIDI+L2Rldi9udWxsOyAuL3Rlc3RfcHJvZ3MgLXQgJ2Zvcl9lYWNoJw==` virtme_chdir=home/prozak/sources/heimdall_experiment/uml-harness/.build/selftests-output-qemu rootfstype=9p rootflags=version=9p2000.L,trans=virtio,access=any,msize=524288 raid=noautodetect rw debug init=/home/prozak/.local/share/vng-venv/lib/python3.12/site-packages/virtme/guest/bin/virtme-ng-init
[    0.225107] Unknown kernel command line parameters "virtme_hostname=virtme-ng nr_open=1048576 virtme_link_mods=/home/prozak/sources/heimdall_experiment/uml-harness/.build/bpf-next-x86/.virtme_mods/lib/modules/0.0.0 virtme_rw_overlay0=/tmp virtme_console=ttyS0 virtme_chdir=home/prozak/sources/heimdall_experiment/uml-harness/.build/selftests-output-qemu", will be passed to user space.
[    0.231124] random: crng init done
[    0.231715] printk: log buffer data + meta data: 2097152 + 7340032 = 9437184 bytes
[    0.241163] Dentry cache hash table entries: 524288 (order: 10, 4194304 bytes, linear)
[    0.246790] Inode-cache hash table entries: 262144 (order: 9, 2097152 bytes, linear)
[    0.248349] software IO TLB: area num 8.
[    0.380750] Fallback order for Node 0: 0 
[    0.380757] Built 1 zonelists, mobility grouping on.  Total pages: 1048446
[    0.382732] Policy zone: Normal
[    0.383275] mem auto-init: stack:all(zero), heap alloc:off, heap free:off
[    0.389837] SLUB: HWalign=64, Order=0-3, MinObjects=0, CPUs=8, Nodes=1
Poking KASLR using RDRAND RDTSC...
[    0.405758] ftrace: allocating 69757 entries in 274 pages
[    0.406733] ftrace: allocated 274 pages with 3 groups
[    0.408141] Dynamic Preempt: full
[    0.409077] Running RCU self tests
[    0.409686] Running RCU synchronous self tests
[    0.410449] rcu: Preemptible hierarchical RCU implementation.
[    0.411459] rcu: 	RCU event tracing is enabled.
[    0.412256] rcu: 	RCU lockdep checking is enabled.
[    0.413103] rcu: 	RCU restricting CPUs from NR_CPUS=128 to nr_cpu_ids=8.
[    0.414271] 	Trampoline variant of Tasks RCU enabled.
[    0.415159] 	Rude variant of Tasks RCU enabled.
[    0.415942] 	Tracing variant of Tasks RCU enabled.
[    0.416805] rcu: RCU calculated value of scheduler-enlistment delay is 100 jiffies.
[    0.418139] rcu: Adjusting geometry for rcu_fanout_leaf=16, nr_cpu_ids=8
[    0.419361] Running RCU synchronous self tests
[    0.420133] RCU Tasks: Setting shift to 3 and lim to 1 rcu_task_cb_adjust=1 rcu_task_cpu_ids=8.
[    0.421676] RCU Tasks Rude: Setting shift to 3 and lim to 1 rcu_task_cb_adjust=1 rcu_task_cpu_ids=8.
[    0.429095] NR_IRQS: 8448, nr_irqs: 488, preallocated irqs: 16
[    0.430483] rcu: srcu_init: Setting srcu_struct sizes based on contention.
[    0.431776] clocksource: jiffies: mask: 0xffffffff max_cycles: 0xffffffff, max_idle_ns: 1911260446275000 ns
[    0.433901] Console: colour *CGA 80x25
[    0.434668] printk: legacy console [ttyS0] enabled
[    0.434668] printk: legacy console [ttyS0] enabled
[    0.436405] printk: legacy bootconsole [earlyser0] disabled
[    0.436405] printk: legacy bootconsole [earlyser0] disabled
[    0.438412] Lock dependency validator: Copyright (c) 2006 Red Hat, Inc., Ingo Molnar
[    0.439798] ... MAX_LOCKDEP_SUBCLASSES:  8
[    0.440531] ... MAX_LOCK_DEPTH:          48
[    0.441294] ... MAX_LOCKDEP_KEYS:        8192
[    0.442081] ... CLASSHASH_SIZE:          4096
[    0.442897] ... MAX_LOCKDEP_ENTRIES:     32768
[    0.443690] ... MAX_LOCKDEP_CHAINS:      65536
[    0.444481] ... CHAINHASH_SIZE:          32768
[    0.445291]  memory used by lock dependency info: 6429 kB
[    0.446309]  memory used for stack traces: 4224 kB
[    0.447218]  per task-struct memory footprint: 1920 bytes
[    0.448289] ACPI: Core revision 20260408
[    0.449245] clocksource: hpet: mask: 0xffffffff max_cycles: 0xffffffff, max_idle_ns: 19112604467 ns
[    0.451141] APIC: Switch to symmetric I/O mode setup
[    0.452494] x2apic enabled
[    0.453547] APIC: Switched APIC routing to: physical x2apic
[    0.454653] kvm-guest: APIC: send_IPI_mask() replaced with kvm_send_ipi_mask()
[    0.456047] kvm-guest: APIC: send_IPI_mask_allbutself() replaced with kvm_send_ipi_mask_allbutself()
[    0.457773] kvm-guest: setup PV IPIs
[    0.460595] ..TIMER: vector=0x30 apic1=0 pin1=2 apic2=-1 pin2=-1
[    0.461759] clocksource: tsc-early: mask: 0xffffffffffffffff max_cycles: 0x31027285e94, max_idle_ns: 440795238296 ns
[    0.463747] Calibrating delay loop (skipped) preset value.. 6800.07 BogoMIPS (lpj=3400038)
[    0.465780] x86/cpu: User Mode Instruction Prevention (UMIP) activated
[    0.467133] Last level iTLB entries: 4KB 512, 2MB 255, 4MB 127
[    0.467743] Last level dTLB entries: 4KB 512, 2MB 255, 4MB 127, 1GB 0
[    0.468751] mitigations: Enabled attack vectors: user_kernel, user_user, SMT mitigations: auto
[    0.469744] Speculative Store Bypass: Mitigation: Speculative Store Bypass disabled via prctl
[    0.470745] Speculative Return Stack Overflow: IBPB-extending microcode not applied!
[    0.471743] Speculative Return Stack Overflow: WARNING: See https://kernel.org/doc/html/latest/admin-guide/hw-vuln/srso.html for mitigation options.
[    0.471744] Transient Scheduler Attacks: Vulnerable: No microcode
[    0.473744] Spectre V2 : Mitigation: Retpolines
[    0.474743] Speculative Return Stack Overflow: Vulnerable: Safe RET, no microcode
[    0.475743] Spectre V1 : Mitigation: usercopy/swapgs barriers and __user pointer sanitization
[    0.476744] Spectre V2 : Spectre v2 / SpectreRSB: Filling RSB on context switch and VMEXIT
[    0.477743] Spectre V2 : Enabling Restricted Speculation for firmware calls
[    0.478745] Spectre V2 : mitigation: Enabling conditional Indirect Branch Prediction Barrier
[    0.480743] active return thunk: srso_alias_return_thunk
[    0.481793] x86/fpu: Supporting XSAVE feature 0x001: 'x87 floating point registers'
[    0.482743] x86/fpu: Supporting XSAVE feature 0x002: 'SSE registers'
[    0.483743] x86/fpu: Supporting XSAVE feature 0x004: 'AVX registers'
[    0.484744] x86/fpu: xstate_offset[2]:  576, xstate_sizes[2]:  256
[    0.485744] x86/fpu: Enabled xstate features 0x7, context size is 832 bytes, using 'compacted' format.
[    0.522858] pid_max: default: 32768 minimum: 301
[    0.523954] SELinux:  Initializing.
[    0.526129] LSM support for eBPF active
[    0.527125] Mount-cache hash table entries: 8192 (order: 4, 65536 bytes, linear)
[    0.527903] Mountpoint-cache hash table entries: 8192 (order: 4, 65536 bytes, linear)
[    0.530202] VFS: Finished mounting rootfs on nullfs
[    0.532763] Running RCU synchronous self tests
[    0.533745] Running RCU synchronous self tests
[    0.535256] smpboot: CPU0: AMD Ryzen 9 5950X 16-Core Processor (family: 0x19, model: 0x21, stepping: 0x2)
[    0.537772] Performance Events: Fam17h+ core perfctr, AMD PMU driver.
[    0.538769] ... version:                   0
[    0.539669] ... bit width:                 48
[    0.539750] ... generic counters:          6
[    0.540671] ... generic bitmap:            000000000000003f
[    0.540750] ... fixed-purpose counters:    0
[    0.541648] ... fixed-purpose bitmap:      0000000000000000
[    0.541750] ... value mask:                0000ffffffffffff
[    0.542750] ... max period:                00007fffffffffff
[    0.543751] ... global_ctrl mask:          000000000000003f
[    0.545057] signal: max sigframe size: 1776
[    0.545951] rcu: Hierarchical SRCU implementation.
[    0.546753] rcu: 	Max phase no-delay instances is 400.
[    0.548084] Timer migration: 1 hierarchy levels; 8 children per group; 1 crossnode level
[    0.561319] smp: Bringing up secondary CPUs ...
[    0.566371] smpboot: x86: Booting SMP configuration:
[    0.566751] .... node  #0, CPUs:      #1 #2 #3 #4 #5 #6 #7
[    0.597260] smp: Brought up 1 node, 8 CPUs
[    0.598688] smpboot: Total of 8 processors activated (54400.60 BogoMIPS)
[    0.600098] Memory: 3963792K/4193784K available (25637K kernel code, 10348K rwdata, 18032K rodata, 4668K init, 13400K bss, 221936K reserved, 0K cma-reserved)
[    0.603107] devtmpfs: initialized
[    0.607223] Running RCU synchronous self tests
[    0.607771] Running RCU synchronous self tests
[    0.608860] Running RCU Tasks wait API self tests
[    0.609821] Running RCU Tasks Rude wait API self tests
[    0.610753] Running RCU Tasks Trace wait API self tests
[    0.611911] posixtimers hash table entries: 4096 (order: 7, 294912 bytes, linear)
[    0.613998] futex hash table entries: 2048 (262144 bytes on 1 NUMA nodes, total 256 KiB, linear).
[    0.615751] PM: RTC time: 22:57:33, date: 2026-08-02
[    0.616783] Callback from call_rcu_tasks_trace() invoked.
[    0.622956] NET: Registered PF_NETLINK/PF_ROUTE protocol family
[    0.624762] audit: initializing netlink subsys (disabled)
[    0.625864] audit: type=2000 audit(1785711453.225:1): state=initialized audit_enabled=0 res=1
[    0.650510] thermal_sys: Registered thermal governor 'step_wise'
[    0.650583] cpuidle: using governor ladder
[    0.651765] cpuidle: using governor menu
[    0.653964] Freeing SMP alternatives memory: 68K
[    0.655616] PCI: Using configuration type 1 for base access
[    0.655750] PCI: Using configuration type 1 for extended access
[    0.656921] kprobes: kprobe jump-optimization is enabled. All kprobes are optimized if possible.
[    0.658854] HugeTLB: registered 1.00 GiB page size, pre-allocated 0 pages
[    0.659754] HugeTLB: 16380 KiB vmemmap can be freed for a 1.00 GiB page
[    0.660751] HugeTLB: registered 2.00 MiB page size, pre-allocated 0 pages
[    0.661751] HugeTLB: 28 KiB vmemmap can be freed for a 2.00 MiB page
[    0.667824] ACPI: Added _OSI(Module Device)
[    0.668752] ACPI: Added _OSI(Processor Device)
[    0.669732] ACPI: Added _OSI(Processor Aggregator Device)
[    0.673366] ACPI: 1 ACPI AML tables successfully acquired and loaded
[    0.676767] ACPI: \_SB_: platform _OSC: OS support mask [002a7eee]
[    0.678523] ACPI: Interpreter enabled
[    0.678837] ACPI: PM: (supports S0 S3 S4 S5)
[    0.679764] ACPI: Using IOAPIC for interrupt routing
[    0.680803] PCI: Using host bridge windows from ACPI; if necessary, use "pci=nocrs" and report a bug
[    0.681751] PCI: Using E820 reservations for host bridge windows
[    0.683123] ACPI: Enabled 2 GPEs in block 00 to 0F
[    0.699571] ACPI: PCI Root Bridge [PCI0] (domain 0000 [bus 00-ff])
[    0.699757] acpi PNP0A03:00: _OSC: OS supports [ExtendedConfig ASPM ClockPM Segments MSI HPX-Type3]
[    0.700763] acpi PNP0A03:00: _OSC: OS requested [PME PCIeCapability LTR]
[    0.701752] acpi PNP0A03:00: _OSC: platform willing to grant [PME PCIeCapability LTR]
[    0.702751] acpi PNP0A03:00: _OSC: platform retains control of PCIe features (AE_ERROR)
[    0.704514] PCI host bridge to bus 0000:00
[    0.704760] pci_bus 0000:00: root bus resource [io  0x0000-0x0cf7 window]
[    0.705753] pci_bus 0000:00: root bus resource [io  0x0d00-0xffff window]
[    0.706753] pci_bus 0000:00: root bus resource [mem 0x000a0000-0x000bffff window]
[    0.707751] pci_bus 0000:00: root bus resource [mem 0xc0000000-0xfebfffff window]
[    0.708752] pci_bus 0000:00: root bus resource [mem 0x380000000000-0x38007fffffff window]
[    0.709752] pci_bus 0000:00: root bus resource [bus 00-ff]
[    0.711159] pci 0000:00:00.0: [8086:1237] type 00 class 0x060000 conventional PCI endpoint
[    0.713384] pci 0000:00:01.0: [8086:7000] type 00 class 0x060100 conventional PCI endpoint
[    0.715159] pci 0000:00:01.1: [8086:7010] type 00 class 0x010180 conventional PCI endpoint
[    0.716580] pci 0000:00:01.1: BAR 4 [io  0xc1c0-0xc1cf]
[    0.716828] pci 0000:00:01.1: BAR 0 [io  0x01f0-0x01f7]: legacy IDE quirk
[    0.717752] pci 0000:00:01.1: BAR 1 [io  0x03f6]: legacy IDE quirk
[    0.718752] pci 0000:00:01.1: BAR 2 [io  0x0170-0x0177]: legacy IDE quirk
[    0.719752] pci 0000:00:01.1: BAR 3 [io  0x0376]: legacy IDE quirk
[    0.721486] pci 0000:00:01.3: [8086:7113] type 00 class 0x068000 conventional PCI endpoint
[    0.722481] pci 0000:00:01.3: quirk: [io  0x0600-0x063f] claimed by PIIX4 ACPI
[    0.722768] pci 0000:00:01.3: quirk: [io  0x0700-0x070f] claimed by PIIX4 SMB
[    0.724767] pci 0000:00:02.0: [1af4:1009] type 00 class 0x000200 conventional PCI endpoint
[    0.727770] pci 0000:00:02.0: BAR 0 [io  0xc000-0xc03f]
[    0.728767] pci 0000:00:02.0: BAR 1 [mem 0xfebf8000-0xfebf8fff]
[    0.729812] pci 0000:00:02.0: BAR 4 [mem 0x380000000000-0x380000003fff 64bit pref]
[    0.733956] pci 0000:00:03.0: [8086:25ab] type 00 class 0x088000 conventional PCI endpoint
[    0.735768] pci 0000:00:03.0: BAR 0 [mem 0xfebf9000-0xfebf900f]
[    0.739306] pci 0000:00:04.0: [1af4:1003] type 00 class 0x078000 conventional PCI endpoint
[    0.740769] pci 0000:00:04.0: BAR 0 [io  0xc040-0xc07f]
[    0.741769] pci 0000:00:04.0: BAR 1 [mem 0xfebfa000-0xfebfafff]
[    0.742817] pci 0000:00:04.0: BAR 4 [mem 0x380000004000-0x380000007fff 64bit pref]
[    0.747061] pci 0000:00:05.0: [1af4:1003] type 00 class 0x078000 conventional PCI endpoint
[    0.748770] pci 0000:00:05.0: BAR 0 [io  0xc080-0xc0bf]
[    0.749768] pci 0000:00:05.0: BAR 1 [mem 0xfebfb000-0xfebfbfff]
[    0.750813] pci 0000:00:05.0: BAR 4 [mem 0x380000008000-0x38000000bfff 64bit pref]
[    0.755348] pci 0000:00:06.0: [1af4:1003] type 00 class 0x078000 conventional PCI endpoint
[    0.756769] pci 0000:00:06.0: BAR 0 [io  0xc0c0-0xc0ff]
[    0.757767] pci 0000:00:06.0: BAR 1 [mem 0xfebfc000-0xfebfcfff]
[    0.758813] pci 0000:00:06.0: BAR 4 [mem 0x38000000c000-0x38000000ffff 64bit pref]
[    0.763131] pci 0000:00:07.0: [1af4:1003] type 00 class 0x078000 conventional PCI endpoint
[    0.764769] pci 0000:00:07.0: BAR 0 [io  0xc100-0xc13f]
[    0.765769] pci 0000:00:07.0: BAR 1 [mem 0xfebfd000-0xfebfdfff]
[    0.766810] pci 0000:00:07.0: BAR 4 [mem 0x380000010000-0x380000013fff 64bit pref]
[    0.771101] pci 0000:00:08.0: [1af4:1003] type 00 class 0x078000 conventional PCI endpoint
[    0.772750] pci 0000:00:08.0: BAR 0 [io  0xc140-0xc17f]
[    0.773769] pci 0000:00:08.0: BAR 1 [mem 0xfebfe000-0xfebfefff]
[    0.774830] pci 0000:00:08.0: BAR 4 [mem 0x380000014000-0x380000017fff 64bit pref]
[    0.779059] pci 0000:00:09.0: [1af4:1003] type 00 class 0x078000 conventional PCI endpoint
[    0.780769] pci 0000:00:09.0: BAR 0 [io  0xc180-0xc1bf]
[    0.781769] pci 0000:00:09.0: BAR 1 [mem 0xfebff000-0xfebfffff]
[    0.782813] pci 0000:00:09.0: BAR 4 [mem 0x380000018000-0x38000001bfff 64bit pref]
[    0.792568] ACPI: PCI: Interrupt link LNKA configured for IRQ 10
[    0.793014] ACPI: PCI: Interrupt link LNKB configured for IRQ 10
[    0.794004] ACPI: PCI: Interrupt link LNKC configured for IRQ 11
[    0.795005] ACPI: PCI: Interrupt link LNKD configured for IRQ 11
[    0.795882] ACPI: PCI: Interrupt link LNKS configured for IRQ 9
[    0.798767] iommu: Default domain type: Translated
[    0.799753] iommu: DMA domain TLB invalidation policy: lazy mode
[    0.802237] SCSI subsystem initialized
[    0.802827] libata version 3.00 loaded.
[    0.803916] ACPI: bus type USB registered
[    0.804876] usbcore: registered new interface driver usbfs
[    0.805826] usbcore: registered new interface driver hub
[    0.806791] usbcore: registered new device driver usb
[    0.807934] pps_core: LinuxPPS API ver. 1 registered
[    0.808751] pps_core: Software ver. 5.3.6 - Copyright 2005-2007 Rodolfo Giometti <giometti@linux.it>
[    0.809777] PTP clock support registered
[    0.811312] Advanced Linux Sound Architecture Driver Initialized.
[    0.813096] NetLabel: Initializing
[    0.813750] NetLabel:  domain hash size = 128
[    0.814734] NetLabel:  protocols = UNLABELED CIPSOv4 CALIPSO
[    0.814810] NetLabel:  unlabeled traffic allowed by default
[    0.816176] PCI: Using ACPI for IRQ routing
[    0.816149] Callback from call_rcu_tasks() invoked.
[    0.816750] PCI: pci_cache_line_size set to 64 bytes
[    0.819111] e820: register RAM buffer resource [mem 0x0009fc00-0x0009ffff]
[    0.819783] e820: register RAM buffer resource [mem 0xbffe0000-0xbfffffff]
[    0.820870] vgaarb: loaded
[    0.821518] hpet0: at MMIO 0xfed00000, IRQs 2, 8, 0
[    0.821753] hpet0: 3 comparators, 64-bit 100.000000 MHz counter
[    0.825094] clocksource: Switched to clocksource kvm-clock
[    0.827290] VFS: Disk quotas dquot_6.6.0
[    0.828227] VFS: Dquot-cache hash table entries: 512 (4096 bytes)
[    0.830903] pnp: PnP ACPI init
[    0.832215] pnp 00:02: [dma 2]
[    0.833915] pnp: PnP ACPI: found 4 devices
[    0.852397] clocksource: acpi_pm: mask: 0xffffff max_cycles: 0xffffff, max_idle_ns: 2085701024 ns
[    0.854637] NET: Registered PF_INET protocol family
[    0.857146] IP idents hash table entries: 65536 (order: 7, 524288 bytes, linear)
[    0.861455] tcp_listen_portaddr_hash hash table entries: 2048 (order: 6, 147456 bytes, linear)
[    0.863681] Table-perturb hash table entries: 65536 (order: 6, 262144 bytes, linear)
[    0.865388] TCP established hash table entries: 32768 (order: 6, 262144 bytes, linear)
[    0.867845] TCP bind hash table entries: 32768 (order: 11, 4718592 bytes, vmalloc hugepage)
[    0.879197] TCP: Hash tables configured (established 32768 bind 32768)
[    0.882136] MPTCP token hash table entries: 4096 (order: 7, 360448 bytes, linear)
[    0.883859] UDP hash table entries: 2048 (order: 7, 524288 bytes, linear)
[    0.886523] NET: Registered PF_UNIX/PF_LOCAL protocol family
[    0.888769] RPC: Registered named UNIX socket transport module.
[    0.890122] RPC: Registered udp transport module.
[    0.891133] RPC: Registered tcp transport module.
[    0.892170] RPC: Registered tcp-with-tls transport module.
[    0.893371] RPC: Registered tcp NFSv4.1 backchannel transport module.
[    0.895590] NET: Registered PF_XDP protocol family
[    0.896660] pci_bus 0000:00: resource 4 [io  0x0000-0x0cf7 window]
[    0.898002] pci_bus 0000:00: resource 5 [io  0x0d00-0xffff window]
[    0.899291] pci_bus 0000:00: resource 6 [mem 0x000a0000-0x000bffff window]
[    0.900823] pci_bus 0000:00: resource 7 [mem 0xc0000000-0xfebfffff window]
[    0.902305] pci_bus 0000:00: resource 8 [mem 0x380000000000-0x38007fffffff window]
[    0.904102] pci 0000:00:01.0: PIIX3: Enabling Passive Release
[    0.905361] pci 0000:00:00.0: Limiting direct PCI/PCI transfers
[    0.906819] PCI: CLS 0 bytes, default 64
[    0.907790] PCI-DMA: Using software bounce buffering for IO (SWIOTLB)
[    0.909206] software IO TLB: mapped [mem 0x00000000bbfe0000-0x00000000bffe0000] (64MB)
[    0.911933] clocksource: tsc: mask: 0xffffffffffffffff max_cycles: 0x31027285e94, max_idle_ns: 440795238296 ns
[    0.922725] Initialise system trusted keyrings
[    0.924145] workingset: timestamp_bits=40 (anon: 35) max_order=20 bucket_order=0 (anon: 0)
[    0.927451] squashfs: version 4.0 (2009/01/31) Phillip Lougher
[    0.929478] NFS: Registering the id_resolver key type
[    0.930746] Key type id_resolver registered
[    0.931730] Key type id_legacy registered
[    0.932658] nfs4filelayout_init: NFSv4 File Layout Driver Registering...
[    0.934146] nfs4flexfilelayout_init: NFSv4 Flexfile Layout Driver Registering...
[    0.935987] fuse: init (API version 7.45)
[    0.937143] 9p: Installing v9fs 9p2000 file system support
[    0.940126] NET: Registered PF_ALG protocol family
[    0.941202] Key type asymmetric registered
[    0.942119] Asymmetric key parser 'x509' registered
[    0.943274] Block layer SCSI generic (bsg) driver version 0.4 loaded (major 248)
[    0.945534] io scheduler mq-deadline registered
[    0.946764] io scheduler kyber registered
[    0.949392] input: Power Button as /devices/platform/LNXPWRBN:00/input/input0
[    0.951242] ACPI: button: Power Button [PWRF]
[    1.076512] ACPI: \_SB_.LNKB: Enabled at IRQ 10
[    1.198785] ACPI: \_SB_.LNKD: Enabled at IRQ 11
[    1.321580] ACPI: \_SB_.LNKA: Enabled at IRQ 10
[    1.471576] kwatchdog (97) used greatest stack depth: 14776 bytes left
[    1.567354] ACPI: \_SB_.LNKC: Enabled at IRQ 11
[    1.815344] Serial: 8250/16550 driver, 4 ports, IRQ sharing enabled
[    1.817826] 00:03: ttyS0 at I/O 0x3f8 (irq = 4, base_baud = 115200) is a 16550A
[    1.973793] Non-volatile memory driver v1.3
[    1.975593] ACPI: bus type drm_connector registered
[    1.997201] brd: module loaded
[    2.011232] loop: module loaded
[    2.016426] scsi host0: ata_piix
[    2.018251] scsi host1: ata_piix
[    2.019288] ata1: PATA max MWDMA2 cmd 0x1f0 ctl 0x3f6 bmdma 0xc1c0 irq 14 lpm-pol 0
[    2.021002] ata2: PATA max MWDMA2 cmd 0x170 ctl 0x376 bmdma 0xc1c8 irq 15 lpm-pol 0
[    2.026913] tun: Universal TUN/TAP device driver, 1.6
[    2.028532] e100: Intel(R) PRO/100 Network Driver
[    2.029610] e100: Copyright(c) 1999-2006 Intel Corporation
[    2.030989] e1000: Intel(R) PRO/1000 Network Driver
[    2.032089] e1000: Copyright (c) 1999-2006 Intel Corporation.
[    2.033421] e1000e: Intel(R) PRO/1000 Network Driver
[    2.034553] e1000e: Copyright(c) 1999 - 2015 Intel Corporation.
[    2.035912] sky2: driver version 1.30
[    2.037942] usbcore: registered new interface driver usblp
[    2.039251] usbcore: registered new interface driver usb-storage
[    2.040681] i8042: PNP: PS/2 Controller [PNP0303:KBD,PNP0f13:MOU] at 0x60,0x64 irq 1,12
[    2.043844] serio: i8042 KBD port at 0x60,0x64 irq 1
[    2.045423] serio: i8042 AUX port at 0x60,0x64 irq 12
[    2.047523] rtc_cmos PNP0B00:00: RTC can wake from S4
[    2.051209] input: AT Translated Set 2 keyboard as /devices/platform/i8042/serio0/input/input1
[    2.054033] rtc_cmos PNP0B00:00: registered as rtc0
[    2.055393] rtc_cmos PNP0B00:00: alarms up to one day, y3k, 242 bytes nvram, hpet irqs
[    2.059184] Registered IR keymap rc-empty
[    2.060754] rc rc0: rc-core loopback device as /devices/virtual/rc/rc0
[    2.063310] rc rc0: lirc_dev: driver rc-loopback registered at minor = 0, raw IR receiver, raw IR transmitter
[    2.066698] input: rc-core loopback device as /devices/virtual/rc/rc0/input4
[    2.069522] intel_powerclamp: CPU does not support MWAIT
[    2.070733] device-mapper: core: CONFIG_IMA_DISABLE_HTABLE is disabled. Duplicate IMA measurements will not be recorded in the IMA log.
[    2.073805] device-mapper: ioctl: 4.50.0-ioctl (2025-04-28) initialised: dm-devel@lists.linux.dev
[    2.075791] amd_pstate: the _CPC object is not present in SBIOS or ACPI disabled
[    2.078176] hid: raw HID events driver (C) Jiri Kosina
[    2.080951] usbcore: registered new interface driver usbhid
[    2.082189] usbhid: USB HID core driver
[    2.084344] GACT probability NOT on
[    2.085204] Mirror/redirect action on
[    2.087424] nf_conntrack_irc: The irc conntrack helper is scheduled for removal.
[    2.087424] Please contact the netfilter-devel mailing list if you still need this.
[    2.092611] ipip: IPv4 and MPLS over IPv4 tunneling driver
[    2.094703] gre: GRE over IPv4 demultiplexer driver
[    2.095775] ip_gre: GRE over IPv4 tunneling driver
[    2.099509] Initializing XFRM netlink socket
[    2.100655] IPsec XFRM device driver
[    2.101619] NET: Registered PF_INET6 protocol family
[    2.104920] Segment Routing with IPv6
[    2.105805] In-situ OAM (IOAM) with IPv6
[    2.106830] mip6: Mobile IPv6
[    2.107516] sit: IPv6, IPv4 and MPLS over IPv4 tunneling driver
[    2.110441] ip6_gre: GRE over IPv6 tunneling driver
[    2.112361] NET: Registered PF_PACKET protocol family
[    2.113584] RPC: Registered rdma transport module.
[    2.114645] RPC: Registered rdma backchannel transport module.
[    2.116226] 8021q: 802.1Q VLAN Support v1.8
[    2.118085] smc: adding smcd device lo without pnetid
[    2.119439] NET: Registered PF_SMC protocol family
[    2.120930] 9pnet: Installing 9P2000 support
[    2.123488] Key type dns_resolver registered
[    2.124744] NET: Registered PF_VSOCK protocol family
[    2.125955] mpls_gso: MPLS GSO support
[    2.130335] IPI shorthand broadcast: enabled
[    2.174868] sched_clock: Marking stable (2150014090, 23965523)->(2273737589, -99757976)
[    2.176947] ata2: found unknown device (class 0)
[    2.179294] ata2.00: ATAPI: QEMU DVD-ROM, 2.5+, max UDMA/100
[    2.181175] registered taskstats version 1
[    2.184214] scsi 1:0:0:0: CD-ROM            QEMU     QEMU DVD-ROM     2.5+ PQ: 0 ANSI: 5
[    2.199887] Loading compiled-in X.509 certificates
[    2.201746] kworker/u32:1 (118) used greatest stack depth: 13008 bytes left
[    2.203068] Loaded X.509 cert 'Build time autogenerated kernel key: c4531344b9a9c1a4731230d977a262ba29ba5272'
[    2.207231] sr 1:0:0:0: [sr0] scsi3-mmc drive: 4x/4x cd/rw xa/form2 tray
[    2.225805] cdrom: Uniform CD-ROM driver Revision: 3.20
[    2.237670] sr 1:0:0:0: Attached scsi CD-ROM sr0
[    2.239874] sr 1:0:0:0: Attached scsi generic sg0 type 5
[    2.245552] Demotion targets for Node 0: null
[    2.247141] ima: No TPM chip found, activating TPM-bypass!
[    2.248472] ima: Allocated hash algorithm: sha1
[    2.249627] ima: No architecture policies found
[    2.251721] PM:   Magic number: 6:938:1006
[    2.252788] netconsole: network logging started
[    2.254515] cfg80211: Loading compiled-in X.509 certificates for regulatory database
[    2.257410] Loaded X.509 cert 'sforshee: 00b28ddf47aef9cea7'
[    2.258804] Loaded X.509 cert 'wens: 61c038651aabdcf94bd0ac7ff06c7248db18c600'
[    2.260727] faux_driver regulatory: Direct firmware load for regulatory.db failed with error -2
[    2.262694] cfg80211: failed to load regulatory.db
[    2.262905] ALSA device list:
[    2.264601]   No soundcards found.
[    2.481457] input: ImExPS/2 Generic Explorer Mouse as /devices/platform/i8042/serio1/input/input3
[    2.483358] md: Skipping autodetection of RAID arrays. (raid=autodetect will force)
[    2.484703] 9p: Bad value for 'source'
[    2.485343] 9pnet: Limiting 'msize' to 512000 as this is the maximum supported by transport virtio
[    2.488944] VFS: Mounted root (9p filesystem) on device 0:22.
[    2.491142] devtmpfs: mounted
[    2.492028] VFS: Pivoted into new rootfs
[    2.497079] Freeing unused kernel image (initmem) memory: 4668K
[    2.497926] Write protecting the kernel read-only data: 45056k
[    2.499882] Freeing unused kernel image (text/rodata gap) memory: 984K
[    2.501290] Freeing unused kernel image (rodata/data gap) memory: 400K
[    2.538365] x86/mm: Checked W+X mappings: passed, no W+X pages found.
[    2.539264] Run /home/prozak/.local/share/vng-venv/lib/python3.12/site-packages/virtme/guest/bin/virtme-ng-init as init process
[    2.540783]   with arguments:
[    2.541248]     /home/prozak/.local/share/vng-venv/lib/python3.12/site-packages/virtme/guest/bin/virtme-ng-init
[    2.542601]   with environment:
[    2.543057]     HOME=/
[    2.543410]     TERM=linux
[    2.543786]     virtme_hostname=virtme-ng
[    2.544362]     nr_open=1048576
[    2.544807]     virtme_link_mods=/home/prozak/sources/heimdall_experiment/uml-harness/.build/bpf-next-x86/.virtme_mods/lib/modules/0.0.0
[    2.546467]     virtme_rw_overlay0=/tmp
[    2.547024]     virtme_console=ttyS0
[    2.547511]     virtme_chdir=home/prozak/sources/heimdall_experiment/uml-harness/.build/selftests-output-qemu
[    2.634122] virtme-ng-init: mount devtmpfs -> /dev: EBUSY: Device or resource busy
[    2.636104] virtme-ng-init: Setting hostname to virtme-ng...
[    2.675218] virtme-ng-init: running systemd-tmpfiles
[    3.986665] systemd-tmpfile (127) used greatest stack depth: 12504 bytes left
[    3.986762] virtme-ng-init: basic initialization done
[    4.004902] virtme-ng-init: error creating file: Permission denied (os error 13)
[    4.097434] ip (133) used greatest stack depth: 11848 bytes left
[    4.219779] virtme-ng-init: Starting systemd-udevd version 255.4-1ubuntu8.16
[    4.221672] virtme-ng-init: triggering udev coldplug
[    7.255245] virtme-ng-init: waiting for udev to settle
[    8.112773] virtme-ng-init: udev is done
[    8.117234] virtme-ng-init: starting script
[    8.391765] bpf_testmod: loading out-of-tree module taints kernel.
[    8.392699] bpf_testmod: module verification failed: signature and/or required key missing - tainting kernel
[    8.533119] smc: removing smcd device lo
[    8.599623] ACPI: PM: Preparing to enter system sleep state S5
[    8.600762] reboot: Power down
