#123/1   fexit_bpf2bpf/target_no_callees:OK
#123/2   fexit_bpf2bpf/target_yes_callees:OK
#123/3   fexit_bpf2bpf/func_replace:OK
#123/4   fexit_bpf2bpf/func_replace_verify:OK
#123/5   fexit_bpf2bpf/func_replace_return_code:OK
#123/6   fexit_bpf2bpf/func_map_prog_compatibility:OK
#123/7   fexit_bpf2bpf/func_replace_unreliable:OK
#123/8   fexit_bpf2bpf/func_replace_multi:OK
#123/9   fexit_bpf2bpf/fmod_ret_freplace:OK
#123/10  fexit_bpf2bpf/func_replace_global_func:OK
#123/11  fexit_bpf2bpf/fentry_to_cgroup_bpf:OK
#123/12  fexit_bpf2bpf/func_replace_progmap:OK
#123/13  fexit_bpf2bpf/freplace_int_with_void:OK
#123/14  fexit_bpf2bpf/freplace_void:OK
#123     fexit_bpf2bpf:OK
Summary: 1/14 PASSED, 0 SKIPPED, 0 FAILED
 09:03:43 PDT 2026
[    0.000000] Command line: virtme_hostname=virtme-ng nr_open=1048576 virtme_link_mods=/home/prozak/sources/heimdall_experiment/uml-harness/.build/bpf-next-x86/.virtme_mods/lib/modules/0.0.0 virtme_rw_overlay0=/tmp virtme_console=ttyS0 console=ttyS0 earlyprintk=serial,ttyS0,115200 panic=-1 virtme.exec=`Li90ZXN0X3Byb2dzIC10ICdmZXhpdF9icGYyYnBmJw==` virtme_chdir=home/prozak/sources/heimdall_experiment/uml-harness/.build/selftests-output-qemu rootfstype=9p rootflags=version=9p2000.L,trans=virtio,access=any,msize=524288 raid=noautodetect rw debug init=/home/prozak/.local/share/vng-venv/lib/python3.12/site-packages/virtme/guest/bin/virtme-ng-init
[    0.000000] x86 CPU feature dependency check failure: CPU0 has '18*32+31' enabled but '18*32+26' disabled. Kernel might be fine, but no guarantees.
[    0.000000] BIOS-provided physical RAM map:
[    0.000000] BIOS-e820: [mem 0x0000000000000000-0x000000000009fbff]  System RAM
[    0.000000] BIOS-e820: [mem 0x000000000009fc00-0x000000000009ffff]  device reserved
[    0.000000] BIOS-e820: [gap 0x00000000000a0000-0x00000000000effff]
[    0.000000] BIOS-e820: [mem 0x00000000000f0000-0x00000000000fffff]  device reserved
[    0.000000] BIOS-e820: [mem 0x0000000000100000-0x00000000bffdffff]  System RAM
[    0.000000] BIOS-e820: [mem 0x00000000bffe0000-0x00000000bfffffff]  device reserved
[    0.000000] BIOS-e820: [gap 0x00000000c0000000-0x00000000feffbfff]
[    0.000000] BIOS-e820: [mem 0x00000000feffc000-0x00000000feffffff]  device reserved
[    0.000000] BIOS-e820: [gap 0x00000000ff000000-0x00000000fffbffff]
[    0.000000] BIOS-e820: [mem 0x00000000fffc0000-0x00000000ffffffff]  device reserved
[    0.000000] BIOS-e820: [mem 0x0000000100000000-0x000000013fffffff]  System RAM
[    0.000000] BIOS-e820: [gap 0x0000000140000000-0x000000fcffffffff]
[    0.000000] BIOS-e820: [mem 0x000000fd00000000-0x000000ffffffffff]  device reserved
[    0.000000] printk: legacy bootconsole [earlyser0] enabled
[    0.000000] NX (Execute Disable) protection: active
[    0.000000] APIC: Static calls initialized
[    0.000000] DMI: SMBIOS 3.0.0 present.
[    0.000000] DMI: QEMU Ubuntu 24.04 PC v2 (i440FX + PIIX, arch_caps fix, 1996), BIOS 1.16.3-debian-1.16.3-2 04/01/2014
[    0.000000] DMI: Memory slots populated: 1/1
[    0.000000] Hypervisor detected: KVM
[    0.000000] last_pfn = 0xbffe0 max_arch_pfn = 0x400000000
[    0.000000] kvm-clock: Using msrs 4b564d01 and 4b564d00
[    0.000001] kvm-clock: using sched offset of 447827984 cycles
[    0.000934] clocksource: kvm-clock: mask: 0xffffffffffffffff max_cycles: 0x1cd42e4dffb, max_idle_ns: 881590591483 ns
[    0.003751] tsc: Detected 3400.038 MHz processor
[    0.004931] e820: update [mem 0x00000000-0x00000fff] System RAM ==> device reserved
[    0.006281] e820: remove [mem 0x000a0000-0x000fffff] System RAM
[    0.007327] last_pfn = 0x140000 max_arch_pfn = 0x400000000
[    0.008443] MTRR map: 4 entries (3 fixed + 1 variable; max 19), built from 8 variable MTRRs
[    0.009971] x86/PAT: Configuration [0-7]: WB  WC  UC- UC  WB  WP  UC- WT  
Memory KASLR using RDRAND RDTSC...
[    0.011871] last_pfn = 0xbffe0 max_arch_pfn = 0x400000000
[    0.014126] found SMP MP-table at [mem 0x000f5450-0x000f545f]
[    0.015176] Using GB pages for direct mapping
[    0.016041] ACPI: Early table checksum verification disabled
[    0.017094] ACPI: RSDP 0x00000000000F5240 000014 (v00 BOCHS )
[    0.018128] ACPI: RSDT 0x00000000BFFE1F16 000034 (v01 BOCHS  BXPC     00000001 BXPC 00000001)
[    0.019679] ACPI: FACP 0x00000000BFFE1D92 000074 (v01 BOCHS  BXPC     00000001 BXPC 00000001)
[    0.021294] ACPI: DSDT 0x00000000BFFE0040 001D52 (v01 BOCHS  BXPC     00000001 BXPC 00000001)
[    0.022828] ACPI: FACS 0x00000000BFFE0000 000040
[    0.023663] ACPI: APIC 0x00000000BFFE1E06 0000B0 (v03 BOCHS  BXPC     00000001 BXPC 00000001)
[    0.025242] ACPI: HPET 0x00000000BFFE1EB6 000038 (v01 BOCHS  BXPC     00000001 BXPC 00000001)
[    0.026775] ACPI: WAET 0x00000000BFFE1EEE 000028 (v01 BOCHS  BXPC     00000001 BXPC 00000001)
[    0.028261] ACPI: Reserving FACP table memory at [mem 0xbffe1d92-0xbffe1e05]
[    0.029512] ACPI: Reserving DSDT table memory at [mem 0xbffe0040-0xbffe1d91]
[    0.030742] ACPI: Reserving FACS table memory at [mem 0xbffe0000-0xbffe003f]
[    0.032020] ACPI: Reserving APIC table memory at [mem 0xbffe1e06-0xbffe1eb5]
[    0.033311] ACPI: Reserving HPET table memory at [mem 0xbffe1eb6-0xbffe1eed]
[    0.034538] ACPI: Reserving WAET table memory at [mem 0xbffe1eee-0xbffe1f15]
[    0.036225] No NUMA configuration found
[    0.036942] Faking a node at [mem 0x0000000000000000-0x000000013fffffff]
[    0.038109] NODE_DATA(0) allocated [mem 0x13fff9c80-0x13fffdfff]
[    0.039960] ACPI: PM-Timer IO Port: 0x608
[    0.040687] ACPI: LAPIC_NMI (acpi_id[0xff] dfl dfl lint[0x1])
[    0.041761] IOAPIC[0]: apic_id 0, version 17, address 0xfec00000, GSI 0-23
[    0.042996] ACPI: INT_SRC_OVR (bus 0 bus_irq 0 global_irq 2 dfl dfl)
[    0.044113] ACPI: INT_SRC_OVR (bus 0 bus_irq 5 global_irq 5 high level)
[    0.045282] ACPI: INT_SRC_OVR (bus 0 bus_irq 9 global_irq 9 high level)
[    0.046451] ACPI: INT_SRC_OVR (bus 0 bus_irq 10 global_irq 10 high level)
[    0.047703] ACPI: INT_SRC_OVR (bus 0 bus_irq 11 global_irq 11 high level)
[    0.048912] ACPI: Using ACPI (MADT) for SMP configuration information
[    0.050037] ACPI: HPET id: 0x8086a201 base: 0xfed00000
[    0.050939] TSC deadline timer available
[    0.051615] CPU topo: Max. logical packages:   1
[    0.052408] CPU topo: Max. logical nodes:      1
[    0.053232] CPU topo: Num. nodes per package:  1
[    0.054043] CPU topo: Max. logical dies:       1
[    0.054864] CPU topo: Max. dies per package:   1
[    0.055686] CPU topo: Max. threads per core:   1
[    0.056507] CPU topo: Num. cores per package:     8
[    0.057376] CPU topo: Num. threads per package:   8
[    0.058233] CPU topo: Allowing 8 present CPUs plus 0 hotplug CPUs
[    0.059351] kvm-guest: APIC: eoi() replaced with kvm_guest_apic_eoi_write()
[    0.060600] kvm-guest: KVM setup pv remote TLB flush
[    0.061494] kvm-guest: setup PV sched yield
[    0.062225] PM: hibernation: Registered nosave memory: [mem 0x00000000-0x00000fff]
[    0.063625] PM: hibernation: Registered nosave memory: [mem 0x0009f000-0x000fffff]
[    0.064950] PM: hibernation: Registered nosave memory: [mem 0xbffe0000-0xffffffff]
[    0.066268] [gap 0xc0000000-0xfeffbfff] available for PCI devices
[    0.067352] Booting paravirtualized kernel on KVM
[    0.068161] clocksource: refined-jiffies: mask: 0xffffffff max_cycles: 0xffffffff, max_idle_ns: 1910969940391419 ns
[    0.074577] Zone ranges:
[    0.075081]   DMA      [mem 0x0000000000001000-0x0000000000ffffff]
[    0.076184]   DMA32    [mem 0x0000000001000000-0x00000000ffffffff]
[    0.077290]   Normal   [mem 0x0000000100000000-0x000000013fffffff]
[    0.078380] Movable zone start for each node
[    0.079206] Early memory node ranges
[    0.079840]   node   0: [mem 0x0000000000001000-0x000000000009efff]
[    0.080975]   node   0: [mem 0x0000000000100000-0x00000000bffdffff]
[    0.082083]   node   0: [mem 0x0000000100000000-0x000000013fffffff]
[    0.083252] Initmem setup node 0 [mem 0x0000000000001000-0x000000013fffffff]
[    0.084546] On node 0, zone DMA: 1 pages in unavailable ranges
[    0.085977] On node 0, zone DMA: 97 pages in unavailable ranges
[    0.189947] On node 0, zone Normal: 32 pages in unavailable ranges
[    0.191123] setup_percpu: NR_CPUS:128 nr_cpumask_bits:8 nr_cpu_ids:8 nr_node_ids:1
[    0.195751] percpu: Embedded 58 pages/cpu s199696 r8192 d29680 u262144
[    0.196948] pcpu-alloc: s199696 r8192 d29680 u262144 alloc=1*2097152
[    0.198065] pcpu-alloc: [0] 0 1 2 3 4 5 6 7 
[    0.198886] Kernel command line: virtme_hostname=virtme-ng nr_open=1048576 virtme_link_mods=/home/prozak/sources/heimdall_experiment/uml-harness/.build/bpf-next-x86/.virtme_mods/lib/modules/0.0.0 virtme_rw_overlay0=/tmp virtme_console=ttyS0 console=ttyS0 earlyprintk=serial,ttyS0,115200 panic=-1 virtme.exec=`Li90ZXN0X3Byb2dzIC10ICdmZXhpdF9icGYyYnBmJw==` virtme_chdir=home/prozak/sources/heimdall_experiment/uml-harness/.build/selftests-output-qemu rootfstype=9p rootflags=version=9p2000.L,trans=virtio,access=any,msize=524288 raid=noautodetect rw debug init=/home/prozak/.local/share/vng-venv/lib/python3.12/site-packages/virtme/guest/bin/virtme-ng-init
[    0.209290] Unknown kernel command line parameters "virtme_hostname=virtme-ng nr_open=1048576 virtme_link_mods=/home/prozak/sources/heimdall_experiment/uml-harness/.build/bpf-next-x86/.virtme_mods/lib/modules/0.0.0 virtme_rw_overlay0=/tmp virtme_console=ttyS0 virtme_chdir=home/prozak/sources/heimdall_experiment/uml-harness/.build/selftests-output-qemu", will be passed to user space.
[    0.215391] random: crng init done
[    0.215976] printk: log buffer data + meta data: 2097152 + 7340032 = 9437184 bytes
[    0.223569] Dentry cache hash table entries: 524288 (order: 10, 4194304 bytes, linear)
[    0.228085] Inode-cache hash table entries: 262144 (order: 9, 2097152 bytes, linear)
[    0.229618] software IO TLB: area num 8.
[    0.335727] Fallback order for Node 0: 0 
[    0.335734] Built 1 zonelists, mobility grouping on.  Total pages: 1048446
[    0.337710] Policy zone: Normal
[    0.338250] mem auto-init: stack:all(zero), heap alloc:off, heap free:off
[    0.344455] SLUB: HWalign=64, Order=0-3, MinObjects=0, CPUs=8, Nodes=1
Poking KASLR using RDRAND RDTSC...
[    0.359813] ftrace: allocating 69757 entries in 274 pages
[    0.360776] ftrace: allocated 274 pages with 3 groups
[    0.362071] Dynamic Preempt: full
[    0.362922] Running RCU self tests
[    0.363545] Running RCU synchronous self tests
[    0.364328] rcu: Preemptible hierarchical RCU implementation.
[    0.365340] rcu: 	RCU event tracing is enabled.
[    0.366188] rcu: 	RCU lockdep checking is enabled.
[    0.367064] rcu: 	RCU restricting CPUs from NR_CPUS=128 to nr_cpu_ids=8.
[    0.368233] 	Trampoline variant of Tasks RCU enabled.
[    0.369118] 	Rude variant of Tasks RCU enabled.
[    0.369901] 	Tracing variant of Tasks RCU enabled.
[    0.370739] rcu: RCU calculated value of scheduler-enlistment delay is 100 jiffies.
[    0.372111] rcu: Adjusting geometry for rcu_fanout_leaf=16, nr_cpu_ids=8
[    0.373340] Running RCU synchronous self tests
[    0.374106] RCU Tasks: Setting shift to 3 and lim to 1 rcu_task_cb_adjust=1 rcu_task_cpu_ids=8.
[    0.375679] RCU Tasks Rude: Setting shift to 3 and lim to 1 rcu_task_cb_adjust=1 rcu_task_cpu_ids=8.
[    0.382605] NR_IRQS: 8448, nr_irqs: 488, preallocated irqs: 16
[    0.383971] rcu: srcu_init: Setting srcu_struct sizes based on contention.
[    0.385229] clocksource: jiffies: mask: 0xffffffff max_cycles: 0xffffffff, max_idle_ns: 1911260446275000 ns
[    0.387290] Console: colour *CGA 80x25
[    0.388012] printk: legacy console [ttyS0] enabled
[    0.388012] printk: legacy console [ttyS0] enabled
[    0.389763] printk: legacy bootconsole [earlyser0] disabled
[    0.389763] printk: legacy bootconsole [earlyser0] disabled
[    0.391760] Lock dependency validator: Copyright (c) 2006 Red Hat, Inc., Ingo Molnar
[    0.393167] ... MAX_LOCKDEP_SUBCLASSES:  8
[    0.393894] ... MAX_LOCK_DEPTH:          48
[    0.394635] ... MAX_LOCKDEP_KEYS:        8192
[    0.395441] ... CLASSHASH_SIZE:          4096
[    0.396212] ... MAX_LOCKDEP_ENTRIES:     32768
[    0.396996] ... MAX_LOCKDEP_CHAINS:      65536
[    0.397868] ... CHAINHASH_SIZE:          32768
[    0.398671]  memory used by lock dependency info: 6429 kB
[    0.399660]  memory used for stack traces: 4224 kB
[    0.400506]  per task-struct memory footprint: 1920 bytes
[    0.401553] ACPI: Core revision 20260408
[    0.402461] clocksource: hpet: mask: 0xffffffff max_cycles: 0xffffffff, max_idle_ns: 19112604467 ns
[    0.404301] APIC: Switch to symmetric I/O mode setup
[    0.405658] x2apic enabled
[    0.406670] APIC: Switched APIC routing to: physical x2apic
[    0.407754] kvm-guest: APIC: send_IPI_mask() replaced with kvm_send_ipi_mask()
[    0.409122] kvm-guest: APIC: send_IPI_mask_allbutself() replaced with kvm_send_ipi_mask_allbutself()
[    0.410859] kvm-guest: setup PV IPIs
[    0.413578] ..TIMER: vector=0x30 apic1=0 pin1=2 apic2=-1 pin2=-1
[    0.414817] clocksource: tsc-early: mask: 0xffffffffffffffff max_cycles: 0x31027285e94, max_idle_ns: 440795238296 ns
[    0.416814] Calibrating delay loop (skipped) preset value.. 6800.07 BogoMIPS (lpj=3400038)
[    0.418993] x86/cpu: User Mode Instruction Prevention (UMIP) activated
[    0.420974] Last level iTLB entries: 4KB 512, 2MB 255, 4MB 127
[    0.421811] Last level dTLB entries: 4KB 512, 2MB 255, 4MB 127, 1GB 0
[    0.422820] mitigations: Enabled attack vectors: user_kernel, user_user, SMT mitigations: auto
[    0.424811] Speculative Store Bypass: Mitigation: Speculative Store Bypass disabled via prctl
[    0.425812] Speculative Return Stack Overflow: IBPB-extending microcode not applied!
[    0.426811] Speculative Return Stack Overflow: WARNING: See https://kernel.org/doc/html/latest/admin-guide/hw-vuln/srso.html for mitigation options.
[    0.426812] Transient Scheduler Attacks: Vulnerable: No microcode
[    0.428811] Spectre V2 : Mitigation: Retpolines
[    0.429811] Speculative Return Stack Overflow: Vulnerable: Safe RET, no microcode
[    0.430811] Spectre V1 : Mitigation: usercopy/swapgs barriers and __user pointer sanitization
[    0.431811] Spectre V2 : Spectre v2 / SpectreRSB: Filling RSB on context switch and VMEXIT
[    0.432811] Spectre V2 : Enabling Restricted Speculation for firmware calls
[    0.433813] Spectre V2 : mitigation: Enabling conditional Indirect Branch Prediction Barrier
[    0.434812] active return thunk: srso_alias_return_thunk
[    0.435860] x86/fpu: Supporting XSAVE feature 0x001: 'x87 floating point registers'
[    0.436811] x86/fpu: Supporting XSAVE feature 0x002: 'SSE registers'
[    0.437811] x86/fpu: Supporting XSAVE feature 0x004: 'AVX registers'
[    0.438812] x86/fpu: xstate_offset[2]:  576, xstate_sizes[2]:  256
[    0.439811] x86/fpu: Enabled xstate features 0x7, context size is 832 bytes, using 'compacted' format.
[    0.474951] pid_max: default: 32768 minimum: 301
[    0.476037] SELinux:  Initializing.
[    0.478105] LSM support for eBPF active
[    0.479194] Mount-cache hash table entries: 8192 (order: 4, 65536 bytes, linear)
[    0.480878] Mountpoint-cache hash table entries: 8192 (order: 4, 65536 bytes, linear)
[    0.483902] VFS: Finished mounting rootfs on nullfs
[    0.486512] Running RCU synchronous self tests
[    0.486814] Running RCU synchronous self tests
[    0.488932] smpboot: CPU0: AMD Ryzen 9 5950X 16-Core Processor (family: 0x19, model: 0x21, stepping: 0x2)
[    0.491119] Performance Events: Fam17h+ core perfctr, AMD PMU driver.
[    0.491830] ... version:                   0
[    0.492743] ... bit width:                 48
[    0.492818] ... generic counters:          6
[    0.493710] ... generic bitmap:            000000000000003f
[    0.493818] ... fixed-purpose counters:    0
[    0.494748] ... fixed-purpose bitmap:      0000000000000000
[    0.494819] ... value mask:                0000ffffffffffff
[    0.495817] ... max period:                00007fffffffffff
[    0.496818] ... global_ctrl mask:          000000000000003f
[    0.498163] signal: max sigframe size: 1776
[    0.499848] rcu: Hierarchical SRCU implementation.
[    0.500819] rcu: 	Max phase no-delay instances is 400.
[    0.502129] Timer migration: 1 hierarchy levels; 8 children per group; 1 crossnode level
[    0.514941] smp: Bringing up secondary CPUs ...
[    0.519427] smpboot: x86: Booting SMP configuration:
[    0.519819] .... node  #0, CPUs:      #1 #2 #3 #4 #5 #6 #7
[    0.547214] smp: Brought up 1 node, 8 CPUs
[    0.548755] smpboot: Total of 8 processors activated (54400.60 BogoMIPS)
[    0.550588] Memory: 3963788K/4193784K available (25637K kernel code, 10348K rwdata, 18032K rodata, 4668K init, 13400K bss, 221940K reserved, 0K cma-reserved)
[    0.552820] devtmpfs: initialized
[    0.556343] Running RCU synchronous self tests
[    0.556837] Running RCU synchronous self tests
[    0.557948] Running RCU Tasks wait API self tests
[    0.558880] Running RCU Tasks Rude wait API self tests
[    0.559819] Running RCU Tasks Trace wait API self tests
[    0.560936] posixtimers hash table entries: 4096 (order: 7, 294912 bytes, linear)
[    0.562974] futex hash table entries: 2048 (262144 bytes on 1 NUMA nodes, total 256 KiB, linear).
[    0.564818] PM: RTC time: 16:39:45, date: 2026-08-02
[    0.565848] Callback from call_rcu_tasks_trace() invoked.
[    0.571988] NET: Registered PF_NETLINK/PF_ROUTE protocol family
[    0.573829] audit: initializing netlink subsys (disabled)
[    0.574940] audit: type=2000 audit(1785688785.103:1): state=initialized audit_enabled=0 res=1
[    0.596809] thermal_sys: Registered thermal governor 'step_wise'
[    0.596887] cpuidle: using governor ladder
[    0.598732] cpuidle: using governor menu
[    0.600041] Freeing SMP alternatives memory: 68K
[    0.601689] PCI: Using configuration type 1 for base access
[    0.601819] PCI: Using configuration type 1 for extended access
[    0.602982] kprobes: kprobe jump-optimization is enabled. All kprobes are optimized if possible.
[    0.604966] HugeTLB: registered 1.00 GiB page size, pre-allocated 0 pages
[    0.605821] HugeTLB: 16380 KiB vmemmap can be freed for a 1.00 GiB page
[    0.606820] HugeTLB: registered 2.00 MiB page size, pre-allocated 0 pages
[    0.607819] HugeTLB: 28 KiB vmemmap can be freed for a 2.00 MiB page
[    0.613789] ACPI: Added _OSI(Module Device)
[    0.613819] ACPI: Added _OSI(Processor Device)
[    0.614809] ACPI: Added _OSI(Processor Aggregator Device)
[    0.618414] ACPI: 1 ACPI AML tables successfully acquired and loaded
[    0.621299] ACPI: \_SB_: platform _OSC: OS support mask [002a7eee]
[    0.622571] ACPI: Interpreter enabled
[    0.622889] ACPI: PM: (supports S0 S3 S4 S5)
[    0.623831] ACPI: Using IOAPIC for interrupt routing
[    0.624870] PCI: Using host bridge windows from ACPI; if necessary, use "pci=nocrs" and report a bug
[    0.625819] PCI: Using E820 reservations for host bridge windows
[    0.627192] ACPI: Enabled 2 GPEs in block 00 to 0F
[    0.643128] ACPI: PCI Root Bridge [PCI0] (domain 0000 [bus 00-ff])
[    0.643825] acpi PNP0A03:00: _OSC: OS supports [ExtendedConfig ASPM ClockPM Segments MSI HPX-Type3]
[    0.644830] acpi PNP0A03:00: _OSC: OS requested [PME PCIeCapability LTR]
[    0.645819] acpi PNP0A03:00: _OSC: platform willing to grant [PME PCIeCapability LTR]
[    0.646819] acpi PNP0A03:00: _OSC: platform retains control of PCIe features (AE_ERROR)
[    0.648601] PCI host bridge to bus 0000:00
[    0.648829] pci_bus 0000:00: root bus resource [io  0x0000-0x0cf7 window]
[    0.649820] pci_bus 0000:00: root bus resource [io  0x0d00-0xffff window]
[    0.650817] pci_bus 0000:00: root bus resource [mem 0x000a0000-0x000bffff window]
[    0.651820] pci_bus 0000:00: root bus resource [mem 0xc0000000-0xfebfffff window]
[    0.652820] pci_bus 0000:00: root bus resource [mem 0x380000000000-0x38007fffffff window]
[    0.653822] pci_bus 0000:00: root bus resource [bus 00-ff]
[    0.655225] pci 0000:00:00.0: [8086:1237] type 00 class 0x060000 conventional PCI endpoint
[    0.657426] pci 0000:00:01.0: [8086:7000] type 00 class 0x060100 conventional PCI endpoint
[    0.659203] pci 0000:00:01.1: [8086:7010] type 00 class 0x010180 conventional PCI endpoint
[    0.660662] pci 0000:00:01.1: BAR 4 [io  0xc1c0-0xc1cf]
[    0.660896] pci 0000:00:01.1: BAR 0 [io  0x01f0-0x01f7]: legacy IDE quirk
[    0.661819] pci 0000:00:01.1: BAR 1 [io  0x03f6]: legacy IDE quirk
[    0.662818] pci 0000:00:01.1: BAR 2 [io  0x0170-0x0177]: legacy IDE quirk
[    0.663819] pci 0000:00:01.1: BAR 3 [io  0x0376]: legacy IDE quirk
[    0.665600] pci 0000:00:01.3: [8086:7113] type 00 class 0x068000 conventional PCI endpoint
[    0.666531] pci 0000:00:01.3: quirk: [io  0x0600-0x063f] claimed by PIIX4 ACPI
[    0.666893] pci 0000:00:01.3: quirk: [io  0x0700-0x070f] claimed by PIIX4 SMB
[    0.668809] pci 0000:00:02.0: [1af4:1009] type 00 class 0x000200 conventional PCI endpoint
[    0.670407] pci 0000:00:02.0: BAR 0 [io  0xc000-0xc03f]
[    0.670835] pci 0000:00:02.0: BAR 1 [mem 0xfebf8000-0xfebf8fff]
[    0.671881] pci 0000:00:02.0: BAR 4 [mem 0x380000000000-0x380000003fff 64bit pref]
[    0.675899] pci 0000:00:03.0: [8086:25ab] type 00 class 0x088000 conventional PCI endpoint
[    0.677730] pci 0000:00:03.0: BAR 0 [mem 0xfebf9000-0xfebf900f]
[    0.680372] pci 0000:00:04.0: [1af4:1003] type 00 class 0x078000 conventional PCI endpoint
[    0.682838] pci 0000:00:04.0: BAR 0 [io  0xc040-0xc07f]
[    0.683836] pci 0000:00:04.0: BAR 1 [mem 0xfebfa000-0xfebfafff]
[    0.684880] pci 0000:00:04.0: BAR 4 [mem 0x380000004000-0x380000007fff 64bit pref]
[    0.689105] pci 0000:00:05.0: [1af4:1003] type 00 class 0x078000 conventional PCI endpoint
[    0.690837] pci 0000:00:05.0: BAR 0 [io  0xc080-0xc0bf]
[    0.691836] pci 0000:00:05.0: BAR 1 [mem 0xfebfb000-0xfebfbfff]
[    0.692880] pci 0000:00:05.0: BAR 4 [mem 0x380000008000-0x38000000bfff 64bit pref]
[    0.697157] pci 0000:00:06.0: [1af4:1003] type 00 class 0x078000 conventional PCI endpoint
[    0.699013] pci 0000:00:06.0: BAR 0 [io  0xc0c0-0xc0ff]
[    0.699836] pci 0000:00:06.0: BAR 1 [mem 0xfebfc000-0xfebfcfff]
[    0.700881] pci 0000:00:06.0: BAR 4 [mem 0x38000000c000-0x38000000ffff 64bit pref]
[    0.705143] pci 0000:00:07.0: [1af4:1003] type 00 class 0x078000 conventional PCI endpoint
[    0.706835] pci 0000:00:07.0: BAR 0 [io  0xc100-0xc13f]
[    0.707835] pci 0000:00:07.0: BAR 1 [mem 0xfebfd000-0xfebfdfff]
[    0.708880] pci 0000:00:07.0: BAR 4 [mem 0x380000010000-0x380000013fff 64bit pref]
[    0.713102] pci 0000:00:08.0: [1af4:1003] type 00 class 0x078000 conventional PCI endpoint
[    0.714835] pci 0000:00:08.0: BAR 0 [io  0xc140-0xc17f]
[    0.715836] pci 0000:00:08.0: BAR 1 [mem 0xfebfe000-0xfebfefff]
[    0.716876] pci 0000:00:08.0: BAR 4 [mem 0x380000014000-0x380000017fff 64bit pref]
[    0.721106] pci 0000:00:09.0: [1af4:1003] type 00 class 0x078000 conventional PCI endpoint
[    0.722761] pci 0000:00:09.0: BAR 0 [io  0xc180-0xc1bf]
[    0.722836] pci 0000:00:09.0: BAR 1 [mem 0xfebff000-0xfebfffff]
[    0.723877] pci 0000:00:09.0: BAR 4 [mem 0x380000018000-0x38000001bfff 64bit pref]
[    0.733174] ACPI: PCI: Interrupt link LNKA configured for IRQ 10
[    0.734083] ACPI: PCI: Interrupt link LNKB configured for IRQ 10
[    0.735069] ACPI: PCI: Interrupt link LNKC configured for IRQ 11
[    0.736068] ACPI: PCI: Interrupt link LNKD configured for IRQ 11
[    0.736965] ACPI: PCI: Interrupt link LNKS configured for IRQ 9
[    0.739916] iommu: Default domain type: Translated
[    0.740821] iommu: DMA domain TLB invalidation policy: lazy mode
[    0.743273] SCSI subsystem initialized
[    0.743900] libata version 3.00 loaded.
[    0.744981] ACPI: bus type USB registered
[    0.745979] usbcore: registered new interface driver usbfs
[    0.746895] usbcore: registered new interface driver hub
[    0.747858] usbcore: registered new device driver usb
[    0.749005] pps_core: LinuxPPS API ver. 1 registered
[    0.749819] pps_core: Software ver. 5.3.6 - Copyright 2005-2007 Rodolfo Giometti <giometti@linux.it>
[    0.750844] PTP clock support registered
[    0.752303] Advanced Linux Sound Architecture Driver Initialized.
[    0.754103] NetLabel: Initializing
[    0.754818] NetLabel:  domain hash size = 128
[    0.755777] NetLabel:  protocols = UNLABELED CIPSOv4 CALIPSO
[    0.755867] NetLabel:  unlabeled traffic allowed by default
[    0.757044] PCI: Using ACPI for IRQ routing
[    0.757820] PCI: pci_cache_line_size set to 64 bytes
[    0.759365] e820: register RAM buffer resource [mem 0x0009fc00-0x0009ffff]
[    0.759820] e820: register RAM buffer resource [mem 0xbffe0000-0xbfffffff]
[    0.760971] vgaarb: loaded
[    0.761593] hpet0: at MMIO 0xfed00000, IRQs 2, 8, 0
[    0.762819] hpet0: 3 comparators, 64-bit 100.000000 MHz counter
[    0.766195] clocksource: Switched to clocksource kvm-clock
[    0.768269] VFS: Disk quotas dquot_6.6.0
[    0.769252] VFS: Dquot-cache hash table entries: 512 (4096 bytes)
[    0.770875] Callback from call_rcu_tasks() invoked.
[    0.772804] pnp: PnP ACPI init
[    0.773979] pnp 00:02: [dma 2]
[    0.775457] pnp: PnP ACPI: found 4 devices
[    0.801440] clocksource: acpi_pm: mask: 0xffffff max_cycles: 0xffffff, max_idle_ns: 2085701024 ns
[    0.803738] NET: Registered PF_INET protocol family
[    0.805958] IP idents hash table entries: 65536 (order: 7, 524288 bytes, linear)
[    0.809973] tcp_listen_portaddr_hash hash table entries: 2048 (order: 6, 147456 bytes, linear)
[    0.812578] Table-perturb hash table entries: 65536 (order: 6, 262144 bytes, linear)
[    0.814318] TCP established hash table entries: 32768 (order: 6, 262144 bytes, linear)
[    0.816635] TCP bind hash table entries: 32768 (order: 11, 4718592 bytes, vmalloc hugepage)
[    0.829133] TCP: Hash tables configured (established 32768 bind 32768)
[    0.832211] MPTCP token hash table entries: 4096 (order: 7, 360448 bytes, linear)
[    0.834028] UDP hash table entries: 2048 (order: 7, 524288 bytes, linear)
[    0.836818] NET: Registered PF_UNIX/PF_LOCAL protocol family
[    0.839335] RPC: Registered named UNIX socket transport module.
[    0.840802] RPC: Registered udp transport module.
[    0.841943] RPC: Registered tcp transport module.
[    0.842967] RPC: Registered tcp-with-tls transport module.
[    0.844200] RPC: Registered tcp NFSv4.1 backchannel transport module.
[    0.846515] NET: Registered PF_XDP protocol family
[    0.847931] pci_bus 0000:00: resource 4 [io  0x0000-0x0cf7 window]
[    0.849436] pci_bus 0000:00: resource 5 [io  0x0d00-0xffff window]
[    0.850778] pci_bus 0000:00: resource 6 [mem 0x000a0000-0x000bffff window]
[    0.852266] pci_bus 0000:00: resource 7 [mem 0xc0000000-0xfebfffff window]
[    0.853813] pci_bus 0000:00: resource 8 [mem 0x380000000000-0x38007fffffff window]
[    0.855578] pci 0000:00:01.0: PIIX3: Enabling Passive Release
[    0.856881] pci 0000:00:00.0: Limiting direct PCI/PCI transfers
[    0.858402] PCI: CLS 0 bytes, default 64
[    0.859411] PCI-DMA: Using software bounce buffering for IO (SWIOTLB)
[    0.860823] software IO TLB: mapped [mem 0x00000000bbfe0000-0x00000000bffe0000] (64MB)
[    0.863850] clocksource: tsc: mask: 0xffffffffffffffff max_cycles: 0x31027285e94, max_idle_ns: 440795238296 ns
[    0.874473] Initialise system trusted keyrings
[    0.875925] workingset: timestamp_bits=40 (anon: 35) max_order=20 bucket_order=0 (anon: 0)
[    0.878867] squashfs: version 4.0 (2009/01/31) Phillip Lougher
[    0.880803] NFS: Registering the id_resolver key type
[    0.882187] Key type id_resolver registered
[    0.883145] Key type id_legacy registered
[    0.884063] nfs4filelayout_init: NFSv4 File Layout Driver Registering...
[    0.885559] nfs4flexfilelayout_init: NFSv4 Flexfile Layout Driver Registering...
[    0.887361] fuse: init (API version 7.45)
[    0.888548] 9p: Installing v9fs 9p2000 file system support
[    0.891518] NET: Registered PF_ALG protocol family
[    0.892618] Key type asymmetric registered
[    0.893542] Asymmetric key parser 'x509' registered
[    0.894713] Block layer SCSI generic (bsg) driver version 0.4 loaded (major 248)
[    0.896891] io scheduler mq-deadline registered
[    0.897913] io scheduler kyber registered
[    0.900196] input: Power Button as /devices/platform/LNXPWRBN:00/input/input0
[    0.902041] ACPI: button: Power Button [PWRF]
[    1.030148] ACPI: \_SB_.LNKB: Enabled at IRQ 10
[    1.155031] ACPI: \_SB_.LNKD: Enabled at IRQ 11
[    1.282701] ACPI: \_SB_.LNKA: Enabled at IRQ 10
[    1.418328] kwatchdog (98) used greatest stack depth: 14776 bytes left
[    1.534381] ACPI: \_SB_.LNKC: Enabled at IRQ 11
[    1.785291] Serial: 8250/16550 driver, 4 ports, IRQ sharing enabled
[    1.787902] 00:03: ttyS0 at I/O 0x3f8 (irq = 4, base_baud = 115200) is a 16550A
[    1.935322] Non-volatile memory driver v1.3
[    1.937101] ACPI: bus type drm_connector registered
[    1.958874] brd: module loaded
[    1.972692] loop: module loaded
[    1.978229] scsi host0: ata_piix
[    1.980274] scsi host1: ata_piix
[    1.981327] ata1: PATA max MWDMA2 cmd 0x1f0 ctl 0x3f6 bmdma 0xc1c0 irq 14 lpm-pol 0
[    1.983037] ata2: PATA max MWDMA2 cmd 0x170 ctl 0x376 bmdma 0xc1c8 irq 15 lpm-pol 0
[    1.988972] tun: Universal TUN/TAP device driver, 1.6
[    1.990572] e100: Intel(R) PRO/100 Network Driver
[    1.991632] e100: Copyright(c) 1999-2006 Intel Corporation
[    1.992913] e1000: Intel(R) PRO/1000 Network Driver
[    1.994145] e1000: Copyright (c) 1999-2006 Intel Corporation.
[    1.995470] e1000e: Intel(R) PRO/1000 Network Driver
[    1.996605] e1000e: Copyright(c) 1999 - 2015 Intel Corporation.
[    1.998033] sky2: driver version 1.30
[    2.000118] usbcore: registered new interface driver usblp
[    2.001420] usbcore: registered new interface driver usb-storage
[    2.002863] i8042: PNP: PS/2 Controller [PNP0303:KBD,PNP0f13:MOU] at 0x60,0x64 irq 1,12
[    2.006098] serio: i8042 KBD port at 0x60,0x64 irq 1
[    2.007685] serio: i8042 AUX port at 0x60,0x64 irq 12
[    2.010397] input: AT Translated Set 2 keyboard as /devices/platform/i8042/serio0/input/input1
[    2.010909] rtc_cmos PNP0B00:00: RTC can wake from S4
[    2.015567] rtc_cmos PNP0B00:00: registered as rtc0
[    2.017235] rtc_cmos PNP0B00:00: alarms up to one day, y3k, 242 bytes nvram, hpet irqs
[    2.020219] Registered IR keymap rc-empty
[    2.021917] rc rc0: rc-core loopback device as /devices/virtual/rc/rc0
[    2.023675] rc rc0: lirc_dev: driver rc-loopback registered at minor = 0, raw IR receiver, raw IR transmitter
[    2.026103] input: rc-core loopback device as /devices/virtual/rc/rc0/input4
[    2.028679] intel_powerclamp: CPU does not support MWAIT
[    2.030027] device-mapper: core: CONFIG_IMA_DISABLE_HTABLE is disabled. Duplicate IMA measurements will not be recorded in the IMA log.
[    2.033039] device-mapper: ioctl: 4.50.0-ioctl (2025-04-28) initialised: dm-devel@lists.linux.dev
[    2.035052] amd_pstate: the _CPC object is not present in SBIOS or ACPI disabled
[    2.037459] hid: raw HID events driver (C) Jiri Kosina
[    2.040241] usbcore: registered new interface driver usbhid
[    2.041523] usbhid: USB HID core driver
[    2.043444] GACT probability NOT on
[    2.044274] Mirror/redirect action on
[    2.046517] nf_conntrack_irc: The irc conntrack helper is scheduled for removal.
[    2.046517] Please contact the netfilter-devel mailing list if you still need this.
[    2.051386] ipip: IPv4 and MPLS over IPv4 tunneling driver
[    2.053272] gre: GRE over IPv4 demultiplexer driver
[    2.054355] ip_gre: GRE over IPv4 tunneling driver
[    2.058038] Initializing XFRM netlink socket
[    2.059150] IPsec XFRM device driver
[    2.060065] NET: Registered PF_INET6 protocol family
[    2.063370] Segment Routing with IPv6
[    2.064213] In-situ OAM (IOAM) with IPv6
[    2.065123] mip6: Mobile IPv6
[    2.065869] sit: IPv6, IPv4 and MPLS over IPv4 tunneling driver
[    2.068793] ip6_gre: GRE over IPv6 tunneling driver
[    2.070744] NET: Registered PF_PACKET protocol family
[    2.072012] RPC: Registered rdma transport module.
[    2.073086] RPC: Registered rdma backchannel transport module.
[    2.074657] 8021q: 802.1Q VLAN Support v1.8
[    2.076102] smc: adding smcd device lo without pnetid
[    2.077496] NET: Registered PF_SMC protocol family
[    2.079090] 9pnet: Installing 9P2000 support
[    2.081682] Key type dns_resolver registered
[    2.082918] NET: Registered PF_VSOCK protocol family
[    2.084074] mpls_gso: MPLS GSO support
[    2.088478] IPI shorthand broadcast: enabled
[    2.133389] sched_clock: Marking stable (2108012043, 24579858)->(2236820191, -104228290)
[    2.137321] registered taskstats version 1
[    2.139046] ata2: found unknown device (class 0)
[    2.141197] ata2.00: ATAPI: QEMU DVD-ROM, 2.5+, max UDMA/100
[    2.145050] scsi 1:0:0:0: CD-ROM            QEMU     QEMU DVD-ROM     2.5+ PQ: 0 ANSI: 5
[    2.155667] Loading compiled-in X.509 certificates
[    2.157460] kworker/u32:1 (118) used greatest stack depth: 13008 bytes left
[    2.159043] Loaded X.509 cert 'Build time autogenerated kernel key: c4531344b9a9c1a4731230d977a262ba29ba5272'
[    2.174673] sr 1:0:0:0: [sr0] scsi3-mmc drive: 4x/4x cd/rw xa/form2 tray
[    2.198419] cdrom: Uniform CD-ROM driver Revision: 3.20
[    2.200155] Demotion targets for Node 0: null
[    2.201903] ima: No TPM chip found, activating TPM-bypass!
[    2.203138] ima: Allocated hash algorithm: sha1
[    2.204283] ima: No architecture policies found
[    2.206440] PM:   Magic number: 6:990:690
[    2.207902] mem mem: hash matches
[    2.208797] netconsole: network logging started
[    2.210657] cfg80211: Loading compiled-in X.509 certificates for regulatory database
[    2.211280] sr 1:0:0:0: Attached scsi CD-ROM sr0
[    2.213774] Loaded X.509 cert 'sforshee: 00b28ddf47aef9cea7'
[    2.214340] sr 1:0:0:0: Attached scsi generic sg0 type 5
[    2.215483] Loaded X.509 cert 'wens: 61c038651aabdcf94bd0ac7ff06c7248db18c600'
[    2.218460] faux_driver regulatory: Direct firmware load for regulatory.db failed with error -2
[    2.220433] cfg80211: failed to load regulatory.db
[    2.221816] ALSA device list:
[    2.222711]   No soundcards found.
[    2.436164] input: ImExPS/2 Generic Explorer Mouse as /devices/platform/i8042/serio1/input/input3
[    2.438196] md: Skipping autodetection of RAID arrays. (raid=autodetect will force)
[    2.439548] 9p: Bad value for 'source'
[    2.440191] 9pnet: Limiting 'msize' to 512000 as this is the maximum supported by transport virtio
[    2.443782] VFS: Mounted root (9p filesystem) on device 0:22.
[    2.445737] devtmpfs: mounted
[    2.446422] VFS: Pivoted into new rootfs
[    2.451851] Freeing unused kernel image (initmem) memory: 4668K
[    2.452864] Write protecting the kernel read-only data: 45056k
[    2.454896] Freeing unused kernel image (text/rodata gap) memory: 984K
[    2.456248] Freeing unused kernel image (rodata/data gap) memory: 400K
[    2.493840] x86/mm: Checked W+X mappings: passed, no W+X pages found.
[    2.494776] Run /home/prozak/.local/share/vng-venv/lib/python3.12/site-packages/virtme/guest/bin/virtme-ng-init as init process
[    2.496348]   with arguments:
[    2.496806]     /home/prozak/.local/share/vng-venv/lib/python3.12/site-packages/virtme/guest/bin/virtme-ng-init
[    2.498198]   with environment:
[    2.498693]     HOME=/
[    2.499040]     TERM=linux
[    2.499426]     virtme_hostname=virtme-ng
[    2.499986]     nr_open=1048576
[    2.500420]     virtme_link_mods=/home/prozak/sources/heimdall_experiment/uml-harness/.build/bpf-next-x86/.virtme_mods/lib/modules/0.0.0
[    2.502035]     virtme_rw_overlay0=/tmp
[    2.502573]     virtme_console=ttyS0
[    2.503108]     virtme_chdir=home/prozak/sources/heimdall_experiment/uml-harness/.build/selftests-output-qemu
[    2.580199] virtme-ng-init: mount devtmpfs -> /dev: EBUSY: Device or resource busy
[    2.582060] virtme-ng-init: Setting hostname to virtme-ng...
[    2.614527] virtme-ng-init: running systemd-tmpfiles
[    3.943743] systemd-tmpfile (127) used greatest stack depth: 12504 bytes left
[    3.943858] virtme-ng-init: basic initialization done
[    3.960665] virtme-ng-init: error creating file: Permission denied (os error 13)
[    4.046074] ip (132) used greatest stack depth: 11848 bytes left
[    4.157136] virtme-ng-init: Starting systemd-udevd version 255.4-1ubuntu8.16
[    4.159359] virtme-ng-init: triggering udev coldplug
[    7.228299] virtme-ng-init: waiting for udev to settle
[    8.021711] virtme-ng-init: udev is done
[    8.025983] virtme-ng-init: starting script
[    8.251482] bpf_testmod: loading out-of-tree module taints kernel.
[    8.252466] bpf_testmod: module verification failed: signature and/or required key missing - tainting kernel
[    8.730949] smc: removing smcd device lo
[    8.798162] ACPI: PM: Preparing to enter system sleep state S5
[    8.799516] reboot: Power down
