#123/1   fexit_bpf2bpf/target_no_callees:OK
#123/2   fexit_bpf2bpf/target_yes_callees:OK
#123/3   fexit_bpf2bpf/func_replace:OK
#123/4   fexit_bpf2bpf/func_replace_verify:OK
#123/5   fexit_bpf2bpf/func_replace_return_code:OK
#123/6   fexit_bpf2bpf/func_map_prog_compatibility:OK
#123/7   fexit_bpf2bpf/func_replace_unreliable:OK
#123/8   fexit_bpf2bpf/func_replace_multi:OK
#123/9   fexit_bpf2bpf/fmod_ret_freplace:OK
#123/10  fexit_bpf2bpf/func_replace_global_func:OK
#123/11  fexit_bpf2bpf/fentry_to_cgroup_bpf:OK
#123/12  fexit_bpf2bpf/func_replace_progmap:OK
#123/13  fexit_bpf2bpf/freplace_int_with_void:OK
#123/14  fexit_bpf2bpf/freplace_void:OK
#123     fexit_bpf2bpf:OK
Summary: 1/14 PASSED, 0 SKIPPED, 0 FAILED
 09:03:43 PDT 2026
[    0.000000] Command line: virtme_hostname=virtme-ng nr_open=1048576 virtme_link_mods=/home/prozak/sources/heimdall_experiment/uml-harness/.build/bpf-next-x86/.virtme_mods/lib/modules/0.0.0 virtme_rw_overlay0=/tmp virtme_console=ttyS0 console=ttyS0 earlyprintk=serial,ttyS0,115200 panic=-1 virtme.exec=`Li90ZXN0X3Byb2dzIC10ICdmZXhpdF9icGYyYnBmJw==` virtme_chdir=home/prozak/sources/heimdall_experiment/uml-harness/.build/selftests-output-qemu rootfstype=9p rootflags=version=9p2000.L,trans=virtio,access=any,msize=524288 raid=noautodetect rw debug init=/home/prozak/.local/share/vng-venv/lib/python3.12/site-packages/virtme/guest/bin/virtme-ng-init
[    0.000000] x86 CPU feature dependency check failure: CPU0 has '18*32+31' enabled but '18*32+26' disabled. Kernel might be fine, but no guarantees.
[    0.000000] BIOS-provided physical RAM map:
[    0.000000] BIOS-e820: [mem 0x0000000000000000-0x000000000009fbff]  System RAM
[    0.000000] BIOS-e820: [mem 0x000000000009fc00-0x000000000009ffff]  device reserved
[    0.000000] BIOS-e820: [gap 0x00000000000a0000-0x00000000000effff]
[    0.000000] BIOS-e820: [mem 0x00000000000f0000-0x00000000000fffff]  device reserved
[    0.000000] BIOS-e820: [mem 0x0000000000100000-0x00000000bffdffff]  System RAM
[    0.000000] BIOS-e820: [mem 0x00000000bffe0000-0x00000000bfffffff]  device reserved
[    0.000000] BIOS-e820: [gap 0x00000000c0000000-0x00000000feffbfff]
[    0.000000] BIOS-e820: [mem 0x00000000feffc000-0x00000000feffffff]  device reserved
[    0.000000] BIOS-e820: [gap 0x00000000ff000000-0x00000000fffbffff]
[    0.000000] BIOS-e820: [mem 0x00000000fffc0000-0x00000000ffffffff]  device reserved
[    0.000000] BIOS-e820: [mem 0x0000000100000000-0x000000013fffffff]  System RAM
[    0.000000] BIOS-e820: [gap 0x0000000140000000-0x000000fcffffffff]
[    0.000000] BIOS-e820: [mem 0x000000fd00000000-0x000000ffffffffff]  device reserved
[    0.000000] printk: legacy bootconsole [earlyser0] enabled
[    0.000000] NX (Execute Disable) protection: active
[    0.000000] APIC: Static calls initialized
[    0.000000] DMI: SMBIOS 3.0.0 present.
[    0.000000] DMI: QEMU Ubuntu 24.04 PC v2 (i440FX + PIIX, arch_caps fix, 1996), BIOS 1.16.3-debian-1.16.3-2 04/01/2014
[    0.000000] DMI: Memory slots populated: 1/1
[    0.000000] Hypervisor detected: KVM
[    0.000000] last_pfn = 0xbffe0 max_arch_pfn = 0x400000000
[    0.000000] kvm-clock: Using msrs 4b564d01 and 4b564d00
[    0.000002] kvm-clock: using sched offset of 445732136 cycles
[    0.000997] clocksource: kvm-clock: mask: 0xffffffffffffffff max_cycles: 0x1cd42e4dffb, max_idle_ns: 881590591483 ns
[    0.003984] tsc: Detected 3400.038 MHz processor
[    0.005222] e820: update [mem 0x00000000-0x00000fff] System RAM ==> device reserved
[    0.006597] e820: remove [mem 0x000a0000-0x000fffff] System RAM
[    0.007695] last_pfn = 0x140000 max_arch_pfn = 0x400000000
[    0.008776] MTRR map: 4 entries (3 fixed + 1 variable; max 19), built from 8 variable MTRRs
[    0.010302] x86/PAT: Configuration [0-7]: WB  WC  UC- UC  WB  WP  UC- WT  
Memory KASLR using RDRAND RDTSC...
[    0.012260] last_pfn = 0xbffe0 max_arch_pfn = 0x400000000
[    0.014509] found SMP MP-table at [mem 0x000f5450-0x000f545f]
[    0.015581] Using GB pages for direct mapping
[    0.016489] ACPI: Early table checksum verification disabled
[    0.017526] ACPI: RSDP 0x00000000000F5240 000014 (v00 BOCHS )
[    0.018646] ACPI: RSDT 0x00000000BFFE1F16 000034 (v01 BOCHS  BXPC     00000001 BXPC 00000001)
[    0.020200] ACPI: FACP 0x00000000BFFE1D92 000074 (v01 BOCHS  BXPC     00000001 BXPC 00000001)
[    0.021762] ACPI: DSDT 0x00000000BFFE0040 001D52 (v01 BOCHS  BXPC     00000001 BXPC 00000001)
[    0.023341] ACPI: FACS 0x00000000BFFE0000 000040
[    0.024164] ACPI: APIC 0x00000000BFFE1E06 0000B0 (v03 BOCHS  BXPC     00000001 BXPC 00000001)
[    0.025722] ACPI: HPET 0x00000000BFFE1EB6 000038 (v01 BOCHS  BXPC     00000001 BXPC 00000001)
[    0.027305] ACPI: WAET 0x00000000BFFE1EEE 000028 (v01 BOCHS  BXPC     00000001 BXPC 00000001)
[    0.028840] ACPI: Reserving FACP table memory at [mem 0xbffe1d92-0xbffe1e05]
[    0.030113] ACPI: Reserving DSDT table memory at [mem 0xbffe0040-0xbffe1d91]
[    0.031428] ACPI: Reserving FACS table memory at [mem 0xbffe0000-0xbffe003f]
[    0.032680] ACPI: Reserving APIC table memory at [mem 0xbffe1e06-0xbffe1eb5]
[    0.033965] ACPI: Reserving HPET table memory at [mem 0xbffe1eb6-0xbffe1eed]
[    0.035255] ACPI: Reserving WAET table memory at [mem 0xbffe1eee-0xbffe1f15]
[    0.036985] No NUMA configuration found
[    0.037688] Faking a node at [mem 0x0000000000000000-0x000000013fffffff]
[    0.038897] NODE_DATA(0) allocated [mem 0x13fff9c80-0x13fffdfff]
[    0.040830] ACPI: PM-Timer IO Port: 0x608
[    0.041580] ACPI: LAPIC_NMI (acpi_id[0xff] dfl dfl lint[0x1])
[    0.042676] IOAPIC[0]: apic_id 0, version 17, address 0xfec00000, GSI 0-23
[    0.043945] ACPI: INT_SRC_OVR (bus 0 bus_irq 0 global_irq 2 dfl dfl)
[    0.045077] ACPI: INT_SRC_OVR (bus 0 bus_irq 5 global_irq 5 high level)
[    0.046271] ACPI: INT_SRC_OVR (bus 0 bus_irq 9 global_irq 9 high level)
[    0.047481] ACPI: INT_SRC_OVR (bus 0 bus_irq 10 global_irq 10 high level)
[    0.048722] ACPI: INT_SRC_OVR (bus 0 bus_irq 11 global_irq 11 high level)
[    0.049950] ACPI: Using ACPI (MADT) for SMP configuration information
[    0.051096] ACPI: HPET id: 0x8086a201 base: 0xfed00000
[    0.052083] TSC deadline timer available
[    0.052801] CPU topo: Max. logical packages:   1
[    0.053641] CPU topo: Max. logical nodes:      1
[    0.054500] CPU topo: Num. nodes per package:  1
[    0.055340] CPU topo: Max. logical dies:       1
[    0.056177] CPU topo: Max. dies per package:   1
[    0.057022] CPU topo: Max. threads per core:   1
[    0.057862] CPU topo: Num. cores per package:     8
[    0.058729] CPU topo: Num. threads per package:   8
[    0.059615] CPU topo: Allowing 8 present CPUs plus 0 hotplug CPUs
[    0.060753] kvm-guest: APIC: eoi() replaced with kvm_guest_apic_eoi_write()
[    0.062084] kvm-guest: KVM setup pv remote TLB flush
[    0.062978] kvm-guest: setup PV sched yield
[    0.063749] PM: hibernation: Registered nosave memory: [mem 0x00000000-0x00000fff]
[    0.065117] PM: hibernation: Registered nosave memory: [mem 0x0009f000-0x000fffff]
[    0.066495] PM: hibernation: Registered nosave memory: [mem 0xbffe0000-0xffffffff]
[    0.067912] [gap 0xc0000000-0xfeffbfff] available for PCI devices
[    0.068996] Booting paravirtualized kernel on KVM
[    0.069885] clocksource: refined-jiffies: mask: 0xffffffff max_cycles: 0xffffffff, max_idle_ns: 1910969940391419 ns
[    0.076488] Zone ranges:
[    0.076953]   DMA      [mem 0x0000000000001000-0x0000000000ffffff]
[    0.078079]   DMA32    [mem 0x0000000001000000-0x00000000ffffffff]
[    0.079209]   Normal   [mem 0x0000000100000000-0x000000013fffffff]
[    0.080292] Movable zone start for each node
[    0.081049] Early memory node ranges
[    0.081702]   node   0: [mem 0x0000000000001000-0x000000000009efff]
[    0.082813]   node   0: [mem 0x0000000000100000-0x00000000bffdffff]
[    0.083981]   node   0: [mem 0x0000000100000000-0x000000013fffffff]
[    0.085066] Initmem setup node 0 [mem 0x0000000000001000-0x000000013fffffff]
[    0.086333] On node 0, zone DMA: 1 pages in unavailable ranges
[    0.087781] On node 0, zone DMA: 97 pages in unavailable ranges
[    0.191859] On node 0, zone Normal: 32 pages in unavailable ranges
[    0.193042] setup_percpu: NR_CPUS:128 nr_cpumask_bits:8 nr_cpu_ids:8 nr_node_ids:1
[    0.197674] percpu: Embedded 58 pages/cpu s199696 r8192 d29680 u262144
[    0.198867] pcpu-alloc: s199696 r8192 d29680 u262144 alloc=1*2097152
[    0.200002] pcpu-alloc: [0] 0 1 2 3 4 5 6 7 
[    0.200826] Kernel command line: virtme_hostname=virtme-ng nr_open=1048576 virtme_link_mods=/home/prozak/sources/heimdall_experiment/uml-harness/.build/bpf-next-x86/.virtme_mods/lib/modules/0.0.0 virtme_rw_overlay0=/tmp virtme_console=ttyS0 console=ttyS0 earlyprintk=serial,ttyS0,115200 panic=-1 virtme.exec=`Li90ZXN0X3Byb2dzIC10ICdmZXhpdF9icGYyYnBmJw==` virtme_chdir=home/prozak/sources/heimdall_experiment/uml-harness/.build/selftests-output-qemu rootfstype=9p rootflags=version=9p2000.L,trans=virtio,access=any,msize=524288 raid=noautodetect rw debug init=/home/prozak/.local/share/vng-venv/lib/python3.12/site-packages/virtme/guest/bin/virtme-ng-init
[    0.211348] Unknown kernel command line parameters "virtme_hostname=virtme-ng nr_open=1048576 virtme_link_mods=/home/prozak/sources/heimdall_experiment/uml-harness/.build/bpf-next-x86/.virtme_mods/lib/modules/0.0.0 virtme_rw_overlay0=/tmp virtme_console=ttyS0 virtme_chdir=home/prozak/sources/heimdall_experiment/uml-harness/.build/selftests-output-qemu", will be passed to user space.
[    0.217571] random: crng init done
[    0.218189] printk: log buffer data + meta data: 2097152 + 7340032 = 9437184 bytes
[    0.226060] Dentry cache hash table entries: 524288 (order: 10, 4194304 bytes, linear)
[    0.230784] Inode-cache hash table entries: 262144 (order: 9, 2097152 bytes, linear)
[    0.232408] software IO TLB: area num 8.
[    0.339820] Fallback order for Node 0: 0 
[    0.339827] Built 1 zonelists, mobility grouping on.  Total pages: 1048446
[    0.341837] Policy zone: Normal
[    0.342450] mem auto-init: stack:all(zero), heap alloc:off, heap free:off
[    0.348673] SLUB: HWalign=64, Order=0-3, MinObjects=0, CPUs=8, Nodes=1
Poking KASLR using RDRAND RDTSC...
[    0.363924] ftrace: allocating 69757 entries in 274 pages
[    0.364872] ftrace: allocated 274 pages with 3 groups
[    0.366156] Dynamic Preempt: full
[    0.367013] Running RCU self tests
[    0.367600] Running RCU synchronous self tests
[    0.368361] rcu: Preemptible hierarchical RCU implementation.
[    0.369366] rcu: 	RCU event tracing is enabled.
[    0.370144] rcu: 	RCU lockdep checking is enabled.
[    0.371446] rcu: 	RCU restricting CPUs from NR_CPUS=128 to nr_cpu_ids=8.
[    0.373946] 	Trampoline variant of Tasks RCU enabled.
[    0.375696] 	Rude variant of Tasks RCU enabled.
[    0.376935] 	Tracing variant of Tasks RCU enabled.
[    0.377837] rcu: RCU calculated value of scheduler-enlistment delay is 100 jiffies.
[    0.379229] rcu: Adjusting geometry for rcu_fanout_leaf=16, nr_cpu_ids=8
[    0.380802] Running RCU synchronous self tests
[    0.381589] RCU Tasks: Setting shift to 3 and lim to 1 rcu_task_cb_adjust=1 rcu_task_cpu_ids=8.
[    0.383146] RCU Tasks Rude: Setting shift to 3 and lim to 1 rcu_task_cb_adjust=1 rcu_task_cpu_ids=8.
[    0.390606] NR_IRQS: 8448, nr_irqs: 488, preallocated irqs: 16
[    0.391999] rcu: srcu_init: Setting srcu_struct sizes based on contention.
[    0.393299] clocksource: jiffies: mask: 0xffffffff max_cycles: 0xffffffff, max_idle_ns: 1911260446275000 ns
[    0.395470] Console: colour *CGA 80x25
[    0.396255] printk: legacy console [ttyS0] enabled
[    0.396255] printk: legacy console [ttyS0] enabled
[    0.398032] printk: legacy bootconsole [earlyser0] disabled
[    0.398032] printk: legacy bootconsole [earlyser0] disabled
[    0.400053] Lock dependency validator: Copyright (c) 2006 Red Hat, Inc., Ingo Molnar
[    0.401514] ... MAX_LOCKDEP_SUBCLASSES:  8
[    0.402263] ... MAX_LOCK_DEPTH:          48
[    0.403041] ... MAX_LOCKDEP_KEYS:        8192
[    0.403812] ... CLASSHASH_SIZE:          4096
[    0.404582] ... MAX_LOCKDEP_ENTRIES:     32768
[    0.405418] ... MAX_LOCKDEP_CHAINS:      65536
[    0.406236] ... CHAINHASH_SIZE:          32768
[    0.407065]  memory used by lock dependency info: 6429 kB
[    0.408036]  memory used for stack traces: 4224 kB
[    0.408919]  per task-struct memory footprint: 1920 bytes
[    0.410033] ACPI: Core revision 20260408
[    0.410996] clocksource: hpet: mask: 0xffffffff max_cycles: 0xffffffff, max_idle_ns: 19112604467 ns
[    0.412888] APIC: Switch to symmetric I/O mode setup
[    0.414309] x2apic enabled
[    0.415392] APIC: Switched APIC routing to: physical x2apic
[    0.416456] kvm-guest: APIC: send_IPI_mask() replaced with kvm_send_ipi_mask()
[    0.417858] kvm-guest: APIC: send_IPI_mask_allbutself() replaced with kvm_send_ipi_mask_allbutself()
[    0.419631] kvm-guest: setup PV IPIs
[    0.422384] ..TIMER: vector=0x30 apic1=0 pin1=2 apic2=-1 pin2=-1
[    0.423576] clocksource: tsc-early: mask: 0xffffffffffffffff max_cycles: 0x31027285e94, max_idle_ns: 440795238296 ns
[    0.425550] Calibrating delay loop (skipped) preset value.. 6800.07 BogoMIPS (lpj=3400038)
[    0.426987] x86/cpu: User Mode Instruction Prevention (UMIP) activated
[    0.428966] Last level iTLB entries: 4KB 512, 2MB 255, 4MB 127
[    0.429548] Last level dTLB entries: 4KB 512, 2MB 255, 4MB 127, 1GB 0
[    0.430594] mitigations: Enabled attack vectors: user_kernel, user_user, SMT mitigations: auto
[    0.431547] Speculative Store Bypass: Mitigation: Speculative Store Bypass disabled via prctl
[    0.432550] Speculative Return Stack Overflow: IBPB-extending microcode not applied!
[    0.433546] Speculative Return Stack Overflow: WARNING: See https://kernel.org/doc/html/latest/admin-guide/hw-vuln/srso.html for mitigation options.
[    0.433549] Transient Scheduler Attacks: Vulnerable: No microcode
[    0.435547] Spectre V2 : Mitigation: Retpolines
[    0.436384] Speculative Return Stack Overflow: Vulnerable: Safe RET, no microcode
[    0.436547] Spectre V1 : Mitigation: usercopy/swapgs barriers and __user pointer sanitization
[    0.437547] Spectre V2 : Spectre v2 / SpectreRSB: Filling RSB on context switch and VMEXIT
[    0.438547] Spectre V2 : Enabling Restricted Speculation for firmware calls
[    0.439548] Spectre V2 : mitigation: Enabling conditional Indirect Branch Prediction Barrier
[    0.440548] active return thunk: srso_alias_return_thunk
[    0.441632] x86/fpu: Supporting XSAVE feature 0x001: 'x87 floating point registers'
[    0.442548] x86/fpu: Supporting XSAVE feature 0x002: 'SSE registers'
[    0.443547] x86/fpu: Supporting XSAVE feature 0x004: 'AVX registers'
[    0.444547] x86/fpu: xstate_offset[2]:  576, xstate_sizes[2]:  256
[    0.445547] x86/fpu: Enabled xstate features 0x7, context size is 832 bytes, using 'compacted' format.
[    0.479552] pid_max: default: 32768 minimum: 301
[    0.480832] SELinux:  Initializing.
[    0.482755] LSM support for eBPF active
[    0.483819] Mount-cache hash table entries: 8192 (order: 4, 65536 bytes, linear)
[    0.484689] Mountpoint-cache hash table entries: 8192 (order: 4, 65536 bytes, linear)
[    0.486988] VFS: Finished mounting rootfs on nullfs
[    0.489252] Running RCU synchronous self tests
[    0.489550] Running RCU synchronous self tests
[    0.491051] smpboot: CPU0: AMD Ryzen 9 5950X 16-Core Processor (family: 0x19, model: 0x21, stepping: 0x2)
[    0.493582] Performance Events: Fam17h+ core perfctr, AMD PMU driver.
[    0.494566] ... version:                   0
[    0.495497] ... bit width:                 48
[    0.495554] ... generic counters:          6
[    0.496474] ... generic bitmap:            000000000000003f
[    0.496554] ... fixed-purpose counters:    0
[    0.497469] ... fixed-purpose bitmap:      0000000000000000
[    0.497554] ... value mask:                0000ffffffffffff
[    0.498553] ... max period:                00007fffffffffff
[    0.499554] ... global_ctrl mask:          000000000000003f
[    0.500879] signal: max sigframe size: 1776
[    0.501722] rcu: Hierarchical SRCU implementation.
[    0.502556] rcu: 	Max phase no-delay instances is 400.
[    0.503856] Timer migration: 1 hierarchy levels; 8 children per group; 1 crossnode level
[    0.516292] smp: Bringing up secondary CPUs ...
[    0.519788] smpboot: x86: Booting SMP configuration:
[    0.520554] .... node  #0, CPUs:      #1 #2 #3 #4 #5 #6 #7
[    0.543948] smp: Brought up 1 node, 8 CPUs
[    0.545468] smpboot: Total of 8 processors activated (54400.60 BogoMIPS)
[    0.546934] Memory: 3963784K/4193784K available (25637K kernel code, 10348K rwdata, 18032K rodata, 4668K init, 13400K bss, 221944K reserved, 0K cma-reserved)
[    0.549554] devtmpfs: initialized
[    0.553878] Running RCU synchronous self tests
[    0.554591] Running RCU synchronous self tests
[    0.555665] Running RCU Tasks wait API self tests
[    0.556610] Running RCU Tasks Rude wait API self tests
[    0.557557] Running RCU Tasks Trace wait API self tests
[    0.558715] posixtimers hash table entries: 4096 (order: 7, 294912 bytes, linear)
[    0.560750] futex hash table entries: 2048 (262144 bytes on 1 NUMA nodes, total 256 KiB, linear).
[    0.562541] PM: RTC time: 16:39:23, date: 2026-08-02
[    0.563593] Callback from call_rcu_tasks_trace() invoked.
[    0.568479] NET: Registered PF_NETLINK/PF_ROUTE protocol family
[    0.569563] audit: initializing netlink subsys (disabled)
[    0.570649] audit: type=2000 audit(1785688764.793:1): state=initialized audit_enabled=0 res=1
[    0.592674] thermal_sys: Registered thermal governor 'step_wise'
[    0.592759] cpuidle: using governor ladder
[    0.594507] cpuidle: using governor menu
[    0.595781] Freeing SMP alternatives memory: 68K
[    0.597422] PCI: Using configuration type 1 for base access
[    0.597555] PCI: Using configuration type 1 for extended access
[    0.598735] kprobes: kprobe jump-optimization is enabled. All kprobes are optimized if possible.
[    0.600678] HugeTLB: registered 1.00 GiB page size, pre-allocated 0 pages
[    0.601558] HugeTLB: 16380 KiB vmemmap can be freed for a 1.00 GiB page
[    0.602565] HugeTLB: registered 2.00 MiB page size, pre-allocated 0 pages
[    0.603554] HugeTLB: 28 KiB vmemmap can be freed for a 2.00 MiB page
[    0.609407] ACPI: Added _OSI(Module Device)
[    0.609556] ACPI: Added _OSI(Processor Device)
[    0.610545] ACPI: Added _OSI(Processor Aggregator Device)
[    0.614050] ACPI: 1 ACPI AML tables successfully acquired and loaded
[    0.616845] ACPI: \_SB_: platform _OSC: OS support mask [002a7eee]
[    0.618301] ACPI: Interpreter enabled
[    0.618623] ACPI: PM: (supports S0 S3 S4 S5)
[    0.619545] ACPI: Using IOAPIC for interrupt routing
[    0.619607] PCI: Using host bridge windows from ACPI; if necessary, use "pci=nocrs" and report a bug
[    0.620555] PCI: Using E820 reservations for host bridge windows
[    0.621929] ACPI: Enabled 2 GPEs in block 00 to 0F
[    0.637504] ACPI: PCI Root Bridge [PCI0] (domain 0000 [bus 00-ff])
[    0.637560] acpi PNP0A03:00: _OSC: OS supports [ExtendedConfig ASPM ClockPM Segments MSI HPX-Type3]
[    0.638566] acpi PNP0A03:00: _OSC: OS requested [PME PCIeCapability LTR]
[    0.639556] acpi PNP0A03:00: _OSC: platform willing to grant [PME PCIeCapability LTR]
[    0.640556] acpi PNP0A03:00: _OSC: platform retains control of PCIe features (AE_ERROR)
[    0.642323] PCI host bridge to bus 0000:00
[    0.642564] pci_bus 0000:00: root bus resource [io  0x0000-0x0cf7 window]
[    0.643576] pci_bus 0000:00: root bus resource [io  0x0d00-0xffff window]
[    0.644555] pci_bus 0000:00: root bus resource [mem 0x000a0000-0x000bffff window]
[    0.645555] pci_bus 0000:00: root bus resource [mem 0xc0000000-0xfebfffff window]
[    0.646556] pci_bus 0000:00: root bus resource [mem 0x380000000000-0x38007fffffff window]
[    0.647556] pci_bus 0000:00: root bus resource [bus 00-ff]
[    0.648979] pci 0000:00:00.0: [8086:1237] type 00 class 0x060000 conventional PCI endpoint
[    0.651108] pci 0000:00:01.0: [8086:7000] type 00 class 0x060100 conventional PCI endpoint
[    0.652892] pci 0000:00:01.1: [8086:7010] type 00 class 0x010180 conventional PCI endpoint
[    0.654389] pci 0000:00:01.1: BAR 4 [io  0xc1c0-0xc1cf]
[    0.654631] pci 0000:00:01.1: BAR 0 [io  0x01f0-0x01f7]: legacy IDE quirk
[    0.655555] pci 0000:00:01.1: BAR 1 [io  0x03f6]: legacy IDE quirk
[    0.656556] pci 0000:00:01.1: BAR 2 [io  0x0170-0x0177]: legacy IDE quirk
[    0.657556] pci 0000:00:01.1: BAR 3 [io  0x0376]: legacy IDE quirk
[    0.659373] pci 0000:00:01.3: [8086:7113] type 00 class 0x068000 conventional PCI endpoint
[    0.660269] pci 0000:00:01.3: quirk: [io  0x0600-0x063f] claimed by PIIX4 ACPI
[    0.660576] pci 0000:00:01.3: quirk: [io  0x0700-0x070f] claimed by PIIX4 SMB
[    0.662545] pci 0000:00:02.0: [1af4:1009] type 00 class 0x000200 conventional PCI endpoint
[    0.663570] pci 0000:00:02.0: BAR 0 [io  0xc000-0xc03f]
[    0.664571] pci 0000:00:02.0: BAR 1 [mem 0xfebf8000-0xfebf8fff]
[    0.665617] pci 0000:00:02.0: BAR 4 [mem 0x380000000000-0x380000003fff 64bit pref]
[    0.669545] pci 0000:00:03.0: [8086:25ab] type 00 class 0x088000 conventional PCI endpoint
[    0.670538] pci 0000:00:03.0: BAR 0 [mem 0xfebf9000-0xfebf900f]
[    0.673124] pci 0000:00:04.0: [1af4:1003] type 00 class 0x078000 conventional PCI endpoint
[    0.674573] pci 0000:00:04.0: BAR 0 [io  0xc040-0xc07f]
[    0.675573] pci 0000:00:04.0: BAR 1 [mem 0xfebfa000-0xfebfafff]
[    0.676617] pci 0000:00:04.0: BAR 4 [mem 0x380000004000-0x380000007fff 64bit pref]
[    0.680674] pci 0000:00:05.0: [1af4:1003] type 00 class 0x078000 conventional PCI endpoint
[    0.682574] pci 0000:00:05.0: BAR 0 [io  0xc080-0xc0bf]
[    0.683571] pci 0000:00:05.0: BAR 1 [mem 0xfebfb000-0xfebfbfff]
[    0.684616] pci 0000:00:05.0: BAR 4 [mem 0x380000008000-0x38000000bfff 64bit pref]
[    0.688968] pci 0000:00:06.0: [1af4:1003] type 00 class 0x078000 conventional PCI endpoint
[    0.690571] pci 0000:00:06.0: BAR 0 [io  0xc0c0-0xc0ff]
[    0.691573] pci 0000:00:06.0: BAR 1 [mem 0xfebfc000-0xfebfcfff]
[    0.692617] pci 0000:00:06.0: BAR 4 [mem 0x38000000c000-0x38000000ffff 64bit pref]
[    0.696753] pci 0000:00:07.0: [1af4:1003] type 00 class 0x078000 conventional PCI endpoint
[    0.698553] pci 0000:00:07.0: BAR 0 [io  0xc100-0xc13f]
[    0.699572] pci 0000:00:07.0: BAR 1 [mem 0xfebfd000-0xfebfdfff]
[    0.700613] pci 0000:00:07.0: BAR 4 [mem 0x380000010000-0x380000013fff 64bit pref]
[    0.704925] pci 0000:00:08.0: [1af4:1003] type 00 class 0x078000 conventional PCI endpoint
[    0.706545] pci 0000:00:08.0: BAR 0 [io  0xc140-0xc17f]
[    0.706572] pci 0000:00:08.0: BAR 1 [mem 0xfebfe000-0xfebfefff]
[    0.707616] pci 0000:00:08.0: BAR 4 [mem 0x380000014000-0x380000017fff 64bit pref]
[    0.711689] pci 0000:00:09.0: [1af4:1003] type 00 class 0x078000 conventional PCI endpoint
[    0.713545] pci 0000:00:09.0: BAR 0 [io  0xc180-0xc1bf]
[    0.713571] pci 0000:00:09.0: BAR 1 [mem 0xfebff000-0xfebfffff]
[    0.714615] pci 0000:00:09.0: BAR 4 [mem 0x380000018000-0x38000001bfff 64bit pref]
[    0.723682] ACPI: PCI: Interrupt link LNKA configured for IRQ 10
[    0.724819] ACPI: PCI: Interrupt link LNKB configured for IRQ 10
[    0.725827] ACPI: PCI: Interrupt link LNKC configured for IRQ 11
[    0.726852] ACPI: PCI: Interrupt link LNKD configured for IRQ 11
[    0.727684] ACPI: PCI: Interrupt link LNKS configured for IRQ 9
[    0.730580] iommu: Default domain type: Translated
[    0.731554] iommu: DMA domain TLB invalidation policy: lazy mode
[    0.733940] SCSI subsystem initialized
[    0.734629] libata version 3.00 loaded.
[    0.735740] ACPI: bus type USB registered
[    0.736674] usbcore: registered new interface driver usbfs
[    0.737630] usbcore: registered new interface driver hub
[    0.738594] usbcore: registered new device driver usb
[    0.739743] pps_core: LinuxPPS API ver. 1 registered
[    0.740555] pps_core: Software ver. 5.3.6 - Copyright 2005-2007 Rodolfo Giometti <giometti@linux.it>
[    0.741583] PTP clock support registered
[    0.743053] Advanced Linux Sound Architecture Driver Initialized.
[    0.744793] NetLabel: Initializing
[    0.745545] NetLabel:  domain hash size = 128
[    0.745555] NetLabel:  protocols = UNLABELED CIPSOv4 CALIPSO
[    0.746603] NetLabel:  unlabeled traffic allowed by default
[    0.747888] PCI: Using ACPI for IRQ routing
[    0.748557] PCI: pci_cache_line_size set to 64 bytes
[    0.749930] e820: register RAM buffer resource [mem 0x0009fc00-0x0009ffff]
[    0.750556] e820: register RAM buffer resource [mem 0xbffe0000-0xbfffffff]
[    0.751705] vgaarb: loaded
[    0.752343] hpet0: at MMIO 0xfed00000, IRQs 2, 8, 0
[    0.752555] hpet0: 3 comparators, 64-bit 100.000000 MHz counter
[    0.756901] clocksource: Switched to clocksource kvm-clock
[    0.759065] VFS: Disk quotas dquot_6.6.0
[    0.759974] VFS: Dquot-cache hash table entries: 512 (4096 bytes)
[    0.762644] Callback from call_rcu_tasks() invoked.
[    0.762682] pnp: PnP ACPI init
[    0.764991] pnp 00:02: [dma 2]
[    0.766550] pnp: PnP ACPI: found 4 devices
[    0.784781] clocksource: acpi_pm: mask: 0xffffff max_cycles: 0xffffff, max_idle_ns: 2085701024 ns
[    0.787031] NET: Registered PF_INET protocol family
[    0.789262] IP idents hash table entries: 65536 (order: 7, 524288 bytes, linear)
[    0.793503] tcp_listen_portaddr_hash hash table entries: 2048 (order: 6, 147456 bytes, linear)
[    0.795694] Table-perturb hash table entries: 65536 (order: 6, 262144 bytes, linear)
[    0.797378] TCP established hash table entries: 32768 (order: 6, 262144 bytes, linear)
[    0.799664] TCP bind hash table entries: 32768 (order: 11, 4718592 bytes, vmalloc hugepage)
[    0.811086] TCP: Hash tables configured (established 32768 bind 32768)
[    0.814088] MPTCP token hash table entries: 4096 (order: 7, 360448 bytes, linear)
[    0.815841] UDP hash table entries: 2048 (order: 7, 524288 bytes, linear)
[    0.818580] NET: Registered PF_UNIX/PF_LOCAL protocol family
[    0.821003] RPC: Registered named UNIX socket transport module.
[    0.822524] RPC: Registered udp transport module.
[    0.823785] RPC: Registered tcp transport module.
[    0.824884] RPC: Registered tcp-with-tls transport module.
[    0.826050] RPC: Registered tcp NFSv4.1 backchannel transport module.
[    0.828417] NET: Registered PF_XDP protocol family
[    0.829530] pci_bus 0000:00: resource 4 [io  0x0000-0x0cf7 window]
[    0.830879] pci_bus 0000:00: resource 5 [io  0x0d00-0xffff window]
[    0.832218] pci_bus 0000:00: resource 6 [mem 0x000a0000-0x000bffff window]
[    0.833711] pci_bus 0000:00: resource 7 [mem 0xc0000000-0xfebfffff window]
[    0.835186] pci_bus 0000:00: resource 8 [mem 0x380000000000-0x38007fffffff window]
[    0.836954] pci 0000:00:01.0: PIIX3: Enabling Passive Release
[    0.838273] pci 0000:00:00.0: Limiting direct PCI/PCI transfers
[    0.839758] PCI: CLS 0 bytes, default 64
[    0.841197] PCI-DMA: Using software bounce buffering for IO (SWIOTLB)
[    0.842650] software IO TLB: mapped [mem 0x00000000bbfe0000-0x00000000bffe0000] (64MB)
[    0.845409] clocksource: tsc: mask: 0xffffffffffffffff max_cycles: 0x31027285e94, max_idle_ns: 440795238296 ns
[    0.857044] Initialise system trusted keyrings
[    0.858511] workingset: timestamp_bits=40 (anon: 35) max_order=20 bucket_order=0 (anon: 0)
[    0.861299] squashfs: version 4.0 (2009/01/31) Phillip Lougher
[    0.863216] NFS: Registering the id_resolver key type
[    0.864688] Key type id_resolver registered
[    0.865657] Key type id_legacy registered
[    0.866592] nfs4filelayout_init: NFSv4 File Layout Driver Registering...
[    0.868121] nfs4flexfilelayout_init: NFSv4 Flexfile Layout Driver Registering...
[    0.869962] fuse: init (API version 7.45)
[    0.871187] 9p: Installing v9fs 9p2000 file system support
[    0.874210] NET: Registered PF_ALG protocol family
[    0.875296] Key type asymmetric registered
[    0.876206] Asymmetric key parser 'x509' registered
[    0.877418] Block layer SCSI generic (bsg) driver version 0.4 loaded (major 248)
[    0.879583] io scheduler mq-deadline registered
[    0.880831] io scheduler kyber registered
[    0.883217] input: Power Button as /devices/platform/LNXPWRBN:00/input/input0
[    0.885103] ACPI: button: Power Button [PWRF]
[    1.015949] ACPI: \_SB_.LNKB: Enabled at IRQ 10
[    1.145456] ACPI: \_SB_.LNKD: Enabled at IRQ 11
[    1.273638] ACPI: \_SB_.LNKA: Enabled at IRQ 10
[    1.427062] kwatchdog (98) used greatest stack depth: 14776 bytes left
[    1.524654] ACPI: \_SB_.LNKC: Enabled at IRQ 11
[    1.778573] Serial: 8250/16550 driver, 4 ports, IRQ sharing enabled
[    1.781417] 00:03: ttyS0 at I/O 0x3f8 (irq = 4, base_baud = 115200) is a 16550A
[    1.976822] Non-volatile memory driver v1.3
[    1.979144] ACPI: bus type drm_connector registered
[    2.001793] brd: module loaded
[    2.015965] loop: module loaded
[    2.021291] scsi host0: ata_piix
[    2.023049] scsi host1: ata_piix
[    2.024078] ata1: PATA max MWDMA2 cmd 0x1f0 ctl 0x3f6 bmdma 0xc1c0 irq 14 lpm-pol 0
[    2.025823] ata2: PATA max MWDMA2 cmd 0x170 ctl 0x376 bmdma 0xc1c8 irq 15 lpm-pol 0
[    2.032003] tun: Universal TUN/TAP device driver, 1.6
[    2.033700] e100: Intel(R) PRO/100 Network Driver
[    2.034825] e100: Copyright(c) 1999-2006 Intel Corporation
[    2.036118] e1000: Intel(R) PRO/1000 Network Driver
[    2.037238] e1000: Copyright (c) 1999-2006 Intel Corporation.
[    2.038637] e1000e: Intel(R) PRO/1000 Network Driver
[    2.039739] e1000e: Copyright(c) 1999 - 2015 Intel Corporation.
[    2.041147] sky2: driver version 1.30
[    2.043190] usbcore: registered new interface driver usblp
[    2.044480] usbcore: registered new interface driver usb-storage
[    2.045933] i8042: PNP: PS/2 Controller [PNP0303:KBD,PNP0f13:MOU] at 0x60,0x64 irq 1,12
[    2.049202] serio: i8042 KBD port at 0x60,0x64 irq 1
[    2.050820] serio: i8042 AUX port at 0x60,0x64 irq 12
[    2.053166] rtc_cmos PNP0B00:00: RTC can wake from S4
[    2.056489] input: AT Translated Set 2 keyboard as /devices/platform/i8042/serio0/input/input1
[    2.059364] rtc_cmos PNP0B00:00: registered as rtc0
[    2.060841] rtc_cmos PNP0B00:00: alarms up to one day, y3k, 242 bytes nvram, hpet irqs
[    2.062921] Registered IR keymap rc-empty
[    2.064379] rc rc0: rc-core loopback device as /devices/virtual/rc/rc0
[    2.067128] rc rc0: lirc_dev: driver rc-loopback registered at minor = 0, raw IR receiver, raw IR transmitter
[    2.070950] input: rc-core loopback device as /devices/virtual/rc/rc0/input2
[    2.073967] intel_powerclamp: CPU does not support MWAIT
[    2.075209] device-mapper: core: CONFIG_IMA_DISABLE_HTABLE is disabled. Duplicate IMA measurements will not be recorded in the IMA log.
[    2.078412] device-mapper: ioctl: 4.50.0-ioctl (2025-04-28) initialised: dm-devel@lists.linux.dev
[    2.080371] amd_pstate: the _CPC object is not present in SBIOS or ACPI disabled
[    2.082830] hid: raw HID events driver (C) Jiri Kosina
[    2.085833] usbcore: registered new interface driver usbhid
[    2.087079] usbhid: USB HID core driver
[    2.089258] GACT probability NOT on
[    2.090088] Mirror/redirect action on
[    2.092379] nf_conntrack_irc: The irc conntrack helper is scheduled for removal.
[    2.092379] Please contact the netfilter-devel mailing list if you still need this.
[    2.097350] ipip: IPv4 and MPLS over IPv4 tunneling driver
[    2.099457] gre: GRE over IPv4 demultiplexer driver
[    2.100516] ip_gre: GRE over IPv4 tunneling driver
[    2.104231] Initializing XFRM netlink socket
[    2.105244] IPsec XFRM device driver
[    2.106142] NET: Registered PF_INET6 protocol family
[    2.109187] Segment Routing with IPv6
[    2.110045] In-situ OAM (IOAM) with IPv6
[    2.110980] mip6: Mobile IPv6
[    2.111687] sit: IPv6, IPv4 and MPLS over IPv4 tunneling driver
[    2.114582] ip6_gre: GRE over IPv6 tunneling driver
[    2.116566] NET: Registered PF_PACKET protocol family
[    2.117818] RPC: Registered rdma transport module.
[    2.118882] RPC: Registered rdma backchannel transport module.
[    2.120473] 8021q: 802.1Q VLAN Support v1.8
[    2.121972] smc: adding smcd device lo without pnetid
[    2.123321] NET: Registered PF_SMC protocol family
[    2.124814] 9pnet: Installing 9P2000 support
[    2.127401] Key type dns_resolver registered
[    2.128630] NET: Registered PF_VSOCK protocol family
[    2.129880] mpls_gso: MPLS GSO support
[    2.134274] IPI shorthand broadcast: enabled
[    2.179516] sched_clock: Marking stable (2154079021, 25245830)->(2301713550, -122388699)
[    2.183241] registered taskstats version 1
[    2.186631] ata2: found unknown device (class 0)
[    2.188987] ata2.00: ATAPI: QEMU DVD-ROM, 2.5+, max UDMA/100
[    2.192933] scsi 1:0:0:0: CD-ROM            QEMU     QEMU DVD-ROM     2.5+ PQ: 0 ANSI: 5
[    2.200693] Loading compiled-in X.509 certificates
[    2.202414] kworker/u32:1 (119) used greatest stack depth: 13008 bytes left
[    2.203863] Loaded X.509 cert 'Build time autogenerated kernel key: c4531344b9a9c1a4731230d977a262ba29ba5272'
[    2.225261] sr 1:0:0:0: [sr0] scsi3-mmc drive: 4x/4x cd/rw xa/form2 tray
[    2.244633] Demotion targets for Node 0: null
[    2.246341] ima: No TPM chip found, activating TPM-bypass!
[    2.247579] ima: Allocated hash algorithm: sha1
[    2.248919] ima: No architecture policies found
[    2.249197] cdrom: Uniform CD-ROM driver Revision: 3.20
[    2.251025] PM:   Magic number: 6:990:690
[    2.252448] mem mem: hash matches
[    2.253400] netconsole: network logging started
[    2.255112] cfg80211: Loading compiled-in X.509 certificates for regulatory database
[    2.258064] Loaded X.509 cert 'sforshee: 00b28ddf47aef9cea7'
[    2.259823] Loaded X.509 cert 'wens: 61c038651aabdcf94bd0ac7ff06c7248db18c600'
[    2.262513] faux_driver regulatory: Direct firmware load for regulatory.db failed with error -2
[    2.263139] sr 1:0:0:0: Attached scsi CD-ROM sr0
[    2.264490] cfg80211: failed to load regulatory.db
[    2.264672] ALSA device list:
[    2.264696]   No soundcards found.
[    2.266892] sr 1:0:0:0: Attached scsi generic sg0 type 5
[    2.488854] input: ImExPS/2 Generic Explorer Mouse as /devices/platform/i8042/serio1/input/input4
[    2.491018] md: Skipping autodetection of RAID arrays. (raid=autodetect will force)
[    2.492423] 9p: Bad value for 'source'
[    2.493039] 9pnet: Limiting 'msize' to 512000 as this is the maximum supported by transport virtio
[    2.496736] VFS: Mounted root (9p filesystem) on device 0:22.
[    2.498474] devtmpfs: mounted
[    2.499400] VFS: Pivoted into new rootfs
[    2.504717] Freeing unused kernel image (initmem) memory: 4668K
[    2.505567] Write protecting the kernel read-only data: 45056k
[    2.507529] Freeing unused kernel image (text/rodata gap) memory: 984K
[    2.508912] Freeing unused kernel image (rodata/data gap) memory: 400K
[    2.546925] x86/mm: Checked W+X mappings: passed, no W+X pages found.
[    2.547848] Run /home/prozak/.local/share/vng-venv/lib/python3.12/site-packages/virtme/guest/bin/virtme-ng-init as init process
[    2.549420]   with arguments:
[    2.549850]     /home/prozak/.local/share/vng-venv/lib/python3.12/site-packages/virtme/guest/bin/virtme-ng-init
[    2.551260]   with environment:
[    2.551701]     HOME=/
[    2.552033]     TERM=linux
[    2.552437]     virtme_hostname=virtme-ng
[    2.552974]     nr_open=1048576
[    2.553455]     virtme_link_mods=/home/prozak/sources/heimdall_experiment/uml-harness/.build/bpf-next-x86/.virtme_mods/lib/modules/0.0.0
[    2.555077]     virtme_rw_overlay0=/tmp
[    2.555639]     virtme_console=ttyS0
[    2.556127]     virtme_chdir=home/prozak/sources/heimdall_experiment/uml-harness/.build/selftests-output-qemu
[    2.645207] virtme-ng-init: mount devtmpfs -> /dev: EBUSY: Device or resource busy
[    2.647156] virtme-ng-init: Setting hostname to virtme-ng...
[    2.689176] virtme-ng-init: running systemd-tmpfiles
[    4.004546] systemd-tmpfile (127) used greatest stack depth: 12504 bytes left
[    4.004695] virtme-ng-init: basic initialization done
[    4.022165] virtme-ng-init: error creating file: Permission denied (os error 13)
[    4.100551] ip (132) used greatest stack depth: 11848 bytes left
[    4.221803] virtme-ng-init: Starting systemd-udevd version 255.4-1ubuntu8.16
[    4.223913] virtme-ng-init: triggering udev coldplug
[    7.306127] virtme-ng-init: waiting for udev to settle
[    8.068152] virtme-ng-init: udev is done
[    8.072834] virtme-ng-init: starting script
[    8.291656] bpf_testmod: loading out-of-tree module taints kernel.
[    8.292609] bpf_testmod: module verification failed: signature and/or required key missing - tainting kernel
[    8.761719] smc: removing smcd device lo
[    8.776498] ACPI: PM: Preparing to enter system sleep state S5
[    8.777565] reboot: Power down
