#159/1   htab_update/reenter_update:OK
#159/2   htab_update/concurrent_update:OK
#159     htab_update:OK
Summary: 1/2 PASSED, 0 SKIPPED, 0 FAILED
15c3b21
output: 0x0000000001000000
output_len: 0x00000000045c1650
kernel_total_size: 0x0000000004f8d000
needed_size: 0x0000000005000000
trampoline_32bit: 0x0000000000000000
Physical KASLR using RDRAND RDTSC...
Virtual KASLR using RDRAND RDTSC...

Decompressing Linux... Parsing ELF... Performing relocations... done.
Booting the kernel (entry_offset: 0x0000000003db5740).
[    0.000000] Linux version 7.2.0-rc1-g5e2f4aad04e2 (prozak@powertower) (gcc (Ubuntu 13.3.0-6ubuntu2~24.04.1) 13.3.0, GNU ld (GNU Binutils for Ubuntu) 2.42) #3 SMP PREEMPT_DYNAMIC Sun Aug  2 09:03:43 PDT 2026
[    0.000000] Command line: virtme_hostname=virtme-ng nr_open=1048576 virtme_link_mods=/home/prozak/sources/heimdall_experiment/uml-harness/.build/bpf-next-x86/.virtme_mods/lib/modules/0.0.0 virtme_rw_overlay0=/tmp virtme_console=ttyS0 console=ttyS0 earlyprintk=serial,ttyS0,115200 panic=-1 virtme.exec=`Li90ZXN0X3Byb2dzIC10ICdodGFiX3VwZGF0ZSc=` virtme_chdir=home/prozak/sources/heimdall_experiment/uml-harness/.build/selftests-output-qemu rootfstype=9p rootflags=version=9p2000.L,trans=virtio,access=any,msize=524288 raid=noautodetect rw debug init=/home/prozak/.local/share/vng-venv/lib/python3.12/site-packages/virtme/guest/bin/virtme-ng-init
[    0.000000] x86 CPU feature dependency check failure: CPU0 has '18*32+31' enabled but '18*32+26' disabled. Kernel might be fine, but no guarantees.
[    0.000000] BIOS-provided physical RAM map:
[    0.000000] BIOS-e820: [mem 0x0000000000000000-0x000000000009fbff]  System RAM
[    0.000000] BIOS-e820: [mem 0x000000000009fc00-0x000000000009ffff]  device reserved
[    0.000000] BIOS-e820: [gap 0x00000000000a0000-0x00000000000effff]
[    0.000000] BIOS-e820: [mem 0x00000000000f0000-0x00000000000fffff]  device reserved
[    0.000000] BIOS-e820: [mem 0x0000000000100000-0x00000000bffdffff]  System RAM
[    0.000000] BIOS-e820: [mem 0x00000000bffe0000-0x00000000bfffffff]  device reserved
[    0.000000] BIOS-e820: [gap 0x00000000c0000000-0x00000000feffbfff]
[    0.000000] BIOS-e820: [mem 0x00000000feffc000-0x00000000feffffff]  device reserved
[    0.000000] BIOS-e820: [gap 0x00000000ff000000-0x00000000fffbffff]
[    0.000000] BIOS-e820: [mem 0x00000000fffc0000-0x00000000ffffffff]  device reserved
[    0.000000] BIOS-e820: [mem 0x0000000100000000-0x000000013fffffff]  System RAM
[    0.000000] BIOS-e820: [gap 0x0000000140000000-0x000000fcffffffff]
[    0.000000] BIOS-e820: [mem 0x000000fd00000000-0x000000ffffffffff]  device reserved
[    0.000000] printk: legacy bootconsole [earlyser0] enabled
[    0.000000] NX (Execute Disable) protection: active
[    0.000000] APIC: Static calls initialized
[    0.000000] DMI: SMBIOS 3.0.0 present.
[    0.000000] DMI: QEMU Ubuntu 24.04 PC v2 (i440FX + PIIX, arch_caps fix, 1996), BIOS 1.16.3-debian-1.16.3-2 04/01/2014
[    0.000000] DMI: Memory slots populated: 1/1
[    0.000000] Hypervisor detected: KVM
[    0.000000] last_pfn = 0xbffe0 max_arch_pfn = 0x400000000
[    0.000000] kvm-clock: Using msrs 4b564d01 and 4b564d00
[    0.000001] kvm-clock: using sched offset of 465173416 cycles
[    0.000967] clocksource: kvm-clock: mask: 0xffffffffffffffff max_cycles: 0x1cd42e4dffb, max_idle_ns: 881590591483 ns
[    0.003794] tsc: Detected 3400.038 MHz processor
[    0.004995] e820: update [mem 0x00000000-0x00000fff] System RAM ==> device reserved
[    0.006350] e820: remove [mem 0x000a0000-0x000fffff] System RAM
[    0.007405] last_pfn = 0x140000 max_arch_pfn = 0x400000000
[    0.008492] MTRR map: 4 entries (3 fixed + 1 variable; max 19), built from 8 variable MTRRs
[    0.009961] x86/PAT: Configuration [0-7]: WB  WC  UC- UC  WB  WP  UC- WT  
Memory KASLR using RDRAND RDTSC...
[    0.011847] last_pfn = 0xbffe0 max_arch_pfn = 0x400000000
[    0.013996] found SMP MP-table at [mem 0x000f5450-0x000f545f]
[    0.015014] Using GB pages for direct mapping
[    0.015917] ACPI: Early table checksum verification disabled
[    0.016920] ACPI: RSDP 0x00000000000F5240 000014 (v00 BOCHS )
[    0.017916] ACPI: RSDT 0x00000000BFFE1F16 000034 (v01 BOCHS  BXPC     00000001 BXPC 00000001)
[    0.019410] ACPI: FACP 0x00000000BFFE1D92 000074 (v01 BOCHS  BXPC     00000001 BXPC 00000001)
[    0.020973] ACPI: DSDT 0x00000000BFFE0040 001D52 (v01 BOCHS  BXPC     00000001 BXPC 00000001)
[    0.022486] ACPI: FACS 0x00000000BFFE0000 000040
[    0.023308] ACPI: APIC 0x00000000BFFE1E06 0000B0 (v03 BOCHS  BXPC     00000001 BXPC 00000001)
[    0.024807] ACPI: HPET 0x00000000BFFE1EB6 000038 (v01 BOCHS  BXPC     00000001 BXPC 00000001)
[    0.026320] ACPI: WAET 0x00000000BFFE1EEE 000028 (v01 BOCHS  BXPC     00000001 BXPC 00000001)
[    0.027813] ACPI: Reserving FACP table memory at [mem 0xbffe1d92-0xbffe1e05]
[    0.029097] ACPI: Reserving DSDT table memory at [mem 0xbffe0040-0xbffe1d91]
[    0.030344] ACPI: Reserving FACS table memory at [mem 0xbffe0000-0xbffe003f]
[    0.031551] ACPI: Reserving APIC table memory at [mem 0xbffe1e06-0xbffe1eb5]
[    0.032806] ACPI: Reserving HPET table memory at [mem 0xbffe1eb6-0xbffe1eed]
[    0.034051] ACPI: Reserving WAET table memory at [mem 0xbffe1eee-0xbffe1f15]
[    0.035737] No NUMA configuration found
[    0.036427] Faking a node at [mem 0x0000000000000000-0x000000013fffffff]
[    0.037633] NODE_DATA(0) allocated [mem 0x13fff9c80-0x13fffdfff]
[    0.039512] ACPI: PM-Timer IO Port: 0x608
[    0.040239] ACPI: LAPIC_NMI (acpi_id[0xff] dfl dfl lint[0x1])
[    0.041302] IOAPIC[0]: apic_id 0, version 17, address 0xfec00000, GSI 0-23
[    0.042502] ACPI: INT_SRC_OVR (bus 0 bus_irq 0 global_irq 2 dfl dfl)
[    0.043590] ACPI: INT_SRC_OVR (bus 0 bus_irq 5 global_irq 5 high level)
[    0.044756] ACPI: INT_SRC_OVR (bus 0 bus_irq 9 global_irq 9 high level)
[    0.045904] ACPI: INT_SRC_OVR (bus 0 bus_irq 10 global_irq 10 high level)
[    0.047083] ACPI: INT_SRC_OVR (bus 0 bus_irq 11 global_irq 11 high level)
[    0.048266] ACPI: Using ACPI (MADT) for SMP configuration information
[    0.049403] ACPI: HPET id: 0x8086a201 base: 0xfed00000
[    0.050305] TSC deadline timer available
[    0.050978] CPU topo: Max. logical packages:   1
[    0.051767] CPU topo: Max. logical nodes:      1
[    0.052574] CPU topo: Num. nodes per package:  1
[    0.053432] CPU topo: Max. logical dies:       1
[    0.054267] CPU topo: Max. dies per package:   1
[    0.055076] CPU topo: Max. threads per core:   1
[    0.055865] CPU topo: Num. cores per package:     8
[    0.056717] CPU topo: Num. threads per package:   8
[    0.057570] CPU topo: Allowing 8 present CPUs plus 0 hotplug CPUs
[    0.058699] kvm-guest: APIC: eoi() replaced with kvm_guest_apic_eoi_write()
[    0.059939] kvm-guest: KVM setup pv remote TLB flush
[    0.060816] kvm-guest: setup PV sched yield
[    0.061543] PM: hibernation: Registered nosave memory: [mem 0x00000000-0x00000fff]
[    0.062886] PM: hibernation: Registered nosave memory: [mem 0x0009f000-0x000fffff]
[    0.064183] PM: hibernation: Registered nosave memory: [mem 0xbffe0000-0xffffffff]
[    0.065498] [gap 0xc0000000-0xfeffbfff] available for PCI devices
[    0.066595] Booting paravirtualized kernel on KVM
[    0.067402] clocksource: refined-jiffies: mask: 0xffffffff max_cycles: 0xffffffff, max_idle_ns: 1910969940391419 ns
[    0.073843] Zone ranges:
[    0.074332]   DMA      [mem 0x0000000000001000-0x0000000000ffffff]
[    0.075431]   DMA32    [mem 0x0000000001000000-0x00000000ffffffff]
[    0.076543]   Normal   [mem 0x0000000100000000-0x000000013fffffff]
[    0.077646] Movable zone start for each node
[    0.078413] Early memory node ranges
[    0.079029]   node   0: [mem 0x0000000000001000-0x000000000009efff]
[    0.080126]   node   0: [mem 0x0000000000100000-0x00000000bffdffff]
[    0.081222]   node   0: [mem 0x0000000100000000-0x000000013fffffff]
[    0.082323] Initmem setup node 0 [mem 0x0000000000001000-0x000000013fffffff]
[    0.083582] On node 0, zone DMA: 1 pages in unavailable ranges
[    0.085133] On node 0, zone DMA: 97 pages in unavailable ranges
[    0.217474] On node 0, zone Normal: 32 pages in unavailable ranges
[    0.218618] setup_percpu: NR_CPUS:128 nr_cpumask_bits:8 nr_cpu_ids:8 nr_node_ids:1
[    0.224005] percpu: Embedded 58 pages/cpu s199696 r8192 d29680 u262144
[    0.225164] pcpu-alloc: s199696 r8192 d29680 u262144 alloc=1*2097152
[    0.226254] pcpu-alloc: [0] 0 1 2 3 4 5 6 7 
[    0.227104] Kernel command line: virtme_hostname=virtme-ng nr_open=1048576 virtme_link_mods=/home/prozak/sources/heimdall_experiment/uml-harness/.build/bpf-next-x86/.virtme_mods/lib/modules/0.0.0 virtme_rw_overlay0=/tmp virtme_console=ttyS0 console=ttyS0 earlyprintk=serial,ttyS0,115200 panic=-1 virtme.exec=`Li90ZXN0X3Byb2dzIC10ICdodGFiX3VwZGF0ZSc=` virtme_chdir=home/prozak/sources/heimdall_experiment/uml-harness/.build/selftests-output-qemu rootfstype=9p rootflags=version=9p2000.L,trans=virtio,access=any,msize=524288 raid=noautodetect rw debug init=/home/prozak/.local/share/vng-venv/lib/python3.12/site-packages/virtme/guest/bin/virtme-ng-init
[    0.237192] Unknown kernel command line parameters "virtme_hostname=virtme-ng nr_open=1048576 virtme_link_mods=/home/prozak/sources/heimdall_experiment/uml-harness/.build/bpf-next-x86/.virtme_mods/lib/modules/0.0.0 virtme_rw_overlay0=/tmp virtme_console=ttyS0 virtme_chdir=home/prozak/sources/heimdall_experiment/uml-harness/.build/selftests-output-qemu", will be passed to user space.
[    0.243192] random: crng init done
[    0.243780] printk: log buffer data + meta data: 2097152 + 7340032 = 9437184 bytes
[    0.253390] Dentry cache hash table entries: 524288 (order: 10, 4194304 bytes, linear)
[    0.258781] Inode-cache hash table entries: 262144 (order: 9, 2097152 bytes, linear)
[    0.260327] software IO TLB: area num 8.
[    0.392326] Fallback order for Node 0: 0 
[    0.392331] Built 1 zonelists, mobility grouping on.  Total pages: 1048446
[    0.394405] Policy zone: Normal
[    0.395022] mem auto-init: stack:all(zero), heap alloc:off, heap free:off
[    0.401536] SLUB: HWalign=64, Order=0-3, MinObjects=0, CPUs=8, Nodes=1
Poking KASLR using RDRAND RDTSC...
[    0.417906] ftrace: allocating 69757 entries in 274 pages
[    0.418889] ftrace: allocated 274 pages with 3 groups
[    0.420392] Dynamic Preempt: full
[    0.421392] Running RCU self tests
[    0.422009] Running RCU synchronous self tests
[    0.422800] rcu: Preemptible hierarchical RCU implementation.
[    0.423881] rcu: 	RCU event tracing is enabled.
[    0.424703] rcu: 	RCU lockdep checking is enabled.
[    0.425577] rcu: 	RCU restricting CPUs from NR_CPUS=128 to nr_cpu_ids=8.
[    0.426773] 	Trampoline variant of Tasks RCU enabled.
[    0.427729] 	Rude variant of Tasks RCU enabled.
[    0.428537] 	Tracing variant of Tasks RCU enabled.
[    0.429415] rcu: RCU calculated value of scheduler-enlistment delay is 100 jiffies.
[    0.430778] rcu: Adjusting geometry for rcu_fanout_leaf=16, nr_cpu_ids=8
[    0.432054] Running RCU synchronous self tests
[    0.432851] RCU Tasks: Setting shift to 3 and lim to 1 rcu_task_cb_adjust=1 rcu_task_cpu_ids=8.
[    0.434470] RCU Tasks Rude: Setting shift to 3 and lim to 1 rcu_task_cb_adjust=1 rcu_task_cpu_ids=8.
[    0.442112] NR_IRQS: 8448, nr_irqs: 488, preallocated irqs: 16
[    0.443512] rcu: srcu_init: Setting srcu_struct sizes based on contention.
[    0.444792] clocksource: jiffies: mask: 0xffffffff max_cycles: 0xffffffff, max_idle_ns: 1911260446275000 ns
[    0.446892] Console: colour *CGA 80x25
[    0.447631] printk: legacy console [ttyS0] enabled
[    0.447631] printk: legacy console [ttyS0] enabled
[    0.449409] printk: legacy bootconsole [earlyser0] disabled
[    0.449409] printk: legacy bootconsole [earlyser0] disabled
[    0.451438] Lock dependency validator: Copyright (c) 2006 Red Hat, Inc., Ingo Molnar
[    0.452826] ... MAX_LOCKDEP_SUBCLASSES:  8
[    0.453575] ... MAX_LOCK_DEPTH:          48
[    0.454340] ... MAX_LOCKDEP_KEYS:        8192
[    0.455117] ... CLASSHASH_SIZE:          4096
[    0.455916] ... MAX_LOCKDEP_ENTRIES:     32768
[    0.456751] ... MAX_LOCKDEP_CHAINS:      65536
[    0.457592] ... CHAINHASH_SIZE:          32768
[    0.458426]  memory used by lock dependency info: 6429 kB
[    0.459445]  memory used for stack traces: 4224 kB
[    0.460306]  per task-struct memory footprint: 1920 bytes
[    0.461377] ACPI: Core revision 20260408
[    0.462330] clocksource: hpet: mask: 0xffffffff max_cycles: 0xffffffff, max_idle_ns: 19112604467 ns
[    0.464181] APIC: Switch to symmetric I/O mode setup
[    0.465573] x2apic enabled
[    0.466625] APIC: Switched APIC routing to: physical x2apic
[    0.467706] kvm-guest: APIC: send_IPI_mask() replaced with kvm_send_ipi_mask()
[    0.469064] kvm-guest: APIC: send_IPI_mask_allbutself() replaced with kvm_send_ipi_mask_allbutself()
[    0.470855] kvm-guest: setup PV IPIs
[    0.473663] ..TIMER: vector=0x30 apic1=0 pin1=2 apic2=-1 pin2=-1
[    0.474848] clocksource: tsc-early: mask: 0xffffffffffffffff max_cycles: 0x31027285e94, max_idle_ns: 440795238296 ns
[    0.476821] Calibrating delay loop (skipped) preset value.. 6800.07 BogoMIPS (lpj=3400038)
[    0.479106] x86/cpu: User Mode Instruction Prevention (UMIP) activated
[    0.480112] Last level iTLB entries: 4KB 512, 2MB 255, 4MB 127
[    0.480818] Last level dTLB entries: 4KB 512, 2MB 255, 4MB 127, 1GB 0
[    0.481826] mitigations: Enabled attack vectors: user_kernel, user_user, SMT mitigations: auto
[    0.482819] Speculative Store Bypass: Mitigation: Speculative Store Bypass disabled via prctl
[    0.483818] Speculative Return Stack Overflow: IBPB-extending microcode not applied!
[    0.484818] Speculative Return Stack Overflow: WARNING: See https://kernel.org/doc/html/latest/admin-guide/hw-vuln/srso.html for mitigation options.
[    0.484820] Transient Scheduler Attacks: Vulnerable: No microcode
[    0.486818] Spectre V2 : Mitigation: Retpolines
[    0.487818] Speculative Return Stack Overflow: Vulnerable: Safe RET, no microcode
[    0.488819] Spectre V1 : Mitigation: usercopy/swapgs barriers and __user pointer sanitization
[    0.489818] Spectre V2 : Spectre v2 / SpectreRSB: Filling RSB on context switch and VMEXIT
[    0.490818] Spectre V2 : Enabling Restricted Speculation for firmware calls
[    0.491821] Spectre V2 : mitigation: Enabling conditional Indirect Branch Prediction Barrier
[    0.492819] active return thunk: srso_alias_return_thunk
[    0.493882] x86/fpu: Supporting XSAVE feature 0x001: 'x87 floating point registers'
[    0.494818] x86/fpu: Supporting XSAVE feature 0x002: 'SSE registers'
[    0.495818] x86/fpu: Supporting XSAVE feature 0x004: 'AVX registers'
[    0.496818] x86/fpu: xstate_offset[2]:  576, xstate_sizes[2]:  256
[    0.497818] x86/fpu: Enabled xstate features 0x7, context size is 832 bytes, using 'compacted' format.
[    0.533525] pid_max: default: 32768 minimum: 301
[    0.534036] SELinux:  Initializing.
[    0.536728] LSM support for eBPF active
[    0.537819] Mount-cache hash table entries: 8192 (order: 4, 65536 bytes, linear)
[    0.538977] Mountpoint-cache hash table entries: 8192 (order: 4, 65536 bytes, linear)
[    0.541879] VFS: Finished mounting rootfs on nullfs
[    0.544309] Running RCU synchronous self tests
[    0.544820] Running RCU synchronous self tests
[    0.546335] smpboot: CPU0: AMD Ryzen 9 5950X 16-Core Processor (family: 0x19, model: 0x21, stepping: 0x2)
[    0.549853] Performance Events: Fam17h+ core perfctr, AMD PMU driver.
[    0.550838] ... version:                   0
[    0.551781] ... bit width:                 48
[    0.551824] ... generic counters:          6
[    0.552758] ... generic bitmap:            000000000000003f
[    0.552825] ... fixed-purpose counters:    0
[    0.553778] ... fixed-purpose bitmap:      0000000000000000
[    0.553824] ... value mask:                0000ffffffffffff
[    0.554825] ... max period:                00007fffffffffff
[    0.555824] ... global_ctrl mask:          000000000000003f
[    0.557153] signal: max sigframe size: 1776
[    0.557998] rcu: Hierarchical SRCU implementation.
[    0.558827] rcu: 	Max phase no-delay instances is 400.
[    0.560126] Timer migration: 1 hierarchy levels; 8 children per group; 1 crossnode level
[    0.573094] smp: Bringing up secondary CPUs ...
[    0.577066] smpboot: x86: Booting SMP configuration:
[    0.577826] .... node  #0, CPUs:      #1 #2 #3 #4 #5 #6 #7
[    0.609194] smp: Brought up 1 node, 8 CPUs
[    0.610704] smpboot: Total of 8 processors activated (54400.60 BogoMIPS)
[    0.612512] Memory: 3963792K/4193784K available (25637K kernel code, 10348K rwdata, 18032K rodata, 4668K init, 13400K bss, 221940K reserved, 0K cma-reserved)
[    0.614143] devtmpfs: initialized
[    0.618103] Running RCU synchronous self tests
[    0.618842] Running RCU synchronous self tests
[    0.619953] Running RCU Tasks wait API self tests
[    0.620877] Running RCU Tasks Rude wait API self tests
[    0.621825] Running RCU Tasks Trace wait API self tests
[    0.622940] posixtimers hash table entries: 4096 (order: 7, 294912 bytes, linear)
[    0.625017] futex hash table entries: 2048 (262144 bytes on 1 NUMA nodes, total 256 KiB, linear).
[    0.626816] PM: RTC time: 16:40:11, date: 2026-08-02
[    0.627878] Callback from call_rcu_tasks_trace() invoked.
[    0.633991] NET: Registered PF_NETLINK/PF_ROUTE protocol family
[    0.635839] audit: initializing netlink subsys (disabled)
[    0.636946] audit: type=2000 audit(1785688811.683:1): state=initialized audit_enabled=0 res=1
[    0.658995] thermal_sys: Registered thermal governor 'step_wise'
[    0.659068] cpuidle: using governor ladder
[    0.660748] cpuidle: using governor menu
[    0.662039] Freeing SMP alternatives memory: 68K
[    0.663646] PCI: Using configuration type 1 for base access
[    0.663826] PCI: Using configuration type 1 for extended access
[    0.664986] kprobes: kprobe jump-optimization is enabled. All kprobes are optimized if possible.
[    0.666976] HugeTLB: registered 1.00 GiB page size, pre-allocated 0 pages
[    0.667828] HugeTLB: 16380 KiB vmemmap can be freed for a 1.00 GiB page
[    0.668825] HugeTLB: registered 2.00 MiB page size, pre-allocated 0 pages
[    0.669826] HugeTLB: 28 KiB vmemmap can be freed for a 2.00 MiB page
[    0.675687] ACPI: Added _OSI(Module Device)
[    0.675826] ACPI: Added _OSI(Processor Device)
[    0.676816] ACPI: Added _OSI(Processor Aggregator Device)
[    0.680415] ACPI: 1 ACPI AML tables successfully acquired and loaded
[    0.683392] ACPI: \_SB_: platform _OSC: OS support mask [002a7eee]
[    0.684581] ACPI: Interpreter enabled
[    0.684894] ACPI: PM: (supports S0 S3 S4 S5)
[    0.685825] ACPI: Using IOAPIC for interrupt routing
[    0.686878] PCI: Using host bridge windows from ACPI; if necessary, use "pci=nocrs" and report a bug
[    0.687826] PCI: Using E820 reservations for host bridge windows
[    0.689197] ACPI: Enabled 2 GPEs in block 00 to 0F
[    0.705136] ACPI: PCI Root Bridge [PCI0] (domain 0000 [bus 00-ff])
[    0.705842] acpi PNP0A03:00: _OSC: OS supports [ExtendedConfig ASPM ClockPM Segments MSI HPX-Type3]
[    0.706837] acpi PNP0A03:00: _OSC: OS requested [PME PCIeCapability LTR]
[    0.707826] acpi PNP0A03:00: _OSC: platform willing to grant [PME PCIeCapability LTR]
[    0.708826] acpi PNP0A03:00: _OSC: platform retains control of PCIe features (AE_ERROR)
[    0.710594] PCI host bridge to bus 0000:00
[    0.710836] pci_bus 0000:00: root bus resource [io  0x0000-0x0cf7 window]
[    0.711827] pci_bus 0000:00: root bus resource [io  0x0d00-0xffff window]
[    0.712826] pci_bus 0000:00: root bus resource [mem 0x000a0000-0x000bffff window]
[    0.713827] pci_bus 0000:00: root bus resource [mem 0xc0000000-0xfebfffff window]
[    0.714828] pci_bus 0000:00: root bus resource [mem 0x380000000000-0x38007fffffff window]
[    0.715828] pci_bus 0000:00: root bus resource [bus 00-ff]
[    0.717248] pci 0000:00:00.0: [8086:1237] type 00 class 0x060000 conventional PCI endpoint
[    0.719400] pci 0000:00:01.0: [8086:7000] type 00 class 0x060100 conventional PCI endpoint
[    0.721280] pci 0000:00:01.1: [8086:7010] type 00 class 0x010180 conventional PCI endpoint
[    0.722665] pci 0000:00:01.1: BAR 4 [io  0xc1c0-0xc1cf]
[    0.722900] pci 0000:00:01.1: BAR 0 [io  0x01f0-0x01f7]: legacy IDE quirk
[    0.723826] pci 0000:00:01.1: BAR 1 [io  0x03f6]: legacy IDE quirk
[    0.724826] pci 0000:00:01.1: BAR 2 [io  0x0170-0x0177]: legacy IDE quirk
[    0.725826] pci 0000:00:01.1: BAR 3 [io  0x0376]: legacy IDE quirk
[    0.727613] pci 0000:00:01.3: [8086:7113] type 00 class 0x068000 conventional PCI endpoint
[    0.728584] pci 0000:00:01.3: quirk: [io  0x0600-0x063f] claimed by PIIX4 ACPI
[    0.728844] pci 0000:00:01.3: quirk: [io  0x0700-0x070f] claimed by PIIX4 SMB
[    0.730825] pci 0000:00:02.0: [1af4:1009] type 00 class 0x000200 conventional PCI endpoint
[    0.733571] pci 0000:00:02.0: BAR 0 [io  0xc000-0xc03f]
[    0.733842] pci 0000:00:02.0: BAR 1 [mem 0xfebf8000-0xfebf8fff]
[    0.734887] pci 0000:00:02.0: BAR 4 [mem 0x380000000000-0x380000003fff 64bit pref]
[    0.738840] pci 0000:00:03.0: [8086:25ab] type 00 class 0x088000 conventional PCI endpoint
[    0.740766] pci 0000:00:03.0: BAR 0 [mem 0xfebf9000-0xfebf900f]
[    0.743412] pci 0000:00:04.0: [1af4:1003] type 00 class 0x078000 conventional PCI endpoint
[    0.745593] pci 0000:00:04.0: BAR 0 [io  0xc040-0xc07f]
[    0.745844] pci 0000:00:04.0: BAR 1 [mem 0xfebfa000-0xfebfafff]
[    0.746892] pci 0000:00:04.0: BAR 4 [mem 0x380000004000-0x380000007fff 64bit pref]
[    0.751007] pci 0000:00:05.0: [1af4:1003] type 00 class 0x078000 conventional PCI endpoint
[    0.752843] pci 0000:00:05.0: BAR 0 [io  0xc080-0xc0bf]
[    0.753843] pci 0000:00:05.0: BAR 1 [mem 0xfebfb000-0xfebfbfff]
[    0.754888] pci 0000:00:05.0: BAR 4 [mem 0x380000008000-0x38000000bfff 64bit pref]
[    0.759051] pci 0000:00:06.0: [1af4:1003] type 00 class 0x078000 conventional PCI endpoint
[    0.760844] pci 0000:00:06.0: BAR 0 [io  0xc0c0-0xc0ff]
[    0.761842] pci 0000:00:06.0: BAR 1 [mem 0xfebfc000-0xfebfcfff]
[    0.762887] pci 0000:00:06.0: BAR 4 [mem 0x38000000c000-0x38000000ffff 64bit pref]
[    0.767111] pci 0000:00:07.0: [1af4:1003] type 00 class 0x078000 conventional PCI endpoint
[    0.768844] pci 0000:00:07.0: BAR 0 [io  0xc100-0xc13f]
[    0.769843] pci 0000:00:07.0: BAR 1 [mem 0xfebfd000-0xfebfdfff]
[    0.770885] pci 0000:00:07.0: BAR 4 [mem 0x380000010000-0x380000013fff 64bit pref]
[    0.775050] pci 0000:00:08.0: [1af4:1003] type 00 class 0x078000 conventional PCI endpoint
[    0.776859] pci 0000:00:08.0: BAR 0 [io  0xc140-0xc17f]
[    0.778038] pci 0000:00:08.0: BAR 1 [mem 0xfebfe000-0xfebfefff]
[    0.778886] pci 0000:00:08.0: BAR 4 [mem 0x380000014000-0x380000017fff 64bit pref]
[    0.783065] pci 0000:00:09.0: [1af4:1003] type 00 class 0x078000 conventional PCI endpoint
[    0.784843] pci 0000:00:09.0: BAR 0 [io  0xc180-0xc1bf]
[    0.785843] pci 0000:00:09.0: BAR 1 [mem 0xfebff000-0xfebfffff]
[    0.786886] pci 0000:00:09.0: BAR 4 [mem 0x380000018000-0x38000001bfff 64bit pref]
[    0.796062] ACPI: PCI: Interrupt link LNKA configured for IRQ 10
[    0.797111] ACPI: PCI: Interrupt link LNKB configured for IRQ 10
[    0.798083] ACPI: PCI: Interrupt link LNKC configured for IRQ 11
[    0.799079] ACPI: PCI: Interrupt link LNKD configured for IRQ 11
[    0.799955] ACPI: PCI: Interrupt link LNKS configured for IRQ 9
[    0.802859] iommu: Default domain type: Translated
[    0.803826] iommu: DMA domain TLB invalidation policy: lazy mode
[    0.806246] SCSI subsystem initialized
[    0.806904] libata version 3.00 loaded.
[    0.807989] ACPI: bus type USB registered
[    0.808980] usbcore: registered new interface driver usbfs
[    0.809900] usbcore: registered new interface driver hub
[    0.810865] usbcore: registered new device driver usb
[    0.812013] pps_core: LinuxPPS API ver. 1 registered
[    0.812825] pps_core: Software ver. 5.3.6 - Copyright 2005-2007 Rodolfo Giometti <giometti@linux.it>
[    0.813861] PTP clock support registered
[    0.815352] Advanced Linux Sound Architecture Driver Initialized.
[    0.817151] NetLabel: Initializing
[    0.817825] NetLabel:  domain hash size = 128
[    0.818744] NetLabel:  protocols = UNLABELED CIPSOv4 CALIPSO
[    0.818874] NetLabel:  unlabeled traffic allowed by default
[    0.820153] PCI: Using ACPI for IRQ routing
[    0.820828] PCI: pci_cache_line_size set to 64 bytes
[    0.822183] e820: register RAM buffer resource [mem 0x0009fc00-0x0009ffff]
[    0.822827] e820: register RAM buffer resource [mem 0xbffe0000-0xbfffffff]
[    0.823972] vgaarb: loaded
[    0.824585] hpet0: at MMIO 0xfed00000, IRQs 2, 8, 0
[    0.824828] hpet0: 3 comparators, 64-bit 100.000000 MHz counter
[    0.829842] Callback from call_rcu_tasks() invoked.
[    0.831108] clocksource: Switched to clocksource kvm-clock
[    0.833546] VFS: Disk quotas dquot_6.6.0
[    0.834541] VFS: Dquot-cache hash table entries: 512 (4096 bytes)
[    0.836983] pnp: PnP ACPI init
[    0.838215] pnp 00:02: [dma 2]
[    0.839747] pnp: PnP ACPI: found 4 devices
[    0.858267] clocksource: acpi_pm: mask: 0xffffff max_cycles: 0xffffff, max_idle_ns: 2085701024 ns
[    0.860562] NET: Registered PF_INET protocol family
[    0.863053] IP idents hash table entries: 65536 (order: 7, 524288 bytes, linear)
[    0.867297] tcp_listen_portaddr_hash hash table entries: 2048 (order: 6, 147456 bytes, linear)
[    0.869581] Table-perturb hash table entries: 65536 (order: 6, 262144 bytes, linear)
[    0.871270] TCP established hash table entries: 32768 (order: 6, 262144 bytes, linear)
[    0.873768] TCP bind hash table entries: 32768 (order: 11, 4718592 bytes, vmalloc hugepage)
[    0.886970] TCP: Hash tables configured (established 32768 bind 32768)
[    0.890284] MPTCP token hash table entries: 4096 (order: 7, 360448 bytes, linear)
[    0.892076] UDP hash table entries: 2048 (order: 7, 524288 bytes, linear)
[    0.895108] NET: Registered PF_UNIX/PF_LOCAL protocol family
[    0.897395] RPC: Registered named UNIX socket transport module.
[    0.898761] RPC: Registered udp transport module.
[    0.899816] RPC: Registered tcp transport module.
[    0.900867] RPC: Registered tcp-with-tls transport module.
[    0.902070] RPC: Registered tcp NFSv4.1 backchannel transport module.
[    0.904354] NET: Registered PF_XDP protocol family
[    0.905440] pci_bus 0000:00: resource 4 [io  0x0000-0x0cf7 window]
[    0.906804] pci_bus 0000:00: resource 5 [io  0x0d00-0xffff window]
[    0.908134] pci_bus 0000:00: resource 6 [mem 0x000a0000-0x000bffff window]
[    0.909650] pci_bus 0000:00: resource 7 [mem 0xc0000000-0xfebfffff window]
[    0.911174] pci_bus 0000:00: resource 8 [mem 0x380000000000-0x38007fffffff window]
[    0.912945] pci 0000:00:01.0: PIIX3: Enabling Passive Release
[    0.914227] pci 0000:00:00.0: Limiting direct PCI/PCI transfers
[    0.915729] PCI: CLS 0 bytes, default 64
[    0.916736] PCI-DMA: Using software bounce buffering for IO (SWIOTLB)
[    0.918185] software IO TLB: mapped [mem 0x00000000bbfe0000-0x00000000bffe0000] (64MB)
[    0.920995] clocksource: tsc: mask: 0xffffffffffffffff max_cycles: 0x31027285e94, max_idle_ns: 440795238296 ns
[    0.931767] Initialise system trusted keyrings
[    0.933154] workingset: timestamp_bits=40 (anon: 35) max_order=20 bucket_order=0 (anon: 0)
[    0.936175] squashfs: version 4.0 (2009/01/31) Phillip Lougher
[    0.938196] NFS: Registering the id_resolver key type
[    0.939672] Key type id_resolver registered
[    0.940671] Key type id_legacy registered
[    0.941550] nfs4filelayout_init: NFSv4 File Layout Driver Registering...
[    0.943079] nfs4flexfilelayout_init: NFSv4 Flexfile Layout Driver Registering...
[    0.944931] fuse: init (API version 7.45)
[    0.946157] 9p: Installing v9fs 9p2000 file system support
[    0.949284] NET: Registered PF_ALG protocol family
[    0.950359] Key type asymmetric registered
[    0.951297] Asymmetric key parser 'x509' registered
[    0.952498] Block layer SCSI generic (bsg) driver version 0.4 loaded (major 248)
[    0.954726] io scheduler mq-deadline registered
[    0.955778] io scheduler kyber registered
[    0.958283] input: Power Button as /devices/platform/LNXPWRBN:00/input/input0
[    0.960140] ACPI: button: Power Button [PWRF]
[    1.089120] ACPI: \_SB_.LNKB: Enabled at IRQ 10
[    1.216797] ACPI: \_SB_.LNKD: Enabled at IRQ 11
[    1.343621] ACPI: \_SB_.LNKA: Enabled at IRQ 10
[    1.484828] kwatchdog (99) used greatest stack depth: 14776 bytes left
[    1.598572] ACPI: \_SB_.LNKC: Enabled at IRQ 11
[    1.854142] Serial: 8250/16550 driver, 4 ports, IRQ sharing enabled
[    1.856905] 00:03: ttyS0 at I/O 0x3f8 (irq = 4, base_baud = 115200) is a 16550A
[    2.000793] Non-volatile memory driver v1.3
[    2.002768] ACPI: bus type drm_connector registered
[    2.024461] brd: module loaded
[    2.038165] loop: module loaded
[    2.043507] scsi host0: ata_piix
[    2.045323] scsi host1: ata_piix
[    2.046380] ata1: PATA max MWDMA2 cmd 0x1f0 ctl 0x3f6 bmdma 0xc1c0 irq 14 lpm-pol 0
[    2.048045] ata2: PATA max MWDMA2 cmd 0x170 ctl 0x376 bmdma 0xc1c8 irq 15 lpm-pol 0
[    2.054434] tun: Universal TUN/TAP device driver, 1.6
[    2.056372] e100: Intel(R) PRO/100 Network Driver
[    2.057453] e100: Copyright(c) 1999-2006 Intel Corporation
[    2.058806] e1000: Intel(R) PRO/1000 Network Driver
[    2.059871] e1000: Copyright (c) 1999-2006 Intel Corporation.
[    2.061216] e1000e: Intel(R) PRO/1000 Network Driver
[    2.062333] e1000e: Copyright(c) 1999 - 2015 Intel Corporation.
[    2.063727] sky2: driver version 1.30
[    2.065693] usbcore: registered new interface driver usblp
[    2.067088] usbcore: registered new interface driver usb-storage
[    2.068489] i8042: PNP: PS/2 Controller [PNP0303:KBD,PNP0f13:MOU] at 0x60,0x64 irq 1,12
[    2.071687] serio: i8042 KBD port at 0x60,0x64 irq 1
[    2.073296] serio: i8042 AUX port at 0x60,0x64 irq 12
[    2.075620] rtc_cmos PNP0B00:00: RTC can wake from S4
[    2.078881] input: AT Translated Set 2 keyboard as /devices/platform/i8042/serio0/input/input1
[    2.082340] rtc_cmos PNP0B00:00: registered as rtc0
[    2.084396] rtc_cmos PNP0B00:00: alarms up to one day, y3k, 242 bytes nvram, hpet irqs
[    2.087606] Registered IR keymap rc-empty
[    2.089159] rc rc0: rc-core loopback device as /devices/virtual/rc/rc0
[    2.091839] rc rc0: lirc_dev: driver rc-loopback registered at minor = 0, raw IR receiver, raw IR transmitter
[    2.094366] input: rc-core loopback device as /devices/virtual/rc/rc0/input4
[    2.096765] intel_powerclamp: CPU does not support MWAIT
[    2.098023] device-mapper: core: CONFIG_IMA_DISABLE_HTABLE is disabled. Duplicate IMA measurements will not be recorded in the IMA log.
[    2.101129] device-mapper: ioctl: 4.50.0-ioctl (2025-04-28) initialised: dm-devel@lists.linux.dev
[    2.103068] amd_pstate: the _CPC object is not present in SBIOS or ACPI disabled
[    2.105515] hid: raw HID events driver (C) Jiri Kosina
[    2.108211] usbcore: registered new interface driver usbhid
[    2.109451] usbhid: USB HID core driver
[    2.111507] GACT probability NOT on
[    2.112370] Mirror/redirect action on
[    2.114586] nf_conntrack_irc: The irc conntrack helper is scheduled for removal.
[    2.114586] Please contact the netfilter-devel mailing list if you still need this.
[    2.119634] ipip: IPv4 and MPLS over IPv4 tunneling driver
[    2.121690] gre: GRE over IPv4 demultiplexer driver
[    2.122758] ip_gre: GRE over IPv4 tunneling driver
[    2.126377] Initializing XFRM netlink socket
[    2.127395] IPsec XFRM device driver
[    2.128345] NET: Registered PF_INET6 protocol family
[    2.131644] Segment Routing with IPv6
[    2.132505] In-situ OAM (IOAM) with IPv6
[    2.133443] mip6: Mobile IPv6
[    2.134158] sit: IPv6, IPv4 and MPLS over IPv4 tunneling driver
[    2.136968] ip6_gre: GRE over IPv6 tunneling driver
[    2.138853] NET: Registered PF_PACKET protocol family
[    2.140107] RPC: Registered rdma transport module.
[    2.141163] RPC: Registered rdma backchannel transport module.
[    2.142785] 8021q: 802.1Q VLAN Support v1.8
[    2.144649] smc: adding smcd device lo without pnetid
[    2.145934] NET: Registered PF_SMC protocol family
[    2.147586] 9pnet: Installing 9P2000 support
[    2.150271] Key type dns_resolver registered
[    2.151433] NET: Registered PF_VSOCK protocol family
[    2.152629] mpls_gso: MPLS GSO support
[    2.157323] IPI shorthand broadcast: enabled
[    2.202431] sched_clock: Marking stable (2178048240, 24024463)->(2309919554, -107846851)
[    2.204602] ata2: found unknown device (class 0)
[    2.206739] registered taskstats version 1
[    2.207764] ata2.00: ATAPI: QEMU DVD-ROM, 2.5+, max UDMA/100
[    2.212138] scsi 1:0:0:0: CD-ROM            QEMU     QEMU DVD-ROM     2.5+ PQ: 0 ANSI: 5
[    2.224548] Loading compiled-in X.509 certificates
[    2.226307] kworker/u32:1 (117) used greatest stack depth: 14152 bytes left
[    2.227804] Loaded X.509 cert 'Build time autogenerated kernel key: c4531344b9a9c1a4731230d977a262ba29ba5272'
[    2.245004] sr 1:0:0:0: [sr0] scsi3-mmc drive: 4x/4x cd/rw xa/form2 tray
[    2.266921] cdrom: Uniform CD-ROM driver Revision: 3.20
[    2.268643] Demotion targets for Node 0: null
[    2.270332] ima: No TPM chip found, activating TPM-bypass!
[    2.271576] ima: Allocated hash algorithm: sha1
[    2.272741] ima: No architecture policies found
[    2.274926] PM:   Magic number: 6:990:690
[    2.276576] mem mem: hash matches
[    2.277597] netconsole: network logging started
[    2.279529] cfg80211: Loading compiled-in X.509 certificates for regulatory database
[    2.279708] sr 1:0:0:0: Attached scsi CD-ROM sr0
[    2.282347] Loaded X.509 cert 'sforshee: 00b28ddf47aef9cea7'
[    2.283687] sr 1:0:0:0: Attached scsi generic sg0 type 5
[    2.284258] Loaded X.509 cert 'wens: 61c038651aabdcf94bd0ac7ff06c7248db18c600'
[    2.287223] faux_driver regulatory: Direct firmware load for regulatory.db failed with error -2
[    2.289195] cfg80211: failed to load regulatory.db
[    2.290440] ALSA device list:
[    2.291437]   No soundcards found.
[    2.503251] input: ImExPS/2 Generic Explorer Mouse as /devices/platform/i8042/serio1/input/input3
[    2.505306] md: Skipping autodetection of RAID arrays. (raid=autodetect will force)
[    2.506676] 9p: Bad value for 'source'
[    2.507339] 9pnet: Limiting 'msize' to 512000 as this is the maximum supported by transport virtio
[    2.510927] VFS: Mounted root (9p filesystem) on device 0:22.
[    2.512758] devtmpfs: mounted
[    2.513430] VFS: Pivoted into new rootfs
[    2.518564] Freeing unused kernel image (initmem) memory: 4668K
[    2.519454] Write protecting the kernel read-only data: 45056k
[    2.521445] Freeing unused kernel image (text/rodata gap) memory: 984K
[    2.522796] Freeing unused kernel image (rodata/data gap) memory: 400K
[    2.560502] x86/mm: Checked W+X mappings: passed, no W+X pages found.
[    2.561428] Run /home/prozak/.local/share/vng-venv/lib/python3.12/site-packages/virtme/guest/bin/virtme-ng-init as init process
[    2.562926]   with arguments:
[    2.563385]     /home/prozak/.local/share/vng-venv/lib/python3.12/site-packages/virtme/guest/bin/virtme-ng-init
[    2.564705]   with environment:
[    2.565159]     HOME=/
[    2.565536]     TERM=linux
[    2.565920]     virtme_hostname=virtme-ng
[    2.566514]     nr_open=1048576
[    2.566963]     virtme_link_mods=/home/prozak/sources/heimdall_experiment/uml-harness/.build/bpf-next-x86/.virtme_mods/lib/modules/0.0.0
[    2.568597]     virtme_rw_overlay0=/tmp
[    2.569150]     virtme_console=ttyS0
[    2.569686]     virtme_chdir=home/prozak/sources/heimdall_experiment/uml-harness/.build/selftests-output-qemu
[    2.657541] virtme-ng-init: mount devtmpfs -> /dev: EBUSY: Device or resource busy
[    2.659374] virtme-ng-init: Setting hostname to virtme-ng...
[    2.700492] virtme-ng-init: running systemd-tmpfiles
[    3.888585] systemd-tmpfile (127) used greatest stack depth: 12504 bytes left
[    3.888687] virtme-ng-init: basic initialization done
[    3.906855] virtme-ng-init: error creating file: Permission denied (os error 13)
[    4.015041] ip (132) used greatest stack depth: 11160 bytes left
[    4.135786] virtme-ng-init: Starting systemd-udevd version 255.4-1ubuntu8.16
[    4.137611] virtme-ng-init: triggering udev coldplug
[    7.201249] virtme-ng-init: waiting for udev to settle
[    8.014945] virtme-ng-init: udev is done
[    8.019440] virtme-ng-init: starting script
[    8.246703] bpf_testmod: loading out-of-tree module taints kernel.
[    8.247691] bpf_testmod: module verification failed: signature and/or required key missing - tainting kernel
[    8.402464] smc: removing smcd device lo
[    8.472383] ACPI: PM: Preparing to enter system sleep state S5
[    8.473598] reboot: Power down
