#159/1   htab_update/reenter_update:OK
#159/2   htab_update/concurrent_update:OK
#159     htab_update:OK
Summary: 1/2 PASSED, 0 SKIPPED, 0 FAILED
15c3b21
output: 0x0000000001000000
output_len: 0x00000000045c1650
kernel_total_size: 0x0000000004f8d000
needed_size: 0x0000000005000000
trampoline_32bit: 0x0000000000000000
Physical KASLR using RDRAND RDTSC...
Virtual KASLR using RDRAND RDTSC...

Decompressing Linux... Parsing ELF... Performing relocations... done.
Booting the kernel (entry_offset: 0x0000000003db5740).
[    0.000000] Linux version 7.2.0-rc1-g5e2f4aad04e2 (prozak@powertower) (gcc (Ubuntu 13.3.0-6ubuntu2~24.04.1) 13.3.0, GNU ld (GNU Binutils for Ubuntu) 2.42) #3 SMP PREEMPT_DYNAMIC Sun Aug  2 09:03:43 PDT 2026
[    0.000000] Command line: virtme_hostname=virtme-ng nr_open=1048576 virtme_link_mods=/home/prozak/sources/heimdall_experiment/uml-harness/.build/bpf-next-x86/.virtme_mods/lib/modules/0.0.0 virtme_rw_overlay0=/tmp virtme_console=ttyS0 console=ttyS0 earlyprintk=serial,ttyS0,115200 panic=-1 virtme.exec=`Li90ZXN0X3Byb2dzIC10ICdodGFiX3VwZGF0ZSc=` virtme_chdir=home/prozak/sources/heimdall_experiment/uml-harness/.build/selftests-output-qemu rootfstype=9p rootflags=version=9p2000.L,trans=virtio,access=any,msize=524288 raid=noautodetect rw debug init=/home/prozak/.local/share/vng-venv/lib/python3.12/site-packages/virtme/guest/bin/virtme-ng-init
[    0.000000] x86 CPU feature dependency check failure: CPU0 has '18*32+31' enabled but '18*32+26' disabled. Kernel might be fine, but no guarantees.
[    0.000000] BIOS-provided physical RAM map:
[    0.000000] BIOS-e820: [mem 0x0000000000000000-0x000000000009fbff]  System RAM
[    0.000000] BIOS-e820: [mem 0x000000000009fc00-0x000000000009ffff]  device reserved
[    0.000000] BIOS-e820: [gap 0x00000000000a0000-0x00000000000effff]
[    0.000000] BIOS-e820: [mem 0x00000000000f0000-0x00000000000fffff]  device reserved
[    0.000000] BIOS-e820: [mem 0x0000000000100000-0x00000000bffdffff]  System RAM
[    0.000000] BIOS-e820: [mem 0x00000000bffe0000-0x00000000bfffffff]  device reserved
[    0.000000] BIOS-e820: [gap 0x00000000c0000000-0x00000000feffbfff]
[    0.000000] BIOS-e820: [mem 0x00000000feffc000-0x00000000feffffff]  device reserved
[    0.000000] BIOS-e820: [gap 0x00000000ff000000-0x00000000fffbffff]
[    0.000000] BIOS-e820: [mem 0x00000000fffc0000-0x00000000ffffffff]  device reserved
[    0.000000] BIOS-e820: [mem 0x0000000100000000-0x000000013fffffff]  System RAM
[    0.000000] BIOS-e820: [gap 0x0000000140000000-0x000000fcffffffff]
[    0.000000] BIOS-e820: [mem 0x000000fd00000000-0x000000ffffffffff]  device reserved
[    0.000000] printk: legacy bootconsole [earlyser0] enabled
[    0.000000] NX (Execute Disable) protection: active
[    0.000000] APIC: Static calls initialized
[    0.000000] DMI: SMBIOS 3.0.0 present.
[    0.000000] DMI: QEMU Ubuntu 24.04 PC v2 (i440FX + PIIX, arch_caps fix, 1996), BIOS 1.16.3-debian-1.16.3-2 04/01/2014
[    0.000000] DMI: Memory slots populated: 1/1
[    0.000000] Hypervisor detected: KVM
[    0.000000] last_pfn = 0xbffe0 max_arch_pfn = 0x400000000
[    0.000000] kvm-clock: Using msrs 4b564d01 and 4b564d00
[    0.000001] kvm-clock: using sched offset of 447147343 cycles
[    0.000970] clocksource: kvm-clock: mask: 0xffffffffffffffff max_cycles: 0x1cd42e4dffb, max_idle_ns: 881590591483 ns
[    0.003949] tsc: Detected 3400.038 MHz processor
[    0.005196] e820: update [mem 0x00000000-0x00000fff] System RAM ==> device reserved
[    0.006601] e820: remove [mem 0x000a0000-0x000fffff] System RAM
[    0.007680] last_pfn = 0x140000 max_arch_pfn = 0x400000000
[    0.008784] MTRR map: 4 entries (3 fixed + 1 variable; max 19), built from 8 variable MTRRs
[    0.010394] x86/PAT: Configuration [0-7]: WB  WC  UC- UC  WB  WP  UC- WT  
Memory KASLR using RDRAND RDTSC...
[    0.012368] last_pfn = 0xbffe0 max_arch_pfn = 0x400000000
[    0.014622] found SMP MP-table at [mem 0x000f5450-0x000f545f]
[    0.015724] Using GB pages for direct mapping
[    0.016602] ACPI: Early table checksum verification disabled
[    0.017679] ACPI: RSDP 0x00000000000F5240 000014 (v00 BOCHS )
[    0.018759] ACPI: RSDT 0x00000000BFFE1F16 000034 (v01 BOCHS  BXPC     00000001 BXPC 00000001)
[    0.020329] ACPI: FACP 0x00000000BFFE1D92 000074 (v01 BOCHS  BXPC     00000001 BXPC 00000001)
[    0.021895] ACPI: DSDT 0x00000000BFFE0040 001D52 (v01 BOCHS  BXPC     00000001 BXPC 00000001)
[    0.023468] ACPI: FACS 0x00000000BFFE0000 000040
[    0.024363] ACPI: APIC 0x00000000BFFE1E06 0000B0 (v03 BOCHS  BXPC     00000001 BXPC 00000001)
[    0.025945] ACPI: HPET 0x00000000BFFE1EB6 000038 (v01 BOCHS  BXPC     00000001 BXPC 00000001)
[    0.027562] ACPI: WAET 0x00000000BFFE1EEE 000028 (v01 BOCHS  BXPC     00000001 BXPC 00000001)
[    0.029137] ACPI: Reserving FACP table memory at [mem 0xbffe1d92-0xbffe1e05]
[    0.030417] ACPI: Reserving DSDT table memory at [mem 0xbffe0040-0xbffe1d91]
[    0.031713] ACPI: Reserving FACS table memory at [mem 0xbffe0000-0xbffe003f]
[    0.032984] ACPI: Reserving APIC table memory at [mem 0xbffe1e06-0xbffe1eb5]
[    0.034260] ACPI: Reserving HPET table memory at [mem 0xbffe1eb6-0xbffe1eed]
[    0.035523] ACPI: Reserving WAET table memory at [mem 0xbffe1eee-0xbffe1f15]
[    0.037329] No NUMA configuration found
[    0.038045] Faking a node at [mem 0x0000000000000000-0x000000013fffffff]
[    0.039242] NODE_DATA(0) allocated [mem 0x13fffbc80-0x13fffffff]
[    0.041250] ACPI: PM-Timer IO Port: 0x608
[    0.042022] ACPI: LAPIC_NMI (acpi_id[0xff] dfl dfl lint[0x1])
[    0.043102] IOAPIC[0]: apic_id 0, version 17, address 0xfec00000, GSI 0-23
[    0.044396] ACPI: INT_SRC_OVR (bus 0 bus_irq 0 global_irq 2 dfl dfl)
[    0.045549] ACPI: INT_SRC_OVR (bus 0 bus_irq 5 global_irq 5 high level)
[    0.046779] ACPI: INT_SRC_OVR (bus 0 bus_irq 9 global_irq 9 high level)
[    0.047987] ACPI: INT_SRC_OVR (bus 0 bus_irq 10 global_irq 10 high level)
[    0.049228] ACPI: INT_SRC_OVR (bus 0 bus_irq 11 global_irq 11 high level)
[    0.050481] ACPI: Using ACPI (MADT) for SMP configuration information
[    0.051652] ACPI: HPET id: 0x8086a201 base: 0xfed00000
[    0.052600] TSC deadline timer available
[    0.053330] CPU topo: Max. logical packages:   1
[    0.054236] CPU topo: Max. logical nodes:      1
[    0.055170] CPU topo: Num. nodes per package:  1
[    0.056060] CPU topo: Max. logical dies:       1
[    0.056896] CPU topo: Max. dies per package:   1
[    0.057772] CPU topo: Max. threads per core:   1
[    0.058595] CPU topo: Num. cores per package:     8
[    0.059468] CPU topo: Num. threads per package:   8
[    0.060374] CPU topo: Allowing 8 present CPUs plus 0 hotplug CPUs
[    0.061503] kvm-guest: APIC: eoi() replaced with kvm_guest_apic_eoi_write()
[    0.062842] kvm-guest: KVM setup pv remote TLB flush
[    0.063755] kvm-guest: setup PV sched yield
[    0.064535] PM: hibernation: Registered nosave memory: [mem 0x00000000-0x00000fff]
[    0.065933] PM: hibernation: Registered nosave memory: [mem 0x0009f000-0x000fffff]
[    0.067284] PM: hibernation: Registered nosave memory: [mem 0xbffe0000-0xffffffff]
[    0.068656] [gap 0xc0000000-0xfeffbfff] available for PCI devices
[    0.069784] Booting paravirtualized kernel on KVM
[    0.070663] clocksource: refined-jiffies: mask: 0xffffffff max_cycles: 0xffffffff, max_idle_ns: 1910969940391419 ns
[    0.077401] Zone ranges:
[    0.077892]   DMA      [mem 0x0000000000001000-0x0000000000ffffff]
[    0.079066]   DMA32    [mem 0x0000000001000000-0x00000000ffffffff]
[    0.080195]   Normal   [mem 0x0000000100000000-0x000000013fffffff]
[    0.081305] Movable zone start for each node
[    0.082089] Early memory node ranges
[    0.082731]   node   0: [mem 0x0000000000001000-0x000000000009efff]
[    0.083920]   node   0: [mem 0x0000000000100000-0x00000000bffdffff]
[    0.085042]   node   0: [mem 0x0000000100000000-0x000000013fffffff]
[    0.086182] Initmem setup node 0 [mem 0x0000000000001000-0x000000013fffffff]
[    0.087523] On node 0, zone DMA: 1 pages in unavailable ranges
[    0.089000] On node 0, zone DMA: 97 pages in unavailable ranges
[    0.223347] On node 0, zone Normal: 32 pages in unavailable ranges
[    0.224556] setup_percpu: NR_CPUS:128 nr_cpumask_bits:8 nr_cpu_ids:8 nr_node_ids:1
[    0.230237] percpu: Embedded 58 pages/cpu s199696 r8192 d29680 u262144
[    0.231477] pcpu-alloc: s199696 r8192 d29680 u262144 alloc=1*2097152
[    0.232631] pcpu-alloc: [0] 0 1 2 3 4 5 6 7 
[    0.233451] Kernel command line: virtme_hostname=virtme-ng nr_open=1048576 virtme_link_mods=/home/prozak/sources/heimdall_experiment/uml-harness/.build/bpf-next-x86/.virtme_mods/lib/modules/0.0.0 virtme_rw_overlay0=/tmp virtme_console=ttyS0 console=ttyS0 earlyprintk=serial,ttyS0,115200 panic=-1 virtme.exec=`Li90ZXN0X3Byb2dzIC10ICdodGFiX3VwZGF0ZSc=` virtme_chdir=home/prozak/sources/heimdall_experiment/uml-harness/.build/selftests-output-qemu rootfstype=9p rootflags=version=9p2000.L,trans=virtio,access=any,msize=524288 raid=noautodetect rw debug init=/home/prozak/.local/share/vng-venv/lib/python3.12/site-packages/virtme/guest/bin/virtme-ng-init
[    0.244026] Unknown kernel command line parameters "virtme_hostname=virtme-ng nr_open=1048576 virtme_link_mods=/home/prozak/sources/heimdall_experiment/uml-harness/.build/bpf-next-x86/.virtme_mods/lib/modules/0.0.0 virtme_rw_overlay0=/tmp virtme_console=ttyS0 virtme_chdir=home/prozak/sources/heimdall_experiment/uml-harness/.build/selftests-output-qemu", will be passed to user space.
[    0.250185] random: crng init done
[    0.250788] printk: log buffer data + meta data: 2097152 + 7340032 = 9437184 bytes
[    0.260276] Dentry cache hash table entries: 524288 (order: 10, 4194304 bytes, linear)
[    0.265865] Inode-cache hash table entries: 262144 (order: 9, 2097152 bytes, linear)
[    0.267484] software IO TLB: area num 8.
[    0.407231] Fallback order for Node 0: 0 
[    0.407238] Built 1 zonelists, mobility grouping on.  Total pages: 1048446
[    0.409304] Policy zone: Normal
[    0.409852] mem auto-init: stack:all(zero), heap alloc:off, heap free:off
[    0.416380] SLUB: HWalign=64, Order=0-3, MinObjects=0, CPUs=8, Nodes=1
Poking KASLR using RDRAND RDTSC...
[    0.432389] ftrace: allocating 69757 entries in 274 pages
[    0.433361] ftrace: allocated 274 pages with 3 groups
[    0.434729] Dynamic Preempt: full
[    0.435678] Running RCU self tests
[    0.436281] Running RCU synchronous self tests
[    0.437083] rcu: Preemptible hierarchical RCU implementation.
[    0.438080] rcu: 	RCU event tracing is enabled.
[    0.438886] rcu: 	RCU lockdep checking is enabled.
[    0.439736] rcu: 	RCU restricting CPUs from NR_CPUS=128 to nr_cpu_ids=8.
[    0.440939] 	Trampoline variant of Tasks RCU enabled.
[    0.441843] 	Rude variant of Tasks RCU enabled.
[    0.442670] 	Tracing variant of Tasks RCU enabled.
[    0.443501] rcu: RCU calculated value of scheduler-enlistment delay is 100 jiffies.
[    0.444865] rcu: Adjusting geometry for rcu_fanout_leaf=16, nr_cpu_ids=8
[    0.446087] Running RCU synchronous self tests
[    0.446881] RCU Tasks: Setting shift to 3 and lim to 1 rcu_task_cb_adjust=1 rcu_task_cpu_ids=8.
[    0.448416] RCU Tasks Rude: Setting shift to 3 and lim to 1 rcu_task_cb_adjust=1 rcu_task_cpu_ids=8.
[    0.455997] NR_IRQS: 8448, nr_irqs: 488, preallocated irqs: 16
[    0.457406] rcu: srcu_init: Setting srcu_struct sizes based on contention.
[    0.458702] clocksource: jiffies: mask: 0xffffffff max_cycles: 0xffffffff, max_idle_ns: 1911260446275000 ns
[    0.460891] Console: colour *CGA 80x25
[    0.461613] printk: legacy console [ttyS0] enabled
[    0.461613] printk: legacy console [ttyS0] enabled
[    0.463349] printk: legacy bootconsole [earlyser0] disabled
[    0.463349] printk: legacy bootconsole [earlyser0] disabled
[    0.465378] Lock dependency validator: Copyright (c) 2006 Red Hat, Inc., Ingo Molnar
[    0.466833] ... MAX_LOCKDEP_SUBCLASSES:  8
[    0.467576] ... MAX_LOCK_DEPTH:          48
[    0.468405] ... MAX_LOCKDEP_KEYS:        8192
[    0.469231] ... CLASSHASH_SIZE:          4096
[    0.470023] ... MAX_LOCKDEP_ENTRIES:     32768
[    0.470840] ... MAX_LOCKDEP_CHAINS:      65536
[    0.471673] ... CHAINHASH_SIZE:          32768
[    0.472510]  memory used by lock dependency info: 6429 kB
[    0.473493]  memory used for stack traces: 4224 kB
[    0.474349]  per task-struct memory footprint: 1920 bytes
[    0.475462] ACPI: Core revision 20260408
[    0.476410] clocksource: hpet: mask: 0xffffffff max_cycles: 0xffffffff, max_idle_ns: 19112604467 ns
[    0.478305] APIC: Switch to symmetric I/O mode setup
[    0.479710] x2apic enabled
[    0.480747] APIC: Switched APIC routing to: physical x2apic
[    0.481858] kvm-guest: APIC: send_IPI_mask() replaced with kvm_send_ipi_mask()
[    0.483217] kvm-guest: APIC: send_IPI_mask_allbutself() replaced with kvm_send_ipi_mask_allbutself()
[    0.485022] kvm-guest: setup PV IPIs
[    0.487820] ..TIMER: vector=0x30 apic1=0 pin1=2 apic2=-1 pin2=-1
[    0.489028] clocksource: tsc-early: mask: 0xffffffffffffffff max_cycles: 0x31027285e94, max_idle_ns: 440795238296 ns
[    0.491011] Calibrating delay loop (skipped) preset value.. 6800.07 BogoMIPS (lpj=3400038)
[    0.492648] x86/cpu: User Mode Instruction Prevention (UMIP) activated
[    0.494325] Last level iTLB entries: 4KB 512, 2MB 255, 4MB 127
[    0.495008] Last level dTLB entries: 4KB 512, 2MB 255, 4MB 127, 1GB 0
[    0.496017] mitigations: Enabled attack vectors: user_kernel, user_user, SMT mitigations: auto
[    0.497008] Speculative Store Bypass: Mitigation: Speculative Store Bypass disabled via prctl
[    0.498008] Speculative Return Stack Overflow: IBPB-extending microcode not applied!
[    0.499008] Speculative Return Stack Overflow: WARNING: See https://kernel.org/doc/html/latest/admin-guide/hw-vuln/srso.html for mitigation options.
[    0.499009] Transient Scheduler Attacks: Vulnerable: No microcode
[    0.501008] Spectre V2 : Mitigation: Retpolines
[    0.502008] Speculative Return Stack Overflow: Vulnerable: Safe RET, no microcode
[    0.503009] Spectre V1 : Mitigation: usercopy/swapgs barriers and __user pointer sanitization
[    0.504008] Spectre V2 : Spectre v2 / SpectreRSB: Filling RSB on context switch and VMEXIT
[    0.505008] Spectre V2 : Enabling Restricted Speculation for firmware calls
[    0.506010] Spectre V2 : mitigation: Enabling conditional Indirect Branch Prediction Barrier
[    0.507008] active return thunk: srso_alias_return_thunk
[    0.508060] x86/fpu: Supporting XSAVE feature 0x001: 'x87 floating point registers'
[    0.509008] x86/fpu: Supporting XSAVE feature 0x002: 'SSE registers'
[    0.510008] x86/fpu: Supporting XSAVE feature 0x004: 'AVX registers'
[    0.511008] x86/fpu: xstate_offset[2]:  576, xstate_sizes[2]:  256
[    0.512008] x86/fpu: Enabled xstate features 0x7, context size is 832 bytes, using 'compacted' format.
[    0.545422] pid_max: default: 32768 minimum: 301
[    0.546282] SELinux:  Initializing.
[    0.548521] LSM support for eBPF active
[    0.549334] Mount-cache hash table entries: 8192 (order: 4, 65536 bytes, linear)
[    0.550156] Mountpoint-cache hash table entries: 8192 (order: 4, 65536 bytes, linear)
[    0.552925] VFS: Finished mounting rootfs on nullfs
[    0.555142] Running RCU synchronous self tests
[    0.556010] Running RCU synchronous self tests
[    0.557483] smpboot: CPU0: AMD Ryzen 9 5950X 16-Core Processor (family: 0x19, model: 0x21, stepping: 0x2)
[    0.560368] Performance Events: Fam17h+ core perfctr, AMD PMU driver.
[    0.561026] ... version:                   0
[    0.562000] ... bit width:                 48
[    0.562016] ... generic counters:          6
[    0.562889] ... generic bitmap:            000000000000003f
[    0.563014] ... fixed-purpose counters:    0
[    0.563946] ... fixed-purpose bitmap:      0000000000000000
[    0.564015] ... value mask:                0000ffffffffffff
[    0.565013] ... max period:                00007fffffffffff
[    0.566014] ... global_ctrl mask:          000000000000003f
[    0.567393] signal: max sigframe size: 1776
[    0.568180] rcu: Hierarchical SRCU implementation.
[    0.569017] rcu: 	Max phase no-delay instances is 400.
[    0.570381] Timer migration: 1 hierarchy levels; 8 children per group; 1 crossnode level
[    0.582609] smp: Bringing up secondary CPUs ...
[    0.587237] smpboot: x86: Booting SMP configuration:
[    0.588043] .... node  #0, CPUs:      #1 #2 #3 #4 #5 #6 #7
[    0.614404] smp: Brought up 1 node, 8 CPUs
[    0.615909] smpboot: Total of 8 processors activated (54400.60 BogoMIPS)
[    0.617415] Memory: 3963792K/4193784K available (25637K kernel code, 10348K rwdata, 18032K rodata, 4668K init, 13400K bss, 221936K reserved, 0K cma-reserved)
[    0.620014] devtmpfs: initialized
[    0.624286] Running RCU synchronous self tests
[    0.625035] Running RCU synchronous self tests
[    0.626146] Running RCU Tasks wait API self tests
[    0.627070] Running RCU Tasks Rude wait API self tests
[    0.628017] Running RCU Tasks Trace wait API self tests
[    0.629132] posixtimers hash table entries: 4096 (order: 7, 294912 bytes, linear)
[    0.631454] futex hash table entries: 2048 (262144 bytes on 1 NUMA nodes, total 256 KiB, linear).
[    0.633005] PM: RTC time: 16:39:59, date: 2026-08-02
[    0.634054] Callback from call_rcu_tasks_trace() invoked.
[    0.639994] NET: Registered PF_NETLINK/PF_ROUTE protocol family
[    0.641005] audit: initializing netlink subsys (disabled)
[    0.641107] audit: type=2000 audit(1785688799.292:1): state=initialized audit_enabled=0 res=1
[    0.664484] thermal_sys: Registered thermal governor 'step_wise'
[    0.664555] cpuidle: using governor ladder
[    0.665983] cpuidle: using governor menu
[    0.667232] Freeing SMP alternatives memory: 68K
[    0.668858] PCI: Using configuration type 1 for base access
[    0.669015] PCI: Using configuration type 1 for extended access
[    0.670183] kprobes: kprobe jump-optimization is enabled. All kprobes are optimized if possible.
[    0.672128] HugeTLB: registered 1.00 GiB page size, pre-allocated 0 pages
[    0.673015] HugeTLB: 16380 KiB vmemmap can be freed for a 1.00 GiB page
[    0.674016] HugeTLB: registered 2.00 MiB page size, pre-allocated 0 pages
[    0.675016] HugeTLB: 28 KiB vmemmap can be freed for a 2.00 MiB page
[    0.680870] ACPI: Added _OSI(Module Device)
[    0.681017] ACPI: Added _OSI(Processor Device)
[    0.681995] ACPI: Added _OSI(Processor Aggregator Device)
[    0.685525] ACPI: 1 ACPI AML tables successfully acquired and loaded
[    0.688830] ACPI: \_SB_: platform _OSC: OS support mask [002a7eee]
[    0.689800] ACPI: Interpreter enabled
[    0.690085] ACPI: PM: (supports S0 S3 S4 S5)
[    0.691005] ACPI: Using IOAPIC for interrupt routing
[    0.691070] PCI: Using host bridge windows from ACPI; if necessary, use "pci=nocrs" and report a bug
[    0.692016] PCI: Using E820 reservations for host bridge windows
[    0.693390] ACPI: Enabled 2 GPEs in block 00 to 0F
[    0.709123] ACPI: PCI Root Bridge [PCI0] (domain 0000 [bus 00-ff])
[    0.710019] acpi PNP0A03:00: _OSC: OS supports [ExtendedConfig ASPM ClockPM Segments MSI HPX-Type3]
[    0.711027] acpi PNP0A03:00: _OSC: OS requested [PME PCIeCapability LTR]
[    0.712016] acpi PNP0A03:00: _OSC: platform willing to grant [PME PCIeCapability LTR]
[    0.713015] acpi PNP0A03:00: _OSC: platform retains control of PCIe features (AE_ERROR)
[    0.714819] PCI host bridge to bus 0000:00
[    0.715026] pci_bus 0000:00: root bus resource [io  0x0000-0x0cf7 window]
[    0.716014] pci_bus 0000:00: root bus resource [io  0x0d00-0xffff window]
[    0.717017] pci_bus 0000:00: root bus resource [mem 0x000a0000-0x000bffff window]
[    0.718016] pci_bus 0000:00: root bus resource [mem 0xc0000000-0xfebfffff window]
[    0.719017] pci_bus 0000:00: root bus resource [mem 0x380000000000-0x38007fffffff window]
[    0.720018] pci_bus 0000:00: root bus resource [bus 00-ff]
[    0.721449] pci 0000:00:00.0: [8086:1237] type 00 class 0x060000 conventional PCI endpoint
[    0.723552] pci 0000:00:01.0: [8086:7000] type 00 class 0x060100 conventional PCI endpoint
[    0.725500] pci 0000:00:01.1: [8086:7010] type 00 class 0x010180 conventional PCI endpoint
[    0.726990] pci 0000:00:01.1: BAR 4 [io  0xc1c0-0xc1cf]
[    0.727094] pci 0000:00:01.1: BAR 0 [io  0x01f0-0x01f7]: legacy IDE quirk
[    0.728015] pci 0000:00:01.1: BAR 1 [io  0x03f6]: legacy IDE quirk
[    0.729016] pci 0000:00:01.1: BAR 2 [io  0x0170-0x0177]: legacy IDE quirk
[    0.730014] pci 0000:00:01.1: BAR 3 [io  0x0376]: legacy IDE quirk
[    0.731760] pci 0000:00:01.3: [8086:7113] type 00 class 0x068000 conventional PCI endpoint
[    0.732749] pci 0000:00:01.3: quirk: [io  0x0600-0x063f] claimed by PIIX4 ACPI
[    0.733091] pci 0000:00:01.3: quirk: [io  0x0700-0x070f] claimed by PIIX4 SMB
[    0.735005] pci 0000:00:02.0: [1af4:1009] type 00 class 0x000200 conventional PCI endpoint
[    0.737035] pci 0000:00:02.0: BAR 0 [io  0xc000-0xc03f]
[    0.738032] pci 0000:00:02.0: BAR 1 [mem 0xfebf8000-0xfebf8fff]
[    0.739077] pci 0000:00:02.0: BAR 4 [mem 0x380000000000-0x380000003fff 64bit pref]
[    0.743015] pci 0000:00:03.0: [8086:25ab] type 00 class 0x088000 conventional PCI endpoint
[    0.745041] pci 0000:00:03.0: BAR 0 [mem 0xfebf9000-0xfebf900f]
[    0.748468] pci 0000:00:04.0: [1af4:1003] type 00 class 0x078000 conventional PCI endpoint
[    0.751034] pci 0000:00:04.0: BAR 0 [io  0xc040-0xc07f]
[    0.752034] pci 0000:00:04.0: BAR 1 [mem 0xfebfa000-0xfebfafff]
[    0.753080] pci 0000:00:04.0: BAR 4 [mem 0x380000004000-0x380000007fff 64bit pref]
[    0.757133] pci 0000:00:05.0: [1af4:1003] type 00 class 0x078000 conventional PCI endpoint
[    0.759034] pci 0000:00:05.0: BAR 0 [io  0xc080-0xc0bf]
[    0.760033] pci 0000:00:05.0: BAR 1 [mem 0xfebfb000-0xfebfbfff]
[    0.761078] pci 0000:00:05.0: BAR 4 [mem 0x380000008000-0x38000000bfff 64bit pref]
[    0.765172] pci 0000:00:06.0: [1af4:1003] type 00 class 0x078000 conventional PCI endpoint
[    0.767034] pci 0000:00:06.0: BAR 0 [io  0xc0c0-0xc0ff]
[    0.768034] pci 0000:00:06.0: BAR 1 [mem 0xfebfc000-0xfebfcfff]
[    0.769074] pci 0000:00:06.0: BAR 4 [mem 0x38000000c000-0x38000000ffff 64bit pref]
[    0.773167] pci 0000:00:07.0: [1af4:1003] type 00 class 0x078000 conventional PCI endpoint
[    0.775033] pci 0000:00:07.0: BAR 0 [io  0xc100-0xc13f]
[    0.776032] pci 0000:00:07.0: BAR 1 [mem 0xfebfd000-0xfebfdfff]
[    0.777077] pci 0000:00:07.0: BAR 4 [mem 0x380000010000-0x380000013fff 64bit pref]
[    0.781133] pci 0000:00:08.0: [1af4:1003] type 00 class 0x078000 conventional PCI endpoint
[    0.783034] pci 0000:00:08.0: BAR 0 [io  0xc140-0xc17f]
[    0.784033] pci 0000:00:08.0: BAR 1 [mem 0xfebfe000-0xfebfefff]
[    0.785077] pci 0000:00:08.0: BAR 4 [mem 0x380000014000-0x380000017fff 64bit pref]
[    0.789149] pci 0000:00:09.0: [1af4:1003] type 00 class 0x078000 conventional PCI endpoint
[    0.791005] pci 0000:00:09.0: BAR 0 [io  0xc180-0xc1bf]
[    0.791032] pci 0000:00:09.0: BAR 1 [mem 0xfebff000-0xfebfffff]
[    0.792075] pci 0000:00:09.0: BAR 4 [mem 0x380000018000-0x38000001bfff 64bit pref]
[    0.801143] ACPI: PCI: Interrupt link LNKA configured for IRQ 10
[    0.802347] ACPI: PCI: Interrupt link LNKB configured for IRQ 10
[    0.803268] ACPI: PCI: Interrupt link LNKC configured for IRQ 11
[    0.804270] ACPI: PCI: Interrupt link LNKD configured for IRQ 11
[    0.805147] ACPI: PCI: Interrupt link LNKS configured for IRQ 9
[    0.808039] iommu: Default domain type: Translated
[    0.809015] iommu: DMA domain TLB invalidation policy: lazy mode
[    0.811420] SCSI subsystem initialized
[    0.812093] libata version 3.00 loaded.
[    0.813199] ACPI: bus type USB registered
[    0.814146] usbcore: registered new interface driver usbfs
[    0.815092] usbcore: registered new interface driver hub
[    0.816056] usbcore: registered new device driver usb
[    0.817239] pps_core: LinuxPPS API ver. 1 registered
[    0.818014] pps_core: Software ver. 5.3.6 - Copyright 2005-2007 Rodolfo Giometti <giometti@linux.it>
[    0.819042] PTP clock support registered
[    0.820568] Advanced Linux Sound Architecture Driver Initialized.
[    0.822290] NetLabel: Initializing
[    0.823005] NetLabel:  domain hash size = 128
[    0.823016] NetLabel:  protocols = UNLABELED CIPSOv4 CALIPSO
[    0.824076] NetLabel:  unlabeled traffic allowed by default
[    0.825376] PCI: Using ACPI for IRQ routing
[    0.826015] PCI: pci_cache_line_size set to 64 bytes
[    0.827412] e820: register RAM buffer resource [mem 0x0009fc00-0x0009ffff]
[    0.828017] e820: register RAM buffer resource [mem 0xbffe0000-0xbfffffff]
[    0.829146] vgaarb: loaded
[    0.829804] hpet0: at MMIO 0xfed00000, IRQs 2, 8, 0
[    0.830015] hpet0: 3 comparators, 64-bit 100.000000 MHz counter
[    0.837014] Callback from call_rcu_tasks() invoked.
[    0.838917] clocksource: Switched to clocksource kvm-clock
[    0.840610] VFS: Disk quotas dquot_6.6.0
[    0.841554] VFS: Dquot-cache hash table entries: 512 (4096 bytes)
[    0.844095] pnp: PnP ACPI init
[    0.845280] pnp 00:02: [dma 2]
[    0.846902] pnp: PnP ACPI: found 4 devices
[    0.865547] clocksource: acpi_pm: mask: 0xffffff max_cycles: 0xffffff, max_idle_ns: 2085701024 ns
[    0.867890] NET: Registered PF_INET protocol family
[    0.870419] IP idents hash table entries: 65536 (order: 7, 524288 bytes, linear)
[    0.874707] tcp_listen_portaddr_hash hash table entries: 2048 (order: 6, 147456 bytes, linear)
[    0.876979] Table-perturb hash table entries: 65536 (order: 6, 262144 bytes, linear)
[    0.878748] TCP established hash table entries: 32768 (order: 6, 262144 bytes, linear)
[    0.881095] TCP bind hash table entries: 32768 (order: 11, 4718592 bytes, vmalloc hugepage)
[    0.892758] TCP: Hash tables configured (established 32768 bind 32768)
[    0.895831] MPTCP token hash table entries: 4096 (order: 7, 360448 bytes, linear)
[    0.897595] UDP hash table entries: 2048 (order: 7, 524288 bytes, linear)
[    0.900431] NET: Registered PF_UNIX/PF_LOCAL protocol family
[    0.902756] RPC: Registered named UNIX socket transport module.
[    0.904133] RPC: Registered udp transport module.
[    0.905187] RPC: Registered tcp transport module.
[    0.906240] RPC: Registered tcp-with-tls transport module.
[    0.907432] RPC: Registered tcp NFSv4.1 backchannel transport module.
[    0.909802] NET: Registered PF_XDP protocol family
[    0.911099] pci_bus 0000:00: resource 4 [io  0x0000-0x0cf7 window]
[    0.912479] pci_bus 0000:00: resource 5 [io  0x0d00-0xffff window]
[    0.913846] pci_bus 0000:00: resource 6 [mem 0x000a0000-0x000bffff window]
[    0.915351] pci_bus 0000:00: resource 7 [mem 0xc0000000-0xfebfffff window]
[    0.916806] pci_bus 0000:00: resource 8 [mem 0x380000000000-0x38007fffffff window]
[    0.918580] pci 0000:00:01.0: PIIX3: Enabling Passive Release
[    0.919852] pci 0000:00:00.0: Limiting direct PCI/PCI transfers
[    0.921396] PCI: CLS 0 bytes, default 64
[    0.922422] PCI-DMA: Using software bounce buffering for IO (SWIOTLB)
[    0.923824] software IO TLB: mapped [mem 0x00000000bbfe0000-0x00000000bffe0000] (64MB)
[    0.926686] clocksource: tsc: mask: 0xffffffffffffffff max_cycles: 0x31027285e94, max_idle_ns: 440795238296 ns
[    0.937724] Initialise system trusted keyrings
[    0.939175] workingset: timestamp_bits=40 (anon: 35) max_order=20 bucket_order=0 (anon: 0)
[    0.942154] squashfs: version 4.0 (2009/01/31) Phillip Lougher
[    0.944045] NFS: Registering the id_resolver key type
[    0.945214] Key type id_resolver registered
[    0.946175] Key type id_legacy registered
[    0.947094] nfs4filelayout_init: NFSv4 File Layout Driver Registering...
[    0.948612] nfs4flexfilelayout_init: NFSv4 Flexfile Layout Driver Registering...
[    0.950509] fuse: init (API version 7.45)
[    0.951746] 9p: Installing v9fs 9p2000 file system support
[    0.954795] NET: Registered PF_ALG protocol family
[    0.955894] Key type asymmetric registered
[    0.956834] Asymmetric key parser 'x509' registered
[    0.958056] Block layer SCSI generic (bsg) driver version 0.4 loaded (major 248)
[    0.960224] io scheduler mq-deadline registered
[    0.961401] io scheduler kyber registered
[    0.963886] input: Power Button as /devices/platform/LNXPWRBN:00/input/input0
[    0.965757] ACPI: button: Power Button [PWRF]
[    1.097526] ACPI: \_SB_.LNKB: Enabled at IRQ 10
[    1.227657] ACPI: \_SB_.LNKD: Enabled at IRQ 11
[    1.355017] ACPI: \_SB_.LNKA: Enabled at IRQ 10
[    1.492056] kwatchdog (99) used greatest stack depth: 14776 bytes left
[    1.609462] ACPI: \_SB_.LNKC: Enabled at IRQ 11
[    1.865516] Serial: 8250/16550 driver, 4 ports, IRQ sharing enabled
[    1.868091] 00:03: ttyS0 at I/O 0x3f8 (irq = 4, base_baud = 115200) is a 16550A
[    2.089091] Non-volatile memory driver v1.3
[    2.091090] ACPI: bus type drm_connector registered
[    2.113963] brd: module loaded
[    2.128156] loop: module loaded
[    2.133621] scsi host0: ata_piix
[    2.135645] scsi host1: ata_piix
[    2.136959] ata1: PATA max MWDMA2 cmd 0x1f0 ctl 0x3f6 bmdma 0xc1c0 irq 14 lpm-pol 0
[    2.138659] ata2: PATA max MWDMA2 cmd 0x170 ctl 0x376 bmdma 0xc1c8 irq 15 lpm-pol 0
[    2.144581] tun: Universal TUN/TAP device driver, 1.6
[    2.146239] e100: Intel(R) PRO/100 Network Driver
[    2.147324] e100: Copyright(c) 1999-2006 Intel Corporation
[    2.148608] e1000: Intel(R) PRO/1000 Network Driver
[    2.149784] e1000: Copyright (c) 1999-2006 Intel Corporation.
[    2.151142] e1000e: Intel(R) PRO/1000 Network Driver
[    2.152235] e1000e: Copyright(c) 1999 - 2015 Intel Corporation.
[    2.153684] sky2: driver version 1.30
[    2.155724] usbcore: registered new interface driver usblp
[    2.157035] usbcore: registered new interface driver usb-storage
[    2.158541] i8042: PNP: PS/2 Controller [PNP0303:KBD,PNP0f13:MOU] at 0x60,0x64 irq 1,12
[    2.161790] serio: i8042 KBD port at 0x60,0x64 irq 1
[    2.163400] serio: i8042 AUX port at 0x60,0x64 irq 12
[    2.165551] rtc_cmos PNP0B00:00: RTC can wake from S4
[    2.169102] input: AT Translated Set 2 keyboard as /devices/platform/i8042/serio0/input/input1
[    2.169845] rtc_cmos PNP0B00:00: registered as rtc0
[    2.172490] rtc_cmos PNP0B00:00: alarms up to one day, y3k, 242 bytes nvram, hpet irqs
[    2.174721] Registered IR keymap rc-empty
[    2.176071] rc rc0: rc-core loopback device as /devices/virtual/rc/rc0
[    2.179112] rc rc0: lirc_dev: driver rc-loopback registered at minor = 0, raw IR receiver, raw IR transmitter
[    2.182549] input: rc-core loopback device as /devices/virtual/rc/rc0/input2
[    2.185393] intel_powerclamp: CPU does not support MWAIT
[    2.186566] device-mapper: core: CONFIG_IMA_DISABLE_HTABLE is disabled. Duplicate IMA measurements will not be recorded in the IMA log.
[    2.189788] device-mapper: ioctl: 4.50.0-ioctl (2025-04-28) initialised: dm-devel@lists.linux.dev
[    2.191836] amd_pstate: the _CPC object is not present in SBIOS or ACPI disabled
[    2.194273] hid: raw HID events driver (C) Jiri Kosina
[    2.197140] usbcore: registered new interface driver usbhid
[    2.198401] usbhid: USB HID core driver
[    2.200528] GACT probability NOT on
[    2.201338] Mirror/redirect action on
[    2.203688] nf_conntrack_irc: The irc conntrack helper is scheduled for removal.
[    2.203688] Please contact the netfilter-devel mailing list if you still need this.
[    2.208827] ipip: IPv4 and MPLS over IPv4 tunneling driver
[    2.210884] gre: GRE over IPv4 demultiplexer driver
[    2.212003] ip_gre: GRE over IPv4 tunneling driver
[    2.215607] Initializing XFRM netlink socket
[    2.216603] IPsec XFRM device driver
[    2.217537] NET: Registered PF_INET6 protocol family
[    2.220709] Segment Routing with IPv6
[    2.221614] In-situ OAM (IOAM) with IPv6
[    2.222592] mip6: Mobile IPv6
[    2.223258] sit: IPv6, IPv4 and MPLS over IPv4 tunneling driver
[    2.226468] ip6_gre: GRE over IPv6 tunneling driver
[    2.228362] NET: Registered PF_PACKET protocol family
[    2.229624] RPC: Registered rdma transport module.
[    2.230670] RPC: Registered rdma backchannel transport module.
[    2.232236] 8021q: 802.1Q VLAN Support v1.8
[    2.233764] smc: adding smcd device lo without pnetid
[    2.235486] NET: Registered PF_SMC protocol family
[    2.237121] 9pnet: Installing 9P2000 support
[    2.239744] Key type dns_resolver registered
[    2.240979] NET: Registered PF_VSOCK protocol family
[    2.242245] mpls_gso: MPLS GSO support
[    2.246641] IPI shorthand broadcast: enabled
[    2.291718] ata2: found unknown device (class 0)
[    2.291974] sched_clock: Marking stable (2266049439, 25303600)->(2414223589, -122870550)
[    2.294605] ata2.00: ATAPI: QEMU DVD-ROM, 2.5+, max UDMA/100
[    2.297956] registered taskstats version 1
[    2.300936] scsi 1:0:0:0: CD-ROM            QEMU     QEMU DVD-ROM     2.5+ PQ: 0 ANSI: 5
[    2.315790] Loading compiled-in X.509 certificates
[    2.317467] kworker/u32:1 (120) used greatest stack depth: 14152 bytes left
[    2.318868] Loaded X.509 cert 'Build time autogenerated kernel key: c4531344b9a9c1a4731230d977a262ba29ba5272'
[    2.322410] sr 1:0:0:0: [sr0] scsi3-mmc drive: 4x/4x cd/rw xa/form2 tray
[    2.346056] cdrom: Uniform CD-ROM driver Revision: 3.20
[    2.359795] Demotion targets for Node 0: null
[    2.361970] ima: No TPM chip found, activating TPM-bypass!
[    2.363252] ima: Allocated hash algorithm: sha1
[    2.364578] ima: No architecture policies found
[    2.365181] sr 1:0:0:0: Attached scsi CD-ROM sr0
[    2.366561] PM:   Magic number: 6:990:690
[    2.367656] mem mem: hash matches
[    2.367665] sr 1:0:0:0: Attached scsi generic sg0 type 5
[    2.368573] netconsole: network logging started
[    2.371768] cfg80211: Loading compiled-in X.509 certificates for regulatory database
[    2.374975] Loaded X.509 cert 'sforshee: 00b28ddf47aef9cea7'
[    2.376445] Loaded X.509 cert 'wens: 61c038651aabdcf94bd0ac7ff06c7248db18c600'
[    2.378265] faux_driver regulatory: Direct firmware load for regulatory.db failed with error -2
[    2.380282] cfg80211: failed to load regulatory.db
[    2.381509] ALSA device list:
[    2.382221]   No soundcards found.
[    2.599002] input: ImExPS/2 Generic Explorer Mouse as /devices/platform/i8042/serio1/input/input4
[    2.600947] md: Skipping autodetection of RAID arrays. (raid=autodetect will force)
[    2.602376] 9p: Bad value for 'source'
[    2.602976] 9pnet: Limiting 'msize' to 512000 as this is the maximum supported by transport virtio
[    2.606500] VFS: Mounted root (9p filesystem) on device 0:22.
[    2.608271] devtmpfs: mounted
[    2.608945] VFS: Pivoted into new rootfs
[    2.613772] Freeing unused kernel image (initmem) memory: 4668K
[    2.614687] Write protecting the kernel read-only data: 45056k
[    2.616916] Freeing unused kernel image (text/rodata gap) memory: 984K
[    2.618362] Freeing unused kernel image (rodata/data gap) memory: 400K
[    2.656654] x86/mm: Checked W+X mappings: passed, no W+X pages found.
[    2.657613] Run /home/prozak/.local/share/vng-venv/lib/python3.12/site-packages/virtme/guest/bin/virtme-ng-init as init process
[    2.659206]   with arguments:
[    2.659663]     /home/prozak/.local/share/vng-venv/lib/python3.12/site-packages/virtme/guest/bin/virtme-ng-init
[    2.661056]   with environment:
[    2.661555]     HOME=/
[    2.661904]     TERM=linux
[    2.662294]     virtme_hostname=virtme-ng
[    2.662903]     nr_open=1048576
[    2.663380]     virtme_link_mods=/home/prozak/sources/heimdall_experiment/uml-harness/.build/bpf-next-x86/.virtme_mods/lib/modules/0.0.0
[    2.665052]     virtme_rw_overlay0=/tmp
[    2.665596]     virtme_console=ttyS0
[    2.666099]     virtme_chdir=home/prozak/sources/heimdall_experiment/uml-harness/.build/selftests-output-qemu
[    2.752534] virtme-ng-init: mount devtmpfs -> /dev: EBUSY: Device or resource busy
[    2.754431] virtme-ng-init: Setting hostname to virtme-ng...
[    2.795207] virtme-ng-init: running systemd-tmpfiles
[    3.878630] systemd-tmpfile (127) used greatest stack depth: 12504 bytes left
[    3.878750] virtme-ng-init: basic initialization done
[    3.896623] virtme-ng-init: error creating file: Permission denied (os error 13)
[    3.985425] ip (133) used greatest stack depth: 11848 bytes left
[    4.103916] virtme-ng-init: Starting systemd-udevd version 255.4-1ubuntu8.16
[    4.105902] virtme-ng-init: triggering udev coldplug
[    7.136363] virtme-ng-init: waiting for udev to settle
[    7.968622] virtme-ng-init: udev is done
[    7.973505] virtme-ng-init: starting script
[    8.188237] bpf_testmod: loading out-of-tree module taints kernel.
[    8.189192] bpf_testmod: module verification failed: signature and/or required key missing - tainting kernel
[    8.344744] smc: removing smcd device lo
[    8.414239] ACPI: PM: Preparing to enter system sleep state S5
[    8.415651] reboot: Power down
