#165/1   iters/force_clang_to_emit_btf_for_externs:OK
#165/2   iters/create_and_destroy:OK
#165/3   iters/create_and_forget_to_destroy_fail:OK
#165/4   iters/destroy_without_creating_fail:OK
#165/5   iters/compromise_iter_w_direct_write_fail:OK
#165/6   iters/compromise_iter_w_direct_write_and_skip_destroy_fail:OK
#165/7   iters/compromise_iter_w_helper_write_fail:OK
#165/8   iters/leak_iter_from_subprog_fail:OK
#165/9   iters/valid_stack_reuse:OK
#165/10  iters/double_create_fail:OK
#165/11  iters/double_destroy_fail:OK
#165/12  iters/next_without_new_fail:OK
#165/13  iters/next_after_destroy_fail:OK
#165/14  iters/read_from_iter_slot_fail:OK
#165/15  iters/stacksafe_should_not_conflate_stack_spill_and_iter:OK
#165/16  iters/force_clang_to_emit_btf_for_externs:OK
#165/17  iters/consume_first_item_only:OK
#165/18  iters/missing_null_check_fail:OK
#165/19  iters/wrong_sized_read_fail:OK
#165/20  iters/simplest_loop:OK
#165/21  iters/widening_stack_size_bug:OK
#165/22  iters/iter_err_unsafe_c_loop:OK
#165/23  iters/iter_err_unsafe_asm_loop:OK
#165/24  iters/iter_err_too_permissive1:OK
#165/25  iters/iter_err_too_permissive2:OK
#165/26  iters/iter_err_too_permissive3:OK
#165/27  iters/delayed_read_mark:OK
#165/28  iters/delayed_precision_mark:OK
#165/29  iters/loop_state_deps1:OK
#165/30  iters/loop_state_deps2:OK
#165/31  iters/loop_state_deps3:OK
#165/32  iters/triple_continue:OK
#165/33  iters/widen_spill:OK
#165/34  iters/absent_mark_in_the_middle_state:OK
#165/35  iters/absent_mark_in_the_middle_state2:OK
#165/36  iters/absent_mark_in_the_middle_state3:OK
#165/37  iters/iter_while_loop:OK
#165/38  iters/iter_while_loop_auto_cleanup:OK
#165/39  iters/iter_for_loop:OK
#165/40  iters/iter_bpf_for_each_macro:OK
#165/41  iters/iter_bpf_for_macro:OK
#165/42  iters/iter_pragma_unroll_loop:OK
#165/43  iters/iter_manual_unroll_loop:OK
#165/44  iters/iter_multiple_sequential_loops:OK
#165/45  iters/iter_limit_cond_break_loop:OK
#165/46  iters/iter_obfuscate_counter:OK
#165/47  iters/iter_search_loop:OK
#165/48  iters/iter_array_fill:OK
#165/49  iters/iter_nested_iters:OK
#165/50  iters/iter_nested_deeply_iters:OK
#165/51  iters/iter_subprog_iters:OK
#165/52  iters/iter_tricky_but_fine:OK
#165/53  iters/iter_stack_array_loop:OK
#165/54  iters/iter_pass_iter_ptr_to_subprog:OK
#165/55  iters/checkpoint_states_deletion:OK
#165/56  iters/iter_arr_with_actual_elem_count:OK
#165/57  iters/iter_subprog_check_stacksafe:OK
#165/58  iters/iter_new_bad_arg:OK
#165/59  iters/iter_next_bad_arg:OK
#165/60  iters/iter_destroy_bad_arg:OK
#165/61  iters/clean_live_states:OK
#165/62  iters/absent_mark_in_the_middle_state4:OK
#165/63  iters/stack_misc_vs_scalar_in_a_loop:OK
#165/64  iters/iter_css_task_for_each:OK
#165/65  iters/cgroup_id_printer:OK
#165/66  iters/iter_css_task_for_each_sleep:OK
#165/67  iters/iter_next_trusted:OK
#165/68  iters/iter_next_trusted_or_null:OK
#165/69  iters/iter_next_rcu:OK
#165/70  iters/iter_next_rcu_or_null:OK
#165/71  iters/iter_next_rcu_not_trusted:OK
#165/72  iters/iter_next_ptr_mem_not_trusted:OK
#165/73  iters/iter_ret_rcu_test_protected:OK
#165/74  iters/iter_ret_rcu_test_type:OK
#165/75  iters/iter_ret_rcu_test_protected_nostruct:OK
#165/76  iters/iter_ret_rcu_test_type_nostruct:OK
#165/77  iters/testmod_seq_empty:OK
#165/78  iters/testmod_seq_full:OK
#165/79  iters/testmod_seq_truncated:OK
#165/80  iters/testmod_seq_getter_before_bad:OK
#165/81  iters/testmod_seq_getter_after_bad:OK
#165/82  iters/testmod_seq_getter_good:OK
#165/83  iters/num:OK
#165/84  iters/testmod_seq:OK
#165/85  iters/task_vma:OK
#165/86  iters/task:OK
#165/87  iters/css_task:OK
#165/88  iters/css:OK
#165/89  iters/iter_tasks_without_lock:OK
#165/90  iters/iter_css_without_lock:OK
#165/91  iters/iter_tasks_lock_and_unlock:OK
#165/92  iters/iter_css_lock_and_unlock:OK
#165/93  iters/iter_css_task_for_each:OK
#165     iters:OK
Summary: 1/93 PASSED, 0 SKIPPED, 0 FAILED
69] last_pfn = 0xbffe0 max_arch_pfn = 0x400000000
[    0.012370] found SMP MP-table at [mem 0x000f5450-0x000f545f]
[    0.013259] Using GB pages for direct mapping
[    0.014008] ACPI: Early table checksum verification disabled
[    0.014891] ACPI: RSDP 0x00000000000F5240 000014 (v00 BOCHS )
[    0.015775] ACPI: RSDT 0x00000000BFFE1F16 000034 (v01 BOCHS  BXPC     00000001 BXPC 00000001)
[    0.017075] ACPI: FACP 0x00000000BFFE1D92 000074 (v01 BOCHS  BXPC     00000001 BXPC 00000001)
[    0.018362] ACPI: DSDT 0x00000000BFFE0040 001D52 (v01 BOCHS  BXPC     00000001 BXPC 00000001)
[    0.019689] ACPI: FACS 0x00000000BFFE0000 000040
[    0.020383] ACPI: APIC 0x00000000BFFE1E06 0000B0 (v03 BOCHS  BXPC     00000001 BXPC 00000001)
[    0.021689] ACPI: HPET 0x00000000BFFE1EB6 000038 (v01 BOCHS  BXPC     00000001 BXPC 00000001)
[    0.022997] ACPI: WAET 0x00000000BFFE1EEE 000028 (v01 BOCHS  BXPC     00000001 BXPC 00000001)
[    0.024293] ACPI: Reserving FACP table memory at [mem 0xbffe1d92-0xbffe1e05]
[    0.025368] ACPI: Reserving DSDT table memory at [mem 0xbffe0040-0xbffe1d91]
[    0.026447] ACPI: Reserving FACS table memory at [mem 0xbffe0000-0xbffe003f]
[    0.027559] ACPI: Reserving APIC table memory at [mem 0xbffe1e06-0xbffe1eb5]
[    0.028634] ACPI: Reserving HPET table memory at [mem 0xbffe1eb6-0xbffe1eed]
[    0.029688] ACPI: Reserving WAET table memory at [mem 0xbffe1eee-0xbffe1f15]
[    0.031167] No NUMA configuration found
[    0.031773] Faking a node at [mem 0x0000000000000000-0x000000013fffffff]
[    0.032777] NODE_DATA(0) allocated [mem 0x13fffbc80-0x13fffffff]
[    0.034383] ACPI: PM-Timer IO Port: 0x608
[    0.035014] ACPI: LAPIC_NMI (acpi_id[0xff] dfl dfl lint[0x1])
[    0.035979] IOAPIC[0]: apic_id 0, version 17, address 0xfec00000, GSI 0-23
[    0.037012] ACPI: INT_SRC_OVR (bus 0 bus_irq 0 global_irq 2 dfl dfl)
[    0.037983] ACPI: INT_SRC_OVR (bus 0 bus_irq 5 global_irq 5 high level)
[    0.038972] ACPI: INT_SRC_OVR (bus 0 bus_irq 9 global_irq 9 high level)
[    0.040023] ACPI: INT_SRC_OVR (bus 0 bus_irq 10 global_irq 10 high level)
[    0.041034] ACPI: INT_SRC_OVR (bus 0 bus_irq 11 global_irq 11 high level)
[    0.042059] ACPI: Using ACPI (MADT) for SMP configuration information
[    0.043039] ACPI: HPET id: 0x8086a201 base: 0xfed00000
[    0.043815] TSC deadline timer available
[    0.044390] CPU topo: Max. logical packages:   1
[    0.045079] CPU topo: Max. logical nodes:      1
[    0.045772] CPU topo: Num. nodes per package:  1
[    0.046446] CPU topo: Max. logical dies:       1
[    0.047150] CPU topo: Max. dies per package:   1
[    0.047829] CPU topo: Max. threads per core:   1
[    0.048502] CPU topo: Num. cores per package:     8
[    0.049253] CPU topo: Num. threads per package:   8
[    0.049964] CPU topo: Allowing 8 present CPUs plus 0 hotplug CPUs
[    0.050892] kvm-guest: APIC: eoi() replaced with kvm_guest_apic_eoi_write()
[    0.051958] kvm-guest: KVM setup pv remote TLB flush
[    0.052691] kvm-guest: setup PV sched yield
[    0.053340] PM: hibernation: Registered nosave memory: [mem 0x00000000-0x00000fff]
[    0.054445] PM: hibernation: Registered nosave memory: [mem 0x0009f000-0x000fffff]
[    0.055591] PM: hibernation: Registered nosave memory: [mem 0xbffe0000-0xffffffff]
[    0.056724] [gap 0xc0000000-0xfeffbfff] available for PCI devices
[    0.057661] Booting paravirtualized kernel on KVM
[    0.058348] clocksource: refined-jiffies: mask: 0xffffffff max_cycles: 0xffffffff, max_idle_ns: 1910969940391419 ns
[    0.064469] Zone ranges:
[    0.064850]   DMA      [mem 0x0000000000001000-0x0000000000ffffff]
[    0.065752]   DMA32    [mem 0x0000000001000000-0x00000000ffffffff]
[    0.066678]   Normal   [mem 0x0000000100000000-0x000000013fffffff]
[    0.067593] Movable zone start for each node
[    0.068235] Early memory node ranges
[    0.068756]   node   0: [mem 0x0000000000001000-0x000000000009efff]
[    0.069670]   node   0: [mem 0x0000000000100000-0x00000000bffdffff]
[    0.070617]   node   0: [mem 0x0000000100000000-0x000000013fffffff]
[    0.071546] Initmem setup node 0 [mem 0x0000000000001000-0x000000013fffffff]
[    0.072629] On node 0, zone DMA: 1 pages in unavailable ranges
[    0.073847] On node 0, zone DMA: 97 pages in unavailable ranges
[    0.199887] On node 0, zone Normal: 32 pages in unavailable ranges
[    0.200878] setup_percpu: NR_CPUS:128 nr_cpumask_bits:8 nr_cpu_ids:8 nr_node_ids:1
[    0.206224] percpu: Embedded 58 pages/cpu s199696 r8192 d29680 u262144
[    0.207239] pcpu-alloc: s199696 r8192 d29680 u262144 alloc=1*2097152
[    0.208231] pcpu-alloc: [0] 0 1 2 3 4 5 6 7 
[    0.208949] Kernel command line: virtme_hostname=virtme-ng nr_open=1048576 virtme_link_mods=/home/prozak/sources/heimdall_experiment/uml-harness/.build/bpf-next-x86/.virtme_mods/lib/modules/0.0.0 virtme_rw_overlay0=/tmp virtme_console=ttyS0 console=ttyS0 earlyprintk=serial,ttyS0,115200 panic=-1 virtme.exec=`bW91bnQgLXQgYnBmIGJwZmZzIC9zeXMvZnMvYnBmIDI+L2Rldi9udWxsOyAuL3Rlc3RfcHJvZ3MgLXQgJ2l0ZXJzJw==` virtme_chdir=home/prozak/sources/heimdall_experiment/uml-harness/.build/selftests-output-qemu rootfstype=9p rootflags=version=9p2000.L,trans=virtio,access=any,msize=524288 raid=noautodetect rw debug init=/home/prozak/.local/share/vng-venv/lib/python3.12/site-packages/virtme/guest/bin/virtme-ng-init
[    0.218496] Unknown kernel command line parameters "virtme_hostname=virtme-ng nr_open=1048576 virtme_link_mods=/home/prozak/sources/heimdall_experiment/uml-harness/.build/bpf-next-x86/.virtme_mods/lib/modules/0.0.0 virtme_rw_overlay0=/tmp virtme_console=ttyS0 virtme_chdir=home/prozak/sources/heimdall_experiment/uml-harness/.build/selftests-output-qemu", will be passed to user space.
[    0.223669] random: crng init done
[    0.224172] printk: log buffer data + meta data: 2097152 + 7340032 = 9437184 bytes
[    0.233453] Dentry cache hash table entries: 524288 (order: 10, 4194304 bytes, linear)
[    0.238662] Inode-cache hash table entries: 262144 (order: 9, 2097152 bytes, linear)
[    0.240041] software IO TLB: area num 8.
[    0.374948] Fallback order for Node 0: 0 
[    0.374955] Built 1 zonelists, mobility grouping on.  Total pages: 1048446
[    0.376653] Policy zone: Normal
[    0.377117] mem auto-init: stack:all(zero), heap alloc:off, heap free:off
[    0.383383] SLUB: HWalign=64, Order=0-3, MinObjects=0, CPUs=8, Nodes=1
Poking KASLR using RDRAND RDTSC...
[    0.398693] ftrace: allocating 69757 entries in 274 pages
[    0.399533] ftrace: allocated 274 pages with 3 groups
[    0.400797] Dynamic Preempt: full
[    0.401690] Running RCU self tests
[    0.402200] Running RCU synchronous self tests
[    0.402873] rcu: Preemptible hierarchical RCU implementation.
[    0.403719] rcu: 	RCU event tracing is enabled.
[    0.404458] rcu: 	RCU lockdep checking is enabled.
[    0.405199] rcu: 	RCU restricting CPUs from NR_CPUS=128 to nr_cpu_ids=8.
[    0.406231] 	Trampoline variant of Tasks RCU enabled.
[    0.406975] 	Rude variant of Tasks RCU enabled.
[    0.407642] 	Tracing variant of Tasks RCU enabled.
[    0.408389] rcu: RCU calculated value of scheduler-enlistment delay is 100 jiffies.
[    0.409555] rcu: Adjusting geometry for rcu_fanout_leaf=16, nr_cpu_ids=8
[    0.410634] Running RCU synchronous self tests
[    0.411295] RCU Tasks: Setting shift to 3 and lim to 1 rcu_task_cb_adjust=1 rcu_task_cpu_ids=8.
[    0.412616] RCU Tasks Rude: Setting shift to 3 and lim to 1 rcu_task_cb_adjust=1 rcu_task_cpu_ids=8.
[    0.419716] NR_IRQS: 8448, nr_irqs: 488, preallocated irqs: 16
[    0.420984] rcu: srcu_init: Setting srcu_struct sizes based on contention.
[    0.422063] clocksource: jiffies: mask: 0xffffffff max_cycles: 0xffffffff, max_idle_ns: 1911260446275000 ns
[    0.423923] Console: colour *CGA 80x25
[    0.424541] printk: legacy console [ttyS0] enabled
[    0.424541] printk: legacy console [ttyS0] enabled
[    0.426020] printk: legacy bootconsole [earlyser0] disabled
[    0.426020] printk: legacy bootconsole [earlyser0] disabled
[    0.427692] Lock dependency validator: Copyright (c) 2006 Red Hat, Inc., Ingo Molnar
[    0.428929] ... MAX_LOCKDEP_SUBCLASSES:  8
[    0.429560] ... MAX_LOCK_DEPTH:          48
[    0.430219] ... MAX_LOCKDEP_KEYS:        8192
[    0.430881] ... CLASSHASH_SIZE:          4096
[    0.431549] ... MAX_LOCKDEP_ENTRIES:     32768
[    0.432271] ... MAX_LOCKDEP_CHAINS:      65536
[    0.432979] ... CHAINHASH_SIZE:          32768
[    0.433660]  memory used by lock dependency info: 6429 kB
[    0.434494]  memory used for stack traces: 4224 kB
[    0.435221]  per task-struct memory footprint: 1920 bytes
[    0.436210] ACPI: Core revision 20260408
[    0.437028] clocksource: hpet: mask: 0xffffffff max_cycles: 0xffffffff, max_idle_ns: 19112604467 ns
[    0.438584] APIC: Switch to symmetric I/O mode setup
[    0.439841] x2apic enabled
[    0.440789] APIC: Switched APIC routing to: physical x2apic
[    0.441710] kvm-guest: APIC: send_IPI_mask() replaced with kvm_send_ipi_mask()
[    0.442866] kvm-guest: APIC: send_IPI_mask_allbutself() replaced with kvm_send_ipi_mask_allbutself()
[    0.444338] kvm-guest: setup PV IPIs
[    0.446988] ..TIMER: vector=0x30 apic1=0 pin1=2 apic2=-1 pin2=-1
[    0.447995] clocksource: tsc-early: mask: 0xffffffffffffffff max_cycles: 0x31027285e94, max_idle_ns: 440795238296 ns
[    0.449701] Calibrating delay loop (skipped) preset value.. 6800.07 BogoMIPS (lpj=3400038)
[    0.451733] x86/cpu: User Mode Instruction Prevention (UMIP) activated
[    0.453012] Last level iTLB entries: 4KB 512, 2MB 255, 4MB 127
[    0.453699] Last level dTLB entries: 4KB 512, 2MB 255, 4MB 127, 1GB 0
[    0.454707] mitigations: Enabled attack vectors: user_kernel, user_user, SMT mitigations: auto
[    0.455699] Speculative Store Bypass: Mitigation: Speculative Store Bypass disabled via prctl
[    0.456699] Speculative Return Stack Overflow: IBPB-extending microcode not applied!
[    0.457699] Speculative Return Stack Overflow: WARNING: See https://kernel.org/doc/html/latest/admin-guide/hw-vuln/srso.html for mitigation options.
[    0.457700] Transient Scheduler Attacks: Vulnerable: No microcode
[    0.459699] Spectre V2 : Mitigation: Retpolines
[    0.460699] Speculative Return Stack Overflow: Vulnerable: Safe RET, no microcode
[    0.461699] Spectre V1 : Mitigation: usercopy/swapgs barriers and __user pointer sanitization
[    0.462699] Spectre V2 : Spectre v2 / SpectreRSB: Filling RSB on context switch and VMEXIT
[    0.463699] Spectre V2 : Enabling Restricted Speculation for firmware calls
[    0.464701] Spectre V2 : mitigation: Enabling conditional Indirect Branch Prediction Barrier
[    0.465699] active return thunk: srso_alias_return_thunk
[    0.466749] x86/fpu: Supporting XSAVE feature 0x001: 'x87 floating point registers'
[    0.467699] x86/fpu: Supporting XSAVE feature 0x002: 'SSE registers'
[    0.468699] x86/fpu: Supporting XSAVE feature 0x004: 'AVX registers'
[    0.469698] x86/fpu: xstate_offset[2]:  576, xstate_sizes[2]:  256
[    0.470699] x86/fpu: Enabled xstate features 0x7, context size is 832 bytes, using 'compacted' format.
[    0.505851] pid_max: default: 32768 minimum: 301
[    0.506906] SELinux:  Initializing.
[    0.508846] LSM support for eBPF active
[    0.509897] Mount-cache hash table entries: 8192 (order: 4, 65536 bytes, linear)
[    0.510852] Mountpoint-cache hash table entries: 8192 (order: 4, 65536 bytes, linear)
[    0.513051] VFS: Finished mounting rootfs on nullfs
[    0.515343] Running RCU synchronous self tests
[    0.515701] Running RCU synchronous self tests
[    0.517261] smpboot: CPU0: AMD Ryzen 9 5950X 16-Core Processor (family: 0x19, model: 0x21, stepping: 0x2)
[    0.519969] Performance Events: Fam17h+ core perfctr, AMD PMU driver.
[    0.520719] ... version:                   0
[    0.521524] ... bit width:                 48
[    0.521707] ... generic counters:          6
[    0.522472] ... generic bitmap:            000000000000003f
[    0.522706] ... fixed-purpose counters:    0
[    0.523487] ... fixed-purpose bitmap:      0000000000000000
[    0.523706] ... value mask:                0000ffffffffffff
[    0.524705] ... max period:                00007fffffffffff
[    0.525706] ... global_ctrl mask:          000000000000003f
[    0.527066] signal: max sigframe size: 1776
[    0.527865] rcu: Hierarchical SRCU implementation.
[    0.528708] rcu: 	Max phase no-delay instances is 400.
[    0.530808] Timer migration: 1 hierarchy levels; 8 children per group; 1 crossnode level
[    0.544113] smp: Bringing up secondary CPUs ...
[    0.548944] smpboot: x86: Booting SMP configuration:
[    0.549709] .... node  #0, CPUs:      #1 #2 #3 #4 #5 #6 #7
[    0.575077] smp: Brought up 1 node, 8 CPUs
[    0.576586] smpboot: Total of 8 processors activated (54400.60 BogoMIPS)
[    0.578440] Memory: 3963792K/4193784K available (25637K kernel code, 10348K rwdata, 18032K rodata, 4668K init, 13400K bss, 221936K reserved, 0K cma-reserved)
[    0.580708] devtmpfs: initialized
[    0.584997] Running RCU synchronous self tests
[    0.585729] Running RCU synchronous self tests
[    0.586890] Running RCU Tasks wait API self tests
[    0.587771] Running RCU Tasks Rude wait API self tests
[    0.588709] Running RCU Tasks Trace wait API self tests
[    0.589826] posixtimers hash table entries: 4096 (order: 7, 294912 bytes, linear)
[    0.591985] futex hash table entries: 2048 (262144 bytes on 1 NUMA nodes, total 256 KiB, linear).
[    0.593706] PM: RTC time: 22:58:54, date: 2026-08-02
[    0.594737] Callback from call_rcu_tasks_trace() invoked.
[    0.601021] NET: Registered PF_NETLINK/PF_ROUTE protocol family
[    0.602740] audit: initializing netlink subsys (disabled)
[    0.603820] audit: type=2000 audit(1785711534.829:1): state=initialized audit_enabled=0 res=1
[    0.626563] thermal_sys: Registered thermal governor 'step_wise'
[    0.626633] cpuidle: using governor ladder
[    0.627708] cpuidle: using governor menu
[    0.629916] Freeing SMP alternatives memory: 68K
[    0.631567] PCI: Using configuration type 1 for base access
[    0.631707] PCI: Using configuration type 1 for extended access
[    0.632865] kprobes: kprobe jump-optimization is enabled. All kprobes are optimized if possible.
[    0.634835] HugeTLB: registered 1.00 GiB page size, pre-allocated 0 pages
[    0.635709] HugeTLB: 16380 KiB vmemmap can be freed for a 1.00 GiB page
[    0.636707] HugeTLB: registered 2.00 MiB page size, pre-allocated 0 pages
[    0.637705] HugeTLB: 28 KiB vmemmap can be freed for a 2.00 MiB page
[    0.643689] ACPI: Added _OSI(Module Device)
[    0.643708] ACPI: Added _OSI(Processor Device)
[    0.644664] ACPI: Added _OSI(Processor Aggregator Device)
[    0.648398] ACPI: 1 ACPI AML tables successfully acquired and loaded
[    0.651312] ACPI: \_SB_: platform _OSC: OS support mask [002a7eee]
[    0.652456] ACPI: Interpreter enabled
[    0.652775] ACPI: PM: (supports S0 S3 S4 S5)
[    0.653718] ACPI: Using IOAPIC for interrupt routing
[    0.654757] PCI: Using host bridge windows from ACPI; if necessary, use "pci=nocrs" and report a bug
[    0.655707] PCI: Using E820 reservations for host bridge windows
[    0.657079] ACPI: Enabled 2 GPEs in block 00 to 0F
[    0.673392] ACPI: PCI Root Bridge [PCI0] (domain 0000 [bus 00-ff])
[    0.673713] acpi PNP0A03:00: _OSC: OS supports [ExtendedConfig ASPM ClockPM Segments MSI HPX-Type3]
[    0.674718] acpi PNP0A03:00: _OSC: OS requested [PME PCIeCapability LTR]
[    0.675708] acpi PNP0A03:00: _OSC: platform willing to grant [PME PCIeCapability LTR]
[    0.676707] acpi PNP0A03:00: _OSC: platform retains control of PCIe features (AE_ERROR)
[    0.678517] PCI host bridge to bus 0000:00
[    0.678717] pci_bus 0000:00: root bus resource [io  0x0000-0x0cf7 window]
[    0.679708] pci_bus 0000:00: root bus resource [io  0x0d00-0xffff window]
[    0.680708] pci_bus 0000:00: root bus resource [mem 0x000a0000-0x000bffff window]
[    0.681709] pci_bus 0000:00: root bus resource [mem 0xc0000000-0xfebfffff window]
[    0.682707] pci_bus 0000:00: root bus resource [mem 0x380000000000-0x38007fffffff window]
[    0.683708] pci_bus 0000:00: root bus resource [bus 00-ff]
[    0.685108] pci 0000:00:00.0: [8086:1237] type 00 class 0x060000 conventional PCI endpoint
[    0.687504] pci 0000:00:01.0: [8086:7000] type 00 class 0x060100 conventional PCI endpoint
[    0.689094] pci 0000:00:01.1: [8086:7010] type 00 class 0x010180 conventional PCI endpoint
[    0.690627] pci 0000:00:01.1: BAR 4 [io  0xc1c0-0xc1cf]
[    0.690836] pci 0000:00:01.1: BAR 0 [io  0x01f0-0x01f7]: legacy IDE quirk
[    0.691706] pci 0000:00:01.1: BAR 1 [io  0x03f6]: legacy IDE quirk
[    0.692707] pci 0000:00:01.1: BAR 2 [io  0x0170-0x0177]: legacy IDE quirk
[    0.693706] pci 0000:00:01.1: BAR 3 [io  0x0376]: legacy IDE quirk
[    0.695456] pci 0000:00:01.3: [8086:7113] type 00 class 0x068000 conventional PCI endpoint
[    0.696435] pci 0000:00:01.3: quirk: [io  0x0600-0x063f] claimed by PIIX4 ACPI
[    0.696725] pci 0000:00:01.3: quirk: [io  0x0700-0x070f] claimed by PIIX4 SMB
[    0.698721] pci 0000:00:02.0: [1af4:1009] type 00 class 0x000200 conventional PCI endpoint
[    0.701724] pci 0000:00:02.0: BAR 0 [io  0xc000-0xc03f]
[    0.702725] pci 0000:00:02.0: BAR 1 [mem 0xfebf8000-0xfebf8fff]
[    0.703766] pci 0000:00:02.0: BAR 4 [mem 0x380000000000-0x380000003fff 64bit pref]
[    0.707855] pci 0000:00:03.0: [8086:25ab] type 00 class 0x088000 conventional PCI endpoint
[    0.709725] pci 0000:00:03.0: BAR 0 [mem 0xfebf9000-0xfebf900f]
[    0.713310] pci 0000:00:04.0: [1af4:1003] type 00 class 0x078000 conventional PCI endpoint
[    0.715252] pci 0000:00:04.0: BAR 0 [io  0xc040-0xc07f]
[    0.715724] pci 0000:00:04.0: BAR 1 [mem 0xfebfa000-0xfebfafff]
[    0.716767] pci 0000:00:04.0: BAR 4 [mem 0x380000004000-0x380000007fff 64bit pref]
[    0.721012] pci 0000:00:05.0: [1af4:1003] type 00 class 0x078000 conventional PCI endpoint
[    0.722726] pci 0000:00:05.0: BAR 0 [io  0xc080-0xc0bf]
[    0.723725] pci 0000:00:05.0: BAR 1 [mem 0xfebfb000-0xfebfbfff]
[    0.724767] pci 0000:00:05.0: BAR 4 [mem 0x380000008000-0x38000000bfff 64bit pref]
[    0.729258] pci 0000:00:06.0: [1af4:1003] type 00 class 0x078000 conventional PCI endpoint
[    0.730679] pci 0000:00:06.0: BAR 0 [io  0xc0c0-0xc0ff]
[    0.730725] pci 0000:00:06.0: BAR 1 [mem 0xfebfc000-0xfebfcfff]
[    0.731769] pci 0000:00:06.0: BAR 4 [mem 0x38000000c000-0x38000000ffff 64bit pref]
[    0.736024] pci 0000:00:07.0: [1af4:1003] type 00 class 0x078000 conventional PCI endpoint
[    0.737723] pci 0000:00:07.0: BAR 0 [io  0xc100-0xc13f]
[    0.738722] pci 0000:00:07.0: BAR 1 [mem 0xfebfd000-0xfebfdfff]
[    0.739768] pci 0000:00:07.0: BAR 4 [mem 0x380000010000-0x380000013fff 64bit pref]
[    0.744409] pci 0000:00:08.0: [1af4:1003] type 00 class 0x078000 conventional PCI endpoint
[    0.745723] pci 0000:00:08.0: BAR 0 [io  0xc140-0xc17f]
[    0.746725] pci 0000:00:08.0: BAR 1 [mem 0xfebfe000-0xfebfefff]
[    0.747765] pci 0000:00:08.0: BAR 4 [mem 0x380000014000-0x380000017fff 64bit pref]
[    0.752002] pci 0000:00:09.0: [1af4:1003] type 00 class 0x078000 conventional PCI endpoint
[    0.753690] pci 0000:00:09.0: BAR 0 [io  0xc180-0xc1bf]
[    0.753725] pci 0000:00:09.0: BAR 1 [mem 0xfebff000-0xfebfffff]
[    0.754766] pci 0000:00:09.0: BAR 4 [mem 0x380000018000-0x38000001bfff 64bit pref]
[    0.764184] ACPI: PCI: Interrupt link LNKA configured for IRQ 10
[    0.764965] ACPI: PCI: Interrupt link LNKB configured for IRQ 10
[    0.765962] ACPI: PCI: Interrupt link LNKC configured for IRQ 11
[    0.766958] ACPI: PCI: Interrupt link LNKD configured for IRQ 11
[    0.767835] ACPI: PCI: Interrupt link LNKS configured for IRQ 9
[    0.770729] iommu: Default domain type: Translated
[    0.771706] iommu: DMA domain TLB invalidation policy: lazy mode
[    0.774114] SCSI subsystem initialized
[    0.774800] libata version 3.00 loaded.
[    0.775864] ACPI: bus type USB registered
[    0.776839] usbcore: registered new interface driver usbfs
[    0.777782] usbcore: registered new interface driver hub
[    0.778744] usbcore: registered new device driver usb
[    0.779892] pps_core: LinuxPPS API ver. 1 registered
[    0.780706] pps_core: Software ver. 5.3.6 - Copyright 2005-2007 Rodolfo Giometti <giometti@linux.it>
[    0.781738] PTP clock support registered
[    0.783177] Advanced Linux Sound Architecture Driver Initialized.
[    0.784980] NetLabel: Initializing
[    0.785707] NetLabel:  domain hash size = 128
[    0.786624] NetLabel:  protocols = UNLABELED CIPSOv4 CALIPSO
[    0.786755] NetLabel:  unlabeled traffic allowed by default
[    0.787990] PCI: Using ACPI for IRQ routing
[    0.788709] PCI: pci_cache_line_size set to 64 bytes
[    0.790116] e820: register RAM buffer resource [mem 0x0009fc00-0x0009ffff]
[    0.790708] e820: register RAM buffer resource [mem 0xbffe0000-0xbfffffff]
[    0.791852] vgaarb: loaded
[    0.792462] hpet0: at MMIO 0xfed00000, IRQs 2, 8, 0
[    0.792708] hpet0: 3 comparators, 64-bit 100.000000 MHz counter
[    0.795715] Callback from call_rcu_tasks() invoked.
[    0.797787] clocksource: Switched to clocksource kvm-clock
[    0.800178] VFS: Disk quotas dquot_6.6.0
[    0.801114] VFS: Dquot-cache hash table entries: 512 (4096 bytes)
[    0.803532] pnp: PnP ACPI init
[    0.804855] pnp 00:02: [dma 2]
[    0.806426] pnp: PnP ACPI: found 4 devices
[    0.824603] clocksource: acpi_pm: mask: 0xffffff max_cycles: 0xffffff, max_idle_ns: 2085701024 ns
[    0.826856] NET: Registered PF_INET protocol family
[    0.829271] IP idents hash table entries: 65536 (order: 7, 524288 bytes, linear)
[    0.833469] tcp_listen_portaddr_hash hash table entries: 2048 (order: 6, 147456 bytes, linear)
[    0.836078] Table-perturb hash table entries: 65536 (order: 6, 262144 bytes, linear)
[    0.837764] TCP established hash table entries: 32768 (order: 6, 262144 bytes, linear)
[    0.840061] TCP bind hash table entries: 32768 (order: 11, 4718592 bytes, vmalloc hugepage)
[    0.852281] TCP: Hash tables configured (established 32768 bind 32768)
[    0.855212] MPTCP token hash table entries: 4096 (order: 7, 360448 bytes, linear)
[    0.856950] UDP hash table entries: 2048 (order: 7, 524288 bytes, linear)
[    0.859674] NET: Registered PF_UNIX/PF_LOCAL protocol family
[    0.861880] RPC: Registered named UNIX socket transport module.
[    0.863211] RPC: Registered udp transport module.
[    0.864310] RPC: Registered tcp transport module.
[    0.865382] RPC: Registered tcp-with-tls transport module.
[    0.866572] RPC: Registered tcp NFSv4.1 backchannel transport module.
[    0.868843] NET: Registered PF_XDP protocol family
[    0.870196] pci_bus 0000:00: resource 4 [io  0x0000-0x0cf7 window]
[    0.871731] pci_bus 0000:00: resource 5 [io  0x0d00-0xffff window]
[    0.873105] pci_bus 0000:00: resource 6 [mem 0x000a0000-0x000bffff window]
[    0.874588] pci_bus 0000:00: resource 7 [mem 0xc0000000-0xfebfffff window]
[    0.876146] pci_bus 0000:00: resource 8 [mem 0x380000000000-0x38007fffffff window]
[    0.877886] pci 0000:00:01.0: PIIX3: Enabling Passive Release
[    0.879154] pci 0000:00:00.0: Limiting direct PCI/PCI transfers
[    0.880694] PCI: CLS 0 bytes, default 64
[    0.881697] PCI-DMA: Using software bounce buffering for IO (SWIOTLB)
[    0.883070] software IO TLB: mapped [mem 0x00000000bbfe0000-0x00000000bffe0000] (64MB)
[    0.885830] clocksource: tsc: mask: 0xffffffffffffffff max_cycles: 0x31027285e94, max_idle_ns: 440795238296 ns
[    0.897245] Initialise system trusted keyrings
[    0.898630] workingset: timestamp_bits=40 (anon: 35) max_order=20 bucket_order=0 (anon: 0)
[    0.901412] squashfs: version 4.0 (2009/01/31) Phillip Lougher
[    0.903332] NFS: Registering the id_resolver key type
[    0.904571] Key type id_resolver registered
[    0.905568] Key type id_legacy registered
[    0.906500] nfs4filelayout_init: NFSv4 File Layout Driver Registering...
[    0.907994] nfs4flexfilelayout_init: NFSv4 Flexfile Layout Driver Registering...
[    0.909809] fuse: init (API version 7.45)
[    0.910959] 9p: Installing v9fs 9p2000 file system support
[    0.913945] NET: Registered PF_ALG protocol family
[    0.915026] Key type asymmetric registered
[    0.915936] Asymmetric key parser 'x509' registered
[    0.917088] Block layer SCSI generic (bsg) driver version 0.4 loaded (major 248)
[    0.919199] io scheduler mq-deadline registered
[    0.920290] io scheduler kyber registered
[    0.922461] input: Power Button as /devices/platform/LNXPWRBN:00/input/input0
[    0.924322] ACPI: button: Power Button [PWRF]
[    1.051862] ACPI: \_SB_.LNKB: Enabled at IRQ 10
[    1.177142] ACPI: \_SB_.LNKD: Enabled at IRQ 11
[    1.301063] ACPI: \_SB_.LNKA: Enabled at IRQ 10
[    1.459257] kwatchdog (98) used greatest stack depth: 14776 bytes left
[    1.549016] ACPI: \_SB_.LNKC: Enabled at IRQ 11
[    1.797358] Serial: 8250/16550 driver, 4 ports, IRQ sharing enabled
[    1.799854] 00:03: ttyS0 at I/O 0x3f8 (irq = 4, base_baud = 115200) is a 16550A
[    1.950418] Non-volatile memory driver v1.3
[    1.952553] ACPI: bus type drm_connector registered
[    1.953888] clocksource: Watchdog remote CPU 2 read timed out
[    1.974805] brd: module loaded
[    1.988655] loop: module loaded
[    1.993869] scsi host0: ata_piix
[    1.995689] scsi host1: ata_piix
[    1.996741] ata1: PATA max MWDMA2 cmd 0x1f0 ctl 0x3f6 bmdma 0xc1c0 irq 14 lpm-pol 0
[    1.998446] ata2: PATA max MWDMA2 cmd 0x170 ctl 0x376 bmdma 0xc1c8 irq 15 lpm-pol 0
[    2.004470] tun: Universal TUN/TAP device driver, 1.6
[    2.006125] e100: Intel(R) PRO/100 Network Driver
[    2.007191] e100: Copyright(c) 1999-2006 Intel Corporation
[    2.008521] e1000: Intel(R) PRO/1000 Network Driver
[    2.009630] e1000: Copyright (c) 1999-2006 Intel Corporation.
[    2.011017] e1000e: Intel(R) PRO/1000 Network Driver
[    2.012150] e1000e: Copyright(c) 1999 - 2015 Intel Corporation.
[    2.013569] sky2: driver version 1.30
[    2.015557] usbcore: registered new interface driver usblp
[    2.016868] usbcore: registered new interface driver usb-storage
[    2.018301] i8042: PNP: PS/2 Controller [PNP0303:KBD,PNP0f13:MOU] at 0x60,0x64 irq 1,12
[    2.021505] serio: i8042 KBD port at 0x60,0x64 irq 1
[    2.023086] serio: i8042 AUX port at 0x60,0x64 irq 12
[    2.025493] rtc_cmos PNP0B00:00: RTC can wake from S4
[    2.028534] input: AT Translated Set 2 keyboard as /devices/platform/i8042/serio0/input/input1
[    2.031463] rtc_cmos PNP0B00:00: registered as rtc0
[    2.032998] rtc_cmos PNP0B00:00: alarms up to one day, y3k, 242 bytes nvram, hpet irqs
[    2.035326] Registered IR keymap rc-empty
[    2.036739] rc rc0: rc-core loopback device as /devices/virtual/rc/rc0
[    2.038549] rc rc0: lirc_dev: driver rc-loopback registered at minor = 0, raw IR receiver, raw IR transmitter
[    2.041111] input: rc-core loopback device as /devices/virtual/rc/rc0/input3
[    2.044139] intel_powerclamp: CPU does not support MWAIT
[    2.045481] device-mapper: core: CONFIG_IMA_DISABLE_HTABLE is disabled. Duplicate IMA measurements will not be recorded in the IMA log.
[    2.049501] device-mapper: ioctl: 4.50.0-ioctl (2025-04-28) initialised: dm-devel@lists.linux.dev
[    2.051672] amd_pstate: the _CPC object is not present in SBIOS or ACPI disabled
[    2.054352] hid: raw HID events driver (C) Jiri Kosina
[    2.058033] usbcore: registered new interface driver usbhid
[    2.059315] usbhid: USB HID core driver
[    2.061391] GACT probability NOT on
[    2.062287] Mirror/redirect action on
[    2.064598] nf_conntrack_irc: The irc conntrack helper is scheduled for removal.
[    2.064598] Please contact the netfilter-devel mailing list if you still need this.
[    2.069688] ipip: IPv4 and MPLS over IPv4 tunneling driver
[    2.071699] gre: GRE over IPv4 demultiplexer driver
[    2.072825] ip_gre: GRE over IPv4 tunneling driver
[    2.076331] Initializing XFRM netlink socket
[    2.077609] IPsec XFRM device driver
[    2.078519] NET: Registered PF_INET6 protocol family
[    2.081803] Segment Routing with IPv6
[    2.082686] In-situ OAM (IOAM) with IPv6
[    2.083551] mip6: Mobile IPv6
[    2.084260] sit: IPv6, IPv4 and MPLS over IPv4 tunneling driver
[    2.087140] ip6_gre: GRE over IPv6 tunneling driver
[    2.089103] NET: Registered PF_PACKET protocol family
[    2.090340] RPC: Registered rdma transport module.
[    2.091417] RPC: Registered rdma backchannel transport module.
[    2.093025] 8021q: 802.1Q VLAN Support v1.8
[    2.094759] smc: adding smcd device lo without pnetid
[    2.096040] NET: Registered PF_SMC protocol family
[    2.097552] 9pnet: Installing 9P2000 support
[    2.100100] Key type dns_resolver registered
[    2.101347] NET: Registered PF_VSOCK protocol family
[    2.102559] mpls_gso: MPLS GSO support
[    2.107010] IPI shorthand broadcast: enabled
[    2.150986] sched_clock: Marking stable (2131014750, 19633633)->(2248145224, -97496841)
[    2.154324] ata2: found unknown device (class 0)
[    2.156013] registered taskstats version 1
[    2.156890] ata2.00: ATAPI: QEMU DVD-ROM, 2.5+, max UDMA/100
[    2.161247] scsi 1:0:0:0: CD-ROM            QEMU     QEMU DVD-ROM     2.5+ PQ: 0 ANSI: 5
[    2.173514] Loading compiled-in X.509 certificates
[    2.175290] kworker/u32:1 (119) used greatest stack depth: 13008 bytes left
[    2.176535] Loaded X.509 cert 'Build time autogenerated kernel key: c4531344b9a9c1a4731230d977a262ba29ba5272'
[    2.186728] sr 1:0:0:0: [sr0] scsi3-mmc drive: 4x/4x cd/rw xa/form2 tray
[    2.211467] cdrom: Uniform CD-ROM driver Revision: 3.20
[    2.217117] Demotion targets for Node 0: null
[    2.218751] ima: No TPM chip found, activating TPM-bypass!
[    2.219984] ima: Allocated hash algorithm: sha1
[    2.221169] ima: No architecture policies found
[    2.223340] PM:   Magic number: 6:938:1006
[    2.224285] input input3: hash matches
[    2.225384] netconsole: network logging started
[    2.225995] sr 1:0:0:0: Attached scsi CD-ROM sr0
[    2.227122] cfg80211: Loading compiled-in X.509 certificates for regulatory database
[    2.228394] sr 1:0:0:0: Attached scsi generic sg0 type 5
[    2.230104] Loaded X.509 cert 'sforshee: 00b28ddf47aef9cea7'
[    2.232155] Loaded X.509 cert 'wens: 61c038651aabdcf94bd0ac7ff06c7248db18c600'
[    2.234021] faux_driver regulatory: Direct firmware load for regulatory.db failed with error -2
[    2.235998] cfg80211: failed to load regulatory.db
[    2.236179] ALSA device list:
[    2.237984]   No soundcards found.
[    2.468420] input: ImExPS/2 Generic Explorer Mouse as /devices/platform/i8042/serio1/input/input4
[    2.470281] md: Skipping autodetection of RAID arrays. (raid=autodetect will force)
[    2.471751] 9p: Bad value for 'source'
[    2.472355] 9pnet: Limiting 'msize' to 512000 as this is the maximum supported by transport virtio
[    2.475801] VFS: Mounted root (9p filesystem) on device 0:22.
[    2.477455] devtmpfs: mounted
[    2.478135] VFS: Pivoted into new rootfs
[    2.483347] Freeing unused kernel image (initmem) memory: 4668K
[    2.484247] Write protecting the kernel read-only data: 45056k
[    2.486373] Freeing unused kernel image (text/rodata gap) memory: 984K
[    2.487778] Freeing unused kernel image (rodata/data gap) memory: 400K
[    2.524975] x86/mm: Checked W+X mappings: passed, no W+X pages found.
[    2.525866] Run /home/prozak/.local/share/vng-venv/lib/python3.12/site-packages/virtme/guest/bin/virtme-ng-init as init process
[    2.527400]   with arguments:
[    2.527837]     /home/prozak/.local/share/vng-venv/lib/python3.12/site-packages/virtme/guest/bin/virtme-ng-init
[    2.529185]   with environment:
[    2.529624]     HOME=/
[    2.530006]     TERM=linux
[    2.530402]     virtme_hostname=virtme-ng
[    2.531004]     nr_open=1048576
[    2.531446]     virtme_link_mods=/home/prozak/sources/heimdall_experiment/uml-harness/.build/bpf-next-x86/.virtme_mods/lib/modules/0.0.0
[    2.533081]     virtme_rw_overlay0=/tmp
[    2.533609]     virtme_console=ttyS0
[    2.534144]     virtme_chdir=home/prozak/sources/heimdall_experiment/uml-harness/.build/selftests-output-qemu
[    2.619395] virtme-ng-init: mount devtmpfs -> /dev: EBUSY: Device or resource busy
[    2.621212] virtme-ng-init: Setting hostname to virtme-ng...
[    2.658353] virtme-ng-init: running systemd-tmpfiles
[    3.966691] systemd-tmpfile (127) used greatest stack depth: 12504 bytes left
[    3.966781] virtme-ng-init: basic initialization done
[    3.984272] virtme-ng-init: error creating file: Permission denied (os error 13)
[    4.082673] ip (132) used greatest stack depth: 11848 bytes left
[    4.200935] virtme-ng-init: Starting systemd-udevd version 255.4-1ubuntu8.16
[    4.203064] virtme-ng-init: triggering udev coldplug
[    7.208667] virtme-ng-init: waiting for udev to settle
[    8.008493] virtme-ng-init: udev is done
[    8.013076] virtme-ng-init: starting script
[    8.297352] bpf_testmod: loading out-of-tree module taints kernel.
[    8.298310] bpf_testmod: module verification failed: signature and/or required key missing - tainting kernel
[   10.021765] smc: removing smcd device lo
[   10.090196] ACPI: PM: Preparing to enter system sleep state S5
[   10.091478] reboot: Power down
