#165/1   iters/force_clang_to_emit_btf_for_externs:OK
#165/2   iters/create_and_destroy:OK
#165/3   iters/create_and_forget_to_destroy_fail:OK
#165/4   iters/destroy_without_creating_fail:OK
#165/5   iters/compromise_iter_w_direct_write_fail:OK
#165/6   iters/compromise_iter_w_direct_write_and_skip_destroy_fail:OK
#165/7   iters/compromise_iter_w_helper_write_fail:OK
#165/8   iters/leak_iter_from_subprog_fail:OK
#165/9   iters/valid_stack_reuse:OK
#165/10  iters/double_create_fail:OK
#165/11  iters/double_destroy_fail:OK
#165/12  iters/next_without_new_fail:OK
#165/13  iters/next_after_destroy_fail:OK
#165/14  iters/read_from_iter_slot_fail:OK
#165/15  iters/stacksafe_should_not_conflate_stack_spill_and_iter:OK
#165/16  iters/force_clang_to_emit_btf_for_externs:OK
#165/17  iters/consume_first_item_only:OK
#165/18  iters/missing_null_check_fail:OK
#165/19  iters/wrong_sized_read_fail:OK
#165/20  iters/simplest_loop:OK
#165/21  iters/widening_stack_size_bug:OK
#165/22  iters/iter_err_unsafe_c_loop:OK
#165/23  iters/iter_err_unsafe_asm_loop:OK
#165/24  iters/iter_err_too_permissive1:OK
#165/25  iters/iter_err_too_permissive2:OK
#165/26  iters/iter_err_too_permissive3:OK
#165/27  iters/delayed_read_mark:OK
#165/28  iters/delayed_precision_mark:OK
#165/29  iters/loop_state_deps1:OK
#165/30  iters/loop_state_deps2:OK
#165/31  iters/loop_state_deps3:OK
#165/32  iters/triple_continue:OK
#165/33  iters/widen_spill:OK
#165/34  iters/absent_mark_in_the_middle_state:OK
#165/35  iters/absent_mark_in_the_middle_state2:OK
#165/36  iters/absent_mark_in_the_middle_state3:OK
#165/37  iters/iter_while_loop:OK
#165/38  iters/iter_while_loop_auto_cleanup:OK
#165/39  iters/iter_for_loop:OK
#165/40  iters/iter_bpf_for_each_macro:OK
#165/41  iters/iter_bpf_for_macro:OK
#165/42  iters/iter_pragma_unroll_loop:OK
#165/43  iters/iter_manual_unroll_loop:OK
#165/44  iters/iter_multiple_sequential_loops:OK
#165/45  iters/iter_limit_cond_break_loop:OK
#165/46  iters/iter_obfuscate_counter:OK
#165/47  iters/iter_search_loop:OK
#165/48  iters/iter_array_fill:OK
#165/49  iters/iter_nested_iters:OK
#165/50  iters/iter_nested_deeply_iters:OK
#165/51  iters/iter_subprog_iters:OK
#165/52  iters/iter_tricky_but_fine:OK
#165/53  iters/iter_stack_array_loop:OK
#165/54  iters/iter_pass_iter_ptr_to_subprog:OK
#165/55  iters/checkpoint_states_deletion:OK
#165/56  iters/iter_arr_with_actual_elem_count:OK
#165/57  iters/iter_subprog_check_stacksafe:OK
#165/58  iters/iter_new_bad_arg:OK
#165/59  iters/iter_next_bad_arg:OK
#165/60  iters/iter_destroy_bad_arg:OK
#165/61  iters/clean_live_states:OK
#165/62  iters/absent_mark_in_the_middle_state4:OK
#165/63  iters/stack_misc_vs_scalar_in_a_loop:OK
#165/64  iters/iter_css_task_for_each:OK
#165/65  iters/cgroup_id_printer:OK
#165/66  iters/iter_css_task_for_each_sleep:OK
#165/67  iters/iter_next_trusted:OK
#165/68  iters/iter_next_trusted_or_null:OK
#165/69  iters/iter_next_rcu:OK
#165/70  iters/iter_next_rcu_or_null:OK
#165/71  iters/iter_next_rcu_not_trusted:OK
#165/72  iters/iter_next_ptr_mem_not_trusted:OK
#165/73  iters/iter_ret_rcu_test_protected:OK
#165/74  iters/iter_ret_rcu_test_type:OK
#165/75  iters/iter_ret_rcu_test_protected_nostruct:OK
#165/76  iters/iter_ret_rcu_test_type_nostruct:OK
#165/77  iters/testmod_seq_empty:OK
#165/78  iters/testmod_seq_full:OK
#165/79  iters/testmod_seq_truncated:OK
#165/80  iters/testmod_seq_getter_before_bad:OK
#165/81  iters/testmod_seq_getter_after_bad:OK
#165/82  iters/testmod_seq_getter_good:OK
#165/83  iters/num:OK
#165/84  iters/testmod_seq:OK
#165/85  iters/task_vma:OK
#165/86  iters/task:OK
#165/87  iters/css_task:OK
#165/88  iters/css:OK
#165/89  iters/iter_tasks_without_lock:OK
#165/90  iters/iter_css_without_lock:OK
#165/91  iters/iter_tasks_lock_and_unlock:OK
#165/92  iters/iter_css_lock_and_unlock:OK
#165/93  iters/iter_css_task_for_each:OK
#165     iters:OK
Summary: 1/93 PASSED, 0 SKIPPED, 0 FAILED
90] last_pfn = 0xbffe0 max_arch_pfn = 0x400000000
[    0.013828] found SMP MP-table at [mem 0x000f5450-0x000f545f]
[    0.014821] Using GB pages for direct mapping
[    0.015734] ACPI: Early table checksum verification disabled
[    0.016737] ACPI: RSDP 0x00000000000F5240 000014 (v00 BOCHS )
[    0.017770] ACPI: RSDT 0x00000000BFFE1F16 000034 (v01 BOCHS  BXPC     00000001 BXPC 00000001)
[    0.019240] ACPI: FACP 0x00000000BFFE1D92 000074 (v01 BOCHS  BXPC     00000001 BXPC 00000001)
[    0.020750] ACPI: DSDT 0x00000000BFFE0040 001D52 (v01 BOCHS  BXPC     00000001 BXPC 00000001)
[    0.022237] ACPI: FACS 0x00000000BFFE0000 000040
[    0.023026] ACPI: APIC 0x00000000BFFE1E06 0000B0 (v03 BOCHS  BXPC     00000001 BXPC 00000001)
[    0.024533] ACPI: HPET 0x00000000BFFE1EB6 000038 (v01 BOCHS  BXPC     00000001 BXPC 00000001)
[    0.026020] ACPI: WAET 0x00000000BFFE1EEE 000028 (v01 BOCHS  BXPC     00000001 BXPC 00000001)
[    0.027523] ACPI: Reserving FACP table memory at [mem 0xbffe1d92-0xbffe1e05]
[    0.028722] ACPI: Reserving DSDT table memory at [mem 0xbffe0040-0xbffe1d91]
[    0.029939] ACPI: Reserving FACS table memory at [mem 0xbffe0000-0xbffe003f]
[    0.031161] ACPI: Reserving APIC table memory at [mem 0xbffe1e06-0xbffe1eb5]
[    0.032392] ACPI: Reserving HPET table memory at [mem 0xbffe1eb6-0xbffe1eed]
[    0.033641] ACPI: Reserving WAET table memory at [mem 0xbffe1eee-0xbffe1f15]
[    0.035337] No NUMA configuration found
[    0.036009] Faking a node at [mem 0x0000000000000000-0x000000013fffffff]
[    0.037203] NODE_DATA(0) allocated [mem 0x13fff9c80-0x13fffdfff]
[    0.039068] ACPI: PM-Timer IO Port: 0x608
[    0.039809] ACPI: LAPIC_NMI (acpi_id[0xff] dfl dfl lint[0x1])
[    0.040902] IOAPIC[0]: apic_id 0, version 17, address 0xfec00000, GSI 0-23
[    0.042097] ACPI: INT_SRC_OVR (bus 0 bus_irq 0 global_irq 2 dfl dfl)
[    0.043248] ACPI: INT_SRC_OVR (bus 0 bus_irq 5 global_irq 5 high level)
[    0.044425] ACPI: INT_SRC_OVR (bus 0 bus_irq 9 global_irq 9 high level)
[    0.045582] ACPI: INT_SRC_OVR (bus 0 bus_irq 10 global_irq 10 high level)
[    0.046736] ACPI: INT_SRC_OVR (bus 0 bus_irq 11 global_irq 11 high level)
[    0.047946] ACPI: Using ACPI (MADT) for SMP configuration information
[    0.049042] ACPI: HPET id: 0x8086a201 base: 0xfed00000
[    0.049974] TSC deadline timer available
[    0.050643] CPU topo: Max. logical packages:   1
[    0.051438] CPU topo: Max. logical nodes:      1
[    0.052255] CPU topo: Num. nodes per package:  1
[    0.053041] CPU topo: Max. logical dies:       1
[    0.053844] CPU topo: Max. dies per package:   1
[    0.054632] CPU topo: Max. threads per core:   1
[    0.055427] CPU topo: Num. cores per package:     8
[    0.056307] CPU topo: Num. threads per package:   8
[    0.057147] CPU topo: Allowing 8 present CPUs plus 0 hotplug CPUs
[    0.058222] kvm-guest: APIC: eoi() replaced with kvm_guest_apic_eoi_write()
[    0.059472] kvm-guest: KVM setup pv remote TLB flush
[    0.060326] kvm-guest: setup PV sched yield
[    0.061059] PM: hibernation: Registered nosave memory: [mem 0x00000000-0x00000fff]
[    0.062368] PM: hibernation: Registered nosave memory: [mem 0x0009f000-0x000fffff]
[    0.063689] PM: hibernation: Registered nosave memory: [mem 0xbffe0000-0xffffffff]
[    0.065043] [gap 0xc0000000-0xfeffbfff] available for PCI devices
[    0.066080] Booting paravirtualized kernel on KVM
[    0.066899] clocksource: refined-jiffies: mask: 0xffffffff max_cycles: 0xffffffff, max_idle_ns: 1910969940391419 ns
[    0.073227] Zone ranges:
[    0.073685]   DMA      [mem 0x0000000000001000-0x0000000000ffffff]
[    0.074737]   DMA32    [mem 0x0000000001000000-0x00000000ffffffff]
[    0.075838]   Normal   [mem 0x0000000100000000-0x000000013fffffff]
[    0.076937] Movable zone start for each node
[    0.077663] Early memory node ranges
[    0.078287]   node   0: [mem 0x0000000000001000-0x000000000009efff]
[    0.079383]   node   0: [mem 0x0000000000100000-0x00000000bffdffff]
[    0.080485]   node   0: [mem 0x0000000100000000-0x000000013fffffff]
[    0.081551] Initmem setup node 0 [mem 0x0000000000001000-0x000000013fffffff]
[    0.082803] On node 0, zone DMA: 1 pages in unavailable ranges
[    0.084300] On node 0, zone DMA: 97 pages in unavailable ranges
[    0.213181] On node 0, zone Normal: 32 pages in unavailable ranges
[    0.214298] setup_percpu: NR_CPUS:128 nr_cpumask_bits:8 nr_cpu_ids:8 nr_node_ids:1
[    0.219678] percpu: Embedded 58 pages/cpu s199696 r8192 d29680 u262144
[    0.220802] pcpu-alloc: s199696 r8192 d29680 u262144 alloc=1*2097152
[    0.221905] pcpu-alloc: [0] 0 1 2 3 4 5 6 7 
[    0.222723] Kernel command line: virtme_hostname=virtme-ng nr_open=1048576 virtme_link_mods=/home/prozak/sources/heimdall_experiment/uml-harness/.build/bpf-next-x86/.virtme_mods/lib/modules/0.0.0 virtme_rw_overlay0=/tmp virtme_console=ttyS0 console=ttyS0 earlyprintk=serial,ttyS0,115200 panic=-1 virtme.exec=`bW91bnQgLXQgYnBmIGJwZmZzIC9zeXMvZnMvYnBmIDI+L2Rldi9udWxsOyAuL3Rlc3RfcHJvZ3MgLXQgJ2l0ZXJzJw==` virtme_chdir=home/prozak/sources/heimdall_experiment/uml-harness/.build/selftests-output-qemu rootfstype=9p rootflags=version=9p2000.L,trans=virtio,access=any,msize=524288 raid=noautodetect rw debug init=/home/prozak/.local/share/vng-venv/lib/python3.12/site-packages/virtme/guest/bin/virtme-ng-init
[    0.233599] Unknown kernel command line parameters "virtme_hostname=virtme-ng nr_open=1048576 virtme_link_mods=/home/prozak/sources/heimdall_experiment/uml-harness/.build/bpf-next-x86/.virtme_mods/lib/modules/0.0.0 virtme_rw_overlay0=/tmp virtme_console=ttyS0 virtme_chdir=home/prozak/sources/heimdall_experiment/uml-harness/.build/selftests-output-qemu", will be passed to user space.
[    0.239597] random: crng init done
[    0.240206] printk: log buffer data + meta data: 2097152 + 7340032 = 9437184 bytes
[    0.249597] Dentry cache hash table entries: 524288 (order: 10, 4194304 bytes, linear)
[    0.254952] Inode-cache hash table entries: 262144 (order: 9, 2097152 bytes, linear)
[    0.256512] software IO TLB: area num 8.
[    0.390518] Fallback order for Node 0: 0 
[    0.390525] Built 1 zonelists, mobility grouping on.  Total pages: 1048446
[    0.392472] Policy zone: Normal
[    0.393051] mem auto-init: stack:all(zero), heap alloc:off, heap free:off
[    0.399400] SLUB: HWalign=64, Order=0-3, MinObjects=0, CPUs=8, Nodes=1
Poking KASLR using RDRAND RDTSC...
[    0.415070] ftrace: allocating 69757 entries in 274 pages
[    0.416068] ftrace: allocated 274 pages with 3 groups
[    0.417492] Dynamic Preempt: full
[    0.418372] Running RCU self tests
[    0.418981] Running RCU synchronous self tests
[    0.419784] rcu: Preemptible hierarchical RCU implementation.
[    0.420774] rcu: 	RCU event tracing is enabled.
[    0.421597] rcu: 	RCU lockdep checking is enabled.
[    0.422433] rcu: 	RCU restricting CPUs from NR_CPUS=128 to nr_cpu_ids=8.
[    0.423605] 	Trampoline variant of Tasks RCU enabled.
[    0.424474] 	Rude variant of Tasks RCU enabled.
[    0.425295] 	Tracing variant of Tasks RCU enabled.
[    0.426182] rcu: RCU calculated value of scheduler-enlistment delay is 100 jiffies.
[    0.427518] rcu: Adjusting geometry for rcu_fanout_leaf=16, nr_cpu_ids=8
[    0.428747] Running RCU synchronous self tests
[    0.429541] RCU Tasks: Setting shift to 3 and lim to 1 rcu_task_cb_adjust=1 rcu_task_cpu_ids=8.
[    0.431071] RCU Tasks Rude: Setting shift to 3 and lim to 1 rcu_task_cb_adjust=1 rcu_task_cpu_ids=8.
[    0.438460] NR_IRQS: 8448, nr_irqs: 488, preallocated irqs: 16
[    0.439838] rcu: srcu_init: Setting srcu_struct sizes based on contention.
[    0.441130] clocksource: jiffies: mask: 0xffffffff max_cycles: 0xffffffff, max_idle_ns: 1911260446275000 ns
[    0.443200] Console: colour *CGA 80x25
[    0.443910] printk: legacy console [ttyS0] enabled
[    0.443910] printk: legacy console [ttyS0] enabled
[    0.445621] printk: legacy bootconsole [earlyser0] disabled
[    0.445621] printk: legacy bootconsole [earlyser0] disabled
[    0.447605] Lock dependency validator: Copyright (c) 2006 Red Hat, Inc., Ingo Molnar
[    0.448985] ... MAX_LOCKDEP_SUBCLASSES:  8
[    0.449715] ... MAX_LOCK_DEPTH:          48
[    0.450517] ... MAX_LOCKDEP_KEYS:        8192
[    0.451312] ... CLASSHASH_SIZE:          4096
[    0.452144] ... MAX_LOCKDEP_ENTRIES:     32768
[    0.452947] ... MAX_LOCKDEP_CHAINS:      65536
[    0.453766] ... CHAINHASH_SIZE:          32768
[    0.454555]  memory used by lock dependency info: 6429 kB
[    0.455563]  memory used for stack traces: 4224 kB
[    0.456413]  per task-struct memory footprint: 1920 bytes
[    0.457448] ACPI: Core revision 20260408
[    0.458404] clocksource: hpet: mask: 0xffffffff max_cycles: 0xffffffff, max_idle_ns: 19112604467 ns
[    0.460261] APIC: Switch to symmetric I/O mode setup
[    0.461604] x2apic enabled
[    0.462636] APIC: Switched APIC routing to: physical x2apic
[    0.463688] kvm-guest: APIC: send_IPI_mask() replaced with kvm_send_ipi_mask()
[    0.465045] kvm-guest: APIC: send_IPI_mask_allbutself() replaced with kvm_send_ipi_mask_allbutself()
[    0.466763] kvm-guest: setup PV IPIs
[    0.469530] ..TIMER: vector=0x30 apic1=0 pin1=2 apic2=-1 pin2=-1
[    0.470684] clocksource: tsc-early: mask: 0xffffffffffffffff max_cycles: 0x31027285e94, max_idle_ns: 440795238296 ns
[    0.472714] Calibrating delay loop (skipped) preset value.. 6800.07 BogoMIPS (lpj=3400038)
[    0.475047] x86/cpu: User Mode Instruction Prevention (UMIP) activated
[    0.476795] Last level iTLB entries: 4KB 512, 2MB 255, 4MB 127
[    0.477711] Last level dTLB entries: 4KB 512, 2MB 255, 4MB 127, 1GB 0
[    0.478718] mitigations: Enabled attack vectors: user_kernel, user_user, SMT mitigations: auto
[    0.479711] Speculative Store Bypass: Mitigation: Speculative Store Bypass disabled via prctl
[    0.480711] Speculative Return Stack Overflow: IBPB-extending microcode not applied!
[    0.481711] Speculative Return Stack Overflow: WARNING: See https://kernel.org/doc/html/latest/admin-guide/hw-vuln/srso.html for mitigation options.
[    0.481712] Transient Scheduler Attacks: Vulnerable: No microcode
[    0.483711] Spectre V2 : Mitigation: Retpolines
[    0.484711] Speculative Return Stack Overflow: Vulnerable: Safe RET, no microcode
[    0.486710] Spectre V1 : Mitigation: usercopy/swapgs barriers and __user pointer sanitization
[    0.487711] Spectre V2 : Spectre v2 / SpectreRSB: Filling RSB on context switch and VMEXIT
[    0.488711] Spectre V2 : Enabling Restricted Speculation for firmware calls
[    0.489712] Spectre V2 : mitigation: Enabling conditional Indirect Branch Prediction Barrier
[    0.491710] active return thunk: srso_alias_return_thunk
[    0.492760] x86/fpu: Supporting XSAVE feature 0x001: 'x87 floating point registers'
[    0.493711] x86/fpu: Supporting XSAVE feature 0x002: 'SSE registers'
[    0.494711] x86/fpu: Supporting XSAVE feature 0x004: 'AVX registers'
[    0.495711] x86/fpu: xstate_offset[2]:  576, xstate_sizes[2]:  256
[    0.496711] x86/fpu: Enabled xstate features 0x7, context size is 832 bytes, using 'compacted' format.
[    0.533030] pid_max: default: 32768 minimum: 301
[    0.533921] SELinux:  Initializing.
[    0.536288] LSM support for eBPF active
[    0.537003] Mount-cache hash table entries: 8192 (order: 4, 65536 bytes, linear)
[    0.537849] Mountpoint-cache hash table entries: 8192 (order: 4, 65536 bytes, linear)
[    0.540003] VFS: Finished mounting rootfs on nullfs
[    0.542390] Running RCU synchronous self tests
[    0.542713] Running RCU synchronous self tests
[    0.544971] smpboot: CPU0: AMD Ryzen 9 5950X 16-Core Processor (family: 0x19, model: 0x21, stepping: 0x2)
[    0.547048] Performance Events: Fam17h+ core perfctr, AMD PMU driver.
[    0.547739] ... version:                   0
[    0.548631] ... bit width:                 48
[    0.548718] ... generic counters:          6
[    0.549591] ... generic bitmap:            000000000000003f
[    0.549718] ... fixed-purpose counters:    0
[    0.550590] ... fixed-purpose bitmap:      0000000000000000
[    0.550718] ... value mask:                0000ffffffffffff
[    0.551717] ... max period:                00007fffffffffff
[    0.552717] ... global_ctrl mask:          000000000000003f
[    0.554013] signal: max sigframe size: 1776
[    0.554886] rcu: Hierarchical SRCU implementation.
[    0.555720] rcu: 	Max phase no-delay instances is 400.
[    0.557015] Timer migration: 1 hierarchy levels; 8 children per group; 1 crossnode level
[    0.570613] smp: Bringing up secondary CPUs ...
[    0.574008] smpboot: x86: Booting SMP configuration:
[    0.574718] .... node  #0, CPUs:      #1 #2 #3 #4 #5 #6 #7
[    0.606995] smp: Brought up 1 node, 8 CPUs
[    0.608625] smpboot: Total of 8 processors activated (54400.60 BogoMIPS)
[    0.610536] Memory: 3963784K/4193784K available (25637K kernel code, 10348K rwdata, 18032K rodata, 4668K init, 13400K bss, 221948K reserved, 0K cma-reserved)
[    0.612967] devtmpfs: initialized
[    0.617323] Running RCU synchronous self tests
[    0.617738] Running RCU synchronous self tests
[    0.618848] Running RCU Tasks wait API self tests
[    0.619783] Running RCU Tasks Rude wait API self tests
[    0.620720] Running RCU Tasks Trace wait API self tests
[    0.621831] posixtimers hash table entries: 4096 (order: 7, 294912 bytes, linear)
[    0.624139] futex hash table entries: 2048 (262144 bytes on 1 NUMA nodes, total 256 KiB, linear).
[    0.625716] PM: RTC time: 22:59:09, date: 2026-08-02
[    0.626748] Callback from call_rcu_tasks_trace() invoked.
[    0.633853] NET: Registered PF_NETLINK/PF_ROUTE protocol family
[    0.635765] audit: initializing netlink subsys (disabled)
[    0.636852] audit: type=2000 audit(1785711549.468:1): state=initialized audit_enabled=0 res=1
[    0.661168] thermal_sys: Registered thermal governor 'step_wise'
[    0.661241] cpuidle: using governor ladder
[    0.662659] cpuidle: using governor menu
[    0.664743] Freeing SMP alternatives memory: 68K
[    0.666602] PCI: Using configuration type 1 for base access
[    0.666717] PCI: Using configuration type 1 for extended access
[    0.667896] kprobes: kprobe jump-optimization is enabled. All kprobes are optimized if possible.
[    0.669863] HugeTLB: registered 1.00 GiB page size, pre-allocated 0 pages
[    0.670721] HugeTLB: 16380 KiB vmemmap can be freed for a 1.00 GiB page
[    0.671719] HugeTLB: registered 2.00 MiB page size, pre-allocated 0 pages
[    0.672718] HugeTLB: 28 KiB vmemmap can be freed for a 2.00 MiB page
[    0.679052] ACPI: Added _OSI(Module Device)
[    0.679719] ACPI: Added _OSI(Processor Device)
[    0.680680] ACPI: Added _OSI(Processor Aggregator Device)
[    0.684356] ACPI: 1 ACPI AML tables successfully acquired and loaded
[    0.686941] ACPI: \_SB_: platform _OSC: OS support mask [002a7eee]
[    0.688455] ACPI: Interpreter enabled
[    0.688784] ACPI: PM: (supports S0 S3 S4 S5)
[    0.689730] ACPI: Using IOAPIC for interrupt routing
[    0.690785] PCI: Using host bridge windows from ACPI; if necessary, use "pci=nocrs" and report a bug
[    0.691730] PCI: Using E820 reservations for host bridge windows
[    0.693090] ACPI: Enabled 2 GPEs in block 00 to 0F
[    0.709526] ACPI: PCI Root Bridge [PCI0] (domain 0000 [bus 00-ff])
[    0.709724] acpi PNP0A03:00: _OSC: OS supports [ExtendedConfig ASPM ClockPM Segments MSI HPX-Type3]
[    0.710738] acpi PNP0A03:00: _OSC: OS requested [PME PCIeCapability LTR]
[    0.711719] acpi PNP0A03:00: _OSC: platform willing to grant [PME PCIeCapability LTR]
[    0.712720] acpi PNP0A03:00: _OSC: platform retains control of PCIe features (AE_ERROR)
[    0.714480] PCI host bridge to bus 0000:00
[    0.714728] pci_bus 0000:00: root bus resource [io  0x0000-0x0cf7 window]
[    0.715720] pci_bus 0000:00: root bus resource [io  0x0d00-0xffff window]
[    0.716719] pci_bus 0000:00: root bus resource [mem 0x000a0000-0x000bffff window]
[    0.717719] pci_bus 0000:00: root bus resource [mem 0xc0000000-0xfebfffff window]
[    0.718719] pci_bus 0000:00: root bus resource [mem 0x380000000000-0x38007fffffff window]
[    0.719720] pci_bus 0000:00: root bus resource [bus 00-ff]
[    0.721146] pci 0000:00:00.0: [8086:1237] type 00 class 0x060000 conventional PCI endpoint
[    0.723347] pci 0000:00:01.0: [8086:7000] type 00 class 0x060100 conventional PCI endpoint
[    0.725163] pci 0000:00:01.1: [8086:7010] type 00 class 0x010180 conventional PCI endpoint
[    0.726512] pci 0000:00:01.1: BAR 4 [io  0xc1c0-0xc1cf]
[    0.726794] pci 0000:00:01.1: BAR 0 [io  0x01f0-0x01f7]: legacy IDE quirk
[    0.727719] pci 0000:00:01.1: BAR 1 [io  0x03f6]: legacy IDE quirk
[    0.728718] pci 0000:00:01.1: BAR 2 [io  0x0170-0x0177]: legacy IDE quirk
[    0.729719] pci 0000:00:01.1: BAR 3 [io  0x0376]: legacy IDE quirk
[    0.731433] pci 0000:00:01.3: [8086:7113] type 00 class 0x068000 conventional PCI endpoint
[    0.732449] pci 0000:00:01.3: quirk: [io  0x0600-0x063f] claimed by PIIX4 ACPI
[    0.732735] pci 0000:00:01.3: quirk: [io  0x0700-0x070f] claimed by PIIX4 SMB
[    0.734734] pci 0000:00:02.0: [1af4:1009] type 00 class 0x000200 conventional PCI endpoint
[    0.737406] pci 0000:00:02.0: BAR 0 [io  0xc000-0xc03f]
[    0.737736] pci 0000:00:02.0: BAR 1 [mem 0xfebf8000-0xfebf8fff]
[    0.738778] pci 0000:00:02.0: BAR 4 [mem 0x380000000000-0x380000003fff 64bit pref]
[    0.742798] pci 0000:00:03.0: [8086:25ab] type 00 class 0x088000 conventional PCI endpoint
[    0.744627] pci 0000:00:03.0: BAR 0 [mem 0xfebf9000-0xfebf900f]
[    0.747293] pci 0000:00:04.0: [1af4:1003] type 00 class 0x078000 conventional PCI endpoint
[    0.749437] pci 0000:00:04.0: BAR 0 [io  0xc040-0xc07f]
[    0.749736] pci 0000:00:04.0: BAR 1 [mem 0xfebfa000-0xfebfafff]
[    0.750777] pci 0000:00:04.0: BAR 4 [mem 0x380000004000-0x380000007fff 64bit pref]
[    0.754988] pci 0000:00:05.0: [1af4:1003] type 00 class 0x078000 conventional PCI endpoint
[    0.756734] pci 0000:00:05.0: BAR 0 [io  0xc080-0xc0bf]
[    0.757736] pci 0000:00:05.0: BAR 1 [mem 0xfebfb000-0xfebfbfff]
[    0.758780] pci 0000:00:05.0: BAR 4 [mem 0x380000008000-0x38000000bfff 64bit pref]
[    0.763005] pci 0000:00:06.0: [1af4:1003] type 00 class 0x078000 conventional PCI endpoint
[    0.764736] pci 0000:00:06.0: BAR 0 [io  0xc0c0-0xc0ff]
[    0.765736] pci 0000:00:06.0: BAR 1 [mem 0xfebfc000-0xfebfcfff]
[    0.766779] pci 0000:00:06.0: BAR 4 [mem 0x38000000c000-0x38000000ffff 64bit pref]
[    0.771086] pci 0000:00:07.0: [1af4:1003] type 00 class 0x078000 conventional PCI endpoint
[    0.772733] pci 0000:00:07.0: BAR 0 [io  0xc100-0xc13f]
[    0.773736] pci 0000:00:07.0: BAR 1 [mem 0xfebfd000-0xfebfdfff]
[    0.774777] pci 0000:00:07.0: BAR 4 [mem 0x380000010000-0x380000013fff 64bit pref]
[    0.779032] pci 0000:00:08.0: [1af4:1003] type 00 class 0x078000 conventional PCI endpoint
[    0.780718] pci 0000:00:08.0: BAR 0 [io  0xc140-0xc17f]
[    0.781736] pci 0000:00:08.0: BAR 1 [mem 0xfebfe000-0xfebfefff]
[    0.782780] pci 0000:00:08.0: BAR 4 [mem 0x380000014000-0x380000017fff 64bit pref]
[    0.787059] pci 0000:00:09.0: [1af4:1003] type 00 class 0x078000 conventional PCI endpoint
[    0.788672] pci 0000:00:09.0: BAR 0 [io  0xc180-0xc1bf]
[    0.788736] pci 0000:00:09.0: BAR 1 [mem 0xfebff000-0xfebfffff]
[    0.789777] pci 0000:00:09.0: BAR 4 [mem 0x380000018000-0x38000001bfff 64bit pref]
[    0.799448] ACPI: PCI: Interrupt link LNKA configured for IRQ 10
[    0.799976] ACPI: PCI: Interrupt link LNKB configured for IRQ 10
[    0.800975] ACPI: PCI: Interrupt link LNKC configured for IRQ 11
[    0.801976] ACPI: PCI: Interrupt link LNKD configured for IRQ 11
[    0.802848] ACPI: PCI: Interrupt link LNKS configured for IRQ 9
[    0.805751] iommu: Default domain type: Translated
[    0.806718] iommu: DMA domain TLB invalidation policy: lazy mode
[    0.809143] SCSI subsystem initialized
[    0.809791] libata version 3.00 loaded.
[    0.810879] ACPI: bus type USB registered
[    0.811855] usbcore: registered new interface driver usbfs
[    0.812790] usbcore: registered new interface driver hub
[    0.813758] usbcore: registered new device driver usb
[    0.814899] pps_core: LinuxPPS API ver. 1 registered
[    0.815717] pps_core: Software ver. 5.3.6 - Copyright 2005-2007 Rodolfo Giometti <giometti@linux.it>
[    0.816744] PTP clock support registered
[    0.818187] Advanced Linux Sound Architecture Driver Initialized.
[    0.819963] NetLabel: Initializing
[    0.820718] NetLabel:  domain hash size = 128
[    0.821634] NetLabel:  protocols = UNLABELED CIPSOv4 CALIPSO
[    0.821767] NetLabel:  unlabeled traffic allowed by default
[    0.823118] PCI: Using ACPI for IRQ routing
[    0.823719] PCI: pci_cache_line_size set to 64 bytes
[    0.825122] e820: register RAM buffer resource [mem 0x0009fc00-0x0009ffff]
[    0.825083] Callback from call_rcu_tasks() invoked.
[    0.825720] e820: register RAM buffer resource [mem 0xbffe0000-0xbfffffff]
[    0.827833] vgaarb: loaded
[    0.828481] hpet0: at MMIO 0xfed00000, IRQs 2, 8, 0
[    0.828719] hpet0: 3 comparators, 64-bit 100.000000 MHz counter
[    0.833171] clocksource: Switched to clocksource kvm-clock
[    0.835527] VFS: Disk quotas dquot_6.6.0
[    0.836668] VFS: Dquot-cache hash table entries: 512 (4096 bytes)
[    0.839145] pnp: PnP ACPI init
[    0.840392] pnp 00:02: [dma 2]
[    0.841941] pnp: PnP ACPI: found 4 devices
[    0.860000] clocksource: acpi_pm: mask: 0xffffff max_cycles: 0xffffff, max_idle_ns: 2085701024 ns
[    0.862235] NET: Registered PF_INET protocol family
[    0.864505] IP idents hash table entries: 65536 (order: 7, 524288 bytes, linear)
[    0.868741] tcp_listen_portaddr_hash hash table entries: 2048 (order: 6, 147456 bytes, linear)
[    0.871059] Table-perturb hash table entries: 65536 (order: 6, 262144 bytes, linear)
[    0.872787] TCP established hash table entries: 32768 (order: 6, 262144 bytes, linear)
[    0.875188] TCP bind hash table entries: 32768 (order: 11, 4718592 bytes, vmalloc hugepage)
[    0.888336] TCP: Hash tables configured (established 32768 bind 32768)
[    0.891436] MPTCP token hash table entries: 4096 (order: 7, 360448 bytes, linear)
[    0.893198] UDP hash table entries: 2048 (order: 7, 524288 bytes, linear)
[    0.895878] NET: Registered PF_UNIX/PF_LOCAL protocol family
[    0.898071] RPC: Registered named UNIX socket transport module.
[    0.899433] RPC: Registered udp transport module.
[    0.900473] RPC: Registered tcp transport module.
[    0.901519] RPC: Registered tcp-with-tls transport module.
[    0.902730] RPC: Registered tcp NFSv4.1 backchannel transport module.
[    0.905162] NET: Registered PF_XDP protocol family
[    0.906310] pci_bus 0000:00: resource 4 [io  0x0000-0x0cf7 window]
[    0.907728] pci_bus 0000:00: resource 5 [io  0x0d00-0xffff window]
[    0.909184] pci_bus 0000:00: resource 6 [mem 0x000a0000-0x000bffff window]
[    0.910657] pci_bus 0000:00: resource 7 [mem 0xc0000000-0xfebfffff window]
[    0.912170] pci_bus 0000:00: resource 8 [mem 0x380000000000-0x38007fffffff window]
[    0.913898] pci 0000:00:01.0: PIIX3: Enabling Passive Release
[    0.915118] pci 0000:00:00.0: Limiting direct PCI/PCI transfers
[    0.916567] PCI: CLS 0 bytes, default 64
[    0.917560] PCI-DMA: Using software bounce buffering for IO (SWIOTLB)
[    0.918913] software IO TLB: mapped [mem 0x00000000bbfe0000-0x00000000bffe0000] (64MB)
[    0.921606] clocksource: tsc: mask: 0xffffffffffffffff max_cycles: 0x31027285e94, max_idle_ns: 440795238296 ns
[    0.933319] Initialise system trusted keyrings
[    0.934904] workingset: timestamp_bits=40 (anon: 35) max_order=20 bucket_order=0 (anon: 0)
[    0.937722] squashfs: version 4.0 (2009/01/31) Phillip Lougher
[    0.939750] NFS: Registering the id_resolver key type
[    0.940930] Key type id_resolver registered
[    0.941937] Key type id_legacy registered
[    0.942859] nfs4filelayout_init: NFSv4 File Layout Driver Registering...
[    0.944426] nfs4flexfilelayout_init: NFSv4 Flexfile Layout Driver Registering...
[    0.946296] fuse: init (API version 7.45)
[    0.947485] 9p: Installing v9fs 9p2000 file system support
[    0.950643] NET: Registered PF_ALG protocol family
[    0.951745] Key type asymmetric registered
[    0.952665] Asymmetric key parser 'x509' registered
[    0.953843] Block layer SCSI generic (bsg) driver version 0.4 loaded (major 248)
[    0.956121] io scheduler mq-deadline registered
[    0.957197] io scheduler kyber registered
[    0.959465] input: Power Button as /devices/platform/LNXPWRBN:00/input/input0
[    0.961352] ACPI: button: Power Button [PWRF]
[    1.088873] ACPI: \_SB_.LNKB: Enabled at IRQ 10
[    1.213724] ACPI: \_SB_.LNKD: Enabled at IRQ 11
[    1.338113] ACPI: \_SB_.LNKA: Enabled at IRQ 10
[    1.481740] kwatchdog (98) used greatest stack depth: 14776 bytes left
[    1.589657] ACPI: \_SB_.LNKC: Enabled at IRQ 11
[    1.838359] Serial: 8250/16550 driver, 4 ports, IRQ sharing enabled
[    1.840834] 00:03: ttyS0 at I/O 0x3f8 (irq = 4, base_baud = 115200) is a 16550A
[    1.981451] Non-volatile memory driver v1.3
[    1.983168] ACPI: bus type drm_connector registered
[    2.005055] brd: module loaded
[    2.018715] loop: module loaded
[    2.023967] scsi host0: ata_piix
[    2.025764] scsi host1: ata_piix
[    2.026819] ata1: PATA max MWDMA2 cmd 0x1f0 ctl 0x3f6 bmdma 0xc1c0 irq 14 lpm-pol 0
[    2.028482] ata2: PATA max MWDMA2 cmd 0x170 ctl 0x376 bmdma 0xc1c8 irq 15 lpm-pol 0
[    2.034308] tun: Universal TUN/TAP device driver, 1.6
[    2.035987] e100: Intel(R) PRO/100 Network Driver
[    2.037124] e100: Copyright(c) 1999-2006 Intel Corporation
[    2.038396] e1000: Intel(R) PRO/1000 Network Driver
[    2.039499] e1000: Copyright (c) 1999-2006 Intel Corporation.
[    2.040866] e1000e: Intel(R) PRO/1000 Network Driver
[    2.041984] e1000e: Copyright(c) 1999 - 2015 Intel Corporation.
[    2.043386] sky2: driver version 1.30
[    2.045386] usbcore: registered new interface driver usblp
[    2.046709] usbcore: registered new interface driver usb-storage
[    2.048133] i8042: PNP: PS/2 Controller [PNP0303:KBD,PNP0f13:MOU] at 0x60,0x64 irq 1,12
[    2.051345] serio: i8042 KBD port at 0x60,0x64 irq 1
[    2.052966] serio: i8042 AUX port at 0x60,0x64 irq 12
[    2.055313] rtc_cmos PNP0B00:00: RTC can wake from S4
[    2.058423] input: AT Translated Set 2 keyboard as /devices/platform/i8042/serio0/input/input1
[    2.059350] rtc_cmos PNP0B00:00: registered as rtc0
[    2.061963] rtc_cmos PNP0B00:00: alarms up to one day, y3k, 242 bytes nvram, hpet irqs
[    2.064066] Registered IR keymap rc-empty
[    2.065467] rc rc0: rc-core loopback device as /devices/virtual/rc/rc0
[    2.068116] rc rc0: lirc_dev: driver rc-loopback registered at minor = 0, raw IR receiver, raw IR transmitter
[    2.071647] input: rc-core loopback device as /devices/virtual/rc/rc0/input2
[    2.074825] intel_powerclamp: CPU does not support MWAIT
[    2.076168] device-mapper: core: CONFIG_IMA_DISABLE_HTABLE is disabled. Duplicate IMA measurements will not be recorded in the IMA log.
[    2.079152] device-mapper: ioctl: 4.50.0-ioctl (2025-04-28) initialised: dm-devel@lists.linux.dev
[    2.081114] amd_pstate: the _CPC object is not present in SBIOS or ACPI disabled
[    2.083491] hid: raw HID events driver (C) Jiri Kosina
[    2.086242] usbcore: registered new interface driver usbhid
[    2.087514] usbhid: USB HID core driver
[    2.089561] GACT probability NOT on
[    2.090403] Mirror/redirect action on
[    2.092707] nf_conntrack_irc: The irc conntrack helper is scheduled for removal.
[    2.092707] Please contact the netfilter-devel mailing list if you still need this.
[    2.097556] ipip: IPv4 and MPLS over IPv4 tunneling driver
[    2.099660] gre: GRE over IPv4 demultiplexer driver
[    2.100772] ip_gre: GRE over IPv4 tunneling driver
[    2.104322] Initializing XFRM netlink socket
[    2.105657] IPsec XFRM device driver
[    2.106709] NET: Registered PF_INET6 protocol family
[    2.110063] Segment Routing with IPv6
[    2.110936] In-situ OAM (IOAM) with IPv6
[    2.111835] mip6: Mobile IPv6
[    2.112510] sit: IPv6, IPv4 and MPLS over IPv4 tunneling driver
[    2.115438] ip6_gre: GRE over IPv6 tunneling driver
[    2.117342] NET: Registered PF_PACKET protocol family
[    2.118562] RPC: Registered rdma transport module.
[    2.119636] RPC: Registered rdma backchannel transport module.
[    2.121245] 8021q: 802.1Q VLAN Support v1.8
[    2.122989] smc: adding smcd device lo without pnetid
[    2.124319] NET: Registered PF_SMC protocol family
[    2.125935] 9pnet: Installing 9P2000 support
[    2.128460] Key type dns_resolver registered
[    2.129777] NET: Registered PF_VSOCK protocol family
[    2.130975] mpls_gso: MPLS GSO support
[    2.135157] IPI shorthand broadcast: enabled
[    2.179896] sched_clock: Marking stable (2156010630, 23578677)->(2278972748, -99383441)
[    2.183653] registered taskstats version 1
[    2.184881] ata2: found unknown device (class 0)
[    2.187048] ata2.00: ATAPI: QEMU DVD-ROM, 2.5+, max UDMA/100
[    2.190651] scsi 1:0:0:0: CD-ROM            QEMU     QEMU DVD-ROM     2.5+ PQ: 0 ANSI: 5
[    2.200802] Loading compiled-in X.509 certificates
[    2.202622] kworker/u32:1 (117) used greatest stack depth: 13912 bytes left
[    2.204098] Loaded X.509 cert 'Build time autogenerated kernel key: c4531344b9a9c1a4731230d977a262ba29ba5272'
[    2.204183] kworker/u32:1 (118) used greatest stack depth: 13008 bytes left
[    2.220558] sr 1:0:0:0: [sr0] scsi3-mmc drive: 4x/4x cd/rw xa/form2 tray
[    2.242435] cdrom: Uniform CD-ROM driver Revision: 3.20
[    2.244234] Demotion targets for Node 0: null
[    2.245771] ima: No TPM chip found, activating TPM-bypass!
[    2.246969] ima: Allocated hash algorithm: sha1
[    2.248105] ima: No architecture policies found
[    2.250011] PM:   Magic number: 6:938:1006
[    2.251284] netconsole: network logging started
[    2.253036] cfg80211: Loading compiled-in X.509 certificates for regulatory database
[    2.253176] sr 1:0:0:0: Attached scsi CD-ROM sr0
[    2.255905] Loaded X.509 cert 'sforshee: 00b28ddf47aef9cea7'
[    2.257164] sr 1:0:0:0: Attached scsi generic sg0 type 5
[    2.257566] Loaded X.509 cert 'wens: 61c038651aabdcf94bd0ac7ff06c7248db18c600'
[    2.260541] faux_driver regulatory: Direct firmware load for regulatory.db failed with error -2
[    2.262471] cfg80211: failed to load regulatory.db
[    2.263692] ALSA device list:
[    2.264424]   No soundcards found.
[    2.492827] input: ImExPS/2 Generic Explorer Mouse as /devices/platform/i8042/serio1/input/input4
[    2.494960] md: Skipping autodetection of RAID arrays. (raid=autodetect will force)
[    2.496434] 9p: Bad value for 'source'
[    2.497088] 9pnet: Limiting 'msize' to 512000 as this is the maximum supported by transport virtio
[    2.500768] VFS: Mounted root (9p filesystem) on device 0:22.
[    2.502426] devtmpfs: mounted
[    2.503194] VFS: Pivoted into new rootfs
[    2.508121] Freeing unused kernel image (initmem) memory: 4668K
[    2.509027] Write protecting the kernel read-only data: 45056k
[    2.510968] Freeing unused kernel image (text/rodata gap) memory: 984K
[    2.512338] Freeing unused kernel image (rodata/data gap) memory: 400K
[    2.550079] x86/mm: Checked W+X mappings: passed, no W+X pages found.
[    2.550985] Run /home/prozak/.local/share/vng-venv/lib/python3.12/site-packages/virtme/guest/bin/virtme-ng-init as init process
[    2.552531]   with arguments:
[    2.552993]     /home/prozak/.local/share/vng-venv/lib/python3.12/site-packages/virtme/guest/bin/virtme-ng-init
[    2.554318]   with environment:
[    2.554777]     HOME=/
[    2.555137]     TERM=linux
[    2.555526]     virtme_hostname=virtme-ng
[    2.556116]     nr_open=1048576
[    2.556567]     virtme_link_mods=/home/prozak/sources/heimdall_experiment/uml-harness/.build/bpf-next-x86/.virtme_mods/lib/modules/0.0.0
[    2.558224]     virtme_rw_overlay0=/tmp
[    2.558767]     virtme_console=ttyS0
[    2.559275]     virtme_chdir=home/prozak/sources/heimdall_experiment/uml-harness/.build/selftests-output-qemu
[    2.651107] virtme-ng-init: mount devtmpfs -> /dev: EBUSY: Device or resource busy
[    2.653195] virtme-ng-init: Setting hostname to virtme-ng...
[    2.693128] virtme-ng-init: running systemd-tmpfiles
[    3.865229] systemd-tmpfile (127) used greatest stack depth: 12504 bytes left
[    3.865335] virtme-ng-init: basic initialization done
[    3.882698] virtme-ng-init: error creating file: Permission denied (os error 13)
[    3.967413] ip (133) used greatest stack depth: 11848 bytes left
[    4.091272] virtme-ng-init: Starting systemd-udevd version 255.4-1ubuntu8.16
[    4.093291] virtme-ng-init: triggering udev coldplug
[    7.062979] virtme-ng-init: waiting for udev to settle
[    7.803034] virtme-ng-init: udev is done
[    7.807698] virtme-ng-init: starting script
[    8.098402] bpf_testmod: loading out-of-tree module taints kernel.
[    8.099433] bpf_testmod: module verification failed: signature and/or required key missing - tainting kernel
[    9.840462] smc: removing smcd device lo
[    9.907329] ACPI: PM: Preparing to enter system sleep state S5
[    9.908612] reboot: Power down
