test_kfunc_module_order:PASS:load bpf_test_modorder_x.ko 0 nsec
test_kfunc_module_order:PASS:load bpf_test_modorder_y.ko 0 nsec
libbpf: extern (func ksym) 'bpf_test_modorder_retx': func_proto [12] incompatible with bpf_test_modorder_x [173772]
libbpf: failed to load BPF skeleton 'kfunc_module_order': -EINVAL
test_kfunc_module_order:FAIL:kfunc_module_order__open_and_load() unexpected error: -22
#173     kfunc_module_order:FAIL

All error logs:
test_kfunc_module_order:PASS:load bpf_test_modorder_x.ko 0 nsec
test_kfunc_module_order:PASS:load bpf_test_modorder_y.ko 0 nsec
libbpf: extern (func ksym) 'bpf_test_modorder_retx': func_proto [12] incompatible with bpf_test_modorder_x [173772]
libbpf: failed to load BPF skeleton 'kfunc_module_order': -EINVAL
test_kfunc_module_order:FAIL:kfunc_module_order__open_and_load() unexpected error: -22
#173     kfunc_module_order:FAIL
Summary: 0/0 PASSED, 0 SKIPPED, 1 FAILED
modules/0.0.0 virtme_rw_overlay0=/tmp virtme_console=ttyS0 console=ttyS0 earlyprintk=serial,ttyS0,115200 panic=-1 virtme.exec=`bW91bnQgLXQgYnBmIGJwZmZzIC9zeXMvZnMvYnBmIDI+L2Rldi9udWxsOyAuL3Rlc3RfcHJvZ3MgLXQgJ2tmdW5jX21vZHVsZV9vcmRlcic=` virtme_chdir=home/prozak/sources/heimdall_experiment/uml-harness/.build/selftests-output-qemu rootfstype=9p rootflags=version=9p2000.L,trans=virtio,access=any,msize=524288 raid=noautodetect rw debug init=/home/prozak/.local/share/vng-venv/lib/python3.12/site-packages/virtme/guest/bin/virtme-ng-init
[    0.000000] x86 CPU feature dependency check failure: CPU0 has '18*32+31' enabled but '18*32+26' disabled. Kernel might be fine, but no guarantees.
[    0.000000] BIOS-provided physical RAM map:
[    0.000000] BIOS-e820: [mem 0x0000000000000000-0x000000000009fbff]  System RAM
[    0.000000] BIOS-e820: [mem 0x000000000009fc00-0x000000000009ffff]  device reserved
[    0.000000] BIOS-e820: [gap 0x00000000000a0000-0x00000000000effff]
[    0.000000] BIOS-e820: [mem 0x00000000000f0000-0x00000000000fffff]  device reserved
[    0.000000] BIOS-e820: [mem 0x0000000000100000-0x00000000bffdffff]  System RAM
[    0.000000] BIOS-e820: [mem 0x00000000bffe0000-0x00000000bfffffff]  device reserved
[    0.000000] BIOS-e820: [gap 0x00000000c0000000-0x00000000feffbfff]
[    0.000000] BIOS-e820: [mem 0x00000000feffc000-0x00000000feffffff]  device reserved
[    0.000000] BIOS-e820: [gap 0x00000000ff000000-0x00000000fffbffff]
[    0.000000] BIOS-e820: [mem 0x00000000fffc0000-0x00000000ffffffff]  device reserved
[    0.000000] BIOS-e820: [mem 0x0000000100000000-0x000000013fffffff]  System RAM
[    0.000000] BIOS-e820: [gap 0x0000000140000000-0x000000fcffffffff]
[    0.000000] BIOS-e820: [mem 0x000000fd00000000-0x000000ffffffffff]  device reserved
[    0.000000] printk: legacy bootconsole [earlyser0] enabled
[    0.000000] NX (Execute Disable) protection: active
[    0.000000] APIC: Static calls initialized
[    0.000000] DMI: SMBIOS 3.0.0 present.
[    0.000000] DMI: QEMU Ubuntu 24.04 PC v2 (i440FX + PIIX, arch_caps fix, 1996), BIOS 1.16.3-debian-1.16.3-2 04/01/2014
[    0.000000] DMI: Memory slots populated: 1/1
[    0.000000] Hypervisor detected: KVM
[    0.000000] last_pfn = 0xbffe0 max_arch_pfn = 0x400000000
[    0.000000] kvm-clock: Using msrs 4b564d01 and 4b564d00
[    0.000001] kvm-clock: using sched offset of 476634283 cycles
[    0.000930] clocksource: kvm-clock: mask: 0xffffffffffffffff max_cycles: 0x1cd42e4dffb, max_idle_ns: 881590591483 ns
[    0.003728] tsc: Detected 3400.038 MHz processor
[    0.004925] e820: update [mem 0x00000000-0x00000fff] System RAM ==> device reserved
[    0.006260] e820: remove [mem 0x000a0000-0x000fffff] System RAM
[    0.007283] last_pfn = 0x140000 max_arch_pfn = 0x400000000
[    0.008345] MTRR map: 4 entries (3 fixed + 1 variable; max 19), built from 8 variable MTRRs
[    0.009807] x86/PAT: Configuration [0-7]: WB  WC  UC- UC  WB  WP  UC- WT  
Memory KASLR using RDRAND RDTSC...
[    0.011670] last_pfn = 0xbffe0 max_arch_pfn = 0x400000000
[    0.013834] found SMP MP-table at [mem 0x000f5450-0x000f545f]
[    0.014856] Using GB pages for direct mapping
[    0.015785] ACPI: Early table checksum verification disabled
[    0.016795] ACPI: RSDP 0x00000000000F5240 000014 (v00 BOCHS )
[    0.017847] ACPI: RSDT 0x00000000BFFE1F16 000034 (v01 BOCHS  BXPC     00000001 BXPC 00000001)
[    0.019383] ACPI: FACP 0x00000000BFFE1D92 000074 (v01 BOCHS  BXPC     00000001 BXPC 00000001)
[    0.020902] ACPI: DSDT 0x00000000BFFE0040 001D52 (v01 BOCHS  BXPC     00000001 BXPC 00000001)
[    0.022430] ACPI: FACS 0x00000000BFFE0000 000040
[    0.023240] ACPI: APIC 0x00000000BFFE1E06 0000B0 (v03 BOCHS  BXPC     00000001 BXPC 00000001)
[    0.024775] ACPI: HPET 0x00000000BFFE1EB6 000038 (v01 BOCHS  BXPC     00000001 BXPC 00000001)
[    0.026305] ACPI: WAET 0x00000000BFFE1EEE 000028 (v01 BOCHS  BXPC     00000001 BXPC 00000001)
[    0.027818] ACPI: Reserving FACP table memory at [mem 0xbffe1d92-0xbffe1e05]
[    0.029118] ACPI: Reserving DSDT table memory at [mem 0xbffe0040-0xbffe1d91]
[    0.030371] ACPI: Reserving FACS table memory at [mem 0xbffe0000-0xbffe003f]
[    0.031626] ACPI: Reserving APIC table memory at [mem 0xbffe1e06-0xbffe1eb5]
[    0.032874] ACPI: Reserving HPET table memory at [mem 0xbffe1eb6-0xbffe1eed]
[    0.034141] ACPI: Reserving WAET table memory at [mem 0xbffe1eee-0xbffe1f15]
[    0.035805] No NUMA configuration found
[    0.036475] Faking a node at [mem 0x0000000000000000-0x000000013fffffff]
[    0.037639] NODE_DATA(0) allocated [mem 0x13fff9c80-0x13fffdfff]
[    0.039493] ACPI: PM-Timer IO Port: 0x608
[    0.040207] ACPI: LAPIC_NMI (acpi_id[0xff] dfl dfl lint[0x1])
[    0.041281] IOAPIC[0]: apic_id 0, version 17, address 0xfec00000, GSI 0-23
[    0.042501] ACPI: INT_SRC_OVR (bus 0 bus_irq 0 global_irq 2 dfl dfl)
[    0.043620] ACPI: INT_SRC_OVR (bus 0 bus_irq 5 global_irq 5 high level)
[    0.044768] ACPI: INT_SRC_OVR (bus 0 bus_irq 9 global_irq 9 high level)
[    0.045983] ACPI: INT_SRC_OVR (bus 0 bus_irq 10 global_irq 10 high level)
[    0.047171] ACPI: INT_SRC_OVR (bus 0 bus_irq 11 global_irq 11 high level)
[    0.048346] ACPI: Using ACPI (MADT) for SMP configuration information
[    0.049509] ACPI: HPET id: 0x8086a201 base: 0xfed00000
[    0.050403] TSC deadline timer available
[    0.051092] CPU topo: Max. logical packages:   1
[    0.051895] CPU topo: Max. logical nodes:      1
[    0.052696] CPU topo: Num. nodes per package:  1
[    0.053504] CPU topo: Max. logical dies:       1
[    0.054292] CPU topo: Max. dies per package:   1
[    0.055100] CPU topo: Max. threads per core:   1
[    0.055904] CPU topo: Num. cores per package:     8
[    0.056749] CPU topo: Num. threads per package:   8
[    0.057599] CPU topo: Allowing 8 present CPUs plus 0 hotplug CPUs
[    0.058680] kvm-guest: APIC: eoi() replaced with kvm_guest_apic_eoi_write()
[    0.059897] kvm-guest: KVM setup pv remote TLB flush
[    0.060805] kvm-guest: setup PV sched yield
[    0.061525] PM: hibernation: Registered nosave memory: [mem 0x00000000-0x00000fff]
[    0.062837] PM: hibernation: Registered nosave memory: [mem 0x0009f000-0x000fffff]
[    0.064130] PM: hibernation: Registered nosave memory: [mem 0xbffe0000-0xffffffff]
[    0.065512] [gap 0xc0000000-0xfeffbfff] available for PCI devices
[    0.066551] Booting paravirtualized kernel on KVM
[    0.067372] clocksource: refined-jiffies: mask: 0xffffffff max_cycles: 0xffffffff, max_idle_ns: 1910969940391419 ns
[    0.073714] Zone ranges:
[    0.074157]   DMA      [mem 0x0000000000001000-0x0000000000ffffff]
[    0.075233]   DMA32    [mem 0x0000000001000000-0x00000000ffffffff]
[    0.076329]   Normal   [mem 0x0000000100000000-0x000000013fffffff]
[    0.077416] Movable zone start for each node
[    0.078200] Early memory node ranges
[    0.078810]   node   0: [mem 0x0000000000001000-0x000000000009efff]
[    0.079878]   node   0: [mem 0x0000000000100000-0x00000000bffdffff]
[    0.081015]   node   0: [mem 0x0000000100000000-0x000000013fffffff]
[    0.082120] Initmem setup node 0 [mem 0x0000000000001000-0x000000013fffffff]
[    0.083397] On node 0, zone DMA: 1 pages in unavailable ranges
[    0.084913] On node 0, zone DMA: 97 pages in unavailable ranges
[    0.212169] On node 0, zone Normal: 32 pages in unavailable ranges
[    0.213376] setup_percpu: NR_CPUS:128 nr_cpumask_bits:8 nr_cpu_ids:8 nr_node_ids:1
[    0.218696] percpu: Embedded 58 pages/cpu s199696 r8192 d29680 u262144
[    0.219853] pcpu-alloc: s199696 r8192 d29680 u262144 alloc=1*2097152
[    0.220999] pcpu-alloc: [0] 0 1 2 3 4 5 6 7 
[    0.221804] Kernel command line: virtme_hostname=virtme-ng nr_open=1048576 virtme_link_mods=/home/prozak/sources/heimdall_experiment/uml-harness/.build/bpf-next-x86/.virtme_mods/lib/modules/0.0.0 virtme_rw_overlay0=/tmp virtme_console=ttyS0 console=ttyS0 earlyprintk=serial,ttyS0,115200 panic=-1 virtme.exec=`bW91bnQgLXQgYnBmIGJwZmZzIC9zeXMvZnMvYnBmIDI+L2Rldi9udWxsOyAuL3Rlc3RfcHJvZ3MgLXQgJ2tmdW5jX21vZHVsZV9vcmRlcic=` virtme_chdir=home/prozak/sources/heimdall_experiment/uml-harness/.build/selftests-output-qemu rootfstype=9p rootflags=version=9p2000.L,trans=virtio,access=any,msize=524288 raid=noautodetect rw debug init=/home/prozak/.local/share/vng-venv/lib/python3.12/site-packages/virtme/guest/bin/virtme-ng-init
[    0.233173] Unknown kernel command line parameters "virtme_hostname=virtme-ng nr_open=1048576 virtme_link_mods=/home/prozak/sources/heimdall_experiment/uml-harness/.build/bpf-next-x86/.virtme_mods/lib/modules/0.0.0 virtme_rw_overlay0=/tmp virtme_console=ttyS0 virtme_chdir=home/prozak/sources/heimdall_experiment/uml-harness/.build/selftests-output-qemu", will be passed to user space.
[    0.239176] random: crng init done
[    0.239763] printk: log buffer data + meta data: 2097152 + 7340032 = 9437184 bytes
[    0.247474] Dentry cache hash table entries: 524288 (order: 10, 4194304 bytes, linear)
[    0.252113] Inode-cache hash table entries: 262144 (order: 9, 2097152 bytes, linear)
[    0.253651] software IO TLB: area num 8.
[    0.386999] Fallback order for Node 0: 0 
[    0.387006] Built 1 zonelists, mobility grouping on.  Total pages: 1048446
[    0.388991] Policy zone: Normal
[    0.389534] mem auto-init: stack:all(zero), heap alloc:off, heap free:off
[    0.396008] SLUB: HWalign=64, Order=0-3, MinObjects=0, CPUs=8, Nodes=1
Poking KASLR using RDRAND RDTSC...
[    0.411523] ftrace: allocating 69757 entries in 274 pages
[    0.412494] ftrace: allocated 274 pages with 3 groups
[    0.413876] Dynamic Preempt: full
[    0.414789] Running RCU self tests
[    0.415383] Running RCU synchronous self tests
[    0.416147] rcu: Preemptible hierarchical RCU implementation.
[    0.417170] rcu: 	RCU event tracing is enabled.
[    0.417971] rcu: 	RCU lockdep checking is enabled.
[    0.418796] rcu: 	RCU restricting CPUs from NR_CPUS=128 to nr_cpu_ids=8.
[    0.419967] 	Trampoline variant of Tasks RCU enabled.
[    0.420837] 	Rude variant of Tasks RCU enabled.
[    0.421678] 	Tracing variant of Tasks RCU enabled.
[    0.422519] rcu: RCU calculated value of scheduler-enlistment delay is 100 jiffies.
[    0.423876] rcu: Adjusting geometry for rcu_fanout_leaf=16, nr_cpu_ids=8
[    0.425093] Running RCU synchronous self tests
[    0.425881] RCU Tasks: Setting shift to 3 and lim to 1 rcu_task_cb_adjust=1 rcu_task_cpu_ids=8.
[    0.427392] RCU Tasks Rude: Setting shift to 3 and lim to 1 rcu_task_cb_adjust=1 rcu_task_cpu_ids=8.
[    0.434823] NR_IRQS: 8448, nr_irqs: 488, preallocated irqs: 16
[    0.436161] rcu: srcu_init: Setting srcu_struct sizes based on contention.
[    0.437452] clocksource: jiffies: mask: 0xffffffff max_cycles: 0xffffffff, max_idle_ns: 1911260446275000 ns
[    0.439633] Console: colour *CGA 80x25
[    0.440348] printk: legacy console [ttyS0] enabled
[    0.440348] printk: legacy console [ttyS0] enabled
[    0.442055] printk: legacy bootconsole [earlyser0] disabled
[    0.442055] printk: legacy bootconsole [earlyser0] disabled
[    0.444040] Lock dependency validator: Copyright (c) 2006 Red Hat, Inc., Ingo Molnar
[    0.445419] ... MAX_LOCKDEP_SUBCLASSES:  8
[    0.446204] ... MAX_LOCK_DEPTH:          48
[    0.446948] ... MAX_LOCKDEP_KEYS:        8192
[    0.447736] ... CLASSHASH_SIZE:          4096
[    0.448535] ... MAX_LOCKDEP_ENTRIES:     32768
[    0.449338] ... MAX_LOCKDEP_CHAINS:      65536
[    0.450142] ... CHAINHASH_SIZE:          32768
[    0.450933]  memory used by lock dependency info: 6429 kB
[    0.451884]  memory used for stack traces: 4224 kB
[    0.452752]  per task-struct memory footprint: 1920 bytes
[    0.453832] ACPI: Core revision 20260408
[    0.454775] clocksource: hpet: mask: 0xffffffff max_cycles: 0xffffffff, max_idle_ns: 19112604467 ns
[    0.456596] APIC: Switch to symmetric I/O mode setup
[    0.457971] x2apic enabled
[    0.458987] APIC: Switched APIC routing to: physical x2apic
[    0.460033] kvm-guest: APIC: send_IPI_mask() replaced with kvm_send_ipi_mask()
[    0.461388] kvm-guest: APIC: send_IPI_mask_allbutself() replaced with kvm_send_ipi_mask_allbutself()
[    0.463109] kvm-guest: setup PV IPIs
[    0.465869] ..TIMER: vector=0x30 apic1=0 pin1=2 apic2=-1 pin2=-1
[    0.467003] clocksource: tsc-early: mask: 0xffffffffffffffff max_cycles: 0x31027285e94, max_idle_ns: 440795238296 ns
[    0.468932] Calibrating delay loop (skipped) preset value.. 6800.07 BogoMIPS (lpj=3400038)
[    0.471540] x86/cpu: User Mode Instruction Prevention (UMIP) activated
[    0.473115] Last level iTLB entries: 4KB 512, 2MB 255, 4MB 127
[    0.473929] Last level dTLB entries: 4KB 512, 2MB 255, 4MB 127, 1GB 0
[    0.474937] mitigations: Enabled attack vectors: user_kernel, user_user, SMT mitigations: auto
[    0.475929] Speculative Store Bypass: Mitigation: Speculative Store Bypass disabled via prctl
[    0.476929] Speculative Return Stack Overflow: IBPB-extending microcode not applied!
[    0.477929] Speculative Return Stack Overflow: WARNING: See https://kernel.org/doc/html/latest/admin-guide/hw-vuln/srso.html for mitigation options.
[    0.477930] Transient Scheduler Attacks: Vulnerable: No microcode
[    0.479929] Spectre V2 : Mitigation: Retpolines
[    0.480929] Speculative Return Stack Overflow: Vulnerable: Safe RET, no microcode
[    0.481929] Spectre V1 : Mitigation: usercopy/swapgs barriers and __user pointer sanitization
[    0.482929] Spectre V2 : Spectre v2 / SpectreRSB: Filling RSB on context switch and VMEXIT
[    0.483929] Spectre V2 : Enabling Restricted Speculation for firmware calls
[    0.484931] Spectre V2 : mitigation: Enabling conditional Indirect Branch Prediction Barrier
[    0.485929] active return thunk: srso_alias_return_thunk
[    0.486979] x86/fpu: Supporting XSAVE feature 0x001: 'x87 floating point registers'
[    0.487929] x86/fpu: Supporting XSAVE feature 0x002: 'SSE registers'
[    0.488929] x86/fpu: Supporting XSAVE feature 0x004: 'AVX registers'
[    0.489929] x86/fpu: xstate_offset[2]:  576, xstate_sizes[2]:  256
[    0.490929] x86/fpu: Enabled xstate features 0x7, context size is 832 bytes, using 'compacted' format.
[    0.525803] pid_max: default: 32768 minimum: 301
[    0.527042] SELinux:  Initializing.
[    0.528960] LSM support for eBPF active
[    0.530123] Mount-cache hash table entries: 8192 (order: 4, 65536 bytes, linear)
[    0.531083] Mountpoint-cache hash table entries: 8192 (order: 4, 65536 bytes, linear)
[    0.533698] VFS: Finished mounting rootfs on nullfs
[    0.536188] Running RCU synchronous self tests
[    0.536931] Running RCU synchronous self tests
[    0.538479] smpboot: CPU0: AMD Ryzen 9 5950X 16-Core Processor (family: 0x19, model: 0x21, stepping: 0x2)
[    0.540956] Performance Events: Fam17h+ core perfctr, AMD PMU driver.
[    0.541954] ... version:                   0
[    0.542864] ... bit width:                 48
[    0.542936] ... generic counters:          6
[    0.543828] ... generic bitmap:            000000000000003f
[    0.543936] ... fixed-purpose counters:    0
[    0.544809] ... fixed-purpose bitmap:      0000000000000000
[    0.544936] ... value mask:                0000ffffffffffff
[    0.545936] ... max period:                00007fffffffffff
[    0.546936] ... global_ctrl mask:          000000000000003f
[    0.548255] signal: max sigframe size: 1776
[    0.549128] rcu: Hierarchical SRCU implementation.
[    0.549938] rcu: 	Max phase no-delay instances is 400.
[    0.551265] Timer migration: 1 hierarchy levels; 8 children per group; 1 crossnode level
[    0.564145] smp: Bringing up secondary CPUs ...
[    0.569125] smpboot: x86: Booting SMP configuration:
[    0.569936] .... node  #0, CPUs:      #1 #2 #3 #4 #5 #6 #7
[    0.598337] smp: Brought up 1 node, 8 CPUs
[    0.599833] smpboot: Total of 8 processors activated (54400.60 BogoMIPS)
[    0.601321] Memory: 3963784K/4193784K available (25637K kernel code, 10348K rwdata, 18032K rodata, 4668K init, 13400K bss, 221944K reserved, 0K cma-reserved)
[    0.603953] devtmpfs: initialized
[    0.608481] Running RCU synchronous self tests
[    0.608956] Running RCU synchronous self tests
[    0.610042] Running RCU Tasks wait API self tests
[    0.610997] Running RCU Tasks Rude wait API self tests
[    0.611938] Running RCU Tasks Trace wait API self tests
[    0.613050] posixtimers hash table entries: 4096 (order: 7, 294912 bytes, linear)
[    0.615348] futex hash table entries: 2048 (262144 bytes on 1 NUMA nodes, total 256 KiB, linear).
[    0.616936] PM: RTC time: 22:59:23, date: 2026-08-02
[    0.617966] Callback from call_rcu_tasks_trace() invoked.
[    0.624466] NET: Registered PF_NETLINK/PF_ROUTE protocol family
[    0.625960] audit: initializing netlink subsys (disabled)
[    0.627013] audit: type=2000 audit(1785711563.847:1): state=initialized audit_enabled=0 res=1
[    0.651624] thermal_sys: Registered thermal governor 'step_wise'
[    0.651695] cpuidle: using governor ladder
[    0.652878] cpuidle: using governor menu
[    0.654967] Freeing SMP alternatives memory: 68K
[    0.656812] PCI: Using configuration type 1 for base access
[    0.656936] PCI: Using configuration type 1 for extended access
[    0.658095] kprobes: kprobe jump-optimization is enabled. All kprobes are optimized if possible.
[    0.660149] HugeTLB: registered 1.00 GiB page size, pre-allocated 0 pages
[    0.660937] HugeTLB: 16380 KiB vmemmap can be freed for a 1.00 GiB page
[    0.661936] HugeTLB: registered 2.00 MiB page size, pre-allocated 0 pages
[    0.662937] HugeTLB: 28 KiB vmemmap can be freed for a 2.00 MiB page
[    0.669156] ACPI: Added _OSI(Module Device)
[    0.669938] ACPI: Added _OSI(Processor Device)
[    0.670919] ACPI: Added _OSI(Processor Aggregator Device)
[    0.674672] ACPI: 1 ACPI AML tables successfully acquired and loaded
[    0.677301] ACPI: \_SB_: platform _OSC: OS support mask [002a7eee]
[    0.678677] ACPI: Interpreter enabled
[    0.679002] ACPI: PM: (supports S0 S3 S4 S5)
[    0.679948] ACPI: Using IOAPIC for interrupt routing
[    0.680987] PCI: Using host bridge windows from ACPI; if necessary, use "pci=nocrs" and report a bug
[    0.681936] PCI: Using E820 reservations for host bridge windows
[    0.683307] ACPI: Enabled 2 GPEs in block 00 to 0F
[    0.699822] ACPI: PCI Root Bridge [PCI0] (domain 0000 [bus 00-ff])
[    0.699941] acpi PNP0A03:00: _OSC: OS supports [ExtendedConfig ASPM ClockPM Segments MSI HPX-Type3]
[    0.700948] acpi PNP0A03:00: _OSC: OS requested [PME PCIeCapability LTR]
[    0.701937] acpi PNP0A03:00: _OSC: platform willing to grant [PME PCIeCapability LTR]
[    0.702938] acpi PNP0A03:00: _OSC: platform retains control of PCIe features (AE_ERROR)
[    0.704699] PCI host bridge to bus 0000:00
[    0.704946] pci_bus 0000:00: root bus resource [io  0x0000-0x0cf7 window]
[    0.705937] pci_bus 0000:00: root bus resource [io  0x0d00-0xffff window]
[    0.706938] pci_bus 0000:00: root bus resource [mem 0x000a0000-0x000bffff window]
[    0.707938] pci_bus 0000:00: root bus resource [mem 0xc0000000-0xfebfffff window]
[    0.708938] pci_bus 0000:00: root bus resource [mem 0x380000000000-0x38007fffffff window]
[    0.709937] pci_bus 0000:00: root bus resource [bus 00-ff]
[    0.711340] pci 0000:00:00.0: [8086:1237] type 00 class 0x060000 conventional PCI endpoint
[    0.713592] pci 0000:00:01.0: [8086:7000] type 00 class 0x060100 conventional PCI endpoint
[    0.715374] pci 0000:00:01.1: [8086:7010] type 00 class 0x010180 conventional PCI endpoint
[    0.716848] pci 0000:00:01.1: BAR 4 [io  0xc1c0-0xc1cf]
[    0.717016] pci 0000:00:01.1: BAR 0 [io  0x01f0-0x01f7]: legacy IDE quirk
[    0.717985] pci 0000:00:01.1: BAR 1 [io  0x03f6]: legacy IDE quirk
[    0.718936] pci 0000:00:01.1: BAR 2 [io  0x0170-0x0177]: legacy IDE quirk
[    0.719937] pci 0000:00:01.1: BAR 3 [io  0x0376]: legacy IDE quirk
[    0.721650] pci 0000:00:01.3: [8086:7113] type 00 class 0x068000 conventional PCI endpoint
[    0.722661] pci 0000:00:01.3: quirk: [io  0x0600-0x063f] claimed by PIIX4 ACPI
[    0.722953] pci 0000:00:01.3: quirk: [io  0x0700-0x070f] claimed by PIIX4 SMB
[    0.724969] pci 0000:00:02.0: [1af4:1009] type 00 class 0x000200 conventional PCI endpoint
[    0.727954] pci 0000:00:02.0: BAR 0 [io  0xc000-0xc03f]
[    0.728970] pci 0000:00:02.0: BAR 1 [mem 0xfebf8000-0xfebf8fff]
[    0.729997] pci 0000:00:02.0: BAR 4 [mem 0x380000000000-0x380000003fff 64bit pref]
[    0.734066] pci 0000:00:03.0: [8086:25ab] type 00 class 0x088000 conventional PCI endpoint
[    0.735955] pci 0000:00:03.0: BAR 0 [mem 0xfebf9000-0xfebf900f]
[    0.739491] pci 0000:00:04.0: [1af4:1003] type 00 class 0x078000 conventional PCI endpoint
[    0.740954] pci 0000:00:04.0: BAR 0 [io  0xc040-0xc07f]
[    0.741954] pci 0000:00:04.0: BAR 1 [mem 0xfebfa000-0xfebfafff]
[    0.743008] pci 0000:00:04.0: BAR 4 [mem 0x380000004000-0x380000007fff 64bit pref]
[    0.747222] pci 0000:00:05.0: [1af4:1003] type 00 class 0x078000 conventional PCI endpoint
[    0.748955] pci 0000:00:05.0: BAR 0 [io  0xc080-0xc0bf]
[    0.749951] pci 0000:00:05.0: BAR 1 [mem 0xfebfb000-0xfebfbfff]
[    0.750999] pci 0000:00:05.0: BAR 4 [mem 0x380000008000-0x38000000bfff 64bit pref]
[    0.755422] pci 0000:00:06.0: [1af4:1003] type 00 class 0x078000 conventional PCI endpoint
[    0.756954] pci 0000:00:06.0: BAR 0 [io  0xc0c0-0xc0ff]
[    0.757954] pci 0000:00:06.0: BAR 1 [mem 0xfebfc000-0xfebfcfff]
[    0.759013] pci 0000:00:06.0: BAR 4 [mem 0x38000000c000-0x38000000ffff 64bit pref]
[    0.763272] pci 0000:00:07.0: [1af4:1003] type 00 class 0x078000 conventional PCI endpoint
[    0.765771] pci 0000:00:07.0: BAR 0 [io  0xc100-0xc13f]
[    0.765953] pci 0000:00:07.0: BAR 1 [mem 0xfebfd000-0xfebfdfff]
[    0.766998] pci 0000:00:07.0: BAR 4 [mem 0x380000010000-0x380000013fff 64bit pref]
[    0.771259] pci 0000:00:08.0: [1af4:1003] type 00 class 0x078000 conventional PCI endpoint
[    0.772954] pci 0000:00:08.0: BAR 0 [io  0xc140-0xc17f]
[    0.773954] pci 0000:00:08.0: BAR 1 [mem 0xfebfe000-0xfebfefff]
[    0.774998] pci 0000:00:08.0: BAR 4 [mem 0x380000014000-0x380000017fff 64bit pref]
[    0.779271] pci 0000:00:09.0: [1af4:1003] type 00 class 0x078000 conventional PCI endpoint
[    0.780955] pci 0000:00:09.0: BAR 0 [io  0xc180-0xc1bf]
[    0.781954] pci 0000:00:09.0: BAR 1 [mem 0xfebff000-0xfebfffff]
[    0.782997] pci 0000:00:09.0: BAR 4 [mem 0x380000018000-0x38000001bfff 64bit pref]
[    0.792950] ACPI: PCI: Interrupt link LNKA configured for IRQ 10
[    0.794191] ACPI: PCI: Interrupt link LNKB configured for IRQ 10
[    0.795187] ACPI: PCI: Interrupt link LNKC configured for IRQ 11
[    0.796183] ACPI: PCI: Interrupt link LNKD configured for IRQ 11
[    0.797064] ACPI: PCI: Interrupt link LNKS configured for IRQ 9
[    0.799967] iommu: Default domain type: Translated
[    0.800936] iommu: DMA domain TLB invalidation policy: lazy mode
[    0.803369] SCSI subsystem initialized
[    0.803991] libata version 3.00 loaded.
[    0.805144] ACPI: bus type USB registered
[    0.806063] usbcore: registered new interface driver usbfs
[    0.807011] usbcore: registered new interface driver hub
[    0.807975] usbcore: registered new device driver usb
[    0.809135] pps_core: LinuxPPS API ver. 1 registered
[    0.809936] pps_core: Software ver. 5.3.6 - Copyright 2005-2007 Rodolfo Giometti <giometti@linux.it>
[    0.810962] PTP clock support registered
[    0.812514] Advanced Linux Sound Architecture Driver Initialized.
[    0.814219] NetLabel: Initializing
[    0.814936] NetLabel:  domain hash size = 128
[    0.815885] NetLabel:  protocols = UNLABELED CIPSOv4 CALIPSO
[    0.815985] NetLabel:  unlabeled traffic allowed by default
[    0.817289] PCI: Using ACPI for IRQ routing
[    0.817939] PCI: pci_cache_line_size set to 64 bytes
[    0.819307] e820: register RAM buffer resource [mem 0x0009fc00-0x0009ffff]
[    0.819936] e820: register RAM buffer resource [mem 0xbffe0000-0xbfffffff]
[    0.821084] vgaarb: loaded
[    0.821696] hpet0: at MMIO 0xfed00000, IRQs 2, 8, 0
[    0.821937] hpet0: 3 comparators, 64-bit 100.000000 MHz counter
[    0.822954] Callback from call_rcu_tasks() invoked.
[    0.825713] clocksource: Switched to clocksource kvm-clock
[    0.827585] VFS: Disk quotas dquot_6.6.0
[    0.828512] VFS: Dquot-cache hash table entries: 512 (4096 bytes)
[    0.831090] pnp: PnP ACPI init
[    0.832237] pnp 00:02: [dma 2]
[    0.833937] pnp: PnP ACPI: found 4 devices
[    0.852094] clocksource: acpi_pm: mask: 0xffffff max_cycles: 0xffffff, max_idle_ns: 2085701024 ns
[    0.854323] NET: Registered PF_INET protocol family
[    0.856636] IP idents hash table entries: 65536 (order: 7, 524288 bytes, linear)
[    0.860682] tcp_listen_portaddr_hash hash table entries: 2048 (order: 6, 147456 bytes, linear)
[    0.863144] Table-perturb hash table entries: 65536 (order: 6, 262144 bytes, linear)
[    0.864820] TCP established hash table entries: 32768 (order: 6, 262144 bytes, linear)
[    0.867085] TCP bind hash table entries: 32768 (order: 11, 4718592 bytes, vmalloc hugepage)
[    0.880604] TCP: Hash tables configured (established 32768 bind 32768)
[    0.883825] MPTCP token hash table entries: 4096 (order: 7, 360448 bytes, linear)
[    0.885542] UDP hash table entries: 2048 (order: 7, 524288 bytes, linear)
[    0.888511] NET: Registered PF_UNIX/PF_LOCAL protocol family
[    0.890748] RPC: Registered named UNIX socket transport module.
[    0.892065] RPC: Registered udp transport module.
[    0.893091] RPC: Registered tcp transport module.
[    0.894134] RPC: Registered tcp-with-tls transport module.
[    0.895360] RPC: Registered tcp NFSv4.1 backchannel transport module.
[    0.897669] NET: Registered PF_XDP protocol family
[    0.899058] pci_bus 0000:00: resource 4 [io  0x0000-0x0cf7 window]
[    0.900591] pci_bus 0000:00: resource 5 [io  0x0d00-0xffff window]
[    0.901969] pci_bus 0000:00: resource 6 [mem 0x000a0000-0x000bffff window]
[    0.903458] pci_bus 0000:00: resource 7 [mem 0xc0000000-0xfebfffff window]
[    0.904906] pci_bus 0000:00: resource 8 [mem 0x380000000000-0x38007fffffff window]
[    0.906635] pci 0000:00:01.0: PIIX3: Enabling Passive Release
[    0.907887] pci 0000:00:00.0: Limiting direct PCI/PCI transfers
[    0.909300] PCI: CLS 0 bytes, default 64
[    0.910325] PCI-DMA: Using software bounce buffering for IO (SWIOTLB)
[    0.911741] software IO TLB: mapped [mem 0x00000000bbfe0000-0x00000000bffe0000] (64MB)
[    0.914761] clocksource: tsc: mask: 0xffffffffffffffff max_cycles: 0x31027285e94, max_idle_ns: 440795238296 ns
[    0.925393] Initialise system trusted keyrings
[    0.927038] workingset: timestamp_bits=40 (anon: 35) max_order=20 bucket_order=0 (anon: 0)
[    0.930174] squashfs: version 4.0 (2009/01/31) Phillip Lougher
[    0.932305] NFS: Registering the id_resolver key type
[    0.933612] Key type id_resolver registered
[    0.934607] Key type id_legacy registered
[    0.935454] nfs4filelayout_init: NFSv4 File Layout Driver Registering...
[    0.936956] nfs4flexfilelayout_init: NFSv4 Flexfile Layout Driver Registering...
[    0.938791] fuse: init (API version 7.45)
[    0.940009] 9p: Installing v9fs 9p2000 file system support
[    0.943077] NET: Registered PF_ALG protocol family
[    0.944188] Key type asymmetric registered
[    0.945086] Asymmetric key parser 'x509' registered
[    0.946296] Block layer SCSI generic (bsg) driver version 0.4 loaded (major 248)
[    0.948596] io scheduler mq-deadline registered
[    0.949879] io scheduler kyber registered
[    0.952352] input: Power Button as /devices/platform/LNXPWRBN:00/input/input0
[    0.954200] ACPI: button: Power Button [PWRF]
[    1.080355] ACPI: \_SB_.LNKB: Enabled at IRQ 10
[    1.205051] ACPI: \_SB_.LNKD: Enabled at IRQ 11
[    1.327904] ACPI: \_SB_.LNKA: Enabled at IRQ 10
[    1.477393] kwatchdog (99) used greatest stack depth: 14776 bytes left
[    1.573403] ACPI: \_SB_.LNKC: Enabled at IRQ 11
[    1.820368] Serial: 8250/16550 driver, 4 ports, IRQ sharing enabled
[    1.822807] 00:03: ttyS0 at I/O 0x3f8 (irq = 4, base_baud = 115200) is a 16550A
[    1.977157] Non-volatile memory driver v1.3
[    1.979131] ACPI: bus type drm_connector registered
[    2.000711] brd: module loaded
[    2.013899] loop: module loaded
[    2.018887] scsi host0: ata_piix
[    2.021085] scsi host1: ata_piix
[    2.022125] ata1: PATA max MWDMA2 cmd 0x1f0 ctl 0x3f6 bmdma 0xc1c0 irq 14 lpm-pol 0
[    2.023853] ata2: PATA max MWDMA2 cmd 0x170 ctl 0x376 bmdma 0xc1c8 irq 15 lpm-pol 0
[    2.029896] tun: Universal TUN/TAP device driver, 1.6
[    2.031463] e100: Intel(R) PRO/100 Network Driver
[    2.032523] e100: Copyright(c) 1999-2006 Intel Corporation
[    2.033806] e1000: Intel(R) PRO/1000 Network Driver
[    2.034921] e1000: Copyright (c) 1999-2006 Intel Corporation.
[    2.036330] e1000e: Intel(R) PRO/1000 Network Driver
[    2.037429] e1000e: Copyright(c) 1999 - 2015 Intel Corporation.
[    2.038805] sky2: driver version 1.30
[    2.040783] usbcore: registered new interface driver usblp
[    2.042077] usbcore: registered new interface driver usb-storage
[    2.043546] i8042: PNP: PS/2 Controller [PNP0303:KBD,PNP0f13:MOU] at 0x60,0x64 irq 1,12
[    2.046718] serio: i8042 KBD port at 0x60,0x64 irq 1
[    2.048222] serio: i8042 AUX port at 0x60,0x64 irq 12
[    2.050305] rtc_cmos PNP0B00:00: RTC can wake from S4
[    2.053879] input: AT Translated Set 2 keyboard as /devices/platform/i8042/serio0/input/input1
[    2.056709] rtc_cmos PNP0B00:00: registered as rtc0
[    2.057994] rtc_cmos PNP0B00:00: alarms up to one day, y3k, 242 bytes nvram, hpet irqs
[    2.061791] Registered IR keymap rc-empty
[    2.063544] rc rc0: rc-core loopback device as /devices/virtual/rc/rc0
[    2.066228] rc rc0: lirc_dev: driver rc-loopback registered at minor = 0, raw IR receiver, raw IR transmitter
[    2.069349] input: rc-core loopback device as /devices/virtual/rc/rc0/input4
[    2.071976] intel_powerclamp: CPU does not support MWAIT
[    2.073281] device-mapper: core: CONFIG_IMA_DISABLE_HTABLE is disabled. Duplicate IMA measurements will not be recorded in the IMA log.
[    2.076264] device-mapper: ioctl: 4.50.0-ioctl (2025-04-28) initialised: dm-devel@lists.linux.dev
[    2.078266] amd_pstate: the _CPC object is not present in SBIOS or ACPI disabled
[    2.080650] hid: raw HID events driver (C) Jiri Kosina
[    2.083412] usbcore: registered new interface driver usbhid
[    2.084695] usbhid: USB HID core driver
[    2.086686] GACT probability NOT on
[    2.087509] Mirror/redirect action on
[    2.089786] nf_conntrack_irc: The irc conntrack helper is scheduled for removal.
[    2.089786] Please contact the netfilter-devel mailing list if you still need this.
[    2.094548] ipip: IPv4 and MPLS over IPv4 tunneling driver
[    2.096424] gre: GRE over IPv4 demultiplexer driver
[    2.097491] ip_gre: GRE over IPv4 tunneling driver
[    2.100998] Initializing XFRM netlink socket
[    2.101991] IPsec XFRM device driver
[    2.102934] NET: Registered PF_INET6 protocol family
[    2.106312] Segment Routing with IPv6
[    2.107165] In-situ OAM (IOAM) with IPv6
[    2.108061] mip6: Mobile IPv6
[    2.108749] sit: IPv6, IPv4 and MPLS over IPv4 tunneling driver
[    2.111544] ip6_gre: GRE over IPv6 tunneling driver
[    2.113407] NET: Registered PF_PACKET protocol family
[    2.114640] RPC: Registered rdma transport module.
[    2.115708] RPC: Registered rdma backchannel transport module.
[    2.117456] 8021q: 802.1Q VLAN Support v1.8
[    2.119061] smc: adding smcd device lo without pnetid
[    2.120445] NET: Registered PF_SMC protocol family
[    2.122018] 9pnet: Installing 9P2000 support
[    2.124597] Key type dns_resolver registered
[    2.125769] NET: Registered PF_VSOCK protocol family
[    2.126952] mpls_gso: MPLS GSO support
[    2.131125] IPI shorthand broadcast: enabled
[    2.176324] sched_clock: Marking stable (2152009551, 23475249)->(2275973474, -100488674)
[    2.180724] registered taskstats version 1
[    2.181470] ata2: found unknown device (class 0)
[    2.184222] ata2.00: ATAPI: QEMU DVD-ROM, 2.5+, max UDMA/100
[    2.188112] scsi 1:0:0:0: CD-ROM            QEMU     QEMU DVD-ROM     2.5+ PQ: 0 ANSI: 5
[    2.198442] Loading compiled-in X.509 certificates
[    2.200260] kworker/u32:1 (118) used greatest stack depth: 14152 bytes left
[    2.201673] Loaded X.509 cert 'Build time autogenerated kernel key: c4531344b9a9c1a4731230d977a262ba29ba5272'
[    2.202257] kworker/u32:1 (119) used greatest stack depth: 13008 bytes left
[    2.222316] sr 1:0:0:0: [sr0] scsi3-mmc drive: 4x/4x cd/rw xa/form2 tray
[    2.242136] Demotion targets for Node 0: null
[    2.243718] ima: No TPM chip found, activating TPM-bypass!
[    2.244653] cdrom: Uniform CD-ROM driver Revision: 3.20
[    2.245274] ima: Allocated hash algorithm: sha1
[    2.248015] ima: No architecture policies found
[    2.250195] PM:   Magic number: 6:938:1006
[    2.251205] netconsole: network logging started
[    2.252988] cfg80211: Loading compiled-in X.509 certificates for regulatory database
[    2.256197] Loaded X.509 cert 'sforshee: 00b28ddf47aef9cea7'
[    2.257639] Loaded X.509 cert 'wens: 61c038651aabdcf94bd0ac7ff06c7248db18c600'
[    2.258209] sr 1:0:0:0: Attached scsi CD-ROM sr0
[    2.259656] faux_driver regulatory: Direct firmware load for regulatory.db failed with error -2
[    2.261734] ALSA device list:
[    2.262028] sr 1:0:0:0: Attached scsi generic sg0 type 5
[    2.262752] cfg80211: failed to load regulatory.db
[    2.263379]   No soundcards found.
[    2.479313] input: ImExPS/2 Generic Explorer Mouse as /devices/platform/i8042/serio1/input/input3
[    2.481167] md: Skipping autodetection of RAID arrays. (raid=autodetect will force)
[    2.482576] 9p: Bad value for 'source'
[    2.483259] 9pnet: Limiting 'msize' to 512000 as this is the maximum supported by transport virtio
[    2.486709] VFS: Mounted root (9p filesystem) on device 0:22.
[    2.488534] devtmpfs: mounted
[    2.489218] VFS: Pivoted into new rootfs
[    2.494237] Freeing unused kernel image (initmem) memory: 4668K
[    2.495153] Write protecting the kernel read-only data: 45056k
[    2.497065] Freeing unused kernel image (text/rodata gap) memory: 984K
[    2.498431] Freeing unused kernel image (rodata/data gap) memory: 400K
[    2.535969] x86/mm: Checked W+X mappings: passed, no W+X pages found.
[    2.536866] Run /home/prozak/.local/share/vng-venv/lib/python3.12/site-packages/virtme/guest/bin/virtme-ng-init as init process
[    2.538402]   with arguments:
[    2.538839]     /home/prozak/.local/share/vng-venv/lib/python3.12/site-packages/virtme/guest/bin/virtme-ng-init
[    2.540187]   with environment:
[    2.540671]     HOME=/
[    2.541044]     TERM=linux
[    2.541420]     virtme_hostname=virtme-ng
[    2.541985]     nr_open=1048576
[    2.542453]     virtme_link_mods=/home/prozak/sources/heimdall_experiment/uml-harness/.build/bpf-next-x86/.virtme_mods/lib/modules/0.0.0
[    2.544098]     virtme_rw_overlay0=/tmp
[    2.544648]     virtme_console=ttyS0
[    2.545195]     virtme_chdir=home/prozak/sources/heimdall_experiment/uml-harness/.build/selftests-output-qemu
[    2.622562] virtme-ng-init: mount devtmpfs -> /dev: EBUSY: Device or resource busy
[    2.624238] virtme-ng-init: Setting hostname to virtme-ng...
[    2.658009] virtme-ng-init: running systemd-tmpfiles
[    3.840062] systemd-tmpfile (127) used greatest stack depth: 12504 bytes left
[    3.840154] virtme-ng-init: basic initialization done
[    3.858636] virtme-ng-init: error creating file: Permission denied (os error 13)
[    3.963272] ip (133) used greatest stack depth: 11848 bytes left
[    4.084556] virtme-ng-init: Starting systemd-udevd version 255.4-1ubuntu8.16
[    4.086574] virtme-ng-init: triggering udev coldplug
[    7.170924] virtme-ng-init: waiting for udev to settle
[    7.970643] virtme-ng-init: udev is done
[    7.975128] virtme-ng-init: starting script
[    8.261429] bpf_testmod: loading out-of-tree module taints kernel.
[    8.262412] bpf_testmod: module verification failed: signature and/or required key missing - tainting kernel
[    8.500901] smc: removing smcd device lo
[    8.568104] ACPI: PM: Preparing to enter system sleep state S5
[    8.569300] reboot: Power down
make: *** [Makefile:166: test-kfunc_module_order] Error 1
