#177/1   kprobe_multi_test/skel_api:OK
#177/2   kprobe_multi_test/link_api_addrs:OK
#177/3   kprobe_multi_test/link_api_syms:OK
#177/4   kprobe_multi_test/attach_api_pattern:OK
#177/5   kprobe_multi_test/attach_api_addrs:OK
#177/6   kprobe_multi_test/attach_api_syms:OK
#177/7   kprobe_multi_test/attach_api_fails:OK
#177/8   kprobe_multi_test/attach_override:OK
#177/9   kprobe_multi_test/override:OK
#177/10  kprobe_multi_test/session:OK
#177/11  kprobe_multi_test/session_cookie:OK
#177/12  kprobe_multi_test/unique_match:OK
#177/13  kprobe_multi_test/attach_write_ctx:OK
#177/14  kprobe_multi_test/dup_sym:OK
#177/15  kprobe_multi_test/kprobe_session_return_0:OK
#177/16  kprobe_multi_test/kprobe_session_return_1:OK
#177/17  kprobe_multi_test/kprobe_session_return_2:OK
#177     kprobe_multi_test:OK
#178/1   kprobe_multi_testmod_test/testmod_attach_api_syms:OK
#178/2   kprobe_multi_testmod_test/testmod_attach_api_addrs:OK
#178     kprobe_multi_testmod_test:OK
Summary: 2/19 PASSED, 0 SKIPPED, 0 FAILED
ttyS0,115200 panic=-1 virtme.exec=`bW91bnQgLXQgYnBmIGJwZmZzIC9zeXMvZnMvYnBmIDI+L2Rldi9udWxsOyAuL3Rlc3RfcHJvZ3MgLXQgJ2twcm9iZV9tdWx0aV90ZXN0Jw==` virtme_chdir=home/prozak/sources/heimdall_experiment/uml-harness/.build/selftests-output-qemu rootfstype=9p rootflags=version=9p2000.L,trans=virtio,access=any,msize=524288 raid=noautodetect rw debug init=/home/prozak/.local/share/vng-venv/lib/python3.12/site-packages/virtme/guest/bin/virtme-ng-init
[    0.000000] x86 CPU feature dependency check failure: CPU0 has '18*32+31' enabled but '18*32+26' disabled. Kernel might be fine, but no guarantees.
[    0.000000] BIOS-provided physical RAM map:
[    0.000000] BIOS-e820: [mem 0x0000000000000000-0x000000000009fbff]  System RAM
[    0.000000] BIOS-e820: [mem 0x000000000009fc00-0x000000000009ffff]  device reserved
[    0.000000] BIOS-e820: [gap 0x00000000000a0000-0x00000000000effff]
[    0.000000] BIOS-e820: [mem 0x00000000000f0000-0x00000000000fffff]  device reserved
[    0.000000] BIOS-e820: [mem 0x0000000000100000-0x00000000bffdffff]  System RAM
[    0.000000] BIOS-e820: [mem 0x00000000bffe0000-0x00000000bfffffff]  device reserved
[    0.000000] BIOS-e820: [gap 0x00000000c0000000-0x00000000feffbfff]
[    0.000000] BIOS-e820: [mem 0x00000000feffc000-0x00000000feffffff]  device reserved
[    0.000000] BIOS-e820: [gap 0x00000000ff000000-0x00000000fffbffff]
[    0.000000] BIOS-e820: [mem 0x00000000fffc0000-0x00000000ffffffff]  device reserved
[    0.000000] BIOS-e820: [mem 0x0000000100000000-0x000000013fffffff]  System RAM
[    0.000000] BIOS-e820: [gap 0x0000000140000000-0x000000fcffffffff]
[    0.000000] BIOS-e820: [mem 0x000000fd00000000-0x000000ffffffffff]  device reserved
[    0.000000] printk: legacy bootconsole [earlyser0] enabled
[    0.000000] NX (Execute Disable) protection: active
[    0.000000] APIC: Static calls initialized
[    0.000000] DMI: SMBIOS 3.0.0 present.
[    0.000000] DMI: QEMU Ubuntu 24.04 PC v2 (i440FX + PIIX, arch_caps fix, 1996), BIOS 1.16.3-debian-1.16.3-2 04/01/2014
[    0.000000] DMI: Memory slots populated: 1/1
[    0.000000] Hypervisor detected: KVM
[    0.000000] last_pfn = 0xbffe0 max_arch_pfn = 0x400000000
[    0.000000] kvm-clock: Using msrs 4b564d01 and 4b564d00
[    0.000001] kvm-clock: using sched offset of 441328019 cycles
[    0.000913] clocksource: kvm-clock: mask: 0xffffffffffffffff max_cycles: 0x1cd42e4dffb, max_idle_ns: 881590591483 ns
[    0.003733] tsc: Detected 3400.038 MHz processor
[    0.004892] e820: update [mem 0x00000000-0x00000fff] System RAM ==> device reserved
[    0.006227] e820: remove [mem 0x000a0000-0x000fffff] System RAM
[    0.007259] last_pfn = 0x140000 max_arch_pfn = 0x400000000
[    0.008295] MTRR map: 4 entries (3 fixed + 1 variable; max 19), built from 8 variable MTRRs
[    0.009777] x86/PAT: Configuration [0-7]: WB  WC  UC- UC  WB  WP  UC- WT  
Memory KASLR using RDRAND RDTSC...
[    0.011644] last_pfn = 0xbffe0 max_arch_pfn = 0x400000000
[    0.013803] found SMP MP-table at [mem 0x000f5450-0x000f545f]
[    0.014822] Using GB pages for direct mapping
[    0.015686] ACPI: Early table checksum verification disabled
[    0.016656] ACPI: RSDP 0x00000000000F5240 000014 (v00 BOCHS )
[    0.017687] ACPI: RSDT 0x00000000BFFE1F16 000034 (v01 BOCHS  BXPC     00000001 BXPC 00000001)
[    0.019183] ACPI: FACP 0x00000000BFFE1D92 000074 (v01 BOCHS  BXPC     00000001 BXPC 00000001)
[    0.020658] ACPI: DSDT 0x00000000BFFE0040 001D52 (v01 BOCHS  BXPC     00000001 BXPC 00000001)
[    0.022150] ACPI: FACS 0x00000000BFFE0000 000040
[    0.022976] ACPI: APIC 0x00000000BFFE1E06 0000B0 (v03 BOCHS  BXPC     00000001 BXPC 00000001)
[    0.024437] ACPI: HPET 0x00000000BFFE1EB6 000038 (v01 BOCHS  BXPC     00000001 BXPC 00000001)
[    0.025941] ACPI: WAET 0x00000000BFFE1EEE 000028 (v01 BOCHS  BXPC     00000001 BXPC 00000001)
[    0.027467] ACPI: Reserving FACP table memory at [mem 0xbffe1d92-0xbffe1e05]
[    0.028693] ACPI: Reserving DSDT table memory at [mem 0xbffe0040-0xbffe1d91]
[    0.029983] ACPI: Reserving FACS table memory at [mem 0xbffe0000-0xbffe003f]
[    0.031205] ACPI: Reserving APIC table memory at [mem 0xbffe1e06-0xbffe1eb5]
[    0.032409] ACPI: Reserving HPET table memory at [mem 0xbffe1eb6-0xbffe1eed]
[    0.033678] ACPI: Reserving WAET table memory at [mem 0xbffe1eee-0xbffe1f15]
[    0.035359] No NUMA configuration found
[    0.036018] Faking a node at [mem 0x0000000000000000-0x000000013fffffff]
[    0.037185] NODE_DATA(0) allocated [mem 0x13fffbc80-0x13fffffff]
[    0.039120] ACPI: PM-Timer IO Port: 0x608
[    0.039823] ACPI: LAPIC_NMI (acpi_id[0xff] dfl dfl lint[0x1])
[    0.040871] IOAPIC[0]: apic_id 0, version 17, address 0xfec00000, GSI 0-23
[    0.042113] ACPI: INT_SRC_OVR (bus 0 bus_irq 0 global_irq 2 dfl dfl)
[    0.043248] ACPI: INT_SRC_OVR (bus 0 bus_irq 5 global_irq 5 high level)
[    0.044379] ACPI: INT_SRC_OVR (bus 0 bus_irq 9 global_irq 9 high level)
[    0.045562] ACPI: INT_SRC_OVR (bus 0 bus_irq 10 global_irq 10 high level)
[    0.046842] ACPI: INT_SRC_OVR (bus 0 bus_irq 11 global_irq 11 high level)
[    0.048028] ACPI: Using ACPI (MADT) for SMP configuration information
[    0.049148] ACPI: HPET id: 0x8086a201 base: 0xfed00000
[    0.050080] TSC deadline timer available
[    0.050769] CPU topo: Max. logical packages:   1
[    0.051590] CPU topo: Max. logical nodes:      1
[    0.052378] CPU topo: Num. nodes per package:  1
[    0.053185] CPU topo: Max. logical dies:       1
[    0.054021] CPU topo: Max. dies per package:   1
[    0.054850] CPU topo: Max. threads per core:   1
[    0.055638] CPU topo: Num. cores per package:     8
[    0.056486] CPU topo: Num. threads per package:   8
[    0.057352] CPU topo: Allowing 8 present CPUs plus 0 hotplug CPUs
[    0.058456] kvm-guest: APIC: eoi() replaced with kvm_guest_apic_eoi_write()
[    0.059701] kvm-guest: KVM setup pv remote TLB flush
[    0.060575] kvm-guest: setup PV sched yield
[    0.061335] PM: hibernation: Registered nosave memory: [mem 0x00000000-0x00000fff]
[    0.062632] PM: hibernation: Registered nosave memory: [mem 0x0009f000-0x000fffff]
[    0.063942] PM: hibernation: Registered nosave memory: [mem 0xbffe0000-0xffffffff]
[    0.065283] [gap 0xc0000000-0xfeffbfff] available for PCI devices
[    0.066339] Booting paravirtualized kernel on KVM
[    0.067161] clocksource: refined-jiffies: mask: 0xffffffff max_cycles: 0xffffffff, max_idle_ns: 1910969940391419 ns
[    0.073510] Zone ranges:
[    0.073954]   DMA      [mem 0x0000000000001000-0x0000000000ffffff]
[    0.075028]   DMA32    [mem 0x0000000001000000-0x00000000ffffffff]
[    0.076125]   Normal   [mem 0x0000000100000000-0x000000013fffffff]
[    0.077206] Movable zone start for each node
[    0.077962] Early memory node ranges
[    0.078573]   node   0: [mem 0x0000000000001000-0x000000000009efff]
[    0.079662]   node   0: [mem 0x0000000000100000-0x00000000bffdffff]
[    0.080733]   node   0: [mem 0x0000000100000000-0x000000013fffffff]
[    0.081885] Initmem setup node 0 [mem 0x0000000000001000-0x000000013fffffff]
[    0.083141] On node 0, zone DMA: 1 pages in unavailable ranges
[    0.084502] On node 0, zone DMA: 97 pages in unavailable ranges
[    0.206808] On node 0, zone Normal: 32 pages in unavailable ranges
[    0.207926] setup_percpu: NR_CPUS:128 nr_cpumask_bits:8 nr_cpu_ids:8 nr_node_ids:1
[    0.212827] percpu: Embedded 58 pages/cpu s199696 r8192 d29680 u262144
[    0.214002] pcpu-alloc: s199696 r8192 d29680 u262144 alloc=1*2097152
[    0.215089] pcpu-alloc: [0] 0 1 2 3 4 5 6 7 
[    0.215889] Kernel command line: virtme_hostname=virtme-ng nr_open=1048576 virtme_link_mods=/home/prozak/sources/heimdall_experiment/uml-harness/.build/bpf-next-x86/.virtme_mods/lib/modules/0.0.0 virtme_rw_overlay0=/tmp virtme_console=ttyS0 console=ttyS0 earlyprintk=serial,ttyS0,115200 panic=-1 virtme.exec=`bW91bnQgLXQgYnBmIGJwZmZzIC9zeXMvZnMvYnBmIDI+L2Rldi9udWxsOyAuL3Rlc3RfcHJvZ3MgLXQgJ2twcm9iZV9tdWx0aV90ZXN0Jw==` virtme_chdir=home/prozak/sources/heimdall_experiment/uml-harness/.build/selftests-output-qemu rootfstype=9p rootflags=version=9p2000.L,trans=virtio,access=any,msize=524288 raid=noautodetect rw debug init=/home/prozak/.local/share/vng-venv/lib/python3.12/site-packages/virtme/guest/bin/virtme-ng-init
[    0.226943] Unknown kernel command line parameters "virtme_hostname=virtme-ng nr_open=1048576 virtme_link_mods=/home/prozak/sources/heimdall_experiment/uml-harness/.build/bpf-next-x86/.virtme_mods/lib/modules/0.0.0 virtme_rw_overlay0=/tmp virtme_console=ttyS0 virtme_chdir=home/prozak/sources/heimdall_experiment/uml-harness/.build/selftests-output-qemu", will be passed to user space.
[    0.232909] random: crng init done
[    0.233516] printk: log buffer data + meta data: 2097152 + 7340032 = 9437184 bytes
[    0.242994] Dentry cache hash table entries: 524288 (order: 10, 4194304 bytes, linear)
[    0.248423] Inode-cache hash table entries: 262144 (order: 9, 2097152 bytes, linear)
[    0.249999] software IO TLB: area num 8.
[    0.374251] Fallback order for Node 0: 0 
[    0.374256] Built 1 zonelists, mobility grouping on.  Total pages: 1048446
[    0.376181] Policy zone: Normal
[    0.376742] mem auto-init: stack:all(zero), heap alloc:off, heap free:off
[    0.383151] SLUB: HWalign=64, Order=0-3, MinObjects=0, CPUs=8, Nodes=1
Poking KASLR using RDRAND RDTSC...
[    0.398740] ftrace: allocating 69757 entries in 274 pages
[    0.399708] ftrace: allocated 274 pages with 3 groups
[    0.401086] Dynamic Preempt: full
[    0.401997] Running RCU self tests
[    0.402591] Running RCU synchronous self tests
[    0.403355] rcu: Preemptible hierarchical RCU implementation.
[    0.404363] rcu: 	RCU event tracing is enabled.
[    0.405174] rcu: 	RCU lockdep checking is enabled.
[    0.406018] rcu: 	RCU restricting CPUs from NR_CPUS=128 to nr_cpu_ids=8.
[    0.407213] 	Trampoline variant of Tasks RCU enabled.
[    0.408114] 	Rude variant of Tasks RCU enabled.
[    0.408922] 	Tracing variant of Tasks RCU enabled.
[    0.409780] rcu: RCU calculated value of scheduler-enlistment delay is 100 jiffies.
[    0.411138] rcu: Adjusting geometry for rcu_fanout_leaf=16, nr_cpu_ids=8
[    0.412358] Running RCU synchronous self tests
[    0.413141] RCU Tasks: Setting shift to 3 and lim to 1 rcu_task_cb_adjust=1 rcu_task_cpu_ids=8.
[    0.414683] RCU Tasks Rude: Setting shift to 3 and lim to 1 rcu_task_cb_adjust=1 rcu_task_cpu_ids=8.
[    0.421938] NR_IRQS: 8448, nr_irqs: 488, preallocated irqs: 16
[    0.423291] rcu: srcu_init: Setting srcu_struct sizes based on contention.
[    0.424581] clocksource: jiffies: mask: 0xffffffff max_cycles: 0xffffffff, max_idle_ns: 1911260446275000 ns
[    0.426721] Console: colour *CGA 80x25
[    0.427452] printk: legacy console [ttyS0] enabled
[    0.427452] printk: legacy console [ttyS0] enabled
[    0.429175] printk: legacy bootconsole [earlyser0] disabled
[    0.429175] printk: legacy bootconsole [earlyser0] disabled
[    0.431162] Lock dependency validator: Copyright (c) 2006 Red Hat, Inc., Ingo Molnar
[    0.432571] ... MAX_LOCKDEP_SUBCLASSES:  8
[    0.433301] ... MAX_LOCK_DEPTH:          48
[    0.434065] ... MAX_LOCKDEP_KEYS:        8192
[    0.434839] ... CLASSHASH_SIZE:          4096
[    0.435620] ... MAX_LOCKDEP_ENTRIES:     32768
[    0.436453] ... MAX_LOCKDEP_CHAINS:      65536
[    0.437241] ... CHAINHASH_SIZE:          32768
[    0.438049]  memory used by lock dependency info: 6429 kB
[    0.439003]  memory used for stack traces: 4224 kB
[    0.439869]  per task-struct memory footprint: 1920 bytes
[    0.440929] ACPI: Core revision 20260408
[    0.441897] clocksource: hpet: mask: 0xffffffff max_cycles: 0xffffffff, max_idle_ns: 19112604467 ns
[    0.443764] APIC: Switch to symmetric I/O mode setup
[    0.445161] x2apic enabled
[    0.446176] APIC: Switched APIC routing to: physical x2apic
[    0.447227] kvm-guest: APIC: send_IPI_mask() replaced with kvm_send_ipi_mask()
[    0.448580] kvm-guest: APIC: send_IPI_mask_allbutself() replaced with kvm_send_ipi_mask_allbutself()
[    0.450308] kvm-guest: setup PV IPIs
[    0.453046] ..TIMER: vector=0x30 apic1=0 pin1=2 apic2=-1 pin2=-1
[    0.454234] clocksource: tsc-early: mask: 0xffffffffffffffff max_cycles: 0x31027285e94, max_idle_ns: 440795238296 ns
[    0.456182] Calibrating delay loop (skipped) preset value.. 6800.07 BogoMIPS (lpj=3400038)
[    0.457850] x86/cpu: User Mode Instruction Prevention (UMIP) activated
[    0.458544] Last level iTLB entries: 4KB 512, 2MB 255, 4MB 127
[    0.459179] Last level dTLB entries: 4KB 512, 2MB 255, 4MB 127, 1GB 0
[    0.460187] mitigations: Enabled attack vectors: user_kernel, user_user, SMT mitigations: auto
[    0.461180] Speculative Store Bypass: Mitigation: Speculative Store Bypass disabled via prctl
[    0.462179] Speculative Return Stack Overflow: IBPB-extending microcode not applied!
[    0.463179] Speculative Return Stack Overflow: WARNING: See https://kernel.org/doc/html/latest/admin-guide/hw-vuln/srso.html for mitigation options.
[    0.463180] Transient Scheduler Attacks: Vulnerable: No microcode
[    0.465179] Spectre V2 : Mitigation: Retpolines
[    0.466179] Speculative Return Stack Overflow: Vulnerable: Safe RET, no microcode
[    0.467179] Spectre V1 : Mitigation: usercopy/swapgs barriers and __user pointer sanitization
[    0.468179] Spectre V2 : Spectre v2 / SpectreRSB: Filling RSB on context switch and VMEXIT
[    0.469180] Spectre V2 : Enabling Restricted Speculation for firmware calls
[    0.470181] Spectre V2 : mitigation: Enabling conditional Indirect Branch Prediction Barrier
[    0.471180] active return thunk: srso_alias_return_thunk
[    0.472231] x86/fpu: Supporting XSAVE feature 0x001: 'x87 floating point registers'
[    0.473179] x86/fpu: Supporting XSAVE feature 0x002: 'SSE registers'
[    0.474179] x86/fpu: Supporting XSAVE feature 0x004: 'AVX registers'
[    0.475179] x86/fpu: xstate_offset[2]:  576, xstate_sizes[2]:  256
[    0.476179] x86/fpu: Enabled xstate features 0x7, context size is 832 bytes, using 'compacted' format.
[    0.512033] pid_max: default: 32768 minimum: 301
[    0.513348] SELinux:  Initializing.
[    0.515322] LSM support for eBPF active
[    0.516560] Mount-cache hash table entries: 8192 (order: 4, 65536 bytes, linear)
[    0.517334] Mountpoint-cache hash table entries: 8192 (order: 4, 65536 bytes, linear)
[    0.520233] VFS: Finished mounting rootfs on nullfs
[    0.522758] Running RCU synchronous self tests
[    0.523194] Running RCU synchronous self tests
[    0.525400] smpboot: CPU0: AMD Ryzen 9 5950X 16-Core Processor (family: 0x19, model: 0x21, stepping: 0x2)
[    0.528213] Performance Events: Fam17h+ core perfctr, AMD PMU driver.
[    0.529198] ... version:                   0
[    0.530164] ... bit width:                 48
[    0.530186] ... generic counters:          6
[    0.531093] ... generic bitmap:            000000000000003f
[    0.531186] ... fixed-purpose counters:    0
[    0.532158] ... fixed-purpose bitmap:      0000000000000000
[    0.532187] ... value mask:                0000ffffffffffff
[    0.533185] ... max period:                00007fffffffffff
[    0.534187] ... global_ctrl mask:          000000000000003f
[    0.535535] signal: max sigframe size: 1776
[    0.536395] rcu: Hierarchical SRCU implementation.
[    0.537189] rcu: 	Max phase no-delay instances is 400.
[    0.538534] Timer migration: 1 hierarchy levels; 8 children per group; 1 crossnode level
[    0.551996] smp: Bringing up secondary CPUs ...
[    0.555726] smpboot: x86: Booting SMP configuration:
[    0.556196] .... node  #0, CPUs:      #1 #2 #3 #4 #5 #6 #7
[    0.588564] smp: Brought up 1 node, 8 CPUs
[    0.590089] smpboot: Total of 8 processors activated (54400.60 BogoMIPS)
[    0.591561] Memory: 3963792K/4193784K available (25637K kernel code, 10348K rwdata, 18032K rodata, 4668K init, 13400K bss, 221936K reserved, 0K cma-reserved)
[    0.594200] devtmpfs: initialized
[    0.598785] Running RCU synchronous self tests
[    0.599207] Running RCU synchronous self tests
[    0.600319] Running RCU Tasks wait API self tests
[    0.601241] Running RCU Tasks Rude wait API self tests
[    0.602189] Running RCU Tasks Trace wait API self tests
[    0.603341] posixtimers hash table entries: 4096 (order: 7, 294912 bytes, linear)
[    0.605643] futex hash table entries: 2048 (262144 bytes on 1 NUMA nodes, total 256 KiB, linear).
[    0.607187] PM: RTC time: 23:00:42, date: 2026-08-02
[    0.608216] Callback from call_rcu_tasks_trace() invoked.
[    0.615353] NET: Registered PF_NETLINK/PF_ROUTE protocol family
[    0.617288] audit: initializing netlink subsys (disabled)
[    0.618315] audit: type=2000 audit(1785711642.335:1): state=initialized audit_enabled=0 res=1
[    0.642433] thermal_sys: Registered thermal governor 'step_wise'
[    0.642504] cpuidle: using governor ladder
[    0.644133] cpuidle: using governor menu
[    0.645397] Freeing SMP alternatives memory: 68K
[    0.647094] PCI: Using configuration type 1 for base access
[    0.647186] PCI: Using configuration type 1 for extended access
[    0.648347] kprobes: kprobe jump-optimization is enabled. All kprobes are optimized if possible.
[    0.650329] HugeTLB: registered 1.00 GiB page size, pre-allocated 0 pages
[    0.651189] HugeTLB: 16380 KiB vmemmap can be freed for a 1.00 GiB page
[    0.652186] HugeTLB: registered 2.00 MiB page size, pre-allocated 0 pages
[    0.653187] HugeTLB: 28 KiB vmemmap can be freed for a 2.00 MiB page
[    0.659311] ACPI: Added _OSI(Module Device)
[    0.660187] ACPI: Added _OSI(Processor Device)
[    0.661172] ACPI: Added _OSI(Processor Aggregator Device)
[    0.664849] ACPI: 1 ACPI AML tables successfully acquired and loaded
[    0.667759] ACPI: \_SB_: platform _OSC: OS support mask [002a7eee]
[    0.668927] ACPI: Interpreter enabled
[    0.669254] ACPI: PM: (supports S0 S3 S4 S5)
[    0.670196] ACPI: Using IOAPIC for interrupt routing
[    0.671239] PCI: Using host bridge windows from ACPI; if necessary, use "pci=nocrs" and report a bug
[    0.672187] PCI: Using E820 reservations for host bridge windows
[    0.673578] ACPI: Enabled 2 GPEs in block 00 to 0F
[    0.690075] ACPI: PCI Root Bridge [PCI0] (domain 0000 [bus 00-ff])
[    0.690192] acpi PNP0A03:00: _OSC: OS supports [ExtendedConfig ASPM ClockPM Segments MSI HPX-Type3]
[    0.691198] acpi PNP0A03:00: _OSC: OS requested [PME PCIeCapability LTR]
[    0.692188] acpi PNP0A03:00: _OSC: platform willing to grant [PME PCIeCapability LTR]
[    0.693186] acpi PNP0A03:00: _OSC: platform retains control of PCIe features (AE_ERROR)
[    0.694966] PCI host bridge to bus 0000:00
[    0.695197] pci_bus 0000:00: root bus resource [io  0x0000-0x0cf7 window]
[    0.696188] pci_bus 0000:00: root bus resource [io  0x0d00-0xffff window]
[    0.697185] pci_bus 0000:00: root bus resource [mem 0x000a0000-0x000bffff window]
[    0.698188] pci_bus 0000:00: root bus resource [mem 0xc0000000-0xfebfffff window]
[    0.699188] pci_bus 0000:00: root bus resource [mem 0x380000000000-0x38007fffffff window]
[    0.700188] pci_bus 0000:00: root bus resource [bus 00-ff]
[    0.701596] pci 0000:00:00.0: [8086:1237] type 00 class 0x060000 conventional PCI endpoint
[    0.703832] pci 0000:00:01.0: [8086:7000] type 00 class 0x060100 conventional PCI endpoint
[    0.705695] pci 0000:00:01.1: [8086:7010] type 00 class 0x010180 conventional PCI endpoint
[    0.707139] pci 0000:00:01.1: BAR 4 [io  0xc1c0-0xc1cf]
[    0.707264] pci 0000:00:01.1: BAR 0 [io  0x01f0-0x01f7]: legacy IDE quirk
[    0.708188] pci 0000:00:01.1: BAR 1 [io  0x03f6]: legacy IDE quirk
[    0.709210] pci 0000:00:01.1: BAR 2 [io  0x0170-0x0177]: legacy IDE quirk
[    0.710187] pci 0000:00:01.1: BAR 3 [io  0x0376]: legacy IDE quirk
[    0.711964] pci 0000:00:01.3: [8086:7113] type 00 class 0x068000 conventional PCI endpoint
[    0.712902] pci 0000:00:01.3: quirk: [io  0x0600-0x063f] claimed by PIIX4 ACPI
[    0.713204] pci 0000:00:01.3: quirk: [io  0x0700-0x070f] claimed by PIIX4 SMB
[    0.715207] pci 0000:00:02.0: [1af4:1009] type 00 class 0x000200 conventional PCI endpoint
[    0.718206] pci 0000:00:02.0: BAR 0 [io  0xc000-0xc03f]
[    0.719210] pci 0000:00:02.0: BAR 1 [mem 0xfebf8000-0xfebf8fff]
[    0.720249] pci 0000:00:02.0: BAR 4 [mem 0x380000000000-0x380000003fff 64bit pref]
[    0.724404] pci 0000:00:03.0: [8086:25ab] type 00 class 0x088000 conventional PCI endpoint
[    0.726206] pci 0000:00:03.0: BAR 0 [mem 0xfebf9000-0xfebf900f]
[    0.730011] pci 0000:00:04.0: [1af4:1003] type 00 class 0x078000 conventional PCI endpoint
[    0.731205] pci 0000:00:04.0: BAR 0 [io  0xc040-0xc07f]
[    0.732205] pci 0000:00:04.0: BAR 1 [mem 0xfebfa000-0xfebfafff]
[    0.733245] pci 0000:00:04.0: BAR 4 [mem 0x380000004000-0x380000007fff 64bit pref]
[    0.737521] pci 0000:00:05.0: [1af4:1003] type 00 class 0x078000 conventional PCI endpoint
[    0.739206] pci 0000:00:05.0: BAR 0 [io  0xc080-0xc0bf]
[    0.740203] pci 0000:00:05.0: BAR 1 [mem 0xfebfb000-0xfebfbfff]
[    0.741249] pci 0000:00:05.0: BAR 4 [mem 0x380000008000-0x38000000bfff 64bit pref]
[    0.745502] pci 0000:00:06.0: [1af4:1003] type 00 class 0x078000 conventional PCI endpoint
[    0.747204] pci 0000:00:06.0: BAR 0 [io  0xc0c0-0xc0ff]
[    0.748205] pci 0000:00:06.0: BAR 1 [mem 0xfebfc000-0xfebfcfff]
[    0.749249] pci 0000:00:06.0: BAR 4 [mem 0x38000000c000-0x38000000ffff 64bit pref]
[    0.753532] pci 0000:00:07.0: [1af4:1003] type 00 class 0x078000 conventional PCI endpoint
[    0.755771] pci 0000:00:07.0: BAR 0 [io  0xc100-0xc13f]
[    0.756204] pci 0000:00:07.0: BAR 1 [mem 0xfebfd000-0xfebfdfff]
[    0.757248] pci 0000:00:07.0: BAR 4 [mem 0x380000010000-0x380000013fff 64bit pref]
[    0.761471] pci 0000:00:08.0: [1af4:1003] type 00 class 0x078000 conventional PCI endpoint
[    0.763203] pci 0000:00:08.0: BAR 0 [io  0xc140-0xc17f]
[    0.764204] pci 0000:00:08.0: BAR 1 [mem 0xfebfe000-0xfebfefff]
[    0.765247] pci 0000:00:08.0: BAR 4 [mem 0x380000014000-0x380000017fff 64bit pref]
[    0.769567] pci 0000:00:09.0: [1af4:1003] type 00 class 0x078000 conventional PCI endpoint
[    0.771185] pci 0000:00:09.0: BAR 0 [io  0xc180-0xc1bf]
[    0.772204] pci 0000:00:09.0: BAR 1 [mem 0xfebff000-0xfebfffff]
[    0.773247] pci 0000:00:09.0: BAR 4 [mem 0x380000018000-0x38000001bfff 64bit pref]
[    0.782703] ACPI: PCI: Interrupt link LNKA configured for IRQ 10
[    0.783446] ACPI: PCI: Interrupt link LNKB configured for IRQ 10
[    0.784439] ACPI: PCI: Interrupt link LNKC configured for IRQ 11
[    0.785439] ACPI: PCI: Interrupt link LNKD configured for IRQ 11
[    0.786315] ACPI: PCI: Interrupt link LNKS configured for IRQ 9
[    0.789198] iommu: Default domain type: Translated
[    0.790185] iommu: DMA domain TLB invalidation policy: lazy mode
[    0.792626] SCSI subsystem initialized
[    0.793269] libata version 3.00 loaded.
[    0.794348] ACPI: bus type USB registered
[    0.795316] usbcore: registered new interface driver usbfs
[    0.796257] usbcore: registered new interface driver hub
[    0.797225] usbcore: registered new device driver usb
[    0.798377] pps_core: LinuxPPS API ver. 1 registered
[    0.799187] pps_core: Software ver. 5.3.6 - Copyright 2005-2007 Rodolfo Giometti <giometti@linux.it>
[    0.800213] PTP clock support registered
[    0.801664] Advanced Linux Sound Architecture Driver Initialized.
[    0.803458] NetLabel: Initializing
[    0.804187] NetLabel:  domain hash size = 128
[    0.805108] NetLabel:  protocols = UNLABELED CIPSOv4 CALIPSO
[    0.805235] NetLabel:  unlabeled traffic allowed by default
[    0.806441] PCI: Using ACPI for IRQ routing
[    0.807188] PCI: pci_cache_line_size set to 64 bytes
[    0.808553] Callback from call_rcu_tasks() invoked.
[    0.808639] e820: register RAM buffer resource [mem 0x0009fc00-0x0009ffff]
[    0.810189] e820: register RAM buffer resource [mem 0xbffe0000-0xbfffffff]
[    0.811304] vgaarb: loaded
[    0.811975] hpet0: at MMIO 0xfed00000, IRQs 2, 8, 0
[    0.812188] hpet0: 3 comparators, 64-bit 100.000000 MHz counter
[    0.816618] clocksource: Switched to clocksource kvm-clock
[    0.818738] VFS: Disk quotas dquot_6.6.0
[    0.819674] VFS: Dquot-cache hash table entries: 512 (4096 bytes)
[    0.822190] pnp: PnP ACPI init
[    0.823358] pnp 00:02: [dma 2]
[    0.824959] pnp: PnP ACPI: found 4 devices
[    0.842756] clocksource: acpi_pm: mask: 0xffffff max_cycles: 0xffffff, max_idle_ns: 2085701024 ns
[    0.844971] NET: Registered PF_INET protocol family
[    0.847212] IP idents hash table entries: 65536 (order: 7, 524288 bytes, linear)
[    0.851266] tcp_listen_portaddr_hash hash table entries: 2048 (order: 6, 147456 bytes, linear)
[    0.853562] Table-perturb hash table entries: 65536 (order: 6, 262144 bytes, linear)
[    0.855268] TCP established hash table entries: 32768 (order: 6, 262144 bytes, linear)
[    0.857557] TCP bind hash table entries: 32768 (order: 11, 4718592 bytes, vmalloc hugepage)
[    0.869986] TCP: Hash tables configured (established 32768 bind 32768)
[    0.872901] MPTCP token hash table entries: 4096 (order: 7, 360448 bytes, linear)
[    0.874676] UDP hash table entries: 2048 (order: 7, 524288 bytes, linear)
[    0.877421] NET: Registered PF_UNIX/PF_LOCAL protocol family
[    0.879734] RPC: Registered named UNIX socket transport module.
[    0.881329] RPC: Registered udp transport module.
[    0.882403] RPC: Registered tcp transport module.
[    0.883414] RPC: Registered tcp-with-tls transport module.
[    0.884634] RPC: Registered tcp NFSv4.1 backchannel transport module.
[    0.886853] NET: Registered PF_XDP protocol family
[    0.888287] pci_bus 0000:00: resource 4 [io  0x0000-0x0cf7 window]
[    0.889808] pci_bus 0000:00: resource 5 [io  0x0d00-0xffff window]
[    0.891172] pci_bus 0000:00: resource 6 [mem 0x000a0000-0x000bffff window]
[    0.892654] pci_bus 0000:00: resource 7 [mem 0xc0000000-0xfebfffff window]
[    0.894142] pci_bus 0000:00: resource 8 [mem 0x380000000000-0x38007fffffff window]
[    0.895855] pci 0000:00:01.0: PIIX3: Enabling Passive Release
[    0.897094] pci 0000:00:00.0: Limiting direct PCI/PCI transfers
[    0.898519] PCI: CLS 0 bytes, default 64
[    0.899510] PCI-DMA: Using software bounce buffering for IO (SWIOTLB)
[    0.900923] software IO TLB: mapped [mem 0x00000000bbfe0000-0x00000000bffe0000] (64MB)
[    0.903651] clocksource: tsc: mask: 0xffffffffffffffff max_cycles: 0x31027285e94, max_idle_ns: 440795238296 ns
[    0.914517] Initialise system trusted keyrings
[    0.915972] workingset: timestamp_bits=40 (anon: 35) max_order=20 bucket_order=0 (anon: 0)
[    0.918716] squashfs: version 4.0 (2009/01/31) Phillip Lougher
[    0.920662] NFS: Registering the id_resolver key type
[    0.921888] Key type id_resolver registered
[    0.922840] Key type id_legacy registered
[    0.923795] nfs4filelayout_init: NFSv4 File Layout Driver Registering...
[    0.925295] nfs4flexfilelayout_init: NFSv4 Flexfile Layout Driver Registering...
[    0.927094] fuse: init (API version 7.45)
[    0.928289] 9p: Installing v9fs 9p2000 file system support
[    0.931262] NET: Registered PF_ALG protocol family
[    0.932389] Key type asymmetric registered
[    0.933301] Asymmetric key parser 'x509' registered
[    0.934479] Block layer SCSI generic (bsg) driver version 0.4 loaded (major 248)
[    0.936588] io scheduler mq-deadline registered
[    0.937586] io scheduler kyber registered
[    0.939865] input: Power Button as /devices/platform/LNXPWRBN:00/input/input0
[    0.941772] ACPI: button: Power Button [PWRF]
[    1.068470] ACPI: \_SB_.LNKB: Enabled at IRQ 10
[    1.192735] ACPI: \_SB_.LNKD: Enabled at IRQ 11
[    1.316774] ACPI: \_SB_.LNKA: Enabled at IRQ 10
[    1.464263] kwatchdog (97) used greatest stack depth: 14776 bytes left
[    1.566974] ACPI: \_SB_.LNKC: Enabled at IRQ 11
[    1.818447] Serial: 8250/16550 driver, 4 ports, IRQ sharing enabled
[    1.821050] 00:03: ttyS0 at I/O 0x3f8 (irq = 4, base_baud = 115200) is a 16550A
[    1.972335] Non-volatile memory driver v1.3
[    1.974131] ACPI: bus type drm_connector registered
[    1.995929] brd: module loaded
[    2.009450] loop: module loaded
[    2.014509] scsi host0: ata_piix
[    2.016694] scsi host1: ata_piix
[    2.018007] ata1: PATA max MWDMA2 cmd 0x1f0 ctl 0x3f6 bmdma 0xc1c0 irq 14 lpm-pol 0
[    2.019703] ata2: PATA max MWDMA2 cmd 0x170 ctl 0x376 bmdma 0xc1c8 irq 15 lpm-pol 0
[    2.025909] tun: Universal TUN/TAP device driver, 1.6
[    2.027620] e100: Intel(R) PRO/100 Network Driver
[    2.028658] e100: Copyright(c) 1999-2006 Intel Corporation
[    2.029939] e1000: Intel(R) PRO/1000 Network Driver
[    2.031006] e1000: Copyright (c) 1999-2006 Intel Corporation.
[    2.032452] e1000e: Intel(R) PRO/1000 Network Driver
[    2.033610] e1000e: Copyright(c) 1999 - 2015 Intel Corporation.
[    2.034969] sky2: driver version 1.30
[    2.036995] usbcore: registered new interface driver usblp
[    2.038334] usbcore: registered new interface driver usb-storage
[    2.039770] i8042: PNP: PS/2 Controller [PNP0303:KBD,PNP0f13:MOU] at 0x60,0x64 irq 1,12
[    2.042986] serio: i8042 KBD port at 0x60,0x64 irq 1
[    2.044529] serio: i8042 AUX port at 0x60,0x64 irq 12
[    2.046795] rtc_cmos PNP0B00:00: RTC can wake from S4
[    2.049895] input: AT Translated Set 2 keyboard as /devices/platform/i8042/serio0/input/input1
[    2.052859] rtc_cmos PNP0B00:00: registered as rtc0
[    2.054253] rtc_cmos PNP0B00:00: alarms up to one day, y3k, 242 bytes nvram, hpet irqs
[    2.057329] Registered IR keymap rc-empty
[    2.059018] rc rc0: rc-core loopback device as /devices/virtual/rc/rc0
[    2.061793] rc rc0: lirc_dev: driver rc-loopback registered at minor = 0, raw IR receiver, raw IR transmitter
[    2.064709] input: rc-core loopback device as /devices/virtual/rc/rc0/input4
[    2.067353] intel_powerclamp: CPU does not support MWAIT
[    2.068626] device-mapper: core: CONFIG_IMA_DISABLE_HTABLE is disabled. Duplicate IMA measurements will not be recorded in the IMA log.
[    2.071638] device-mapper: ioctl: 4.50.0-ioctl (2025-04-28) initialised: dm-devel@lists.linux.dev
[    2.073702] amd_pstate: the _CPC object is not present in SBIOS or ACPI disabled
[    2.076118] hid: raw HID events driver (C) Jiri Kosina
[    2.079345] usbcore: registered new interface driver usbhid
[    2.080666] usbhid: USB HID core driver
[    2.082743] GACT probability NOT on
[    2.083569] Mirror/redirect action on
[    2.085954] nf_conntrack_irc: The irc conntrack helper is scheduled for removal.
[    2.085954] Please contact the netfilter-devel mailing list if you still need this.
[    2.090966] ipip: IPv4 and MPLS over IPv4 tunneling driver
[    2.092951] gre: GRE over IPv4 demultiplexer driver
[    2.094024] ip_gre: GRE over IPv4 tunneling driver
[    2.097494] Initializing XFRM netlink socket
[    2.098492] IPsec XFRM device driver
[    2.099409] NET: Registered PF_INET6 protocol family
[    2.102762] Segment Routing with IPv6
[    2.103667] In-situ OAM (IOAM) with IPv6
[    2.104556] mip6: Mobile IPv6
[    2.105281] sit: IPv6, IPv4 and MPLS over IPv4 tunneling driver
[    2.108166] ip6_gre: GRE over IPv6 tunneling driver
[    2.110109] NET: Registered PF_PACKET protocol family
[    2.111390] RPC: Registered rdma transport module.
[    2.112467] RPC: Registered rdma backchannel transport module.
[    2.114065] 8021q: 802.1Q VLAN Support v1.8
[    2.115652] smc: adding smcd device lo without pnetid
[    2.116978] NET: Registered PF_SMC protocol family
[    2.118518] 9pnet: Installing 9P2000 support
[    2.121033] Key type dns_resolver registered
[    2.122282] NET: Registered PF_VSOCK protocol family
[    2.123502] mpls_gso: MPLS GSO support
[    2.128136] IPI shorthand broadcast: enabled
[    2.172761] sched_clock: Marking stable (2149011142, 23596128)->(2276242201, -103634931)
[    2.175918] ata2: found unknown device (class 0)
[    2.176883] registered taskstats version 1
[    2.179100] ata2.00: ATAPI: QEMU DVD-ROM, 2.5+, max UDMA/100
[    2.183535] scsi 1:0:0:0: CD-ROM            QEMU     QEMU DVD-ROM     2.5+ PQ: 0 ANSI: 5
[    2.195406] Loading compiled-in X.509 certificates
[    2.197803] kworker/u32:1 (118) used greatest stack depth: 13008 bytes left
[    2.199169] Loaded X.509 cert 'Build time autogenerated kernel key: c4531344b9a9c1a4731230d977a262ba29ba5272'
[    2.209534] sr 1:0:0:0: [sr0] scsi3-mmc drive: 4x/4x cd/rw xa/form2 tray
[    2.227428] cdrom: Uniform CD-ROM driver Revision: 3.20
[    2.238071] sr 1:0:0:0: Attached scsi CD-ROM sr0
[    2.239701] sr 1:0:0:0: Attached scsi generic sg0 type 5
[    2.241060] Demotion targets for Node 0: null
[    2.243156] ima: No TPM chip found, activating TPM-bypass!
[    2.244467] ima: Allocated hash algorithm: sha1
[    2.245668] ima: No architecture policies found
[    2.247783] PM:   Magic number: 6:564:48
[    2.248754] netconsole: network logging started
[    2.250477] cfg80211: Loading compiled-in X.509 certificates for regulatory database
[    2.253416] Loaded X.509 cert 'sforshee: 00b28ddf47aef9cea7'
[    2.254997] Loaded X.509 cert 'wens: 61c038651aabdcf94bd0ac7ff06c7248db18c600'
[    2.256878] faux_driver regulatory: Direct firmware load for regulatory.db failed with error -2
[    2.258859] cfg80211: failed to load regulatory.db
[    2.258979] ALSA device list:
[    2.260792]   No soundcards found.
[    2.474335] input: ImExPS/2 Generic Explorer Mouse as /devices/platform/i8042/serio1/input/input3
[    2.476207] md: Skipping autodetection of RAID arrays. (raid=autodetect will force)
[    2.477696] 9p: Bad value for 'source'
[    2.478387] 9pnet: Limiting 'msize' to 512000 as this is the maximum supported by transport virtio
[    2.481972] VFS: Mounted root (9p filesystem) on device 0:22.
[    2.483773] devtmpfs: mounted
[    2.484583] VFS: Pivoted into new rootfs
[    2.489941] Freeing unused kernel image (initmem) memory: 4668K
[    2.490843] Write protecting the kernel read-only data: 45056k
[    2.493001] Freeing unused kernel image (text/rodata gap) memory: 984K
[    2.494404] Freeing unused kernel image (rodata/data gap) memory: 400K
[    2.531884] x86/mm: Checked W+X mappings: passed, no W+X pages found.
[    2.532836] Run /home/prozak/.local/share/vng-venv/lib/python3.12/site-packages/virtme/guest/bin/virtme-ng-init as init process
[    2.534401]   with arguments:
[    2.534843]     /home/prozak/.local/share/vng-venv/lib/python3.12/site-packages/virtme/guest/bin/virtme-ng-init
[    2.536276]   with environment:
[    2.536750]     HOME=/
[    2.537098]     TERM=linux
[    2.537486]     virtme_hostname=virtme-ng
[    2.538062]     nr_open=1048576
[    2.538521]     virtme_link_mods=/home/prozak/sources/heimdall_experiment/uml-harness/.build/bpf-next-x86/.virtme_mods/lib/modules/0.0.0
[    2.540164]     virtme_rw_overlay0=/tmp
[    2.540799]     virtme_console=ttyS0
[    2.541321]     virtme_chdir=home/prozak/sources/heimdall_experiment/uml-harness/.build/selftests-output-qemu
[    2.618252] virtme-ng-init: mount devtmpfs -> /dev: EBUSY: Device or resource busy
[    2.620101] virtme-ng-init: Setting hostname to virtme-ng...
[    2.655248] virtme-ng-init: running systemd-tmpfiles
[    3.987779] systemd-tmpfile (127) used greatest stack depth: 12504 bytes left
[    3.987871] virtme-ng-init: basic initialization done
[    4.004224] virtme-ng-init: error creating file: Permission denied (os error 13)
[    4.103196] ip (132) used greatest stack depth: 11848 bytes left
[    4.222698] virtme-ng-init: Starting systemd-udevd version 255.4-1ubuntu8.16
[    4.224709] virtme-ng-init: triggering udev coldplug
[    7.296978] virtme-ng-init: waiting for udev to settle
[    8.084859] virtme-ng-init: udev is done
[    8.088800] virtme-ng-init: starting script
[    8.375495] bpf_testmod: loading out-of-tree module taints kernel.
[    8.376462] bpf_testmod: module verification failed: signature and/or required key missing - tainting kernel
[    8.792559] NOTICE: Automounting of tracing to debugfs is deprecated and will be removed in 2030
[   13.123921] smc: removing smcd device lo
[   13.191186] ACPI: PM: Preparing to enter system sleep state S5
[   13.192395] reboot: Power down
