#177/1   kprobe_multi_test/skel_api:OK
#177/2   kprobe_multi_test/link_api_addrs:OK
#177/3   kprobe_multi_test/link_api_syms:OK
#177/4   kprobe_multi_test/attach_api_pattern:OK
#177/5   kprobe_multi_test/attach_api_addrs:OK
#177/6   kprobe_multi_test/attach_api_syms:OK
#177/7   kprobe_multi_test/attach_api_fails:OK
#177/8   kprobe_multi_test/attach_override:OK
#177/9   kprobe_multi_test/override:OK
#177/10  kprobe_multi_test/session:OK
#177/11  kprobe_multi_test/session_cookie:OK
#177/12  kprobe_multi_test/unique_match:OK
#177/13  kprobe_multi_test/attach_write_ctx:OK
#177/14  kprobe_multi_test/dup_sym:OK
#177/15  kprobe_multi_test/kprobe_session_return_0:OK
#177/16  kprobe_multi_test/kprobe_session_return_1:OK
#177/17  kprobe_multi_test/kprobe_session_return_2:OK
#177     kprobe_multi_test:OK
#178/1   kprobe_multi_testmod_test/testmod_attach_api_syms:OK
#178/2   kprobe_multi_testmod_test/testmod_attach_api_addrs:OK
#178     kprobe_multi_testmod_test:OK
Summary: 2/19 PASSED, 0 SKIPPED, 0 FAILED
ttyS0,115200 panic=-1 virtme.exec=`bW91bnQgLXQgYnBmIGJwZmZzIC9zeXMvZnMvYnBmIDI+L2Rldi9udWxsOyAuL3Rlc3RfcHJvZ3MgLXQgJ2twcm9iZV9tdWx0aV90ZXN0Jw==` virtme_chdir=home/prozak/sources/heimdall_experiment/uml-harness/.build/selftests-output-qemu rootfstype=9p rootflags=version=9p2000.L,trans=virtio,access=any,msize=524288 raid=noautodetect rw debug init=/home/prozak/.local/share/vng-venv/lib/python3.12/site-packages/virtme/guest/bin/virtme-ng-init
[    0.000000] x86 CPU feature dependency check failure: CPU0 has '18*32+31' enabled but '18*32+26' disabled. Kernel might be fine, but no guarantees.
[    0.000000] BIOS-provided physical RAM map:
[    0.000000] BIOS-e820: [mem 0x0000000000000000-0x000000000009fbff]  System RAM
[    0.000000] BIOS-e820: [mem 0x000000000009fc00-0x000000000009ffff]  device reserved
[    0.000000] BIOS-e820: [gap 0x00000000000a0000-0x00000000000effff]
[    0.000000] BIOS-e820: [mem 0x00000000000f0000-0x00000000000fffff]  device reserved
[    0.000000] BIOS-e820: [mem 0x0000000000100000-0x00000000bffdffff]  System RAM
[    0.000000] BIOS-e820: [mem 0x00000000bffe0000-0x00000000bfffffff]  device reserved
[    0.000000] BIOS-e820: [gap 0x00000000c0000000-0x00000000feffbfff]
[    0.000000] BIOS-e820: [mem 0x00000000feffc000-0x00000000feffffff]  device reserved
[    0.000000] BIOS-e820: [gap 0x00000000ff000000-0x00000000fffbffff]
[    0.000000] BIOS-e820: [mem 0x00000000fffc0000-0x00000000ffffffff]  device reserved
[    0.000000] BIOS-e820: [mem 0x0000000100000000-0x000000013fffffff]  System RAM
[    0.000000] BIOS-e820: [gap 0x0000000140000000-0x000000fcffffffff]
[    0.000000] BIOS-e820: [mem 0x000000fd00000000-0x000000ffffffffff]  device reserved
[    0.000000] printk: legacy bootconsole [earlyser0] enabled
[    0.000000] NX (Execute Disable) protection: active
[    0.000000] APIC: Static calls initialized
[    0.000000] DMI: SMBIOS 3.0.0 present.
[    0.000000] DMI: QEMU Ubuntu 24.04 PC v2 (i440FX + PIIX, arch_caps fix, 1996), BIOS 1.16.3-debian-1.16.3-2 04/01/2014
[    0.000000] DMI: Memory slots populated: 1/1
[    0.000000] Hypervisor detected: KVM
[    0.000000] last_pfn = 0xbffe0 max_arch_pfn = 0x400000000
[    0.000000] kvm-clock: Using msrs 4b564d01 and 4b564d00
[    0.000001] kvm-clock: using sched offset of 455355219 cycles
[    0.000919] clocksource: kvm-clock: mask: 0xffffffffffffffff max_cycles: 0x1cd42e4dffb, max_idle_ns: 881590591483 ns
[    0.007158] tsc: Detected 3400.038 MHz processor
[    0.008404] e820: update [mem 0x00000000-0x00000fff] System RAM ==> device reserved
[    0.009726] e820: remove [mem 0x000a0000-0x000fffff] System RAM
[    0.010818] last_pfn = 0x140000 max_arch_pfn = 0x400000000
[    0.011916] MTRR map: 4 entries (3 fixed + 1 variable; max 19), built from 8 variable MTRRs
[    0.013381] x86/PAT: Configuration [0-7]: WB  WC  UC- UC  WB  WP  UC- WT  
Memory KASLR using RDRAND RDTSC...
[    0.015269] last_pfn = 0xbffe0 max_arch_pfn = 0x400000000
[    0.017422] found SMP MP-table at [mem 0x000f5450-0x000f545f]
[    0.018481] Using GB pages for direct mapping
[    0.019388] ACPI: Early table checksum verification disabled
[    0.020370] ACPI: RSDP 0x00000000000F5240 000014 (v00 BOCHS )
[    0.021427] ACPI: RSDT 0x00000000BFFE1F16 000034 (v01 BOCHS  BXPC     00000001 BXPC 00000001)
[    0.022937] ACPI: FACP 0x00000000BFFE1D92 000074 (v01 BOCHS  BXPC     00000001 BXPC 00000001)
[    0.024407] ACPI: DSDT 0x00000000BFFE0040 001D52 (v01 BOCHS  BXPC     00000001 BXPC 00000001)
[    0.025904] ACPI: FACS 0x00000000BFFE0000 000040
[    0.026728] ACPI: APIC 0x00000000BFFE1E06 0000B0 (v03 BOCHS  BXPC     00000001 BXPC 00000001)
[    0.028238] ACPI: HPET 0x00000000BFFE1EB6 000038 (v01 BOCHS  BXPC     00000001 BXPC 00000001)
[    0.029753] ACPI: WAET 0x00000000BFFE1EEE 000028 (v01 BOCHS  BXPC     00000001 BXPC 00000001)
[    0.031284] ACPI: Reserving FACP table memory at [mem 0xbffe1d92-0xbffe1e05]
[    0.032550] ACPI: Reserving DSDT table memory at [mem 0xbffe0040-0xbffe1d91]
[    0.033771] ACPI: Reserving FACS table memory at [mem 0xbffe0000-0xbffe003f]
[    0.035011] ACPI: Reserving APIC table memory at [mem 0xbffe1e06-0xbffe1eb5]
[    0.036218] ACPI: Reserving HPET table memory at [mem 0xbffe1eb6-0xbffe1eed]
[    0.037464] ACPI: Reserving WAET table memory at [mem 0xbffe1eee-0xbffe1f15]
[    0.039180] No NUMA configuration found
[    0.039841] Faking a node at [mem 0x0000000000000000-0x000000013fffffff]
[    0.041013] NODE_DATA(0) allocated [mem 0x13fff9c80-0x13fffdfff]
[    0.042891] ACPI: PM-Timer IO Port: 0x608
[    0.043612] ACPI: LAPIC_NMI (acpi_id[0xff] dfl dfl lint[0x1])
[    0.044667] IOAPIC[0]: apic_id 0, version 17, address 0xfec00000, GSI 0-23
[    0.045851] ACPI: INT_SRC_OVR (bus 0 bus_irq 0 global_irq 2 dfl dfl)
[    0.046991] ACPI: INT_SRC_OVR (bus 0 bus_irq 5 global_irq 5 high level)
[    0.048127] ACPI: INT_SRC_OVR (bus 0 bus_irq 9 global_irq 9 high level)
[    0.049281] ACPI: INT_SRC_OVR (bus 0 bus_irq 10 global_irq 10 high level)
[    0.050454] ACPI: INT_SRC_OVR (bus 0 bus_irq 11 global_irq 11 high level)
[    0.051653] ACPI: Using ACPI (MADT) for SMP configuration information
[    0.052777] ACPI: HPET id: 0x8086a201 base: 0xfed00000
[    0.053690] TSC deadline timer available
[    0.054376] CPU topo: Max. logical packages:   1
[    0.055198] CPU topo: Max. logical nodes:      1
[    0.055991] CPU topo: Num. nodes per package:  1
[    0.056801] CPU topo: Max. logical dies:       1
[    0.057588] CPU topo: Max. dies per package:   1
[    0.058392] CPU topo: Max. threads per core:   1
[    0.059202] CPU topo: Num. cores per package:     8
[    0.060055] CPU topo: Num. threads per package:   8
[    0.060909] CPU topo: Allowing 8 present CPUs plus 0 hotplug CPUs
[    0.061973] kvm-guest: APIC: eoi() replaced with kvm_guest_apic_eoi_write()
[    0.063226] kvm-guest: KVM setup pv remote TLB flush
[    0.064087] kvm-guest: setup PV sched yield
[    0.064849] PM: hibernation: Registered nosave memory: [mem 0x00000000-0x00000fff]
[    0.066159] PM: hibernation: Registered nosave memory: [mem 0x0009f000-0x000fffff]
[    0.067503] PM: hibernation: Registered nosave memory: [mem 0xbffe0000-0xffffffff]
[    0.068830] [gap 0xc0000000-0xfeffbfff] available for PCI devices
[    0.069920] Booting paravirtualized kernel on KVM
[    0.070795] clocksource: refined-jiffies: mask: 0xffffffff max_cycles: 0xffffffff, max_idle_ns: 1910969940391419 ns
[    0.077249] Zone ranges:
[    0.077701]   DMA      [mem 0x0000000000001000-0x0000000000ffffff]
[    0.078838]   DMA32    [mem 0x0000000001000000-0x00000000ffffffff]
[    0.079907]   Normal   [mem 0x0000000100000000-0x000000013fffffff]
[    0.080992] Movable zone start for each node
[    0.081729] Early memory node ranges
[    0.082354]   node   0: [mem 0x0000000000001000-0x000000000009efff]
[    0.083465]   node   0: [mem 0x0000000000100000-0x00000000bffdffff]
[    0.084541]   node   0: [mem 0x0000000100000000-0x000000013fffffff]
[    0.085665] Initmem setup node 0 [mem 0x0000000000001000-0x000000013fffffff]
[    0.086948] On node 0, zone DMA: 1 pages in unavailable ranges
[    0.088461] On node 0, zone DMA: 97 pages in unavailable ranges
[    0.219531] On node 0, zone Normal: 32 pages in unavailable ranges
[    0.220612] setup_percpu: NR_CPUS:128 nr_cpumask_bits:8 nr_cpu_ids:8 nr_node_ids:1
[    0.226109] percpu: Embedded 58 pages/cpu s199696 r8192 d29680 u262144
[    0.227337] pcpu-alloc: s199696 r8192 d29680 u262144 alloc=1*2097152
[    0.228471] pcpu-alloc: [0] 0 1 2 3 4 5 6 7 
[    0.229300] Kernel command line: virtme_hostname=virtme-ng nr_open=1048576 virtme_link_mods=/home/prozak/sources/heimdall_experiment/uml-harness/.build/bpf-next-x86/.virtme_mods/lib/modules/0.0.0 virtme_rw_overlay0=/tmp virtme_console=ttyS0 console=ttyS0 earlyprintk=serial,ttyS0,115200 panic=-1 virtme.exec=`bW91bnQgLXQgYnBmIGJwZmZzIC9zeXMvZnMvYnBmIDI+L2Rldi9udWxsOyAuL3Rlc3RfcHJvZ3MgLXQgJ2twcm9iZV9tdWx0aV90ZXN0Jw==` virtme_chdir=home/prozak/sources/heimdall_experiment/uml-harness/.build/selftests-output-qemu rootfstype=9p rootflags=version=9p2000.L,trans=virtio,access=any,msize=524288 raid=noautodetect rw debug init=/home/prozak/.local/share/vng-venv/lib/python3.12/site-packages/virtme/guest/bin/virtme-ng-init
[    0.240569] Unknown kernel command line parameters "virtme_hostname=virtme-ng nr_open=1048576 virtme_link_mods=/home/prozak/sources/heimdall_experiment/uml-harness/.build/bpf-next-x86/.virtme_mods/lib/modules/0.0.0 virtme_rw_overlay0=/tmp virtme_console=ttyS0 virtme_chdir=home/prozak/sources/heimdall_experiment/uml-harness/.build/selftests-output-qemu", will be passed to user space.
[    0.246701] random: crng init done
[    0.247325] printk: log buffer data + meta data: 2097152 + 7340032 = 9437184 bytes
[    0.256670] Dentry cache hash table entries: 524288 (order: 10, 4194304 bytes, linear)
[    0.262108] Inode-cache hash table entries: 262144 (order: 9, 2097152 bytes, linear)
[    0.263759] software IO TLB: area num 8.
[    0.400463] Fallback order for Node 0: 0 
[    0.400469] Built 1 zonelists, mobility grouping on.  Total pages: 1048446
[    0.402420] Policy zone: Normal
[    0.402989] mem auto-init: stack:all(zero), heap alloc:off, heap free:off
[    0.409438] SLUB: HWalign=64, Order=0-3, MinObjects=0, CPUs=8, Nodes=1
Poking KASLR using RDRAND RDTSC...
[    0.425376] ftrace: allocating 69757 entries in 274 pages
[    0.426334] ftrace: allocated 274 pages with 3 groups
[    0.427754] Dynamic Preempt: full
[    0.428641] Running RCU self tests
[    0.429237] Running RCU synchronous self tests
[    0.430025] rcu: Preemptible hierarchical RCU implementation.
[    0.431032] rcu: 	RCU event tracing is enabled.
[    0.431829] rcu: 	RCU lockdep checking is enabled.
[    0.432656] rcu: 	RCU restricting CPUs from NR_CPUS=128 to nr_cpu_ids=8.
[    0.433845] 	Trampoline variant of Tasks RCU enabled.
[    0.434732] 	Rude variant of Tasks RCU enabled.
[    0.435534] 	Tracing variant of Tasks RCU enabled.
[    0.436409] rcu: RCU calculated value of scheduler-enlistment delay is 100 jiffies.
[    0.437802] rcu: Adjusting geometry for rcu_fanout_leaf=16, nr_cpu_ids=8
[    0.439019] Running RCU synchronous self tests
[    0.439811] RCU Tasks: Setting shift to 3 and lim to 1 rcu_task_cb_adjust=1 rcu_task_cpu_ids=8.
[    0.441318] RCU Tasks Rude: Setting shift to 3 and lim to 1 rcu_task_cb_adjust=1 rcu_task_cpu_ids=8.
[    0.448866] NR_IRQS: 8448, nr_irqs: 488, preallocated irqs: 16
[    0.450276] rcu: srcu_init: Setting srcu_struct sizes based on contention.
[    0.451584] clocksource: jiffies: mask: 0xffffffff max_cycles: 0xffffffff, max_idle_ns: 1911260446275000 ns
[    0.453768] Console: colour *CGA 80x25
[    0.454489] printk: legacy console [ttyS0] enabled
[    0.454489] printk: legacy console [ttyS0] enabled
[    0.456211] printk: legacy bootconsole [earlyser0] disabled
[    0.456211] printk: legacy bootconsole [earlyser0] disabled
[    0.458205] Lock dependency validator: Copyright (c) 2006 Red Hat, Inc., Ingo Molnar
[    0.459608] ... MAX_LOCKDEP_SUBCLASSES:  8
[    0.460342] ... MAX_LOCK_DEPTH:          48
[    0.461089] ... MAX_LOCKDEP_KEYS:        8192
[    0.461886] ... CLASSHASH_SIZE:          4096
[    0.462700] ... MAX_LOCKDEP_ENTRIES:     32768
[    0.463527] ... MAX_LOCKDEP_CHAINS:      65536
[    0.464344] ... CHAINHASH_SIZE:          32768
[    0.465141]  memory used by lock dependency info: 6429 kB
[    0.466115]  memory used for stack traces: 4224 kB
[    0.466996]  per task-struct memory footprint: 1920 bytes
[    0.468142] ACPI: Core revision 20260408
[    0.469061] clocksource: hpet: mask: 0xffffffff max_cycles: 0xffffffff, max_idle_ns: 19112604467 ns
[    0.470936] APIC: Switch to symmetric I/O mode setup
[    0.472355] x2apic enabled
[    0.473416] APIC: Switched APIC routing to: physical x2apic
[    0.474472] kvm-guest: APIC: send_IPI_mask() replaced with kvm_send_ipi_mask()
[    0.475922] kvm-guest: APIC: send_IPI_mask_allbutself() replaced with kvm_send_ipi_mask_allbutself()
[    0.477614] kvm-guest: setup PV IPIs
[    0.480380] ..TIMER: vector=0x30 apic1=0 pin1=2 apic2=-1 pin2=-1
[    0.481536] clocksource: tsc-early: mask: 0xffffffffffffffff max_cycles: 0x31027285e94, max_idle_ns: 440795238296 ns
[    0.483557] Calibrating delay loop (skipped) preset value.. 6800.07 BogoMIPS (lpj=3400038)
[    0.485163] x86/cpu: User Mode Instruction Prevention (UMIP) activated
[    0.486854] Last level iTLB entries: 4KB 512, 2MB 255, 4MB 127
[    0.487554] Last level dTLB entries: 4KB 512, 2MB 255, 4MB 127, 1GB 0
[    0.488562] mitigations: Enabled attack vectors: user_kernel, user_user, SMT mitigations: auto
[    0.489554] Speculative Store Bypass: Mitigation: Speculative Store Bypass disabled via prctl
[    0.490556] Speculative Return Stack Overflow: IBPB-extending microcode not applied!
[    0.491554] Speculative Return Stack Overflow: WARNING: See https://kernel.org/doc/html/latest/admin-guide/hw-vuln/srso.html for mitigation options.
[    0.491555] Transient Scheduler Attacks: Vulnerable: No microcode
[    0.494560] Spectre V2 : Mitigation: Retpolines
[    0.495554] Speculative Return Stack Overflow: Vulnerable: Safe RET, no microcode
[    0.496557] Spectre V1 : Mitigation: usercopy/swapgs barriers and __user pointer sanitization
[    0.497557] Spectre V2 : Spectre v2 / SpectreRSB: Filling RSB on context switch and VMEXIT
[    0.498556] Spectre V2 : Enabling Restricted Speculation for firmware calls
[    0.499565] Spectre V2 : mitigation: Enabling conditional Indirect Branch Prediction Barrier
[    0.500554] active return thunk: srso_alias_return_thunk
[    0.501697] x86/fpu: Supporting XSAVE feature 0x001: 'x87 floating point registers'
[    0.502554] x86/fpu: Supporting XSAVE feature 0x002: 'SSE registers'
[    0.503554] x86/fpu: Supporting XSAVE feature 0x004: 'AVX registers'
[    0.504553] x86/fpu: xstate_offset[2]:  576, xstate_sizes[2]:  256
[    0.505554] x86/fpu: Enabled xstate features 0x7, context size is 832 bytes, using 'compacted' format.
[    0.542303] pid_max: default: 32768 minimum: 301
[    0.543724] SELinux:  Initializing.
[    0.545765] LSM support for eBPF active
[    0.546957] Mount-cache hash table entries: 8192 (order: 4, 65536 bytes, linear)
[    0.547717] Mountpoint-cache hash table entries: 8192 (order: 4, 65536 bytes, linear)
[    0.549808] VFS: Finished mounting rootfs on nullfs
[    0.552413] Running RCU synchronous self tests
[    0.552556] Running RCU synchronous self tests
[    0.554967] smpboot: CPU0: AMD Ryzen 9 5950X 16-Core Processor (family: 0x19, model: 0x21, stepping: 0x2)
[    0.557827] Performance Events: Fam17h+ core perfctr, AMD PMU driver.
[    0.558585] ... version:                   0
[    0.559469] ... bit width:                 48
[    0.559561] ... generic counters:          6
[    0.560471] ... generic bitmap:            000000000000003f
[    0.560560] ... fixed-purpose counters:    0
[    0.561452] ... fixed-purpose bitmap:      0000000000000000
[    0.561561] ... value mask:                0000ffffffffffff
[    0.562561] ... max period:                00007fffffffffff
[    0.563561] ... global_ctrl mask:          000000000000003f
[    0.564890] signal: max sigframe size: 1776
[    0.565723] rcu: Hierarchical SRCU implementation.
[    0.566570] rcu: 	Max phase no-delay instances is 400.
[    0.567922] Timer migration: 1 hierarchy levels; 8 children per group; 1 crossnode level
[    0.581009] smp: Bringing up secondary CPUs ...
[    0.585785] smpboot: x86: Booting SMP configuration:
[    0.586562] .... node  #0, CPUs:      #1 #2 #3 #4 #5 #6 #7
[    0.617917] smp: Brought up 1 node, 8 CPUs
[    0.619471] smpboot: Total of 8 processors activated (54400.60 BogoMIPS)
[    0.620943] Memory: 3963780K/4193784K available (25637K kernel code, 10348K rwdata, 18032K rodata, 4668K init, 13400K bss, 221952K reserved, 0K cma-reserved)
[    0.623563] devtmpfs: initialized
[    0.627951] Running RCU synchronous self tests
[    0.628580] Running RCU synchronous self tests
[    0.629642] Running RCU Tasks wait API self tests
[    0.630625] Running RCU Tasks Rude wait API self tests
[    0.631563] Running RCU Tasks Trace wait API self tests
[    0.632675] posixtimers hash table entries: 4096 (order: 7, 294912 bytes, linear)
[    0.635056] futex hash table entries: 2048 (262144 bytes on 1 NUMA nodes, total 256 KiB, linear).
[    0.636560] PM: RTC time: 23:00:24, date: 2026-08-02
[    0.637591] Callback from call_rcu_tasks_trace() invoked.
[    0.644795] NET: Registered PF_NETLINK/PF_ROUTE protocol family
[    0.646569] audit: initializing netlink subsys (disabled)
[    0.647673] audit: type=2000 audit(1785711624.830:1): state=initialized audit_enabled=0 res=1
[    0.672578] thermal_sys: Registered thermal governor 'step_wise'
[    0.672651] cpuidle: using governor ladder
[    0.674464] cpuidle: using governor menu
[    0.675768] Freeing SMP alternatives memory: 68K
[    0.677401] PCI: Using configuration type 1 for base access
[    0.677561] PCI: Using configuration type 1 for extended access
[    0.678720] kprobes: kprobe jump-optimization is enabled. All kprobes are optimized if possible.
[    0.680688] HugeTLB: registered 1.00 GiB page size, pre-allocated 0 pages
[    0.681562] HugeTLB: 16380 KiB vmemmap can be freed for a 1.00 GiB page
[    0.682562] HugeTLB: registered 2.00 MiB page size, pre-allocated 0 pages
[    0.683563] HugeTLB: 28 KiB vmemmap can be freed for a 2.00 MiB page
[    0.690013] ACPI: Added _OSI(Module Device)
[    0.690564] ACPI: Added _OSI(Processor Device)
[    0.691540] ACPI: Added _OSI(Processor Aggregator Device)
[    0.695249] ACPI: 1 ACPI AML tables successfully acquired and loaded
[    0.698226] ACPI: \_SB_: platform _OSC: OS support mask [002a7eee]
[    0.699286] ACPI: Interpreter enabled
[    0.699629] ACPI: PM: (supports S0 S3 S4 S5)
[    0.700573] ACPI: Using IOAPIC for interrupt routing
[    0.701612] PCI: Using host bridge windows from ACPI; if necessary, use "pci=nocrs" and report a bug
[    0.702561] PCI: Using E820 reservations for host bridge windows
[    0.703934] ACPI: Enabled 2 GPEs in block 00 to 0F
[    0.720479] ACPI: PCI Root Bridge [PCI0] (domain 0000 [bus 00-ff])
[    0.720567] acpi PNP0A03:00: _OSC: OS supports [ExtendedConfig ASPM ClockPM Segments MSI HPX-Type3]
[    0.721573] acpi PNP0A03:00: _OSC: OS requested [PME PCIeCapability LTR]
[    0.722561] acpi PNP0A03:00: _OSC: platform willing to grant [PME PCIeCapability LTR]
[    0.723567] acpi PNP0A03:00: _OSC: platform retains control of PCIe features (AE_ERROR)
[    0.725358] PCI host bridge to bus 0000:00
[    0.725572] pci_bus 0000:00: root bus resource [io  0x0000-0x0cf7 window]
[    0.726562] pci_bus 0000:00: root bus resource [io  0x0d00-0xffff window]
[    0.727563] pci_bus 0000:00: root bus resource [mem 0x000a0000-0x000bffff window]
[    0.728563] pci_bus 0000:00: root bus resource [mem 0xc0000000-0xfebfffff window]
[    0.729562] pci_bus 0000:00: root bus resource [mem 0x380000000000-0x38007fffffff window]
[    0.730564] pci_bus 0000:00: root bus resource [bus 00-ff]
[    0.731984] pci 0000:00:00.0: [8086:1237] type 00 class 0x060000 conventional PCI endpoint
[    0.734213] pci 0000:00:01.0: [8086:7000] type 00 class 0x060100 conventional PCI endpoint
[    0.736001] pci 0000:00:01.1: [8086:7010] type 00 class 0x010180 conventional PCI endpoint
[    0.737382] pci 0000:00:01.1: BAR 4 [io  0xc1c0-0xc1cf]
[    0.737638] pci 0000:00:01.1: BAR 0 [io  0x01f0-0x01f7]: legacy IDE quirk
[    0.738562] pci 0000:00:01.1: BAR 1 [io  0x03f6]: legacy IDE quirk
[    0.739562] pci 0000:00:01.1: BAR 2 [io  0x0170-0x0177]: legacy IDE quirk
[    0.740562] pci 0000:00:01.1: BAR 3 [io  0x0376]: legacy IDE quirk
[    0.742279] pci 0000:00:01.3: [8086:7113] type 00 class 0x068000 conventional PCI endpoint
[    0.743276] pci 0000:00:01.3: quirk: [io  0x0600-0x063f] claimed by PIIX4 ACPI
[    0.743583] pci 0000:00:01.3: quirk: [io  0x0700-0x070f] claimed by PIIX4 SMB
[    0.745581] pci 0000:00:02.0: [1af4:1009] type 00 class 0x000200 conventional PCI endpoint
[    0.748244] pci 0000:00:02.0: BAR 0 [io  0xc000-0xc03f]
[    0.748578] pci 0000:00:02.0: BAR 1 [mem 0xfebf8000-0xfebf8fff]
[    0.749624] pci 0000:00:02.0: BAR 4 [mem 0x380000000000-0x380000003fff 64bit pref]
[    0.753699] pci 0000:00:03.0: [8086:25ab] type 00 class 0x088000 conventional PCI endpoint
[    0.755510] pci 0000:00:03.0: BAR 0 [mem 0xfebf9000-0xfebf900f]
[    0.758156] pci 0000:00:04.0: [1af4:1003] type 00 class 0x078000 conventional PCI endpoint
[    0.760055] pci 0000:00:04.0: BAR 0 [io  0xc040-0xc07f]
[    0.760579] pci 0000:00:04.0: BAR 1 [mem 0xfebfa000-0xfebfafff]
[    0.761621] pci 0000:00:04.0: BAR 4 [mem 0x380000004000-0x380000007fff 64bit pref]
[    0.765874] pci 0000:00:05.0: [1af4:1003] type 00 class 0x078000 conventional PCI endpoint
[    0.767577] pci 0000:00:05.0: BAR 0 [io  0xc080-0xc0bf]
[    0.768578] pci 0000:00:05.0: BAR 1 [mem 0xfebfb000-0xfebfbfff]
[    0.769623] pci 0000:00:05.0: BAR 4 [mem 0x380000008000-0x38000000bfff 64bit pref]
[    0.773902] pci 0000:00:06.0: [1af4:1003] type 00 class 0x078000 conventional PCI endpoint
[    0.775578] pci 0000:00:06.0: BAR 0 [io  0xc0c0-0xc0ff]
[    0.776595] pci 0000:00:06.0: BAR 1 [mem 0xfebfc000-0xfebfcfff]
[    0.777621] pci 0000:00:06.0: BAR 4 [mem 0x38000000c000-0x38000000ffff 64bit pref]
[    0.781949] pci 0000:00:07.0: [1af4:1003] type 00 class 0x078000 conventional PCI endpoint
[    0.783576] pci 0000:00:07.0: BAR 0 [io  0xc100-0xc13f]
[    0.784579] pci 0000:00:07.0: BAR 1 [mem 0xfebfd000-0xfebfdfff]
[    0.785620] pci 0000:00:07.0: BAR 4 [mem 0x380000010000-0x380000013fff 64bit pref]
[    0.790181] pci 0000:00:08.0: [1af4:1003] type 00 class 0x078000 conventional PCI endpoint
[    0.791579] pci 0000:00:08.0: BAR 0 [io  0xc140-0xc17f]
[    0.792577] pci 0000:00:08.0: BAR 1 [mem 0xfebfe000-0xfebfefff]
[    0.793623] pci 0000:00:08.0: BAR 4 [mem 0x380000014000-0x380000017fff 64bit pref]
[    0.797829] pci 0000:00:09.0: [1af4:1003] type 00 class 0x078000 conventional PCI endpoint
[    0.799506] pci 0000:00:09.0: BAR 0 [io  0xc180-0xc1bf]
[    0.799577] pci 0000:00:09.0: BAR 1 [mem 0xfebff000-0xfebfffff]
[    0.800621] pci 0000:00:09.0: BAR 4 [mem 0x380000018000-0x38000001bfff 64bit pref]
[    0.810744] ACPI: PCI: Interrupt link LNKA configured for IRQ 10
[    0.811862] ACPI: PCI: Interrupt link LNKB configured for IRQ 10
[    0.812830] ACPI: PCI: Interrupt link LNKC configured for IRQ 11
[    0.813837] ACPI: PCI: Interrupt link LNKD configured for IRQ 11
[    0.814697] ACPI: PCI: Interrupt link LNKS configured for IRQ 9
[    0.817650] iommu: Default domain type: Translated
[    0.818561] iommu: DMA domain TLB invalidation policy: lazy mode
[    0.821026] SCSI subsystem initialized
[    0.821658] libata version 3.00 loaded.
[    0.822724] ACPI: bus type USB registered
[    0.823686] usbcore: registered new interface driver usbfs
[    0.824636] usbcore: registered new interface driver hub
[    0.825599] usbcore: registered new device driver usb
[    0.826747] pps_core: LinuxPPS API ver. 1 registered
[    0.827562] pps_core: Software ver. 5.3.6 - Copyright 2005-2007 Rodolfo Giometti <giometti@linux.it>
[    0.828588] PTP clock support registered
[    0.830073] Advanced Linux Sound Architecture Driver Initialized.
[    0.831833] NetLabel: Initializing
[    0.832560] NetLabel:  domain hash size = 128
[    0.833536] NetLabel:  protocols = UNLABELED CIPSOv4 CALIPSO
[    0.833610] NetLabel:  unlabeled traffic allowed by default
[    0.834907] PCI: Using ACPI for IRQ routing
[    0.835563] PCI: pci_cache_line_size set to 64 bytes
[    0.836562] Callback from call_rcu_tasks() invoked.
[    0.837602] e820: register RAM buffer resource [mem 0x0009fc00-0x0009ffff]
[    0.838563] e820: register RAM buffer resource [mem 0xbffe0000-0xbfffffff]
[    0.839690] vgaarb: loaded
[    0.840330] hpet0: at MMIO 0xfed00000, IRQs 2, 8, 0
[    0.840564] hpet0: 3 comparators, 64-bit 100.000000 MHz counter
[    0.843979] clocksource: Switched to clocksource kvm-clock
[    0.846074] VFS: Disk quotas dquot_6.6.0
[    0.846967] VFS: Dquot-cache hash table entries: 512 (4096 bytes)
[    0.849476] pnp: PnP ACPI init
[    0.850776] pnp 00:02: [dma 2]
[    0.852388] pnp: PnP ACPI: found 4 devices
[    0.870372] clocksource: acpi_pm: mask: 0xffffff max_cycles: 0xffffff, max_idle_ns: 2085701024 ns
[    0.872659] NET: Registered PF_INET protocol family
[    0.875187] IP idents hash table entries: 65536 (order: 7, 524288 bytes, linear)
[    0.879575] tcp_listen_portaddr_hash hash table entries: 2048 (order: 6, 147456 bytes, linear)
[    0.881845] Table-perturb hash table entries: 65536 (order: 6, 262144 bytes, linear)
[    0.883545] TCP established hash table entries: 32768 (order: 6, 262144 bytes, linear)
[    0.885884] TCP bind hash table entries: 32768 (order: 11, 4718592 bytes, vmalloc hugepage)
[    0.897521] TCP: Hash tables configured (established 32768 bind 32768)
[    0.900508] MPTCP token hash table entries: 4096 (order: 7, 360448 bytes, linear)
[    0.902185] UDP hash table entries: 2048 (order: 7, 524288 bytes, linear)
[    0.904877] NET: Registered PF_UNIX/PF_LOCAL protocol family
[    0.907286] RPC: Registered named UNIX socket transport module.
[    0.908671] RPC: Registered udp transport module.
[    0.909710] RPC: Registered tcp transport module.
[    0.910805] RPC: Registered tcp-with-tls transport module.
[    0.911995] RPC: Registered tcp NFSv4.1 backchannel transport module.
[    0.914279] NET: Registered PF_XDP protocol family
[    0.915373] pci_bus 0000:00: resource 4 [io  0x0000-0x0cf7 window]
[    0.916798] pci_bus 0000:00: resource 5 [io  0x0d00-0xffff window]
[    0.918126] pci_bus 0000:00: resource 6 [mem 0x000a0000-0x000bffff window]
[    0.919590] pci_bus 0000:00: resource 7 [mem 0xc0000000-0xfebfffff window]
[    0.921105] pci_bus 0000:00: resource 8 [mem 0x380000000000-0x38007fffffff window]
[    0.922853] pci 0000:00:01.0: PIIX3: Enabling Passive Release
[    0.924120] pci 0000:00:00.0: Limiting direct PCI/PCI transfers
[    0.925596] PCI: CLS 0 bytes, default 64
[    0.926586] PCI-DMA: Using software bounce buffering for IO (SWIOTLB)
[    0.928010] software IO TLB: mapped [mem 0x00000000bbfe0000-0x00000000bffe0000] (64MB)
[    0.930774] clocksource: tsc: mask: 0xffffffffffffffff max_cycles: 0x31027285e94, max_idle_ns: 440795238296 ns
[    0.941524] Initialise system trusted keyrings
[    0.942905] workingset: timestamp_bits=40 (anon: 35) max_order=20 bucket_order=0 (anon: 0)
[    0.946015] squashfs: version 4.0 (2009/01/31) Phillip Lougher
[    0.948038] NFS: Registering the id_resolver key type
[    0.949243] Key type id_resolver registered
[    0.950209] Key type id_legacy registered
[    0.951098] nfs4filelayout_init: NFSv4 File Layout Driver Registering...
[    0.952628] nfs4flexfilelayout_init: NFSv4 Flexfile Layout Driver Registering...
[    0.954434] fuse: init (API version 7.45)
[    0.955655] 9p: Installing v9fs 9p2000 file system support
[    0.958655] NET: Registered PF_ALG protocol family
[    0.959745] Key type asymmetric registered
[    0.960639] Asymmetric key parser 'x509' registered
[    0.961818] Block layer SCSI generic (bsg) driver version 0.4 loaded (major 248)
[    0.963961] io scheduler mq-deadline registered
[    0.965217] io scheduler kyber registered
[    0.967787] input: Power Button as /devices/platform/LNXPWRBN:00/input/input0
[    0.969607] ACPI: button: Power Button [PWRF]
[    1.094451] ACPI: \_SB_.LNKB: Enabled at IRQ 10
[    1.217069] ACPI: \_SB_.LNKD: Enabled at IRQ 11
[    1.339298] ACPI: \_SB_.LNKA: Enabled at IRQ 10
[    1.491819] kwatchdog (97) used greatest stack depth: 14776 bytes left
[    1.585446] ACPI: \_SB_.LNKC: Enabled at IRQ 11
[    1.832327] Serial: 8250/16550 driver, 4 ports, IRQ sharing enabled
[    1.834862] 00:03: ttyS0 at I/O 0x3f8 (irq = 4, base_baud = 115200) is a 16550A
[    1.990264] Non-volatile memory driver v1.3
[    1.991962] ACPI: bus type drm_connector registered
[    2.013432] brd: module loaded
[    2.026812] loop: module loaded
[    2.032193] scsi host0: ata_piix
[    2.034180] scsi host1: ata_piix
[    2.035369] ata1: PATA max MWDMA2 cmd 0x1f0 ctl 0x3f6 bmdma 0xc1c0 irq 14 lpm-pol 0
[    2.037253] ata2: PATA max MWDMA2 cmd 0x170 ctl 0x376 bmdma 0xc1c8 irq 15 lpm-pol 0
[    2.043053] tun: Universal TUN/TAP device driver, 1.6
[    2.044621] e100: Intel(R) PRO/100 Network Driver
[    2.045675] e100: Copyright(c) 1999-2006 Intel Corporation
[    2.046917] e1000: Intel(R) PRO/1000 Network Driver
[    2.047986] e1000: Copyright (c) 1999-2006 Intel Corporation.
[    2.049374] e1000e: Intel(R) PRO/1000 Network Driver
[    2.050458] e1000e: Copyright(c) 1999 - 2015 Intel Corporation.
[    2.051851] sky2: driver version 1.30
[    2.053827] usbcore: registered new interface driver usblp
[    2.055091] usbcore: registered new interface driver usb-storage
[    2.056496] i8042: PNP: PS/2 Controller [PNP0303:KBD,PNP0f13:MOU] at 0x60,0x64 irq 1,12
[    2.059654] serio: i8042 KBD port at 0x60,0x64 irq 1
[    2.061230] serio: i8042 AUX port at 0x60,0x64 irq 12
[    2.063342] rtc_cmos PNP0B00:00: RTC can wake from S4
[    2.066954] input: AT Translated Set 2 keyboard as /devices/platform/i8042/serio0/input/input1
[    2.069537] rtc_cmos PNP0B00:00: registered as rtc0
[    2.071291] rtc_cmos PNP0B00:00: alarms up to one day, y3k, 242 bytes nvram, hpet irqs
[    2.073369] Registered IR keymap rc-empty
[    2.074595] rc rc0: rc-core loopback device as /devices/virtual/rc/rc0
[    2.076498] rc rc0: lirc_dev: driver rc-loopback registered at minor = 0, raw IR receiver, raw IR transmitter
[    2.079129] input: rc-core loopback device as /devices/virtual/rc/rc0/input2
[    2.082227] intel_powerclamp: CPU does not support MWAIT
[    2.083512] device-mapper: core: CONFIG_IMA_DISABLE_HTABLE is disabled. Duplicate IMA measurements will not be recorded in the IMA log.
[    2.086819] device-mapper: ioctl: 4.50.0-ioctl (2025-04-28) initialised: dm-devel@lists.linux.dev
[    2.088870] amd_pstate: the _CPC object is not present in SBIOS or ACPI disabled
[    2.091875] hid: raw HID events driver (C) Jiri Kosina
[    2.095316] usbcore: registered new interface driver usbhid
[    2.096621] usbhid: USB HID core driver
[    2.098745] GACT probability NOT on
[    2.099575] Mirror/redirect action on
[    2.101797] nf_conntrack_irc: The irc conntrack helper is scheduled for removal.
[    2.101797] Please contact the netfilter-devel mailing list if you still need this.
[    2.106845] ipip: IPv4 and MPLS over IPv4 tunneling driver
[    2.108761] gre: GRE over IPv4 demultiplexer driver
[    2.109888] ip_gre: GRE over IPv4 tunneling driver
[    2.113602] Initializing XFRM netlink socket
[    2.114665] IPsec XFRM device driver
[    2.115581] NET: Registered PF_INET6 protocol family
[    2.118723] Segment Routing with IPv6
[    2.119585] In-situ OAM (IOAM) with IPv6
[    2.120472] mip6: Mobile IPv6
[    2.121155] sit: IPv6, IPv4 and MPLS over IPv4 tunneling driver
[    2.124051] ip6_gre: GRE over IPv6 tunneling driver
[    2.125918] NET: Registered PF_PACKET protocol family
[    2.127102] RPC: Registered rdma transport module.
[    2.128188] RPC: Registered rdma backchannel transport module.
[    2.129838] 8021q: 802.1Q VLAN Support v1.8
[    2.131670] smc: adding smcd device lo without pnetid
[    2.133134] NET: Registered PF_SMC protocol family
[    2.134738] 9pnet: Installing 9P2000 support
[    2.137209] Key type dns_resolver registered
[    2.138460] NET: Registered PF_VSOCK protocol family
[    2.139627] mpls_gso: MPLS GSO support
[    2.143951] IPI shorthand broadcast: enabled
[    2.189138] sched_clock: Marking stable (2165017237, 23968483)->(2293110767, -104125047)
[    2.192958] registered taskstats version 1
[    2.195299] ata2: found unknown device (class 0)
[    2.197513] ata2.00: ATAPI: QEMU DVD-ROM, 2.5+, max UDMA/100
[    2.201294] scsi 1:0:0:0: CD-ROM            QEMU     QEMU DVD-ROM     2.5+ PQ: 0 ANSI: 5
[    2.210368] Loading compiled-in X.509 certificates
[    2.212277] kworker/u32:1 (117) used greatest stack depth: 14152 bytes left
[    2.213570] Loaded X.509 cert 'Build time autogenerated kernel key: c4531344b9a9c1a4731230d977a262ba29ba5272'
[    2.231047] sr 1:0:0:0: [sr0] scsi3-mmc drive: 4x/4x cd/rw xa/form2 tray
[    2.254671] cdrom: Uniform CD-ROM driver Revision: 3.20
[    2.256128] Demotion targets for Node 0: null
[    2.258359] ima: No TPM chip found, activating TPM-bypass!
[    2.259585] ima: Allocated hash algorithm: sha1
[    2.260813] ima: No architecture policies found
[    2.262948] PM:   Magic number: 6:564:48
[    2.263899] netconsole: network logging started
[    2.265834] cfg80211: Loading compiled-in X.509 certificates for regulatory database
[    2.268434] sr 1:0:0:0: Attached scsi CD-ROM sr0
[    2.268650] Loaded X.509 cert 'sforshee: 00b28ddf47aef9cea7'
[    2.270649] sr 1:0:0:0: Attached scsi generic sg0 type 5
[    2.271409] Loaded X.509 cert 'wens: 61c038651aabdcf94bd0ac7ff06c7248db18c600'
[    2.274944] ALSA device list:
[    2.276090] faux_driver regulatory: Direct firmware load for regulatory.db failed with error -2
[    2.277039]   No soundcards found.
[    2.278030] cfg80211: failed to load regulatory.db
[    2.510442] input: ImExPS/2 Generic Explorer Mouse as /devices/platform/i8042/serio1/input/input4
[    2.512523] md: Skipping autodetection of RAID arrays. (raid=autodetect will force)
[    2.513769] 9p: Bad value for 'source'
[    2.514459] 9pnet: Limiting 'msize' to 512000 as this is the maximum supported by transport virtio
[    2.517957] VFS: Mounted root (9p filesystem) on device 0:22.
[    2.519669] devtmpfs: mounted
[    2.520346] VFS: Pivoted into new rootfs
[    2.525470] Freeing unused kernel image (initmem) memory: 4668K
[    2.526382] Write protecting the kernel read-only data: 45056k
[    2.528758] Freeing unused kernel image (text/rodata gap) memory: 984K
[    2.530111] Freeing unused kernel image (rodata/data gap) memory: 400K
[    2.571584] x86/mm: Checked W+X mappings: passed, no W+X pages found.
[    2.572485] Run /home/prozak/.local/share/vng-venv/lib/python3.12/site-packages/virtme/guest/bin/virtme-ng-init as init process
[    2.574013]   with arguments:
[    2.574486]     /home/prozak/.local/share/vng-venv/lib/python3.12/site-packages/virtme/guest/bin/virtme-ng-init
[    2.575811]   with environment:
[    2.576299]     HOME=/
[    2.576647]     TERM=linux
[    2.577060]     virtme_hostname=virtme-ng
[    2.577609]     nr_open=1048576
[    2.578093]     virtme_link_mods=/home/prozak/sources/heimdall_experiment/uml-harness/.build/bpf-next-x86/.virtme_mods/lib/modules/0.0.0
[    2.579756]     virtme_rw_overlay0=/tmp
[    2.580318]     virtme_console=ttyS0
[    2.580807]     virtme_chdir=home/prozak/sources/heimdall_experiment/uml-harness/.build/selftests-output-qemu
[    2.656177] virtme-ng-init: mount devtmpfs -> /dev: EBUSY: Device or resource busy
[    2.657869] virtme-ng-init: Setting hostname to virtme-ng...
[    2.690151] virtme-ng-init: running systemd-tmpfiles
[    3.999314] systemd-tmpfile (126) used greatest stack depth: 12504 bytes left
[    3.999400] virtme-ng-init: basic initialization done
[    4.015672] virtme-ng-init: error creating file: Permission denied (os error 13)
[    4.116787] ip (131) used greatest stack depth: 11848 bytes left
[    4.237432] virtme-ng-init: Starting systemd-udevd version 255.4-1ubuntu8.16
[    4.239412] virtme-ng-init: triggering udev coldplug
[    7.227079] virtme-ng-init: waiting for udev to settle
[    8.005686] virtme-ng-init: udev is done
[    8.009674] virtme-ng-init: starting script
[    8.293685] bpf_testmod: loading out-of-tree module taints kernel.
[    8.294667] bpf_testmod: module verification failed: signature and/or required key missing - tainting kernel
[    8.701213] NOTICE: Automounting of tracing to debugfs is deprecated and will be removed in 2030
[   13.007669] smc: removing smcd device lo
[   13.074602] ACPI: PM: Preparing to enter system sleep state S5
[   13.075846] reboot: Power down
