#177/1   kprobe_multi_test/skel_api:OK
#177/2   kprobe_multi_test/link_api_addrs:OK
#177/3   kprobe_multi_test/link_api_syms:OK
#177/4   kprobe_multi_test/attach_api_pattern:OK
#177/5   kprobe_multi_test/attach_api_addrs:OK
#177/6   kprobe_multi_test/attach_api_syms:OK
#177/7   kprobe_multi_test/attach_api_fails:OK
#177/8   kprobe_multi_test/attach_override:OK
#177/9   kprobe_multi_test/override:OK
#177/10  kprobe_multi_test/session:OK
#177/11  kprobe_multi_test/session_cookie:OK
#177/12  kprobe_multi_test/unique_match:OK
#177/13  kprobe_multi_test/attach_write_ctx:OK
#177/14  kprobe_multi_test/dup_sym:OK
#177/15  kprobe_multi_test/kprobe_session_return_0:OK
#177/16  kprobe_multi_test/kprobe_session_return_1:OK
#177/17  kprobe_multi_test/kprobe_session_return_2:OK
#177     kprobe_multi_test:OK
#178/1   kprobe_multi_testmod_test/testmod_attach_api_syms:OK
#178/2   kprobe_multi_testmod_test/testmod_attach_api_addrs:OK
#178     kprobe_multi_testmod_test:OK
Summary: 2/19 PASSED, 0 SKIPPED, 0 FAILED
ttyS0,115200 panic=-1 virtme.exec=`bW91bnQgLXQgYnBmIGJwZmZzIC9zeXMvZnMvYnBmIDI+L2Rldi9udWxsOyAuL3Rlc3RfcHJvZ3MgLXQgJ2twcm9iZV9tdWx0aV90ZXN0Jw==` virtme_chdir=home/prozak/sources/heimdall_experiment/uml-harness/.build/selftests-output-qemu rootfstype=9p rootflags=version=9p2000.L,trans=virtio,access=any,msize=524288 raid=noautodetect rw debug init=/home/prozak/.local/share/vng-venv/lib/python3.12/site-packages/virtme/guest/bin/virtme-ng-init
[    0.000000] x86 CPU feature dependency check failure: CPU0 has '18*32+31' enabled but '18*32+26' disabled. Kernel might be fine, but no guarantees.
[    0.000000] BIOS-provided physical RAM map:
[    0.000000] BIOS-e820: [mem 0x0000000000000000-0x000000000009fbff]  System RAM
[    0.000000] BIOS-e820: [mem 0x000000000009fc00-0x000000000009ffff]  device reserved
[    0.000000] BIOS-e820: [gap 0x00000000000a0000-0x00000000000effff]
[    0.000000] BIOS-e820: [mem 0x00000000000f0000-0x00000000000fffff]  device reserved
[    0.000000] BIOS-e820: [mem 0x0000000000100000-0x00000000bffdffff]  System RAM
[    0.000000] BIOS-e820: [mem 0x00000000bffe0000-0x00000000bfffffff]  device reserved
[    0.000000] BIOS-e820: [gap 0x00000000c0000000-0x00000000feffbfff]
[    0.000000] BIOS-e820: [mem 0x00000000feffc000-0x00000000feffffff]  device reserved
[    0.000000] BIOS-e820: [gap 0x00000000ff000000-0x00000000fffbffff]
[    0.000000] BIOS-e820: [mem 0x00000000fffc0000-0x00000000ffffffff]  device reserved
[    0.000000] BIOS-e820: [mem 0x0000000100000000-0x000000013fffffff]  System RAM
[    0.000000] BIOS-e820: [gap 0x0000000140000000-0x000000fcffffffff]
[    0.000000] BIOS-e820: [mem 0x000000fd00000000-0x000000ffffffffff]  device reserved
[    0.000000] printk: legacy bootconsole [earlyser0] enabled
[    0.000000] NX (Execute Disable) protection: active
[    0.000000] APIC: Static calls initialized
[    0.000000] DMI: SMBIOS 3.0.0 present.
[    0.000000] DMI: QEMU Ubuntu 24.04 PC v2 (i440FX + PIIX, arch_caps fix, 1996), BIOS 1.16.3-debian-1.16.3-2 04/01/2014
[    0.000000] DMI: Memory slots populated: 1/1
[    0.000000] Hypervisor detected: KVM
[    0.000000] last_pfn = 0xbffe0 max_arch_pfn = 0x400000000
[    0.000000] kvm-clock: Using msrs 4b564d01 and 4b564d00
[    0.000001] kvm-clock: using sched offset of 468682917 cycles
[    0.000904] clocksource: kvm-clock: mask: 0xffffffffffffffff max_cycles: 0x1cd42e4dffb, max_idle_ns: 881590591483 ns
[    0.003715] tsc: Detected 3400.038 MHz processor
[    0.004878] e820: update [mem 0x00000000-0x00000fff] System RAM ==> device reserved
[    0.006257] e820: remove [mem 0x000a0000-0x000fffff] System RAM
[    0.007276] last_pfn = 0x140000 max_arch_pfn = 0x400000000
[    0.008326] MTRR map: 4 entries (3 fixed + 1 variable; max 19), built from 8 variable MTRRs
[    0.009798] x86/PAT: Configuration [0-7]: WB  WC  UC- UC  WB  WP  UC- WT  
Memory KASLR using RDRAND RDTSC...
[    0.011660] last_pfn = 0xbffe0 max_arch_pfn = 0x400000000
[    0.013789] found SMP MP-table at [mem 0x000f5450-0x000f545f]
[    0.014809] Using GB pages for direct mapping
[    0.015717] ACPI: Early table checksum verification disabled
[    0.016723] ACPI: RSDP 0x00000000000F5240 000014 (v00 BOCHS )
[    0.017776] ACPI: RSDT 0x00000000BFFE1F16 000034 (v01 BOCHS  BXPC     00000001 BXPC 00000001)
[    0.019269] ACPI: FACP 0x00000000BFFE1D92 000074 (v01 BOCHS  BXPC     00000001 BXPC 00000001)
[    0.020762] ACPI: DSDT 0x00000000BFFE0040 001D52 (v01 BOCHS  BXPC     00000001 BXPC 00000001)
[    0.022290] ACPI: FACS 0x00000000BFFE0000 000040
[    0.023077] ACPI: APIC 0x00000000BFFE1E06 0000B0 (v03 BOCHS  BXPC     00000001 BXPC 00000001)
[    0.024547] ACPI: HPET 0x00000000BFFE1EB6 000038 (v01 BOCHS  BXPC     00000001 BXPC 00000001)
[    0.026029] ACPI: WAET 0x00000000BFFE1EEE 000028 (v01 BOCHS  BXPC     00000001 BXPC 00000001)
[    0.027509] ACPI: Reserving FACP table memory at [mem 0xbffe1d92-0xbffe1e05]
[    0.028706] ACPI: Reserving DSDT table memory at [mem 0xbffe0040-0xbffe1d91]
[    0.029935] ACPI: Reserving FACS table memory at [mem 0xbffe0000-0xbffe003f]
[    0.031147] ACPI: Reserving APIC table memory at [mem 0xbffe1e06-0xbffe1eb5]
[    0.032363] ACPI: Reserving HPET table memory at [mem 0xbffe1eb6-0xbffe1eed]
[    0.033590] ACPI: Reserving WAET table memory at [mem 0xbffe1eee-0xbffe1f15]
[    0.035250] No NUMA configuration found
[    0.035936] Faking a node at [mem 0x0000000000000000-0x000000013fffffff]
[    0.037099] NODE_DATA(0) allocated [mem 0x13fff9c80-0x13fffdfff]
[    0.038959] ACPI: PM-Timer IO Port: 0x608
[    0.039694] ACPI: LAPIC_NMI (acpi_id[0xff] dfl dfl lint[0x1])
[    0.040721] IOAPIC[0]: apic_id 0, version 17, address 0xfec00000, GSI 0-23
[    0.041925] ACPI: INT_SRC_OVR (bus 0 bus_irq 0 global_irq 2 dfl dfl)
[    0.043004] ACPI: INT_SRC_OVR (bus 0 bus_irq 5 global_irq 5 high level)
[    0.044159] ACPI: INT_SRC_OVR (bus 0 bus_irq 9 global_irq 9 high level)
[    0.045292] ACPI: INT_SRC_OVR (bus 0 bus_irq 10 global_irq 10 high level)
[    0.046463] ACPI: INT_SRC_OVR (bus 0 bus_irq 11 global_irq 11 high level)
[    0.047637] ACPI: Using ACPI (MADT) for SMP configuration information
[    0.048747] ACPI: HPET id: 0x8086a201 base: 0xfed00000
[    0.049651] TSC deadline timer available
[    0.050318] CPU topo: Max. logical packages:   1
[    0.051100] CPU topo: Max. logical nodes:      1
[    0.051939] CPU topo: Num. nodes per package:  1
[    0.052733] CPU topo: Max. logical dies:       1
[    0.053589] CPU topo: Max. dies per package:   1
[    0.054375] CPU topo: Max. threads per core:   1
[    0.055158] CPU topo: Num. cores per package:     8
[    0.056003] CPU topo: Num. threads per package:   8
[    0.056830] CPU topo: Allowing 8 present CPUs plus 0 hotplug CPUs
[    0.057967] kvm-guest: APIC: eoi() replaced with kvm_guest_apic_eoi_write()
[    0.059203] kvm-guest: KVM setup pv remote TLB flush
[    0.060073] kvm-guest: setup PV sched yield
[    0.060790] PM: hibernation: Registered nosave memory: [mem 0x00000000-0x00000fff]
[    0.062143] PM: hibernation: Registered nosave memory: [mem 0x0009f000-0x000fffff]
[    0.063428] PM: hibernation: Registered nosave memory: [mem 0xbffe0000-0xffffffff]
[    0.064730] [gap 0xc0000000-0xfeffbfff] available for PCI devices
[    0.065793] Booting paravirtualized kernel on KVM
[    0.066607] clocksource: refined-jiffies: mask: 0xffffffff max_cycles: 0xffffffff, max_idle_ns: 1910969940391419 ns
[    0.072953] Zone ranges:
[    0.073405]   DMA      [mem 0x0000000000001000-0x0000000000ffffff]
[    0.074474]   DMA32    [mem 0x0000000001000000-0x00000000ffffffff]
[    0.075524]   Normal   [mem 0x0000000100000000-0x000000013fffffff]
[    0.076608] Movable zone start for each node
[    0.077345] Early memory node ranges
[    0.077970]   node   0: [mem 0x0000000000001000-0x000000000009efff]
[    0.079035]   node   0: [mem 0x0000000000100000-0x00000000bffdffff]
[    0.080116]   node   0: [mem 0x0000000100000000-0x000000013fffffff]
[    0.081205] Initmem setup node 0 [mem 0x0000000000001000-0x000000013fffffff]
[    0.082453] On node 0, zone DMA: 1 pages in unavailable ranges
[    0.083980] On node 0, zone DMA: 97 pages in unavailable ranges
[    0.189806] On node 0, zone Normal: 32 pages in unavailable ranges
[    0.190944] setup_percpu: NR_CPUS:128 nr_cpumask_bits:8 nr_cpu_ids:8 nr_node_ids:1
[    0.195590] percpu: Embedded 58 pages/cpu s199696 r8192 d29680 u262144
[    0.196744] pcpu-alloc: s199696 r8192 d29680 u262144 alloc=1*2097152
[    0.197850] pcpu-alloc: [0] 0 1 2 3 4 5 6 7 
[    0.198671] Kernel command line: virtme_hostname=virtme-ng nr_open=1048576 virtme_link_mods=/home/prozak/sources/heimdall_experiment/uml-harness/.build/bpf-next-x86/.virtme_mods/lib/modules/0.0.0 virtme_rw_overlay0=/tmp virtme_console=ttyS0 console=ttyS0 earlyprintk=serial,ttyS0,115200 panic=-1 virtme.exec=`bW91bnQgLXQgYnBmIGJwZmZzIC9zeXMvZnMvYnBmIDI+L2Rldi9udWxsOyAuL3Rlc3RfcHJvZ3MgLXQgJ2twcm9iZV9tdWx0aV90ZXN0Jw==` virtme_chdir=home/prozak/sources/heimdall_experiment/uml-harness/.build/selftests-output-qemu rootfstype=9p rootflags=version=9p2000.L,trans=virtio,access=any,msize=524288 raid=noautodetect rw debug init=/home/prozak/.local/share/vng-venv/lib/python3.12/site-packages/virtme/guest/bin/virtme-ng-init
[    0.209764] Unknown kernel command line parameters "virtme_hostname=virtme-ng nr_open=1048576 virtme_link_mods=/home/prozak/sources/heimdall_experiment/uml-harness/.build/bpf-next-x86/.virtme_mods/lib/modules/0.0.0 virtme_rw_overlay0=/tmp virtme_console=ttyS0 virtme_chdir=home/prozak/sources/heimdall_experiment/uml-harness/.build/selftests-output-qemu", will be passed to user space.
[    0.215961] random: crng init done
[    0.216589] printk: log buffer data + meta data: 2097152 + 7340032 = 9437184 bytes
[    0.224571] Dentry cache hash table entries: 524288 (order: 10, 4194304 bytes, linear)
[    0.229299] Inode-cache hash table entries: 262144 (order: 9, 2097152 bytes, linear)
[    0.230900] software IO TLB: area num 8.
[    0.358655] Fallback order for Node 0: 0 
[    0.358662] Built 1 zonelists, mobility grouping on.  Total pages: 1048446
[    0.360615] Policy zone: Normal
[    0.361190] mem auto-init: stack:all(zero), heap alloc:off, heap free:off
[    0.367599] SLUB: HWalign=64, Order=0-3, MinObjects=0, CPUs=8, Nodes=1
Poking KASLR using RDRAND RDTSC...
[    0.383440] ftrace: allocating 69757 entries in 274 pages
[    0.384413] ftrace: allocated 274 pages with 3 groups
[    0.385804] Dynamic Preempt: full
[    0.386716] Running RCU self tests
[    0.387331] Running RCU synchronous self tests
[    0.388098] rcu: Preemptible hierarchical RCU implementation.
[    0.389122] rcu: 	RCU event tracing is enabled.
[    0.389919] rcu: 	RCU lockdep checking is enabled.
[    0.390746] rcu: 	RCU restricting CPUs from NR_CPUS=128 to nr_cpu_ids=8.
[    0.391937] 	Trampoline variant of Tasks RCU enabled.
[    0.392826] 	Rude variant of Tasks RCU enabled.
[    0.393637] 	Tracing variant of Tasks RCU enabled.
[    0.394467] rcu: RCU calculated value of scheduler-enlistment delay is 100 jiffies.
[    0.395840] rcu: Adjusting geometry for rcu_fanout_leaf=16, nr_cpu_ids=8
[    0.397080] Running RCU synchronous self tests
[    0.397866] RCU Tasks: Setting shift to 3 and lim to 1 rcu_task_cb_adjust=1 rcu_task_cpu_ids=8.
[    0.399384] RCU Tasks Rude: Setting shift to 3 and lim to 1 rcu_task_cb_adjust=1 rcu_task_cpu_ids=8.
[    0.406733] NR_IRQS: 8448, nr_irqs: 488, preallocated irqs: 16
[    0.408100] rcu: srcu_init: Setting srcu_struct sizes based on contention.
[    0.409410] clocksource: jiffies: mask: 0xffffffff max_cycles: 0xffffffff, max_idle_ns: 1911260446275000 ns
[    0.411522] Console: colour *CGA 80x25
[    0.412240] printk: legacy console [ttyS0] enabled
[    0.412240] printk: legacy console [ttyS0] enabled
[    0.413984] printk: legacy bootconsole [earlyser0] disabled
[    0.413984] printk: legacy bootconsole [earlyser0] disabled
[    0.415977] Lock dependency validator: Copyright (c) 2006 Red Hat, Inc., Ingo Molnar
[    0.417370] ... MAX_LOCKDEP_SUBCLASSES:  8
[    0.418101] ... MAX_LOCK_DEPTH:          48
[    0.418849] ... MAX_LOCKDEP_KEYS:        8192
[    0.419662] ... CLASSHASH_SIZE:          4096
[    0.420446] ... MAX_LOCKDEP_ENTRIES:     32768
[    0.421257] ... MAX_LOCKDEP_CHAINS:      65536
[    0.422060] ... CHAINHASH_SIZE:          32768
[    0.422848]  memory used by lock dependency info: 6429 kB
[    0.423823]  memory used for stack traces: 4224 kB
[    0.424692]  per task-struct memory footprint: 1920 bytes
[    0.425759] ACPI: Core revision 20260408
[    0.426673] clocksource: hpet: mask: 0xffffffff max_cycles: 0xffffffff, max_idle_ns: 19112604467 ns
[    0.428499] APIC: Switch to symmetric I/O mode setup
[    0.429877] x2apic enabled
[    0.430890] APIC: Switched APIC routing to: physical x2apic
[    0.431999] kvm-guest: APIC: send_IPI_mask() replaced with kvm_send_ipi_mask()
[    0.433361] kvm-guest: APIC: send_IPI_mask_allbutself() replaced with kvm_send_ipi_mask_allbutself()
[    0.435108] kvm-guest: setup PV IPIs
[    0.437903] ..TIMER: vector=0x30 apic1=0 pin1=2 apic2=-1 pin2=-1
[    0.439102] clocksource: tsc-early: mask: 0xffffffffffffffff max_cycles: 0x31027285e94, max_idle_ns: 440795238296 ns
[    0.441059] Calibrating delay loop (skipped) preset value.. 6800.07 BogoMIPS (lpj=3400038)
[    0.442744] x86/cpu: User Mode Instruction Prevention (UMIP) activated
[    0.443384] Last level iTLB entries: 4KB 512, 2MB 255, 4MB 127
[    0.444056] Last level dTLB entries: 4KB 512, 2MB 255, 4MB 127, 1GB 0
[    0.445063] mitigations: Enabled attack vectors: user_kernel, user_user, SMT mitigations: auto
[    0.446056] Speculative Store Bypass: Mitigation: Speculative Store Bypass disabled via prctl
[    0.447056] Speculative Return Stack Overflow: IBPB-extending microcode not applied!
[    0.448056] Speculative Return Stack Overflow: WARNING: See https://kernel.org/doc/html/latest/admin-guide/hw-vuln/srso.html for mitigation options.
[    0.448057] Transient Scheduler Attacks: Vulnerable: No microcode
[    0.450056] Spectre V2 : Mitigation: Retpolines
[    0.451056] Speculative Return Stack Overflow: Vulnerable: Safe RET, no microcode
[    0.452056] Spectre V1 : Mitigation: usercopy/swapgs barriers and __user pointer sanitization
[    0.454054] Spectre V2 : Spectre v2 / SpectreRSB: Filling RSB on context switch and VMEXIT
[    0.455056] Spectre V2 : Enabling Restricted Speculation for firmware calls
[    0.456058] Spectre V2 : mitigation: Enabling conditional Indirect Branch Prediction Barrier
[    0.457056] active return thunk: srso_alias_return_thunk
[    0.458105] x86/fpu: Supporting XSAVE feature 0x001: 'x87 floating point registers'
[    0.459056] x86/fpu: Supporting XSAVE feature 0x002: 'SSE registers'
[    0.460056] x86/fpu: Supporting XSAVE feature 0x004: 'AVX registers'
[    0.461056] x86/fpu: xstate_offset[2]:  576, xstate_sizes[2]:  256
[    0.462056] x86/fpu: Enabled xstate features 0x7, context size is 832 bytes, using 'compacted' format.
[    0.497408] pid_max: default: 32768 minimum: 301
[    0.498301] SELinux:  Initializing.
[    0.500665] LSM support for eBPF active
[    0.501398] Mount-cache hash table entries: 8192 (order: 4, 65536 bytes, linear)
[    0.502205] Mountpoint-cache hash table entries: 8192 (order: 4, 65536 bytes, linear)
[    0.504593] VFS: Finished mounting rootfs on nullfs
[    0.507113] Running RCU synchronous self tests
[    0.508058] Running RCU synchronous self tests
[    0.509570] smpboot: CPU0: AMD Ryzen 9 5950X 16-Core Processor (family: 0x19, model: 0x21, stepping: 0x2)
[    0.512339] Performance Events: Fam17h+ core perfctr, AMD PMU driver.
[    0.513089] ... version:                   0
[    0.513972] ... bit width:                 48
[    0.514062] ... generic counters:          6
[    0.515012] ... generic bitmap:            000000000000003f
[    0.515063] ... fixed-purpose counters:    0
[    0.515959] ... fixed-purpose bitmap:      0000000000000000
[    0.516062] ... value mask:                0000ffffffffffff
[    0.517063] ... max period:                00007fffffffffff
[    0.518063] ... global_ctrl mask:          000000000000003f
[    0.519388] signal: max sigframe size: 1776
[    0.520271] rcu: Hierarchical SRCU implementation.
[    0.521065] rcu: 	Max phase no-delay instances is 400.
[    0.522399] Timer migration: 1 hierarchy levels; 8 children per group; 1 crossnode level
[    0.535404] smp: Bringing up secondary CPUs ...
[    0.540317] smpboot: x86: Booting SMP configuration:
[    0.541062] .... node  #0, CPUs:      #1 #2 #3 #4 #5 #6 #7
[    0.569452] smp: Brought up 1 node, 8 CPUs
[    0.570956] smpboot: Total of 8 processors activated (54400.60 BogoMIPS)
[    0.572412] Memory: 3963788K/4193784K available (25637K kernel code, 10348K rwdata, 18032K rodata, 4668K init, 13400K bss, 221944K reserved, 0K cma-reserved)
[    0.575154] devtmpfs: initialized
[    0.579644] Running RCU synchronous self tests
[    0.580084] Running RCU synchronous self tests
[    0.581195] Running RCU Tasks wait API self tests
[    0.582117] Running RCU Tasks Rude wait API self tests
[    0.583066] Running RCU Tasks Trace wait API self tests
[    0.584212] posixtimers hash table entries: 4096 (order: 7, 294912 bytes, linear)
[    0.586545] futex hash table entries: 2048 (262144 bytes on 1 NUMA nodes, total 256 KiB, linear).
[    0.588212] PM: RTC time: 22:59:49, date: 2026-08-02
[    0.589092] Callback from call_rcu_tasks_trace() invoked.
[    0.596419] NET: Registered PF_NETLINK/PF_ROUTE protocol family
[    0.598115] audit: initializing netlink subsys (disabled)
[    0.599176] audit: type=2000 audit(1785711589.823:1): state=initialized audit_enabled=0 res=1
[    0.623898] thermal_sys: Registered thermal governor 'step_wise'
[    0.623971] cpuidle: using governor ladder
[    0.625063] cpuidle: using governor menu
[    0.627275] Freeing SMP alternatives memory: 68K
[    0.628912] PCI: Using configuration type 1 for base access
[    0.629064] PCI: Using configuration type 1 for extended access
[    0.630258] kprobes: kprobe jump-optimization is enabled. All kprobes are optimized if possible.
[    0.632208] HugeTLB: registered 1.00 GiB page size, pre-allocated 0 pages
[    0.633063] HugeTLB: 16380 KiB vmemmap can be freed for a 1.00 GiB page
[    0.634064] HugeTLB: registered 2.00 MiB page size, pre-allocated 0 pages
[    0.635062] HugeTLB: 28 KiB vmemmap can be freed for a 2.00 MiB page
[    0.641087] ACPI: Added _OSI(Module Device)
[    0.641997] ACPI: Added _OSI(Processor Device)
[    0.642063] ACPI: Added _OSI(Processor Aggregator Device)
[    0.646778] ACPI: 1 ACPI AML tables successfully acquired and loaded
[    0.649363] ACPI: \_SB_: platform _OSC: OS support mask [002a7eee]
[    0.650800] ACPI: Interpreter enabled
[    0.651130] ACPI: PM: (supports S0 S3 S4 S5)
[    0.652074] ACPI: Using IOAPIC for interrupt routing
[    0.653115] PCI: Using host bridge windows from ACPI; if necessary, use "pci=nocrs" and report a bug
[    0.654063] PCI: Using E820 reservations for host bridge windows
[    0.655438] ACPI: Enabled 2 GPEs in block 00 to 0F
[    0.671950] ACPI: PCI Root Bridge [PCI0] (domain 0000 [bus 00-ff])
[    0.672069] acpi PNP0A03:00: _OSC: OS supports [ExtendedConfig ASPM ClockPM Segments MSI HPX-Type3]
[    0.673075] acpi PNP0A03:00: _OSC: OS requested [PME PCIeCapability LTR]
[    0.674063] acpi PNP0A03:00: _OSC: platform willing to grant [PME PCIeCapability LTR]
[    0.675073] acpi PNP0A03:00: _OSC: platform retains control of PCIe features (AE_ERROR)
[    0.676827] PCI host bridge to bus 0000:00
[    0.677074] pci_bus 0000:00: root bus resource [io  0x0000-0x0cf7 window]
[    0.678065] pci_bus 0000:00: root bus resource [io  0x0d00-0xffff window]
[    0.679064] pci_bus 0000:00: root bus resource [mem 0x000a0000-0x000bffff window]
[    0.680065] pci_bus 0000:00: root bus resource [mem 0xc0000000-0xfebfffff window]
[    0.681065] pci_bus 0000:00: root bus resource [mem 0x380000000000-0x38007fffffff window]
[    0.682065] pci_bus 0000:00: root bus resource [bus 00-ff]
[    0.683466] pci 0000:00:00.0: [8086:1237] type 00 class 0x060000 conventional PCI endpoint
[    0.685749] pci 0000:00:01.0: [8086:7000] type 00 class 0x060100 conventional PCI endpoint
[    0.687485] pci 0000:00:01.1: [8086:7010] type 00 class 0x010180 conventional PCI endpoint
[    0.688976] pci 0000:00:01.1: BAR 4 [io  0xc1c0-0xc1cf]
[    0.689140] pci 0000:00:01.1: BAR 0 [io  0x01f0-0x01f7]: legacy IDE quirk
[    0.690113] pci 0000:00:01.1: BAR 1 [io  0x03f6]: legacy IDE quirk
[    0.691063] pci 0000:00:01.1: BAR 2 [io  0x0170-0x0177]: legacy IDE quirk
[    0.692064] pci 0000:00:01.1: BAR 3 [io  0x0376]: legacy IDE quirk
[    0.693808] pci 0000:00:01.3: [8086:7113] type 00 class 0x068000 conventional PCI endpoint
[    0.694775] pci 0000:00:01.3: quirk: [io  0x0600-0x063f] claimed by PIIX4 ACPI
[    0.695080] pci 0000:00:01.3: quirk: [io  0x0700-0x070f] claimed by PIIX4 SMB
[    0.697109] pci 0000:00:02.0: [1af4:1009] type 00 class 0x000200 conventional PCI endpoint
[    0.700082] pci 0000:00:02.0: BAR 0 [io  0xc000-0xc03f]
[    0.701080] pci 0000:00:02.0: BAR 1 [mem 0xfebf8000-0xfebf8fff]
[    0.702125] pci 0000:00:02.0: BAR 4 [mem 0x380000000000-0x380000003fff 64bit pref]
[    0.706245] pci 0000:00:03.0: [8086:25ab] type 00 class 0x088000 conventional PCI endpoint
[    0.708082] pci 0000:00:03.0: BAR 0 [mem 0xfebf9000-0xfebf900f]
[    0.711708] pci 0000:00:04.0: [1af4:1003] type 00 class 0x078000 conventional PCI endpoint
[    0.713432] pci 0000:00:04.0: BAR 0 [io  0xc040-0xc07f]
[    0.714081] pci 0000:00:04.0: BAR 1 [mem 0xfebfa000-0xfebfafff]
[    0.715133] pci 0000:00:04.0: BAR 4 [mem 0x380000004000-0x380000007fff 64bit pref]
[    0.719344] pci 0000:00:05.0: [1af4:1003] type 00 class 0x078000 conventional PCI endpoint
[    0.721081] pci 0000:00:05.0: BAR 0 [io  0xc080-0xc0bf]
[    0.722081] pci 0000:00:05.0: BAR 1 [mem 0xfebfb000-0xfebfbfff]
[    0.723129] pci 0000:00:05.0: BAR 4 [mem 0x380000008000-0x38000000bfff 64bit pref]
[    0.727429] pci 0000:00:06.0: [1af4:1003] type 00 class 0x078000 conventional PCI endpoint
[    0.729081] pci 0000:00:06.0: BAR 0 [io  0xc0c0-0xc0ff]
[    0.730080] pci 0000:00:06.0: BAR 1 [mem 0xfebfc000-0xfebfcfff]
[    0.731125] pci 0000:00:06.0: BAR 4 [mem 0x38000000c000-0x38000000ffff 64bit pref]
[    0.735452] pci 0000:00:07.0: [1af4:1003] type 00 class 0x078000 conventional PCI endpoint
[    0.737950] pci 0000:00:07.0: BAR 0 [io  0xc100-0xc13f]
[    0.738082] pci 0000:00:07.0: BAR 1 [mem 0xfebfd000-0xfebfdfff]
[    0.739141] pci 0000:00:07.0: BAR 4 [mem 0x380000010000-0x380000013fff 64bit pref]
[    0.743545] pci 0000:00:08.0: [1af4:1003] type 00 class 0x078000 conventional PCI endpoint
[    0.745081] pci 0000:00:08.0: BAR 0 [io  0xc140-0xc17f]
[    0.746081] pci 0000:00:08.0: BAR 1 [mem 0xfebfe000-0xfebfefff]
[    0.747124] pci 0000:00:08.0: BAR 4 [mem 0x380000014000-0x380000017fff 64bit pref]
[    0.751298] pci 0000:00:09.0: [1af4:1003] type 00 class 0x078000 conventional PCI endpoint
[    0.753081] pci 0000:00:09.0: BAR 0 [io  0xc180-0xc1bf]
[    0.754078] pci 0000:00:09.0: BAR 1 [mem 0xfebff000-0xfebfffff]
[    0.755124] pci 0000:00:09.0: BAR 4 [mem 0x380000018000-0x38000001bfff 64bit pref]
[    0.764451] ACPI: PCI: Interrupt link LNKA configured for IRQ 10
[    0.765335] ACPI: PCI: Interrupt link LNKB configured for IRQ 10
[    0.766335] ACPI: PCI: Interrupt link LNKC configured for IRQ 11
[    0.767315] ACPI: PCI: Interrupt link LNKD configured for IRQ 11
[    0.768225] ACPI: PCI: Interrupt link LNKS configured for IRQ 9
[    0.771250] iommu: Default domain type: Translated
[    0.772065] iommu: DMA domain TLB invalidation policy: lazy mode
[    0.774576] SCSI subsystem initialized
[    0.775145] libata version 3.00 loaded.
[    0.776227] ACPI: bus type USB registered
[    0.777193] usbcore: registered new interface driver usbfs
[    0.778139] usbcore: registered new interface driver hub
[    0.779102] usbcore: registered new device driver usb
[    0.780288] pps_core: LinuxPPS API ver. 1 registered
[    0.781063] pps_core: Software ver. 5.3.6 - Copyright 2005-2007 Rodolfo Giometti <giometti@linux.it>
[    0.782090] PTP clock support registered
[    0.783596] Advanced Linux Sound Architecture Driver Initialized.
[    0.785385] NetLabel: Initializing
[    0.786064] NetLabel:  domain hash size = 128
[    0.786993] NetLabel:  protocols = UNLABELED CIPSOv4 CALIPSO
[    0.787110] NetLabel:  unlabeled traffic allowed by default
[    0.788442] PCI: Using ACPI for IRQ routing
[    0.789064] PCI: pci_cache_line_size set to 64 bytes
[    0.790423] e820: register RAM buffer resource [mem 0x0009fc00-0x0009ffff]
[    0.791065] e820: register RAM buffer resource [mem 0xbffe0000-0xbfffffff]
[    0.792209] vgaarb: loaded
[    0.793083] hpet0: at MMIO 0xfed00000, IRQs 2, 8, 0
[    0.794087] hpet0: 3 comparators, 64-bit 100.000000 MHz counter
[    0.794064] Callback from call_rcu_tasks() invoked.
[    0.797943] clocksource: Switched to clocksource kvm-clock
[    0.799890] VFS: Disk quotas dquot_6.6.0
[    0.800825] VFS: Dquot-cache hash table entries: 512 (4096 bytes)
[    0.803428] pnp: PnP ACPI init
[    0.804735] pnp 00:02: [dma 2]
[    0.806236] pnp: PnP ACPI: found 4 devices
[    0.824363] clocksource: acpi_pm: mask: 0xffffff max_cycles: 0xffffff, max_idle_ns: 2085701024 ns
[    0.826599] NET: Registered PF_INET protocol family
[    0.829184] IP idents hash table entries: 65536 (order: 7, 524288 bytes, linear)
[    0.833442] tcp_listen_portaddr_hash hash table entries: 2048 (order: 6, 147456 bytes, linear)
[    0.835830] Table-perturb hash table entries: 65536 (order: 6, 262144 bytes, linear)
[    0.837519] TCP established hash table entries: 32768 (order: 6, 262144 bytes, linear)
[    0.839845] TCP bind hash table entries: 32768 (order: 11, 4718592 bytes, vmalloc hugepage)
[    0.852247] TCP: Hash tables configured (established 32768 bind 32768)
[    0.855184] MPTCP token hash table entries: 4096 (order: 7, 360448 bytes, linear)
[    0.856891] UDP hash table entries: 2048 (order: 7, 524288 bytes, linear)
[    0.859590] NET: Registered PF_UNIX/PF_LOCAL protocol family
[    0.861934] RPC: Registered named UNIX socket transport module.
[    0.863223] RPC: Registered udp transport module.
[    0.864287] RPC: Registered tcp transport module.
[    0.865312] RPC: Registered tcp-with-tls transport module.
[    0.866493] RPC: Registered tcp NFSv4.1 backchannel transport module.
[    0.868773] NET: Registered PF_XDP protocol family
[    0.869838] pci_bus 0000:00: resource 4 [io  0x0000-0x0cf7 window]
[    0.871155] pci_bus 0000:00: resource 5 [io  0x0d00-0xffff window]
[    0.872557] pci_bus 0000:00: resource 6 [mem 0x000a0000-0x000bffff window]
[    0.874021] pci_bus 0000:00: resource 7 [mem 0xc0000000-0xfebfffff window]
[    0.875472] pci_bus 0000:00: resource 8 [mem 0x380000000000-0x38007fffffff window]
[    0.877195] pci 0000:00:01.0: PIIX3: Enabling Passive Release
[    0.878425] pci 0000:00:00.0: Limiting direct PCI/PCI transfers
[    0.879883] PCI: CLS 0 bytes, default 64
[    0.880876] PCI-DMA: Using software bounce buffering for IO (SWIOTLB)
[    0.882218] software IO TLB: mapped [mem 0x00000000bbfe0000-0x00000000bffe0000] (64MB)
[    0.885045] clocksource: tsc: mask: 0xffffffffffffffff max_cycles: 0x31027285e94, max_idle_ns: 440795238296 ns
[    0.895997] Initialise system trusted keyrings
[    0.897370] workingset: timestamp_bits=40 (anon: 35) max_order=20 bucket_order=0 (anon: 0)
[    0.900260] squashfs: version 4.0 (2009/01/31) Phillip Lougher
[    0.902178] NFS: Registering the id_resolver key type
[    0.903450] Key type id_resolver registered
[    0.904447] Key type id_legacy registered
[    0.905354] nfs4filelayout_init: NFSv4 File Layout Driver Registering...
[    0.906869] nfs4flexfilelayout_init: NFSv4 Flexfile Layout Driver Registering...
[    0.908737] fuse: init (API version 7.45)
[    0.909985] 9p: Installing v9fs 9p2000 file system support
[    0.913120] NET: Registered PF_ALG protocol family
[    0.914212] Key type asymmetric registered
[    0.915118] Asymmetric key parser 'x509' registered
[    0.916305] Block layer SCSI generic (bsg) driver version 0.4 loaded (major 248)
[    0.918443] io scheduler mq-deadline registered
[    0.919554] io scheduler kyber registered
[    0.921991] input: Power Button as /devices/platform/LNXPWRBN:00/input/input0
[    0.923840] ACPI: button: Power Button [PWRF]
[    1.048981] ACPI: \_SB_.LNKB: Enabled at IRQ 10
[    1.172788] ACPI: \_SB_.LNKD: Enabled at IRQ 11
[    1.295182] ACPI: \_SB_.LNKA: Enabled at IRQ 10
[    1.449850] kwatchdog (98) used greatest stack depth: 14776 bytes left
[    1.538995] ACPI: \_SB_.LNKC: Enabled at IRQ 11
[    1.787404] Serial: 8250/16550 driver, 4 ports, IRQ sharing enabled
[    1.789920] 00:03: ttyS0 at I/O 0x3f8 (irq = 4, base_baud = 115200) is a 16550A
[    1.948472] Non-volatile memory driver v1.3
[    1.950270] ACPI: bus type drm_connector registered
[    1.972076] brd: module loaded
[    1.985622] loop: module loaded
[    1.990834] scsi host0: ata_piix
[    1.992823] scsi host1: ata_piix
[    1.993956] ata1: PATA max MWDMA2 cmd 0x1f0 ctl 0x3f6 bmdma 0xc1c0 irq 14 lpm-pol 0
[    1.995660] ata2: PATA max MWDMA2 cmd 0x170 ctl 0x376 bmdma 0xc1c8 irq 15 lpm-pol 0
[    2.002068] tun: Universal TUN/TAP device driver, 1.6
[    2.003640] e100: Intel(R) PRO/100 Network Driver
[    2.004696] e100: Copyright(c) 1999-2006 Intel Corporation
[    2.006033] e1000: Intel(R) PRO/1000 Network Driver
[    2.007100] e1000: Copyright (c) 1999-2006 Intel Corporation.
[    2.008453] e1000e: Intel(R) PRO/1000 Network Driver
[    2.009616] e1000e: Copyright(c) 1999 - 2015 Intel Corporation.
[    2.011014] sky2: driver version 1.30
[    2.013137] usbcore: registered new interface driver usblp
[    2.014458] usbcore: registered new interface driver usb-storage
[    2.015858] i8042: PNP: PS/2 Controller [PNP0303:KBD,PNP0f13:MOU] at 0x60,0x64 irq 1,12
[    2.019129] serio: i8042 KBD port at 0x60,0x64 irq 1
[    2.020728] serio: i8042 AUX port at 0x60,0x64 irq 12
[    2.023365] input: AT Translated Set 2 keyboard as /devices/platform/i8042/serio0/input/input1
[    2.025553] rtc_cmos PNP0B00:00: RTC can wake from S4
[    2.029076] rtc_cmos PNP0B00:00: registered as rtc0
[    2.030507] rtc_cmos PNP0B00:00: alarms up to one day, y3k, 242 bytes nvram, hpet irqs
[    2.032733] Registered IR keymap rc-empty
[    2.034110] rc rc0: rc-core loopback device as /devices/virtual/rc/rc0
[    2.035939] rc rc0: lirc_dev: driver rc-loopback registered at minor = 0, raw IR receiver, raw IR transmitter
[    2.038540] input: rc-core loopback device as /devices/virtual/rc/rc0/input3
[    2.041531] intel_powerclamp: CPU does not support MWAIT
[    2.042794] device-mapper: core: CONFIG_IMA_DISABLE_HTABLE is disabled. Duplicate IMA measurements will not be recorded in the IMA log.
[    2.046151] device-mapper: ioctl: 4.50.0-ioctl (2025-04-28) initialised: dm-devel@lists.linux.dev
[    2.048155] amd_pstate: the _CPC object is not present in SBIOS or ACPI disabled
[    2.050818] hid: raw HID events driver (C) Jiri Kosina
[    2.054347] usbcore: registered new interface driver usbhid
[    2.055592] usbhid: USB HID core driver
[    2.057869] GACT probability NOT on
[    2.058739] Mirror/redirect action on
[    2.061187] nf_conntrack_irc: The irc conntrack helper is scheduled for removal.
[    2.061187] Please contact the netfilter-devel mailing list if you still need this.
[    2.066529] ipip: IPv4 and MPLS over IPv4 tunneling driver
[    2.068547] gre: GRE over IPv4 demultiplexer driver
[    2.069633] ip_gre: GRE over IPv4 tunneling driver
[    2.073166] Initializing XFRM netlink socket
[    2.074143] IPsec XFRM device driver
[    2.075042] NET: Registered PF_INET6 protocol family
[    2.078531] Segment Routing with IPv6
[    2.079391] In-situ OAM (IOAM) with IPv6
[    2.080300] mip6: Mobile IPv6
[    2.081028] sit: IPv6, IPv4 and MPLS over IPv4 tunneling driver
[    2.083901] ip6_gre: GRE over IPv6 tunneling driver
[    2.085819] NET: Registered PF_PACKET protocol family
[    2.087045] RPC: Registered rdma transport module.
[    2.088080] RPC: Registered rdma backchannel transport module.
[    2.089692] 8021q: 802.1Q VLAN Support v1.8
[    2.091365] smc: adding smcd device lo without pnetid
[    2.092685] NET: Registered PF_SMC protocol family
[    2.094165] 9pnet: Installing 9P2000 support
[    2.096725] Key type dns_resolver registered
[    2.098139] NET: Registered PF_VSOCK protocol family
[    2.099334] mpls_gso: MPLS GSO support
[    2.103771] IPI shorthand broadcast: enabled
[    2.148788] sched_clock: Marking stable (2125008469, 23643887)->(2250618453, -101966097)
[    2.152585] registered taskstats version 1
[    2.154546] ata2: found unknown device (class 0)
[    2.156812] ata2.00: ATAPI: QEMU DVD-ROM, 2.5+, max UDMA/100
[    2.160502] scsi 1:0:0:0: CD-ROM            QEMU     QEMU DVD-ROM     2.5+ PQ: 0 ANSI: 5
[    2.171002] Loading compiled-in X.509 certificates
[    2.172982] kworker/u32:1 (117) used greatest stack depth: 14152 bytes left
[    2.174223] Loaded X.509 cert 'Build time autogenerated kernel key: c4531344b9a9c1a4731230d977a262ba29ba5272'
[    2.192777] sr 1:0:0:0: [sr0] scsi3-mmc drive: 4x/4x cd/rw xa/form2 tray
[    2.212477] cdrom: Uniform CD-ROM driver Revision: 3.20
[    2.215396] Demotion targets for Node 0: null
[    2.217057] ima: No TPM chip found, activating TPM-bypass!
[    2.218284] ima: Allocated hash algorithm: sha1
[    2.219470] ima: No architecture policies found
[    2.221623] PM:   Magic number: 6:938:1006
[    2.222547] input input3: hash matches
[    2.223683] netconsole: network logging started
[    2.224306] sr 1:0:0:0: Attached scsi CD-ROM sr0
[    2.225340] cfg80211: Loading compiled-in X.509 certificates for regulatory database
[    2.226700] sr 1:0:0:0: Attached scsi generic sg0 type 5
[    2.228614] Loaded X.509 cert 'sforshee: 00b28ddf47aef9cea7'
[    2.230399] Loaded X.509 cert 'wens: 61c038651aabdcf94bd0ac7ff06c7248db18c600'
[    2.232239] faux_driver regulatory: Direct firmware load for regulatory.db failed with error -2
[    2.232886] ALSA device list:
[    2.234263] cfg80211: failed to load regulatory.db
[    2.235018]   No soundcards found.
[    2.467475] input: ImExPS/2 Generic Explorer Mouse as /devices/platform/i8042/serio1/input/input4
[    2.469486] md: Skipping autodetection of RAID arrays. (raid=autodetect will force)
[    2.470731] 9p: Bad value for 'source'
[    2.471332] 9pnet: Limiting 'msize' to 512000 as this is the maximum supported by transport virtio
[    2.474847] VFS: Mounted root (9p filesystem) on device 0:22.
[    2.476455] devtmpfs: mounted
[    2.477147] VFS: Pivoted into new rootfs
[    2.482176] Freeing unused kernel image (initmem) memory: 4668K
[    2.483042] Write protecting the kernel read-only data: 45056k
[    2.485219] Freeing unused kernel image (text/rodata gap) memory: 984K
[    2.486590] Freeing unused kernel image (rodata/data gap) memory: 400K
[    2.523849] x86/mm: Checked W+X mappings: passed, no W+X pages found.
[    2.524740] Run /home/prozak/.local/share/vng-venv/lib/python3.12/site-packages/virtme/guest/bin/virtme-ng-init as init process
[    2.526304]   with arguments:
[    2.526740]     /home/prozak/.local/share/vng-venv/lib/python3.12/site-packages/virtme/guest/bin/virtme-ng-init
[    2.528119]   with environment:
[    2.528554]     HOME=/
[    2.528927]     TERM=linux
[    2.529315]     virtme_hostname=virtme-ng
[    2.529871]     nr_open=1048576
[    2.530304]     virtme_link_mods=/home/prozak/sources/heimdall_experiment/uml-harness/.build/bpf-next-x86/.virtme_mods/lib/modules/0.0.0
[    2.531976]     virtme_rw_overlay0=/tmp
[    2.532502]     virtme_console=ttyS0
[    2.533039]     virtme_chdir=home/prozak/sources/heimdall_experiment/uml-harness/.build/selftests-output-qemu
[    2.604581] virtme-ng-init: mount devtmpfs -> /dev: EBUSY: Device or resource busy
[    2.606302] virtme-ng-init: Setting hostname to virtme-ng...
[    2.639480] virtme-ng-init: running systemd-tmpfiles
[    3.820346] systemd-tmpfile (127) used greatest stack depth: 12504 bytes left
[    3.820441] virtme-ng-init: basic initialization done
[    3.838442] virtme-ng-init: error creating file: Permission denied (os error 13)
[    3.924596] ip (133) used greatest stack depth: 11848 bytes left
[    4.041105] virtme-ng-init: Starting systemd-udevd version 255.4-1ubuntu8.16
[    4.042987] virtme-ng-init: triggering udev coldplug
[    7.111253] virtme-ng-init: waiting for udev to settle
[    7.860733] virtme-ng-init: udev is done
[    7.865229] virtme-ng-init: starting script
[    8.119561] bpf_testmod: loading out-of-tree module taints kernel.
[    8.120500] bpf_testmod: module verification failed: signature and/or required key missing - tainting kernel
[    8.532341] NOTICE: Automounting of tracing to debugfs is deprecated and will be removed in 2030
[   12.905582] smc: removing smcd device lo
[   12.973221] ACPI: PM: Preparing to enter system sleep state S5
[   12.974498] reboot: Power down
