#235/1   missed/perf_kprobe:OK
#235/2   missed/kprobe_recursion:OK
#235/3   missed/tp_recursion:OK
#235     missed:OK
Summary: 1/3 PASSED, 0 SKIPPED, 0 FAILED
ut: 0x0000000001000000
output_len: 0x00000000045c1650
kernel_total_size: 0x0000000004f8d000
needed_size: 0x0000000005000000
trampoline_32bit: 0x0000000000000000
Physical KASLR using RDRAND RDTSC...
Virtual KASLR using RDRAND RDTSC...

Decompressing Linux... Parsing ELF... Performing relocations... done.
Booting the kernel (entry_offset: 0x0000000003db5740).
[    0.000000] Linux version 7.2.0-rc1-g5e2f4aad04e2 (prozak@powertower) (gcc (Ubuntu 13.3.0-6ubuntu2~24.04.1) 13.3.0, GNU ld (GNU Binutils for Ubuntu) 2.42) #3 SMP PREEMPT_DYNAMIC Sun Aug  2 09:03:43 PDT 2026
[    0.000000] Command line: virtme_hostname=virtme-ng nr_open=1048576 virtme_link_mods=/home/prozak/sources/heimdall_experiment/uml-harness/.build/bpf-next-x86/.virtme_mods/lib/modules/0.0.0 virtme_rw_overlay0=/tmp virtme_console=ttyS0 console=ttyS0 earlyprintk=serial,ttyS0,115200 panic=-1 virtme.exec=`bW91bnQgLXQgYnBmIGJwZmZzIC9zeXMvZnMvYnBmIDI+L2Rldi9udWxsOyAuL3Rlc3RfcHJvZ3MgLXQgJ21pc3NlZCc=` virtme_chdir=home/prozak/sources/heimdall_experiment/uml-harness/.build/selftests-output-qemu rootfstype=9p rootflags=version=9p2000.L,trans=virtio,access=any,msize=524288 raid=noautodetect rw debug init=/home/prozak/.local/share/vng-venv/lib/python3.12/site-packages/virtme/guest/bin/virtme-ng-init
[    0.000000] x86 CPU feature dependency check failure: CPU0 has '18*32+31' enabled but '18*32+26' disabled. Kernel might be fine, but no guarantees.
[    0.000000] BIOS-provided physical RAM map:
[    0.000000] BIOS-e820: [mem 0x0000000000000000-0x000000000009fbff]  System RAM
[    0.000000] BIOS-e820: [mem 0x000000000009fc00-0x000000000009ffff]  device reserved
[    0.000000] BIOS-e820: [gap 0x00000000000a0000-0x00000000000effff]
[    0.000000] BIOS-e820: [mem 0x00000000000f0000-0x00000000000fffff]  device reserved
[    0.000000] BIOS-e820: [mem 0x0000000000100000-0x00000000bffdffff]  System RAM
[    0.000000] BIOS-e820: [mem 0x00000000bffe0000-0x00000000bfffffff]  device reserved
[    0.000000] BIOS-e820: [gap 0x00000000c0000000-0x00000000feffbfff]
[    0.000000] BIOS-e820: [mem 0x00000000feffc000-0x00000000feffffff]  device reserved
[    0.000000] BIOS-e820: [gap 0x00000000ff000000-0x00000000fffbffff]
[    0.000000] BIOS-e820: [mem 0x00000000fffc0000-0x00000000ffffffff]  device reserved
[    0.000000] BIOS-e820: [mem 0x0000000100000000-0x000000013fffffff]  System RAM
[    0.000000] BIOS-e820: [gap 0x0000000140000000-0x000000fcffffffff]
[    0.000000] BIOS-e820: [mem 0x000000fd00000000-0x000000ffffffffff]  device reserved
[    0.000000] printk: legacy bootconsole [earlyser0] enabled
[    0.000000] NX (Execute Disable) protection: active
[    0.000000] APIC: Static calls initialized
[    0.000000] DMI: SMBIOS 3.0.0 present.
[    0.000000] DMI: QEMU Ubuntu 24.04 PC v2 (i440FX + PIIX, arch_caps fix, 1996), BIOS 1.16.3-debian-1.16.3-2 04/01/2014
[    0.000000] DMI: Memory slots populated: 1/1
[    0.000000] Hypervisor detected: KVM
[    0.000000] last_pfn = 0xbffe0 max_arch_pfn = 0x400000000
[    0.000000] kvm-clock: Using msrs 4b564d01 and 4b564d00
[    0.000001] kvm-clock: using sched offset of 445215547 cycles
[    0.000920] clocksource: kvm-clock: mask: 0xffffffffffffffff max_cycles: 0x1cd42e4dffb, max_idle_ns: 881590591483 ns
[    0.003785] tsc: Detected 3400.030 MHz processor
[    0.004932] e820: update [mem 0x00000000-0x00000fff] System RAM ==> device reserved
[    0.006274] e820: remove [mem 0x000a0000-0x000fffff] System RAM
[    0.007303] last_pfn = 0x140000 max_arch_pfn = 0x400000000
[    0.008361] MTRR map: 4 entries (3 fixed + 1 variable; max 19), built from 8 variable MTRRs
[    0.009831] x86/PAT: Configuration [0-7]: WB  WC  UC- UC  WB  WP  UC- WT  
Memory KASLR using RDRAND RDTSC...
[    0.011713] last_pfn = 0xbffe0 max_arch_pfn = 0x400000000
[    0.013847] found SMP MP-table at [mem 0x000f5450-0x000f545f]
[    0.014859] Using GB pages for direct mapping
[    0.015770] ACPI: Early table checksum verification disabled
[    0.016756] ACPI: RSDP 0x00000000000F5240 000014 (v00 BOCHS )
[    0.017818] ACPI: RSDT 0x00000000BFFE1F16 000034 (v01 BOCHS  BXPC     00000001 BXPC 00000001)
[    0.019299] ACPI: FACP 0x00000000BFFE1D92 000074 (v01 BOCHS  BXPC     00000001 BXPC 00000001)
[    0.020839] ACPI: DSDT 0x00000000BFFE0040 001D52 (v01 BOCHS  BXPC     00000001 BXPC 00000001)
[    0.022348] ACPI: FACS 0x00000000BFFE0000 000040
[    0.023156] ACPI: APIC 0x00000000BFFE1E06 0000B0 (v03 BOCHS  BXPC     00000001 BXPC 00000001)
[    0.024688] ACPI: HPET 0x00000000BFFE1EB6 000038 (v01 BOCHS  BXPC     00000001 BXPC 00000001)
[    0.026187] ACPI: WAET 0x00000000BFFE1EEE 000028 (v01 BOCHS  BXPC     00000001 BXPC 00000001)
[    0.027682] ACPI: Reserving FACP table memory at [mem 0xbffe1d92-0xbffe1e05]
[    0.028888] ACPI: Reserving DSDT table memory at [mem 0xbffe0040-0xbffe1d91]
[    0.030115] ACPI: Reserving FACS table memory at [mem 0xbffe0000-0xbffe003f]
[    0.031350] ACPI: Reserving APIC table memory at [mem 0xbffe1e06-0xbffe1eb5]
[    0.032579] ACPI: Reserving HPET table memory at [mem 0xbffe1eb6-0xbffe1eed]
[    0.033861] ACPI: Reserving WAET table memory at [mem 0xbffe1eee-0xbffe1f15]
[    0.035601] No NUMA configuration found
[    0.036302] Faking a node at [mem 0x0000000000000000-0x000000013fffffff]
[    0.037466] NODE_DATA(0) allocated [mem 0x13fff9c80-0x13fffdfff]
[    0.039328] ACPI: PM-Timer IO Port: 0x608
[    0.040053] ACPI: LAPIC_NMI (acpi_id[0xff] dfl dfl lint[0x1])
[    0.041084] IOAPIC[0]: apic_id 0, version 17, address 0xfec00000, GSI 0-23
[    0.042284] ACPI: INT_SRC_OVR (bus 0 bus_irq 0 global_irq 2 dfl dfl)
[    0.043386] ACPI: INT_SRC_OVR (bus 0 bus_irq 5 global_irq 5 high level)
[    0.044551] ACPI: INT_SRC_OVR (bus 0 bus_irq 9 global_irq 9 high level)
[    0.045701] ACPI: INT_SRC_OVR (bus 0 bus_irq 10 global_irq 10 high level)
[    0.046923] ACPI: INT_SRC_OVR (bus 0 bus_irq 11 global_irq 11 high level)
[    0.048122] ACPI: Using ACPI (MADT) for SMP configuration information
[    0.049229] ACPI: HPET id: 0x8086a201 base: 0xfed00000
[    0.050130] TSC deadline timer available
[    0.050803] CPU topo: Max. logical packages:   1
[    0.051647] CPU topo: Max. logical nodes:      1
[    0.052507] CPU topo: Num. nodes per package:  1
[    0.053308] CPU topo: Max. logical dies:       1
[    0.054115] CPU topo: Max. dies per package:   1
[    0.054941] CPU topo: Max. threads per core:   1
[    0.055749] CPU topo: Num. cores per package:     8
[    0.056584] CPU topo: Num. threads per package:   8
[    0.057433] CPU topo: Allowing 8 present CPUs plus 0 hotplug CPUs
[    0.058519] kvm-guest: APIC: eoi() replaced with kvm_guest_apic_eoi_write()
[    0.059796] kvm-guest: KVM setup pv remote TLB flush
[    0.060655] kvm-guest: setup PV sched yield
[    0.061380] PM: hibernation: Registered nosave memory: [mem 0x00000000-0x00000fff]
[    0.062713] PM: hibernation: Registered nosave memory: [mem 0x0009f000-0x000fffff]
[    0.064066] PM: hibernation: Registered nosave memory: [mem 0xbffe0000-0xffffffff]
[    0.065368] [gap 0xc0000000-0xfeffbfff] available for PCI devices
[    0.066449] Booting paravirtualized kernel on KVM
[    0.067294] clocksource: refined-jiffies: mask: 0xffffffff max_cycles: 0xffffffff, max_idle_ns: 1910969940391419 ns
[    0.073716] Zone ranges:
[    0.074183]   DMA      [mem 0x0000000000001000-0x0000000000ffffff]
[    0.075266]   DMA32    [mem 0x0000000001000000-0x00000000ffffffff]
[    0.076367]   Normal   [mem 0x0000000100000000-0x000000013fffffff]
[    0.077465] Movable zone start for each node
[    0.078222] Early memory node ranges
[    0.078853]   node   0: [mem 0x0000000000001000-0x000000000009efff]
[    0.079954]   node   0: [mem 0x0000000000100000-0x00000000bffdffff]
[    0.081079]   node   0: [mem 0x0000000100000000-0x000000013fffffff]
[    0.082176] Initmem setup node 0 [mem 0x0000000000001000-0x000000013fffffff]
[    0.083445] On node 0, zone DMA: 1 pages in unavailable ranges
[    0.085039] On node 0, zone DMA: 97 pages in unavailable ranges
[    0.187696] On node 0, zone Normal: 32 pages in unavailable ranges
[    0.188848] setup_percpu: NR_CPUS:128 nr_cpumask_bits:8 nr_cpu_ids:8 nr_node_ids:1
[    0.193336] percpu: Embedded 58 pages/cpu s199696 r8192 d29680 u262144
[    0.194491] pcpu-alloc: s199696 r8192 d29680 u262144 alloc=1*2097152
[    0.195627] pcpu-alloc: [0] 0 1 2 3 4 5 6 7 
[    0.196436] Kernel command line: virtme_hostname=virtme-ng nr_open=1048576 virtme_link_mods=/home/prozak/sources/heimdall_experiment/uml-harness/.build/bpf-next-x86/.virtme_mods/lib/modules/0.0.0 virtme_rw_overlay0=/tmp virtme_console=ttyS0 console=ttyS0 earlyprintk=serial,ttyS0,115200 panic=-1 virtme.exec=`bW91bnQgLXQgYnBmIGJwZmZzIC9zeXMvZnMvYnBmIDI+L2Rldi9udWxsOyAuL3Rlc3RfcHJvZ3MgLXQgJ21pc3NlZCc=` virtme_chdir=home/prozak/sources/heimdall_experiment/uml-harness/.build/selftests-output-qemu rootfstype=9p rootflags=version=9p2000.L,trans=virtio,access=any,msize=524288 raid=noautodetect rw debug init=/home/prozak/.local/share/vng-venv/lib/python3.12/site-packages/virtme/guest/bin/virtme-ng-init
[    0.207283] Unknown kernel command line parameters "virtme_hostname=virtme-ng nr_open=1048576 virtme_link_mods=/home/prozak/sources/heimdall_experiment/uml-harness/.build/bpf-next-x86/.virtme_mods/lib/modules/0.0.0 virtme_rw_overlay0=/tmp virtme_console=ttyS0 virtme_chdir=home/prozak/sources/heimdall_experiment/uml-harness/.build/selftests-output-qemu", will be passed to user space.
[    0.213375] random: crng init done
[    0.213963] printk: log buffer data + meta data: 2097152 + 7340032 = 9437184 bytes
[    0.221509] Dentry cache hash table entries: 524288 (order: 10, 4194304 bytes, linear)
[    0.226299] Inode-cache hash table entries: 262144 (order: 9, 2097152 bytes, linear)
[    0.227849] software IO TLB: area num 8.
[    0.335090] Fallback order for Node 0: 0 
[    0.335097] Built 1 zonelists, mobility grouping on.  Total pages: 1048446
[    0.337177] Policy zone: Normal
[    0.337759] mem auto-init: stack:all(zero), heap alloc:off, heap free:off
[    0.343970] SLUB: HWalign=64, Order=0-3, MinObjects=0, CPUs=8, Nodes=1
Poking KASLR using RDRAND RDTSC...
[    0.359238] ftrace: allocating 69757 entries in 274 pages
[    0.360218] ftrace: allocated 274 pages with 3 groups
[    0.361542] Dynamic Preempt: full
[    0.362365] Running RCU self tests
[    0.362988] Running RCU synchronous self tests
[    0.363755] rcu: Preemptible hierarchical RCU implementation.
[    0.364764] rcu: 	RCU event tracing is enabled.
[    0.365561] rcu: 	RCU lockdep checking is enabled.
[    0.366387] rcu: 	RCU restricting CPUs from NR_CPUS=128 to nr_cpu_ids=8.
[    0.367649] 	Trampoline variant of Tasks RCU enabled.
[    0.368571] 	Rude variant of Tasks RCU enabled.
[    0.369360] 	Tracing variant of Tasks RCU enabled.
[    0.370200] rcu: RCU calculated value of scheduler-enlistment delay is 100 jiffies.
[    0.371578] rcu: Adjusting geometry for rcu_fanout_leaf=16, nr_cpu_ids=8
[    0.372845] Running RCU synchronous self tests
[    0.373616] RCU Tasks: Setting shift to 3 and lim to 1 rcu_task_cb_adjust=1 rcu_task_cpu_ids=8.
[    0.375191] RCU Tasks Rude: Setting shift to 3 and lim to 1 rcu_task_cb_adjust=1 rcu_task_cpu_ids=8.
[    0.382172] NR_IRQS: 8448, nr_irqs: 488, preallocated irqs: 16
[    0.383597] rcu: srcu_init: Setting srcu_struct sizes based on contention.
[    0.384878] clocksource: jiffies: mask: 0xffffffff max_cycles: 0xffffffff, max_idle_ns: 1911260446275000 ns
[    0.386959] Console: colour *CGA 80x25
[    0.387703] printk: legacy console [ttyS0] enabled
[    0.387703] printk: legacy console [ttyS0] enabled
[    0.389485] printk: legacy bootconsole [earlyser0] disabled
[    0.389485] printk: legacy bootconsole [earlyser0] disabled
[    0.391566] Lock dependency validator: Copyright (c) 2006 Red Hat, Inc., Ingo Molnar
[    0.392997] ... MAX_LOCKDEP_SUBCLASSES:  8
[    0.393770] ... MAX_LOCK_DEPTH:          48
[    0.394558] ... MAX_LOCKDEP_KEYS:        8192
[    0.395405] ... CLASSHASH_SIZE:          4096
[    0.396217] ... MAX_LOCKDEP_ENTRIES:     32768
[    0.397055] ... MAX_LOCKDEP_CHAINS:      65536
[    0.397875] ... CHAINHASH_SIZE:          32768
[    0.398732]  memory used by lock dependency info: 6429 kB
[    0.399793]  memory used for stack traces: 4224 kB
[    0.400690]  per task-struct memory footprint: 1920 bytes
[    0.401767] ACPI: Core revision 20260408
[    0.402741] clocksource: hpet: mask: 0xffffffff max_cycles: 0xffffffff, max_idle_ns: 19112604467 ns
[    0.404646] APIC: Switch to symmetric I/O mode setup
[    0.406066] x2apic enabled
[    0.407169] APIC: Switched APIC routing to: physical x2apic
[    0.408303] kvm-guest: APIC: send_IPI_mask() replaced with kvm_send_ipi_mask()
[    0.409766] kvm-guest: APIC: send_IPI_mask_allbutself() replaced with kvm_send_ipi_mask_allbutself()
[    0.411641] kvm-guest: setup PV IPIs
[    0.414432] ..TIMER: vector=0x30 apic1=0 pin1=2 apic2=-1 pin2=-1
[    0.415692] clocksource: tsc-early: mask: 0xffffffffffffffff max_cycles: 0x31026ae6579, max_idle_ns: 440795296168 ns
[    0.417703] Calibrating delay loop (skipped) preset value.. 6800.06 BogoMIPS (lpj=3400030)
[    0.420404] x86/cpu: User Mode Instruction Prevention (UMIP) activated
[    0.421155] Last level iTLB entries: 4KB 512, 2MB 255, 4MB 127
[    0.421700] Last level dTLB entries: 4KB 512, 2MB 255, 4MB 127, 1GB 0
[    0.422707] mitigations: Enabled attack vectors: user_kernel, user_user, SMT mitigations: auto
[    0.423700] Speculative Store Bypass: Mitigation: Speculative Store Bypass disabled via prctl
[    0.424700] Speculative Return Stack Overflow: IBPB-extending microcode not applied!
[    0.425700] Speculative Return Stack Overflow: WARNING: See https://kernel.org/doc/html/latest/admin-guide/hw-vuln/srso.html for mitigation options.
[    0.425701] Transient Scheduler Attacks: Vulnerable: No microcode
[    0.427700] Spectre V2 : Mitigation: Retpolines
[    0.428700] Speculative Return Stack Overflow: Vulnerable: Safe RET, no microcode
[    0.429700] Spectre V1 : Mitigation: usercopy/swapgs barriers and __user pointer sanitization
[    0.430700] Spectre V2 : Spectre v2 / SpectreRSB: Filling RSB on context switch and VMEXIT
[    0.431700] Spectre V2 : Enabling Restricted Speculation for firmware calls
[    0.432702] Spectre V2 : mitigation: Enabling conditional Indirect Branch Prediction Barrier
[    0.433700] active return thunk: srso_alias_return_thunk
[    0.434748] x86/fpu: Supporting XSAVE feature 0x001: 'x87 floating point registers'
[    0.435699] x86/fpu: Supporting XSAVE feature 0x002: 'SSE registers'
[    0.436700] x86/fpu: Supporting XSAVE feature 0x004: 'AVX registers'
[    0.437700] x86/fpu: xstate_offset[2]:  576, xstate_sizes[2]:  256
[    0.438700] x86/fpu: Enabled xstate features 0x7, context size is 832 bytes, using 'compacted' format.
[    0.474951] pid_max: default: 32768 minimum: 301
[    0.475926] SELinux:  Initializing.
[    0.478199] LSM support for eBPF active
[    0.478997] Mount-cache hash table entries: 8192 (order: 4, 65536 bytes, linear)
[    0.479828] Mountpoint-cache hash table entries: 8192 (order: 4, 65536 bytes, linear)
[    0.482027] VFS: Finished mounting rootfs on nullfs
[    0.484442] Running RCU synchronous self tests
[    0.484702] Running RCU synchronous self tests
[    0.486926] smpboot: CPU0: AMD Ryzen 9 5950X 16-Core Processor (family: 0x19, model: 0x21, stepping: 0x2)
[    0.489046] Performance Events: Fam17h+ core perfctr, AMD PMU driver.
[    0.489728] ... version:                   0
[    0.490610] ... bit width:                 48
[    0.490706] ... generic counters:          6
[    0.491600] ... generic bitmap:            000000000000003f
[    0.491707] ... fixed-purpose counters:    0
[    0.492599] ... fixed-purpose bitmap:      0000000000000000
[    0.492706] ... value mask:                0000ffffffffffff
[    0.493706] ... max period:                00007fffffffffff
[    0.494707] ... global_ctrl mask:          000000000000003f
[    0.496042] signal: max sigframe size: 1776
[    0.496883] rcu: Hierarchical SRCU implementation.
[    0.497709] rcu: 	Max phase no-delay instances is 400.
[    0.499003] Timer migration: 1 hierarchy levels; 8 children per group; 1 crossnode level
[    0.512723] smp: Bringing up secondary CPUs ...
[    0.518160] smpboot: x86: Booting SMP configuration:
[    0.518716] .... node  #0, CPUs:      #1 #2 #3 #4 #5 #6 #7
[    0.552133] smp: Brought up 1 node, 8 CPUs
[    0.554624] smpboot: Total of 8 processors activated (54400.48 BogoMIPS)
[    0.556449] Memory: 3963788K/4193784K available (25637K kernel code, 10348K rwdata, 18032K rodata, 4668K init, 13400K bss, 221944K reserved, 0K cma-reserved)
[    0.558964] devtmpfs: initialized
[    0.563182] Running RCU synchronous self tests
[    0.563728] Running RCU synchronous self tests
[    0.564877] Running RCU Tasks wait API self tests
[    0.565761] Running RCU Tasks Rude wait API self tests
[    0.566709] Running RCU Tasks Trace wait API self tests
[    0.567824] posixtimers hash table entries: 4096 (order: 7, 294912 bytes, linear)
[    0.569927] futex hash table entries: 2048 (262144 bytes on 1 NUMA nodes, total 256 KiB, linear).
[    0.571707] PM: RTC time: 14:01:03, date: 2026-08-04
[    0.572737] Callback from call_rcu_tasks_trace() invoked.
[    0.579122] NET: Registered PF_NETLINK/PF_ROUTE protocol family
[    0.580767] audit: initializing netlink subsys (disabled)
[    0.581799] audit: type=2000 audit(1785852063.469:1): state=initialized audit_enabled=0 res=1
[    0.604562] thermal_sys: Registered thermal governor 'step_wise'
[    0.604634] cpuidle: using governor ladder
[    0.605604] cpuidle: using governor menu
[    0.606924] Freeing SMP alternatives memory: 68K
[    0.608567] PCI: Using configuration type 1 for base access
[    0.608708] PCI: Using configuration type 1 for extended access
[    0.609868] kprobes: kprobe jump-optimization is enabled. All kprobes are optimized if possible.
[    0.611862] HugeTLB: registered 1.00 GiB page size, pre-allocated 0 pages
[    0.612708] HugeTLB: 16380 KiB vmemmap can be freed for a 1.00 GiB page
[    0.613708] HugeTLB: registered 2.00 MiB page size, pre-allocated 0 pages
[    0.614707] HugeTLB: 28 KiB vmemmap can be freed for a 2.00 MiB page
[    0.620617] ACPI: Added _OSI(Module Device)
[    0.620709] ACPI: Added _OSI(Processor Device)
[    0.621683] ACPI: Added _OSI(Processor Aggregator Device)
[    0.625373] ACPI: 1 ACPI AML tables successfully acquired and loaded
[    0.628751] ACPI: \_SB_: platform _OSC: OS support mask [002a7eee]
[    0.630437] ACPI: Interpreter enabled
[    0.630777] ACPI: PM: (supports S0 S3 S4 S5)
[    0.631723] ACPI: Using IOAPIC for interrupt routing
[    0.632765] PCI: Using host bridge windows from ACPI; if necessary, use "pci=nocrs" and report a bug
[    0.633706] PCI: Using E820 reservations for host bridge windows
[    0.635091] ACPI: Enabled 2 GPEs in block 00 to 0F
[    0.651611] ACPI: PCI Root Bridge [PCI0] (domain 0000 [bus 00-ff])
[    0.651714] acpi PNP0A03:00: _OSC: OS supports [ExtendedConfig ASPM ClockPM Segments MSI HPX-Type3]
[    0.652720] acpi PNP0A03:00: _OSC: OS requested [PME PCIeCapability LTR]
[    0.653707] acpi PNP0A03:00: _OSC: platform willing to grant [PME PCIeCapability LTR]
[    0.654708] acpi PNP0A03:00: _OSC: platform retains control of PCIe features (AE_ERROR)
[    0.656516] PCI host bridge to bus 0000:00
[    0.656717] pci_bus 0000:00: root bus resource [io  0x0000-0x0cf7 window]
[    0.657708] pci_bus 0000:00: root bus resource [io  0x0d00-0xffff window]
[    0.658709] pci_bus 0000:00: root bus resource [mem 0x000a0000-0x000bffff window]
[    0.659709] pci_bus 0000:00: root bus resource [mem 0xc0000000-0xfebfffff window]
[    0.660721] pci_bus 0000:00: root bus resource [mem 0x380000000000-0x38007fffffff window]
[    0.661709] pci_bus 0000:00: root bus resource [bus 00-ff]
[    0.663112] pci 0000:00:00.0: [8086:1237] type 00 class 0x060000 conventional PCI endpoint
[    0.665319] pci 0000:00:01.0: [8086:7000] type 00 class 0x060100 conventional PCI endpoint
[    0.667117] pci 0000:00:01.1: [8086:7010] type 00 class 0x010180 conventional PCI endpoint
[    0.668610] pci 0000:00:01.1: BAR 4 [io  0xc1c0-0xc1cf]
[    0.668800] pci 0000:00:01.1: BAR 0 [io  0x01f0-0x01f7]: legacy IDE quirk
[    0.669708] pci 0000:00:01.1: BAR 1 [io  0x03f6]: legacy IDE quirk
[    0.670708] pci 0000:00:01.1: BAR 2 [io  0x0170-0x0177]: legacy IDE quirk
[    0.671708] pci 0000:00:01.1: BAR 3 [io  0x0376]: legacy IDE quirk
[    0.673471] pci 0000:00:01.3: [8086:7113] type 00 class 0x068000 conventional PCI endpoint
[    0.674417] pci 0000:00:01.3: quirk: [io  0x0600-0x063f] claimed by PIIX4 ACPI
[    0.674724] pci 0000:00:01.3: quirk: [io  0x0700-0x070f] claimed by PIIX4 SMB
[    0.676706] pci 0000:00:02.0: [1af4:1009] type 00 class 0x000200 conventional PCI endpoint
[    0.679391] pci 0000:00:02.0: BAR 0 [io  0xc000-0xc03f]
[    0.679723] pci 0000:00:02.0: BAR 1 [mem 0xfebf8000-0xfebf8fff]
[    0.680769] pci 0000:00:02.0: BAR 4 [mem 0x380000000000-0x380000003fff 64bit pref]
[    0.684840] pci 0000:00:03.0: [8086:25ab] type 00 class 0x088000 conventional PCI endpoint
[    0.686686] pci 0000:00:03.0: BAR 0 [mem 0xfebf9000-0xfebf900f]
[    0.689315] pci 0000:00:04.0: [1af4:1003] type 00 class 0x078000 conventional PCI endpoint
[    0.691151] pci 0000:00:04.0: BAR 0 [io  0xc040-0xc07f]
[    0.691725] pci 0000:00:04.0: BAR 1 [mem 0xfebfa000-0xfebfafff]
[    0.692770] pci 0000:00:04.0: BAR 4 [mem 0x380000004000-0x380000007fff 64bit pref]
[    0.697025] pci 0000:00:05.0: [1af4:1003] type 00 class 0x078000 conventional PCI endpoint
[    0.698726] pci 0000:00:05.0: BAR 0 [io  0xc080-0xc0bf]
[    0.699722] pci 0000:00:05.0: BAR 1 [mem 0xfebfb000-0xfebfbfff]
[    0.700768] pci 0000:00:05.0: BAR 4 [mem 0x380000008000-0x38000000bfff 64bit pref]
[    0.705021] pci 0000:00:06.0: [1af4:1003] type 00 class 0x078000 conventional PCI endpoint
[    0.706724] pci 0000:00:06.0: BAR 0 [io  0xc0c0-0xc0ff]
[    0.707725] pci 0000:00:06.0: BAR 1 [mem 0xfebfc000-0xfebfcfff]
[    0.708769] pci 0000:00:06.0: BAR 4 [mem 0x38000000c000-0x38000000ffff 64bit pref]
[    0.713039] pci 0000:00:07.0: [1af4:1003] type 00 class 0x078000 conventional PCI endpoint
[    0.714722] pci 0000:00:07.0: BAR 0 [io  0xc100-0xc13f]
[    0.715725] pci 0000:00:07.0: BAR 1 [mem 0xfebfd000-0xfebfdfff]
[    0.716768] pci 0000:00:07.0: BAR 4 [mem 0x380000010000-0x380000013fff 64bit pref]
[    0.721182] pci 0000:00:08.0: [1af4:1003] type 00 class 0x078000 conventional PCI endpoint
[    0.722677] pci 0000:00:08.0: BAR 0 [io  0xc140-0xc17f]
[    0.722724] pci 0000:00:08.0: BAR 1 [mem 0xfebfe000-0xfebfefff]
[    0.723784] pci 0000:00:08.0: BAR 4 [mem 0x380000014000-0x380000017fff 64bit pref]
[    0.728020] pci 0000:00:09.0: [1af4:1003] type 00 class 0x078000 conventional PCI endpoint
[    0.729724] pci 0000:00:09.0: BAR 0 [io  0xc180-0xc1bf]
[    0.730723] pci 0000:00:09.0: BAR 1 [mem 0xfebff000-0xfebfffff]
[    0.731768] pci 0000:00:09.0: BAR 4 [mem 0x380000018000-0x38000001bfff 64bit pref]
[    0.741146] ACPI: PCI: Interrupt link LNKA configured for IRQ 10
[    0.741965] ACPI: PCI: Interrupt link LNKB configured for IRQ 10
[    0.742989] ACPI: PCI: Interrupt link LNKC configured for IRQ 11
[    0.743999] ACPI: PCI: Interrupt link LNKD configured for IRQ 11
[    0.744831] ACPI: PCI: Interrupt link LNKS configured for IRQ 9
[    0.747735] iommu: Default domain type: Translated
[    0.748708] iommu: DMA domain TLB invalidation policy: lazy mode
[    0.751168] SCSI subsystem initialized
[    0.751780] libata version 3.00 loaded.
[    0.752873] ACPI: bus type USB registered
[    0.753833] usbcore: registered new interface driver usbfs
[    0.754781] usbcore: registered new interface driver hub
[    0.755746] usbcore: registered new device driver usb
[    0.756895] pps_core: LinuxPPS API ver. 1 registered
[    0.757707] pps_core: Software ver. 5.3.6 - Copyright 2005-2007 Rodolfo Giometti <giometti@linux.it>
[    0.758734] PTP clock support registered
[    0.760196] Advanced Linux Sound Architecture Driver Initialized.
[    0.762012] NetLabel: Initializing
[    0.762707] NetLabel:  domain hash size = 128
[    0.763669] NetLabel:  protocols = UNLABELED CIPSOv4 CALIPSO
[    0.763755] NetLabel:  unlabeled traffic allowed by default
[    0.765084] PCI: Using ACPI for IRQ routing
[    0.765706] PCI: pci_cache_line_size set to 64 bytes
[    0.767090] e820: register RAM buffer resource [mem 0x0009fc00-0x0009ffff]
[    0.767708] e820: register RAM buffer resource [mem 0xbffe0000-0xbfffffff]
[    0.768817] vgaarb: loaded
[    0.769493] hpet0: at MMIO 0xfed00000, IRQs 2, 8, 0
[    0.770707] hpet0: 3 comparators, 64-bit 100.000000 MHz counter
[    0.771710] Callback from call_rcu_tasks() invoked.
[    0.774319] clocksource: Switched to clocksource kvm-clock
[    0.776220] VFS: Disk quotas dquot_6.6.0
[    0.777170] VFS: Dquot-cache hash table entries: 512 (4096 bytes)
[    0.779442] pnp: PnP ACPI init
[    0.780799] pnp 00:02: [dma 2]
[    0.782505] pnp: PnP ACPI: found 4 devices
[    0.800803] clocksource: acpi_pm: mask: 0xffffff max_cycles: 0xffffff, max_idle_ns: 2085701024 ns
[    0.803039] NET: Registered PF_INET protocol family
[    0.805528] IP idents hash table entries: 65536 (order: 7, 524288 bytes, linear)
[    0.809555] tcp_listen_portaddr_hash hash table entries: 2048 (order: 6, 147456 bytes, linear)
[    0.811862] Table-perturb hash table entries: 65536 (order: 6, 262144 bytes, linear)
[    0.813556] TCP established hash table entries: 32768 (order: 6, 262144 bytes, linear)
[    0.815890] TCP bind hash table entries: 32768 (order: 11, 4718592 bytes, vmalloc hugepage)
[    0.828330] TCP: Hash tables configured (established 32768 bind 32768)
[    0.831398] MPTCP token hash table entries: 4096 (order: 7, 360448 bytes, linear)
[    0.833199] UDP hash table entries: 2048 (order: 7, 524288 bytes, linear)
[    0.836043] NET: Registered PF_UNIX/PF_LOCAL protocol family
[    0.838264] RPC: Registered named UNIX socket transport module.
[    0.839670] RPC: Registered udp transport module.
[    0.840712] RPC: Registered tcp transport module.
[    0.841803] RPC: Registered tcp-with-tls transport module.
[    0.842976] RPC: Registered tcp NFSv4.1 backchannel transport module.
[    0.845332] NET: Registered PF_XDP protocol family
[    0.846650] pci_bus 0000:00: resource 4 [io  0x0000-0x0cf7 window]
[    0.848214] pci_bus 0000:00: resource 5 [io  0x0d00-0xffff window]
[    0.849563] pci_bus 0000:00: resource 6 [mem 0x000a0000-0x000bffff window]
[    0.851050] pci_bus 0000:00: resource 7 [mem 0xc0000000-0xfebfffff window]
[    0.852571] pci_bus 0000:00: resource 8 [mem 0x380000000000-0x38007fffffff window]
[    0.854356] pci 0000:00:01.0: PIIX3: Enabling Passive Release
[    0.855649] pci 0000:00:00.0: Limiting direct PCI/PCI transfers
[    0.857183] PCI: CLS 0 bytes, default 64
[    0.858193] PCI-DMA: Using software bounce buffering for IO (SWIOTLB)
[    0.859673] software IO TLB: mapped [mem 0x00000000bbfe0000-0x00000000bffe0000] (64MB)
[    0.862491] clocksource: tsc: mask: 0xffffffffffffffff max_cycles: 0x31026ae6579, max_idle_ns: 440795296168 ns
[    0.873275] Initialise system trusted keyrings
[    0.874672] workingset: timestamp_bits=40 (anon: 35) max_order=20 bucket_order=0 (anon: 0)
[    0.877629] squashfs: version 4.0 (2009/01/31) Phillip Lougher
[    0.879627] NFS: Registering the id_resolver key type
[    0.880917] Key type id_resolver registered
[    0.881921] Key type id_legacy registered
[    0.882794] nfs4filelayout_init: NFSv4 File Layout Driver Registering...
[    0.884271] nfs4flexfilelayout_init: NFSv4 Flexfile Layout Driver Registering...
[    0.886074] fuse: init (API version 7.45)
[    0.887265] 9p: Installing v9fs 9p2000 file system support
[    0.890351] NET: Registered PF_ALG protocol family
[    0.891455] Key type asymmetric registered
[    0.892361] Asymmetric key parser 'x509' registered
[    0.893538] Block layer SCSI generic (bsg) driver version 0.4 loaded (major 248)
[    0.895665] io scheduler mq-deadline registered
[    0.896899] io scheduler kyber registered
[    0.899306] input: Power Button as /devices/platform/LNXPWRBN:00/input/input0
[    0.901171] ACPI: button: Power Button [PWRF]
[    1.030085] ACPI: \_SB_.LNKB: Enabled at IRQ 10
[    1.154227] ACPI: \_SB_.LNKD: Enabled at IRQ 11
[    1.279252] ACPI: \_SB_.LNKA: Enabled at IRQ 10
[    1.418561] kwatchdog (99) used greatest stack depth: 14776 bytes left
[    1.531151] ACPI: \_SB_.LNKC: Enabled at IRQ 11
[    1.783368] Serial: 8250/16550 driver, 4 ports, IRQ sharing enabled
[    1.785990] 00:03: ttyS0 at I/O 0x3f8 (irq = 4, base_baud = 115200) is a 16550A
[    1.944656] Non-volatile memory driver v1.3
[    1.946548] ACPI: bus type drm_connector registered
[    1.968082] brd: module loaded
[    1.981569] loop: module loaded
[    1.986896] scsi host0: ata_piix
[    1.988669] scsi host1: ata_piix
[    1.989804] ata1: PATA max MWDMA2 cmd 0x1f0 ctl 0x3f6 bmdma 0xc1c0 irq 14 lpm-pol 0
[    1.991474] ata2: PATA max MWDMA2 cmd 0x170 ctl 0x376 bmdma 0xc1c8 irq 15 lpm-pol 0
[    1.997234] tun: Universal TUN/TAP device driver, 1.6
[    1.998798] e100: Intel(R) PRO/100 Network Driver
[    1.999838] e100: Copyright(c) 1999-2006 Intel Corporation
[    2.001101] e1000: Intel(R) PRO/1000 Network Driver
[    2.002148] e1000: Copyright (c) 1999-2006 Intel Corporation.
[    2.003511] e1000e: Intel(R) PRO/1000 Network Driver
[    2.004595] e1000e: Copyright(c) 1999 - 2015 Intel Corporation.
[    2.005988] sky2: driver version 1.30
[    2.007974] usbcore: registered new interface driver usblp
[    2.009263] usbcore: registered new interface driver usb-storage
[    2.010679] i8042: PNP: PS/2 Controller [PNP0303:KBD,PNP0f13:MOU] at 0x60,0x64 irq 1,12
[    2.013913] serio: i8042 KBD port at 0x60,0x64 irq 1
[    2.015398] serio: i8042 AUX port at 0x60,0x64 irq 12
[    2.017571] rtc_cmos PNP0B00:00: RTC can wake from S4
[    2.021167] input: AT Translated Set 2 keyboard as /devices/platform/i8042/serio0/input/input1
[    2.023744] rtc_cmos PNP0B00:00: registered as rtc0
[    2.025450] rtc_cmos PNP0B00:00: alarms up to one day, y3k, 242 bytes nvram, hpet irqs
[    2.027524] Registered IR keymap rc-empty
[    2.028933] rc rc0: rc-core loopback device as /devices/virtual/rc/rc0
[    2.031495] rc rc0: lirc_dev: driver rc-loopback registered at minor = 0, raw IR receiver, raw IR transmitter
[    2.035378] input: rc-core loopback device as /devices/virtual/rc/rc0/input2
[    2.038027] intel_powerclamp: CPU does not support MWAIT
[    2.039210] device-mapper: core: CONFIG_IMA_DISABLE_HTABLE is disabled. Duplicate IMA measurements will not be recorded in the IMA log.
[    2.042419] device-mapper: ioctl: 4.50.0-ioctl (2025-04-28) initialised: dm-devel@lists.linux.dev
[    2.044377] amd_pstate: the _CPC object is not present in SBIOS or ACPI disabled
[    2.046815] hid: raw HID events driver (C) Jiri Kosina
[    2.049616] usbcore: registered new interface driver usbhid
[    2.050900] usbhid: USB HID core driver
[    2.052904] GACT probability NOT on
[    2.053746] Mirror/redirect action on
[    2.056067] nf_conntrack_irc: The irc conntrack helper is scheduled for removal.
[    2.056067] Please contact the netfilter-devel mailing list if you still need this.
[    2.061026] ipip: IPv4 and MPLS over IPv4 tunneling driver
[    2.062943] gre: GRE over IPv4 demultiplexer driver
[    2.064055] ip_gre: GRE over IPv4 tunneling driver
[    2.067595] Initializing XFRM netlink socket
[    2.068606] IPsec XFRM device driver
[    2.069549] NET: Registered PF_INET6 protocol family
[    2.073073] Segment Routing with IPv6
[    2.073928] In-situ OAM (IOAM) with IPv6
[    2.074784] mip6: Mobile IPv6
[    2.075510] sit: IPv6, IPv4 and MPLS over IPv4 tunneling driver
[    2.078311] ip6_gre: GRE over IPv6 tunneling driver
[    2.080212] NET: Registered PF_PACKET protocol family
[    2.081461] RPC: Registered rdma transport module.
[    2.082520] RPC: Registered rdma backchannel transport module.
[    2.084189] 8021q: 802.1Q VLAN Support v1.8
[    2.085929] smc: adding smcd device lo without pnetid
[    2.087231] NET: Registered PF_SMC protocol family
[    2.088760] 9pnet: Installing 9P2000 support
[    2.091277] Key type dns_resolver registered
[    2.092529] NET: Registered PF_VSOCK protocol family
[    2.093683] mpls_gso: MPLS GSO support
[    2.098336] IPI shorthand broadcast: enabled
[    2.142745] sched_clock: Marking stable (2116012038, 25819591)->(2245186631, -103355002)
[    2.146353] registered taskstats version 1
[    2.146366] ata2: found unknown device (class 0)
[    2.150041] ata2.00: ATAPI: QEMU DVD-ROM, 2.5+, max UDMA/100
[    2.153895] scsi 1:0:0:0: CD-ROM            QEMU     QEMU DVD-ROM     2.5+ PQ: 0 ANSI: 5
[    2.163622] Loading compiled-in X.509 certificates
[    2.165461] kworker/u32:1 (118) used greatest stack depth: 14152 bytes left
[    2.167110] Loaded X.509 cert 'Build time autogenerated kernel key: c4531344b9a9c1a4731230d977a262ba29ba5272'
[    2.178173] sr 1:0:0:0: [sr0] scsi3-mmc drive: 4x/4x cd/rw xa/form2 tray
[    2.200520] cdrom: Uniform CD-ROM driver Revision: 3.20
[    2.208199] Demotion targets for Node 0: null
[    2.210167] ima: No TPM chip found, activating TPM-bypass!
[    2.211509] ima: Allocated hash algorithm: sha1
[    2.212918] sr 1:0:0:0: Attached scsi CD-ROM sr0
[    2.214101] ima: No architecture policies found
[    2.214902] sr 1:0:0:0: Attached scsi generic sg0 type 5
[    2.217028] PM:   Magic number: 6:757:29
[    2.218066] netconsole: network logging started
[    2.219805] cfg80211: Loading compiled-in X.509 certificates for regulatory database
[    2.222587] Loaded X.509 cert 'sforshee: 00b28ddf47aef9cea7'
[    2.224353] Loaded X.509 cert 'wens: 61c038651aabdcf94bd0ac7ff06c7248db18c600'
[    2.226237] faux_driver regulatory: Direct firmware load for regulatory.db failed with error -2
[    2.227018] ALSA device list:
[    2.228244] cfg80211: failed to load regulatory.db
[    2.228903]   No soundcards found.
[    2.444251] input: ImExPS/2 Generic Explorer Mouse as /devices/platform/i8042/serio1/input/input4
[    2.446243] md: Skipping autodetection of RAID arrays. (raid=autodetect will force)
[    2.447529] 9p: Bad value for 'source'
[    2.448178] 9pnet: Limiting 'msize' to 512000 as this is the maximum supported by transport virtio
[    2.451668] VFS: Mounted root (9p filesystem) on device 0:22.
[    2.453407] devtmpfs: mounted
[    2.454218] VFS: Pivoted into new rootfs
[    2.459539] Freeing unused kernel image (initmem) memory: 4668K
[    2.460462] Write protecting the kernel read-only data: 45056k
[    2.462392] Freeing unused kernel image (text/rodata gap) memory: 984K
[    2.463731] Freeing unused kernel image (rodata/data gap) memory: 400K
[    2.501609] x86/mm: Checked W+X mappings: passed, no W+X pages found.
[    2.502557] Run /home/prozak/.local/share/vng-venv/lib/python3.12/site-packages/virtme/guest/bin/virtme-ng-init as init process
[    2.504141]   with arguments:
[    2.504590]     /home/prozak/.local/share/vng-venv/lib/python3.12/site-packages/virtme/guest/bin/virtme-ng-init
[    2.505956]   with environment:
[    2.506426]     HOME=/
[    2.506771]     TERM=linux
[    2.507183]     virtme_hostname=virtme-ng
[    2.507750]     nr_open=1048576
[    2.508238]     virtme_link_mods=/home/prozak/sources/heimdall_experiment/uml-harness/.build/bpf-next-x86/.virtme_mods/lib/modules/0.0.0
[    2.509879]     virtme_rw_overlay0=/tmp
[    2.510433]     virtme_console=ttyS0
[    2.510958]     virtme_chdir=home/prozak/sources/heimdall_experiment/uml-harness/.build/selftests-output-qemu
[    2.599656] virtme-ng-init: mount devtmpfs -> /dev: EBUSY: Device or resource busy
[    2.601551] virtme-ng-init: Setting hostname to virtme-ng...
[    2.643521] virtme-ng-init: running systemd-tmpfiles
[    3.841154] systemd-tmpfile (127) used greatest stack depth: 12504 bytes left
[    3.841267] virtme-ng-init: basic initialization done
[    3.858750] virtme-ng-init: error creating file: Permission denied (os error 13)
[    3.960304] ip (133) used greatest stack depth: 11848 bytes left
[    4.082673] virtme-ng-init: Starting systemd-udevd version 255.4-1ubuntu8.16
[    4.083953] virtme-ng-init: triggering udev coldplug
[    7.182715] virtme-ng-init: waiting for udev to settle
[    8.028874] virtme-ng-init: udev is done
[    8.033601] virtme-ng-init: starting script
[    8.313919] bpf_testmod: loading out-of-tree module taints kernel.
[    8.314854] bpf_testmod: module verification failed: signature and/or required key missing - tainting kernel
[    8.727469] NOTICE: Automounting of tracing to debugfs is deprecated and will be removed in 2030
[    8.943294] smc: removing smcd device lo
[    9.012257] ACPI: PM: Preparing to enter system sleep state S5
[    9.013472] reboot: Power down
