Failed to load bpf_testmod.ko into the kernel: -8
libbpf: extern (func ksym) 'bpf_kfunc_common_test': not found in kernel or module BTFs
libbpf: failed to load BPF skeleton 'missed_kprobe': -EINVAL
test_missed_perf_kprobe:FAIL:missed_kprobe__open_and_load unexpected error: -22
#235/1   missed/perf_kprobe:FAIL
libbpf: extern (func ksym) 'bpf_kfunc_common_test': not found in kernel or module BTFs
libbpf: failed to load BPF skeleton 'missed_kprobe_recursion': -EINVAL
test_missed_kprobe_recursion:FAIL:missed_kprobe_recursion__open_and_load unexpected error: -22
#235/2   missed/kprobe_recursion:FAIL
#235/3   missed/tp_recursion:OK
#235     missed:FAIL

All error logs:
libbpf: extern (func ksym) 'bpf_kfunc_common_test': not found in kernel or module BTFs
libbpf: failed to load BPF skeleton 'missed_kprobe': -EINVAL
test_missed_perf_kprobe:FAIL:missed_kprobe__open_and_load unexpected error: -22
#235/1   missed/perf_kprobe:FAIL
libbpf: extern (func ksym) 'bpf_kfunc_common_test': not found in kernel or module BTFs
libbpf: failed to load BPF skeleton 'missed_kprobe_recursion': -EINVAL
test_missed_kprobe_recursion:FAIL:missed_kprobe_recursion__open_and_load unexpected error: -22
#235/2   missed/kprobe_recursion:FAIL
#235     missed:FAIL
Summary: 0/1 PASSED, 0 SKIPPED, 1 FAILED
,access=any,msize=524288 raid=noautodetect rw debug init=/home/prozak/.local/share/vng-venv/lib/python3.12/site-packages/virtme/guest/bin/virtme-ng-init
[    0.000000] x86 CPU feature dependency check failure: CPU0 has '18*32+31' enabled but '18*32+26' disabled. Kernel might be fine, but no guarantees.
[    0.000000] BIOS-provided physical RAM map:
[    0.000000] BIOS-e820: [mem 0x0000000000000000-0x000000000009fbff]  System RAM
[    0.000000] BIOS-e820: [mem 0x000000000009fc00-0x000000000009ffff]  device reserved
[    0.000000] BIOS-e820: [gap 0x00000000000a0000-0x00000000000effff]
[    0.000000] BIOS-e820: [mem 0x00000000000f0000-0x00000000000fffff]  device reserved
[    0.000000] BIOS-e820: [mem 0x0000000000100000-0x00000000bffdffff]  System RAM
[    0.000000] BIOS-e820: [mem 0x00000000bffe0000-0x00000000bfffffff]  device reserved
[    0.000000] BIOS-e820: [gap 0x00000000c0000000-0x00000000feffbfff]
[    0.000000] BIOS-e820: [mem 0x00000000feffc000-0x00000000feffffff]  device reserved
[    0.000000] BIOS-e820: [gap 0x00000000ff000000-0x00000000fffbffff]
[    0.000000] BIOS-e820: [mem 0x00000000fffc0000-0x00000000ffffffff]  device reserved
[    0.000000] BIOS-e820: [mem 0x0000000100000000-0x000000013fffffff]  System RAM
[    0.000000] BIOS-e820: [gap 0x0000000140000000-0x000000fcffffffff]
[    0.000000] BIOS-e820: [mem 0x000000fd00000000-0x000000ffffffffff]  device reserved
[    0.000000] printk: legacy bootconsole [earlyser0] enabled
[    0.000000] NX (Execute Disable) protection: active
[    0.000000] APIC: Static calls initialized
[    0.000000] DMI: SMBIOS 3.0.0 present.
[    0.000000] DMI: QEMU Ubuntu 24.04 PC v2 (i440FX + PIIX, arch_caps fix, 1996), BIOS 1.16.3-debian-1.16.3-2 04/01/2014
[    0.000000] DMI: Memory slots populated: 1/1
[    0.000000] Hypervisor detected: KVM
[    0.000000] last_pfn = 0xbffe0 max_arch_pfn = 0x400000000
[    0.000000] kvm-clock: Using msrs 4b564d01 and 4b564d00
[    0.000001] kvm-clock: using sched offset of 437633310 cycles
[    0.000921] clocksource: kvm-clock: mask: 0xffffffffffffffff max_cycles: 0x1cd42e4dffb, max_idle_ns: 881590591483 ns
[    0.003723] tsc: Detected 3400.030 MHz processor
[    0.004889] e820: update [mem 0x00000000-0x00000fff] System RAM ==> device reserved
[    0.006229] e820: remove [mem 0x000a0000-0x000fffff] System RAM
[    0.007254] last_pfn = 0x140000 max_arch_pfn = 0x400000000
[    0.008309] MTRR map: 4 entries (3 fixed + 1 variable; max 19), built from 8 variable MTRRs
[    0.009749] x86/PAT: Configuration [0-7]: WB  WC  UC- UC  WB  WP  UC- WT  
Memory KASLR using RDRAND RDTSC...
[    0.011603] last_pfn = 0xbffe0 max_arch_pfn = 0x400000000
[    0.013749] found SMP MP-table at [mem 0x000f5450-0x000f545f]
[    0.014760] Using GB pages for direct mapping
[    0.015613] ACPI: Early table checksum verification disabled
[    0.016603] ACPI: RSDP 0x00000000000F5240 000014 (v00 BOCHS )
[    0.017610] ACPI: RSDT 0x00000000BFFE1F16 000034 (v01 BOCHS  BXPC     00000001 BXPC 00000001)
[    0.019097] ACPI: FACP 0x00000000BFFE1D92 000074 (v01 BOCHS  BXPC     00000001 BXPC 00000001)
[    0.020571] ACPI: DSDT 0x00000000BFFE0040 001D52 (v01 BOCHS  BXPC     00000001 BXPC 00000001)
[    0.022076] ACPI: FACS 0x00000000BFFE0000 000040
[    0.022904] ACPI: APIC 0x00000000BFFE1E06 0000B0 (v03 BOCHS  BXPC     00000001 BXPC 00000001)
[    0.024367] ACPI: HPET 0x00000000BFFE1EB6 000038 (v01 BOCHS  BXPC     00000001 BXPC 00000001)
[    0.025837] ACPI: WAET 0x00000000BFFE1EEE 000028 (v01 BOCHS  BXPC     00000001 BXPC 00000001)
[    0.027306] ACPI: Reserving FACP table memory at [mem 0xbffe1d92-0xbffe1e05]
[    0.028533] ACPI: Reserving DSDT table memory at [mem 0xbffe0040-0xbffe1d91]
[    0.029814] ACPI: Reserving FACS table memory at [mem 0xbffe0000-0xbffe003f]
[    0.031030] ACPI: Reserving APIC table memory at [mem 0xbffe1e06-0xbffe1eb5]
[    0.032253] ACPI: Reserving HPET table memory at [mem 0xbffe1eb6-0xbffe1eed]
[    0.033470] ACPI: Reserving WAET table memory at [mem 0xbffe1eee-0xbffe1f15]
[    0.035124] No NUMA configuration found
[    0.035780] Faking a node at [mem 0x0000000000000000-0x000000013fffffff]
[    0.036963] NODE_DATA(0) allocated [mem 0x13fff9c80-0x13fffdfff]
[    0.038850] ACPI: PM-Timer IO Port: 0x608
[    0.039555] ACPI: LAPIC_NMI (acpi_id[0xff] dfl dfl lint[0x1])
[    0.040589] IOAPIC[0]: apic_id 0, version 17, address 0xfec00000, GSI 0-23
[    0.041779] ACPI: INT_SRC_OVR (bus 0 bus_irq 0 global_irq 2 dfl dfl)
[    0.042897] ACPI: INT_SRC_OVR (bus 0 bus_irq 5 global_irq 5 high level)
[    0.044031] ACPI: INT_SRC_OVR (bus 0 bus_irq 9 global_irq 9 high level)
[    0.045211] ACPI: INT_SRC_OVR (bus 0 bus_irq 10 global_irq 10 high level)
[    0.046363] ACPI: INT_SRC_OVR (bus 0 bus_irq 11 global_irq 11 high level)
[    0.047552] ACPI: Using ACPI (MADT) for SMP configuration information
[    0.048665] ACPI: HPET id: 0x8086a201 base: 0xfed00000
[    0.049575] TSC deadline timer available
[    0.050254] CPU topo: Max. logical packages:   1
[    0.051057] CPU topo: Max. logical nodes:      1
[    0.051842] CPU topo: Num. nodes per package:  1
[    0.052652] CPU topo: Max. logical dies:       1
[    0.053490] CPU topo: Max. dies per package:   1
[    0.054276] CPU topo: Max. threads per core:   1
[    0.055091] CPU topo: Num. cores per package:     8
[    0.055937] CPU topo: Num. threads per package:   8
[    0.056813] CPU topo: Allowing 8 present CPUs plus 0 hotplug CPUs
[    0.057869] kvm-guest: APIC: eoi() replaced with kvm_guest_apic_eoi_write()
[    0.059108] kvm-guest: KVM setup pv remote TLB flush
[    0.059962] kvm-guest: setup PV sched yield
[    0.060689] PM: hibernation: Registered nosave memory: [mem 0x00000000-0x00000fff]
[    0.062022] PM: hibernation: Registered nosave memory: [mem 0x0009f000-0x000fffff]
[    0.063327] PM: hibernation: Registered nosave memory: [mem 0xbffe0000-0xffffffff]
[    0.064627] [gap 0xc0000000-0xfeffbfff] available for PCI devices
[    0.065694] Booting paravirtualized kernel on KVM
[    0.066494] clocksource: refined-jiffies: mask: 0xffffffff max_cycles: 0xffffffff, max_idle_ns: 1910969940391419 ns
[    0.072944] Zone ranges:
[    0.073400]   DMA      [mem 0x0000000000001000-0x0000000000ffffff]
[    0.074486]   DMA32    [mem 0x0000000001000000-0x00000000ffffffff]
[    0.075556]   Normal   [mem 0x0000000100000000-0x000000013fffffff]
[    0.076645] Movable zone start for each node
[    0.077399] Early memory node ranges
[    0.078007]   node   0: [mem 0x0000000000001000-0x000000000009efff]
[    0.079113]   node   0: [mem 0x0000000000100000-0x00000000bffdffff]
[    0.080194]   node   0: [mem 0x0000000100000000-0x000000013fffffff]
[    0.081278] Initmem setup node 0 [mem 0x0000000000001000-0x000000013fffffff]
[    0.082507] On node 0, zone DMA: 1 pages in unavailable ranges
[    0.083928] On node 0, zone DMA: 97 pages in unavailable ranges
[    0.184568] On node 0, zone Normal: 32 pages in unavailable ranges
[    0.185720] setup_percpu: NR_CPUS:128 nr_cpumask_bits:8 nr_cpu_ids:8 nr_node_ids:1
[    0.190210] percpu: Embedded 58 pages/cpu s199696 r8192 d29680 u262144
[    0.191352] pcpu-alloc: s199696 r8192 d29680 u262144 alloc=1*2097152
[    0.192459] pcpu-alloc: [0] 0 1 2 3 4 5 6 7 
[    0.193258] Kernel command line: virtme_hostname=virtme-ng nr_open=1048576 virtme_link_mods=/home/prozak/sources/heimdall_experiment/uml-harness/.build/bpf-next-x86/.virtme_mods/lib/modules/0.0.0 virtme_rw_overlay0=/tmp virtme_console=ttyS0 console=ttyS0 earlyprintk=serial,ttyS0,115200 panic=-1 virtme.exec=`bW91bnQgLXQgYnBmIGJwZmZzIC9zeXMvZnMvYnBmIDI+L2Rldi9udWxsOyAuL3Rlc3RfcHJvZ3MgLXQgJ21pc3NlZCc=` virtme_chdir=home/prozak/sources/heimdall_experiment/uml-harness/.build/selftests-output-qemu rootfstype=9p rootflags=version=9p2000.L,trans=virtio,access=any,msize=524288 raid=noautodetect rw debug init=/home/prozak/.local/share/vng-venv/lib/python3.12/site-packages/virtme/guest/bin/virtme-ng-init
[    0.204147] Unknown kernel command line parameters "virtme_hostname=virtme-ng nr_open=1048576 virtme_link_mods=/home/prozak/sources/heimdall_experiment/uml-harness/.build/bpf-next-x86/.virtme_mods/lib/modules/0.0.0 virtme_rw_overlay0=/tmp virtme_console=ttyS0 virtme_chdir=home/prozak/sources/heimdall_experiment/uml-harness/.build/selftests-output-qemu", will be passed to user space.
[    0.210356] random: crng init done
[    0.210957] printk: log buffer data + meta data: 2097152 + 7340032 = 9437184 bytes
[    0.218923] Dentry cache hash table entries: 524288 (order: 10, 4194304 bytes, linear)
[    0.223536] Inode-cache hash table entries: 262144 (order: 9, 2097152 bytes, linear)
[    0.225126] software IO TLB: area num 8.
[    0.331932] Fallback order for Node 0: 0 
[    0.331939] Built 1 zonelists, mobility grouping on.  Total pages: 1048446
[    0.333986] Policy zone: Normal
[    0.334545] mem auto-init: stack:all(zero), heap alloc:off, heap free:off
[    0.340931] SLUB: HWalign=64, Order=0-3, MinObjects=0, CPUs=8, Nodes=1
Poking KASLR using RDRAND RDTSC...
[    0.355961] ftrace: allocating 69757 entries in 274 pages
[    0.356938] ftrace: allocated 274 pages with 3 groups
[    0.358291] Dynamic Preempt: full
[    0.359130] Running RCU self tests
[    0.359734] Running RCU synchronous self tests
[    0.360559] rcu: Preemptible hierarchical RCU implementation.
[    0.361562] rcu: 	RCU event tracing is enabled.
[    0.362352] rcu: 	RCU lockdep checking is enabled.
[    0.363172] rcu: 	RCU restricting CPUs from NR_CPUS=128 to nr_cpu_ids=8.
[    0.364373] 	Trampoline variant of Tasks RCU enabled.
[    0.365256] 	Rude variant of Tasks RCU enabled.
[    0.366105] 	Tracing variant of Tasks RCU enabled.
[    0.366952] rcu: RCU calculated value of scheduler-enlistment delay is 100 jiffies.
[    0.368314] rcu: Adjusting geometry for rcu_fanout_leaf=16, nr_cpu_ids=8
[    0.369534] Running RCU synchronous self tests
[    0.370329] RCU Tasks: Setting shift to 3 and lim to 1 rcu_task_cb_adjust=1 rcu_task_cpu_ids=8.
[    0.371865] RCU Tasks Rude: Setting shift to 3 and lim to 1 rcu_task_cb_adjust=1 rcu_task_cpu_ids=8.
[    0.379106] NR_IRQS: 8448, nr_irqs: 488, preallocated irqs: 16
[    0.380532] rcu: srcu_init: Setting srcu_struct sizes based on contention.
[    0.381812] clocksource: jiffies: mask: 0xffffffff max_cycles: 0xffffffff, max_idle_ns: 1911260446275000 ns
[    0.383897] Console: colour *CGA 80x25
[    0.384671] printk: legacy console [ttyS0] enabled
[    0.384671] printk: legacy console [ttyS0] enabled
[    0.386408] printk: legacy bootconsole [earlyser0] disabled
[    0.386408] printk: legacy bootconsole [earlyser0] disabled
[    0.388445] Lock dependency validator: Copyright (c) 2006 Red Hat, Inc., Ingo Molnar
[    0.389853] ... MAX_LOCKDEP_SUBCLASSES:  8
[    0.390598] ... MAX_LOCK_DEPTH:          48
[    0.391356] ... MAX_LOCKDEP_KEYS:        8192
[    0.392194] ... CLASSHASH_SIZE:          4096
[    0.393007] ... MAX_LOCKDEP_ENTRIES:     32768
[    0.393831] ... MAX_LOCKDEP_CHAINS:      65536
[    0.394638] ... CHAINHASH_SIZE:          32768
[    0.395443]  memory used by lock dependency info: 6429 kB
[    0.396527]  memory used for stack traces: 4224 kB
[    0.397410]  per task-struct memory footprint: 1920 bytes
[    0.398485] ACPI: Core revision 20260408
[    0.399416] clocksource: hpet: mask: 0xffffffff max_cycles: 0xffffffff, max_idle_ns: 19112604467 ns
[    0.401286] APIC: Switch to symmetric I/O mode setup
[    0.402729] x2apic enabled
[    0.403816] APIC: Switched APIC routing to: physical x2apic
[    0.405161] kvm-guest: APIC: send_IPI_mask() replaced with kvm_send_ipi_mask()
[    0.406783] kvm-guest: APIC: send_IPI_mask_allbutself() replaced with kvm_send_ipi_mask_allbutself()
[    0.408587] kvm-guest: setup PV IPIs
[    0.411392] ..TIMER: vector=0x30 apic1=0 pin1=2 apic2=-1 pin2=-1
[    0.412595] clocksource: tsc-early: mask: 0xffffffffffffffff max_cycles: 0x31026ae6579, max_idle_ns: 440795296168 ns
[    0.414606] Calibrating delay loop (skipped) preset value.. 6800.06 BogoMIPS (lpj=3400030)
[    0.417266] x86/cpu: User Mode Instruction Prevention (UMIP) activated
[    0.417957] Last level iTLB entries: 4KB 512, 2MB 255, 4MB 127
[    0.418603] Last level dTLB entries: 4KB 512, 2MB 255, 4MB 127, 1GB 0
[    0.419611] mitigations: Enabled attack vectors: user_kernel, user_user, SMT mitigations: auto
[    0.420604] Speculative Store Bypass: Mitigation: Speculative Store Bypass disabled via prctl
[    0.421604] Speculative Return Stack Overflow: IBPB-extending microcode not applied!
[    0.422603] Speculative Return Stack Overflow: WARNING: See https://kernel.org/doc/html/latest/admin-guide/hw-vuln/srso.html for mitigation options.
[    0.422604] Transient Scheduler Attacks: Vulnerable: No microcode
[    0.424603] Spectre V2 : Mitigation: Retpolines
[    0.425603] Speculative Return Stack Overflow: Vulnerable: Safe RET, no microcode
[    0.426603] Spectre V1 : Mitigation: usercopy/swapgs barriers and __user pointer sanitization
[    0.427603] Spectre V2 : Spectre v2 / SpectreRSB: Filling RSB on context switch and VMEXIT
[    0.428603] Spectre V2 : Enabling Restricted Speculation for firmware calls
[    0.429605] Spectre V2 : mitigation: Enabling conditional Indirect Branch Prediction Barrier
[    0.430604] active return thunk: srso_alias_return_thunk
[    0.431653] x86/fpu: Supporting XSAVE feature 0x001: 'x87 floating point registers'
[    0.432603] x86/fpu: Supporting XSAVE feature 0x002: 'SSE registers'
[    0.433603] x86/fpu: Supporting XSAVE feature 0x004: 'AVX registers'
[    0.434603] x86/fpu: xstate_offset[2]:  576, xstate_sizes[2]:  256
[    0.435603] x86/fpu: Enabled xstate features 0x7, context size is 832 bytes, using 'compacted' format.
[    0.471555] pid_max: default: 32768 minimum: 301
[    0.472804] SELinux:  Initializing.
[    0.474741] LSM support for eBPF active
[    0.475867] Mount-cache hash table entries: 8192 (order: 4, 65536 bytes, linear)
[    0.476724] Mountpoint-cache hash table entries: 8192 (order: 4, 65536 bytes, linear)
[    0.479280] VFS: Finished mounting rootfs on nullfs
[    0.481709] Running RCU synchronous self tests
[    0.482605] Running RCU synchronous self tests
[    0.484086] smpboot: CPU0: AMD Ryzen 9 5950X 16-Core Processor (family: 0x19, model: 0x21, stepping: 0x2)
[    0.487649] Performance Events: Fam17h+ core perfctr, AMD PMU driver.
[    0.488622] ... version:                   0
[    0.489550] ... bit width:                 48
[    0.489609] ... generic counters:          6
[    0.490528] ... generic bitmap:            000000000000003f
[    0.490610] ... fixed-purpose counters:    0
[    0.491516] ... fixed-purpose bitmap:      0000000000000000
[    0.491609] ... value mask:                0000ffffffffffff
[    0.492610] ... max period:                00007fffffffffff
[    0.493610] ... global_ctrl mask:          000000000000003f
[    0.494925] signal: max sigframe size: 1776
[    0.495776] rcu: Hierarchical SRCU implementation.
[    0.496612] rcu: 	Max phase no-delay instances is 400.
[    0.497898] Timer migration: 1 hierarchy levels; 8 children per group; 1 crossnode level
[    0.510595] smp: Bringing up secondary CPUs ...
[    0.514026] smpboot: x86: Booting SMP configuration:
[    0.514617] .... node  #0, CPUs:      #1 #2 #3 #4 #5 #6 #7
[    0.543994] smp: Brought up 1 node, 8 CPUs
[    0.545511] smpboot: Total of 8 processors activated (54400.48 BogoMIPS)
[    0.546953] Memory: 3963788K/4193784K available (25637K kernel code, 10348K rwdata, 18032K rodata, 4668K init, 13400K bss, 221944K reserved, 0K cma-reserved)
[    0.549890] devtmpfs: initialized
[    0.554124] Running RCU synchronous self tests
[    0.554629] Running RCU synchronous self tests
[    0.555677] Running RCU Tasks wait API self tests
[    0.556665] Running RCU Tasks Rude wait API self tests
[    0.557611] Running RCU Tasks Trace wait API self tests
[    0.558727] posixtimers hash table entries: 4096 (order: 7, 294912 bytes, linear)
[    0.560800] futex hash table entries: 2048 (262144 bytes on 1 NUMA nodes, total 256 KiB, linear).
[    0.562591] PM: RTC time: 11:57:23, date: 2026-08-04
[    0.563647] Callback from call_rcu_tasks_trace() invoked.
[    0.568821] NET: Registered PF_NETLINK/PF_ROUTE protocol family
[    0.570669] audit: initializing netlink subsys (disabled)
[    0.571723] audit: type=2000 audit(1785844643.526:1): state=initialized audit_enabled=0 res=1
[    0.594406] thermal_sys: Registered thermal governor 'step_wise'
[    0.594478] cpuidle: using governor ladder
[    0.595530] cpuidle: using governor menu
[    0.596826] Freeing SMP alternatives memory: 68K
[    0.598503] PCI: Using configuration type 1 for base access
[    0.598611] PCI: Using configuration type 1 for extended access
[    0.599772] kprobes: kprobe jump-optimization is enabled. All kprobes are optimized if possible.
[    0.601824] HugeTLB: registered 1.00 GiB page size, pre-allocated 0 pages
[    0.602613] HugeTLB: 16380 KiB vmemmap can be freed for a 1.00 GiB page
[    0.603619] HugeTLB: registered 2.00 MiB page size, pre-allocated 0 pages
[    0.604624] HugeTLB: 28 KiB vmemmap can be freed for a 2.00 MiB page
[    0.610802] ACPI: Added _OSI(Module Device)
[    0.611610] ACPI: Added _OSI(Processor Device)
[    0.612600] ACPI: Added _OSI(Processor Aggregator Device)
[    0.617237] ACPI: 1 ACPI AML tables successfully acquired and loaded
[    0.620217] ACPI: \_SB_: platform _OSC: OS support mask [002a7eee]
[    0.621395] ACPI: Interpreter enabled
[    0.621679] ACPI: PM: (supports S0 S3 S4 S5)
[    0.622608] ACPI: Using IOAPIC for interrupt routing
[    0.623662] PCI: Using host bridge windows from ACPI; if necessary, use "pci=nocrs" and report a bug
[    0.624611] PCI: Using E820 reservations for host bridge windows
[    0.626005] ACPI: Enabled 2 GPEs in block 00 to 0F
[    0.642324] ACPI: PCI Root Bridge [PCI0] (domain 0000 [bus 00-ff])
[    0.642617] acpi PNP0A03:00: _OSC: OS supports [ExtendedConfig ASPM ClockPM Segments MSI HPX-Type3]
[    0.643621] acpi PNP0A03:00: _OSC: OS requested [PME PCIeCapability LTR]
[    0.644612] acpi PNP0A03:00: _OSC: platform willing to grant [PME PCIeCapability LTR]
[    0.645609] acpi PNP0A03:00: _OSC: platform retains control of PCIe features (AE_ERROR)
[    0.647406] PCI host bridge to bus 0000:00
[    0.647619] pci_bus 0000:00: root bus resource [io  0x0000-0x0cf7 window]
[    0.648612] pci_bus 0000:00: root bus resource [io  0x0d00-0xffff window]
[    0.649613] pci_bus 0000:00: root bus resource [mem 0x000a0000-0x000bffff window]
[    0.650609] pci_bus 0000:00: root bus resource [mem 0xc0000000-0xfebfffff window]
[    0.651612] pci_bus 0000:00: root bus resource [mem 0x380000000000-0x38007fffffff window]
[    0.652613] pci_bus 0000:00: root bus resource [bus 00-ff]
[    0.654042] pci 0000:00:00.0: [8086:1237] type 00 class 0x060000 conventional PCI endpoint
[    0.656262] pci 0000:00:01.0: [8086:7000] type 00 class 0x060100 conventional PCI endpoint
[    0.657996] pci 0000:00:01.1: [8086:7010] type 00 class 0x010180 conventional PCI endpoint
[    0.659432] pci 0000:00:01.1: BAR 4 [io  0xc1c0-0xc1cf]
[    0.659687] pci 0000:00:01.1: BAR 0 [io  0x01f0-0x01f7]: legacy IDE quirk
[    0.660611] pci 0000:00:01.1: BAR 1 [io  0x03f6]: legacy IDE quirk
[    0.661611] pci 0000:00:01.1: BAR 2 [io  0x0170-0x0177]: legacy IDE quirk
[    0.662610] pci 0000:00:01.1: BAR 3 [io  0x0376]: legacy IDE quirk
[    0.664386] pci 0000:00:01.3: [8086:7113] type 00 class 0x068000 conventional PCI endpoint
[    0.665366] pci 0000:00:01.3: quirk: [io  0x0600-0x063f] claimed by PIIX4 ACPI
[    0.665629] pci 0000:00:01.3: quirk: [io  0x0700-0x070f] claimed by PIIX4 SMB
[    0.667704] pci 0000:00:02.0: [1af4:1009] type 00 class 0x000200 conventional PCI endpoint
[    0.670213] pci 0000:00:02.0: BAR 0 [io  0xc000-0xc03f]
[    0.670628] pci 0000:00:02.0: BAR 1 [mem 0xfebf8000-0xfebf8fff]
[    0.671672] pci 0000:00:02.0: BAR 4 [mem 0x380000000000-0x380000003fff 64bit pref]
[    0.675786] pci 0000:00:03.0: [8086:25ab] type 00 class 0x088000 conventional PCI endpoint
[    0.677541] pci 0000:00:03.0: BAR 0 [mem 0xfebf9000-0xfebf900f]
[    0.680226] pci 0000:00:04.0: [1af4:1003] type 00 class 0x078000 conventional PCI endpoint
[    0.682365] pci 0000:00:04.0: BAR 0 [io  0xc040-0xc07f]
[    0.682629] pci 0000:00:04.0: BAR 1 [mem 0xfebfa000-0xfebfafff]
[    0.683673] pci 0000:00:04.0: BAR 4 [mem 0x380000004000-0x380000007fff 64bit pref]
[    0.687896] pci 0000:00:05.0: [1af4:1003] type 00 class 0x078000 conventional PCI endpoint
[    0.689627] pci 0000:00:05.0: BAR 0 [io  0xc080-0xc0bf]
[    0.690628] pci 0000:00:05.0: BAR 1 [mem 0xfebfb000-0xfebfbfff]
[    0.691672] pci 0000:00:05.0: BAR 4 [mem 0x380000008000-0x38000000bfff 64bit pref]
[    0.695897] pci 0000:00:06.0: [1af4:1003] type 00 class 0x078000 conventional PCI endpoint
[    0.697625] pci 0000:00:06.0: BAR 0 [io  0xc0c0-0xc0ff]
[    0.698629] pci 0000:00:06.0: BAR 1 [mem 0xfebfc000-0xfebfcfff]
[    0.699674] pci 0000:00:06.0: BAR 4 [mem 0x38000000c000-0x38000000ffff 64bit pref]
[    0.703991] pci 0000:00:07.0: [1af4:1003] type 00 class 0x078000 conventional PCI endpoint
[    0.705627] pci 0000:00:07.0: BAR 0 [io  0xc100-0xc13f]
[    0.706627] pci 0000:00:07.0: BAR 1 [mem 0xfebfd000-0xfebfdfff]
[    0.707672] pci 0000:00:07.0: BAR 4 [mem 0x380000010000-0x380000013fff 64bit pref]
[    0.711910] pci 0000:00:08.0: [1af4:1003] type 00 class 0x078000 conventional PCI endpoint
[    0.713626] pci 0000:00:08.0: BAR 0 [io  0xc140-0xc17f]
[    0.714626] pci 0000:00:08.0: BAR 1 [mem 0xfebfe000-0xfebfefff]
[    0.715671] pci 0000:00:08.0: BAR 4 [mem 0x380000014000-0x380000017fff 64bit pref]
[    0.719851] pci 0000:00:09.0: [1af4:1003] type 00 class 0x078000 conventional PCI endpoint
[    0.721578] pci 0000:00:09.0: BAR 0 [io  0xc180-0xc1bf]
[    0.721627] pci 0000:00:09.0: BAR 1 [mem 0xfebff000-0xfebfffff]
[    0.722671] pci 0000:00:09.0: BAR 4 [mem 0x380000018000-0x38000001bfff 64bit pref]
[    0.732238] ACPI: PCI: Interrupt link LNKA configured for IRQ 10
[    0.732869] ACPI: PCI: Interrupt link LNKB configured for IRQ 10
[    0.733866] ACPI: PCI: Interrupt link LNKC configured for IRQ 11
[    0.734864] ACPI: PCI: Interrupt link LNKD configured for IRQ 11
[    0.735741] ACPI: PCI: Interrupt link LNKS configured for IRQ 9
[    0.738707] iommu: Default domain type: Translated
[    0.739611] iommu: DMA domain TLB invalidation policy: lazy mode
[    0.741996] SCSI subsystem initialized
[    0.742730] libata version 3.00 loaded.
[    0.743768] ACPI: bus type USB registered
[    0.744744] usbcore: registered new interface driver usbfs
[    0.745684] usbcore: registered new interface driver hub
[    0.746646] usbcore: registered new device driver usb
[    0.747835] pps_core: LinuxPPS API ver. 1 registered
[    0.748610] pps_core: Software ver. 5.3.6 - Copyright 2005-2007 Rodolfo Giometti <giometti@linux.it>
[    0.749636] PTP clock support registered
[    0.751076] Advanced Linux Sound Architecture Driver Initialized.
[    0.752856] NetLabel: Initializing
[    0.753610] NetLabel:  domain hash size = 128
[    0.754548] NetLabel:  protocols = UNLABELED CIPSOv4 CALIPSO
[    0.754658] NetLabel:  unlabeled traffic allowed by default
[    0.756037] PCI: Using ACPI for IRQ routing
[    0.756613] PCI: pci_cache_line_size set to 64 bytes
[    0.757968] e820: register RAM buffer resource [mem 0x0009fc00-0x0009ffff]
[    0.758612] e820: register RAM buffer resource [mem 0xbffe0000-0xbfffffff]
[    0.759759] vgaarb: loaded
[    0.760624] hpet0: at MMIO 0xfed00000, IRQs 2, 8, 0
[    0.761609] hpet0: 3 comparators, 64-bit 100.000000 MHz counter
[    0.766035] clocksource: Switched to clocksource kvm-clock
[    0.767260] Callback from call_rcu_tasks() invoked.
[    0.768152] VFS: Disk quotas dquot_6.6.0
[    0.769589] VFS: Dquot-cache hash table entries: 512 (4096 bytes)
[    0.772106] pnp: PnP ACPI init
[    0.773415] pnp 00:02: [dma 2]
[    0.775122] pnp: PnP ACPI: found 4 devices
[    0.793189] clocksource: acpi_pm: mask: 0xffffff max_cycles: 0xffffff, max_idle_ns: 2085701024 ns
[    0.795380] NET: Registered PF_INET protocol family
[    0.797576] IP idents hash table entries: 65536 (order: 7, 524288 bytes, linear)
[    0.801465] tcp_listen_portaddr_hash hash table entries: 2048 (order: 6, 147456 bytes, linear)
[    0.803735] Table-perturb hash table entries: 65536 (order: 6, 262144 bytes, linear)
[    0.805304] TCP established hash table entries: 32768 (order: 6, 262144 bytes, linear)
[    0.807364] TCP bind hash table entries: 32768 (order: 11, 4718592 bytes, vmalloc hugepage)
[    0.819508] TCP: Hash tables configured (established 32768 bind 32768)
[    0.822313] MPTCP token hash table entries: 4096 (order: 7, 360448 bytes, linear)
[    0.823863] UDP hash table entries: 2048 (order: 7, 524288 bytes, linear)
[    0.826484] NET: Registered PF_UNIX/PF_LOCAL protocol family
[    0.828851] RPC: Registered named UNIX socket transport module.
[    0.830252] RPC: Registered udp transport module.
[    0.831148] RPC: Registered tcp transport module.
[    0.832063] RPC: Registered tcp-with-tls transport module.
[    0.833133] RPC: Registered tcp NFSv4.1 backchannel transport module.
[    0.835303] NET: Registered PF_XDP protocol family
[    0.836472] pci_bus 0000:00: resource 4 [io  0x0000-0x0cf7 window]
[    0.837759] pci_bus 0000:00: resource 5 [io  0x0d00-0xffff window]
[    0.838924] pci_bus 0000:00: resource 6 [mem 0x000a0000-0x000bffff window]
[    0.840229] pci_bus 0000:00: resource 7 [mem 0xc0000000-0xfebfffff window]
[    0.841546] pci_bus 0000:00: resource 8 [mem 0x380000000000-0x38007fffffff window]
[    0.843127] pci 0000:00:01.0: PIIX3: Enabling Passive Release
[    0.844244] pci 0000:00:00.0: Limiting direct PCI/PCI transfers
[    0.845564] PCI: CLS 0 bytes, default 64
[    0.846438] PCI-DMA: Using software bounce buffering for IO (SWIOTLB)
[    0.847676] software IO TLB: mapped [mem 0x00000000bbfe0000-0x00000000bffe0000] (64MB)
[    0.850378] clocksource: tsc: mask: 0xffffffffffffffff max_cycles: 0x31026ae6579, max_idle_ns: 440795296168 ns
[    0.860939] Initialise system trusted keyrings
[    0.862170] workingset: timestamp_bits=40 (anon: 35) max_order=20 bucket_order=0 (anon: 0)
[    0.864689] squashfs: version 4.0 (2009/01/31) Phillip Lougher
[    0.866502] NFS: Registering the id_resolver key type
[    0.867575] Key type id_resolver registered
[    0.868456] Key type id_legacy registered
[    0.869250] nfs4filelayout_init: NFSv4 File Layout Driver Registering...
[    0.870588] nfs4flexfilelayout_init: NFSv4 Flexfile Layout Driver Registering...
[    0.872195] fuse: init (API version 7.45)
[    0.873316] 9p: Installing v9fs 9p2000 file system support
[    0.876187] NET: Registered PF_ALG protocol family
[    0.877155] Key type asymmetric registered
[    0.877998] Asymmetric key parser 'x509' registered
[    0.879007] Block layer SCSI generic (bsg) driver version 0.4 loaded (major 248)
[    0.881099] io scheduler mq-deadline registered
[    0.882189] io scheduler kyber registered
[    0.884536] input: Power Button as /devices/platform/LNXPWRBN:00/input/input0
[    0.886209] ACPI: button: Power Button [PWRF]
[    1.014891] ACPI: \_SB_.LNKB: Enabled at IRQ 10
[    1.139973] ACPI: \_SB_.LNKD: Enabled at IRQ 11
[    1.265640] ACPI: \_SB_.LNKA: Enabled at IRQ 10
[    1.422529] kwatchdog (99) used greatest stack depth: 14776 bytes left
[    1.514024] ACPI: \_SB_.LNKC: Enabled at IRQ 11
[    1.766199] Serial: 8250/16550 driver, 4 ports, IRQ sharing enabled
[    1.768610] 00:03: ttyS0 at I/O 0x3f8 (irq = 4, base_baud = 115200) is a 16550A
[    1.907824] Non-volatile memory driver v1.3
[    1.909729] ACPI: bus type drm_connector registered
[    1.931198] brd: module loaded
[    1.944941] loop: module loaded
[    1.950412] scsi host0: ata_piix
[    1.952357] scsi host1: ata_piix
[    1.953419] ata1: PATA max MWDMA2 cmd 0x1f0 ctl 0x3f6 bmdma 0xc1c0 irq 14 lpm-pol 0
[    1.955105] ata2: PATA max MWDMA2 cmd 0x170 ctl 0x376 bmdma 0xc1c8 irq 15 lpm-pol 0
[    1.961141] tun: Universal TUN/TAP device driver, 1.6
[    1.962735] e100: Intel(R) PRO/100 Network Driver
[    1.963771] e100: Copyright(c) 1999-2006 Intel Corporation
[    1.965064] e1000: Intel(R) PRO/1000 Network Driver
[    1.966112] e1000: Copyright (c) 1999-2006 Intel Corporation.
[    1.967442] e1000e: Intel(R) PRO/1000 Network Driver
[    1.968552] e1000e: Copyright(c) 1999 - 2015 Intel Corporation.
[    1.969948] sky2: driver version 1.30
[    1.971938] usbcore: registered new interface driver usblp
[    1.973224] usbcore: registered new interface driver usb-storage
[    1.974660] i8042: PNP: PS/2 Controller [PNP0303:KBD,PNP0f13:MOU] at 0x60,0x64 irq 1,12
[    1.977902] serio: i8042 KBD port at 0x60,0x64 irq 1
[    1.979403] serio: i8042 AUX port at 0x60,0x64 irq 12
[    1.981705] rtc_cmos PNP0B00:00: RTC can wake from S4
[    1.985459] input: AT Translated Set 2 keyboard as /devices/platform/i8042/serio0/input/input1
[    1.988106] rtc_cmos PNP0B00:00: registered as rtc0
[    1.990339] rtc_cmos PNP0B00:00: alarms up to one day, y3k, 242 bytes nvram, hpet irqs
[    1.993322] Registered IR keymap rc-empty
[    1.994949] rc rc0: rc-core loopback device as /devices/virtual/rc/rc0
[    1.997006] rc rc0: lirc_dev: driver rc-loopback registered at minor = 0, raw IR receiver, raw IR transmitter
[    2.000189] input: rc-core loopback device as /devices/virtual/rc/rc0/input4
[    2.003235] intel_powerclamp: CPU does not support MWAIT
[    2.004499] device-mapper: core: CONFIG_IMA_DISABLE_HTABLE is disabled. Duplicate IMA measurements will not be recorded in the IMA log.
[    2.007842] device-mapper: ioctl: 4.50.0-ioctl (2025-04-28) initialised: dm-devel@lists.linux.dev
[    2.009961] amd_pstate: the _CPC object is not present in SBIOS or ACPI disabled
[    2.012664] hid: raw HID events driver (C) Jiri Kosina
[    2.015553] usbcore: registered new interface driver usbhid
[    2.016805] usbhid: USB HID core driver
[    2.018943] GACT probability NOT on
[    2.019738] Mirror/redirect action on
[    2.021938] nf_conntrack_irc: The irc conntrack helper is scheduled for removal.
[    2.021938] Please contact the netfilter-devel mailing list if you still need this.
[    2.026843] ipip: IPv4 and MPLS over IPv4 tunneling driver
[    2.028735] gre: GRE over IPv4 demultiplexer driver
[    2.029813] ip_gre: GRE over IPv4 tunneling driver
[    2.033425] Initializing XFRM netlink socket
[    2.034667] IPsec XFRM device driver
[    2.035593] NET: Registered PF_INET6 protocol family
[    2.038938] Segment Routing with IPv6
[    2.039782] In-situ OAM (IOAM) with IPv6
[    2.040669] mip6: Mobile IPv6
[    2.041368] sit: IPv6, IPv4 and MPLS over IPv4 tunneling driver
[    2.044232] ip6_gre: GRE over IPv6 tunneling driver
[    2.046145] NET: Registered PF_PACKET protocol family
[    2.047366] RPC: Registered rdma transport module.
[    2.048436] RPC: Registered rdma backchannel transport module.
[    2.050104] 8021q: 802.1Q VLAN Support v1.8
[    2.051755] smc: adding smcd device lo without pnetid
[    2.053115] NET: Registered PF_SMC protocol family
[    2.054692] 9pnet: Installing 9P2000 support
[    2.057315] Key type dns_resolver registered
[    2.058540] NET: Registered PF_VSOCK protocol family
[    2.059726] mpls_gso: MPLS GSO support
[    2.063989] IPI shorthand broadcast: enabled
[    2.108747] sched_clock: Marking stable (2083015231, 24788839)->(2211104968, -103300898)
[    2.110971] ata2: found unknown device (class 0)
[    2.113323] registered taskstats version 1
[    2.114542] ata2.00: ATAPI: QEMU DVD-ROM, 2.5+, max UDMA/100
[    2.118832] scsi 1:0:0:0: CD-ROM            QEMU     QEMU DVD-ROM     2.5+ PQ: 0 ANSI: 5
[    2.131364] Loading compiled-in X.509 certificates
[    2.133077] kworker/u32:1 (118) used greatest stack depth: 14152 bytes left
[    2.134245] Loaded X.509 cert 'Build time autogenerated kernel key: c4531344b9a9c1a4731230d977a262ba29ba5272'
[    2.142033] sr 1:0:0:0: [sr0] scsi3-mmc drive: 4x/4x cd/rw xa/form2 tray
[    2.163541] cdrom: Uniform CD-ROM driver Revision: 3.20
[    2.174304] sr 1:0:0:0: Attached scsi CD-ROM sr0
[    2.175508] Demotion targets for Node 0: null
[    2.176546] sr 1:0:0:0: Attached scsi generic sg0 type 5
[    2.177375] ima: No TPM chip found, activating TPM-bypass!
[    2.179546] ima: Allocated hash algorithm: sha1
[    2.180742] ima: No architecture policies found
[    2.182886] PM:   Magic number: 6:919:983
[    2.183941] netconsole: network logging started
[    2.185635] cfg80211: Loading compiled-in X.509 certificates for regulatory database
[    2.188669] Loaded X.509 cert 'sforshee: 00b28ddf47aef9cea7'
[    2.190343] Loaded X.509 cert 'wens: 61c038651aabdcf94bd0ac7ff06c7248db18c600'
[    2.192179] faux_driver regulatory: Direct firmware load for regulatory.db failed with error -2
[    2.194156] cfg80211: failed to load regulatory.db
[    2.194256] ALSA device list:
[    2.195964]   No soundcards found.
[    2.432628] input: ImExPS/2 Generic Explorer Mouse as /devices/platform/i8042/serio1/input/input3
[    2.434676] md: Skipping autodetection of RAID arrays. (raid=autodetect will force)
[    2.436209] 9p: Bad value for 'source'
[    2.436922] 9pnet: Limiting 'msize' to 512000 as this is the maximum supported by transport virtio
[    2.440512] VFS: Mounted root (9p filesystem) on device 0:22.
[    2.442314] devtmpfs: mounted
[    2.442990] VFS: Pivoted into new rootfs
[    2.447916] Freeing unused kernel image (initmem) memory: 4668K
[    2.448774] Write protecting the kernel read-only data: 45056k
[    2.450769] Freeing unused kernel image (text/rodata gap) memory: 984K
[    2.452200] Freeing unused kernel image (rodata/data gap) memory: 400K
[    2.490177] x86/mm: Checked W+X mappings: passed, no W+X pages found.
[    2.491111] Run /home/prozak/.local/share/vng-venv/lib/python3.12/site-packages/virtme/guest/bin/virtme-ng-init as init process
[    2.492655]   with arguments:
[    2.493152]     /home/prozak/.local/share/vng-venv/lib/python3.12/site-packages/virtme/guest/bin/virtme-ng-init
[    2.494519]   with environment:
[    2.495015]     HOME=/
[    2.495363]     TERM=linux
[    2.495751]     virtme_hostname=virtme-ng
[    2.496351]     nr_open=1048576
[    2.496860]     virtme_link_mods=/home/prozak/sources/heimdall_experiment/uml-harness/.build/bpf-next-x86/.virtme_mods/lib/modules/0.0.0
[    2.498559]     virtme_rw_overlay0=/tmp
[    2.499140]     virtme_console=ttyS0
[    2.499645]     virtme_chdir=home/prozak/sources/heimdall_experiment/uml-harness/.build/selftests-output-qemu
[    2.586892] virtme-ng-init: mount devtmpfs -> /dev: EBUSY: Device or resource busy
[    2.588662] virtme-ng-init: Setting hostname to virtme-ng...
[    2.628376] virtme-ng-init: running systemd-tmpfiles
[    3.847693] systemd-tmpfile (127) used greatest stack depth: 12504 bytes left
[    3.847846] virtme-ng-init: basic initialization done
[    3.864261] virtme-ng-init: error creating file: Permission denied (os error 13)
[    3.963771] ip (133) used greatest stack depth: 11848 bytes left
[    4.083771] virtme-ng-init: Starting systemd-udevd version 255.4-1ubuntu8.16
[    4.085614] virtme-ng-init: triggering udev coldplug
[    7.119545] virtme-ng-init: waiting for udev to settle
[    7.880119] virtme-ng-init: udev is done
[    7.884646] virtme-ng-init: starting script
[    8.145686] module bpf_testmod: .gnu.linkonce.this_module section size must match the kernel's built struct module size at run time
[    8.227857] NOTICE: Automounting of tracing to debugfs is deprecated and will be removed in 2030
[    8.379293] smc: removing smcd device lo
[    8.447615] ACPI: PM: Preparing to enter system sleep state S5
[    8.448764] reboot: Power down
make: *** [Makefile:166: test-missed_tp_recursion] Error 1
