Failed to load bpf_testmod.ko into the kernel: -8
#241/1   mptcp/base:OK
#241/2   mptcp/mptcpify:OK
#241/3   mptcp/subflow:OK
#241/4   mptcp/sockmap:OK
#241     mptcp:OK
Summary: 1/4 PASSED, 0 SKIPPED, 0 FAILED
50
kernel_total_size: 0x0000000004f8d000
needed_size: 0x0000000005000000
trampoline_32bit: 0x0000000000000000
Physical KASLR using RDRAND RDTSC...
Virtual KASLR using RDRAND RDTSC...

Decompressing Linux... Parsing ELF... Performing relocations... done.
Booting the kernel (entry_offset: 0x0000000003db5740).
[    0.000000] Linux version 7.2.0-rc1-g5e2f4aad04e2 (prozak@powertower) (gcc (Ubuntu 13.3.0-6ubuntu2~24.04.1) 13.3.0, GNU ld (GNU Binutils for Ubuntu) 2.42) #3 SMP PREEMPT_DYNAMIC Sun Aug  2 09:03:43 PDT 2026
[    0.000000] Command line: virtme_hostname=virtme-ng nr_open=1048576 virtme_link_mods=/home/prozak/sources/heimdall_experiment/uml-harness/.build/bpf-next-x86/.virtme_mods/lib/modules/0.0.0 virtme_rw_overlay0=/tmp virtme_console=ttyS0 console=ttyS0 earlyprintk=serial,ttyS0,115200 panic=-1 virtme.exec=`bW91bnQgLXQgYnBmIGJwZmZzIC9zeXMvZnMvYnBmIDI+L2Rldi9udWxsOyAuL3Rlc3RfcHJvZ3MgLXQgJ21wdGNwJw==` virtme_chdir=home/prozak/sources/heimdall_experiment/uml-harness/.build/selftests-output-qemu rootfstype=9p rootflags=version=9p2000.L,trans=virtio,access=any,msize=524288 raid=noautodetect rw debug init=/home/prozak/.local/share/vng-venv/lib/python3.12/site-packages/virtme/guest/bin/virtme-ng-init
[    0.000000] x86 CPU feature dependency check failure: CPU0 has '18*32+31' enabled but '18*32+26' disabled. Kernel might be fine, but no guarantees.
[    0.000000] BIOS-provided physical RAM map:
[    0.000000] BIOS-e820: [mem 0x0000000000000000-0x000000000009fbff]  System RAM
[    0.000000] BIOS-e820: [mem 0x000000000009fc00-0x000000000009ffff]  device reserved
[    0.000000] BIOS-e820: [gap 0x00000000000a0000-0x00000000000effff]
[    0.000000] BIOS-e820: [mem 0x00000000000f0000-0x00000000000fffff]  device reserved
[    0.000000] BIOS-e820: [mem 0x0000000000100000-0x00000000bffdffff]  System RAM
[    0.000000] BIOS-e820: [mem 0x00000000bffe0000-0x00000000bfffffff]  device reserved
[    0.000000] BIOS-e820: [gap 0x00000000c0000000-0x00000000feffbfff]
[    0.000000] BIOS-e820: [mem 0x00000000feffc000-0x00000000feffffff]  device reserved
[    0.000000] BIOS-e820: [gap 0x00000000ff000000-0x00000000fffbffff]
[    0.000000] BIOS-e820: [mem 0x00000000fffc0000-0x00000000ffffffff]  device reserved
[    0.000000] BIOS-e820: [mem 0x0000000100000000-0x000000013fffffff]  System RAM
[    0.000000] BIOS-e820: [gap 0x0000000140000000-0x000000fcffffffff]
[    0.000000] BIOS-e820: [mem 0x000000fd00000000-0x000000ffffffffff]  device reserved
[    0.000000] printk: legacy bootconsole [earlyser0] enabled
[    0.000000] NX (Execute Disable) protection: active
[    0.000000] APIC: Static calls initialized
[    0.000000] DMI: SMBIOS 3.0.0 present.
[    0.000000] DMI: QEMU Ubuntu 24.04 PC v2 (i440FX + PIIX, arch_caps fix, 1996), BIOS 1.16.3-debian-1.16.3-2 04/01/2014
[    0.000000] DMI: Memory slots populated: 1/1
[    0.000000] Hypervisor detected: KVM
[    0.000000] last_pfn = 0xbffe0 max_arch_pfn = 0x400000000
[    0.000000] kvm-clock: Using msrs 4b564d01 and 4b564d00
[    0.000001] kvm-clock: using sched offset of 450018927 cycles
[    0.000938] clocksource: kvm-clock: mask: 0xffffffffffffffff max_cycles: 0x1cd42e4dffb, max_idle_ns: 881590591483 ns
[    0.003899] tsc: Detected 3400.030 MHz processor
[    0.005085] e820: update [mem 0x00000000-0x00000fff] System RAM ==> device reserved
[    0.006444] e820: remove [mem 0x000a0000-0x000fffff] System RAM
[    0.007584] last_pfn = 0x140000 max_arch_pfn = 0x400000000
[    0.008700] MTRR map: 4 entries (3 fixed + 1 variable; max 19), built from 8 variable MTRRs
[    0.010215] x86/PAT: Configuration [0-7]: WB  WC  UC- UC  WB  WP  UC- WT  
Memory KASLR using RDRAND RDTSC...
[    0.012246] last_pfn = 0xbffe0 max_arch_pfn = 0x400000000
[    0.014471] found SMP MP-table at [mem 0x000f5450-0x000f545f]
[    0.015548] Using GB pages for direct mapping
[    0.016475] ACPI: Early table checksum verification disabled
[    0.017522] ACPI: RSDP 0x00000000000F5240 000014 (v00 BOCHS )
[    0.018540] ACPI: RSDT 0x00000000BFFE1F16 000034 (v01 BOCHS  BXPC     00000001 BXPC 00000001)
[    0.020121] ACPI: FACP 0x00000000BFFE1D92 000074 (v01 BOCHS  BXPC     00000001 BXPC 00000001)
[    0.021677] ACPI: DSDT 0x00000000BFFE0040 001D52 (v01 BOCHS  BXPC     00000001 BXPC 00000001)
[    0.023187] ACPI: FACS 0x00000000BFFE0000 000040
[    0.024037] ACPI: APIC 0x00000000BFFE1E06 0000B0 (v03 BOCHS  BXPC     00000001 BXPC 00000001)
[    0.025622] ACPI: HPET 0x00000000BFFE1EB6 000038 (v01 BOCHS  BXPC     00000001 BXPC 00000001)
[    0.027182] ACPI: WAET 0x00000000BFFE1EEE 000028 (v01 BOCHS  BXPC     00000001 BXPC 00000001)
[    0.028757] ACPI: Reserving FACP table memory at [mem 0xbffe1d92-0xbffe1e05]
[    0.030060] ACPI: Reserving DSDT table memory at [mem 0xbffe0040-0xbffe1d91]
[    0.031378] ACPI: Reserving FACS table memory at [mem 0xbffe0000-0xbffe003f]
[    0.032641] ACPI: Reserving APIC table memory at [mem 0xbffe1e06-0xbffe1eb5]
[    0.033925] ACPI: Reserving HPET table memory at [mem 0xbffe1eb6-0xbffe1eed]
[    0.035239] ACPI: Reserving WAET table memory at [mem 0xbffe1eee-0xbffe1f15]
[    0.037004] No NUMA configuration found
[    0.037716] Faking a node at [mem 0x0000000000000000-0x000000013fffffff]
[    0.038954] NODE_DATA(0) allocated [mem 0x13fffbc80-0x13fffffff]
[    0.040890] ACPI: PM-Timer IO Port: 0x608
[    0.041645] ACPI: LAPIC_NMI (acpi_id[0xff] dfl dfl lint[0x1])
[    0.042726] IOAPIC[0]: apic_id 0, version 17, address 0xfec00000, GSI 0-23
[    0.044044] ACPI: INT_SRC_OVR (bus 0 bus_irq 0 global_irq 2 dfl dfl)
[    0.045205] ACPI: INT_SRC_OVR (bus 0 bus_irq 5 global_irq 5 high level)
[    0.046410] ACPI: INT_SRC_OVR (bus 0 bus_irq 9 global_irq 9 high level)
[    0.047657] ACPI: INT_SRC_OVR (bus 0 bus_irq 10 global_irq 10 high level)
[    0.048883] ACPI: INT_SRC_OVR (bus 0 bus_irq 11 global_irq 11 high level)
[    0.050123] ACPI: Using ACPI (MADT) for SMP configuration information
[    0.051308] ACPI: HPET id: 0x8086a201 base: 0xfed00000
[    0.052255] TSC deadline timer available
[    0.052961] CPU topo: Max. logical packages:   1
[    0.053809] CPU topo: Max. logical nodes:      1
[    0.054637] CPU topo: Num. nodes per package:  1
[    0.055545] CPU topo: Max. logical dies:       1
[    0.056372] CPU topo: Max. dies per package:   1
[    0.057216] CPU topo: Max. threads per core:   1
[    0.058065] CPU topo: Num. cores per package:     8
[    0.058972] CPU topo: Num. threads per package:   8
[    0.059869] CPU topo: Allowing 8 present CPUs plus 0 hotplug CPUs
[    0.061012] kvm-guest: APIC: eoi() replaced with kvm_guest_apic_eoi_write()
[    0.062321] kvm-guest: KVM setup pv remote TLB flush
[    0.063267] kvm-guest: setup PV sched yield
[    0.064044] PM: hibernation: Registered nosave memory: [mem 0x00000000-0x00000fff]
[    0.065423] PM: hibernation: Registered nosave memory: [mem 0x0009f000-0x000fffff]
[    0.066833] PM: hibernation: Registered nosave memory: [mem 0xbffe0000-0xffffffff]
[    0.068213] [gap 0xc0000000-0xfeffbfff] available for PCI devices
[    0.069305] Booting paravirtualized kernel on KVM
[    0.070168] clocksource: refined-jiffies: mask: 0xffffffff max_cycles: 0xffffffff, max_idle_ns: 1910969940391419 ns
[    0.076892] Zone ranges:
[    0.077373]   DMA      [mem 0x0000000000001000-0x0000000000ffffff]
[    0.078496]   DMA32    [mem 0x0000000001000000-0x00000000ffffffff]
[    0.079687]   Normal   [mem 0x0000000100000000-0x000000013fffffff]
[    0.080796] Movable zone start for each node
[    0.081580] Early memory node ranges
[    0.082221]   node   0: [mem 0x0000000000001000-0x000000000009efff]
[    0.083394]   node   0: [mem 0x0000000000100000-0x00000000bffdffff]
[    0.084543]   node   0: [mem 0x0000000100000000-0x000000013fffffff]
[    0.085688] Initmem setup node 0 [mem 0x0000000000001000-0x000000013fffffff]
[    0.087033] On node 0, zone DMA: 1 pages in unavailable ranges
[    0.088484] On node 0, zone DMA: 97 pages in unavailable ranges
[    0.209071] On node 0, zone Normal: 32 pages in unavailable ranges
[    0.210240] setup_percpu: NR_CPUS:128 nr_cpumask_bits:8 nr_cpu_ids:8 nr_node_ids:1
[    0.215863] percpu: Embedded 58 pages/cpu s199696 r8192 d29680 u262144
[    0.217055] pcpu-alloc: s199696 r8192 d29680 u262144 alloc=1*2097152
[    0.218264] pcpu-alloc: [0] 0 1 2 3 4 5 6 7 
[    0.219098] Kernel command line: virtme_hostname=virtme-ng nr_open=1048576 virtme_link_mods=/home/prozak/sources/heimdall_experiment/uml-harness/.build/bpf-next-x86/.virtme_mods/lib/modules/0.0.0 virtme_rw_overlay0=/tmp virtme_console=ttyS0 console=ttyS0 earlyprintk=serial,ttyS0,115200 panic=-1 virtme.exec=`bW91bnQgLXQgYnBmIGJwZmZzIC9zeXMvZnMvYnBmIDI+L2Rldi9udWxsOyAuL3Rlc3RfcHJvZ3MgLXQgJ21wdGNwJw==` virtme_chdir=home/prozak/sources/heimdall_experiment/uml-harness/.build/selftests-output-qemu rootfstype=9p rootflags=version=9p2000.L,trans=virtio,access=any,msize=524288 raid=noautodetect rw debug init=/home/prozak/.local/share/vng-venv/lib/python3.12/site-packages/virtme/guest/bin/virtme-ng-init
[    0.230487] Unknown kernel command line parameters "virtme_hostname=virtme-ng nr_open=1048576 virtme_link_mods=/home/prozak/sources/heimdall_experiment/uml-harness/.build/bpf-next-x86/.virtme_mods/lib/modules/0.0.0 virtme_rw_overlay0=/tmp virtme_console=ttyS0 virtme_chdir=home/prozak/sources/heimdall_experiment/uml-harness/.build/selftests-output-qemu", will be passed to user space.
[    0.236929] random: crng init done
[    0.237570] printk: log buffer data + meta data: 2097152 + 7340032 = 9437184 bytes
[    0.247376] Dentry cache hash table entries: 524288 (order: 10, 4194304 bytes, linear)
[    0.253185] Inode-cache hash table entries: 262144 (order: 9, 2097152 bytes, linear)
[    0.254869] software IO TLB: area num 8.
[    0.393407] Fallback order for Node 0: 0 
[    0.393414] Built 1 zonelists, mobility grouping on.  Total pages: 1048446
[    0.395505] Policy zone: Normal
[    0.396097] mem auto-init: stack:all(zero), heap alloc:off, heap free:off
[    0.402987] SLUB: HWalign=64, Order=0-3, MinObjects=0, CPUs=8, Nodes=1
Poking KASLR using RDRAND RDTSC...
[    0.419448] ftrace: allocating 69757 entries in 274 pages
[    0.420471] ftrace: allocated 274 pages with 3 groups
[    0.421971] Dynamic Preempt: full
[    0.422885] Running RCU self tests
[    0.423513] Running RCU synchronous self tests
[    0.424338] rcu: Preemptible hierarchical RCU implementation.
[    0.425419] rcu: 	RCU event tracing is enabled.
[    0.426281] rcu: 	RCU lockdep checking is enabled.
[    0.427178] rcu: 	RCU restricting CPUs from NR_CPUS=128 to nr_cpu_ids=8.
[    0.428410] 	Trampoline variant of Tasks RCU enabled.
[    0.429324] 	Rude variant of Tasks RCU enabled.
[    0.430163] 	Tracing variant of Tasks RCU enabled.
[    0.431057] rcu: RCU calculated value of scheduler-enlistment delay is 100 jiffies.
[    0.432464] rcu: Adjusting geometry for rcu_fanout_leaf=16, nr_cpu_ids=8
[    0.433727] Running RCU synchronous self tests
[    0.434556] RCU Tasks: Setting shift to 3 and lim to 1 rcu_task_cb_adjust=1 rcu_task_cpu_ids=8.
[    0.436177] RCU Tasks Rude: Setting shift to 3 and lim to 1 rcu_task_cb_adjust=1 rcu_task_cpu_ids=8.
[    0.443910] NR_IRQS: 8448, nr_irqs: 488, preallocated irqs: 16
[    0.445386] rcu: srcu_init: Setting srcu_struct sizes based on contention.
[    0.446708] clocksource: jiffies: mask: 0xffffffff max_cycles: 0xffffffff, max_idle_ns: 1911260446275000 ns
[    0.448936] Console: colour *CGA 80x25
[    0.449686] printk: legacy console [ttyS0] enabled
[    0.449686] printk: legacy console [ttyS0] enabled
[    0.451504] printk: legacy bootconsole [earlyser0] disabled
[    0.451504] printk: legacy bootconsole [earlyser0] disabled
[    0.453595] Lock dependency validator: Copyright (c) 2006 Red Hat, Inc., Ingo Molnar
[    0.455114] ... MAX_LOCKDEP_SUBCLASSES:  8
[    0.455932] ... MAX_LOCK_DEPTH:          48
[    0.456726] ... MAX_LOCKDEP_KEYS:        8192
[    0.457539] ... CLASSHASH_SIZE:          4096
[    0.458393] ... MAX_LOCKDEP_ENTRIES:     32768
[    0.459235] ... MAX_LOCKDEP_CHAINS:      65536
[    0.460082] ... CHAINHASH_SIZE:          32768
[    0.460911]  memory used by lock dependency info: 6429 kB
[    0.461929]  memory used for stack traces: 4224 kB
[    0.462855]  per task-struct memory footprint: 1920 bytes
[    0.463984] ACPI: Core revision 20260408
[    0.464947] clocksource: hpet: mask: 0xffffffff max_cycles: 0xffffffff, max_idle_ns: 19112604467 ns
[    0.466902] APIC: Switch to symmetric I/O mode setup
[    0.468359] x2apic enabled
[    0.469468] APIC: Switched APIC routing to: physical x2apic
[    0.470580] kvm-guest: APIC: send_IPI_mask() replaced with kvm_send_ipi_mask()
[    0.472044] kvm-guest: APIC: send_IPI_mask_allbutself() replaced with kvm_send_ipi_mask_allbutself()
[    0.473857] kvm-guest: setup PV IPIs
[    0.476666] ..TIMER: vector=0x30 apic1=0 pin1=2 apic2=-1 pin2=-1
[    0.478234] clocksource: tsc-early: mask: 0xffffffffffffffff max_cycles: 0x31026ae6579, max_idle_ns: 440795296168 ns
[    0.480680] Calibrating delay loop (skipped) preset value.. 6800.06 BogoMIPS (lpj=3400030)
[    0.482845] x86/cpu: User Mode Instruction Prevention (UMIP) activated
[    0.484931] Last level iTLB entries: 4KB 512, 2MB 255, 4MB 127
[    0.485676] Last level dTLB entries: 4KB 512, 2MB 255, 4MB 127, 1GB 0
[    0.486684] mitigations: Enabled attack vectors: user_kernel, user_user, SMT mitigations: auto
[    0.487677] Speculative Store Bypass: Mitigation: Speculative Store Bypass disabled via prctl
[    0.488676] Speculative Return Stack Overflow: IBPB-extending microcode not applied!
[    0.489676] Speculative Return Stack Overflow: WARNING: See https://kernel.org/doc/html/latest/admin-guide/hw-vuln/srso.html for mitigation options.
[    0.489677] Transient Scheduler Attacks: Vulnerable: No microcode
[    0.491676] Spectre V2 : Mitigation: Retpolines
[    0.492676] Speculative Return Stack Overflow: Vulnerable: Safe RET, no microcode
[    0.493676] Spectre V1 : Mitigation: usercopy/swapgs barriers and __user pointer sanitization
[    0.494677] Spectre V2 : Spectre v2 / SpectreRSB: Filling RSB on context switch and VMEXIT
[    0.495676] Spectre V2 : Enabling Restricted Speculation for firmware calls
[    0.496680] Spectre V2 : mitigation: Enabling conditional Indirect Branch Prediction Barrier
[    0.497677] active return thunk: srso_alias_return_thunk
[    0.498728] x86/fpu: Supporting XSAVE feature 0x001: 'x87 floating point registers'
[    0.499676] x86/fpu: Supporting XSAVE feature 0x002: 'SSE registers'
[    0.500676] x86/fpu: Supporting XSAVE feature 0x004: 'AVX registers'
[    0.501676] x86/fpu: xstate_offset[2]:  576, xstate_sizes[2]:  256
[    0.502676] x86/fpu: Enabled xstate features 0x7, context size is 832 bytes, using 'compacted' format.
[    0.539325] pid_max: default: 32768 minimum: 301
[    0.540706] SELinux:  Initializing.
[    0.542803] LSM support for eBPF active
[    0.544009] Mount-cache hash table entries: 8192 (order: 4, 65536 bytes, linear)
[    0.544834] Mountpoint-cache hash table entries: 8192 (order: 4, 65536 bytes, linear)
[    0.546894] VFS: Finished mounting rootfs on nullfs
[    0.549540] Running RCU synchronous self tests
[    0.550678] Running RCU synchronous self tests
[    0.552268] smpboot: CPU0: AMD Ryzen 9 5950X 16-Core Processor (family: 0x19, model: 0x21, stepping: 0x2)
[    0.554987] Performance Events: Fam17h+ core perfctr, AMD PMU driver.
[    0.555699] ... version:                   0
[    0.556636] ... bit width:                 48
[    0.556684] ... generic counters:          6
[    0.557604] ... generic bitmap:            000000000000003f
[    0.557684] ... fixed-purpose counters:    0
[    0.558602] ... fixed-purpose bitmap:      0000000000000000
[    0.558683] ... value mask:                0000ffffffffffff
[    0.559683] ... max period:                00007fffffffffff
[    0.560683] ... global_ctrl mask:          000000000000003f
[    0.562043] signal: max sigframe size: 1776
[    0.562863] rcu: Hierarchical SRCU implementation.
[    0.563686] rcu: 	Max phase no-delay instances is 400.
[    0.565092] Timer migration: 1 hierarchy levels; 8 children per group; 1 crossnode level
[    0.580696] smp: Bringing up secondary CPUs ...
[    0.585154] smpboot: x86: Booting SMP configuration:
[    0.585692] .... node  #0, CPUs:      #1 #2 #3 #4 #5 #6 #7
[    0.614056] smp: Brought up 1 node, 8 CPUs
[    0.615633] smpboot: Total of 8 processors activated (54400.48 BogoMIPS)
[    0.617390] Memory: 3963792K/4193784K available (25637K kernel code, 10348K rwdata, 18032K rodata, 4668K init, 13400K bss, 221936K reserved, 0K cma-reserved)
[    0.619709] devtmpfs: initialized
[    0.624384] Running RCU synchronous self tests
[    0.624731] Running RCU synchronous self tests
[    0.625853] Running RCU Tasks wait API self tests
[    0.626737] Running RCU Tasks Rude wait API self tests
[    0.627685] Running RCU Tasks Trace wait API self tests
[    0.628874] posixtimers hash table entries: 4096 (order: 7, 294912 bytes, linear)
[    0.631165] futex hash table entries: 2048 (262144 bytes on 1 NUMA nodes, total 256 KiB, linear).
[    0.632603] PM: RTC time: 11:57:49, date: 2026-08-04
[    0.634718] Callback from call_rcu_tasks_trace() invoked.
[    0.640133] NET: Registered PF_NETLINK/PF_ROUTE protocol family
[    0.641757] audit: initializing netlink subsys (disabled)
[    0.642784] audit: type=2000 audit(1785844669.540:1): state=initialized audit_enabled=0 res=1
[    0.668154] thermal_sys: Registered thermal governor 'step_wise'
[    0.668229] cpuidle: using governor ladder
[    0.669646] cpuidle: using governor menu
[    0.670968] Freeing SMP alternatives memory: 68K
[    0.673563] PCI: Using configuration type 1 for base access
[    0.673684] PCI: Using configuration type 1 for extended access
[    0.674848] kprobes: kprobe jump-optimization is enabled. All kprobes are optimized if possible.
[    0.676821] HugeTLB: registered 1.00 GiB page size, pre-allocated 0 pages
[    0.677685] HugeTLB: 16380 KiB vmemmap can be freed for a 1.00 GiB page
[    0.678684] HugeTLB: registered 2.00 MiB page size, pre-allocated 0 pages
[    0.679684] HugeTLB: 28 KiB vmemmap can be freed for a 2.00 MiB page
[    0.685796] ACPI: Added _OSI(Module Device)
[    0.686685] ACPI: Added _OSI(Processor Device)
[    0.687653] ACPI: Added _OSI(Processor Aggregator Device)
[    0.691334] ACPI: 1 ACPI AML tables successfully acquired and loaded
[    0.694146] ACPI: \_SB_: platform _OSC: OS support mask [002a7eee]
[    0.695426] ACPI: Interpreter enabled
[    0.695750] ACPI: PM: (supports S0 S3 S4 S5)
[    0.696695] ACPI: Using IOAPIC for interrupt routing
[    0.697735] PCI: Using host bridge windows from ACPI; if necessary, use "pci=nocrs" and report a bug
[    0.698683] PCI: Using E820 reservations for host bridge windows
[    0.700059] ACPI: Enabled 2 GPEs in block 00 to 0F
[    0.716683] ACPI: PCI Root Bridge [PCI0] (domain 0000 [bus 00-ff])
[    0.717689] acpi PNP0A03:00: _OSC: OS supports [ExtendedConfig ASPM ClockPM Segments MSI HPX-Type3]
[    0.718695] acpi PNP0A03:00: _OSC: OS requested [PME PCIeCapability LTR]
[    0.719685] acpi PNP0A03:00: _OSC: platform willing to grant [PME PCIeCapability LTR]
[    0.720684] acpi PNP0A03:00: _OSC: platform retains control of PCIe features (AE_ERROR)
[    0.722452] PCI host bridge to bus 0000:00
[    0.722694] pci_bus 0000:00: root bus resource [io  0x0000-0x0cf7 window]
[    0.723685] pci_bus 0000:00: root bus resource [io  0x0d00-0xffff window]
[    0.724682] pci_bus 0000:00: root bus resource [mem 0x000a0000-0x000bffff window]
[    0.725685] pci_bus 0000:00: root bus resource [mem 0xc0000000-0xfebfffff window]
[    0.726685] pci_bus 0000:00: root bus resource [mem 0x380000000000-0x38007fffffff window]
[    0.727685] pci_bus 0000:00: root bus resource [bus 00-ff]
[    0.729104] pci 0000:00:00.0: [8086:1237] type 00 class 0x060000 conventional PCI endpoint
[    0.731354] pci 0000:00:01.0: [8086:7000] type 00 class 0x060100 conventional PCI endpoint
[    0.733122] pci 0000:00:01.1: [8086:7010] type 00 class 0x010180 conventional PCI endpoint
[    0.734595] pci 0000:00:01.1: BAR 4 [io  0xc1c0-0xc1cf]
[    0.734761] pci 0000:00:01.1: BAR 0 [io  0x01f0-0x01f7]: legacy IDE quirk
[    0.735684] pci 0000:00:01.1: BAR 1 [io  0x03f6]: legacy IDE quirk
[    0.736685] pci 0000:00:01.1: BAR 2 [io  0x0170-0x0177]: legacy IDE quirk
[    0.737683] pci 0000:00:01.1: BAR 3 [io  0x0376]: legacy IDE quirk
[    0.739406] pci 0000:00:01.3: [8086:7113] type 00 class 0x068000 conventional PCI endpoint
[    0.740425] pci 0000:00:01.3: quirk: [io  0x0600-0x063f] claimed by PIIX4 ACPI
[    0.740720] pci 0000:00:01.3: quirk: [io  0x0700-0x070f] claimed by PIIX4 SMB
[    0.742699] pci 0000:00:02.0: [1af4:1009] type 00 class 0x000200 conventional PCI endpoint
[    0.745702] pci 0000:00:02.0: BAR 0 [io  0xc000-0xc03f]
[    0.746701] pci 0000:00:02.0: BAR 1 [mem 0xfebf8000-0xfebf8fff]
[    0.747743] pci 0000:00:02.0: BAR 4 [mem 0x380000000000-0x380000003fff 64bit pref]
[    0.751820] pci 0000:00:03.0: [8086:25ab] type 00 class 0x088000 conventional PCI endpoint
[    0.753703] pci 0000:00:03.0: BAR 0 [mem 0xfebf9000-0xfebf900f]
[    0.757327] pci 0000:00:04.0: [1af4:1003] type 00 class 0x078000 conventional PCI endpoint
[    0.759225] pci 0000:00:04.0: BAR 0 [io  0xc040-0xc07f]
[    0.759710] pci 0000:00:04.0: BAR 1 [mem 0xfebfa000-0xfebfafff]
[    0.760745] pci 0000:00:04.0: BAR 4 [mem 0x380000004000-0x380000007fff 64bit pref]
[    0.765023] pci 0000:00:05.0: [1af4:1003] type 00 class 0x078000 conventional PCI endpoint
[    0.766703] pci 0000:00:05.0: BAR 0 [io  0xc080-0xc0bf]
[    0.767702] pci 0000:00:05.0: BAR 1 [mem 0xfebfb000-0xfebfbfff]
[    0.768745] pci 0000:00:05.0: BAR 4 [mem 0x380000008000-0x38000000bfff 64bit pref]
[    0.773154] pci 0000:00:06.0: [1af4:1003] type 00 class 0x078000 conventional PCI endpoint
[    0.774701] pci 0000:00:06.0: BAR 0 [io  0xc0c0-0xc0ff]
[    0.775702] pci 0000:00:06.0: BAR 1 [mem 0xfebfc000-0xfebfcfff]
[    0.776743] pci 0000:00:06.0: BAR 4 [mem 0x38000000c000-0x38000000ffff 64bit pref]
[    0.781108] pci 0000:00:07.0: [1af4:1003] type 00 class 0x078000 conventional PCI endpoint
[    0.782702] pci 0000:00:07.0: BAR 0 [io  0xc100-0xc13f]
[    0.783701] pci 0000:00:07.0: BAR 1 [mem 0xfebfd000-0xfebfdfff]
[    0.784746] pci 0000:00:07.0: BAR 4 [mem 0x380000010000-0x380000013fff 64bit pref]
[    0.789280] pci 0000:00:08.0: [1af4:1003] type 00 class 0x078000 conventional PCI endpoint
[    0.790700] pci 0000:00:08.0: BAR 0 [io  0xc140-0xc17f]
[    0.791699] pci 0000:00:08.0: BAR 1 [mem 0xfebfe000-0xfebfefff]
[    0.792747] pci 0000:00:08.0: BAR 4 [mem 0x380000014000-0x380000017fff 64bit pref]
[    0.797108] pci 0000:00:09.0: [1af4:1003] type 00 class 0x078000 conventional PCI endpoint
[    0.798701] pci 0000:00:09.0: BAR 0 [io  0xc180-0xc1bf]
[    0.799701] pci 0000:00:09.0: BAR 1 [mem 0xfebff000-0xfebfffff]
[    0.800745] pci 0000:00:09.0: BAR 4 [mem 0x380000018000-0x38000001bfff 64bit pref]
[    0.810469] ACPI: PCI: Interrupt link LNKA configured for IRQ 10
[    0.810949] ACPI: PCI: Interrupt link LNKB configured for IRQ 10
[    0.811943] ACPI: PCI: Interrupt link LNKC configured for IRQ 11
[    0.812959] ACPI: PCI: Interrupt link LNKD configured for IRQ 11
[    0.813813] ACPI: PCI: Interrupt link LNKS configured for IRQ 9
[    0.816787] iommu: Default domain type: Translated
[    0.817686] iommu: DMA domain TLB invalidation policy: lazy mode
[    0.820166] SCSI subsystem initialized
[    0.820768] libata version 3.00 loaded.
[    0.821863] ACPI: bus type USB registered
[    0.822816] usbcore: registered new interface driver usbfs
[    0.823794] usbcore: registered new interface driver hub
[    0.824724] usbcore: registered new device driver usb
[    0.825905] pps_core: LinuxPPS API ver. 1 registered
[    0.826683] pps_core: Software ver. 5.3.6 - Copyright 2005-2007 Rodolfo Giometti <giometti@linux.it>
[    0.827711] PTP clock support registered
[    0.829234] Advanced Linux Sound Architecture Driver Initialized.
[    0.831018] NetLabel: Initializing
[    0.831683] NetLabel:  domain hash size = 128
[    0.832646] NetLabel:  protocols = UNLABELED CIPSOv4 CALIPSO
[    0.832736] NetLabel:  unlabeled traffic allowed by default
[    0.833944] PCI: Using ACPI for IRQ routing
[    0.834684] PCI: pci_cache_line_size set to 64 bytes
[    0.835687] Callback from call_rcu_tasks() invoked.
[    0.836701] e820: register RAM buffer resource [mem 0x0009fc00-0x0009ffff]
[    0.837685] e820: register RAM buffer resource [mem 0xbffe0000-0xbfffffff]
[    0.838816] vgaarb: loaded
[    0.839683] hpet0: at MMIO 0xfed00000, IRQs 2, 8, 0
[    0.840684] hpet0: 3 comparators, 64-bit 100.000000 MHz counter
[    0.845046] clocksource: Switched to clocksource kvm-clock
[    0.847279] VFS: Disk quotas dquot_6.6.0
[    0.848266] VFS: Dquot-cache hash table entries: 512 (4096 bytes)
[    0.850837] pnp: PnP ACPI init
[    0.852175] pnp 00:02: [dma 2]
[    0.853742] pnp: PnP ACPI: found 4 devices
[    0.871502] clocksource: acpi_pm: mask: 0xffffff max_cycles: 0xffffff, max_idle_ns: 2085701024 ns
[    0.873788] NET: Registered PF_INET protocol family
[    0.876069] IP idents hash table entries: 65536 (order: 7, 524288 bytes, linear)
[    0.880091] tcp_listen_portaddr_hash hash table entries: 2048 (order: 6, 147456 bytes, linear)
[    0.882364] Table-perturb hash table entries: 65536 (order: 6, 262144 bytes, linear)
[    0.884108] TCP established hash table entries: 32768 (order: 6, 262144 bytes, linear)
[    0.886395] TCP bind hash table entries: 32768 (order: 11, 4718592 bytes, vmalloc hugepage)
[    0.897929] TCP: Hash tables configured (established 32768 bind 32768)
[    0.900946] MPTCP token hash table entries: 4096 (order: 7, 360448 bytes, linear)
[    0.902713] UDP hash table entries: 2048 (order: 7, 524288 bytes, linear)
[    0.905605] NET: Registered PF_UNIX/PF_LOCAL protocol family
[    0.908111] RPC: Registered named UNIX socket transport module.
[    0.909433] RPC: Registered udp transport module.
[    0.910492] RPC: Registered tcp transport module.
[    0.911628] RPC: Registered tcp-with-tls transport module.
[    0.912838] RPC: Registered tcp NFSv4.1 backchannel transport module.
[    0.915072] NET: Registered PF_XDP protocol family
[    0.916218] pci_bus 0000:00: resource 4 [io  0x0000-0x0cf7 window]
[    0.917702] pci_bus 0000:00: resource 5 [io  0x0d00-0xffff window]
[    0.919044] pci_bus 0000:00: resource 6 [mem 0x000a0000-0x000bffff window]
[    0.920584] pci_bus 0000:00: resource 7 [mem 0xc0000000-0xfebfffff window]
[    0.922108] pci_bus 0000:00: resource 8 [mem 0x380000000000-0x38007fffffff window]
[    0.923937] pci 0000:00:01.0: PIIX3: Enabling Passive Release
[    0.925209] pci 0000:00:00.0: Limiting direct PCI/PCI transfers
[    0.926753] PCI: CLS 0 bytes, default 64
[    0.927823] PCI-DMA: Using software bounce buffering for IO (SWIOTLB)
[    0.929221] software IO TLB: mapped [mem 0x00000000bbfe0000-0x00000000bffe0000] (64MB)
[    0.932070] clocksource: tsc: mask: 0xffffffffffffffff max_cycles: 0x31026ae6579, max_idle_ns: 440795296168 ns
[    0.943056] Initialise system trusted keyrings
[    0.944446] workingset: timestamp_bits=40 (anon: 35) max_order=20 bucket_order=0 (anon: 0)
[    0.947278] squashfs: version 4.0 (2009/01/31) Phillip Lougher
[    0.949208] NFS: Registering the id_resolver key type
[    0.950368] Key type id_resolver registered
[    0.951604] Key type id_legacy registered
[    0.952559] nfs4filelayout_init: NFSv4 File Layout Driver Registering...
[    0.954047] nfs4flexfilelayout_init: NFSv4 Flexfile Layout Driver Registering...
[    0.955939] fuse: init (API version 7.45)
[    0.957182] 9p: Installing v9fs 9p2000 file system support
[    0.960258] NET: Registered PF_ALG protocol family
[    0.961384] Key type asymmetric registered
[    0.962327] Asymmetric key parser 'x509' registered
[    0.963640] Block layer SCSI generic (bsg) driver version 0.4 loaded (major 248)
[    0.965750] io scheduler mq-deadline registered
[    0.966769] io scheduler kyber registered
[    0.969125] input: Power Button as /devices/platform/LNXPWRBN:00/input/input0
[    0.970950] ACPI: button: Power Button [PWRF]
[    1.101667] ACPI: \_SB_.LNKB: Enabled at IRQ 10
[    1.228822] ACPI: \_SB_.LNKD: Enabled at IRQ 11
[    1.356597] ACPI: \_SB_.LNKA: Enabled at IRQ 10
[    1.481618] kwatchdog (97) used greatest stack depth: 14776 bytes left
[    1.613106] ACPI: \_SB_.LNKC: Enabled at IRQ 11
[    1.870584] Serial: 8250/16550 driver, 4 ports, IRQ sharing enabled
[    1.873208] 00:03: ttyS0 at I/O 0x3f8 (irq = 4, base_baud = 115200) is a 16550A
[    2.036559] Non-volatile memory driver v1.3
[    2.038370] ACPI: bus type drm_connector registered
[    2.060727] brd: module loaded
[    2.075049] loop: module loaded
[    2.080366] scsi host0: ata_piix
[    2.082497] scsi host1: ata_piix
[    2.083627] ata1: PATA max MWDMA2 cmd 0x1f0 ctl 0x3f6 bmdma 0xc1c0 irq 14 lpm-pol 0
[    2.085345] ata2: PATA max MWDMA2 cmd 0x170 ctl 0x376 bmdma 0xc1c8 irq 15 lpm-pol 0
[    2.091559] tun: Universal TUN/TAP device driver, 1.6
[    2.093232] e100: Intel(R) PRO/100 Network Driver
[    2.094317] e100: Copyright(c) 1999-2006 Intel Corporation
[    2.095666] e1000: Intel(R) PRO/1000 Network Driver
[    2.096793] e1000: Copyright (c) 1999-2006 Intel Corporation.
[    2.098193] e1000e: Intel(R) PRO/1000 Network Driver
[    2.099323] e1000e: Copyright(c) 1999 - 2015 Intel Corporation.
[    2.100758] sky2: driver version 1.30
[    2.102805] usbcore: registered new interface driver usblp
[    2.104154] usbcore: registered new interface driver usb-storage
[    2.105612] i8042: PNP: PS/2 Controller [PNP0303:KBD,PNP0f13:MOU] at 0x60,0x64 irq 1,12
[    2.108891] serio: i8042 KBD port at 0x60,0x64 irq 1
[    2.110442] serio: i8042 AUX port at 0x60,0x64 irq 12
[    2.112581] rtc_cmos PNP0B00:00: RTC can wake from S4
[    2.116319] input: AT Translated Set 2 keyboard as /devices/platform/i8042/serio0/input/input1
[    2.118902] rtc_cmos PNP0B00:00: registered as rtc0
[    2.120331] rtc_cmos PNP0B00:00: alarms up to one day, y3k, 242 bytes nvram, hpet irqs
[    2.122499] Registered IR keymap rc-empty
[    2.123852] rc rc0: rc-core loopback device as /devices/virtual/rc/rc0
[    2.126414] rc rc0: lirc_dev: driver rc-loopback registered at minor = 0, raw IR receiver, raw IR transmitter
[    2.130590] input: rc-core loopback device as /devices/virtual/rc/rc0/input2
[    2.133225] intel_powerclamp: CPU does not support MWAIT
[    2.134440] device-mapper: core: CONFIG_IMA_DISABLE_HTABLE is disabled. Duplicate IMA measurements will not be recorded in the IMA log.
[    2.137613] device-mapper: ioctl: 4.50.0-ioctl (2025-04-28) initialised: dm-devel@lists.linux.dev
[    2.139816] amd_pstate: the _CPC object is not present in SBIOS or ACPI disabled
[    2.142357] hid: raw HID events driver (C) Jiri Kosina
[    2.145326] usbcore: registered new interface driver usbhid
[    2.146626] usbhid: USB HID core driver
[    2.148870] GACT probability NOT on
[    2.149745] Mirror/redirect action on
[    2.152085] nf_conntrack_irc: The irc conntrack helper is scheduled for removal.
[    2.152085] Please contact the netfilter-devel mailing list if you still need this.
[    2.157148] ipip: IPv4 and MPLS over IPv4 tunneling driver
[    2.159246] gre: GRE over IPv4 demultiplexer driver
[    2.160387] ip_gre: GRE over IPv4 tunneling driver
[    2.164077] Initializing XFRM netlink socket
[    2.165124] IPsec XFRM device driver
[    2.166077] NET: Registered PF_INET6 protocol family
[    2.169215] Segment Routing with IPv6
[    2.170168] In-situ OAM (IOAM) with IPv6
[    2.171168] mip6: Mobile IPv6
[    2.171885] sit: IPv6, IPv4 and MPLS over IPv4 tunneling driver
[    2.174864] ip6_gre: GRE over IPv6 tunneling driver
[    2.176879] NET: Registered PF_PACKET protocol family
[    2.178160] RPC: Registered rdma transport module.
[    2.179245] RPC: Registered rdma backchannel transport module.
[    2.180925] 8021q: 802.1Q VLAN Support v1.8
[    2.182583] smc: adding smcd device lo without pnetid
[    2.183936] NET: Registered PF_SMC protocol family
[    2.185599] 9pnet: Installing 9P2000 support
[    2.188272] Key type dns_resolver registered
[    2.189605] NET: Registered PF_VSOCK protocol family
[    2.190794] mpls_gso: MPLS GSO support
[    2.195026] IPI shorthand broadcast: enabled
[    2.241295] ata2: found unknown device (class 0)
[    2.241304] sched_clock: Marking stable (2214010285, 26966260)->(2348285088, -107308543)
[    2.245745] ata2.00: ATAPI: QEMU DVD-ROM, 2.5+, max UDMA/100
[    2.247204] registered taskstats version 1
[    2.250782] scsi 1:0:0:0: CD-ROM            QEMU     QEMU DVD-ROM     2.5+ PQ: 0 ANSI: 5
[    2.265656] Loading compiled-in X.509 certificates
[    2.267593] kworker/u32:1 (120) used greatest stack depth: 13008 bytes left
[    2.268933] Loaded X.509 cert 'Build time autogenerated kernel key: c4531344b9a9c1a4731230d977a262ba29ba5272'
[    2.275199] sr 1:0:0:0: [sr0] scsi3-mmc drive: 4x/4x cd/rw xa/form2 tray
[    2.309771] Demotion targets for Node 0: null
[    2.311329] ima: No TPM chip found, activating TPM-bypass!
[    2.313152] ima: Allocated hash algorithm: sha1
[    2.313409] cdrom: Uniform CD-ROM driver Revision: 3.20
[    2.315551] ima: No architecture policies found
[    2.317870] PM:   Magic number: 6:919:983
[    2.318899] netconsole: network logging started
[    2.320631] cfg80211: Loading compiled-in X.509 certificates for regulatory database
[    2.323641] Loaded X.509 cert 'sforshee: 00b28ddf47aef9cea7'
[    2.325106] Loaded X.509 cert 'wens: 61c038651aabdcf94bd0ac7ff06c7248db18c600'
[    2.327571] faux_driver regulatory: Direct firmware load for regulatory.db failed with error -2
[    2.328112] ALSA device list:
[    2.329572] cfg80211: failed to load regulatory.db
[    2.330282]   No soundcards found.
[    2.333201] sr 1:0:0:0: Attached scsi CD-ROM sr0
[    2.335205] sr 1:0:0:0: Attached scsi generic sg0 type 5
[    2.547333] input: ImExPS/2 Generic Explorer Mouse as /devices/platform/i8042/serio1/input/input4
[    2.549268] md: Skipping autodetection of RAID arrays. (raid=autodetect will force)
[    2.550578] 9p: Bad value for 'source'
[    2.551246] 9pnet: Limiting 'msize' to 512000 as this is the maximum supported by transport virtio
[    2.554694] VFS: Mounted root (9p filesystem) on device 0:22.
[    2.556646] devtmpfs: mounted
[    2.557340] VFS: Pivoted into new rootfs
[    2.562590] Freeing unused kernel image (initmem) memory: 4668K
[    2.563520] Write protecting the kernel read-only data: 45056k
[    2.565485] Freeing unused kernel image (text/rodata gap) memory: 984K
[    2.566877] Freeing unused kernel image (rodata/data gap) memory: 400K
[    2.605465] x86/mm: Checked W+X mappings: passed, no W+X pages found.
[    2.606403] Run /home/prozak/.local/share/vng-venv/lib/python3.12/site-packages/virtme/guest/bin/virtme-ng-init as init process
[    2.608037]   with arguments:
[    2.608473]     /home/prozak/.local/share/vng-venv/lib/python3.12/site-packages/virtme/guest/bin/virtme-ng-init
[    2.609908]   with environment:
[    2.610387]     HOME=/
[    2.610740]     TERM=linux
[    2.611152]     virtme_hostname=virtme-ng
[    2.611775]     nr_open=1048576
[    2.612256]     virtme_link_mods=/home/prozak/sources/heimdall_experiment/uml-harness/.build/bpf-next-x86/.virtme_mods/lib/modules/0.0.0
[    2.613942]     virtme_rw_overlay0=/tmp
[    2.614533]     virtme_console=ttyS0
[    2.615067]     virtme_chdir=home/prozak/sources/heimdall_experiment/uml-harness/.build/selftests-output-qemu
[    2.696454] virtme-ng-init: mount devtmpfs -> /dev: EBUSY: Device or resource busy
[    2.698338] virtme-ng-init: Setting hostname to virtme-ng...
[    2.733053] virtme-ng-init: running systemd-tmpfiles
[    3.983004] systemd-tmpfile (127) used greatest stack depth: 12000 bytes left
[    3.983132] virtme-ng-init: basic initialization done
[    4.004374] virtme-ng-init: error creating file: Permission denied (os error 13)
[    4.101058] ip (132) used greatest stack depth: 11848 bytes left
[    4.197513] virtme-ng-init: Starting systemd-udevd version 255.4-1ubuntu8.16
[    4.202234] virtme-ng-init: triggering udev coldplug
[    7.481024] virtme-ng-init: waiting for udev to settle
[    8.358114] virtme-ng-init: udev is done
[    8.362958] virtme-ng-init: starting script
[    8.657207] module bpf_testmod: .gnu.linkonce.this_module section size must match the kernel's built struct module size at run time
[   11.175423] smc: removing smcd device lo
[   11.248406] ACPI: PM: Preparing to enter system sleep state S5
[   11.249709] reboot: Power down
