Failed to load bpf_testmod.ko into the kernel: -8
#241/1   mptcp/base:OK
#241/2   mptcp/mptcpify:OK
#241/3   mptcp/subflow:OK
#241/4   mptcp/sockmap:OK
#241     mptcp:OK
Summary: 1/4 PASSED, 0 SKIPPED, 0 FAILED
50
kernel_total_size: 0x0000000004f8d000
needed_size: 0x0000000005000000
trampoline_32bit: 0x0000000000000000
Physical KASLR using RDRAND RDTSC...
Virtual KASLR using RDRAND RDTSC...

Decompressing Linux... Parsing ELF... Performing relocations... done.
Booting the kernel (entry_offset: 0x0000000003db5740).
[    0.000000] Linux version 7.2.0-rc1-g5e2f4aad04e2 (prozak@powertower) (gcc (Ubuntu 13.3.0-6ubuntu2~24.04.1) 13.3.0, GNU ld (GNU Binutils for Ubuntu) 2.42) #3 SMP PREEMPT_DYNAMIC Sun Aug  2 09:03:43 PDT 2026
[    0.000000] Command line: virtme_hostname=virtme-ng nr_open=1048576 virtme_link_mods=/home/prozak/sources/heimdall_experiment/uml-harness/.build/bpf-next-x86/.virtme_mods/lib/modules/0.0.0 virtme_rw_overlay0=/tmp virtme_console=ttyS0 console=ttyS0 earlyprintk=serial,ttyS0,115200 panic=-1 virtme.exec=`bW91bnQgLXQgYnBmIGJwZmZzIC9zeXMvZnMvYnBmIDI+L2Rldi9udWxsOyAuL3Rlc3RfcHJvZ3MgLXQgJ21wdGNwJw==` virtme_chdir=home/prozak/sources/heimdall_experiment/uml-harness/.build/selftests-output-qemu rootfstype=9p rootflags=version=9p2000.L,trans=virtio,access=any,msize=524288 raid=noautodetect rw debug init=/home/prozak/.local/share/vng-venv/lib/python3.12/site-packages/virtme/guest/bin/virtme-ng-init
[    0.000000] x86 CPU feature dependency check failure: CPU0 has '18*32+31' enabled but '18*32+26' disabled. Kernel might be fine, but no guarantees.
[    0.000000] BIOS-provided physical RAM map:
[    0.000000] BIOS-e820: [mem 0x0000000000000000-0x000000000009fbff]  System RAM
[    0.000000] BIOS-e820: [mem 0x000000000009fc00-0x000000000009ffff]  device reserved
[    0.000000] BIOS-e820: [gap 0x00000000000a0000-0x00000000000effff]
[    0.000000] BIOS-e820: [mem 0x00000000000f0000-0x00000000000fffff]  device reserved
[    0.000000] BIOS-e820: [mem 0x0000000000100000-0x00000000bffdffff]  System RAM
[    0.000000] BIOS-e820: [mem 0x00000000bffe0000-0x00000000bfffffff]  device reserved
[    0.000000] BIOS-e820: [gap 0x00000000c0000000-0x00000000feffbfff]
[    0.000000] BIOS-e820: [mem 0x00000000feffc000-0x00000000feffffff]  device reserved
[    0.000000] BIOS-e820: [gap 0x00000000ff000000-0x00000000fffbffff]
[    0.000000] BIOS-e820: [mem 0x00000000fffc0000-0x00000000ffffffff]  device reserved
[    0.000000] BIOS-e820: [mem 0x0000000100000000-0x000000013fffffff]  System RAM
[    0.000000] BIOS-e820: [gap 0x0000000140000000-0x000000fcffffffff]
[    0.000000] BIOS-e820: [mem 0x000000fd00000000-0x000000ffffffffff]  device reserved
[    0.000000] printk: legacy bootconsole [earlyser0] enabled
[    0.000000] NX (Execute Disable) protection: active
[    0.000000] APIC: Static calls initialized
[    0.000000] DMI: SMBIOS 3.0.0 present.
[    0.000000] DMI: QEMU Ubuntu 24.04 PC v2 (i440FX + PIIX, arch_caps fix, 1996), BIOS 1.16.3-debian-1.16.3-2 04/01/2014
[    0.000000] DMI: Memory slots populated: 1/1
[    0.000000] Hypervisor detected: KVM
[    0.000000] last_pfn = 0xbffe0 max_arch_pfn = 0x400000000
[    0.000000] kvm-clock: Using msrs 4b564d01 and 4b564d00
[    0.000001] kvm-clock: using sched offset of 443091926 cycles
[    0.000915] clocksource: kvm-clock: mask: 0xffffffffffffffff max_cycles: 0x1cd42e4dffb, max_idle_ns: 881590591483 ns
[    0.003840] tsc: Detected 3400.030 MHz processor
[    0.004999] e820: update [mem 0x00000000-0x00000fff] System RAM ==> device reserved
[    0.006373] e820: remove [mem 0x000a0000-0x000fffff] System RAM
[    0.007433] last_pfn = 0x140000 max_arch_pfn = 0x400000000
[    0.008544] MTRR map: 4 entries (3 fixed + 1 variable; max 19), built from 8 variable MTRRs
[    0.010005] x86/PAT: Configuration [0-7]: WB  WC  UC- UC  WB  WP  UC- WT  
Memory KASLR using RDRAND RDTSC...
[    0.011942] last_pfn = 0xbffe0 max_arch_pfn = 0x400000000
[    0.014153] found SMP MP-table at [mem 0x000f5450-0x000f545f]
[    0.015197] Using GB pages for direct mapping
[    0.016086] ACPI: Early table checksum verification disabled
[    0.017112] ACPI: RSDP 0x00000000000F5240 000014 (v00 BOCHS )
[    0.018128] ACPI: RSDT 0x00000000BFFE1F16 000034 (v01 BOCHS  BXPC     00000001 BXPC 00000001)
[    0.019652] ACPI: FACP 0x00000000BFFE1D92 000074 (v01 BOCHS  BXPC     00000001 BXPC 00000001)
[    0.021185] ACPI: DSDT 0x00000000BFFE0040 001D52 (v01 BOCHS  BXPC     00000001 BXPC 00000001)
[    0.022708] ACPI: FACS 0x00000000BFFE0000 000040
[    0.023543] ACPI: APIC 0x00000000BFFE1E06 0000B0 (v03 BOCHS  BXPC     00000001 BXPC 00000001)
[    0.025035] ACPI: HPET 0x00000000BFFE1EB6 000038 (v01 BOCHS  BXPC     00000001 BXPC 00000001)
[    0.026519] ACPI: WAET 0x00000000BFFE1EEE 000028 (v01 BOCHS  BXPC     00000001 BXPC 00000001)
[    0.027971] ACPI: Reserving FACP table memory at [mem 0xbffe1d92-0xbffe1e05]
[    0.029208] ACPI: Reserving DSDT table memory at [mem 0xbffe0040-0xbffe1d91]
[    0.030453] ACPI: Reserving FACS table memory at [mem 0xbffe0000-0xbffe003f]
[    0.031653] ACPI: Reserving APIC table memory at [mem 0xbffe1e06-0xbffe1eb5]
[    0.032872] ACPI: Reserving HPET table memory at [mem 0xbffe1eb6-0xbffe1eed]
[    0.034097] ACPI: Reserving WAET table memory at [mem 0xbffe1eee-0xbffe1f15]
[    0.035798] No NUMA configuration found
[    0.036471] Faking a node at [mem 0x0000000000000000-0x000000013fffffff]
[    0.037612] NODE_DATA(0) allocated [mem 0x13fff9c80-0x13fffdfff]
[    0.039498] ACPI: PM-Timer IO Port: 0x608
[    0.040259] ACPI: LAPIC_NMI (acpi_id[0xff] dfl dfl lint[0x1])
[    0.041314] IOAPIC[0]: apic_id 0, version 17, address 0xfec00000, GSI 0-23
[    0.042555] ACPI: INT_SRC_OVR (bus 0 bus_irq 0 global_irq 2 dfl dfl)
[    0.043653] ACPI: INT_SRC_OVR (bus 0 bus_irq 5 global_irq 5 high level)
[    0.044799] ACPI: INT_SRC_OVR (bus 0 bus_irq 9 global_irq 9 high level)
[    0.045945] ACPI: INT_SRC_OVR (bus 0 bus_irq 10 global_irq 10 high level)
[    0.047127] ACPI: INT_SRC_OVR (bus 0 bus_irq 11 global_irq 11 high level)
[    0.048304] ACPI: Using ACPI (MADT) for SMP configuration information
[    0.049421] ACPI: HPET id: 0x8086a201 base: 0xfed00000
[    0.050313] TSC deadline timer available
[    0.050995] CPU topo: Max. logical packages:   1
[    0.051826] CPU topo: Max. logical nodes:      1
[    0.052626] CPU topo: Num. nodes per package:  1
[    0.053431] CPU topo: Max. logical dies:       1
[    0.054231] CPU topo: Max. dies per package:   1
[    0.055019] CPU topo: Max. threads per core:   1
[    0.055853] CPU topo: Num. cores per package:     8
[    0.056705] CPU topo: Num. threads per package:   8
[    0.057588] CPU topo: Allowing 8 present CPUs plus 0 hotplug CPUs
[    0.058666] kvm-guest: APIC: eoi() replaced with kvm_guest_apic_eoi_write()
[    0.059956] kvm-guest: KVM setup pv remote TLB flush
[    0.060821] kvm-guest: setup PV sched yield
[    0.061557] PM: hibernation: Registered nosave memory: [mem 0x00000000-0x00000fff]
[    0.062880] PM: hibernation: Registered nosave memory: [mem 0x0009f000-0x000fffff]
[    0.064184] PM: hibernation: Registered nosave memory: [mem 0xbffe0000-0xffffffff]
[    0.065493] [gap 0xc0000000-0xfeffbfff] available for PCI devices
[    0.066543] Booting paravirtualized kernel on KVM
[    0.067363] clocksource: refined-jiffies: mask: 0xffffffff max_cycles: 0xffffffff, max_idle_ns: 1910969940391419 ns
[    0.073777] Zone ranges:
[    0.074236]   DMA      [mem 0x0000000000001000-0x0000000000ffffff]
[    0.075321]   DMA32    [mem 0x0000000001000000-0x00000000ffffffff]
[    0.076397]   Normal   [mem 0x0000000100000000-0x000000013fffffff]
[    0.077484] Movable zone start for each node
[    0.078223] Early memory node ranges
[    0.078872]   node   0: [mem 0x0000000000001000-0x000000000009efff]
[    0.080013]   node   0: [mem 0x0000000000100000-0x00000000bffdffff]
[    0.081092]   node   0: [mem 0x0000000100000000-0x000000013fffffff]
[    0.082202] Initmem setup node 0 [mem 0x0000000000001000-0x000000013fffffff]
[    0.083463] On node 0, zone DMA: 1 pages in unavailable ranges
[    0.084845] On node 0, zone DMA: 97 pages in unavailable ranges
[    0.187687] On node 0, zone Normal: 32 pages in unavailable ranges
[    0.188855] setup_percpu: NR_CPUS:128 nr_cpumask_bits:8 nr_cpu_ids:8 nr_node_ids:1
[    0.193548] percpu: Embedded 58 pages/cpu s199696 r8192 d29680 u262144
[    0.194736] pcpu-alloc: s199696 r8192 d29680 u262144 alloc=1*2097152
[    0.195860] pcpu-alloc: [0] 0 1 2 3 4 5 6 7 
[    0.196659] Kernel command line: virtme_hostname=virtme-ng nr_open=1048576 virtme_link_mods=/home/prozak/sources/heimdall_experiment/uml-harness/.build/bpf-next-x86/.virtme_mods/lib/modules/0.0.0 virtme_rw_overlay0=/tmp virtme_console=ttyS0 console=ttyS0 earlyprintk=serial,ttyS0,115200 panic=-1 virtme.exec=`bW91bnQgLXQgYnBmIGJwZmZzIC9zeXMvZnMvYnBmIDI+L2Rldi9udWxsOyAuL3Rlc3RfcHJvZ3MgLXQgJ21wdGNwJw==` virtme_chdir=home/prozak/sources/heimdall_experiment/uml-harness/.build/selftests-output-qemu rootfstype=9p rootflags=version=9p2000.L,trans=virtio,access=any,msize=524288 raid=noautodetect rw debug init=/home/prozak/.local/share/vng-venv/lib/python3.12/site-packages/virtme/guest/bin/virtme-ng-init
[    0.207663] Unknown kernel command line parameters "virtme_hostname=virtme-ng nr_open=1048576 virtme_link_mods=/home/prozak/sources/heimdall_experiment/uml-harness/.build/bpf-next-x86/.virtme_mods/lib/modules/0.0.0 virtme_rw_overlay0=/tmp virtme_console=ttyS0 virtme_chdir=home/prozak/sources/heimdall_experiment/uml-harness/.build/selftests-output-qemu", will be passed to user space.
[    0.213768] random: crng init done
[    0.214420] printk: log buffer data + meta data: 2097152 + 7340032 = 9437184 bytes
[    0.222010] Dentry cache hash table entries: 524288 (order: 10, 4194304 bytes, linear)
[    0.226515] Inode-cache hash table entries: 262144 (order: 9, 2097152 bytes, linear)
[    0.228076] software IO TLB: area num 8.
[    0.336296] Fallback order for Node 0: 0 
[    0.336303] Built 1 zonelists, mobility grouping on.  Total pages: 1048446
[    0.338273] Policy zone: Normal
[    0.338841] mem auto-init: stack:all(zero), heap alloc:off, heap free:off
[    0.345075] SLUB: HWalign=64, Order=0-3, MinObjects=0, CPUs=8, Nodes=1
Poking KASLR using RDRAND RDTSC...
[    0.360266] ftrace: allocating 69757 entries in 274 pages
[    0.361236] ftrace: allocated 274 pages with 3 groups
[    0.362517] Dynamic Preempt: full
[    0.363402] Running RCU self tests
[    0.363991] Running RCU synchronous self tests
[    0.364780] rcu: Preemptible hierarchical RCU implementation.
[    0.365768] rcu: 	RCU event tracing is enabled.
[    0.366578] rcu: 	RCU lockdep checking is enabled.
[    0.367400] rcu: 	RCU restricting CPUs from NR_CPUS=128 to nr_cpu_ids=8.
[    0.368574] 	Trampoline variant of Tasks RCU enabled.
[    0.369457] 	Rude variant of Tasks RCU enabled.
[    0.370246] 	Tracing variant of Tasks RCU enabled.
[    0.371102] rcu: RCU calculated value of scheduler-enlistment delay is 100 jiffies.
[    0.372448] rcu: Adjusting geometry for rcu_fanout_leaf=16, nr_cpu_ids=8
[    0.373706] Running RCU synchronous self tests
[    0.374484] RCU Tasks: Setting shift to 3 and lim to 1 rcu_task_cb_adjust=1 rcu_task_cpu_ids=8.
[    0.375999] RCU Tasks Rude: Setting shift to 3 and lim to 1 rcu_task_cb_adjust=1 rcu_task_cpu_ids=8.
[    0.382905] NR_IRQS: 8448, nr_irqs: 488, preallocated irqs: 16
[    0.384273] rcu: srcu_init: Setting srcu_struct sizes based on contention.
[    0.385499] clocksource: jiffies: mask: 0xffffffff max_cycles: 0xffffffff, max_idle_ns: 1911260446275000 ns
[    0.387560] Console: colour *CGA 80x25
[    0.388317] printk: legacy console [ttyS0] enabled
[    0.388317] printk: legacy console [ttyS0] enabled
[    0.390006] printk: legacy bootconsole [earlyser0] disabled
[    0.390006] printk: legacy bootconsole [earlyser0] disabled
[    0.392000] Lock dependency validator: Copyright (c) 2006 Red Hat, Inc., Ingo Molnar
[    0.393380] ... MAX_LOCKDEP_SUBCLASSES:  8
[    0.394109] ... MAX_LOCK_DEPTH:          48
[    0.394879] ... MAX_LOCKDEP_KEYS:        8192
[    0.395672] ... CLASSHASH_SIZE:          4096
[    0.396453] ... MAX_LOCKDEP_ENTRIES:     32768
[    0.397257] ... MAX_LOCKDEP_CHAINS:      65536
[    0.398048] ... CHAINHASH_SIZE:          32768
[    0.398925]  memory used by lock dependency info: 6429 kB
[    0.399877]  memory used for stack traces: 4224 kB
[    0.400723]  per task-struct memory footprint: 1920 bytes
[    0.401786] ACPI: Core revision 20260408
[    0.402733] clocksource: hpet: mask: 0xffffffff max_cycles: 0xffffffff, max_idle_ns: 19112604467 ns
[    0.404628] APIC: Switch to symmetric I/O mode setup
[    0.405977] x2apic enabled
[    0.407039] APIC: Switched APIC routing to: physical x2apic
[    0.408112] kvm-guest: APIC: send_IPI_mask() replaced with kvm_send_ipi_mask()
[    0.409494] kvm-guest: APIC: send_IPI_mask_allbutself() replaced with kvm_send_ipi_mask_allbutself()
[    0.411379] kvm-guest: setup PV IPIs
[    0.414148] ..TIMER: vector=0x30 apic1=0 pin1=2 apic2=-1 pin2=-1
[    0.415367] clocksource: tsc-early: mask: 0xffffffffffffffff max_cycles: 0x31026ae6579, max_idle_ns: 440795296168 ns
[    0.417359] Calibrating delay loop (skipped) preset value.. 6800.06 BogoMIPS (lpj=3400030)
[    0.419404] x86/cpu: User Mode Instruction Prevention (UMIP) activated
[    0.420721] Last level iTLB entries: 4KB 512, 2MB 255, 4MB 127
[    0.421357] Last level dTLB entries: 4KB 512, 2MB 255, 4MB 127, 1GB 0
[    0.422364] mitigations: Enabled attack vectors: user_kernel, user_user, SMT mitigations: auto
[    0.423357] Speculative Store Bypass: Mitigation: Speculative Store Bypass disabled via prctl
[    0.424358] Speculative Return Stack Overflow: IBPB-extending microcode not applied!
[    0.425357] Speculative Return Stack Overflow: WARNING: See https://kernel.org/doc/html/latest/admin-guide/hw-vuln/srso.html for mitigation options.
[    0.425358] Transient Scheduler Attacks: Vulnerable: No microcode
[    0.427357] Spectre V2 : Mitigation: Retpolines
[    0.428357] Speculative Return Stack Overflow: Vulnerable: Safe RET, no microcode
[    0.430356] Spectre V1 : Mitigation: usercopy/swapgs barriers and __user pointer sanitization
[    0.431357] Spectre V2 : Spectre v2 / SpectreRSB: Filling RSB on context switch and VMEXIT
[    0.432357] Spectre V2 : Enabling Restricted Speculation for firmware calls
[    0.433359] Spectre V2 : mitigation: Enabling conditional Indirect Branch Prediction Barrier
[    0.434357] active return thunk: srso_alias_return_thunk
[    0.435406] x86/fpu: Supporting XSAVE feature 0x001: 'x87 floating point registers'
[    0.436357] x86/fpu: Supporting XSAVE feature 0x002: 'SSE registers'
[    0.437357] x86/fpu: Supporting XSAVE feature 0x004: 'AVX registers'
[    0.438357] x86/fpu: xstate_offset[2]:  576, xstate_sizes[2]:  256
[    0.439357] x86/fpu: Enabled xstate features 0x7, context size is 832 bytes, using 'compacted' format.
[    0.475315] pid_max: default: 32768 minimum: 301
[    0.476561] SELinux:  Initializing.
[    0.478523] LSM support for eBPF active
[    0.479648] Mount-cache hash table entries: 8192 (order: 4, 65536 bytes, linear)
[    0.481393] Mountpoint-cache hash table entries: 8192 (order: 4, 65536 bytes, linear)
[    0.484071] VFS: Finished mounting rootfs on nullfs
[    0.486415] Running RCU synchronous self tests
[    0.487359] Running RCU synchronous self tests
[    0.488840] smpboot: CPU0: AMD Ryzen 9 5950X 16-Core Processor (family: 0x19, model: 0x21, stepping: 0x2)
[    0.491599] Performance Events: Fam17h+ core perfctr, AMD PMU driver.
[    0.492393] ... version:                   0
[    0.493291] ... bit width:                 48
[    0.493365] ... generic counters:          6
[    0.494261] ... generic bitmap:            000000000000003f
[    0.494364] ... fixed-purpose counters:    0
[    0.495237] ... fixed-purpose bitmap:      0000000000000000
[    0.495364] ... value mask:                0000ffffffffffff
[    0.496364] ... max period:                00007fffffffffff
[    0.497362] ... global_ctrl mask:          000000000000003f
[    0.498690] signal: max sigframe size: 1776
[    0.499525] rcu: Hierarchical SRCU implementation.
[    0.500367] rcu: 	Max phase no-delay instances is 400.
[    0.501662] Timer migration: 1 hierarchy levels; 8 children per group; 1 crossnode level
[    0.514560] smp: Bringing up secondary CPUs ...
[    0.518864] smpboot: x86: Booting SMP configuration:
[    0.519364] .... node  #0, CPUs:      #1 #2 #3 #4 #5 #6 #7
[    0.546742] smp: Brought up 1 node, 8 CPUs
[    0.548297] smpboot: Total of 8 processors activated (54400.48 BogoMIPS)
[    0.549695] Memory: 3963780K/4193784K available (25637K kernel code, 10348K rwdata, 18032K rodata, 4668K init, 13400K bss, 221948K reserved, 0K cma-reserved)
[    0.552365] devtmpfs: initialized
[    0.556964] Running RCU synchronous self tests
[    0.557400] Running RCU synchronous self tests
[    0.558492] Running RCU Tasks wait API self tests
[    0.559429] Running RCU Tasks Rude wait API self tests
[    0.560366] Running RCU Tasks Trace wait API self tests
[    0.561482] posixtimers hash table entries: 4096 (order: 7, 294912 bytes, linear)
[    0.563550] futex hash table entries: 2048 (262144 bytes on 1 NUMA nodes, total 256 KiB, linear).
[    0.565364] PM: RTC time: 11:58:20, date: 2026-08-04
[    0.566395] Callback from call_rcu_tasks_trace() invoked.
[    0.572760] NET: Registered PF_NETLINK/PF_ROUTE protocol family
[    0.574378] audit: initializing netlink subsys (disabled)
[    0.575475] audit: type=2000 audit(1785844700.669:1): state=initialized audit_enabled=0 res=1
[    0.599019] thermal_sys: Registered thermal governor 'step_wise'
[    0.599096] cpuidle: using governor ladder
[    0.600297] cpuidle: using governor menu
[    0.601576] Freeing SMP alternatives memory: 68K
[    0.603228] PCI: Using configuration type 1 for base access
[    0.603365] PCI: Using configuration type 1 for extended access
[    0.604528] kprobes: kprobe jump-optimization is enabled. All kprobes are optimized if possible.
[    0.606502] HugeTLB: registered 1.00 GiB page size, pre-allocated 0 pages
[    0.607372] HugeTLB: 16380 KiB vmemmap can be freed for a 1.00 GiB page
[    0.608365] HugeTLB: registered 2.00 MiB page size, pre-allocated 0 pages
[    0.609364] HugeTLB: 28 KiB vmemmap can be freed for a 2.00 MiB page
[    0.615433] ACPI: Added _OSI(Module Device)
[    0.616345] ACPI: Added _OSI(Processor Device)
[    0.616366] ACPI: Added _OSI(Processor Aggregator Device)
[    0.620992] ACPI: 1 ACPI AML tables successfully acquired and loaded
[    0.624409] ACPI: \_SB_: platform _OSC: OS support mask [002a7eee]
[    0.626105] ACPI: Interpreter enabled
[    0.626432] ACPI: PM: (supports S0 S3 S4 S5)
[    0.627393] ACPI: Using IOAPIC for interrupt routing
[    0.628416] PCI: Using host bridge windows from ACPI; if necessary, use "pci=nocrs" and report a bug
[    0.629364] PCI: Using E820 reservations for host bridge windows
[    0.630733] ACPI: Enabled 2 GPEs in block 00 to 0F
[    0.647060] ACPI: PCI Root Bridge [PCI0] (domain 0000 [bus 00-ff])
[    0.647369] acpi PNP0A03:00: _OSC: OS supports [ExtendedConfig ASPM ClockPM Segments MSI HPX-Type3]
[    0.648376] acpi PNP0A03:00: _OSC: OS requested [PME PCIeCapability LTR]
[    0.649365] acpi PNP0A03:00: _OSC: platform willing to grant [PME PCIeCapability LTR]
[    0.650366] acpi PNP0A03:00: _OSC: platform retains control of PCIe features (AE_ERROR)
[    0.652131] PCI host bridge to bus 0000:00
[    0.652376] pci_bus 0000:00: root bus resource [io  0x0000-0x0cf7 window]
[    0.653365] pci_bus 0000:00: root bus resource [io  0x0d00-0xffff window]
[    0.654365] pci_bus 0000:00: root bus resource [mem 0x000a0000-0x000bffff window]
[    0.655365] pci_bus 0000:00: root bus resource [mem 0xc0000000-0xfebfffff window]
[    0.656366] pci_bus 0000:00: root bus resource [mem 0x380000000000-0x38007fffffff window]
[    0.657366] pci_bus 0000:00: root bus resource [bus 00-ff]
[    0.658780] pci 0000:00:00.0: [8086:1237] type 00 class 0x060000 conventional PCI endpoint
[    0.660971] pci 0000:00:01.0: [8086:7000] type 00 class 0x060100 conventional PCI endpoint
[    0.662773] pci 0000:00:01.1: [8086:7010] type 00 class 0x010180 conventional PCI endpoint
[    0.664208] pci 0000:00:01.1: BAR 4 [io  0xc1c0-0xc1cf]
[    0.664441] pci 0000:00:01.1: BAR 0 [io  0x01f0-0x01f7]: legacy IDE quirk
[    0.665365] pci 0000:00:01.1: BAR 1 [io  0x03f6]: legacy IDE quirk
[    0.666364] pci 0000:00:01.1: BAR 2 [io  0x0170-0x0177]: legacy IDE quirk
[    0.667415] pci 0000:00:01.1: BAR 3 [io  0x0376]: legacy IDE quirk
[    0.669107] pci 0000:00:01.3: [8086:7113] type 00 class 0x068000 conventional PCI endpoint
[    0.670115] pci 0000:00:01.3: quirk: [io  0x0600-0x063f] claimed by PIIX4 ACPI
[    0.670381] pci 0000:00:01.3: quirk: [io  0x0700-0x070f] claimed by PIIX4 SMB
[    0.672396] pci 0000:00:02.0: [1af4:1009] type 00 class 0x000200 conventional PCI endpoint
[    0.675256] pci 0000:00:02.0: BAR 0 [io  0xc000-0xc03f]
[    0.675381] pci 0000:00:02.0: BAR 1 [mem 0xfebf8000-0xfebf8fff]
[    0.676426] pci 0000:00:02.0: BAR 4 [mem 0x380000000000-0x380000003fff 64bit pref]
[    0.680529] pci 0000:00:03.0: [8086:25ab] type 00 class 0x088000 conventional PCI endpoint
[    0.682319] pci 0000:00:03.0: BAR 0 [mem 0xfebf9000-0xfebf900f]
[    0.684928] pci 0000:00:04.0: [1af4:1003] type 00 class 0x078000 conventional PCI endpoint
[    0.686382] pci 0000:00:04.0: BAR 0 [io  0xc040-0xc07f]
[    0.687382] pci 0000:00:04.0: BAR 1 [mem 0xfebfa000-0xfebfafff]
[    0.688436] pci 0000:00:04.0: BAR 4 [mem 0x380000004000-0x380000007fff 64bit pref]
[    0.692665] pci 0000:00:05.0: [1af4:1003] type 00 class 0x078000 conventional PCI endpoint
[    0.694383] pci 0000:00:05.0: BAR 0 [io  0xc080-0xc0bf]
[    0.695387] pci 0000:00:05.0: BAR 1 [mem 0xfebfb000-0xfebfbfff]
[    0.696427] pci 0000:00:05.0: BAR 4 [mem 0x380000008000-0x38000000bfff 64bit pref]
[    0.700690] pci 0000:00:06.0: [1af4:1003] type 00 class 0x078000 conventional PCI endpoint
[    0.702396] pci 0000:00:06.0: BAR 0 [io  0xc0c0-0xc0ff]
[    0.703383] pci 0000:00:06.0: BAR 1 [mem 0xfebfc000-0xfebfcfff]
[    0.704425] pci 0000:00:06.0: BAR 4 [mem 0x38000000c000-0x38000000ffff 64bit pref]
[    0.708713] pci 0000:00:07.0: [1af4:1003] type 00 class 0x078000 conventional PCI endpoint
[    0.710380] pci 0000:00:07.0: BAR 0 [io  0xc100-0xc13f]
[    0.711382] pci 0000:00:07.0: BAR 1 [mem 0xfebfd000-0xfebfdfff]
[    0.712424] pci 0000:00:07.0: BAR 4 [mem 0x380000010000-0x380000013fff 64bit pref]
[    0.716887] pci 0000:00:08.0: [1af4:1003] type 00 class 0x078000 conventional PCI endpoint
[    0.718328] pci 0000:00:08.0: BAR 0 [io  0xc140-0xc17f]
[    0.718382] pci 0000:00:08.0: BAR 1 [mem 0xfebfe000-0xfebfefff]
[    0.719426] pci 0000:00:08.0: BAR 4 [mem 0x380000014000-0x380000017fff 64bit pref]
[    0.723687] pci 0000:00:09.0: [1af4:1003] type 00 class 0x078000 conventional PCI endpoint
[    0.725344] pci 0000:00:09.0: BAR 0 [io  0xc180-0xc1bf]
[    0.726382] pci 0000:00:09.0: BAR 1 [mem 0xfebff000-0xfebfffff]
[    0.727426] pci 0000:00:09.0: BAR 4 [mem 0x380000018000-0x38000001bfff 64bit pref]
[    0.737093] ACPI: PCI: Interrupt link LNKA configured for IRQ 10
[    0.737627] ACPI: PCI: Interrupt link LNKB configured for IRQ 10
[    0.738638] ACPI: PCI: Interrupt link LNKC configured for IRQ 11
[    0.739618] ACPI: PCI: Interrupt link LNKD configured for IRQ 11
[    0.740493] ACPI: PCI: Interrupt link LNKS configured for IRQ 9
[    0.743376] iommu: Default domain type: Translated
[    0.744365] iommu: DMA domain TLB invalidation policy: lazy mode
[    0.746812] SCSI subsystem initialized
[    0.747446] libata version 3.00 loaded.
[    0.748528] ACPI: bus type USB registered
[    0.749490] usbcore: registered new interface driver usbfs
[    0.750439] usbcore: registered new interface driver hub
[    0.751405] usbcore: registered new device driver usb
[    0.752550] pps_core: LinuxPPS API ver. 1 registered
[    0.753363] pps_core: Software ver. 5.3.6 - Copyright 2005-2007 Rodolfo Giometti <giometti@linux.it>
[    0.754392] PTP clock support registered
[    0.755867] Advanced Linux Sound Architecture Driver Initialized.
[    0.757678] NetLabel: Initializing
[    0.758364] NetLabel:  domain hash size = 128
[    0.759317] NetLabel:  protocols = UNLABELED CIPSOv4 CALIPSO
[    0.759414] NetLabel:  unlabeled traffic allowed by default
[    0.760653] PCI: Using ACPI for IRQ routing
[    0.761365] PCI: pci_cache_line_size set to 64 bytes
[    0.762728] e820: register RAM buffer resource [mem 0x0009fc00-0x0009ffff]
[    0.763366] e820: register RAM buffer resource [mem 0xbffe0000-0xbfffffff]
[    0.764477] vgaarb: loaded
[    0.765535] hpet0: at MMIO 0xfed00000, IRQs 2, 8, 0
[    0.766365] hpet0: 3 comparators, 64-bit 100.000000 MHz counter
[    0.770363] Callback from call_rcu_tasks() invoked.
[    0.772248] clocksource: Switched to clocksource kvm-clock
[    0.773830] VFS: Disk quotas dquot_6.6.0
[    0.774807] VFS: Dquot-cache hash table entries: 512 (4096 bytes)
[    0.777260] pnp: PnP ACPI init
[    0.778592] pnp 00:02: [dma 2]
[    0.780150] pnp: PnP ACPI: found 4 devices
[    0.797917] clocksource: acpi_pm: mask: 0xffffff max_cycles: 0xffffff, max_idle_ns: 2085701024 ns
[    0.800191] NET: Registered PF_INET protocol family
[    0.802443] IP idents hash table entries: 65536 (order: 7, 524288 bytes, linear)
[    0.806442] tcp_listen_portaddr_hash hash table entries: 2048 (order: 6, 147456 bytes, linear)
[    0.808800] Table-perturb hash table entries: 65536 (order: 6, 262144 bytes, linear)
[    0.810465] TCP established hash table entries: 32768 (order: 6, 262144 bytes, linear)
[    0.812755] TCP bind hash table entries: 32768 (order: 11, 4718592 bytes, vmalloc hugepage)
[    0.825019] TCP: Hash tables configured (established 32768 bind 32768)
[    0.828057] MPTCP token hash table entries: 4096 (order: 7, 360448 bytes, linear)
[    0.829819] UDP hash table entries: 2048 (order: 7, 524288 bytes, linear)
[    0.832514] NET: Registered PF_UNIX/PF_LOCAL protocol family
[    0.834745] RPC: Registered named UNIX socket transport module.
[    0.836342] RPC: Registered udp transport module.
[    0.837377] RPC: Registered tcp transport module.
[    0.838427] RPC: Registered tcp-with-tls transport module.
[    0.839644] RPC: Registered tcp NFSv4.1 backchannel transport module.
[    0.842037] NET: Registered PF_XDP protocol family
[    0.843287] pci_bus 0000:00: resource 4 [io  0x0000-0x0cf7 window]
[    0.844694] pci_bus 0000:00: resource 5 [io  0x0d00-0xffff window]
[    0.846028] pci_bus 0000:00: resource 6 [mem 0x000a0000-0x000bffff window]
[    0.847511] pci_bus 0000:00: resource 7 [mem 0xc0000000-0xfebfffff window]
[    0.849031] pci_bus 0000:00: resource 8 [mem 0x380000000000-0x38007fffffff window]
[    0.850770] pci 0000:00:01.0: PIIX3: Enabling Passive Release
[    0.852008] pci 0000:00:00.0: Limiting direct PCI/PCI transfers
[    0.853516] PCI: CLS 0 bytes, default 64
[    0.854539] PCI-DMA: Using software bounce buffering for IO (SWIOTLB)
[    0.855930] software IO TLB: mapped [mem 0x00000000bbfe0000-0x00000000bffe0000] (64MB)
[    0.858772] clocksource: tsc: mask: 0xffffffffffffffff max_cycles: 0x31026ae6579, max_idle_ns: 440795296168 ns
[    0.870062] Initialise system trusted keyrings
[    0.871473] workingset: timestamp_bits=40 (anon: 35) max_order=20 bucket_order=0 (anon: 0)
[    0.874314] squashfs: version 4.0 (2009/01/31) Phillip Lougher
[    0.876326] NFS: Registering the id_resolver key type
[    0.877745] Key type id_resolver registered
[    0.878731] Key type id_legacy registered
[    0.879630] nfs4filelayout_init: NFSv4 File Layout Driver Registering...
[    0.881112] nfs4flexfilelayout_init: NFSv4 Flexfile Layout Driver Registering...
[    0.882929] fuse: init (API version 7.45)
[    0.884211] 9p: Installing v9fs 9p2000 file system support
[    0.887308] NET: Registered PF_ALG protocol family
[    0.888406] Key type asymmetric registered
[    0.889320] Asymmetric key parser 'x509' registered
[    0.890524] Block layer SCSI generic (bsg) driver version 0.4 loaded (major 248)
[    0.892698] io scheduler mq-deadline registered
[    0.893910] io scheduler kyber registered
[    0.896217] input: Power Button as /devices/platform/LNXPWRBN:00/input/input0
[    0.898106] ACPI: button: Power Button [PWRF]
[    1.024379] ACPI: \_SB_.LNKB: Enabled at IRQ 10
[    1.149494] ACPI: \_SB_.LNKD: Enabled at IRQ 11
[    1.273479] ACPI: \_SB_.LNKA: Enabled at IRQ 10
[    1.425587] kwatchdog (98) used greatest stack depth: 14776 bytes left
[    1.525816] ACPI: \_SB_.LNKC: Enabled at IRQ 11
[    1.776933] Serial: 8250/16550 driver, 4 ports, IRQ sharing enabled
[    1.779508] 00:03: ttyS0 at I/O 0x3f8 (irq = 4, base_baud = 115200) is a 16550A
[    1.922803] Non-volatile memory driver v1.3
[    1.924621] ACPI: bus type drm_connector registered
[    1.946628] brd: module loaded
[    1.960686] loop: module loaded
[    1.966129] scsi host0: ata_piix
[    1.967993] scsi host1: ata_piix
[    1.968990] ata1: PATA max MWDMA2 cmd 0x1f0 ctl 0x3f6 bmdma 0xc1c0 irq 14 lpm-pol 0
[    1.970661] ata2: PATA max MWDMA2 cmd 0x170 ctl 0x376 bmdma 0xc1c8 irq 15 lpm-pol 0
[    1.976691] tun: Universal TUN/TAP device driver, 1.6
[    1.978313] e100: Intel(R) PRO/100 Network Driver
[    1.979412] e100: Copyright(c) 1999-2006 Intel Corporation
[    1.980731] e1000: Intel(R) PRO/1000 Network Driver
[    1.981820] e1000: Copyright (c) 1999-2006 Intel Corporation.
[    1.983180] e1000e: Intel(R) PRO/1000 Network Driver
[    1.984291] e1000e: Copyright(c) 1999 - 2015 Intel Corporation.
[    1.985684] sky2: driver version 1.30
[    1.987747] usbcore: registered new interface driver usblp
[    1.989083] usbcore: registered new interface driver usb-storage
[    1.990557] i8042: PNP: PS/2 Controller [PNP0303:KBD,PNP0f13:MOU] at 0x60,0x64 irq 1,12
[    1.993825] serio: i8042 KBD port at 0x60,0x64 irq 1
[    1.995369] serio: i8042 AUX port at 0x60,0x64 irq 12
[    1.997887] rtc_cmos PNP0B00:00: RTC can wake from S4
[    2.000823] input: AT Translated Set 2 keyboard as /devices/platform/i8042/serio0/input/input1
[    2.004367] rtc_cmos PNP0B00:00: registered as rtc0
[    2.005933] rtc_cmos PNP0B00:00: alarms up to one day, y3k, 242 bytes nvram, hpet irqs
[    2.008356] Registered IR keymap rc-empty
[    2.009655] rc rc0: rc-core loopback device as /devices/virtual/rc/rc0
[    2.011532] rc rc0: lirc_dev: driver rc-loopback registered at minor = 0, raw IR receiver, raw IR transmitter
[    2.014123] input: rc-core loopback device as /devices/virtual/rc/rc0/input4
[    2.017595] intel_powerclamp: CPU does not support MWAIT
[    2.018995] device-mapper: core: CONFIG_IMA_DISABLE_HTABLE is disabled. Duplicate IMA measurements will not be recorded in the IMA log.
[    2.022551] device-mapper: ioctl: 4.50.0-ioctl (2025-04-28) initialised: dm-devel@lists.linux.dev
[    2.024636] amd_pstate: the _CPC object is not present in SBIOS or ACPI disabled
[    2.027337] hid: raw HID events driver (C) Jiri Kosina
[    2.030472] usbcore: registered new interface driver usbhid
[    2.031779] usbhid: USB HID core driver
[    2.033907] GACT probability NOT on
[    2.034774] Mirror/redirect action on
[    2.036937] nf_conntrack_irc: The irc conntrack helper is scheduled for removal.
[    2.036937] Please contact the netfilter-devel mailing list if you still need this.
[    2.041891] ipip: IPv4 and MPLS over IPv4 tunneling driver
[    2.043969] gre: GRE over IPv4 demultiplexer driver
[    2.045035] ip_gre: GRE over IPv4 tunneling driver
[    2.048630] Initializing XFRM netlink socket
[    2.049628] IPsec XFRM device driver
[    2.050555] NET: Registered PF_INET6 protocol family
[    2.054046] Segment Routing with IPv6
[    2.054961] In-situ OAM (IOAM) with IPv6
[    2.055834] mip6: Mobile IPv6
[    2.056580] sit: IPv6, IPv4 and MPLS over IPv4 tunneling driver
[    2.059422] ip6_gre: GRE over IPv6 tunneling driver
[    2.061337] NET: Registered PF_PACKET protocol family
[    2.062636] RPC: Registered rdma transport module.
[    2.063787] RPC: Registered rdma backchannel transport module.
[    2.065464] 8021q: 802.1Q VLAN Support v1.8
[    2.067039] smc: adding smcd device lo without pnetid
[    2.068743] NET: Registered PF_SMC protocol family
[    2.070453] 9pnet: Installing 9P2000 support
[    2.073129] Key type dns_resolver registered
[    2.074355] NET: Registered PF_VSOCK protocol family
[    2.075555] mpls_gso: MPLS GSO support
[    2.080187] IPI shorthand broadcast: enabled
[    2.124609] sched_clock: Marking stable (2100014943, 23856130)->(2223582436, -99711363)
[    2.128051] registered taskstats version 1
[    2.129271] ata2: found unknown device (class 0)
[    2.131692] ata2.00: ATAPI: QEMU DVD-ROM, 2.5+, max UDMA/100
[    2.135645] scsi 1:0:0:0: CD-ROM            QEMU     QEMU DVD-ROM     2.5+ PQ: 0 ANSI: 5
[    2.145707] Loading compiled-in X.509 certificates
[    2.148474] kworker/u32:1 (119) used greatest stack depth: 14152 bytes left
[    2.149628] Loaded X.509 cert 'Build time autogenerated kernel key: c4531344b9a9c1a4731230d977a262ba29ba5272'
[    2.163979] sr 1:0:0:0: [sr0] scsi3-mmc drive: 4x/4x cd/rw xa/form2 tray
[    2.180735] cdrom: Uniform CD-ROM driver Revision: 3.20
[    2.190845] Demotion targets for Node 0: null
[    2.192512] ima: No TPM chip found, activating TPM-bypass!
[    2.193996] ima: Allocated hash algorithm: sha1
[    2.195304] ima: No architecture policies found
[    2.197518] sr 1:0:0:0: Attached scsi CD-ROM sr0
[    2.197534] PM:   Magic number: 6:919:983
[    2.199738] sr 1:0:0:0: Attached scsi generic sg0 type 5
[    2.199970] netconsole: network logging started
[    2.203069] cfg80211: Loading compiled-in X.509 certificates for regulatory database
[    2.205986] Loaded X.509 cert 'sforshee: 00b28ddf47aef9cea7'
[    2.207378] Loaded X.509 cert 'wens: 61c038651aabdcf94bd0ac7ff06c7248db18c600'
[    2.209225] faux_driver regulatory: Direct firmware load for regulatory.db failed with error -2
[    2.210052] ALSA device list:
[    2.211243] cfg80211: failed to load regulatory.db
[    2.212114]   No soundcards found.
[    2.443429] input: ImExPS/2 Generic Explorer Mouse as /devices/platform/i8042/serio1/input/input3
[    2.445455] md: Skipping autodetection of RAID arrays. (raid=autodetect will force)
[    2.447174] 9p: Bad value for 'source'
[    2.447946] 9pnet: Limiting 'msize' to 512000 as this is the maximum supported by transport virtio
[    2.451408] VFS: Mounted root (9p filesystem) on device 0:22.
[    2.453164] devtmpfs: mounted
[    2.453817] VFS: Pivoted into new rootfs
[    2.459155] Freeing unused kernel image (initmem) memory: 4668K
[    2.460048] Write protecting the kernel read-only data: 45056k
[    2.461984] Freeing unused kernel image (text/rodata gap) memory: 984K
[    2.463351] Freeing unused kernel image (rodata/data gap) memory: 400K
[    2.503262] x86/mm: Checked W+X mappings: passed, no W+X pages found.
[    2.504188] Run /home/prozak/.local/share/vng-venv/lib/python3.12/site-packages/virtme/guest/bin/virtme-ng-init as init process
[    2.505705]   with arguments:
[    2.506145]     /home/prozak/.local/share/vng-venv/lib/python3.12/site-packages/virtme/guest/bin/virtme-ng-init
[    2.507495]   with environment:
[    2.507980]     HOME=/
[    2.508338]     TERM=linux
[    2.508715]     virtme_hostname=virtme-ng
[    2.509277]     nr_open=1048576
[    2.509732]     virtme_link_mods=/home/prozak/sources/heimdall_experiment/uml-harness/.build/bpf-next-x86/.virtme_mods/lib/modules/0.0.0
[    2.511330]     virtme_rw_overlay0=/tmp
[    2.511893]     virtme_console=ttyS0
[    2.512383]     virtme_chdir=home/prozak/sources/heimdall_experiment/uml-harness/.build/selftests-output-qemu
[    2.606020] virtme-ng-init: mount devtmpfs -> /dev: EBUSY: Device or resource busy
[    2.608137] virtme-ng-init: Setting hostname to virtme-ng...
[    2.648818] virtme-ng-init: running systemd-tmpfiles
[    3.982149] systemd-tmpfile (127) used greatest stack depth: 12504 bytes left
[    3.982256] virtme-ng-init: basic initialization done
[    4.000329] virtme-ng-init: error creating file: Permission denied (os error 13)
[    4.085897] ip (132) used greatest stack depth: 11848 bytes left
[    4.206406] virtme-ng-init: Starting systemd-udevd version 255.4-1ubuntu8.16
[    4.208534] virtme-ng-init: triggering udev coldplug
[    7.040662] virtme-ng-init: waiting for udev to settle
[    7.755465] virtme-ng-init: udev is done
[    7.760013] virtme-ng-init: starting script
[    8.055653] module bpf_testmod: .gnu.linkonce.this_module section size must match the kernel's built struct module size at run time
[   10.607621] smc: removing smcd device lo
[   10.678751] ACPI: PM: Preparing to enter system sleep state S5
[   10.680379] reboot: Power down
