Failed to load bpf_testmod.ko into the kernel: -8
#243/1   net_timestamping/INET4: bpf timestamping:OK
#243/2   net_timestamping/INET4: bpf and socket timestamping:OK
#243/3   net_timestamping/INET6: bpf timestamping:OK
#243/4   net_timestamping/INET6: bpf and socket timestamping:OK
#243     net_timestamping:OK
Summary: 1/4 PASSED, 0 SKIPPED, 0 FAILED
DTSC...
Virtual KASLR using RDRAND RDTSC...

Decompressing Linux... Parsing ELF... Performing relocations... done.
Booting the kernel (entry_offset: 0x0000000003db5740).
[    0.000000] Linux version 7.2.0-rc1-g5e2f4aad04e2 (prozak@powertower) (gcc (Ubuntu 13.3.0-6ubuntu2~24.04.1) 13.3.0, GNU ld (GNU Binutils for Ubuntu) 2.42) #3 SMP PREEMPT_DYNAMIC Sun Aug  2 09:03:43 PDT 2026
[    0.000000] Command line: virtme_hostname=virtme-ng nr_open=1048576 virtme_link_mods=/home/prozak/sources/heimdall_experiment/uml-harness/.build/bpf-next-x86/.virtme_mods/lib/modules/0.0.0 virtme_rw_overlay0=/tmp virtme_console=ttyS0 console=ttyS0 earlyprintk=serial,ttyS0,115200 panic=-1 virtme.exec=`bW91bnQgLXQgYnBmIGJwZmZzIC9zeXMvZnMvYnBmIDI+L2Rldi9udWxsOyAuL3Rlc3RfcHJvZ3MgLXQgJ25ldF90aW1lc3RhbXBpbmcn` virtme_chdir=home/prozak/sources/heimdall_experiment/uml-harness/.build/selftests-output-qemu rootfstype=9p rootflags=version=9p2000.L,trans=virtio,access=any,msize=524288 raid=noautodetect rw debug init=/home/prozak/.local/share/vng-venv/lib/python3.12/site-packages/virtme/guest/bin/virtme-ng-init
[    0.000000] x86 CPU feature dependency check failure: CPU0 has '18*32+31' enabled but '18*32+26' disabled. Kernel might be fine, but no guarantees.
[    0.000000] BIOS-provided physical RAM map:
[    0.000000] BIOS-e820: [mem 0x0000000000000000-0x000000000009fbff]  System RAM
[    0.000000] BIOS-e820: [mem 0x000000000009fc00-0x000000000009ffff]  device reserved
[    0.000000] BIOS-e820: [gap 0x00000000000a0000-0x00000000000effff]
[    0.000000] BIOS-e820: [mem 0x00000000000f0000-0x00000000000fffff]  device reserved
[    0.000000] BIOS-e820: [mem 0x0000000000100000-0x00000000bffdffff]  System RAM
[    0.000000] BIOS-e820: [mem 0x00000000bffe0000-0x00000000bfffffff]  device reserved
[    0.000000] BIOS-e820: [gap 0x00000000c0000000-0x00000000feffbfff]
[    0.000000] BIOS-e820: [mem 0x00000000feffc000-0x00000000feffffff]  device reserved
[    0.000000] BIOS-e820: [gap 0x00000000ff000000-0x00000000fffbffff]
[    0.000000] BIOS-e820: [mem 0x00000000fffc0000-0x00000000ffffffff]  device reserved
[    0.000000] BIOS-e820: [mem 0x0000000100000000-0x000000013fffffff]  System RAM
[    0.000000] BIOS-e820: [gap 0x0000000140000000-0x000000fcffffffff]
[    0.000000] BIOS-e820: [mem 0x000000fd00000000-0x000000ffffffffff]  device reserved
[    0.000000] printk: legacy bootconsole [earlyser0] enabled
[    0.000000] NX (Execute Disable) protection: active
[    0.000000] APIC: Static calls initialized
[    0.000000] DMI: SMBIOS 3.0.0 present.
[    0.000000] DMI: QEMU Ubuntu 24.04 PC v2 (i440FX + PIIX, arch_caps fix, 1996), BIOS 1.16.3-debian-1.16.3-2 04/01/2014
[    0.000000] DMI: Memory slots populated: 1/1
[    0.000000] Hypervisor detected: KVM
[    0.000000] last_pfn = 0xbffe0 max_arch_pfn = 0x400000000
[    0.000000] kvm-clock: Using msrs 4b564d01 and 4b564d00
[    0.000001] kvm-clock: using sched offset of 444615042 cycles
[    0.000959] clocksource: kvm-clock: mask: 0xffffffffffffffff max_cycles: 0x1cd42e4dffb, max_idle_ns: 881590591483 ns
[    0.003812] tsc: Detected 3400.030 MHz processor
[    0.005027] e820: update [mem 0x00000000-0x00000fff] System RAM ==> device reserved
[    0.006392] e820: remove [mem 0x000a0000-0x000fffff] System RAM
[    0.007432] last_pfn = 0x140000 max_arch_pfn = 0x400000000
[    0.008514] MTRR map: 4 entries (3 fixed + 1 variable; max 19), built from 8 variable MTRRs
[    0.010020] x86/PAT: Configuration [0-7]: WB  WC  UC- UC  WB  WP  UC- WT  
Memory KASLR using RDRAND RDTSC...
[    0.011943] last_pfn = 0xbffe0 max_arch_pfn = 0x400000000
[    0.014101] found SMP MP-table at [mem 0x000f5450-0x000f545f]
[    0.015120] Using GB pages for direct mapping
[    0.015950] ACPI: Early table checksum verification disabled
[    0.016948] ACPI: RSDP 0x00000000000F5240 000014 (v00 BOCHS )
[    0.017961] ACPI: RSDT 0x00000000BFFE1F16 000034 (v01 BOCHS  BXPC     00000001 BXPC 00000001)
[    0.019447] ACPI: FACP 0x00000000BFFE1D92 000074 (v01 BOCHS  BXPC     00000001 BXPC 00000001)
[    0.020982] ACPI: DSDT 0x00000000BFFE0040 001D52 (v01 BOCHS  BXPC     00000001 BXPC 00000001)
[    0.022503] ACPI: FACS 0x00000000BFFE0000 000040
[    0.023316] ACPI: APIC 0x00000000BFFE1E06 0000B0 (v03 BOCHS  BXPC     00000001 BXPC 00000001)
[    0.024824] ACPI: HPET 0x00000000BFFE1EB6 000038 (v01 BOCHS  BXPC     00000001 BXPC 00000001)
[    0.026353] ACPI: WAET 0x00000000BFFE1EEE 000028 (v01 BOCHS  BXPC     00000001 BXPC 00000001)
[    0.027884] ACPI: Reserving FACP table memory at [mem 0xbffe1d92-0xbffe1e05]
[    0.029119] ACPI: Reserving DSDT table memory at [mem 0xbffe0040-0xbffe1d91]
[    0.030329] ACPI: Reserving FACS table memory at [mem 0xbffe0000-0xbffe003f]
[    0.031550] ACPI: Reserving APIC table memory at [mem 0xbffe1e06-0xbffe1eb5]
[    0.032793] ACPI: Reserving HPET table memory at [mem 0xbffe1eb6-0xbffe1eed]
[    0.034041] ACPI: Reserving WAET table memory at [mem 0xbffe1eee-0xbffe1f15]
[    0.035721] No NUMA configuration found
[    0.036389] Faking a node at [mem 0x0000000000000000-0x000000013fffffff]
[    0.037569] NODE_DATA(0) allocated [mem 0x13fffbc80-0x13fffffff]
[    0.039417] ACPI: PM-Timer IO Port: 0x608
[    0.040123] ACPI: LAPIC_NMI (acpi_id[0xff] dfl dfl lint[0x1])
[    0.041184] IOAPIC[0]: apic_id 0, version 17, address 0xfec00000, GSI 0-23
[    0.042382] ACPI: INT_SRC_OVR (bus 0 bus_irq 0 global_irq 2 dfl dfl)
[    0.043530] ACPI: INT_SRC_OVR (bus 0 bus_irq 5 global_irq 5 high level)
[    0.044705] ACPI: INT_SRC_OVR (bus 0 bus_irq 9 global_irq 9 high level)
[    0.045856] ACPI: INT_SRC_OVR (bus 0 bus_irq 10 global_irq 10 high level)
[    0.047047] ACPI: INT_SRC_OVR (bus 0 bus_irq 11 global_irq 11 high level)
[    0.048222] ACPI: Using ACPI (MADT) for SMP configuration information
[    0.049349] ACPI: HPET id: 0x8086a201 base: 0xfed00000
[    0.050233] TSC deadline timer available
[    0.050904] CPU topo: Max. logical packages:   1
[    0.051711] CPU topo: Max. logical nodes:      1
[    0.052510] CPU topo: Num. nodes per package:  1
[    0.053321] CPU topo: Max. logical dies:       1
[    0.054113] CPU topo: Max. dies per package:   1
[    0.054905] CPU topo: Max. threads per core:   1
[    0.055714] CPU topo: Num. cores per package:     8
[    0.056581] CPU topo: Num. threads per package:   8
[    0.057435] CPU topo: Allowing 8 present CPUs plus 0 hotplug CPUs
[    0.058500] kvm-guest: APIC: eoi() replaced with kvm_guest_apic_eoi_write()
[    0.059792] kvm-guest: KVM setup pv remote TLB flush
[    0.060684] kvm-guest: setup PV sched yield
[    0.061446] PM: hibernation: Registered nosave memory: [mem 0x00000000-0x00000fff]
[    0.062744] PM: hibernation: Registered nosave memory: [mem 0x0009f000-0x000fffff]
[    0.064060] PM: hibernation: Registered nosave memory: [mem 0xbffe0000-0xffffffff]
[    0.065417] [gap 0xc0000000-0xfeffbfff] available for PCI devices
[    0.066478] Booting paravirtualized kernel on KVM
[    0.067302] clocksource: refined-jiffies: mask: 0xffffffff max_cycles: 0xffffffff, max_idle_ns: 1910969940391419 ns
[    0.073675] Zone ranges:
[    0.074123]   DMA      [mem 0x0000000000001000-0x0000000000ffffff]
[    0.075255]   DMA32    [mem 0x0000000001000000-0x00000000ffffffff]
[    0.076333]   Normal   [mem 0x0000000100000000-0x000000013fffffff]
[    0.077442] Movable zone start for each node
[    0.078179] Early memory node ranges
[    0.078793]   node   0: [mem 0x0000000000001000-0x000000000009efff]
[    0.079900]   node   0: [mem 0x0000000000100000-0x00000000bffdffff]
[    0.080985]   node   0: [mem 0x0000000100000000-0x000000013fffffff]
[    0.082077] Initmem setup node 0 [mem 0x0000000000001000-0x000000013fffffff]
[    0.083340] On node 0, zone DMA: 1 pages in unavailable ranges
[    0.084794] On node 0, zone DMA: 97 pages in unavailable ranges
[    0.188425] On node 0, zone Normal: 32 pages in unavailable ranges
[    0.189562] setup_percpu: NR_CPUS:128 nr_cpumask_bits:8 nr_cpu_ids:8 nr_node_ids:1
[    0.194098] percpu: Embedded 58 pages/cpu s199696 r8192 d29680 u262144
[    0.195232] pcpu-alloc: s199696 r8192 d29680 u262144 alloc=1*2097152
[    0.196352] pcpu-alloc: [0] 0 1 2 3 4 5 6 7 
[    0.197140] Kernel command line: virtme_hostname=virtme-ng nr_open=1048576 virtme_link_mods=/home/prozak/sources/heimdall_experiment/uml-harness/.build/bpf-next-x86/.virtme_mods/lib/modules/0.0.0 virtme_rw_overlay0=/tmp virtme_console=ttyS0 console=ttyS0 earlyprintk=serial,ttyS0,115200 panic=-1 virtme.exec=`bW91bnQgLXQgYnBmIGJwZmZzIC9zeXMvZnMvYnBmIDI+L2Rldi9udWxsOyAuL3Rlc3RfcHJvZ3MgLXQgJ25ldF90aW1lc3RhbXBpbmcn` virtme_chdir=home/prozak/sources/heimdall_experiment/uml-harness/.build/selftests-output-qemu rootfstype=9p rootflags=version=9p2000.L,trans=virtio,access=any,msize=524288 raid=noautodetect rw debug init=/home/prozak/.local/share/vng-venv/lib/python3.12/site-packages/virtme/guest/bin/virtme-ng-init
[    0.208422] Unknown kernel command line parameters "virtme_hostname=virtme-ng nr_open=1048576 virtme_link_mods=/home/prozak/sources/heimdall_experiment/uml-harness/.build/bpf-next-x86/.virtme_mods/lib/modules/0.0.0 virtme_rw_overlay0=/tmp virtme_console=ttyS0 virtme_chdir=home/prozak/sources/heimdall_experiment/uml-harness/.build/selftests-output-qemu", will be passed to user space.
[    0.214588] random: crng init done
[    0.215194] printk: log buffer data + meta data: 2097152 + 7340032 = 9437184 bytes
[    0.223050] Dentry cache hash table entries: 524288 (order: 10, 4194304 bytes, linear)
[    0.227625] Inode-cache hash table entries: 262144 (order: 9, 2097152 bytes, linear)
[    0.229173] software IO TLB: area num 8.
[    0.338499] Fallback order for Node 0: 0 
[    0.338507] Built 1 zonelists, mobility grouping on.  Total pages: 1048446
[    0.340595] Policy zone: Normal
[    0.341158] mem auto-init: stack:all(zero), heap alloc:off, heap free:off
[    0.347477] SLUB: HWalign=64, Order=0-3, MinObjects=0, CPUs=8, Nodes=1
Poking KASLR using RDRAND RDTSC...
[    0.363125] ftrace: allocating 69757 entries in 274 pages
[    0.364171] ftrace: allocated 274 pages with 3 groups
[    0.365521] Dynamic Preempt: full
[    0.366394] Running RCU self tests
[    0.367006] Running RCU synchronous self tests
[    0.367820] rcu: Preemptible hierarchical RCU implementation.
[    0.368874] rcu: 	RCU event tracing is enabled.
[    0.369683] rcu: 	RCU lockdep checking is enabled.
[    0.370556] rcu: 	RCU restricting CPUs from NR_CPUS=128 to nr_cpu_ids=8.
[    0.371771] 	Trampoline variant of Tasks RCU enabled.
[    0.372687] 	Rude variant of Tasks RCU enabled.
[    0.373511] 	Tracing variant of Tasks RCU enabled.
[    0.374386] rcu: RCU calculated value of scheduler-enlistment delay is 100 jiffies.
[    0.375810] rcu: Adjusting geometry for rcu_fanout_leaf=16, nr_cpu_ids=8
[    0.377066] Running RCU synchronous self tests
[    0.377897] RCU Tasks: Setting shift to 3 and lim to 1 rcu_task_cb_adjust=1 rcu_task_cpu_ids=8.
[    0.379459] RCU Tasks Rude: Setting shift to 3 and lim to 1 rcu_task_cb_adjust=1 rcu_task_cpu_ids=8.
[    0.386474] NR_IRQS: 8448, nr_irqs: 488, preallocated irqs: 16
[    0.387848] rcu: srcu_init: Setting srcu_struct sizes based on contention.
[    0.389155] clocksource: jiffies: mask: 0xffffffff max_cycles: 0xffffffff, max_idle_ns: 1911260446275000 ns
[    0.391277] Console: colour *CGA 80x25
[    0.392019] printk: legacy console [ttyS0] enabled
[    0.392019] printk: legacy console [ttyS0] enabled
[    0.393796] printk: legacy bootconsole [earlyser0] disabled
[    0.393796] printk: legacy bootconsole [earlyser0] disabled
[    0.395785] Lock dependency validator: Copyright (c) 2006 Red Hat, Inc., Ingo Molnar
[    0.397183] ... MAX_LOCKDEP_SUBCLASSES:  8
[    0.397934] ... MAX_LOCK_DEPTH:          48
[    0.398715] ... MAX_LOCKDEP_KEYS:        8192
[    0.399517] ... CLASSHASH_SIZE:          4096
[    0.400360] ... MAX_LOCKDEP_ENTRIES:     32768
[    0.401178] ... MAX_LOCKDEP_CHAINS:      65536
[    0.402000] ... CHAINHASH_SIZE:          32768
[    0.402808]  memory used by lock dependency info: 6429 kB
[    0.403763]  memory used for stack traces: 4224 kB
[    0.404645]  per task-struct memory footprint: 1920 bytes
[    0.405679] ACPI: Core revision 20260408
[    0.406648] clocksource: hpet: mask: 0xffffffff max_cycles: 0xffffffff, max_idle_ns: 19112604467 ns
[    0.408529] APIC: Switch to symmetric I/O mode setup
[    0.409961] x2apic enabled
[    0.411065] APIC: Switched APIC routing to: physical x2apic
[    0.412155] kvm-guest: APIC: send_IPI_mask() replaced with kvm_send_ipi_mask()
[    0.413574] kvm-guest: APIC: send_IPI_mask_allbutself() replaced with kvm_send_ipi_mask_allbutself()
[    0.415300] kvm-guest: setup PV IPIs
[    0.418131] ..TIMER: vector=0x30 apic1=0 pin1=2 apic2=-1 pin2=-1
[    0.419314] clocksource: tsc-early: mask: 0xffffffffffffffff max_cycles: 0x31026ae6579, max_idle_ns: 440795296168 ns
[    0.421376] Calibrating delay loop (skipped) preset value.. 6800.06 BogoMIPS (lpj=3400030)
[    0.423546] x86/cpu: User Mode Instruction Prevention (UMIP) activated
[    0.425558] Last level iTLB entries: 4KB 512, 2MB 255, 4MB 127
[    0.426371] Last level dTLB entries: 4KB 512, 2MB 255, 4MB 127, 1GB 0
[    0.427380] mitigations: Enabled attack vectors: user_kernel, user_user, SMT mitigations: auto
[    0.428372] Speculative Store Bypass: Mitigation: Speculative Store Bypass disabled via prctl
[    0.429372] Speculative Return Stack Overflow: IBPB-extending microcode not applied!
[    0.430372] Speculative Return Stack Overflow: WARNING: See https://kernel.org/doc/html/latest/admin-guide/hw-vuln/srso.html for mitigation options.
[    0.430374] Transient Scheduler Attacks: Vulnerable: No microcode
[    0.432372] Spectre V2 : Mitigation: Retpolines
[    0.433371] Speculative Return Stack Overflow: Vulnerable: Safe RET, no microcode
[    0.434371] Spectre V1 : Mitigation: usercopy/swapgs barriers and __user pointer sanitization
[    0.435371] Spectre V2 : Spectre v2 / SpectreRSB: Filling RSB on context switch and VMEXIT
[    0.436371] Spectre V2 : Enabling Restricted Speculation for firmware calls
[    0.437375] Spectre V2 : mitigation: Enabling conditional Indirect Branch Prediction Barrier
[    0.438372] active return thunk: srso_alias_return_thunk
[    0.439427] x86/fpu: Supporting XSAVE feature 0x001: 'x87 floating point registers'
[    0.440373] x86/fpu: Supporting XSAVE feature 0x002: 'SSE registers'
[    0.441372] x86/fpu: Supporting XSAVE feature 0x004: 'AVX registers'
[    0.442372] x86/fpu: xstate_offset[2]:  576, xstate_sizes[2]:  256
[    0.443371] x86/fpu: Enabled xstate features 0x7, context size is 832 bytes, using 'compacted' format.
[    0.480965] pid_max: default: 32768 minimum: 301
[    0.482392] SELinux:  Initializing.
[    0.484401] LSM support for eBPF active
[    0.485669] Mount-cache hash table entries: 8192 (order: 4, 65536 bytes, linear)
[    0.487478] Mountpoint-cache hash table entries: 8192 (order: 4, 65536 bytes, linear)
[    0.490335] VFS: Finished mounting rootfs on nullfs
[    0.491931] Running RCU synchronous self tests
[    0.492374] Running RCU synchronous self tests
[    0.494757] smpboot: CPU0: AMD Ryzen 9 5950X 16-Core Processor (family: 0x19, model: 0x21, stepping: 0x2)
[    0.497611] Performance Events: Fam17h+ core perfctr, AMD PMU driver.
[    0.498400] ... version:                   0
[    0.499304] ... bit width:                 48
[    0.499377] ... generic counters:          6
[    0.500294] ... generic bitmap:            000000000000003f
[    0.500391] ... fixed-purpose counters:    0
[    0.501294] ... fixed-purpose bitmap:      0000000000000000
[    0.501379] ... value mask:                0000ffffffffffff
[    0.502376] ... max period:                00007fffffffffff
[    0.503380] ... global_ctrl mask:          000000000000003f
[    0.504720] signal: max sigframe size: 1776
[    0.505557] rcu: Hierarchical SRCU implementation.
[    0.506385] rcu: 	Max phase no-delay instances is 400.
[    0.507702] Timer migration: 1 hierarchy levels; 8 children per group; 1 crossnode level
[    0.521109] smp: Bringing up secondary CPUs ...
[    0.522244] smpboot: x86: Booting SMP configuration:
[    0.522391] .... node  #0, CPUs:      #1 #2 #3 #4 #5 #6 #7
[    0.553775] smp: Brought up 1 node, 8 CPUs
[    0.555314] smpboot: Total of 8 processors activated (54400.48 BogoMIPS)
[    0.557161] Memory: 3963788K/4193784K available (25637K kernel code, 10348K rwdata, 18032K rodata, 4668K init, 13400K bss, 221940K reserved, 0K cma-reserved)
[    0.559460] devtmpfs: initialized
[    0.563700] Running RCU synchronous self tests
[    0.564463] Running RCU synchronous self tests
[    0.565483] Running RCU Tasks wait API self tests
[    0.566430] Running RCU Tasks Rude wait API self tests
[    0.567382] Running RCU Tasks Trace wait API self tests
[    0.568496] posixtimers hash table entries: 4096 (order: 7, 294912 bytes, linear)
[    0.570608] futex hash table entries: 2048 (262144 bytes on 1 NUMA nodes, total 256 KiB, linear).
[    0.572379] PM: RTC time: 11:58:51, date: 2026-08-04
[    0.573409] Callback from call_rcu_tasks_trace() invoked.
[    0.579758] NET: Registered PF_NETLINK/PF_ROUTE protocol family
[    0.581468] audit: initializing netlink subsys (disabled)
[    0.582494] audit: type=2000 audit(1785844731.197:1): state=initialized audit_enabled=0 res=1
[    0.605751] thermal_sys: Registered thermal governor 'step_wise'
[    0.605827] cpuidle: using governor ladder
[    0.607302] cpuidle: using governor menu
[    0.609405] Freeing SMP alternatives memory: 68K
[    0.611284] PCI: Using configuration type 1 for base access
[    0.611379] PCI: Using configuration type 1 for extended access
[    0.612545] kprobes: kprobe jump-optimization is enabled. All kprobes are optimized if possible.
[    0.614589] HugeTLB: registered 1.00 GiB page size, pre-allocated 0 pages
[    0.615378] HugeTLB: 16380 KiB vmemmap can be freed for a 1.00 GiB page
[    0.616380] HugeTLB: registered 2.00 MiB page size, pre-allocated 0 pages
[    0.617379] HugeTLB: 28 KiB vmemmap can be freed for a 2.00 MiB page
[    0.623662] ACPI: Added _OSI(Module Device)
[    0.624381] ACPI: Added _OSI(Processor Device)
[    0.625379] ACPI: Added _OSI(Processor Aggregator Device)
[    0.630058] ACPI: 1 ACPI AML tables successfully acquired and loaded
[    0.633410] ACPI: \_SB_: platform _OSC: OS support mask [002a7eee]
[    0.635104] ACPI: Interpreter enabled
[    0.635446] ACPI: PM: (supports S0 S3 S4 S5)
[    0.636393] ACPI: Using IOAPIC for interrupt routing
[    0.637431] PCI: Using host bridge windows from ACPI; if necessary, use "pci=nocrs" and report a bug
[    0.638379] PCI: Using E820 reservations for host bridge windows
[    0.639751] ACPI: Enabled 2 GPEs in block 00 to 0F
[    0.656114] ACPI: PCI Root Bridge [PCI0] (domain 0000 [bus 00-ff])
[    0.656385] acpi PNP0A03:00: _OSC: OS supports [ExtendedConfig ASPM ClockPM Segments MSI HPX-Type3]
[    0.657403] acpi PNP0A03:00: _OSC: OS requested [PME PCIeCapability LTR]
[    0.658380] acpi PNP0A03:00: _OSC: platform willing to grant [PME PCIeCapability LTR]
[    0.659381] acpi PNP0A03:00: _OSC: platform retains control of PCIe features (AE_ERROR)
[    0.661182] PCI host bridge to bus 0000:00
[    0.661389] pci_bus 0000:00: root bus resource [io  0x0000-0x0cf7 window]
[    0.662380] pci_bus 0000:00: root bus resource [io  0x0d00-0xffff window]
[    0.663379] pci_bus 0000:00: root bus resource [mem 0x000a0000-0x000bffff window]
[    0.664380] pci_bus 0000:00: root bus resource [mem 0xc0000000-0xfebfffff window]
[    0.665379] pci_bus 0000:00: root bus resource [mem 0x380000000000-0x38007fffffff window]
[    0.666381] pci_bus 0000:00: root bus resource [bus 00-ff]
[    0.667798] pci 0000:00:00.0: [8086:1237] type 00 class 0x060000 conventional PCI endpoint
[    0.670002] pci 0000:00:01.0: [8086:7000] type 00 class 0x060100 conventional PCI endpoint
[    0.671831] pci 0000:00:01.1: [8086:7010] type 00 class 0x010180 conventional PCI endpoint
[    0.673237] pci 0000:00:01.1: BAR 4 [io  0xc1c0-0xc1cf]
[    0.673455] pci 0000:00:01.1: BAR 0 [io  0x01f0-0x01f7]: legacy IDE quirk
[    0.674379] pci 0000:00:01.1: BAR 1 [io  0x03f6]: legacy IDE quirk
[    0.675380] pci 0000:00:01.1: BAR 2 [io  0x0170-0x0177]: legacy IDE quirk
[    0.676380] pci 0000:00:01.1: BAR 3 [io  0x0376]: legacy IDE quirk
[    0.678109] pci 0000:00:01.3: [8086:7113] type 00 class 0x068000 conventional PCI endpoint
[    0.679125] pci 0000:00:01.3: quirk: [io  0x0600-0x063f] claimed by PIIX4 ACPI
[    0.679398] pci 0000:00:01.3: quirk: [io  0x0700-0x070f] claimed by PIIX4 SMB
[    0.681409] pci 0000:00:02.0: [1af4:1009] type 00 class 0x000200 conventional PCI endpoint
[    0.684009] pci 0000:00:02.0: BAR 0 [io  0xc000-0xc03f]
[    0.684395] pci 0000:00:02.0: BAR 1 [mem 0xfebf8000-0xfebf8fff]
[    0.685441] pci 0000:00:02.0: BAR 4 [mem 0x380000000000-0x380000003fff 64bit pref]
[    0.689488] pci 0000:00:03.0: [8086:25ab] type 00 class 0x088000 conventional PCI endpoint
[    0.691378] pci 0000:00:03.0: BAR 0 [mem 0xfebf9000-0xfebf900f]
[    0.694960] pci 0000:00:04.0: [1af4:1003] type 00 class 0x078000 conventional PCI endpoint
[    0.697083] pci 0000:00:04.0: BAR 0 [io  0xc040-0xc07f]
[    0.697397] pci 0000:00:04.0: BAR 1 [mem 0xfebfa000-0xfebfafff]
[    0.698440] pci 0000:00:04.0: BAR 4 [mem 0x380000004000-0x380000007fff 64bit pref]
[    0.702712] pci 0000:00:05.0: [1af4:1003] type 00 class 0x078000 conventional PCI endpoint
[    0.704394] pci 0000:00:05.0: BAR 0 [io  0xc080-0xc0bf]
[    0.705396] pci 0000:00:05.0: BAR 1 [mem 0xfebfb000-0xfebfbfff]
[    0.706448] pci 0000:00:05.0: BAR 4 [mem 0x380000008000-0x38000000bfff 64bit pref]
[    0.710707] pci 0000:00:06.0: [1af4:1003] type 00 class 0x078000 conventional PCI endpoint
[    0.712438] pci 0000:00:06.0: BAR 0 [io  0xc0c0-0xc0ff]
[    0.713396] pci 0000:00:06.0: BAR 1 [mem 0xfebfc000-0xfebfcfff]
[    0.714445] pci 0000:00:06.0: BAR 4 [mem 0x38000000c000-0x38000000ffff 64bit pref]
[    0.718692] pci 0000:00:07.0: [1af4:1003] type 00 class 0x078000 conventional PCI endpoint
[    0.720395] pci 0000:00:07.0: BAR 0 [io  0xc100-0xc13f]
[    0.721394] pci 0000:00:07.0: BAR 1 [mem 0xfebfd000-0xfebfdfff]
[    0.722440] pci 0000:00:07.0: BAR 4 [mem 0x380000010000-0x380000013fff 64bit pref]
[    0.726861] pci 0000:00:08.0: [1af4:1003] type 00 class 0x078000 conventional PCI endpoint
[    0.728355] pci 0000:00:08.0: BAR 0 [io  0xc140-0xc17f]
[    0.728403] pci 0000:00:08.0: BAR 1 [mem 0xfebfe000-0xfebfefff]
[    0.729438] pci 0000:00:08.0: BAR 4 [mem 0x380000014000-0x380000017fff 64bit pref]
[    0.733630] pci 0000:00:09.0: [1af4:1003] type 00 class 0x078000 conventional PCI endpoint
[    0.735378] pci 0000:00:09.0: BAR 0 [io  0xc180-0xc1bf]
[    0.736396] pci 0000:00:09.0: BAR 1 [mem 0xfebff000-0xfebfffff]
[    0.737439] pci 0000:00:09.0: BAR 4 [mem 0x380000018000-0x38000001bfff 64bit pref]
[    0.747030] ACPI: PCI: Interrupt link LNKA configured for IRQ 10
[    0.747634] ACPI: PCI: Interrupt link LNKB configured for IRQ 10
[    0.748641] ACPI: PCI: Interrupt link LNKC configured for IRQ 11
[    0.749635] ACPI: PCI: Interrupt link LNKD configured for IRQ 11
[    0.750509] ACPI: PCI: Interrupt link LNKS configured for IRQ 9
[    0.753412] iommu: Default domain type: Translated
[    0.754379] iommu: DMA domain TLB invalidation policy: lazy mode
[    0.756844] SCSI subsystem initialized
[    0.757470] libata version 3.00 loaded.
[    0.758539] ACPI: bus type USB registered
[    0.759507] usbcore: registered new interface driver usbfs
[    0.760475] usbcore: registered new interface driver hub
[    0.761418] usbcore: registered new device driver usb
[    0.762576] pps_core: LinuxPPS API ver. 1 registered
[    0.763379] pps_core: Software ver. 5.3.6 - Copyright 2005-2007 Rodolfo Giometti <giometti@linux.it>
[    0.764405] PTP clock support registered
[    0.765842] Advanced Linux Sound Architecture Driver Initialized.
[    0.767643] NetLabel: Initializing
[    0.768378] NetLabel:  domain hash size = 128
[    0.769380] NetLabel:  protocols = UNLABELED CIPSOv4 CALIPSO
[    0.770426] NetLabel:  unlabeled traffic allowed by default
[    0.771643] PCI: Using ACPI for IRQ routing
[    0.772381] PCI: pci_cache_line_size set to 64 bytes
[    0.773739] e820: register RAM buffer resource [mem 0x0009fc00-0x0009ffff]
[    0.774434] e820: register RAM buffer resource [mem 0xbffe0000-0xbfffffff]
[    0.774380] Callback from call_rcu_tasks() invoked.
[    0.775492] vgaarb: loaded
[    0.777157] hpet0: at MMIO 0xfed00000, IRQs 2, 8, 0
[    0.777378] hpet0: 3 comparators, 64-bit 100.000000 MHz counter
[    0.781809] clocksource: Switched to clocksource kvm-clock
[    0.784131] VFS: Disk quotas dquot_6.6.0
[    0.785101] VFS: Dquot-cache hash table entries: 512 (4096 bytes)
[    0.787704] pnp: PnP ACPI init
[    0.788940] pnp 00:02: [dma 2]
[    0.790691] pnp: PnP ACPI: found 4 devices
[    0.808759] clocksource: acpi_pm: mask: 0xffffff max_cycles: 0xffffff, max_idle_ns: 2085701024 ns
[    0.810957] NET: Registered PF_INET protocol family
[    0.813172] IP idents hash table entries: 65536 (order: 7, 524288 bytes, linear)
[    0.817264] tcp_listen_portaddr_hash hash table entries: 2048 (order: 6, 147456 bytes, linear)
[    0.819504] Table-perturb hash table entries: 65536 (order: 6, 262144 bytes, linear)
[    0.821264] TCP established hash table entries: 32768 (order: 6, 262144 bytes, linear)
[    0.823478] TCP bind hash table entries: 32768 (order: 11, 4718592 bytes, vmalloc hugepage)
[    0.834681] TCP: Hash tables configured (established 32768 bind 32768)
[    0.837691] MPTCP token hash table entries: 4096 (order: 7, 360448 bytes, linear)
[    0.839432] UDP hash table entries: 2048 (order: 7, 524288 bytes, linear)
[    0.842129] NET: Registered PF_UNIX/PF_LOCAL protocol family
[    0.844461] RPC: Registered named UNIX socket transport module.
[    0.845769] RPC: Registered udp transport module.
[    0.846801] RPC: Registered tcp transport module.
[    0.847816] RPC: Registered tcp-with-tls transport module.
[    0.849099] RPC: Registered tcp NFSv4.1 backchannel transport module.
[    0.851488] NET: Registered PF_XDP protocol family
[    0.852875] pci_bus 0000:00: resource 4 [io  0x0000-0x0cf7 window]
[    0.854234] pci_bus 0000:00: resource 5 [io  0x0d00-0xffff window]
[    0.855590] pci_bus 0000:00: resource 6 [mem 0x000a0000-0x000bffff window]
[    0.857058] pci_bus 0000:00: resource 7 [mem 0xc0000000-0xfebfffff window]
[    0.858543] pci_bus 0000:00: resource 8 [mem 0x380000000000-0x38007fffffff window]
[    0.860326] pci 0000:00:01.0: PIIX3: Enabling Passive Release
[    0.861631] pci 0000:00:00.0: Limiting direct PCI/PCI transfers
[    0.863090] PCI: CLS 0 bytes, default 64
[    0.864140] PCI-DMA: Using software bounce buffering for IO (SWIOTLB)
[    0.865615] software IO TLB: mapped [mem 0x00000000bbfe0000-0x00000000bffe0000] (64MB)
[    0.868388] clocksource: tsc: mask: 0xffffffffffffffff max_cycles: 0x31026ae6579, max_idle_ns: 440795296168 ns
[    0.878986] Initialise system trusted keyrings
[    0.880340] workingset: timestamp_bits=40 (anon: 35) max_order=20 bucket_order=0 (anon: 0)
[    0.883242] squashfs: version 4.0 (2009/01/31) Phillip Lougher
[    0.885252] NFS: Registering the id_resolver key type
[    0.886514] Key type id_resolver registered
[    0.887485] Key type id_legacy registered
[    0.888363] nfs4filelayout_init: NFSv4 File Layout Driver Registering...
[    0.889905] nfs4flexfilelayout_init: NFSv4 Flexfile Layout Driver Registering...
[    0.891732] fuse: init (API version 7.45)
[    0.892952] 9p: Installing v9fs 9p2000 file system support
[    0.895944] NET: Registered PF_ALG protocol family
[    0.897071] Key type asymmetric registered
[    0.897981] Asymmetric key parser 'x509' registered
[    0.899259] Block layer SCSI generic (bsg) driver version 0.4 loaded (major 248)
[    0.901510] io scheduler mq-deadline registered
[    0.902572] io scheduler kyber registered
[    0.905069] input: Power Button as /devices/platform/LNXPWRBN:00/input/input0
[    0.906925] ACPI: button: Power Button [PWRF]
[    1.036146] ACPI: \_SB_.LNKB: Enabled at IRQ 10
[    1.162101] ACPI: \_SB_.LNKD: Enabled at IRQ 11
[    1.286091] ACPI: \_SB_.LNKA: Enabled at IRQ 10
[    1.429890] kwatchdog (98) used greatest stack depth: 14776 bytes left
[    1.535351] ACPI: \_SB_.LNKC: Enabled at IRQ 11
[    1.784308] Serial: 8250/16550 driver, 4 ports, IRQ sharing enabled
[    1.786869] 00:03: ttyS0 at I/O 0x3f8 (irq = 4, base_baud = 115200) is a 16550A
[    1.945071] Non-volatile memory driver v1.3
[    1.946777] ACPI: bus type drm_connector registered
[    1.968069] brd: module loaded
[    1.981672] loop: module loaded
[    1.986985] scsi host0: ata_piix
[    1.989164] scsi host1: ata_piix
[    1.990378] ata1: PATA max MWDMA2 cmd 0x1f0 ctl 0x3f6 bmdma 0xc1c0 irq 14 lpm-pol 0
[    1.992162] ata2: PATA max MWDMA2 cmd 0x170 ctl 0x376 bmdma 0xc1c8 irq 15 lpm-pol 0
[    1.998086] tun: Universal TUN/TAP device driver, 1.6
[    1.999684] e100: Intel(R) PRO/100 Network Driver
[    2.000786] e100: Copyright(c) 1999-2006 Intel Corporation
[    2.002091] e1000: Intel(R) PRO/1000 Network Driver
[    2.003145] e1000: Copyright (c) 1999-2006 Intel Corporation.
[    2.004493] e1000e: Intel(R) PRO/1000 Network Driver
[    2.005596] e1000e: Copyright(c) 1999 - 2015 Intel Corporation.
[    2.006957] sky2: driver version 1.30
[    2.008941] usbcore: registered new interface driver usblp
[    2.010282] usbcore: registered new interface driver usb-storage
[    2.011742] i8042: PNP: PS/2 Controller [PNP0303:KBD,PNP0f13:MOU] at 0x60,0x64 irq 1,12
[    2.014878] serio: i8042 KBD port at 0x60,0x64 irq 1
[    2.016471] serio: i8042 AUX port at 0x60,0x64 irq 12
[    2.018545] rtc_cmos PNP0B00:00: RTC can wake from S4
[    2.022115] input: AT Translated Set 2 keyboard as /devices/platform/i8042/serio0/input/input1
[    2.024922] rtc_cmos PNP0B00:00: registered as rtc0
[    2.026791] rtc_cmos PNP0B00:00: alarms up to one day, y3k, 242 bytes nvram, hpet irqs
[    2.029615] Registered IR keymap rc-empty
[    2.031442] rc rc0: rc-core loopback device as /devices/virtual/rc/rc0
[    2.033994] rc rc0: lirc_dev: driver rc-loopback registered at minor = 0, raw IR receiver, raw IR transmitter
[    2.036696] input: rc-core loopback device as /devices/virtual/rc/rc0/input4
[    2.039154] intel_powerclamp: CPU does not support MWAIT
[    2.040607] device-mapper: core: CONFIG_IMA_DISABLE_HTABLE is disabled. Duplicate IMA measurements will not be recorded in the IMA log.
[    2.043606] device-mapper: ioctl: 4.50.0-ioctl (2025-04-28) initialised: dm-devel@lists.linux.dev
[    2.045601] amd_pstate: the _CPC object is not present in SBIOS or ACPI disabled
[    2.048007] hid: raw HID events driver (C) Jiri Kosina
[    2.050810] usbcore: registered new interface driver usbhid
[    2.052074] usbhid: USB HID core driver
[    2.054189] GACT probability NOT on
[    2.055017] Mirror/redirect action on
[    2.057321] nf_conntrack_irc: The irc conntrack helper is scheduled for removal.
[    2.057321] Please contact the netfilter-devel mailing list if you still need this.
[    2.062302] ipip: IPv4 and MPLS over IPv4 tunneling driver
[    2.064333] gre: GRE over IPv4 demultiplexer driver
[    2.065469] ip_gre: GRE over IPv4 tunneling driver
[    2.069130] Initializing XFRM netlink socket
[    2.070142] IPsec XFRM device driver
[    2.071092] NET: Registered PF_INET6 protocol family
[    2.074356] Segment Routing with IPv6
[    2.075186] In-situ OAM (IOAM) with IPv6
[    2.076159] mip6: Mobile IPv6
[    2.076897] sit: IPv6, IPv4 and MPLS over IPv4 tunneling driver
[    2.079754] ip6_gre: GRE over IPv6 tunneling driver
[    2.081679] NET: Registered PF_PACKET protocol family
[    2.082878] RPC: Registered rdma transport module.
[    2.083937] RPC: Registered rdma backchannel transport module.
[    2.085530] 8021q: 802.1Q VLAN Support v1.8
[    2.087429] smc: adding smcd device lo without pnetid
[    2.088849] NET: Registered PF_SMC protocol family
[    2.090403] 9pnet: Installing 9P2000 support
[    2.092897] Key type dns_resolver registered
[    2.094060] NET: Registered PF_VSOCK protocol family
[    2.095237] mpls_gso: MPLS GSO support
[    2.099887] IPI shorthand broadcast: enabled
[    2.144472] sched_clock: Marking stable (2120014985, 24214656)->(2243927072, -99697431)
[    2.148111] registered taskstats version 1
[    2.149532] ata2: found unknown device (class 0)
[    2.151850] ata2.00: ATAPI: QEMU DVD-ROM, 2.5+, max UDMA/100
[    2.155902] scsi 1:0:0:0: CD-ROM            QEMU     QEMU DVD-ROM     2.5+ PQ: 0 ANSI: 5
[    2.165499] Loading compiled-in X.509 certificates
[    2.167269] kworker/u32:1 (118) used greatest stack depth: 13008 bytes left
[    2.168715] Loaded X.509 cert 'Build time autogenerated kernel key: c4531344b9a9c1a4731230d977a262ba29ba5272'
[    2.183258] sr 1:0:0:0: [sr0] scsi3-mmc drive: 4x/4x cd/rw xa/form2 tray
[    2.208912] Demotion targets for Node 0: null
[    2.210557] ima: No TPM chip found, activating TPM-bypass!
[    2.212137] ima: Allocated hash algorithm: sha1
[    2.212288] cdrom: Uniform CD-ROM driver Revision: 3.20
[    2.214487] ima: No architecture policies found
[    2.216956] PM:   Magic number: 6:919:983
[    2.218019] netconsole: network logging started
[    2.219751] cfg80211: Loading compiled-in X.509 certificates for regulatory database
[    2.222702] Loaded X.509 cert 'sforshee: 00b28ddf47aef9cea7'
[    2.224189] Loaded X.509 cert 'wens: 61c038651aabdcf94bd0ac7ff06c7248db18c600'
[    2.226666] faux_driver regulatory: Direct firmware load for regulatory.db failed with error -2
[    2.227353] ALSA device list:
[    2.228756] cfg80211: failed to load regulatory.db
[    2.229403]   No soundcards found.
[    2.229674] sr 1:0:0:0: Attached scsi CD-ROM sr0
[    2.234095] sr 1:0:0:0: Attached scsi generic sg0 type 5
[    2.447639] input: ImExPS/2 Generic Explorer Mouse as /devices/platform/i8042/serio1/input/input3
[    2.449599] md: Skipping autodetection of RAID arrays. (raid=autodetect will force)
[    2.450960] 9p: Bad value for 'source'
[    2.451579] 9pnet: Limiting 'msize' to 512000 as this is the maximum supported by transport virtio
[    2.455175] VFS: Mounted root (9p filesystem) on device 0:22.
[    2.457096] devtmpfs: mounted
[    2.457988] VFS: Pivoted into new rootfs
[    2.463334] Freeing unused kernel image (initmem) memory: 4668K
[    2.464179] Write protecting the kernel read-only data: 45056k
[    2.466172] Freeing unused kernel image (text/rodata gap) memory: 984K
[    2.467578] Freeing unused kernel image (rodata/data gap) memory: 400K
[    2.505389] x86/mm: Checked W+X mappings: passed, no W+X pages found.
[    2.506321] Run /home/prozak/.local/share/vng-venv/lib/python3.12/site-packages/virtme/guest/bin/virtme-ng-init as init process
[    2.507822]   with arguments:
[    2.508278]     /home/prozak/.local/share/vng-venv/lib/python3.12/site-packages/virtme/guest/bin/virtme-ng-init
[    2.509656]   with environment:
[    2.510126]     HOME=/
[    2.510498]     TERM=linux
[    2.510884]     virtme_hostname=virtme-ng
[    2.511442]     nr_open=1048576
[    2.511875]     virtme_link_mods=/home/prozak/sources/heimdall_experiment/uml-harness/.build/bpf-next-x86/.virtme_mods/lib/modules/0.0.0
[    2.513563]     virtme_rw_overlay0=/tmp
[    2.514152]     virtme_console=ttyS0
[    2.514681]     virtme_chdir=home/prozak/sources/heimdall_experiment/uml-harness/.build/selftests-output-qemu
[    2.601398] virtme-ng-init: mount devtmpfs -> /dev: EBUSY: Device or resource busy
[    2.603388] virtme-ng-init: Setting hostname to virtme-ng...
[    2.643094] virtme-ng-init: running systemd-tmpfiles
[    3.855801] systemd-tmpfile (127) used greatest stack depth: 12504 bytes left
[    3.855933] virtme-ng-init: basic initialization done
[    3.873001] virtme-ng-init: error creating file: Permission denied (os error 13)
[    3.970521] ip (133) used greatest stack depth: 11848 bytes left
[    4.085682] virtme-ng-init: Starting systemd-udevd version 255.4-1ubuntu8.16
[    4.086984] virtme-ng-init: triggering udev coldplug
[    7.231642] virtme-ng-init: waiting for udev to settle
[    8.016685] virtme-ng-init: udev is done
[    8.021294] virtme-ng-init: starting script
[    8.297072] module bpf_testmod: .gnu.linkonce.this_module section size must match the kernel's built struct module size at run time
[    9.694875] smc: removing smcd device lo
[    9.763081] ACPI: PM: Preparing to enter system sleep state S5
[    9.764561] reboot: Power down
