#321/1   rbtree_btf_fail/rbtree_btf_fail__wrong_node_type:OK
#321/2   rbtree_btf_fail/rbtree_btf_fail__add_wrong_type:OK
#321     rbtree_btf_fail:OK
#322/1   rbtree_fail/rbtree_api_nolock_add:OK
#322/2   rbtree_fail/rbtree_api_nolock_remove:OK
#322/3   rbtree_fail/rbtree_api_nolock_first:OK
#322/4   rbtree_fail/rbtree_api_remove_unadded_node:OK
#322/5   rbtree_fail/rbtree_api_remove_no_drop:OK
#322/6   rbtree_fail/rbtree_api_add_to_multiple_trees:OK
#322/7   rbtree_fail/rbtree_api_use_unchecked_remove_retval:OK
#322/8   rbtree_fail/rbtree_api_add_release_unlock_escape:OK
#322/9   rbtree_fail/rbtree_api_first_release_unlock_escape:OK
#322/10  rbtree_fail/rbtree_api_add_bad_cb_bad_fn_call_add:OK
#322/11  rbtree_fail/rbtree_api_add_bad_cb_bad_fn_call_remove:OK
#322/12  rbtree_fail/rbtree_api_add_bad_cb_bad_fn_call_first_unlock_after:OK
#322     rbtree_fail:OK
#323/1   rbtree_search/rbtree_search:OK
#323/2   rbtree_search/test_root_spinlock_true:OK
#323/3   rbtree_search/test_left_spinlock_true:OK
#323/4   rbtree_search/test_right_spinlock_true:OK
#323/5   rbtree_search/test_root_spinlock_false:OK
#323/6   rbtree_search/test_left_spinlock_false:OK
#323/7   rbtree_search/test_right_spinlock_false:OK
#323     rbtree_search:OK
#324/1   rbtree_search_kptr/rbtree_search_kptr:OK
#324/2   rbtree_search_kptr/rbtree_search_kptr_ref:OK
#324/3   rbtree_search_kptr/non_own_ref_kptr_xchg_no_lock:OK
#324     rbtree_search_kptr:OK
#325/1   rbtree_success/rbtree_add_nodes:OK
#325/2   rbtree_success/rbtree_add_nodes_nested:OK
#325/3   rbtree_success/rbtree_add_and_remove:OK
#325/4   rbtree_success/rbtree_add_and_remove_array:OK
#325/5   rbtree_success/rbtree_first_and_remove:OK
#325/6   rbtree_success/rbtree_api_release_aliasing:OK
#325     rbtree_success:OK
Summary: 5/30 PASSED, 0 SKIPPED, 0 FAILED
0000effff]
[    0.000000] BIOS-e820: [mem 0x00000000000f0000-0x00000000000fffff]  device reserved
[    0.000000] BIOS-e820: [mem 0x0000000000100000-0x00000000bffdffff]  System RAM
[    0.000000] BIOS-e820: [mem 0x00000000bffe0000-0x00000000bfffffff]  device reserved
[    0.000000] BIOS-e820: [gap 0x00000000c0000000-0x00000000feffbfff]
[    0.000000] BIOS-e820: [mem 0x00000000feffc000-0x00000000feffffff]  device reserved
[    0.000000] BIOS-e820: [gap 0x00000000ff000000-0x00000000fffbffff]
[    0.000000] BIOS-e820: [mem 0x00000000fffc0000-0x00000000ffffffff]  device reserved
[    0.000000] BIOS-e820: [mem 0x0000000100000000-0x000000013fffffff]  System RAM
[    0.000000] BIOS-e820: [gap 0x0000000140000000-0x000000fcffffffff]
[    0.000000] BIOS-e820: [mem 0x000000fd00000000-0x000000ffffffffff]  device reserved
[    0.000000] printk: legacy bootconsole [earlyser0] enabled
[    0.000000] NX (Execute Disable) protection: active
[    0.000000] APIC: Static calls initialized
[    0.000000] DMI: SMBIOS 3.0.0 present.
[    0.000000] DMI: QEMU Ubuntu 24.04 PC v2 (i440FX + PIIX, arch_caps fix, 1996), BIOS 1.16.3-debian-1.16.3-2 04/01/2014
[    0.000000] DMI: Memory slots populated: 1/1
[    0.000000] Hypervisor detected: KVM
[    0.000000] last_pfn = 0xbffe0 max_arch_pfn = 0x400000000
[    0.000000] kvm-clock: Using msrs 4b564d01 and 4b564d00
[    0.000001] kvm-clock: using sched offset of 481828092 cycles
[    0.000954] clocksource: kvm-clock: mask: 0xffffffffffffffff max_cycles: 0x1cd42e4dffb, max_idle_ns: 881590591483 ns
[    0.003900] tsc: Detected 3400.038 MHz processor
[    0.005090] e820: update [mem 0x00000000-0x00000fff] System RAM ==> device reserved
[    0.006464] e820: remove [mem 0x000a0000-0x000fffff] System RAM
[    0.007493] last_pfn = 0x140000 max_arch_pfn = 0x400000000
[    0.008589] MTRR map: 4 entries (3 fixed + 1 variable; max 19), built from 8 variable MTRRs
[    0.010152] x86/PAT: Configuration [0-7]: WB  WC  UC- UC  WB  WP  UC- WT  
Memory KASLR using RDRAND RDTSC...
[    0.012061] last_pfn = 0xbffe0 max_arch_pfn = 0x400000000
[    0.014220] found SMP MP-table at [mem 0x000f5450-0x000f545f]
[    0.015266] Using GB pages for direct mapping
[    0.016148] ACPI: Early table checksum verification disabled
[    0.017157] ACPI: RSDP 0x00000000000F5240 000014 (v00 BOCHS )
[    0.018240] ACPI: RSDT 0x00000000BFFE1F16 000034 (v01 BOCHS  BXPC     00000001 BXPC 00000001)
[    0.019744] ACPI: FACP 0x00000000BFFE1D92 000074 (v01 BOCHS  BXPC     00000001 BXPC 00000001)
[    0.021252] ACPI: DSDT 0x00000000BFFE0040 001D52 (v01 BOCHS  BXPC     00000001 BXPC 00000001)
[    0.022814] ACPI: FACS 0x00000000BFFE0000 000040
[    0.023615] ACPI: APIC 0x00000000BFFE1E06 0000B0 (v03 BOCHS  BXPC     00000001 BXPC 00000001)
[    0.025110] ACPI: HPET 0x00000000BFFE1EB6 000038 (v01 BOCHS  BXPC     00000001 BXPC 00000001)
[    0.026619] ACPI: WAET 0x00000000BFFE1EEE 000028 (v01 BOCHS  BXPC     00000001 BXPC 00000001)
[    0.028126] ACPI: Reserving FACP table memory at [mem 0xbffe1d92-0xbffe1e05]
[    0.029373] ACPI: Reserving DSDT table memory at [mem 0xbffe0040-0xbffe1d91]
[    0.030625] ACPI: Reserving FACS table memory at [mem 0xbffe0000-0xbffe003f]
[    0.031872] ACPI: Reserving APIC table memory at [mem 0xbffe1e06-0xbffe1eb5]
[    0.033093] ACPI: Reserving HPET table memory at [mem 0xbffe1eb6-0xbffe1eed]
[    0.034387] ACPI: Reserving WAET table memory at [mem 0xbffe1eee-0xbffe1f15]
[    0.036092] No NUMA configuration found
[    0.036761] Faking a node at [mem 0x0000000000000000-0x000000013fffffff]
[    0.037936] NODE_DATA(0) allocated [mem 0x13fff9c80-0x13fffdfff]
[    0.039810] ACPI: PM-Timer IO Port: 0x608
[    0.040539] ACPI: LAPIC_NMI (acpi_id[0xff] dfl dfl lint[0x1])
[    0.041581] IOAPIC[0]: apic_id 0, version 17, address 0xfec00000, GSI 0-23
[    0.042806] ACPI: INT_SRC_OVR (bus 0 bus_irq 0 global_irq 2 dfl dfl)
[    0.043922] ACPI: INT_SRC_OVR (bus 0 bus_irq 5 global_irq 5 high level)
[    0.045080] ACPI: INT_SRC_OVR (bus 0 bus_irq 9 global_irq 9 high level)
[    0.046241] ACPI: INT_SRC_OVR (bus 0 bus_irq 10 global_irq 10 high level)
[    0.047458] ACPI: INT_SRC_OVR (bus 0 bus_irq 11 global_irq 11 high level)
[    0.048666] ACPI: Using ACPI (MADT) for SMP configuration information
[    0.049800] ACPI: HPET id: 0x8086a201 base: 0xfed00000
[    0.050741] TSC deadline timer available
[    0.051458] CPU topo: Max. logical packages:   1
[    0.052299] CPU topo: Max. logical nodes:      1
[    0.053131] CPU topo: Num. nodes per package:  1
[    0.053947] CPU topo: Max. logical dies:       1
[    0.054745] CPU topo: Max. dies per package:   1
[    0.055560] CPU topo: Max. threads per core:   1
[    0.056401] CPU topo: Num. cores per package:     8
[    0.057273] CPU topo: Num. threads per package:   8
[    0.058134] CPU topo: Allowing 8 present CPUs plus 0 hotplug CPUs
[    0.059207] kvm-guest: APIC: eoi() replaced with kvm_guest_apic_eoi_write()
[    0.060485] kvm-guest: KVM setup pv remote TLB flush
[    0.061367] kvm-guest: setup PV sched yield
[    0.062114] PM: hibernation: Registered nosave memory: [mem 0x00000000-0x00000fff]
[    0.063421] PM: hibernation: Registered nosave memory: [mem 0x0009f000-0x000fffff]
[    0.064828] PM: hibernation: Registered nosave memory: [mem 0xbffe0000-0xffffffff]
[    0.066198] [gap 0xc0000000-0xfeffbfff] available for PCI devices
[    0.067250] Booting paravirtualized kernel on KVM
[    0.068084] clocksource: refined-jiffies: mask: 0xffffffff max_cycles: 0xffffffff, max_idle_ns: 1910969940391419 ns
[    0.074650] Zone ranges:
[    0.075107]   DMA      [mem 0x0000000000001000-0x0000000000ffffff]
[    0.076212]   DMA32    [mem 0x0000000001000000-0x00000000ffffffff]
[    0.077335]   Normal   [mem 0x0000000100000000-0x000000013fffffff]
[    0.078453] Movable zone start for each node
[    0.079193] Early memory node ranges
[    0.079810]   node   0: [mem 0x0000000000001000-0x000000000009efff]
[    0.080948]   node   0: [mem 0x0000000000100000-0x00000000bffdffff]
[    0.082069]   node   0: [mem 0x0000000100000000-0x000000013fffffff]
[    0.083171] Initmem setup node 0 [mem 0x0000000000001000-0x000000013fffffff]
[    0.084442] On node 0, zone DMA: 1 pages in unavailable ranges
[    0.085960] On node 0, zone DMA: 97 pages in unavailable ranges
[    0.215666] On node 0, zone Normal: 32 pages in unavailable ranges
[    0.216835] setup_percpu: NR_CPUS:128 nr_cpumask_bits:8 nr_cpu_ids:8 nr_node_ids:1
[    0.222434] percpu: Embedded 58 pages/cpu s199696 r8192 d29680 u262144
[    0.223686] pcpu-alloc: s199696 r8192 d29680 u262144 alloc=1*2097152
[    0.224823] pcpu-alloc: [0] 0 1 2 3 4 5 6 7 
[    0.225678] Kernel command line: virtme_hostname=virtme-ng nr_open=1048576 virtme_link_mods=/home/prozak/sources/heimdall_experiment/uml-harness/.build/bpf-next-x86/.virtme_mods/lib/modules/0.0.0 virtme_rw_overlay0=/tmp virtme_console=ttyS0 console=ttyS0 earlyprintk=serial,ttyS0,115200 panic=-1 virtme.exec=`Li90ZXN0X3Byb2dzIC10ICdyYnRyZWUn` virtme_chdir=home/prozak/sources/heimdall_experiment/uml-harness/.build/selftests-output-qemu rootfstype=9p rootflags=version=9p2000.L,trans=virtio,access=any,msize=524288 raid=noautodetect rw debug init=/home/prozak/.local/share/vng-venv/lib/python3.12/site-packages/virtme/guest/bin/virtme-ng-init
[    0.236078] Unknown kernel command line parameters "virtme_hostname=virtme-ng nr_open=1048576 virtme_link_mods=/home/prozak/sources/heimdall_experiment/uml-harness/.build/bpf-next-x86/.virtme_mods/lib/modules/0.0.0 virtme_rw_overlay0=/tmp virtme_console=ttyS0 virtme_chdir=home/prozak/sources/heimdall_experiment/uml-harness/.build/selftests-output-qemu", will be passed to user space.
[    0.242313] random: crng init done
[    0.242925] printk: log buffer data + meta data: 2097152 + 7340032 = 9437184 bytes
[    0.252667] Dentry cache hash table entries: 524288 (order: 10, 4194304 bytes, linear)
[    0.258151] Inode-cache hash table entries: 262144 (order: 9, 2097152 bytes, linear)
[    0.259719] software IO TLB: area num 8.
[    0.398315] Fallback order for Node 0: 0 
[    0.398322] Built 1 zonelists, mobility grouping on.  Total pages: 1048446
[    0.400318] Policy zone: Normal
[    0.400864] mem auto-init: stack:all(zero), heap alloc:off, heap free:off
[    0.407370] SLUB: HWalign=64, Order=0-3, MinObjects=0, CPUs=8, Nodes=1
Poking KASLR using RDRAND RDTSC...
[    0.423505] ftrace: allocating 69757 entries in 274 pages
[    0.424535] ftrace: allocated 274 pages with 3 groups
[    0.426049] Dynamic Preempt: full
[    0.426959] Running RCU self tests
[    0.427578] Running RCU synchronous self tests
[    0.428395] rcu: Preemptible hierarchical RCU implementation.
[    0.429464] rcu: 	RCU event tracing is enabled.
[    0.430294] rcu: 	RCU lockdep checking is enabled.
[    0.431170] rcu: 	RCU restricting CPUs from NR_CPUS=128 to nr_cpu_ids=8.
[    0.432391] 	Trampoline variant of Tasks RCU enabled.
[    0.433295] 	Rude variant of Tasks RCU enabled.
[    0.434171] 	Tracing variant of Tasks RCU enabled.
[    0.435029] rcu: RCU calculated value of scheduler-enlistment delay is 100 jiffies.
[    0.436436] rcu: Adjusting geometry for rcu_fanout_leaf=16, nr_cpu_ids=8
[    0.437717] Running RCU synchronous self tests
[    0.438542] RCU Tasks: Setting shift to 3 and lim to 1 rcu_task_cb_adjust=1 rcu_task_cpu_ids=8.
[    0.440154] RCU Tasks Rude: Setting shift to 3 and lim to 1 rcu_task_cb_adjust=1 rcu_task_cpu_ids=8.
[    0.447726] NR_IRQS: 8448, nr_irqs: 488, preallocated irqs: 16
[    0.449174] rcu: srcu_init: Setting srcu_struct sizes based on contention.
[    0.450483] clocksource: jiffies: mask: 0xffffffff max_cycles: 0xffffffff, max_idle_ns: 1911260446275000 ns
[    0.452707] Console: colour *CGA 80x25
[    0.453458] printk: legacy console [ttyS0] enabled
[    0.453458] printk: legacy console [ttyS0] enabled
[    0.455248] printk: legacy bootconsole [earlyser0] disabled
[    0.455248] printk: legacy bootconsole [earlyser0] disabled
[    0.457332] Lock dependency validator: Copyright (c) 2006 Red Hat, Inc., Ingo Molnar
[    0.458789] ... MAX_LOCKDEP_SUBCLASSES:  8
[    0.459549] ... MAX_LOCK_DEPTH:          48
[    0.460342] ... MAX_LOCKDEP_KEYS:        8192
[    0.461201] ... CLASSHASH_SIZE:          4096
[    0.462008] ... MAX_LOCKDEP_ENTRIES:     32768
[    0.462852] ... MAX_LOCKDEP_CHAINS:      65536
[    0.463690] ... CHAINHASH_SIZE:          32768
[    0.464517]  memory used by lock dependency info: 6429 kB
[    0.465497]  memory used for stack traces: 4224 kB
[    0.466382]  per task-struct memory footprint: 1920 bytes
[    0.467458] ACPI: Core revision 20260408
[    0.468428] clocksource: hpet: mask: 0xffffffff max_cycles: 0xffffffff, max_idle_ns: 19112604467 ns
[    0.470288] APIC: Switch to symmetric I/O mode setup
[    0.471626] x2apic enabled
[    0.472683] APIC: Switched APIC routing to: physical x2apic
[    0.473750] kvm-guest: APIC: send_IPI_mask() replaced with kvm_send_ipi_mask()
[    0.475162] kvm-guest: APIC: send_IPI_mask_allbutself() replaced with kvm_send_ipi_mask_allbutself()
[    0.476932] kvm-guest: setup PV IPIs
[    0.479726] ..TIMER: vector=0x30 apic1=0 pin1=2 apic2=-1 pin2=-1
[    0.480906] clocksource: tsc-early: mask: 0xffffffffffffffff max_cycles: 0x31027285e94, max_idle_ns: 440795238296 ns
[    0.482885] Calibrating delay loop (skipped) preset value.. 6800.07 BogoMIPS (lpj=3400038)
[    0.484475] x86/cpu: User Mode Instruction Prevention (UMIP) activated
[    0.486219] Last level iTLB entries: 4KB 512, 2MB 255, 4MB 127
[    0.486882] Last level dTLB entries: 4KB 512, 2MB 255, 4MB 127, 1GB 0
[    0.487890] mitigations: Enabled attack vectors: user_kernel, user_user, SMT mitigations: auto
[    0.488883] Speculative Store Bypass: Mitigation: Speculative Store Bypass disabled via prctl
[    0.489882] Speculative Return Stack Overflow: IBPB-extending microcode not applied!
[    0.490882] Speculative Return Stack Overflow: WARNING: See https://kernel.org/doc/html/latest/admin-guide/hw-vuln/srso.html for mitigation options.
[    0.490883] Transient Scheduler Attacks: Vulnerable: No microcode
[    0.492882] Spectre V2 : Mitigation: Retpolines
[    0.493882] Speculative Return Stack Overflow: Vulnerable: Safe RET, no microcode
[    0.494882] Spectre V1 : Mitigation: usercopy/swapgs barriers and __user pointer sanitization
[    0.495882] Spectre V2 : Spectre v2 / SpectreRSB: Filling RSB on context switch and VMEXIT
[    0.496882] Spectre V2 : Enabling Restricted Speculation for firmware calls
[    0.497884] Spectre V2 : mitigation: Enabling conditional Indirect Branch Prediction Barrier
[    0.498883] active return thunk: srso_alias_return_thunk
[    0.499931] x86/fpu: Supporting XSAVE feature 0x001: 'x87 floating point registers'
[    0.500882] x86/fpu: Supporting XSAVE feature 0x002: 'SSE registers'
[    0.501882] x86/fpu: Supporting XSAVE feature 0x004: 'AVX registers'
[    0.502882] x86/fpu: xstate_offset[2]:  576, xstate_sizes[2]:  256
[    0.503882] x86/fpu: Enabled xstate features 0x7, context size is 832 bytes, using 'compacted' format.
[    0.537817] pid_max: default: 32768 minimum: 301
[    0.538983] SELinux:  Initializing.
[    0.540880] LSM support for eBPF active
[    0.542037] Mount-cache hash table entries: 8192 (order: 4, 65536 bytes, linear)
[    0.543043] Mountpoint-cache hash table entries: 8192 (order: 4, 65536 bytes, linear)
[    0.545408] VFS: Finished mounting rootfs on nullfs
[    0.547820] Running RCU synchronous self tests
[    0.547884] Running RCU synchronous self tests
[    0.550229] smpboot: CPU0: AMD Ryzen 9 5950X 16-Core Processor (family: 0x19, model: 0x21, stepping: 0x2)
[    0.553176] Performance Events: Fam17h+ core perfctr, AMD PMU driver.
[    0.553909] ... version:                   0
[    0.554788] ... bit width:                 48
[    0.554887] ... generic counters:          6
[    0.555853] ... generic bitmap:            000000000000003f
[    0.555890] ... fixed-purpose counters:    0
[    0.556772] ... fixed-purpose bitmap:      0000000000000000
[    0.556889] ... value mask:                0000ffffffffffff
[    0.557890] ... max period:                00007fffffffffff
[    0.558888] ... global_ctrl mask:          000000000000003f
[    0.560211] signal: max sigframe size: 1776
[    0.561118] rcu: Hierarchical SRCU implementation.
[    0.561892] rcu: 	Max phase no-delay instances is 400.
[    0.563224] Timer migration: 1 hierarchy levels; 8 children per group; 1 crossnode level
[    0.575800] smp: Bringing up secondary CPUs ...
[    0.580080] smpboot: x86: Booting SMP configuration:
[    0.580890] .... node  #0, CPUs:      #1 #2 #3 #4 #5 #6 #7
[    0.606276] smp: Brought up 1 node, 8 CPUs
[    0.607787] smpboot: Total of 8 processors activated (54400.60 BogoMIPS)
[    0.609663] Memory: 3963792K/4193784K available (25637K kernel code, 10348K rwdata, 18032K rodata, 4668K init, 13400K bss, 221940K reserved, 0K cma-reserved)
[    0.611211] devtmpfs: initialized
[    0.614762] Running RCU synchronous self tests
[    0.615911] Running RCU synchronous self tests
[    0.617913] Running RCU Tasks wait API self tests
[    0.618941] Running RCU Tasks Rude wait API self tests
[    0.619892] Running RCU Tasks Trace wait API self tests
[    0.621940] posixtimers hash table entries: 4096 (order: 7, 294912 bytes, linear)
[    0.624031] futex hash table entries: 2048 (262144 bytes on 1 NUMA nodes, total 256 KiB, linear).
[    0.626890] PM: RTC time: 16:40:38, date: 2026-08-02
[    0.627910] Callback from call_rcu_tasks_trace() invoked.
[    0.632091] NET: Registered PF_NETLINK/PF_ROUTE protocol family
[    0.634880] audit: initializing netlink subsys (disabled)
[    0.635970] audit: type=2000 audit(1785688838.554:1): state=initialized audit_enabled=0 res=1
[    0.659406] thermal_sys: Registered thermal governor 'step_wise'
[    0.659917] cpuidle: using governor ladder
[    0.661889] cpuidle: using governor menu
[    0.664103] Freeing SMP alternatives memory: 68K
[    0.665781] PCI: Using configuration type 1 for base access
[    0.666889] PCI: Using configuration type 1 for extended access
[    0.668052] kprobes: kprobe jump-optimization is enabled. All kprobes are optimized if possible.
[    0.671143] HugeTLB: registered 1.00 GiB page size, pre-allocated 0 pages
[    0.672891] HugeTLB: 16380 KiB vmemmap can be freed for a 1.00 GiB page
[    0.673891] HugeTLB: registered 2.00 MiB page size, pre-allocated 0 pages
[    0.675889] HugeTLB: 28 KiB vmemmap can be freed for a 2.00 MiB page
[    0.682100] ACPI: Added _OSI(Module Device)
[    0.682889] ACPI: Added _OSI(Processor Device)
[    0.683892] ACPI: Added _OSI(Processor Aggregator Device)
[    0.688374] ACPI: 1 ACPI AML tables successfully acquired and loaded
[    0.693930] ACPI: \_SB_: platform _OSC: OS support mask [002a7eee]
[    0.695690] ACPI: Interpreter enabled
[    0.695958] ACPI: PM: (supports S0 S3 S4 S5)
[    0.696880] ACPI: Using IOAPIC for interrupt routing
[    0.697939] PCI: Using host bridge windows from ACPI; if necessary, use "pci=nocrs" and report a bug
[    0.699891] PCI: Using E820 reservations for host bridge windows
[    0.702284] ACPI: Enabled 2 GPEs in block 00 to 0F
[    0.717704] ACPI: PCI Root Bridge [PCI0] (domain 0000 [bus 00-ff])
[    0.718895] acpi PNP0A03:00: _OSC: OS supports [ExtendedConfig ASPM ClockPM Segments MSI HPX-Type3]
[    0.720902] acpi PNP0A03:00: _OSC: OS requested [PME PCIeCapability LTR]
[    0.721890] acpi PNP0A03:00: _OSC: platform willing to grant [PME PCIeCapability LTR]
[    0.723891] acpi PNP0A03:00: _OSC: platform retains control of PCIe features (AE_ERROR)
[    0.725671] PCI host bridge to bus 0000:00
[    0.726901] pci_bus 0000:00: root bus resource [io  0x0000-0x0cf7 window]
[    0.727891] pci_bus 0000:00: root bus resource [io  0x0d00-0xffff window]
[    0.728889] pci_bus 0000:00: root bus resource [mem 0x000a0000-0x000bffff window]
[    0.730892] pci_bus 0000:00: root bus resource [mem 0xc0000000-0xfebfffff window]
[    0.732891] pci_bus 0000:00: root bus resource [mem 0x380000000000-0x38007fffffff window]
[    0.733891] pci_bus 0000:00: root bus resource [bus 00-ff]
[    0.735296] pci 0000:00:00.0: [8086:1237] type 00 class 0x060000 conventional PCI endpoint
[    0.738400] pci 0000:00:01.0: [8086:7000] type 00 class 0x060100 conventional PCI endpoint
[    0.741276] pci 0000:00:01.1: [8086:7010] type 00 class 0x010180 conventional PCI endpoint
[    0.743979] pci 0000:00:01.1: BAR 4 [io  0xc1c0-0xc1cf]
[    0.745966] pci 0000:00:01.1: BAR 0 [io  0x01f0-0x01f7]: legacy IDE quirk
[    0.746890] pci 0000:00:01.1: BAR 1 [io  0x03f6]: legacy IDE quirk
[    0.747891] pci 0000:00:01.1: BAR 2 [io  0x0170-0x0177]: legacy IDE quirk
[    0.749888] pci 0000:00:01.1: BAR 3 [io  0x0376]: legacy IDE quirk
[    0.751568] pci 0000:00:01.3: [8086:7113] type 00 class 0x068000 conventional PCI endpoint
[    0.753634] pci 0000:00:01.3: quirk: [io  0x0600-0x063f] claimed by PIIX4 ACPI
[    0.754907] pci 0000:00:01.3: quirk: [io  0x0700-0x070f] claimed by PIIX4 SMB
[    0.757877] pci 0000:00:02.0: [1af4:1009] type 00 class 0x000200 conventional PCI endpoint
[    0.761909] pci 0000:00:02.0: BAR 0 [io  0xc000-0xc03f]
[    0.762908] pci 0000:00:02.0: BAR 1 [mem 0xfebf8000-0xfebf8fff]
[    0.763949] pci 0000:00:02.0: BAR 4 [mem 0x380000000000-0x380000003fff 64bit pref]
[    0.768844] pci 0000:00:03.0: [8086:25ab] type 00 class 0x088000 conventional PCI endpoint
[    0.771909] pci 0000:00:03.0: BAR 0 [mem 0xfebf9000-0xfebf900f]
[    0.775326] pci 0000:00:04.0: [1af4:1003] type 00 class 0x078000 conventional PCI endpoint
[    0.779909] pci 0000:00:04.0: BAR 0 [io  0xc040-0xc07f]
[    0.780909] pci 0000:00:04.0: BAR 1 [mem 0xfebfa000-0xfebfafff]
[    0.781967] pci 0000:00:04.0: BAR 4 [mem 0x380000004000-0x380000007fff 64bit pref]
[    0.786978] pci 0000:00:05.0: [1af4:1003] type 00 class 0x078000 conventional PCI endpoint
[    0.789908] pci 0000:00:05.0: BAR 0 [io  0xc080-0xc0bf]
[    0.790908] pci 0000:00:05.0: BAR 1 [mem 0xfebfb000-0xfebfbfff]
[    0.791951] pci 0000:00:05.0: BAR 4 [mem 0x380000008000-0x38000000bfff 64bit pref]
[    0.796063] pci 0000:00:06.0: [1af4:1003] type 00 class 0x078000 conventional PCI endpoint
[    0.799376] pci 0000:00:06.0: BAR 0 [io  0xc0c0-0xc0ff]
[    0.800908] pci 0000:00:06.0: BAR 1 [mem 0xfebfc000-0xfebfcfff]
[    0.802005] pci 0000:00:06.0: BAR 4 [mem 0x38000000c000-0x38000000ffff 64bit pref]
[    0.807218] pci 0000:00:07.0: [1af4:1003] type 00 class 0x078000 conventional PCI endpoint
[    0.809880] pci 0000:00:07.0: BAR 0 [io  0xc100-0xc13f]
[    0.810907] pci 0000:00:07.0: BAR 1 [mem 0xfebfd000-0xfebfdfff]
[    0.811952] pci 0000:00:07.0: BAR 4 [mem 0x380000010000-0x380000013fff 64bit pref]
[    0.817009] pci 0000:00:08.0: [1af4:1003] type 00 class 0x078000 conventional PCI endpoint
[    0.819116] pci 0000:00:08.0: BAR 0 [io  0xc140-0xc17f]
[    0.820907] pci 0000:00:08.0: BAR 1 [mem 0xfebfe000-0xfebfefff]
[    0.821952] pci 0000:00:08.0: BAR 4 [mem 0x380000014000-0x380000017fff 64bit pref]
[    0.826042] pci 0000:00:09.0: [1af4:1003] type 00 class 0x078000 conventional PCI endpoint
[    0.828910] pci 0000:00:09.0: BAR 0 [io  0xc180-0xc1bf]
[    0.829907] pci 0000:00:09.0: BAR 1 [mem 0xfebff000-0xfebfffff]
[    0.831952] pci 0000:00:09.0: BAR 4 [mem 0x380000018000-0x38000001bfff 64bit pref]
[    0.840959] ACPI: PCI: Interrupt link LNKA configured for IRQ 10
[    0.842178] ACPI: PCI: Interrupt link LNKB configured for IRQ 10
[    0.844149] ACPI: PCI: Interrupt link LNKC configured for IRQ 11
[    0.845169] ACPI: PCI: Interrupt link LNKD configured for IRQ 11
[    0.847021] ACPI: PCI: Interrupt link LNKS configured for IRQ 9
[    0.849969] iommu: Default domain type: Translated
[    0.850890] iommu: DMA domain TLB invalidation policy: lazy mode
[    0.853331] SCSI subsystem initialized
[    0.854942] libata version 3.00 loaded.
[    0.856027] ACPI: bus type USB registered
[    0.856027] usbcore: registered new interface driver usbfs
[    0.857970] usbcore: registered new interface driver hub
[    0.858951] usbcore: registered new device driver usb
[    0.860039] pps_core: LinuxPPS API ver. 1 registered
[    0.860888] pps_core: Software ver. 5.3.6 - Copyright 2005-2007 Rodolfo Giometti <giometti@linux.it>
[    0.862904] PTP clock support registered
[    0.864403] Advanced Linux Sound Architecture Driver Initialized.
[    0.867135] NetLabel: Initializing
[    0.867880] NetLabel:  domain hash size = 128
[    0.868894] NetLabel:  protocols = UNLABELED CIPSOv4 CALIPSO
[    0.869942] NetLabel:  unlabeled traffic allowed by default
[    0.872249] PCI: Using ACPI for IRQ routing
[    0.872891] PCI: pci_cache_line_size set to 64 bytes
[    0.874259] e820: register RAM buffer resource [mem 0x0009fc00-0x0009ffff]
[    0.875924] e820: register RAM buffer resource [mem 0xbffe0000-0xbfffffff]
[    0.877016] vgaarb: loaded
[    0.877923] hpet0: at MMIO 0xfed00000, IRQs 2, 8, 0
[    0.878890] hpet0: 3 comparators, 64-bit 100.000000 MHz counter
[    0.884889] clocksource: Switched to clocksource kvm-clock
[    0.887491] VFS: Disk quotas dquot_6.6.0
[    0.888374] VFS: Dquot-cache hash table entries: 512 (4096 bytes)
[    0.890913] pnp: PnP ACPI init
[    0.892070] pnp 00:02: [dma 2]
[    0.893691] pnp: PnP ACPI: found 4 devices
[    0.911842] clocksource: acpi_pm: mask: 0xffffff max_cycles: 0xffffff, max_idle_ns: 2085701024 ns
[    0.914081] NET: Registered PF_INET protocol family
[    0.916679] IP idents hash table entries: 65536 (order: 7, 524288 bytes, linear)
[    0.921020] tcp_listen_portaddr_hash hash table entries: 2048 (order: 6, 147456 bytes, linear)
[    0.923284] Table-perturb hash table entries: 65536 (order: 6, 262144 bytes, linear)
[    0.925008] TCP established hash table entries: 32768 (order: 6, 262144 bytes, linear)
[    0.927406] TCP bind hash table entries: 32768 (order: 11, 4718592 bytes, vmalloc hugepage)
[    0.931747] Callback from call_rcu_tasks() invoked.
[    0.942075] TCP: Hash tables configured (established 32768 bind 32768)
[    0.945283] MPTCP token hash table entries: 4096 (order: 7, 360448 bytes, linear)
[    0.947061] UDP hash table entries: 2048 (order: 7, 524288 bytes, linear)
[    0.949851] NET: Registered PF_UNIX/PF_LOCAL protocol family
[    0.951964] RPC: Registered named UNIX socket transport module.
[    0.953347] RPC: Registered udp transport module.
[    0.954433] RPC: Registered tcp transport module.
[    0.955470] RPC: Registered tcp-with-tls transport module.
[    0.956685] RPC: Registered tcp NFSv4.1 backchannel transport module.
[    0.958954] NET: Registered PF_XDP protocol family
[    0.960067] pci_bus 0000:00: resource 4 [io  0x0000-0x0cf7 window]
[    0.961410] pci_bus 0000:00: resource 5 [io  0x0d00-0xffff window]
[    0.962799] pci_bus 0000:00: resource 6 [mem 0x000a0000-0x000bffff window]
[    0.964327] pci_bus 0000:00: resource 7 [mem 0xc0000000-0xfebfffff window]
[    0.965808] pci_bus 0000:00: resource 8 [mem 0x380000000000-0x38007fffffff window]
[    0.967618] pci 0000:00:01.0: PIIX3: Enabling Passive Release
[    0.968949] pci 0000:00:00.0: Limiting direct PCI/PCI transfers
[    0.970476] PCI: CLS 0 bytes, default 64
[    0.971516] PCI-DMA: Using software bounce buffering for IO (SWIOTLB)
[    0.972955] software IO TLB: mapped [mem 0x00000000bbfe0000-0x00000000bffe0000] (64MB)
[    0.975856] clocksource: tsc: mask: 0xffffffffffffffff max_cycles: 0x31027285e94, max_idle_ns: 440795238296 ns
[    0.986814] Initialise system trusted keyrings
[    0.988223] workingset: timestamp_bits=40 (anon: 35) max_order=20 bucket_order=0 (anon: 0)
[    0.991036] squashfs: version 4.0 (2009/01/31) Phillip Lougher
[    0.992889] NFS: Registering the id_resolver key type
[    0.994034] Key type id_resolver registered
[    0.995011] Key type id_legacy registered
[    0.995931] nfs4filelayout_init: NFSv4 File Layout Driver Registering...
[    0.997481] nfs4flexfilelayout_init: NFSv4 Flexfile Layout Driver Registering...
[    0.999334] fuse: init (API version 7.45)
[    1.000626] 9p: Installing v9fs 9p2000 file system support
[    1.003884] NET: Registered PF_ALG protocol family
[    1.005034] Key type asymmetric registered
[    1.005973] Asymmetric key parser 'x509' registered
[    1.007135] Block layer SCSI generic (bsg) driver version 0.4 loaded (major 248)
[    1.009359] io scheduler mq-deadline registered
[    1.010437] io scheduler kyber registered
[    1.012713] input: Power Button as /devices/platform/LNXPWRBN:00/input/input0
[    1.014640] ACPI: button: Power Button [PWRF]
[    1.144177] ACPI: \_SB_.LNKB: Enabled at IRQ 10
[    1.271856] ACPI: \_SB_.LNKD: Enabled at IRQ 11
[    1.399537] ACPI: \_SB_.LNKA: Enabled at IRQ 10
[    1.510242] kwatchdog (98) used greatest stack depth: 14776 bytes left
[    1.650424] ACPI: \_SB_.LNKC: Enabled at IRQ 11
[    1.900779] Serial: 8250/16550 driver, 4 ports, IRQ sharing enabled
[    1.903343] 00:03: ttyS0 at I/O 0x3f8 (irq = 4, base_baud = 115200) is a 16550A
[    2.064801] Non-volatile memory driver v1.3
[    2.066643] ACPI: bus type drm_connector registered
[    2.089321] brd: module loaded
[    2.103291] loop: module loaded
[    2.108560] scsi host0: ata_piix
[    2.110321] scsi host1: ata_piix
[    2.111383] ata1: PATA max MWDMA2 cmd 0x1f0 ctl 0x3f6 bmdma 0xc1c0 irq 14 lpm-pol 0
[    2.113070] ata2: PATA max MWDMA2 cmd 0x170 ctl 0x376 bmdma 0xc1c8 irq 15 lpm-pol 0
[    2.119029] tun: Universal TUN/TAP device driver, 1.6
[    2.120663] e100: Intel(R) PRO/100 Network Driver
[    2.121739] e100: Copyright(c) 1999-2006 Intel Corporation
[    2.123051] e1000: Intel(R) PRO/1000 Network Driver
[    2.124158] e1000: Copyright (c) 1999-2006 Intel Corporation.
[    2.125527] e1000e: Intel(R) PRO/1000 Network Driver
[    2.126660] e1000e: Copyright(c) 1999 - 2015 Intel Corporation.
[    2.128041] sky2: driver version 1.30
[    2.130195] usbcore: registered new interface driver usblp
[    2.131582] usbcore: registered new interface driver usb-storage
[    2.133024] i8042: PNP: PS/2 Controller [PNP0303:KBD,PNP0f13:MOU] at 0x60,0x64 irq 1,12
[    2.136369] serio: i8042 KBD port at 0x60,0x64 irq 1
[    2.137558] serio: i8042 AUX port at 0x60,0x64 irq 12
[    2.140743] rtc_cmos PNP0B00:00: RTC can wake from S4
[    2.143517] input: AT Translated Set 2 keyboard as /devices/platform/i8042/serio0/input/input1
[    2.146336] rtc_cmos PNP0B00:00: registered as rtc0
[    2.147797] rtc_cmos PNP0B00:00: alarms up to one day, y3k, 242 bytes nvram, hpet irqs
[    2.150744] Registered IR keymap rc-empty
[    2.152283] rc rc0: rc-core loopback device as /devices/virtual/rc/rc0
[    2.154935] rc rc0: lirc_dev: driver rc-loopback registered at minor = 0, raw IR receiver, raw IR transmitter
[    2.157753] input: rc-core loopback device as /devices/virtual/rc/rc0/input4
[    2.160549] intel_powerclamp: CPU does not support MWAIT
[    2.161899] device-mapper: core: CONFIG_IMA_DISABLE_HTABLE is disabled. Duplicate IMA measurements will not be recorded in the IMA log.
[    2.165084] device-mapper: ioctl: 4.50.0-ioctl (2025-04-28) initialised: dm-devel@lists.linux.dev
[    2.167070] amd_pstate: the _CPC object is not present in SBIOS or ACPI disabled
[    2.169725] hid: raw HID events driver (C) Jiri Kosina
[    2.173032] usbcore: registered new interface driver usbhid
[    2.174303] usbhid: USB HID core driver
[    2.176668] GACT probability NOT on
[    2.177525] Mirror/redirect action on
[    2.179969] nf_conntrack_irc: The irc conntrack helper is scheduled for removal.
[    2.179969] Please contact the netfilter-devel mailing list if you still need this.
[    2.185101] ipip: IPv4 and MPLS over IPv4 tunneling driver
[    2.187231] gre: GRE over IPv4 demultiplexer driver
[    2.188370] ip_gre: GRE over IPv4 tunneling driver
[    2.192153] Initializing XFRM netlink socket
[    2.193299] IPsec XFRM device driver
[    2.194276] NET: Registered PF_INET6 protocol family
[    2.197708] Segment Routing with IPv6
[    2.198614] In-situ OAM (IOAM) with IPv6
[    2.199517] mip6: Mobile IPv6
[    2.200241] sit: IPv6, IPv4 and MPLS over IPv4 tunneling driver
[    2.203152] ip6_gre: GRE over IPv6 tunneling driver
[    2.205076] NET: Registered PF_PACKET protocol family
[    2.206282] RPC: Registered rdma transport module.
[    2.207361] RPC: Registered rdma backchannel transport module.
[    2.209029] 8021q: 802.1Q VLAN Support v1.8
[    2.210745] smc: adding smcd device lo without pnetid
[    2.212088] NET: Registered PF_SMC protocol family
[    2.213789] 9pnet: Installing 9P2000 support
[    2.216412] Key type dns_resolver registered
[    2.217648] NET: Registered PF_VSOCK protocol family
[    2.218838] mpls_gso: MPLS GSO support
[    2.223209] IPI shorthand broadcast: enabled
[    2.268150] ata2: found unknown device (class 0)
[    2.268654] sched_clock: Marking stable (2243011376, 25397678)->(2330645218, -62236164)
[    2.270995] ata2.00: ATAPI: QEMU DVD-ROM, 2.5+, max UDMA/100
[    2.274520] registered taskstats version 1
[    2.275946] scsi 1:0:0:0: CD-ROM            QEMU     QEMU DVD-ROM     2.5+ PQ: 0 ANSI: 5
[    2.295237] Loading compiled-in X.509 certificates
[    2.297177] kworker/u32:1 (120) used greatest stack depth: 14152 bytes left
[    2.298844] sr 1:0:0:0: [sr0] scsi3-mmc drive: 4x/4x cd/rw xa/form2 tray
[    2.298967] Loaded X.509 cert 'Build time autogenerated kernel key: c4531344b9a9c1a4731230d977a262ba29ba5272'
[    2.320123] cdrom: Uniform CD-ROM driver Revision: 3.20
[    2.333046] sr 1:0:0:0: Attached scsi CD-ROM sr0
[    2.335093] sr 1:0:0:0: Attached scsi generic sg0 type 5
[    2.338117] Demotion targets for Node 0: null
[    2.339761] ima: No TPM chip found, activating TPM-bypass!
[    2.341045] ima: Allocated hash algorithm: sha1
[    2.342235] ima: No architecture policies found
[    2.344296] PM:   Magic number: 6:990:690
[    2.345287] mem mem: hash matches
[    2.346197] netconsole: network logging started
[    2.347918] cfg80211: Loading compiled-in X.509 certificates for regulatory database
[    2.350863] Loaded X.509 cert 'sforshee: 00b28ddf47aef9cea7'
[    2.352267] Loaded X.509 cert 'wens: 61c038651aabdcf94bd0ac7ff06c7248db18c600'
[    2.354165] faux_driver regulatory: Direct firmware load for regulatory.db failed with error -2
[    2.354581] ALSA device list:
[    2.356157] cfg80211: failed to load regulatory.db
[    2.356873]   No soundcards found.
[    2.574892] input: ImExPS/2 Generic Explorer Mouse as /devices/platform/i8042/serio1/input/input3
[    2.576768] md: Skipping autodetection of RAID arrays. (raid=autodetect will force)
[    2.578209] 9p: Bad value for 'source'
[    2.578995] 9pnet: Limiting 'msize' to 512000 as this is the maximum supported by transport virtio
[    2.582416] VFS: Mounted root (9p filesystem) on device 0:22.
[    2.584313] devtmpfs: mounted
[    2.584988] VFS: Pivoted into new rootfs
[    2.590107] Freeing unused kernel image (initmem) memory: 4668K
[    2.591027] Write protecting the kernel read-only data: 45056k
[    2.592976] Freeing unused kernel image (text/rodata gap) memory: 984K
[    2.594322] Freeing unused kernel image (rodata/data gap) memory: 400K
[    2.632246] x86/mm: Checked W+X mappings: passed, no W+X pages found.
[    2.633182] Run /home/prozak/.local/share/vng-venv/lib/python3.12/site-packages/virtme/guest/bin/virtme-ng-init as init process
[    2.634692]   with arguments:
[    2.635142]     /home/prozak/.local/share/vng-venv/lib/python3.12/site-packages/virtme/guest/bin/virtme-ng-init
[    2.636506]   with environment:
[    2.636973]     HOME=/
[    2.637342]     TERM=linux
[    2.637751]     virtme_hostname=virtme-ng
[    2.638289]     nr_open=1048576
[    2.638748]     virtme_link_mods=/home/prozak/sources/heimdall_experiment/uml-harness/.build/bpf-next-x86/.virtme_mods/lib/modules/0.0.0
[    2.640413]     virtme_rw_overlay0=/tmp
[    2.640963]     virtme_console=ttyS0
[    2.641489]     virtme_chdir=home/prozak/sources/heimdall_experiment/uml-harness/.build/selftests-output-qemu
[    2.731038] virtme-ng-init: mount devtmpfs -> /dev: EBUSY: Device or resource busy
[    2.732878] virtme-ng-init: Setting hostname to virtme-ng...
[    2.772862] virtme-ng-init: running systemd-tmpfiles
[    4.016077] systemd-tmpfile (127) used greatest stack depth: 12504 bytes left
[    4.016268] virtme-ng-init: basic initialization done
[    4.033255] virtme-ng-init: error creating file: Permission denied (os error 13)
[    4.135359] ip (133) used greatest stack depth: 11848 bytes left
[    4.261864] virtme-ng-init: Starting systemd-udevd version 255.4-1ubuntu8.16
[    4.263981] virtme-ng-init: triggering udev coldplug
[    7.181653] virtme-ng-init: waiting for udev to settle
[    7.990967] virtme-ng-init: udev is done
[    7.995934] virtme-ng-init: starting script
[    8.224222] bpf_testmod: loading out-of-tree module taints kernel.
[    8.225200] bpf_testmod: module verification failed: signature and/or required key missing - tainting kernel
[    8.872642] smc: removing smcd device lo
[    8.947269] ACPI: PM: Preparing to enter system sleep state S5
[    8.948685] reboot: Power down
