#36/1    bpftool_maps_access/unprotected_unpinned:OK
#36/2    bpftool_maps_access/unprotected_pinned:OK
#36/3    bpftool_maps_access/protected_unpinned:OK
#36/4    bpftool_maps_access/protected_pinned:OK
#36/5    bpftool_maps_access/nested_maps:OK
#36/6    bpftool_maps_access/btf_list:OK
#36      bpftool_maps_access:OK
Summary: 1/6 PASSED, 0 SKIPPED, 0 FAILED

Virtual KASLR using RDRAND RDTSC...

Decompressing Linux... Parsing ELF... Performing relocations... done.
Booting the kernel (entry_offset: 0x0000000003db5740).
[    0.000000] Linux version 7.2.0-rc1-g5e2f4aad04e2 (prozak@powertower) (gcc (Ubuntu 13.3.0-6ubuntu2~24.04.1) 13.3.0, GNU ld (GNU Binutils for Ubuntu) 2.42) #3 SMP PREEMPT_DYNAMIC Sun Aug  2 09:03:43 PDT 2026
[    0.000000] Command line: virtme_hostname=virtme-ng nr_open=1048576 virtme_link_mods=/home/prozak/sources/heimdall_experiment/uml-harness/.build/bpf-next-x86/.virtme_mods/lib/modules/0.0.0 virtme_rw_overlay0=/tmp virtme_console=ttyS0 console=ttyS0 earlyprintk=serial,ttyS0,115200 panic=-1 virtme.exec=`bW91bnQgLXQgYnBmIGJwZmZzIC9zeXMvZnMvYnBmIDI+L2Rldi9udWxsOyAuL3Rlc3RfcHJvZ3MgLXQgJ2JwZnRvb2xfbWFwc19hY2Nlc3Mn` virtme_chdir=home/prozak/sources/heimdall_experiment/uml-harness/.build/selftests-output-qemu rootfstype=9p rootflags=version=9p2000.L,trans=virtio,access=any,msize=524288 raid=noautodetect rw debug init=/home/prozak/.local/share/vng-venv/lib/python3.12/site-packages/virtme/guest/bin/virtme-ng-init
[    0.000000] x86 CPU feature dependency check failure: CPU0 has '18*32+31' enabled but '18*32+26' disabled. Kernel might be fine, but no guarantees.
[    0.000000] BIOS-provided physical RAM map:
[    0.000000] BIOS-e820: [mem 0x0000000000000000-0x000000000009fbff]  System RAM
[    0.000000] BIOS-e820: [mem 0x000000000009fc00-0x000000000009ffff]  device reserved
[    0.000000] BIOS-e820: [gap 0x00000000000a0000-0x00000000000effff]
[    0.000000] BIOS-e820: [mem 0x00000000000f0000-0x00000000000fffff]  device reserved
[    0.000000] BIOS-e820: [mem 0x0000000000100000-0x00000000bffdffff]  System RAM
[    0.000000] BIOS-e820: [mem 0x00000000bffe0000-0x00000000bfffffff]  device reserved
[    0.000000] BIOS-e820: [gap 0x00000000c0000000-0x00000000feffbfff]
[    0.000000] BIOS-e820: [mem 0x00000000feffc000-0x00000000feffffff]  device reserved
[    0.000000] BIOS-e820: [gap 0x00000000ff000000-0x00000000fffbffff]
[    0.000000] BIOS-e820: [mem 0x00000000fffc0000-0x00000000ffffffff]  device reserved
[    0.000000] BIOS-e820: [mem 0x0000000100000000-0x000000013fffffff]  System RAM
[    0.000000] BIOS-e820: [gap 0x0000000140000000-0x000000fcffffffff]
[    0.000000] BIOS-e820: [mem 0x000000fd00000000-0x000000ffffffffff]  device reserved
[    0.000000] printk: legacy bootconsole [earlyser0] enabled
[    0.000000] NX (Execute Disable) protection: active
[    0.000000] APIC: Static calls initialized
[    0.000000] DMI: SMBIOS 3.0.0 present.
[    0.000000] DMI: QEMU Ubuntu 24.04 PC v2 (i440FX + PIIX, arch_caps fix, 1996), BIOS 1.16.3-debian-1.16.3-2 04/01/2014
[    0.000000] DMI: Memory slots populated: 1/1
[    0.000000] Hypervisor detected: KVM
[    0.000000] last_pfn = 0xbffe0 max_arch_pfn = 0x400000000
[    0.000000] kvm-clock: Using msrs 4b564d01 and 4b564d00
[    0.000001] kvm-clock: using sched offset of 443208345 cycles
[    0.000888] clocksource: kvm-clock: mask: 0xffffffffffffffff max_cycles: 0x1cd42e4dffb, max_idle_ns: 881590591483 ns
[    0.003711] tsc: Detected 3400.038 MHz processor
[    0.004836] e820: update [mem 0x00000000-0x00000fff] System RAM ==> device reserved
[    0.006211] e820: remove [mem 0x000a0000-0x000fffff] System RAM
[    0.007238] last_pfn = 0x140000 max_arch_pfn = 0x400000000
[    0.008269] MTRR map: 4 entries (3 fixed + 1 variable; max 19), built from 8 variable MTRRs
[    0.009710] x86/PAT: Configuration [0-7]: WB  WC  UC- UC  WB  WP  UC- WT  
Memory KASLR using RDRAND RDTSC...
[    0.011609] last_pfn = 0xbffe0 max_arch_pfn = 0x400000000
[    0.013718] found SMP MP-table at [mem 0x000f5450-0x000f545f]
[    0.014748] Using GB pages for direct mapping
[    0.015593] ACPI: Early table checksum verification disabled
[    0.016577] ACPI: RSDP 0x00000000000F5240 000014 (v00 BOCHS )
[    0.017564] ACPI: RSDT 0x00000000BFFE1F16 000034 (v01 BOCHS  BXPC     00000001 BXPC 00000001)
[    0.019060] ACPI: FACP 0x00000000BFFE1D92 000074 (v01 BOCHS  BXPC     00000001 BXPC 00000001)
[    0.020541] ACPI: DSDT 0x00000000BFFE0040 001D52 (v01 BOCHS  BXPC     00000001 BXPC 00000001)
[    0.022007] ACPI: FACS 0x00000000BFFE0000 000040
[    0.022827] ACPI: APIC 0x00000000BFFE1E06 0000B0 (v03 BOCHS  BXPC     00000001 BXPC 00000001)
[    0.024295] ACPI: HPET 0x00000000BFFE1EB6 000038 (v01 BOCHS  BXPC     00000001 BXPC 00000001)
[    0.025831] ACPI: WAET 0x00000000BFFE1EEE 000028 (v01 BOCHS  BXPC     00000001 BXPC 00000001)
[    0.027337] ACPI: Reserving FACP table memory at [mem 0xbffe1d92-0xbffe1e05]
[    0.028561] ACPI: Reserving DSDT table memory at [mem 0xbffe0040-0xbffe1d91]
[    0.029757] ACPI: Reserving FACS table memory at [mem 0xbffe0000-0xbffe003f]
[    0.031002] ACPI: Reserving APIC table memory at [mem 0xbffe1e06-0xbffe1eb5]
[    0.032244] ACPI: Reserving HPET table memory at [mem 0xbffe1eb6-0xbffe1eed]
[    0.033459] ACPI: Reserving WAET table memory at [mem 0xbffe1eee-0xbffe1f15]
[    0.035117] No NUMA configuration found
[    0.035824] Faking a node at [mem 0x0000000000000000-0x000000013fffffff]
[    0.036963] NODE_DATA(0) allocated [mem 0x13fff9c80-0x13fffdfff]
[    0.038825] ACPI: PM-Timer IO Port: 0x608
[    0.039558] ACPI: LAPIC_NMI (acpi_id[0xff] dfl dfl lint[0x1])
[    0.040603] IOAPIC[0]: apic_id 0, version 17, address 0xfec00000, GSI 0-23
[    0.041816] ACPI: INT_SRC_OVR (bus 0 bus_irq 0 global_irq 2 dfl dfl)
[    0.042909] ACPI: INT_SRC_OVR (bus 0 bus_irq 5 global_irq 5 high level)
[    0.044051] ACPI: INT_SRC_OVR (bus 0 bus_irq 9 global_irq 9 high level)
[    0.045206] ACPI: INT_SRC_OVR (bus 0 bus_irq 10 global_irq 10 high level)
[    0.046374] ACPI: INT_SRC_OVR (bus 0 bus_irq 11 global_irq 11 high level)
[    0.047547] ACPI: Using ACPI (MADT) for SMP configuration information
[    0.048641] ACPI: HPET id: 0x8086a201 base: 0xfed00000
[    0.049539] TSC deadline timer available
[    0.050220] CPU topo: Max. logical packages:   1
[    0.051025] CPU topo: Max. logical nodes:      1
[    0.051808] CPU topo: Num. nodes per package:  1
[    0.052591] CPU topo: Max. logical dies:       1
[    0.053406] CPU topo: Max. dies per package:   1
[    0.054205] CPU topo: Max. threads per core:   1
[    0.055007] CPU topo: Num. cores per package:     8
[    0.055834] CPU topo: Num. threads per package:   8
[    0.056660] CPU topo: Allowing 8 present CPUs plus 0 hotplug CPUs
[    0.057762] kvm-guest: APIC: eoi() replaced with kvm_guest_apic_eoi_write()
[    0.059012] kvm-guest: KVM setup pv remote TLB flush
[    0.059863] kvm-guest: setup PV sched yield
[    0.060598] PM: hibernation: Registered nosave memory: [mem 0x00000000-0x00000fff]
[    0.061898] PM: hibernation: Registered nosave memory: [mem 0x0009f000-0x000fffff]
[    0.063334] PM: hibernation: Registered nosave memory: [mem 0xbffe0000-0xffffffff]
[    0.064639] [gap 0xc0000000-0xfeffbfff] available for PCI devices
[    0.065673] Booting paravirtualized kernel on KVM
[    0.066518] clocksource: refined-jiffies: mask: 0xffffffff max_cycles: 0xffffffff, max_idle_ns: 1910969940391419 ns
[    0.072827] Zone ranges:
[    0.073269]   DMA      [mem 0x0000000000001000-0x0000000000ffffff]
[    0.074349]   DMA32    [mem 0x0000000001000000-0x00000000ffffffff]
[    0.075414]   Normal   [mem 0x0000000100000000-0x000000013fffffff]
[    0.076482] Movable zone start for each node
[    0.077207] Early memory node ranges
[    0.077833]   node   0: [mem 0x0000000000001000-0x000000000009efff]
[    0.078910]   node   0: [mem 0x0000000000100000-0x00000000bffdffff]
[    0.080037]   node   0: [mem 0x0000000100000000-0x000000013fffffff]
[    0.081102] Initmem setup node 0 [mem 0x0000000000001000-0x000000013fffffff]
[    0.082366] On node 0, zone DMA: 1 pages in unavailable ranges
[    0.083748] On node 0, zone DMA: 97 pages in unavailable ranges
[    0.186488] On node 0, zone Normal: 32 pages in unavailable ranges
[    0.187574] setup_percpu: NR_CPUS:128 nr_cpumask_bits:8 nr_cpu_ids:8 nr_node_ids:1
[    0.193064] percpu: Embedded 58 pages/cpu s199696 r8192 d29680 u262144
[    0.194187] pcpu-alloc: s199696 r8192 d29680 u262144 alloc=1*2097152
[    0.195297] pcpu-alloc: [0] 0 1 2 3 4 5 6 7 
[    0.196072] Kernel command line: virtme_hostname=virtme-ng nr_open=1048576 virtme_link_mods=/home/prozak/sources/heimdall_experiment/uml-harness/.build/bpf-next-x86/.virtme_mods/lib/modules/0.0.0 virtme_rw_overlay0=/tmp virtme_console=ttyS0 console=ttyS0 earlyprintk=serial,ttyS0,115200 panic=-1 virtme.exec=`bW91bnQgLXQgYnBmIGJwZmZzIC9zeXMvZnMvYnBmIDI+L2Rldi9udWxsOyAuL3Rlc3RfcHJvZ3MgLXQgJ2JwZnRvb2xfbWFwc19hY2Nlc3Mn` virtme_chdir=home/prozak/sources/heimdall_experiment/uml-harness/.build/selftests-output-qemu rootfstype=9p rootflags=version=9p2000.L,trans=virtio,access=any,msize=524288 raid=noautodetect rw debug init=/home/prozak/.local/share/vng-venv/lib/python3.12/site-packages/virtme/guest/bin/virtme-ng-init
[    0.207102] Unknown kernel command line parameters "virtme_hostname=virtme-ng nr_open=1048576 virtme_link_mods=/home/prozak/sources/heimdall_experiment/uml-harness/.build/bpf-next-x86/.virtme_mods/lib/modules/0.0.0 virtme_rw_overlay0=/tmp virtme_console=ttyS0 virtme_chdir=home/prozak/sources/heimdall_experiment/uml-harness/.build/selftests-output-qemu", will be passed to user space.
[    0.213020] random: crng init done
[    0.213603] printk: log buffer data + meta data: 2097152 + 7340032 = 9437184 bytes
[    0.223047] Dentry cache hash table entries: 524288 (order: 10, 4194304 bytes, linear)
[    0.228443] Inode-cache hash table entries: 262144 (order: 9, 2097152 bytes, linear)
[    0.229966] software IO TLB: area num 8.
[    0.355569] Fallback order for Node 0: 0 
[    0.355575] Built 1 zonelists, mobility grouping on.  Total pages: 1048446
[    0.357551] Policy zone: Normal
[    0.358089] mem auto-init: stack:all(zero), heap alloc:off, heap free:off
[    0.364514] SLUB: HWalign=64, Order=0-3, MinObjects=0, CPUs=8, Nodes=1
Poking KASLR using RDRAND RDTSC...
[    0.380100] ftrace: allocating 69757 entries in 274 pages
[    0.381051] ftrace: allocated 274 pages with 3 groups
[    0.382421] Dynamic Preempt: full
[    0.383352] Running RCU self tests
[    0.383942] Running RCU synchronous self tests
[    0.384722] rcu: Preemptible hierarchical RCU implementation.
[    0.385705] rcu: 	RCU event tracing is enabled.
[    0.386479] rcu: 	RCU lockdep checking is enabled.
[    0.387364] rcu: 	RCU restricting CPUs from NR_CPUS=128 to nr_cpu_ids=8.
[    0.388510] 	Trampoline variant of Tasks RCU enabled.
[    0.389392] 	Rude variant of Tasks RCU enabled.
[    0.390165] 	Tracing variant of Tasks RCU enabled.
[    0.391014] rcu: RCU calculated value of scheduler-enlistment delay is 100 jiffies.
[    0.392341] rcu: Adjusting geometry for rcu_fanout_leaf=16, nr_cpu_ids=8
[    0.393564] Running RCU synchronous self tests
[    0.394351] RCU Tasks: Setting shift to 3 and lim to 1 rcu_task_cb_adjust=1 rcu_task_cpu_ids=8.
[    0.395872] RCU Tasks Rude: Setting shift to 3 and lim to 1 rcu_task_cb_adjust=1 rcu_task_cpu_ids=8.
[    0.403271] NR_IRQS: 8448, nr_irqs: 488, preallocated irqs: 16
[    0.404635] rcu: srcu_init: Setting srcu_struct sizes based on contention.
[    0.405893] clocksource: jiffies: mask: 0xffffffff max_cycles: 0xffffffff, max_idle_ns: 1911260446275000 ns
[    0.408056] Console: colour *CGA 80x25
[    0.408796] printk: legacy console [ttyS0] enabled
[    0.408796] printk: legacy console [ttyS0] enabled
[    0.410551] printk: legacy bootconsole [earlyser0] disabled
[    0.410551] printk: legacy bootconsole [earlyser0] disabled
[    0.412586] Lock dependency validator: Copyright (c) 2006 Red Hat, Inc., Ingo Molnar
[    0.413943] ... MAX_LOCKDEP_SUBCLASSES:  8
[    0.414686] ... MAX_LOCK_DEPTH:          48
[    0.415454] ... MAX_LOCKDEP_KEYS:        8192
[    0.416224] ... CLASSHASH_SIZE:          4096
[    0.417037] ... MAX_LOCKDEP_ENTRIES:     32768
[    0.417821] ... MAX_LOCKDEP_CHAINS:      65536
[    0.418623] ... CHAINHASH_SIZE:          32768
[    0.419420]  memory used by lock dependency info: 6429 kB
[    0.420389]  memory used for stack traces: 4224 kB
[    0.421234]  per task-struct memory footprint: 1920 bytes
[    0.422316] ACPI: Core revision 20260408
[    0.423242] clocksource: hpet: mask: 0xffffffff max_cycles: 0xffffffff, max_idle_ns: 19112604467 ns
[    0.425091] APIC: Switch to symmetric I/O mode setup
[    0.426440] x2apic enabled
[    0.427491] APIC: Switched APIC routing to: physical x2apic
[    0.428543] kvm-guest: APIC: send_IPI_mask() replaced with kvm_send_ipi_mask()
[    0.429887] kvm-guest: APIC: send_IPI_mask_allbutself() replaced with kvm_send_ipi_mask_allbutself()
[    0.431590] kvm-guest: setup PV IPIs
[    0.434336] ..TIMER: vector=0x30 apic1=0 pin1=2 apic2=-1 pin2=-1
[    0.435460] clocksource: tsc-early: mask: 0xffffffffffffffff max_cycles: 0x31027285e94, max_idle_ns: 440795238296 ns
[    0.437411] Calibrating delay loop (skipped) preset value.. 6800.07 BogoMIPS (lpj=3400038)
[    0.439961] x86/cpu: User Mode Instruction Prevention (UMIP) activated
[    0.441763] Last level iTLB entries: 4KB 512, 2MB 255, 4MB 127
[    0.442409] Last level dTLB entries: 4KB 512, 2MB 255, 4MB 127, 1GB 0
[    0.443417] mitigations: Enabled attack vectors: user_kernel, user_user, SMT mitigations: auto
[    0.444409] Speculative Store Bypass: Mitigation: Speculative Store Bypass disabled via prctl
[    0.445409] Speculative Return Stack Overflow: IBPB-extending microcode not applied!
[    0.446409] Speculative Return Stack Overflow: WARNING: See https://kernel.org/doc/html/latest/admin-guide/hw-vuln/srso.html for mitigation options.
[    0.446410] Transient Scheduler Attacks: Vulnerable: No microcode
[    0.448409] Spectre V2 : Mitigation: Retpolines
[    0.449409] Speculative Return Stack Overflow: Vulnerable: Safe RET, no microcode
[    0.450409] Spectre V1 : Mitigation: usercopy/swapgs barriers and __user pointer sanitization
[    0.451409] Spectre V2 : Spectre v2 / SpectreRSB: Filling RSB on context switch and VMEXIT
[    0.452409] Spectre V2 : Enabling Restricted Speculation for firmware calls
[    0.453411] Spectre V2 : mitigation: Enabling conditional Indirect Branch Prediction Barrier
[    0.454409] active return thunk: srso_alias_return_thunk
[    0.455460] x86/fpu: Supporting XSAVE feature 0x001: 'x87 floating point registers'
[    0.456409] x86/fpu: Supporting XSAVE feature 0x002: 'SSE registers'
[    0.457409] x86/fpu: Supporting XSAVE feature 0x004: 'AVX registers'
[    0.458409] x86/fpu: xstate_offset[2]:  576, xstate_sizes[2]:  256
[    0.459409] x86/fpu: Enabled xstate features 0x7, context size is 832 bytes, using 'compacted' format.
[    0.495120] pid_max: default: 32768 minimum: 301
[    0.495625] SELinux:  Initializing.
[    0.498054] LSM support for eBPF active
[    0.498737] Mount-cache hash table entries: 8192 (order: 4, 65536 bytes, linear)
[    0.499564] Mountpoint-cache hash table entries: 8192 (order: 4, 65536 bytes, linear)
[    0.501882] VFS: Finished mounting rootfs on nullfs
[    0.504400] Running RCU synchronous self tests
[    0.504411] Running RCU synchronous self tests
[    0.506896] smpboot: CPU0: AMD Ryzen 9 5950X 16-Core Processor (family: 0x19, model: 0x21, stepping: 0x2)
[    0.508926] Performance Events: Fam17h+ core perfctr, AMD PMU driver.
[    0.509426] ... version:                   0
[    0.510344] ... bit width:                 48
[    0.510417] ... generic counters:          6
[    0.511306] ... generic bitmap:            000000000000003f
[    0.511414] ... fixed-purpose counters:    0
[    0.512321] ... fixed-purpose bitmap:      0000000000000000
[    0.512416] ... value mask:                0000ffffffffffff
[    0.513416] ... max period:                00007fffffffffff
[    0.514413] ... global_ctrl mask:          000000000000003f
[    0.515777] signal: max sigframe size: 1776
[    0.516600] rcu: Hierarchical SRCU implementation.
[    0.517416] rcu: 	Max phase no-delay instances is 400.
[    0.518759] Timer migration: 1 hierarchy levels; 8 children per group; 1 crossnode level
[    0.532439] smp: Bringing up secondary CPUs ...
[    0.537659] smpboot: x86: Booting SMP configuration:
[    0.538416] .... node  #0, CPUs:      #1 #2 #3 #4 #5 #6 #7
[    0.565808] smp: Brought up 1 node, 8 CPUs
[    0.567343] smpboot: Total of 8 processors activated (54400.60 BogoMIPS)
[    0.568843] Memory: 3963784K/4193784K available (25637K kernel code, 10348K rwdata, 18032K rodata, 4668K init, 13400K bss, 221944K reserved, 0K cma-reserved)
[    0.571833] devtmpfs: initialized
[    0.576057] Running RCU synchronous self tests
[    0.576436] Running RCU synchronous self tests
[    0.577547] Running RCU Tasks wait API self tests
[    0.578493] Running RCU Tasks Rude wait API self tests
[    0.579419] Running RCU Tasks Trace wait API self tests
[    0.580581] posixtimers hash table entries: 4096 (order: 7, 294912 bytes, linear)
[    0.582887] futex hash table entries: 2048 (262144 bytes on 1 NUMA nodes, total 256 KiB, linear).
[    0.584576] PM: RTC time: 23:01:42, date: 2026-08-02
[    0.585448] Callback from call_rcu_tasks_trace() invoked.
[    0.592660] NET: Registered PF_NETLINK/PF_ROUTE protocol family
[    0.594445] audit: initializing netlink subsys (disabled)
[    0.595528] audit: type=2000 audit(1785711702.486:1): state=initialized audit_enabled=0 res=1
[    0.619487] thermal_sys: Registered thermal governor 'step_wise'
[    0.619563] cpuidle: using governor ladder
[    0.621324] cpuidle: using governor menu
[    0.622651] Freeing SMP alternatives memory: 68K
[    0.624300] PCI: Using configuration type 1 for base access
[    0.624417] PCI: Using configuration type 1 for extended access
[    0.625578] kprobes: kprobe jump-optimization is enabled. All kprobes are optimized if possible.
[    0.627564] HugeTLB: registered 1.00 GiB page size, pre-allocated 0 pages
[    0.628418] HugeTLB: 16380 KiB vmemmap can be freed for a 1.00 GiB page
[    0.629417] HugeTLB: registered 2.00 MiB page size, pre-allocated 0 pages
[    0.630416] HugeTLB: 28 KiB vmemmap can be freed for a 2.00 MiB page
[    0.636248] ACPI: Added _OSI(Module Device)
[    0.636418] ACPI: Added _OSI(Processor Device)
[    0.637373] ACPI: Added _OSI(Processor Aggregator Device)
[    0.641062] ACPI: 1 ACPI AML tables successfully acquired and loaded
[    0.644464] ACPI: \_SB_: platform _OSC: OS support mask [002a7eee]
[    0.646143] ACPI: Interpreter enabled
[    0.646481] ACPI: PM: (supports S0 S3 S4 S5)
[    0.647434] ACPI: Using IOAPIC for interrupt routing
[    0.648469] PCI: Using host bridge windows from ACPI; if necessary, use "pci=nocrs" and report a bug
[    0.649415] PCI: Using E820 reservations for host bridge windows
[    0.650790] ACPI: Enabled 2 GPEs in block 00 to 0F
[    0.667215] ACPI: PCI Root Bridge [PCI0] (domain 0000 [bus 00-ff])
[    0.667422] acpi PNP0A03:00: _OSC: OS supports [ExtendedConfig ASPM ClockPM Segments MSI HPX-Type3]
[    0.668428] acpi PNP0A03:00: _OSC: OS requested [PME PCIeCapability LTR]
[    0.669416] acpi PNP0A03:00: _OSC: platform willing to grant [PME PCIeCapability LTR]
[    0.670417] acpi PNP0A03:00: _OSC: platform retains control of PCIe features (AE_ERROR)
[    0.672185] PCI host bridge to bus 0000:00
[    0.672427] pci_bus 0000:00: root bus resource [io  0x0000-0x0cf7 window]
[    0.673418] pci_bus 0000:00: root bus resource [io  0x0d00-0xffff window]
[    0.674417] pci_bus 0000:00: root bus resource [mem 0x000a0000-0x000bffff window]
[    0.675417] pci_bus 0000:00: root bus resource [mem 0xc0000000-0xfebfffff window]
[    0.676417] pci_bus 0000:00: root bus resource [mem 0x380000000000-0x38007fffffff window]
[    0.677418] pci_bus 0000:00: root bus resource [bus 00-ff]
[    0.678856] pci 0000:00:00.0: [8086:1237] type 00 class 0x060000 conventional PCI endpoint
[    0.681024] pci 0000:00:01.0: [8086:7000] type 00 class 0x060100 conventional PCI endpoint
[    0.682879] pci 0000:00:01.1: [8086:7010] type 00 class 0x010180 conventional PCI endpoint
[    0.684267] pci 0000:00:01.1: BAR 4 [io  0xc1c0-0xc1cf]
[    0.684493] pci 0000:00:01.1: BAR 0 [io  0x01f0-0x01f7]: legacy IDE quirk
[    0.685417] pci 0000:00:01.1: BAR 1 [io  0x03f6]: legacy IDE quirk
[    0.686466] pci 0000:00:01.1: BAR 2 [io  0x0170-0x0177]: legacy IDE quirk
[    0.687417] pci 0000:00:01.1: BAR 3 [io  0x0376]: legacy IDE quirk
[    0.689161] pci 0000:00:01.3: [8086:7113] type 00 class 0x068000 conventional PCI endpoint
[    0.690154] pci 0000:00:01.3: quirk: [io  0x0600-0x063f] claimed by PIIX4 ACPI
[    0.690433] pci 0000:00:01.3: quirk: [io  0x0700-0x070f] claimed by PIIX4 SMB
[    0.692432] pci 0000:00:02.0: [1af4:1009] type 00 class 0x000200 conventional PCI endpoint
[    0.695099] pci 0000:00:02.0: BAR 0 [io  0xc000-0xc03f]
[    0.695433] pci 0000:00:02.0: BAR 1 [mem 0xfebf8000-0xfebf8fff]
[    0.696478] pci 0000:00:02.0: BAR 4 [mem 0x380000000000-0x380000003fff 64bit pref]
[    0.700552] pci 0000:00:03.0: [8086:25ab] type 00 class 0x088000 conventional PCI endpoint
[    0.702387] pci 0000:00:03.0: BAR 0 [mem 0xfebf9000-0xfebf900f]
[    0.705061] pci 0000:00:04.0: [1af4:1003] type 00 class 0x078000 conventional PCI endpoint
[    0.706771] pci 0000:00:04.0: BAR 0 [io  0xc040-0xc07f]
[    0.707434] pci 0000:00:04.0: BAR 1 [mem 0xfebfa000-0xfebfafff]
[    0.708478] pci 0000:00:04.0: BAR 4 [mem 0x380000004000-0x380000007fff 64bit pref]
[    0.712703] pci 0000:00:05.0: [1af4:1003] type 00 class 0x078000 conventional PCI endpoint
[    0.714435] pci 0000:00:05.0: BAR 0 [io  0xc080-0xc0bf]
[    0.715433] pci 0000:00:05.0: BAR 1 [mem 0xfebfb000-0xfebfbfff]
[    0.716479] pci 0000:00:05.0: BAR 4 [mem 0x380000008000-0x38000000bfff 64bit pref]
[    0.720702] pci 0000:00:06.0: [1af4:1003] type 00 class 0x078000 conventional PCI endpoint
[    0.722433] pci 0000:00:06.0: BAR 0 [io  0xc0c0-0xc0ff]
[    0.723432] pci 0000:00:06.0: BAR 1 [mem 0xfebfc000-0xfebfcfff]
[    0.724477] pci 0000:00:06.0: BAR 4 [mem 0x38000000c000-0x38000000ffff 64bit pref]
[    0.728788] pci 0000:00:07.0: [1af4:1003] type 00 class 0x078000 conventional PCI endpoint
[    0.730434] pci 0000:00:07.0: BAR 0 [io  0xc100-0xc13f]
[    0.731434] pci 0000:00:07.0: BAR 1 [mem 0xfebfd000-0xfebfdfff]
[    0.732478] pci 0000:00:07.0: BAR 4 [mem 0x380000010000-0x380000013fff 64bit pref]
[    0.736923] pci 0000:00:08.0: [1af4:1003] type 00 class 0x078000 conventional PCI endpoint
[    0.738434] pci 0000:00:08.0: BAR 0 [io  0xc140-0xc17f]
[    0.739431] pci 0000:00:08.0: BAR 1 [mem 0xfebfe000-0xfebfefff]
[    0.740477] pci 0000:00:08.0: BAR 4 [mem 0x380000014000-0x380000017fff 64bit pref]
[    0.744674] pci 0000:00:09.0: [1af4:1003] type 00 class 0x078000 conventional PCI endpoint
[    0.746435] pci 0000:00:09.0: BAR 0 [io  0xc180-0xc1bf]
[    0.747432] pci 0000:00:09.0: BAR 1 [mem 0xfebff000-0xfebfffff]
[    0.748477] pci 0000:00:09.0: BAR 4 [mem 0x380000018000-0x38000001bfff 64bit pref]
[    0.758091] ACPI: PCI: Interrupt link LNKA configured for IRQ 10
[    0.758677] ACPI: PCI: Interrupt link LNKB configured for IRQ 10
[    0.759672] ACPI: PCI: Interrupt link LNKC configured for IRQ 11
[    0.760687] ACPI: PCI: Interrupt link LNKD configured for IRQ 11
[    0.761547] ACPI: PCI: Interrupt link LNKS configured for IRQ 9
[    0.764514] iommu: Default domain type: Translated
[    0.765418] iommu: DMA domain TLB invalidation policy: lazy mode
[    0.767884] SCSI subsystem initialized
[    0.768496] libata version 3.00 loaded.
[    0.769584] ACPI: bus type USB registered
[    0.770545] usbcore: registered new interface driver usbfs
[    0.771495] usbcore: registered new interface driver hub
[    0.772457] usbcore: registered new device driver usb
[    0.773642] pps_core: LinuxPPS API ver. 1 registered
[    0.774416] pps_core: Software ver. 5.3.6 - Copyright 2005-2007 Rodolfo Giometti <giometti@linux.it>
[    0.775443] PTP clock support registered
[    0.776931] Advanced Linux Sound Architecture Driver Initialized.
[    0.778742] NetLabel: Initializing
[    0.779416] NetLabel:  domain hash size = 128
[    0.780356] NetLabel:  protocols = UNLABELED CIPSOv4 CALIPSO
[    0.780465] NetLabel:  unlabeled traffic allowed by default
[    0.781648] PCI: Using ACPI for IRQ routing
[    0.782417] PCI: pci_cache_line_size set to 64 bytes
[    0.783809] e820: register RAM buffer resource [mem 0x0009fc00-0x0009ffff]
[    0.784417] e820: register RAM buffer resource [mem 0xbffe0000-0xbfffffff]
[    0.785534] vgaarb: loaded
[    0.786417] hpet0: at MMIO 0xfed00000, IRQs 2, 8, 0
[    0.787415] hpet0: 3 comparators, 64-bit 100.000000 MHz counter
[    0.790415] Callback from call_rcu_tasks() invoked.
[    0.792387] clocksource: Switched to clocksource kvm-clock
[    0.793908] VFS: Disk quotas dquot_6.6.0
[    0.794843] VFS: Dquot-cache hash table entries: 512 (4096 bytes)
[    0.797468] pnp: PnP ACPI init
[    0.798710] pnp 00:02: [dma 2]
[    0.800264] pnp: PnP ACPI: found 4 devices
[    0.818649] clocksource: acpi_pm: mask: 0xffffff max_cycles: 0xffffff, max_idle_ns: 2085701024 ns
[    0.820920] NET: Registered PF_INET protocol family
[    0.823438] IP idents hash table entries: 65536 (order: 7, 524288 bytes, linear)
[    0.827641] tcp_listen_portaddr_hash hash table entries: 2048 (order: 6, 147456 bytes, linear)
[    0.829922] Table-perturb hash table entries: 65536 (order: 6, 262144 bytes, linear)
[    0.831633] TCP established hash table entries: 32768 (order: 6, 262144 bytes, linear)
[    0.833988] TCP bind hash table entries: 32768 (order: 11, 4718592 bytes, vmalloc hugepage)
[    0.846415] TCP: Hash tables configured (established 32768 bind 32768)
[    0.849267] MPTCP token hash table entries: 4096 (order: 7, 360448 bytes, linear)
[    0.851004] UDP hash table entries: 2048 (order: 7, 524288 bytes, linear)
[    0.853647] NET: Registered PF_UNIX/PF_LOCAL protocol family
[    0.856042] RPC: Registered named UNIX socket transport module.
[    0.857372] RPC: Registered udp transport module.
[    0.858446] RPC: Registered tcp transport module.
[    0.859478] RPC: Registered tcp-with-tls transport module.
[    0.860707] RPC: Registered tcp NFSv4.1 backchannel transport module.
[    0.863091] NET: Registered PF_XDP protocol family
[    0.864148] pci_bus 0000:00: resource 4 [io  0x0000-0x0cf7 window]
[    0.865489] pci_bus 0000:00: resource 5 [io  0x0d00-0xffff window]
[    0.866771] pci_bus 0000:00: resource 6 [mem 0x000a0000-0x000bffff window]
[    0.868302] pci_bus 0000:00: resource 7 [mem 0xc0000000-0xfebfffff window]
[    0.869752] pci_bus 0000:00: resource 8 [mem 0x380000000000-0x38007fffffff window]
[    0.871567] pci 0000:00:01.0: PIIX3: Enabling Passive Release
[    0.872780] pci 0000:00:00.0: Limiting direct PCI/PCI transfers
[    0.874209] PCI: CLS 0 bytes, default 64
[    0.875207] PCI-DMA: Using software bounce buffering for IO (SWIOTLB)
[    0.876623] software IO TLB: mapped [mem 0x00000000bbfe0000-0x00000000bffe0000] (64MB)
[    0.879417] clocksource: tsc: mask: 0xffffffffffffffff max_cycles: 0x31027285e94, max_idle_ns: 440795238296 ns
[    0.890577] Initialise system trusted keyrings
[    0.891978] workingset: timestamp_bits=40 (anon: 35) max_order=20 bucket_order=0 (anon: 0)
[    0.894796] squashfs: version 4.0 (2009/01/31) Phillip Lougher
[    0.896798] NFS: Registering the id_resolver key type
[    0.898110] Key type id_resolver registered
[    0.899085] Key type id_legacy registered
[    0.899965] nfs4filelayout_init: NFSv4 File Layout Driver Registering...
[    0.901443] nfs4flexfilelayout_init: NFSv4 Flexfile Layout Driver Registering...
[    0.903312] fuse: init (API version 7.45)
[    0.904543] 9p: Installing v9fs 9p2000 file system support
[    0.907611] NET: Registered PF_ALG protocol family
[    0.908771] Key type asymmetric registered
[    0.909675] Asymmetric key parser 'x509' registered
[    0.910869] Block layer SCSI generic (bsg) driver version 0.4 loaded (major 248)
[    0.913075] io scheduler mq-deadline registered
[    0.914182] io scheduler kyber registered
[    0.916651] input: Power Button as /devices/platform/LNXPWRBN:00/input/input0
[    0.918509] ACPI: button: Power Button [PWRF]
[    1.045009] ACPI: \_SB_.LNKB: Enabled at IRQ 10
[    1.169164] ACPI: \_SB_.LNKD: Enabled at IRQ 11
[    1.293347] ACPI: \_SB_.LNKA: Enabled at IRQ 10
[    1.445196] kwatchdog (97) used greatest stack depth: 14776 bytes left
[    1.541204] ACPI: \_SB_.LNKC: Enabled at IRQ 11
[    1.794744] Serial: 8250/16550 driver, 4 ports, IRQ sharing enabled
[    1.797472] 00:03: ttyS0 at I/O 0x3f8 (irq = 4, base_baud = 115200) is a 16550A
[    1.970166] Non-volatile memory driver v1.3
[    1.971908] ACPI: bus type drm_connector registered
[    1.993403] brd: module loaded
[    2.007035] loop: module loaded
[    2.012292] scsi host0: ata_piix
[    2.014371] scsi host1: ata_piix
[    2.015456] ata1: PATA max MWDMA2 cmd 0x1f0 ctl 0x3f6 bmdma 0xc1c0 irq 14 lpm-pol 0
[    2.017108] ata2: PATA max MWDMA2 cmd 0x170 ctl 0x376 bmdma 0xc1c8 irq 15 lpm-pol 0
[    2.023555] tun: Universal TUN/TAP device driver, 1.6
[    2.025123] e100: Intel(R) PRO/100 Network Driver
[    2.026160] e100: Copyright(c) 1999-2006 Intel Corporation
[    2.027461] e1000: Intel(R) PRO/1000 Network Driver
[    2.028532] e1000: Copyright (c) 1999-2006 Intel Corporation.
[    2.029900] e1000e: Intel(R) PRO/1000 Network Driver
[    2.030983] e1000e: Copyright(c) 1999 - 2015 Intel Corporation.
[    2.032365] sky2: driver version 1.30
[    2.034407] usbcore: registered new interface driver usblp
[    2.035713] usbcore: registered new interface driver usb-storage
[    2.037153] i8042: PNP: PS/2 Controller [PNP0303:KBD,PNP0f13:MOU] at 0x60,0x64 irq 1,12
[    2.040302] serio: i8042 KBD port at 0x60,0x64 irq 1
[    2.041464] serio: i8042 AUX port at 0x60,0x64 irq 12
[    2.044822] input: AT Translated Set 2 keyboard as /devices/platform/i8042/serio0/input/input1
[    2.045634] rtc_cmos PNP0B00:00: RTC can wake from S4
[    2.050157] rtc_cmos PNP0B00:00: registered as rtc0
[    2.052085] rtc_cmos PNP0B00:00: alarms up to one day, y3k, 242 bytes nvram, hpet irqs
[    2.055031] Registered IR keymap rc-empty
[    2.056254] rc rc0: rc-core loopback device as /devices/virtual/rc/rc0
[    2.057953] rc rc0: lirc_dev: driver rc-loopback registered at minor = 0, raw IR receiver, raw IR transmitter
[    2.060349] input: rc-core loopback device as /devices/virtual/rc/rc0/input4
[    2.062970] intel_powerclamp: CPU does not support MWAIT
[    2.064646] device-mapper: core: CONFIG_IMA_DISABLE_HTABLE is disabled. Duplicate IMA measurements will not be recorded in the IMA log.
[    2.067898] device-mapper: ioctl: 4.50.0-ioctl (2025-04-28) initialised: dm-devel@lists.linux.dev
[    2.069818] amd_pstate: the _CPC object is not present in SBIOS or ACPI disabled
[    2.072280] hid: raw HID events driver (C) Jiri Kosina
[    2.075116] usbcore: registered new interface driver usbhid
[    2.076318] usbhid: USB HID core driver
[    2.078408] GACT probability NOT on
[    2.079265] Mirror/redirect action on
[    2.081620] nf_conntrack_irc: The irc conntrack helper is scheduled for removal.
[    2.081620] Please contact the netfilter-devel mailing list if you still need this.
[    2.086504] ipip: IPv4 and MPLS over IPv4 tunneling driver
[    2.088422] gre: GRE over IPv4 demultiplexer driver
[    2.089540] ip_gre: GRE over IPv4 tunneling driver
[    2.093038] Initializing XFRM netlink socket
[    2.094320] IPsec XFRM device driver
[    2.095309] NET: Registered PF_INET6 protocol family
[    2.098449] Segment Routing with IPv6
[    2.099331] In-situ OAM (IOAM) with IPv6
[    2.100318] mip6: Mobile IPv6
[    2.101003] sit: IPv6, IPv4 and MPLS over IPv4 tunneling driver
[    2.103920] ip6_gre: GRE over IPv6 tunneling driver
[    2.105810] NET: Registered PF_PACKET protocol family
[    2.107019] RPC: Registered rdma transport module.
[    2.108077] RPC: Registered rdma backchannel transport module.
[    2.109611] 8021q: 802.1Q VLAN Support v1.8
[    2.111119] smc: adding smcd device lo without pnetid
[    2.112483] NET: Registered PF_SMC protocol family
[    2.114070] 9pnet: Installing 9P2000 support
[    2.116624] Key type dns_resolver registered
[    2.117869] NET: Registered PF_VSOCK protocol family
[    2.119110] mpls_gso: MPLS GSO support
[    2.123755] IPI shorthand broadcast: enabled
[    2.168246] sched_clock: Marking stable (2144015059, 23514269)->(2268779126, -101249798)
[    2.172216] registered taskstats version 1
[    2.173752] ata2: found unknown device (class 0)
[    2.176226] ata2.00: ATAPI: QEMU DVD-ROM, 2.5+, max UDMA/100
[    2.180113] scsi 1:0:0:0: CD-ROM            QEMU     QEMU DVD-ROM     2.5+ PQ: 0 ANSI: 5
[    2.190490] Loading compiled-in X.509 certificates
[    2.192811] kworker/u32:1 (119) used greatest stack depth: 13008 bytes left
[    2.194621] Loaded X.509 cert 'Build time autogenerated kernel key: c4531344b9a9c1a4731230d977a262ba29ba5272'
[    2.215556] sr 1:0:0:0: [sr0] scsi3-mmc drive: 4x/4x cd/rw xa/form2 tray
[    2.233951] Demotion targets for Node 0: null
[    2.235455] ima: No TPM chip found, activating TPM-bypass!
[    2.236677] ima: Allocated hash algorithm: sha1
[    2.237831] ima: No architecture policies found
[    2.239744] PM:   Magic number: 6:564:48
[    2.240739] netconsole: network logging started
[    2.242444] cdrom: Uniform CD-ROM driver Revision: 3.20
[    2.242457] cfg80211: Loading compiled-in X.509 certificates for regulatory database
[    2.247448] Loaded X.509 cert 'sforshee: 00b28ddf47aef9cea7'
[    2.248845] Loaded X.509 cert 'wens: 61c038651aabdcf94bd0ac7ff06c7248db18c600'
[    2.250732] faux_driver regulatory: Direct firmware load for regulatory.db failed with error -2
[    2.252676] cfg80211: failed to load regulatory.db
[    2.252842] ALSA device list:
[    2.255231]   No soundcards found.
[    2.257960] sr 1:0:0:0: Attached scsi CD-ROM sr0
[    2.259618] sr 1:0:0:0: Attached scsi generic sg0 type 5
[    2.471115] input: ImExPS/2 Generic Explorer Mouse as /devices/platform/i8042/serio1/input/input3
[    2.473023] md: Skipping autodetection of RAID arrays. (raid=autodetect will force)
[    2.474363] 9p: Bad value for 'source'
[    2.475074] 9pnet: Limiting 'msize' to 512000 as this is the maximum supported by transport virtio
[    2.478433] VFS: Mounted root (9p filesystem) on device 0:22.
[    2.480242] devtmpfs: mounted
[    2.480913] VFS: Pivoted into new rootfs
[    2.486088] Freeing unused kernel image (initmem) memory: 4668K
[    2.487017] Write protecting the kernel read-only data: 45056k
[    2.489009] Freeing unused kernel image (text/rodata gap) memory: 984K
[    2.490349] Freeing unused kernel image (rodata/data gap) memory: 400K
[    2.527848] x86/mm: Checked W+X mappings: passed, no W+X pages found.
[    2.528791] Run /home/prozak/.local/share/vng-venv/lib/python3.12/site-packages/virtme/guest/bin/virtme-ng-init as init process
[    2.530309]   with arguments:
[    2.530758]     /home/prozak/.local/share/vng-venv/lib/python3.12/site-packages/virtme/guest/bin/virtme-ng-init
[    2.532101]   with environment:
[    2.532554]     HOME=/
[    2.532908]     TERM=linux
[    2.533284]     virtme_hostname=virtme-ng
[    2.533867]     nr_open=1048576
[    2.534301]     virtme_link_mods=/home/prozak/sources/heimdall_experiment/uml-harness/.build/bpf-next-x86/.virtme_mods/lib/modules/0.0.0
[    2.535937]     virtme_rw_overlay0=/tmp
[    2.536462]     virtme_console=ttyS0
[    2.536991]     virtme_chdir=home/prozak/sources/heimdall_experiment/uml-harness/.build/selftests-output-qemu
[    2.614490] virtme-ng-init: mount devtmpfs -> /dev: EBUSY: Device or resource busy
[    2.616304] virtme-ng-init: Setting hostname to virtme-ng...
[    2.651125] virtme-ng-init: running systemd-tmpfiles
[    3.970388] systemd-tmpfile (127) used greatest stack depth: 12504 bytes left
[    3.970481] virtme-ng-init: basic initialization done
[    3.986973] virtme-ng-init: error creating file: Permission denied (os error 13)
[    4.092013] ip (133) used greatest stack depth: 11848 bytes left
[    4.213127] virtme-ng-init: Starting systemd-udevd version 255.4-1ubuntu8.16
[    4.215490] virtme-ng-init: triggering udev coldplug
[    7.237025] virtme-ng-init: waiting for udev to settle
[    8.024289] virtme-ng-init: udev is done
[    8.028834] virtme-ng-init: starting script
[    8.283157] bpf_testmod: loading out-of-tree module taints kernel.
[    8.284133] bpf_testmod: module verification failed: signature and/or required key missing - tainting kernel
[   11.054858] smc: removing smcd device lo
[   11.123756] ACPI: PM: Preparing to enter system sleep state S5
[   11.124999] reboot: Power down
