#36/1    bpftool_maps_access/unprotected_unpinned:OK
#36/2    bpftool_maps_access/unprotected_pinned:OK
#36/3    bpftool_maps_access/protected_unpinned:OK
#36/4    bpftool_maps_access/protected_pinned:OK
#36/5    bpftool_maps_access/nested_maps:OK
#36/6    bpftool_maps_access/btf_list:OK
#36      bpftool_maps_access:OK
Summary: 1/6 PASSED, 0 SKIPPED, 0 FAILED

Virtual KASLR using RDRAND RDTSC...

Decompressing Linux... Parsing ELF... Performing relocations... done.
Booting the kernel (entry_offset: 0x0000000003db5740).
[    0.000000] Linux version 7.2.0-rc1-g5e2f4aad04e2 (prozak@powertower) (gcc (Ubuntu 13.3.0-6ubuntu2~24.04.1) 13.3.0, GNU ld (GNU Binutils for Ubuntu) 2.42) #3 SMP PREEMPT_DYNAMIC Sun Aug  2 09:03:43 PDT 2026
[    0.000000] Command line: virtme_hostname=virtme-ng nr_open=1048576 virtme_link_mods=/home/prozak/sources/heimdall_experiment/uml-harness/.build/bpf-next-x86/.virtme_mods/lib/modules/0.0.0 virtme_rw_overlay0=/tmp virtme_console=ttyS0 console=ttyS0 earlyprintk=serial,ttyS0,115200 panic=-1 virtme.exec=`bW91bnQgLXQgYnBmIGJwZmZzIC9zeXMvZnMvYnBmIDI+L2Rldi9udWxsOyAuL3Rlc3RfcHJvZ3MgLXQgJ2JwZnRvb2xfbWFwc19hY2Nlc3Mn` virtme_chdir=home/prozak/sources/heimdall_experiment/uml-harness/.build/selftests-output-qemu rootfstype=9p rootflags=version=9p2000.L,trans=virtio,access=any,msize=524288 raid=noautodetect rw debug init=/home/prozak/.local/share/vng-venv/lib/python3.12/site-packages/virtme/guest/bin/virtme-ng-init
[    0.000000] x86 CPU feature dependency check failure: CPU0 has '18*32+31' enabled but '18*32+26' disabled. Kernel might be fine, but no guarantees.
[    0.000000] BIOS-provided physical RAM map:
[    0.000000] BIOS-e820: [mem 0x0000000000000000-0x000000000009fbff]  System RAM
[    0.000000] BIOS-e820: [mem 0x000000000009fc00-0x000000000009ffff]  device reserved
[    0.000000] BIOS-e820: [gap 0x00000000000a0000-0x00000000000effff]
[    0.000000] BIOS-e820: [mem 0x00000000000f0000-0x00000000000fffff]  device reserved
[    0.000000] BIOS-e820: [mem 0x0000000000100000-0x00000000bffdffff]  System RAM
[    0.000000] BIOS-e820: [mem 0x00000000bffe0000-0x00000000bfffffff]  device reserved
[    0.000000] BIOS-e820: [gap 0x00000000c0000000-0x00000000feffbfff]
[    0.000000] BIOS-e820: [mem 0x00000000feffc000-0x00000000feffffff]  device reserved
[    0.000000] BIOS-e820: [gap 0x00000000ff000000-0x00000000fffbffff]
[    0.000000] BIOS-e820: [mem 0x00000000fffc0000-0x00000000ffffffff]  device reserved
[    0.000000] BIOS-e820: [mem 0x0000000100000000-0x000000013fffffff]  System RAM
[    0.000000] BIOS-e820: [gap 0x0000000140000000-0x000000fcffffffff]
[    0.000000] BIOS-e820: [mem 0x000000fd00000000-0x000000ffffffffff]  device reserved
[    0.000000] printk: legacy bootconsole [earlyser0] enabled
[    0.000000] NX (Execute Disable) protection: active
[    0.000000] APIC: Static calls initialized
[    0.000000] DMI: SMBIOS 3.0.0 present.
[    0.000000] DMI: QEMU Ubuntu 24.04 PC v2 (i440FX + PIIX, arch_caps fix, 1996), BIOS 1.16.3-debian-1.16.3-2 04/01/2014
[    0.000000] DMI: Memory slots populated: 1/1
[    0.000000] Hypervisor detected: KVM
[    0.000000] last_pfn = 0xbffe0 max_arch_pfn = 0x400000000
[    0.000000] kvm-clock: Using msrs 4b564d01 and 4b564d00
[    0.000001] kvm-clock: using sched offset of 457600314 cycles
[    0.000935] clocksource: kvm-clock: mask: 0xffffffffffffffff max_cycles: 0x1cd42e4dffb, max_idle_ns: 881590591483 ns
[    0.003760] tsc: Detected 3400.038 MHz processor
[    0.004932] e820: update [mem 0x00000000-0x00000fff] System RAM ==> device reserved
[    0.006266] e820: remove [mem 0x000a0000-0x000fffff] System RAM
[    0.007298] last_pfn = 0x140000 max_arch_pfn = 0x400000000
[    0.008348] MTRR map: 4 entries (3 fixed + 1 variable; max 19), built from 8 variable MTRRs
[    0.009810] x86/PAT: Configuration [0-7]: WB  WC  UC- UC  WB  WP  UC- WT  
Memory KASLR using RDRAND RDTSC...
[    0.011702] last_pfn = 0xbffe0 max_arch_pfn = 0x400000000
[    0.013821] found SMP MP-table at [mem 0x000f5450-0x000f545f]
[    0.014896] Using GB pages for direct mapping
[    0.015829] ACPI: Early table checksum verification disabled
[    0.016823] ACPI: RSDP 0x00000000000F5240 000014 (v00 BOCHS )
[    0.017825] ACPI: RSDT 0x00000000BFFE1F16 000034 (v01 BOCHS  BXPC     00000001 BXPC 00000001)
[    0.019308] ACPI: FACP 0x00000000BFFE1D92 000074 (v01 BOCHS  BXPC     00000001 BXPC 00000001)
[    0.020839] ACPI: DSDT 0x00000000BFFE0040 001D52 (v01 BOCHS  BXPC     00000001 BXPC 00000001)
[    0.022298] ACPI: FACS 0x00000000BFFE0000 000040
[    0.023107] ACPI: APIC 0x00000000BFFE1E06 0000B0 (v03 BOCHS  BXPC     00000001 BXPC 00000001)
[    0.024578] ACPI: HPET 0x00000000BFFE1EB6 000038 (v01 BOCHS  BXPC     00000001 BXPC 00000001)
[    0.026058] ACPI: WAET 0x00000000BFFE1EEE 000028 (v01 BOCHS  BXPC     00000001 BXPC 00000001)
[    0.027535] ACPI: Reserving FACP table memory at [mem 0xbffe1d92-0xbffe1e05]
[    0.028772] ACPI: Reserving DSDT table memory at [mem 0xbffe0040-0xbffe1d91]
[    0.029992] ACPI: Reserving FACS table memory at [mem 0xbffe0000-0xbffe003f]
[    0.031282] ACPI: Reserving APIC table memory at [mem 0xbffe1e06-0xbffe1eb5]
[    0.032513] ACPI: Reserving HPET table memory at [mem 0xbffe1eb6-0xbffe1eed]
[    0.033735] ACPI: Reserving WAET table memory at [mem 0xbffe1eee-0xbffe1f15]
[    0.035401] No NUMA configuration found
[    0.036071] Faking a node at [mem 0x0000000000000000-0x000000013fffffff]
[    0.037244] NODE_DATA(0) allocated [mem 0x13fff9c80-0x13fffdfff]
[    0.039093] ACPI: PM-Timer IO Port: 0x608
[    0.039808] ACPI: LAPIC_NMI (acpi_id[0xff] dfl dfl lint[0x1])
[    0.040858] IOAPIC[0]: apic_id 0, version 17, address 0xfec00000, GSI 0-23
[    0.042039] ACPI: INT_SRC_OVR (bus 0 bus_irq 0 global_irq 2 dfl dfl)
[    0.043162] ACPI: INT_SRC_OVR (bus 0 bus_irq 5 global_irq 5 high level)
[    0.044303] ACPI: INT_SRC_OVR (bus 0 bus_irq 9 global_irq 9 high level)
[    0.045451] ACPI: INT_SRC_OVR (bus 0 bus_irq 10 global_irq 10 high level)
[    0.046662] ACPI: INT_SRC_OVR (bus 0 bus_irq 11 global_irq 11 high level)
[    0.047899] ACPI: Using ACPI (MADT) for SMP configuration information
[    0.049060] ACPI: HPET id: 0x8086a201 base: 0xfed00000
[    0.049941] TSC deadline timer available
[    0.050611] CPU topo: Max. logical packages:   1
[    0.051418] CPU topo: Max. logical nodes:      1
[    0.052268] CPU topo: Num. nodes per package:  1
[    0.053091] CPU topo: Max. logical dies:       1
[    0.053880] CPU topo: Max. dies per package:   1
[    0.054709] CPU topo: Max. threads per core:   1
[    0.055517] CPU topo: Num. cores per package:     8
[    0.056377] CPU topo: Num. threads per package:   8
[    0.057229] CPU topo: Allowing 8 present CPUs plus 0 hotplug CPUs
[    0.058291] kvm-guest: APIC: eoi() replaced with kvm_guest_apic_eoi_write()
[    0.059539] kvm-guest: KVM setup pv remote TLB flush
[    0.060426] kvm-guest: setup PV sched yield
[    0.061166] PM: hibernation: Registered nosave memory: [mem 0x00000000-0x00000fff]
[    0.062470] PM: hibernation: Registered nosave memory: [mem 0x0009f000-0x000fffff]
[    0.063821] PM: hibernation: Registered nosave memory: [mem 0xbffe0000-0xffffffff]
[    0.065148] [gap 0xc0000000-0xfeffbfff] available for PCI devices
[    0.066190] Booting paravirtualized kernel on KVM
[    0.067015] clocksource: refined-jiffies: mask: 0xffffffff max_cycles: 0xffffffff, max_idle_ns: 1910969940391419 ns
[    0.073414] Zone ranges:
[    0.073859]   DMA      [mem 0x0000000000001000-0x0000000000ffffff]
[    0.074935]   DMA32    [mem 0x0000000001000000-0x00000000ffffffff]
[    0.076026]   Normal   [mem 0x0000000100000000-0x000000013fffffff]
[    0.077102] Movable zone start for each node
[    0.077849] Early memory node ranges
[    0.078473]   node   0: [mem 0x0000000000001000-0x000000000009efff]
[    0.079561]   node   0: [mem 0x0000000000100000-0x00000000bffdffff]
[    0.080665]   node   0: [mem 0x0000000100000000-0x000000013fffffff]
[    0.081786] Initmem setup node 0 [mem 0x0000000000001000-0x000000013fffffff]
[    0.083044] On node 0, zone DMA: 1 pages in unavailable ranges
[    0.084435] On node 0, zone DMA: 97 pages in unavailable ranges
[    0.207901] On node 0, zone Normal: 32 pages in unavailable ranges
[    0.209011] setup_percpu: NR_CPUS:128 nr_cpumask_bits:8 nr_cpu_ids:8 nr_node_ids:1
[    0.213664] percpu: Embedded 58 pages/cpu s199696 r8192 d29680 u262144
[    0.214826] pcpu-alloc: s199696 r8192 d29680 u262144 alloc=1*2097152
[    0.216003] pcpu-alloc: [0] 0 1 2 3 4 5 6 7 
[    0.216828] Kernel command line: virtme_hostname=virtme-ng nr_open=1048576 virtme_link_mods=/home/prozak/sources/heimdall_experiment/uml-harness/.build/bpf-next-x86/.virtme_mods/lib/modules/0.0.0 virtme_rw_overlay0=/tmp virtme_console=ttyS0 console=ttyS0 earlyprintk=serial,ttyS0,115200 panic=-1 virtme.exec=`bW91bnQgLXQgYnBmIGJwZmZzIC9zeXMvZnMvYnBmIDI+L2Rldi9udWxsOyAuL3Rlc3RfcHJvZ3MgLXQgJ2JwZnRvb2xfbWFwc19hY2Nlc3Mn` virtme_chdir=home/prozak/sources/heimdall_experiment/uml-harness/.build/selftests-output-qemu rootfstype=9p rootflags=version=9p2000.L,trans=virtio,access=any,msize=524288 raid=noautodetect rw debug init=/home/prozak/.local/share/vng-venv/lib/python3.12/site-packages/virtme/guest/bin/virtme-ng-init
[    0.228195] Unknown kernel command line parameters "virtme_hostname=virtme-ng nr_open=1048576 virtme_link_mods=/home/prozak/sources/heimdall_experiment/uml-harness/.build/bpf-next-x86/.virtme_mods/lib/modules/0.0.0 virtme_rw_overlay0=/tmp virtme_console=ttyS0 virtme_chdir=home/prozak/sources/heimdall_experiment/uml-harness/.build/selftests-output-qemu", will be passed to user space.
[    0.234177] random: crng init done
[    0.234764] printk: log buffer data + meta data: 2097152 + 7340032 = 9437184 bytes
[    0.242366] Dentry cache hash table entries: 524288 (order: 10, 4194304 bytes, linear)
[    0.247181] Inode-cache hash table entries: 262144 (order: 9, 2097152 bytes, linear)
[    0.248860] software IO TLB: area num 8.
[    0.383338] Fallback order for Node 0: 0 
[    0.383342] Built 1 zonelists, mobility grouping on.  Total pages: 1048446
[    0.385307] Policy zone: Normal
[    0.385879] mem auto-init: stack:all(zero), heap alloc:off, heap free:off
[    0.392200] SLUB: HWalign=64, Order=0-3, MinObjects=0, CPUs=8, Nodes=1
Poking KASLR using RDRAND RDTSC...
[    0.407871] ftrace: allocating 69757 entries in 274 pages
[    0.408816] ftrace: allocated 274 pages with 3 groups
[    0.410183] Dynamic Preempt: full
[    0.411088] Running RCU self tests
[    0.411701] Running RCU synchronous self tests
[    0.412477] rcu: Preemptible hierarchical RCU implementation.
[    0.413466] rcu: 	RCU event tracing is enabled.
[    0.414265] rcu: 	RCU lockdep checking is enabled.
[    0.415130] rcu: 	RCU restricting CPUs from NR_CPUS=128 to nr_cpu_ids=8.
[    0.416344] 	Trampoline variant of Tasks RCU enabled.
[    0.417232] 	Rude variant of Tasks RCU enabled.
[    0.418043] 	Tracing variant of Tasks RCU enabled.
[    0.418869] rcu: RCU calculated value of scheduler-enlistment delay is 100 jiffies.
[    0.420231] rcu: Adjusting geometry for rcu_fanout_leaf=16, nr_cpu_ids=8
[    0.421433] Running RCU synchronous self tests
[    0.422223] RCU Tasks: Setting shift to 3 and lim to 1 rcu_task_cb_adjust=1 rcu_task_cpu_ids=8.
[    0.423743] RCU Tasks Rude: Setting shift to 3 and lim to 1 rcu_task_cb_adjust=1 rcu_task_cpu_ids=8.
[    0.431151] NR_IRQS: 8448, nr_irqs: 488, preallocated irqs: 16
[    0.432523] rcu: srcu_init: Setting srcu_struct sizes based on contention.
[    0.433804] clocksource: jiffies: mask: 0xffffffff max_cycles: 0xffffffff, max_idle_ns: 1911260446275000 ns
[    0.435917] Console: colour *CGA 80x25
[    0.436634] printk: legacy console [ttyS0] enabled
[    0.436634] printk: legacy console [ttyS0] enabled
[    0.438334] printk: legacy bootconsole [earlyser0] disabled
[    0.438334] printk: legacy bootconsole [earlyser0] disabled
[    0.440386] Lock dependency validator: Copyright (c) 2006 Red Hat, Inc., Ingo Molnar
[    0.441801] ... MAX_LOCKDEP_SUBCLASSES:  8
[    0.442533] ... MAX_LOCK_DEPTH:          48
[    0.443277] ... MAX_LOCKDEP_KEYS:        8192
[    0.444098] ... CLASSHASH_SIZE:          4096
[    0.444881] ... MAX_LOCKDEP_ENTRIES:     32768
[    0.445732] ... MAX_LOCKDEP_CHAINS:      65536
[    0.446522] ... CHAINHASH_SIZE:          32768
[    0.447311]  memory used by lock dependency info: 6429 kB
[    0.448348]  memory used for stack traces: 4224 kB
[    0.449215]  per task-struct memory footprint: 1920 bytes
[    0.450273] ACPI: Core revision 20260408
[    0.451185] clocksource: hpet: mask: 0xffffffff max_cycles: 0xffffffff, max_idle_ns: 19112604467 ns
[    0.453019] APIC: Switch to symmetric I/O mode setup
[    0.454387] x2apic enabled
[    0.455406] APIC: Switched APIC routing to: physical x2apic
[    0.456506] kvm-guest: APIC: send_IPI_mask() replaced with kvm_send_ipi_mask()
[    0.457882] kvm-guest: APIC: send_IPI_mask_allbutself() replaced with kvm_send_ipi_mask_allbutself()
[    0.459607] kvm-guest: setup PV IPIs
[    0.462402] ..TIMER: vector=0x30 apic1=0 pin1=2 apic2=-1 pin2=-1
[    0.463564] clocksource: tsc-early: mask: 0xffffffffffffffff max_cycles: 0x31027285e94, max_idle_ns: 440795238296 ns
[    0.465536] Calibrating delay loop (skipped) preset value.. 6800.07 BogoMIPS (lpj=3400038)
[    0.467173] x86/cpu: User Mode Instruction Prevention (UMIP) activated
[    0.467834] Last level iTLB entries: 4KB 512, 2MB 255, 4MB 127
[    0.468533] Last level dTLB entries: 4KB 512, 2MB 255, 4MB 127, 1GB 0
[    0.469541] mitigations: Enabled attack vectors: user_kernel, user_user, SMT mitigations: auto
[    0.470534] Speculative Store Bypass: Mitigation: Speculative Store Bypass disabled via prctl
[    0.471534] Speculative Return Stack Overflow: IBPB-extending microcode not applied!
[    0.472533] Speculative Return Stack Overflow: WARNING: See https://kernel.org/doc/html/latest/admin-guide/hw-vuln/srso.html for mitigation options.
[    0.472535] Transient Scheduler Attacks: Vulnerable: No microcode
[    0.474534] Spectre V2 : Mitigation: Retpolines
[    0.475534] Speculative Return Stack Overflow: Vulnerable: Safe RET, no microcode
[    0.476533] Spectre V1 : Mitigation: usercopy/swapgs barriers and __user pointer sanitization
[    0.477534] Spectre V2 : Spectre v2 / SpectreRSB: Filling RSB on context switch and VMEXIT
[    0.478534] Spectre V2 : Enabling Restricted Speculation for firmware calls
[    0.479536] Spectre V2 : mitigation: Enabling conditional Indirect Branch Prediction Barrier
[    0.480534] active return thunk: srso_alias_return_thunk
[    0.481599] x86/fpu: Supporting XSAVE feature 0x001: 'x87 floating point registers'
[    0.482533] x86/fpu: Supporting XSAVE feature 0x002: 'SSE registers'
[    0.483533] x86/fpu: Supporting XSAVE feature 0x004: 'AVX registers'
[    0.484534] x86/fpu: xstate_offset[2]:  576, xstate_sizes[2]:  256
[    0.485533] x86/fpu: Enabled xstate features 0x7, context size is 832 bytes, using 'compacted' format.
[    0.522155] pid_max: default: 32768 minimum: 301
[    0.522744] SELinux:  Initializing.
[    0.525414] LSM support for eBPF active
[    0.526587] Mount-cache hash table entries: 8192 (order: 4, 65536 bytes, linear)
[    0.527659] Mountpoint-cache hash table entries: 8192 (order: 4, 65536 bytes, linear)
[    0.530159] VFS: Finished mounting rootfs on nullfs
[    0.532674] Running RCU synchronous self tests
[    0.533536] Running RCU synchronous self tests
[    0.535087] smpboot: CPU0: AMD Ryzen 9 5950X 16-Core Processor (family: 0x19, model: 0x21, stepping: 0x2)
[    0.537562] Performance Events: Fam17h+ core perfctr, AMD PMU driver.
[    0.538559] ... version:                   0
[    0.539475] ... bit width:                 48
[    0.539540] ... generic counters:          6
[    0.540439] ... generic bitmap:            000000000000003f
[    0.540540] ... fixed-purpose counters:    0
[    0.541455] ... fixed-purpose bitmap:      0000000000000000
[    0.541541] ... value mask:                0000ffffffffffff
[    0.542540] ... max period:                00007fffffffffff
[    0.543541] ... global_ctrl mask:          000000000000003f
[    0.544840] signal: max sigframe size: 1776
[    0.545740] rcu: Hierarchical SRCU implementation.
[    0.546544] rcu: 	Max phase no-delay instances is 400.
[    0.547887] Timer migration: 1 hierarchy levels; 8 children per group; 1 crossnode level
[    0.560880] smp: Bringing up secondary CPUs ...
[    0.565745] smpboot: x86: Booting SMP configuration:
[    0.566541] .... node  #0, CPUs:      #1 #2 #3 #4 #5 #6 #7
[    0.593938] smp: Brought up 1 node, 8 CPUs
[    0.595444] smpboot: Total of 8 processors activated (54400.60 BogoMIPS)
[    0.596909] Memory: 3963780K/4193784K available (25637K kernel code, 10348K rwdata, 18032K rodata, 4668K init, 13400K bss, 221948K reserved, 0K cma-reserved)
[    0.599540] devtmpfs: initialized
[    0.604045] Running RCU synchronous self tests
[    0.604561] Running RCU synchronous self tests
[    0.605647] Running RCU Tasks wait API self tests
[    0.606599] Running RCU Tasks Rude wait API self tests
[    0.607543] Running RCU Tasks Trace wait API self tests
[    0.608695] posixtimers hash table entries: 4096 (order: 7, 294912 bytes, linear)
[    0.611069] futex hash table entries: 2048 (262144 bytes on 1 NUMA nodes, total 256 KiB, linear).
[    0.612540] PM: RTC time: 23:01:26, date: 2026-08-02
[    0.613573] Callback from call_rcu_tasks_trace() invoked.
[    0.621021] NET: Registered PF_NETLINK/PF_ROUTE protocol family
[    0.622588] audit: initializing netlink subsys (disabled)
[    0.623663] audit: type=2000 audit(1785711686.933:1): state=initialized audit_enabled=0 res=1
[    0.648776] thermal_sys: Registered thermal governor 'step_wise'
[    0.648848] cpuidle: using governor ladder
[    0.650543] cpuidle: using governor menu
[    0.652759] Freeing SMP alternatives memory: 68K
[    0.654412] PCI: Using configuration type 1 for base access
[    0.654542] PCI: Using configuration type 1 for extended access
[    0.655738] kprobes: kprobe jump-optimization is enabled. All kprobes are optimized if possible.
[    0.657667] HugeTLB: registered 1.00 GiB page size, pre-allocated 0 pages
[    0.658543] HugeTLB: 16380 KiB vmemmap can be freed for a 1.00 GiB page
[    0.659541] HugeTLB: registered 2.00 MiB page size, pre-allocated 0 pages
[    0.660541] HugeTLB: 28 KiB vmemmap can be freed for a 2.00 MiB page
[    0.666546] ACPI: Added _OSI(Module Device)
[    0.667486] ACPI: Added _OSI(Processor Device)
[    0.667542] ACPI: Added _OSI(Processor Aggregator Device)
[    0.672205] ACPI: 1 ACPI AML tables successfully acquired and loaded
[    0.675599] ACPI: \_SB_: platform _OSC: OS support mask [002a7eee]
[    0.677412] ACPI: Interpreter enabled
[    0.677610] ACPI: PM: (supports S0 S3 S4 S5)
[    0.678559] ACPI: Using IOAPIC for interrupt routing
[    0.679595] PCI: Using host bridge windows from ACPI; if necessary, use "pci=nocrs" and report a bug
[    0.680542] PCI: Using E820 reservations for host bridge windows
[    0.681931] ACPI: Enabled 2 GPEs in block 00 to 0F
[    0.698542] ACPI: PCI Root Bridge [PCI0] (domain 0000 [bus 00-ff])
[    0.699549] acpi PNP0A03:00: _OSC: OS supports [ExtendedConfig ASPM ClockPM Segments MSI HPX-Type3]
[    0.700553] acpi PNP0A03:00: _OSC: OS requested [PME PCIeCapability LTR]
[    0.701542] acpi PNP0A03:00: _OSC: platform willing to grant [PME PCIeCapability LTR]
[    0.702542] acpi PNP0A03:00: _OSC: platform retains control of PCIe features (AE_ERROR)
[    0.704308] PCI host bridge to bus 0000:00
[    0.704551] pci_bus 0000:00: root bus resource [io  0x0000-0x0cf7 window]
[    0.705543] pci_bus 0000:00: root bus resource [io  0x0d00-0xffff window]
[    0.706540] pci_bus 0000:00: root bus resource [mem 0x000a0000-0x000bffff window]
[    0.707543] pci_bus 0000:00: root bus resource [mem 0xc0000000-0xfebfffff window]
[    0.708542] pci_bus 0000:00: root bus resource [mem 0x380000000000-0x38007fffffff window]
[    0.709542] pci_bus 0000:00: root bus resource [bus 00-ff]
[    0.710947] pci 0000:00:00.0: [8086:1237] type 00 class 0x060000 conventional PCI endpoint
[    0.713297] pci 0000:00:01.0: [8086:7000] type 00 class 0x060100 conventional PCI endpoint
[    0.714971] pci 0000:00:01.1: [8086:7010] type 00 class 0x010180 conventional PCI endpoint
[    0.716497] pci 0000:00:01.1: BAR 4 [io  0xc1c0-0xc1cf]
[    0.716619] pci 0000:00:01.1: BAR 0 [io  0x01f0-0x01f7]: legacy IDE quirk
[    0.717542] pci 0000:00:01.1: BAR 1 [io  0x03f6]: legacy IDE quirk
[    0.718541] pci 0000:00:01.1: BAR 2 [io  0x0170-0x0177]: legacy IDE quirk
[    0.719542] pci 0000:00:01.1: BAR 3 [io  0x0376]: legacy IDE quirk
[    0.721266] pci 0000:00:01.3: [8086:7113] type 00 class 0x068000 conventional PCI endpoint
[    0.722258] pci 0000:00:01.3: quirk: [io  0x0600-0x063f] claimed by PIIX4 ACPI
[    0.722558] pci 0000:00:01.3: quirk: [io  0x0700-0x070f] claimed by PIIX4 SMB
[    0.724661] pci 0000:00:02.0: [1af4:1009] type 00 class 0x000200 conventional PCI endpoint
[    0.727560] pci 0000:00:02.0: BAR 0 [io  0xc000-0xc03f]
[    0.728558] pci 0000:00:02.0: BAR 1 [mem 0xfebf8000-0xfebf8fff]
[    0.729602] pci 0000:00:02.0: BAR 4 [mem 0x380000000000-0x380000003fff 64bit pref]
[    0.733740] pci 0000:00:03.0: [8086:25ab] type 00 class 0x088000 conventional PCI endpoint
[    0.735560] pci 0000:00:03.0: BAR 0 [mem 0xfebf9000-0xfebf900f]
[    0.739405] pci 0000:00:04.0: [1af4:1003] type 00 class 0x078000 conventional PCI endpoint
[    0.740560] pci 0000:00:04.0: BAR 0 [io  0xc040-0xc07f]
[    0.741559] pci 0000:00:04.0: BAR 1 [mem 0xfebfa000-0xfebfafff]
[    0.742604] pci 0000:00:04.0: BAR 4 [mem 0x380000004000-0x380000007fff 64bit pref]
[    0.746870] pci 0000:00:05.0: [1af4:1003] type 00 class 0x078000 conventional PCI endpoint
[    0.748559] pci 0000:00:05.0: BAR 0 [io  0xc080-0xc0bf]
[    0.749559] pci 0000:00:05.0: BAR 1 [mem 0xfebfb000-0xfebfbfff]
[    0.750605] pci 0000:00:05.0: BAR 4 [mem 0x380000008000-0x38000000bfff 64bit pref]
[    0.755123] pci 0000:00:06.0: [1af4:1003] type 00 class 0x078000 conventional PCI endpoint
[    0.756560] pci 0000:00:06.0: BAR 0 [io  0xc0c0-0xc0ff]
[    0.757556] pci 0000:00:06.0: BAR 1 [mem 0xfebfc000-0xfebfcfff]
[    0.758603] pci 0000:00:06.0: BAR 4 [mem 0x38000000c000-0x38000000ffff 64bit pref]
[    0.762936] pci 0000:00:07.0: [1af4:1003] type 00 class 0x078000 conventional PCI endpoint
[    0.765089] pci 0000:00:07.0: BAR 0 [io  0xc100-0xc13f]
[    0.765559] pci 0000:00:07.0: BAR 1 [mem 0xfebfd000-0xfebfdfff]
[    0.766603] pci 0000:00:07.0: BAR 4 [mem 0x380000010000-0x380000013fff 64bit pref]
[    0.770868] pci 0000:00:08.0: [1af4:1003] type 00 class 0x078000 conventional PCI endpoint
[    0.772559] pci 0000:00:08.0: BAR 0 [io  0xc140-0xc17f]
[    0.773559] pci 0000:00:08.0: BAR 1 [mem 0xfebfe000-0xfebfefff]
[    0.774600] pci 0000:00:08.0: BAR 4 [mem 0x380000014000-0x380000017fff 64bit pref]
[    0.778807] pci 0000:00:09.0: [1af4:1003] type 00 class 0x078000 conventional PCI endpoint
[    0.780539] pci 0000:00:09.0: BAR 0 [io  0xc180-0xc1bf]
[    0.781557] pci 0000:00:09.0: BAR 1 [mem 0xfebff000-0xfebfffff]
[    0.782800] pci 0000:00:09.0: BAR 4 [mem 0x380000018000-0x38000001bfff 64bit pref]
[    0.792102] ACPI: PCI: Interrupt link LNKA configured for IRQ 10
[    0.792804] ACPI: PCI: Interrupt link LNKB configured for IRQ 10
[    0.793790] ACPI: PCI: Interrupt link LNKC configured for IRQ 11
[    0.794813] ACPI: PCI: Interrupt link LNKD configured for IRQ 11
[    0.795671] ACPI: PCI: Interrupt link LNKS configured for IRQ 9
[    0.798569] iommu: Default domain type: Translated
[    0.799543] iommu: DMA domain TLB invalidation policy: lazy mode
[    0.802018] SCSI subsystem initialized
[    0.802619] libata version 3.00 loaded.
[    0.803706] ACPI: bus type USB registered
[    0.804702] usbcore: registered new interface driver usbfs
[    0.805633] usbcore: registered new interface driver hub
[    0.806579] usbcore: registered new device driver usb
[    0.807731] pps_core: LinuxPPS API ver. 1 registered
[    0.808540] pps_core: Software ver. 5.3.6 - Copyright 2005-2007 Rodolfo Giometti <giometti@linux.it>
[    0.809567] PTP clock support registered
[    0.811051] Advanced Linux Sound Architecture Driver Initialized.
[    0.812850] NetLabel: Initializing
[    0.813541] NetLabel:  domain hash size = 128
[    0.814494] NetLabel:  protocols = UNLABELED CIPSOv4 CALIPSO
[    0.814589] NetLabel:  unlabeled traffic allowed by default
[    0.815881] PCI: Using ACPI for IRQ routing
[    0.816541] PCI: pci_cache_line_size set to 64 bytes
[    0.817773] Callback from call_rcu_tasks() invoked.
[    0.818121] e820: register RAM buffer resource [mem 0x0009fc00-0x0009ffff]
[    0.819544] e820: register RAM buffer resource [mem 0xbffe0000-0xbfffffff]
[    0.820657] vgaarb: loaded
[    0.821344] hpet0: at MMIO 0xfed00000, IRQs 2, 8, 0
[    0.821544] hpet0: 3 comparators, 64-bit 100.000000 MHz counter
[    0.826888] clocksource: Switched to clocksource kvm-clock
[    0.829097] VFS: Disk quotas dquot_6.6.0
[    0.830049] VFS: Dquot-cache hash table entries: 512 (4096 bytes)
[    0.832620] pnp: PnP ACPI init
[    0.833935] pnp 00:02: [dma 2]
[    0.835597] pnp: PnP ACPI: found 4 devices
[    0.854091] clocksource: acpi_pm: mask: 0xffffff max_cycles: 0xffffff, max_idle_ns: 2085701024 ns
[    0.856358] NET: Registered PF_INET protocol family
[    0.858710] IP idents hash table entries: 65536 (order: 7, 524288 bytes, linear)
[    0.862717] tcp_listen_portaddr_hash hash table entries: 2048 (order: 6, 147456 bytes, linear)
[    0.864949] Table-perturb hash table entries: 65536 (order: 6, 262144 bytes, linear)
[    0.866671] TCP established hash table entries: 32768 (order: 6, 262144 bytes, linear)
[    0.868939] TCP bind hash table entries: 32768 (order: 11, 4718592 bytes, vmalloc hugepage)
[    0.881271] TCP: Hash tables configured (established 32768 bind 32768)
[    0.884278] MPTCP token hash table entries: 4096 (order: 7, 360448 bytes, linear)
[    0.886010] UDP hash table entries: 2048 (order: 7, 524288 bytes, linear)
[    0.888672] NET: Registered PF_UNIX/PF_LOCAL protocol family
[    0.890995] RPC: Registered named UNIX socket transport module.
[    0.892454] RPC: Registered udp transport module.
[    0.893690] RPC: Registered tcp transport module.
[    0.894786] RPC: Registered tcp-with-tls transport module.
[    0.895969] RPC: Registered tcp NFSv4.1 backchannel transport module.
[    0.898214] NET: Registered PF_XDP protocol family
[    0.899425] pci_bus 0000:00: resource 4 [io  0x0000-0x0cf7 window]
[    0.900776] pci_bus 0000:00: resource 5 [io  0x0d00-0xffff window]
[    0.902123] pci_bus 0000:00: resource 6 [mem 0x000a0000-0x000bffff window]
[    0.903622] pci_bus 0000:00: resource 7 [mem 0xc0000000-0xfebfffff window]
[    0.905107] pci_bus 0000:00: resource 8 [mem 0x380000000000-0x38007fffffff window]
[    0.906856] pci 0000:00:01.0: PIIX3: Enabling Passive Release
[    0.908140] pci 0000:00:00.0: Limiting direct PCI/PCI transfers
[    0.909577] PCI: CLS 0 bytes, default 64
[    0.910542] PCI-DMA: Using software bounce buffering for IO (SWIOTLB)
[    0.911965] software IO TLB: mapped [mem 0x00000000bbfe0000-0x00000000bffe0000] (64MB)
[    0.914718] clocksource: tsc: mask: 0xffffffffffffffff max_cycles: 0x31027285e94, max_idle_ns: 440795238296 ns
[    0.926255] Initialise system trusted keyrings
[    0.927679] workingset: timestamp_bits=40 (anon: 35) max_order=20 bucket_order=0 (anon: 0)
[    0.930500] squashfs: version 4.0 (2009/01/31) Phillip Lougher
[    0.932475] NFS: Registering the id_resolver key type
[    0.933832] Key type id_resolver registered
[    0.934813] Key type id_legacy registered
[    0.935671] nfs4filelayout_init: NFSv4 File Layout Driver Registering...
[    0.937155] nfs4flexfilelayout_init: NFSv4 Flexfile Layout Driver Registering...
[    0.939024] fuse: init (API version 7.45)
[    0.940237] 9p: Installing v9fs 9p2000 file system support
[    0.943280] NET: Registered PF_ALG protocol family
[    0.944399] Key type asymmetric registered
[    0.945313] Asymmetric key parser 'x509' registered
[    0.946522] Block layer SCSI generic (bsg) driver version 0.4 loaded (major 248)
[    0.948683] io scheduler mq-deadline registered
[    0.949855] io scheduler kyber registered
[    0.952345] input: Power Button as /devices/platform/LNXPWRBN:00/input/input0
[    0.954167] ACPI: button: Power Button [PWRF]
[    1.084445] ACPI: \_SB_.LNKB: Enabled at IRQ 10
[    1.211895] ACPI: \_SB_.LNKD: Enabled at IRQ 11
[    1.336448] ACPI: \_SB_.LNKA: Enabled at IRQ 10
[    1.473389] kwatchdog (99) used greatest stack depth: 14776 bytes left
[    1.585067] ACPI: \_SB_.LNKC: Enabled at IRQ 11
[    1.834945] Serial: 8250/16550 driver, 4 ports, IRQ sharing enabled
[    1.837495] 00:03: ttyS0 at I/O 0x3f8 (irq = 4, base_baud = 115200) is a 16550A
[    1.994362] Non-volatile memory driver v1.3
[    1.996293] ACPI: bus type drm_connector registered
[    2.018213] brd: module loaded
[    2.031611] loop: module loaded
[    2.036962] scsi host0: ata_piix
[    2.038842] scsi host1: ata_piix
[    2.039894] ata1: PATA max MWDMA2 cmd 0x1f0 ctl 0x3f6 bmdma 0xc1c0 irq 14 lpm-pol 0
[    2.041578] ata2: PATA max MWDMA2 cmd 0x170 ctl 0x376 bmdma 0xc1c8 irq 15 lpm-pol 0
[    2.048076] tun: Universal TUN/TAP device driver, 1.6
[    2.049633] e100: Intel(R) PRO/100 Network Driver
[    2.050667] e100: Copyright(c) 1999-2006 Intel Corporation
[    2.052019] e1000: Intel(R) PRO/1000 Network Driver
[    2.053079] e1000: Copyright (c) 1999-2006 Intel Corporation.
[    2.054441] e1000e: Intel(R) PRO/1000 Network Driver
[    2.055510] e1000e: Copyright(c) 1999 - 2015 Intel Corporation.
[    2.056881] sky2: driver version 1.30
[    2.058852] usbcore: registered new interface driver usblp
[    2.060174] usbcore: registered new interface driver usb-storage
[    2.061602] i8042: PNP: PS/2 Controller [PNP0303:KBD,PNP0f13:MOU] at 0x60,0x64 irq 1,12
[    2.064726] serio: i8042 KBD port at 0x60,0x64 irq 1
[    2.066285] serio: i8042 AUX port at 0x60,0x64 irq 12
[    2.068965] rtc_cmos PNP0B00:00: RTC can wake from S4
[    2.071651] input: AT Translated Set 2 keyboard as /devices/platform/i8042/serio0/input/input1
[    2.075205] rtc_cmos PNP0B00:00: registered as rtc0
[    2.076963] rtc_cmos PNP0B00:00: alarms up to one day, y3k, 242 bytes nvram, hpet irqs
[    2.079408] Registered IR keymap rc-empty
[    2.080671] rc rc0: rc-core loopback device as /devices/virtual/rc/rc0
[    2.082532] rc rc0: lirc_dev: driver rc-loopback registered at minor = 0, raw IR receiver, raw IR transmitter
[    2.085187] input: rc-core loopback device as /devices/virtual/rc/rc0/input4
[    2.089003] intel_powerclamp: CPU does not support MWAIT
[    2.090281] device-mapper: core: CONFIG_IMA_DISABLE_HTABLE is disabled. Duplicate IMA measurements will not be recorded in the IMA log.
[    2.093389] device-mapper: ioctl: 4.50.0-ioctl (2025-04-28) initialised: dm-devel@lists.linux.dev
[    2.095411] amd_pstate: the _CPC object is not present in SBIOS or ACPI disabled
[    2.098393] hid: raw HID events driver (C) Jiri Kosina
[    2.101550] usbcore: registered new interface driver usbhid
[    2.102861] usbhid: USB HID core driver
[    2.105042] GACT probability NOT on
[    2.105890] Mirror/redirect action on
[    2.108263] nf_conntrack_irc: The irc conntrack helper is scheduled for removal.
[    2.108263] Please contact the netfilter-devel mailing list if you still need this.
[    2.113484] ipip: IPv4 and MPLS over IPv4 tunneling driver
[    2.115471] gre: GRE over IPv4 demultiplexer driver
[    2.116595] ip_gre: GRE over IPv4 tunneling driver
[    2.120363] Initializing XFRM netlink socket
[    2.121807] IPsec XFRM device driver
[    2.122861] NET: Registered PF_INET6 protocol family
[    2.126362] Segment Routing with IPv6
[    2.127240] In-situ OAM (IOAM) with IPv6
[    2.128232] mip6: Mobile IPv6
[    2.128920] sit: IPv6, IPv4 and MPLS over IPv4 tunneling driver
[    2.131826] ip6_gre: GRE over IPv6 tunneling driver
[    2.133784] NET: Registered PF_PACKET protocol family
[    2.134982] RPC: Registered rdma transport module.
[    2.136104] RPC: Registered rdma backchannel transport module.
[    2.137851] 8021q: 802.1Q VLAN Support v1.8
[    2.139571] smc: adding smcd device lo without pnetid
[    2.141104] NET: Registered PF_SMC protocol family
[    2.142631] 9pnet: Installing 9P2000 support
[    2.145232] Key type dns_resolver registered
[    2.146452] NET: Registered PF_VSOCK protocol family
[    2.147620] mpls_gso: MPLS GSO support
[    2.152107] IPI shorthand broadcast: enabled
[    2.197311] sched_clock: Marking stable (2173009918, 23728676)->(2298244297, -101505703)
[    2.201152] registered taskstats version 1
[    2.201705] ata2: found unknown device (class 0)
[    2.204457] ata2.00: ATAPI: QEMU DVD-ROM, 2.5+, max UDMA/100
[    2.208058] scsi 1:0:0:0: CD-ROM            QEMU     QEMU DVD-ROM     2.5+ PQ: 0 ANSI: 5
[    2.220228] Loading compiled-in X.509 certificates
[    2.222299] kworker/u32:1 (119) used greatest stack depth: 13008 bytes left
[    2.223481] Loaded X.509 cert 'Build time autogenerated kernel key: c4531344b9a9c1a4731230d977a262ba29ba5272'
[    2.237634] sr 1:0:0:0: [sr0] scsi3-mmc drive: 4x/4x cd/rw xa/form2 tray
[    2.259537] cdrom: Uniform CD-ROM driver Revision: 3.20
[    2.265170] Demotion targets for Node 0: null
[    2.266706] ima: No TPM chip found, activating TPM-bypass!
[    2.268211] ima: Allocated hash algorithm: sha1
[    2.269555] ima: No architecture policies found
[    2.271379] sr 1:0:0:0: Attached scsi CD-ROM sr0
[    2.271802] PM:   Magic number: 6:564:48
[    2.273516] sr 1:0:0:0: Attached scsi generic sg0 type 5
[    2.273584] netconsole: network logging started
[    2.276914] cfg80211: Loading compiled-in X.509 certificates for regulatory database
[    2.279926] Loaded X.509 cert 'sforshee: 00b28ddf47aef9cea7'
[    2.281674] Loaded X.509 cert 'wens: 61c038651aabdcf94bd0ac7ff06c7248db18c600'
[    2.283371] ALSA device list:
[    2.284500] faux_driver regulatory: Direct firmware load for regulatory.db failed with error -2
[    2.284801]   No soundcards found.
[    2.286488] cfg80211: failed to load regulatory.db
[    2.515443] input: ImExPS/2 Generic Explorer Mouse as /devices/platform/i8042/serio1/input/input3
[    2.517384] md: Skipping autodetection of RAID arrays. (raid=autodetect will force)
[    2.518857] 9p: Bad value for 'source'
[    2.519507] 9pnet: Limiting 'msize' to 512000 as this is the maximum supported by transport virtio
[    2.523112] VFS: Mounted root (9p filesystem) on device 0:22.
[    2.525117] devtmpfs: mounted
[    2.525909] VFS: Pivoted into new rootfs
[    2.530675] Freeing unused kernel image (initmem) memory: 4668K
[    2.531554] Write protecting the kernel read-only data: 45056k
[    2.533641] Freeing unused kernel image (text/rodata gap) memory: 984K
[    2.534931] Freeing unused kernel image (rodata/data gap) memory: 400K
[    2.571911] x86/mm: Checked W+X mappings: passed, no W+X pages found.
[    2.572804] Run /home/prozak/.local/share/vng-venv/lib/python3.12/site-packages/virtme/guest/bin/virtme-ng-init as init process
[    2.574333]   with arguments:
[    2.574768]     /home/prozak/.local/share/vng-venv/lib/python3.12/site-packages/virtme/guest/bin/virtme-ng-init
[    2.576173]   with environment:
[    2.576621]     HOME=/
[    2.576979]     TERM=linux
[    2.577355]     virtme_hostname=virtme-ng
[    2.577935]     nr_open=1048576
[    2.578371]     virtme_link_mods=/home/prozak/sources/heimdall_experiment/uml-harness/.build/bpf-next-x86/.virtme_mods/lib/modules/0.0.0
[    2.579971]     virtme_rw_overlay0=/tmp
[    2.580512]     virtme_console=ttyS0
[    2.581022]     virtme_chdir=home/prozak/sources/heimdall_experiment/uml-harness/.build/selftests-output-qemu
[    2.670531] virtme-ng-init: mount devtmpfs -> /dev: EBUSY: Device or resource busy
[    2.672341] virtme-ng-init: Setting hostname to virtme-ng...
[    2.709380] virtme-ng-init: running systemd-tmpfiles
[    4.038203] systemd-tmpfile (126) used greatest stack depth: 12000 bytes left
[    4.038342] virtme-ng-init: basic initialization done
[    4.055573] virtme-ng-init: error creating file: Permission denied (os error 13)
[    4.154965] ip (131) used greatest stack depth: 11848 bytes left
[    4.272976] virtme-ng-init: Starting systemd-udevd version 255.4-1ubuntu8.16
[    4.275327] virtme-ng-init: triggering udev coldplug
[    7.280716] virtme-ng-init: waiting for udev to settle
[    8.087575] virtme-ng-init: udev is done
[    8.092206] virtme-ng-init: starting script
[    8.378213] bpf_testmod: loading out-of-tree module taints kernel.
[    8.379156] bpf_testmod: module verification failed: signature and/or required key missing - tainting kernel
[   11.098223] smc: removing smcd device lo
[   11.168112] ACPI: PM: Preparing to enter system sleep state S5
[   11.169381] reboot: Power down
