#464/1   struct_ops_autocreate/cant_load_full_object:OK
#464/2   struct_ops_autocreate/can_load_partial_object:OK
#464/3   struct_ops_autocreate/autoload_and_shadow_vars:OK
#464/4   struct_ops_autocreate/optional_maps:OK
#464     struct_ops_autocreate:OK
Summary: 1/4 PASSED, 0 SKIPPED, 0 FAILED
e_32bit: 0x0000000000000000
Physical KASLR using RDRAND RDTSC...
Virtual KASLR using RDRAND RDTSC...

Decompressing Linux... Parsing ELF... Performing relocations... done.
Booting the kernel (entry_offset: 0x0000000003db5740).
[    0.000000] Linux version 7.2.0-rc1-g5e2f4aad04e2 (prozak@powertower) (gcc (Ubuntu 13.3.0-6ubuntu2~24.04.1) 13.3.0, GNU ld (GNU Binutils for Ubuntu) 2.42) #3 SMP PREEMPT_DYNAMIC Sun Aug  2 09:03:43 PDT 2026
[    0.000000] Command line: virtme_hostname=virtme-ng nr_open=1048576 virtme_link_mods=/home/prozak/sources/heimdall_experiment/uml-harness/.build/bpf-next-x86/.virtme_mods/lib/modules/0.0.0 virtme_rw_overlay0=/tmp virtme_console=ttyS0 console=ttyS0 earlyprintk=serial,ttyS0,115200 panic=-1 virtme.exec=`Li90ZXN0X3Byb2dzIC10ICdzdHJ1Y3Rfb3BzX2F1dG9jcmVhdGUn` virtme_chdir=home/prozak/sources/heimdall_experiment/uml-harness/.build/selftests-output-qemu rootfstype=9p rootflags=version=9p2000.L,trans=virtio,access=any,msize=524288 raid=noautodetect rw debug init=/home/prozak/.local/share/vng-venv/lib/python3.12/site-packages/virtme/guest/bin/virtme-ng-init
[    0.000000] x86 CPU feature dependency check failure: CPU0 has '18*32+31' enabled but '18*32+26' disabled. Kernel might be fine, but no guarantees.
[    0.000000] BIOS-provided physical RAM map:
[    0.000000] BIOS-e820: [mem 0x0000000000000000-0x000000000009fbff]  System RAM
[    0.000000] BIOS-e820: [mem 0x000000000009fc00-0x000000000009ffff]  device reserved
[    0.000000] BIOS-e820: [gap 0x00000000000a0000-0x00000000000effff]
[    0.000000] BIOS-e820: [mem 0x00000000000f0000-0x00000000000fffff]  device reserved
[    0.000000] BIOS-e820: [mem 0x0000000000100000-0x00000000bffdffff]  System RAM
[    0.000000] BIOS-e820: [mem 0x00000000bffe0000-0x00000000bfffffff]  device reserved
[    0.000000] BIOS-e820: [gap 0x00000000c0000000-0x00000000feffbfff]
[    0.000000] BIOS-e820: [mem 0x00000000feffc000-0x00000000feffffff]  device reserved
[    0.000000] BIOS-e820: [gap 0x00000000ff000000-0x00000000fffbffff]
[    0.000000] BIOS-e820: [mem 0x00000000fffc0000-0x00000000ffffffff]  device reserved
[    0.000000] BIOS-e820: [mem 0x0000000100000000-0x000000013fffffff]  System RAM
[    0.000000] BIOS-e820: [gap 0x0000000140000000-0x000000fcffffffff]
[    0.000000] BIOS-e820: [mem 0x000000fd00000000-0x000000ffffffffff]  device reserved
[    0.000000] printk: legacy bootconsole [earlyser0] enabled
[    0.000000] NX (Execute Disable) protection: active
[    0.000000] APIC: Static calls initialized
[    0.000000] DMI: SMBIOS 3.0.0 present.
[    0.000000] DMI: QEMU Ubuntu 24.04 PC v2 (i440FX + PIIX, arch_caps fix, 1996), BIOS 1.16.3-debian-1.16.3-2 04/01/2014
[    0.000000] DMI: Memory slots populated: 1/1
[    0.000000] Hypervisor detected: KVM
[    0.000000] last_pfn = 0xbffe0 max_arch_pfn = 0x400000000
[    0.000000] kvm-clock: Using msrs 4b564d01 and 4b564d00
[    0.000011] kvm-clock: using sched offset of 891071987 cycles
[    0.001438] clocksource: kvm-clock: mask: 0xffffffffffffffff max_cycles: 0x1cd42e4dffb, max_idle_ns: 881590591483 ns
[    0.005980] tsc: Detected 3400.038 MHz processor
[    0.008074] e820: update [mem 0x00000000-0x00000fff] System RAM ==> device reserved
[    0.010178] e820: remove [mem 0x000a0000-0x000fffff] System RAM
[    0.011765] last_pfn = 0x140000 max_arch_pfn = 0x400000000
[    0.013505] MTRR map: 4 entries (3 fixed + 1 variable; max 19), built from 8 variable MTRRs
[    0.015817] x86/PAT: Configuration [0-7]: WB  WC  UC- UC  WB  WP  UC- WT  
Memory KASLR using RDRAND RDTSC...
[    0.018892] last_pfn = 0xbffe0 max_arch_pfn = 0x400000000
[    0.022166] found SMP MP-table at [mem 0x000f5450-0x000f545f]
[    0.023847] Using GB pages for direct mapping
[    0.025432] ACPI: Early table checksum verification disabled
[    0.027015] ACPI: RSDP 0x00000000000F5240 000014 (v00 BOCHS )
[    0.028647] ACPI: RSDT 0x00000000BFFE1F16 000034 (v01 BOCHS  BXPC     00000001 BXPC 00000001)
[    0.031036] ACPI: FACP 0x00000000BFFE1D92 000074 (v01 BOCHS  BXPC     00000001 BXPC 00000001)
[    0.033472] ACPI: DSDT 0x00000000BFFE0040 001D52 (v01 BOCHS  BXPC     00000001 BXPC 00000001)
[    0.035817] ACPI: FACS 0x00000000BFFE0000 000040
[    0.037179] ACPI: APIC 0x00000000BFFE1E06 0000B0 (v03 BOCHS  BXPC     00000001 BXPC 00000001)
[    0.039625] ACPI: HPET 0x00000000BFFE1EB6 000038 (v01 BOCHS  BXPC     00000001 BXPC 00000001)
[    0.041982] ACPI: WAET 0x00000000BFFE1EEE 000028 (v01 BOCHS  BXPC     00000001 BXPC 00000001)
[    0.044419] ACPI: Reserving FACP table memory at [mem 0xbffe1d92-0xbffe1e05]
[    0.046419] ACPI: Reserving DSDT table memory at [mem 0xbffe0040-0xbffe1d91]
[    0.048356] ACPI: Reserving FACS table memory at [mem 0xbffe0000-0xbffe003f]
[    0.050333] ACPI: Reserving APIC table memory at [mem 0xbffe1e06-0xbffe1eb5]
[    0.052272] ACPI: Reserving HPET table memory at [mem 0xbffe1eb6-0xbffe1eed]
[    0.054246] ACPI: Reserving WAET table memory at [mem 0xbffe1eee-0xbffe1f15]
[    0.057083] No NUMA configuration found
[    0.058157] Faking a node at [mem 0x0000000000000000-0x000000013fffffff]
[    0.060032] NODE_DATA(0) allocated [mem 0x13fff9c80-0x13fffdfff]
[    0.063160] ACPI: PM-Timer IO Port: 0x608
[    0.064303] ACPI: LAPIC_NMI (acpi_id[0xff] dfl dfl lint[0x1])
[    0.066019] IOAPIC[0]: apic_id 0, version 17, address 0xfec00000, GSI 0-23
[    0.068032] ACPI: INT_SRC_OVR (bus 0 bus_irq 0 global_irq 2 dfl dfl)
[    0.069765] ACPI: INT_SRC_OVR (bus 0 bus_irq 5 global_irq 5 high level)
[    0.071676] ACPI: INT_SRC_OVR (bus 0 bus_irq 9 global_irq 9 high level)
[    0.073475] ACPI: INT_SRC_OVR (bus 0 bus_irq 10 global_irq 10 high level)
[    0.075364] ACPI: INT_SRC_OVR (bus 0 bus_irq 11 global_irq 11 high level)
[    0.079965] ACPI: Using ACPI (MADT) for SMP configuration information
[    0.081765] ACPI: HPET id: 0x8086a201 base: 0xfed00000
[    0.083217] TSC deadline timer available
[    0.084299] CPU topo: Max. logical packages:   1
[    0.085554] CPU topo: Max. logical nodes:      1
[    0.086754] CPU topo: Num. nodes per package:  1
[    0.088110] CPU topo: Max. logical dies:       1
[    0.089450] CPU topo: Max. dies per package:   1
[    0.090731] CPU topo: Max. threads per core:   1
[    0.092122] CPU topo: Num. cores per package:     8
[    0.093465] CPU topo: Num. threads per package:   8
[    0.094898] CPU topo: Allowing 8 present CPUs plus 0 hotplug CPUs
[    0.096844] kvm-guest: APIC: eoi() replaced with kvm_guest_apic_eoi_write()
[    0.099000] kvm-guest: KVM setup pv remote TLB flush
[    0.100349] kvm-guest: setup PV sched yield
[    0.101518] PM: hibernation: Registered nosave memory: [mem 0x00000000-0x00000fff]
[    0.103563] PM: hibernation: Registered nosave memory: [mem 0x0009f000-0x000fffff]
[    0.105671] PM: hibernation: Registered nosave memory: [mem 0xbffe0000-0xffffffff]
[    0.107782] [gap 0xc0000000-0xfeffbfff] available for PCI devices
[    0.109686] Booting paravirtualized kernel on KVM
[    0.110977] clocksource: refined-jiffies: mask: 0xffffffff max_cycles: 0xffffffff, max_idle_ns: 1910969940391419 ns
[    0.121813] Zone ranges:
[    0.122648]   DMA      [mem 0x0000000000001000-0x0000000000ffffff]
[    0.124387]   DMA32    [mem 0x0000000001000000-0x00000000ffffffff]
[    0.126178]   Normal   [mem 0x0000000100000000-0x000000013fffffff]
[    0.127889] Movable zone start for each node
[    0.129062] Early memory node ranges
[    0.130125]   node   0: [mem 0x0000000000001000-0x000000000009efff]
[    0.131854]   node   0: [mem 0x0000000000100000-0x00000000bffdffff]
[    0.133616]   node   0: [mem 0x0000000100000000-0x000000013fffffff]
[    0.135325] Initmem setup node 0 [mem 0x0000000000001000-0x000000013fffffff]
[    0.137504] On node 0, zone DMA: 1 pages in unavailable ranges
[    0.139904] On node 0, zone DMA: 97 pages in unavailable ranges
[    0.357302] On node 0, zone Normal: 32 pages in unavailable ranges
[    0.359244] setup_percpu: NR_CPUS:128 nr_cpumask_bits:8 nr_cpu_ids:8 nr_node_ids:1
[    0.368592] percpu: Embedded 58 pages/cpu s199696 r8192 d29680 u262144
[    0.370490] pcpu-alloc: s199696 r8192 d29680 u262144 alloc=1*2097152
[    0.372224] pcpu-alloc: [0] 0 1 2 3 4 5 6 7 
[    0.373504] Kernel command line: virtme_hostname=virtme-ng nr_open=1048576 virtme_link_mods=/home/prozak/sources/heimdall_experiment/uml-harness/.build/bpf-next-x86/.virtme_mods/lib/modules/0.0.0 virtme_rw_overlay0=/tmp virtme_console=ttyS0 console=ttyS0 earlyprintk=serial,ttyS0,115200 panic=-1 virtme.exec=`Li90ZXN0X3Byb2dzIC10ICdzdHJ1Y3Rfb3BzX2F1dG9jcmVhdGUn` virtme_chdir=home/prozak/sources/heimdall_experiment/uml-harness/.build/selftests-output-qemu rootfstype=9p rootflags=version=9p2000.L,trans=virtio,access=any,msize=524288 raid=noautodetect rw debug init=/home/prozak/.local/share/vng-venv/lib/python3.12/site-packages/virtme/guest/bin/virtme-ng-init
[    0.389451] Unknown kernel command line parameters "virtme_hostname=virtme-ng nr_open=1048576 virtme_link_mods=/home/prozak/sources/heimdall_experiment/uml-harness/.build/bpf-next-x86/.virtme_mods/lib/modules/0.0.0 virtme_rw_overlay0=/tmp virtme_console=ttyS0 virtme_chdir=home/prozak/sources/heimdall_experiment/uml-harness/.build/selftests-output-qemu", will be passed to user space.
[    0.399175] random: crng init done
[    0.400122] printk: log buffer data + meta data: 2097152 + 7340032 = 9437184 bytes
[    0.415328] Dentry cache hash table entries: 524288 (order: 10, 4194304 bytes, linear)
[    0.425005] Inode-cache hash table entries: 262144 (order: 9, 2097152 bytes, linear)
[    0.427809] software IO TLB: area num 8.
[    0.727111] Fallback order for Node 0: 0 
[    0.727588] Built 1 zonelists, mobility grouping on.  Total pages: 1048446
[    0.730716] Policy zone: Normal
[    0.731816] mem auto-init: stack:all(zero), heap alloc:off, heap free:off
[    0.779035] SLUB: HWalign=64, Order=0-3, MinObjects=0, CPUs=8, Nodes=1
Poking KASLR using RDRAND RDTSC...
[    0.809822] ftrace: allocating 69757 entries in 274 pages
[    0.811408] ftrace: allocated 274 pages with 3 groups
[    0.813583] Dynamic Preempt: full
[    0.815097] Running RCU self tests
[    0.816046] Running RCU synchronous self tests
[    0.817250] rcu: Preemptible hierarchical RCU implementation.
[    0.818824] rcu: 	RCU event tracing is enabled.
[    0.819971] rcu: 	RCU lockdep checking is enabled.
[    0.821223] rcu: 	RCU restricting CPUs from NR_CPUS=128 to nr_cpu_ids=8.
[    0.822935] 	Trampoline variant of Tasks RCU enabled.
[    0.824258] 	Rude variant of Tasks RCU enabled.
[    0.825427] 	Tracing variant of Tasks RCU enabled.
[    0.826869] rcu: RCU calculated value of scheduler-enlistment delay is 100 jiffies.
[    0.828868] rcu: Adjusting geometry for rcu_fanout_leaf=16, nr_cpu_ids=8
[    0.830965] Running RCU synchronous self tests
[    0.832148] RCU Tasks: Setting shift to 3 and lim to 1 rcu_task_cb_adjust=1 rcu_task_cpu_ids=8.
[    0.834444] RCU Tasks Rude: Setting shift to 3 and lim to 1 rcu_task_cb_adjust=1 rcu_task_cpu_ids=8.
[    0.850718] NR_IRQS: 8448, nr_irqs: 488, preallocated irqs: 16
[    0.853099] rcu: srcu_init: Setting srcu_struct sizes based on contention.
[    0.855185] clocksource: jiffies: mask: 0xffffffff max_cycles: 0xffffffff, max_idle_ns: 1911260446275000 ns
[    0.859008] Console: colour *CGA 80x25
[    0.860242] printk: legacy console [ttyS0] enabled
[    0.860242] printk: legacy console [ttyS0] enabled
[    0.862985] printk: legacy bootconsole [earlyser0] disabled
[    0.862985] printk: legacy bootconsole [earlyser0] disabled
[    0.866230] Lock dependency validator: Copyright (c) 2006 Red Hat, Inc., Ingo Molnar
[    0.868483] ... MAX_LOCKDEP_SUBCLASSES:  8
[    0.869665] ... MAX_LOCK_DEPTH:          48
[    0.870881] ... MAX_LOCKDEP_KEYS:        8192
[    0.872158] ... CLASSHASH_SIZE:          4096
[    0.873494] ... MAX_LOCKDEP_ENTRIES:     32768
[    0.874776] ... MAX_LOCKDEP_CHAINS:      65536
[    0.876057] ... CHAINHASH_SIZE:          32768
[    0.877406]  memory used by lock dependency info: 6429 kB
[    0.878975]  memory used for stack traces: 4224 kB
[    0.880315]  per task-struct memory footprint: 1920 bytes
[    0.882192] ACPI: Core revision 20260408
[    0.883762] clocksource: hpet: mask: 0xffffffff max_cycles: 0xffffffff, max_idle_ns: 19112604467 ns
[    0.886895] APIC: Switch to symmetric I/O mode setup
[    0.889106] x2apic enabled
[    0.891094] APIC: Switched APIC routing to: physical x2apic
[    0.892847] kvm-guest: APIC: send_IPI_mask() replaced with kvm_send_ipi_mask()
[    0.894595] kvm-guest: APIC: send_IPI_mask_allbutself() replaced with kvm_send_ipi_mask_allbutself()
[    0.897258] kvm-guest: setup PV IPIs
[    0.901968] ..TIMER: vector=0x30 apic1=0 pin1=2 apic2=-1 pin2=-1
[    0.903768] clocksource: tsc-early: mask: 0xffffffffffffffff max_cycles: 0x31027285e94, max_idle_ns: 440795238296 ns
[    0.907523] Calibrating delay loop (skipped) preset value.. 6800.07 BogoMIPS (lpj=3400038)
[    0.911626] x86/cpu: User Mode Instruction Prevention (UMIP) activated
[    0.913594] Last level iTLB entries: 4KB 512, 2MB 255, 4MB 127
[    0.914510] Last level dTLB entries: 4KB 512, 2MB 255, 4MB 127, 1GB 0
[    0.915537] mitigations: Enabled attack vectors: user_kernel, user_user, SMT mitigations: auto
[    0.916513] Speculative Store Bypass: Mitigation: Speculative Store Bypass disabled via prctl
[    0.917514] Speculative Return Stack Overflow: IBPB-extending microcode not applied!
[    0.918515] Speculative Return Stack Overflow: WARNING: See https://kernel.org/doc/html/latest/admin-guide/hw-vuln/srso.html for mitigation options.
[    0.918520] Transient Scheduler Attacks: Vulnerable: No microcode
[    0.920518] Spectre V2 : Mitigation: Retpolines
[    0.921512] Speculative Return Stack Overflow: Vulnerable: Safe RET, no microcode
[    0.922511] Spectre V1 : Mitigation: usercopy/swapgs barriers and __user pointer sanitization
[    0.923511] Spectre V2 : Spectre v2 / SpectreRSB: Filling RSB on context switch and VMEXIT
[    0.924522] Spectre V2 : Enabling Restricted Speculation for firmware calls
[    0.925522] Spectre V2 : mitigation: Enabling conditional Indirect Branch Prediction Barrier
[    0.926519] active return thunk: srso_alias_return_thunk
[    0.929537] x86/fpu: Supporting XSAVE feature 0x001: 'x87 floating point registers'
[    0.930515] x86/fpu: Supporting XSAVE feature 0x002: 'SSE registers'
[    0.931519] x86/fpu: Supporting XSAVE feature 0x004: 'AVX registers'
[    0.932512] x86/fpu: xstate_offset[2]:  576, xstate_sizes[2]:  256
[    0.933517] x86/fpu: Enabled xstate features 0x7, context size is 832 bytes, using 'compacted' format.
[    0.988483] pid_max: default: 32768 minimum: 301
[    0.990527] SELinux:  Initializing.
[    0.993661] LSM support for eBPF active
[    0.995019] Mount-cache hash table entries: 8192 (order: 4, 65536 bytes, linear)
[    0.995739] Mountpoint-cache hash table entries: 8192 (order: 4, 65536 bytes, linear)
[    0.998929] VFS: Finished mounting rootfs on nullfs
[    1.003269] Running RCU synchronous self tests
[    1.003515] Running RCU synchronous self tests
[    1.005787] smpboot: CPU0: AMD Ryzen 9 5950X 16-Core Processor (family: 0x19, model: 0x21, stepping: 0x2)
[    1.010013] Performance Events: Fam17h+ core perfctr, AMD PMU driver.
[    1.010560] ... version:                   0
[    1.011532] ... bit width:                 48
[    1.012519] ... generic counters:          6
[    1.013519] ... generic bitmap:            000000000000003f
[    1.014518] ... fixed-purpose counters:    0
[    1.015517] ... fixed-purpose bitmap:      0000000000000000
[    1.016518] ... value mask:                0000ffffffffffff
[    1.017517] ... max period:                00007fffffffffff
[    1.018521] ... global_ctrl mask:          000000000000003f
[    1.020185] signal: max sigframe size: 1776
[    1.020904] rcu: Hierarchical SRCU implementation.
[    1.021520] rcu: 	Max phase no-delay instances is 400.
[    1.023152] Timer migration: 1 hierarchy levels; 8 children per group; 1 crossnode level
[    1.044547] smp: Bringing up secondary CPUs ...
[    1.049317] smpboot: x86: Booting SMP configuration:
[    1.049519] .... node  #0, CPUs:      #1 #2 #3 #4 #5 #6 #7
[    1.103108] smp: Brought up 1 node, 8 CPUs
[    1.104558] smpboot: Total of 8 processors activated (54400.60 BogoMIPS)
[    1.107503] Memory: 3963788K/4193784K available (25637K kernel code, 10348K rwdata, 18032K rodata, 4668K init, 13400K bss, 221944K reserved, 0K cma-reserved)
[    1.113519] devtmpfs: initialized
[    1.120159] Running RCU synchronous self tests
[    1.120565] Running RCU synchronous self tests
[    1.122565] Running RCU Tasks wait API self tests
[    1.123675] Running RCU Tasks Rude wait API self tests
[    1.124529] Running RCU Tasks Trace wait API self tests
[    1.126525] posixtimers hash table entries: 4096 (order: 7, 294912 bytes, linear)
[    1.129655] futex hash table entries: 2048 (262144 bytes on 1 NUMA nodes, total 256 KiB, linear).
[    1.132399] PM: RTC time: 16:42:29, date: 2026-08-02
[    1.132582] Callback from call_rcu_tasks_trace() invoked.
[    1.143162] NET: Registered PF_NETLINK/PF_ROUTE protocol family
[    1.145246] audit: initializing netlink subsys (disabled)
[    1.145743] audit: type=2000 audit(1785688949.834:1): state=initialized audit_enabled=0 res=1
[    1.186668] thermal_sys: Registered thermal governor 'step_wise'
[    1.186805] cpuidle: using governor ladder
[    1.189532] cpuidle: using governor menu
[    1.194023] Freeing SMP alternatives memory: 68K
[    1.199632] PCI: Using configuration type 1 for base access
[    1.200555] PCI: Using configuration type 1 for extended access
[    1.201840] kprobes: kprobe jump-optimization is enabled. All kprobes are optimized if possible.
[    1.206630] HugeTLB: registered 1.00 GiB page size, pre-allocated 0 pages
[    1.207517] HugeTLB: 16380 KiB vmemmap can be freed for a 1.00 GiB page
[    1.208525] HugeTLB: registered 2.00 MiB page size, pre-allocated 0 pages
[    1.209522] HugeTLB: 28 KiB vmemmap can be freed for a 2.00 MiB page
[    1.220294] ACPI: Added _OSI(Module Device)
[    1.220520] ACPI: Added _OSI(Processor Device)
[    1.221521] ACPI: Added _OSI(Processor Aggregator Device)
[    1.228242] ACPI: 1 ACPI AML tables successfully acquired and loaded
[    1.232580] ACPI: \_SB_: platform _OSC: OS support mask [002a7eee]
[    1.234651] ACPI: Interpreter enabled
[    1.235642] ACPI: PM: (supports S0 S3 S4 S5)
[    1.236545] ACPI: Using IOAPIC for interrupt routing
[    1.237622] PCI: Using host bridge windows from ACPI; if necessary, use "pci=nocrs" and report a bug
[    1.238520] PCI: Using E820 reservations for host bridge windows
[    1.240139] ACPI: Enabled 2 GPEs in block 00 to 0F
[    1.264634] ACPI: PCI Root Bridge [PCI0] (domain 0000 [bus 00-ff])
[    1.265529] acpi PNP0A03:00: _OSC: OS supports [ExtendedConfig ASPM ClockPM Segments MSI HPX-Type3]
[    1.266542] acpi PNP0A03:00: _OSC: OS requested [PME PCIeCapability LTR]
[    1.267523] acpi PNP0A03:00: _OSC: platform willing to grant [PME PCIeCapability LTR]
[    1.268530] acpi PNP0A03:00: _OSC: platform retains control of PCIe features (AE_ERROR)
[    1.270866] PCI host bridge to bus 0000:00
[    1.271540] pci_bus 0000:00: root bus resource [io  0x0000-0x0cf7 window]
[    1.272527] pci_bus 0000:00: root bus resource [io  0x0d00-0xffff window]
[    1.273522] pci_bus 0000:00: root bus resource [mem 0x000a0000-0x000bffff window]
[    1.274549] pci_bus 0000:00: root bus resource [mem 0xc0000000-0xfebfffff window]
[    1.275526] pci_bus 0000:00: root bus resource [mem 0x380000000000-0x38007fffffff window]
[    1.276533] pci_bus 0000:00: root bus resource [bus 00-ff]
[    1.278333] pci 0000:00:00.0: [8086:1237] type 00 class 0x060000 conventional PCI endpoint
[    1.281267] pci 0000:00:01.0: [8086:7000] type 00 class 0x060100 conventional PCI endpoint
[    1.283866] pci 0000:00:01.1: [8086:7010] type 00 class 0x010180 conventional PCI endpoint
[    1.286455] pci 0000:00:01.1: BAR 4 [io  0xc1c0-0xc1cf]
[    1.286661] pci 0000:00:01.1: BAR 0 [io  0x01f0-0x01f7]: legacy IDE quirk
[    1.287523] pci 0000:00:01.1: BAR 1 [io  0x03f6]: legacy IDE quirk
[    1.288522] pci 0000:00:01.1: BAR 2 [io  0x0170-0x0177]: legacy IDE quirk
[    1.289524] pci 0000:00:01.1: BAR 3 [io  0x0376]: legacy IDE quirk
[    1.291905] pci 0000:00:01.3: [8086:7113] type 00 class 0x068000 conventional PCI endpoint
[    1.293643] pci 0000:00:01.3: quirk: [io  0x0600-0x063f] claimed by PIIX4 ACPI
[    1.294549] pci 0000:00:01.3: quirk: [io  0x0700-0x070f] claimed by PIIX4 SMB
[    1.297247] pci 0000:00:02.0: [1af4:1009] type 00 class 0x000200 conventional PCI endpoint
[    1.299554] pci 0000:00:02.0: BAR 0 [io  0xc000-0xc03f]
[    1.300555] pci 0000:00:02.0: BAR 1 [mem 0xfebf8000-0xfebf8fff]
[    1.301603] pci 0000:00:02.0: BAR 4 [mem 0x380000000000-0x380000003fff 64bit pref]
[    1.307277] pci 0000:00:03.0: [8086:25ab] type 00 class 0x088000 conventional PCI endpoint
[    1.309161] pci 0000:00:03.0: BAR 0 [mem 0xfebf9000-0xfebf900f]
[    1.314168] pci 0000:00:04.0: [1af4:1003] type 00 class 0x078000 conventional PCI endpoint
[    1.316564] pci 0000:00:04.0: BAR 0 [io  0xc040-0xc07f]
[    1.317555] pci 0000:00:04.0: BAR 1 [mem 0xfebfa000-0xfebfafff]
[    1.318610] pci 0000:00:04.0: BAR 4 [mem 0x380000004000-0x380000007fff 64bit pref]
[    1.324647] pci 0000:00:05.0: [1af4:1003] type 00 class 0x078000 conventional PCI endpoint
[    1.327547] pci 0000:00:05.0: BAR 0 [io  0xc080-0xc0bf]
[    1.328553] pci 0000:00:05.0: BAR 1 [mem 0xfebfb000-0xfebfbfff]
[    1.329638] pci 0000:00:05.0: BAR 4 [mem 0x380000008000-0x38000000bfff 64bit pref]
[    1.336285] pci 0000:00:06.0: [1af4:1003] type 00 class 0x078000 conventional PCI endpoint
[    1.338554] pci 0000:00:06.0: BAR 0 [io  0xc0c0-0xc0ff]
[    1.339547] pci 0000:00:06.0: BAR 1 [mem 0xfebfc000-0xfebfcfff]
[    1.340654] pci 0000:00:06.0: BAR 4 [mem 0x38000000c000-0x38000000ffff 64bit pref]
[    1.347269] pci 0000:00:07.0: [1af4:1003] type 00 class 0x078000 conventional PCI endpoint
[    1.349557] pci 0000:00:07.0: BAR 0 [io  0xc100-0xc13f]
[    1.350553] pci 0000:00:07.0: BAR 1 [mem 0xfebfd000-0xfebfdfff]
[    1.351640] pci 0000:00:07.0: BAR 4 [mem 0x380000010000-0x380000013fff 64bit pref]
[    1.357873] pci 0000:00:08.0: [1af4:1003] type 00 class 0x078000 conventional PCI endpoint
[    1.360543] pci 0000:00:08.0: BAR 0 [io  0xc140-0xc17f]
[    1.361544] pci 0000:00:08.0: BAR 1 [mem 0xfebfe000-0xfebfefff]
[    1.362608] pci 0000:00:08.0: BAR 4 [mem 0x380000014000-0x380000017fff 64bit pref]
[    1.368995] pci 0000:00:09.0: [1af4:1003] type 00 class 0x078000 conventional PCI endpoint
[    1.371557] pci 0000:00:09.0: BAR 0 [io  0xc180-0xc1bf]
[    1.372554] pci 0000:00:09.0: BAR 1 [mem 0xfebff000-0xfebfffff]
[    1.373621] pci 0000:00:09.0: BAR 4 [mem 0x380000018000-0x38000001bfff 64bit pref]
[    1.389484] ACPI: PCI: Interrupt link LNKA configured for IRQ 10
[    1.389949] ACPI: PCI: Interrupt link LNKB configured for IRQ 10
[    1.390917] ACPI: PCI: Interrupt link LNKC configured for IRQ 11
[    1.391930] ACPI: PCI: Interrupt link LNKD configured for IRQ 11
[    1.392717] ACPI: PCI: Interrupt link LNKS configured for IRQ 9
[    1.397561] iommu: Default domain type: Translated
[    1.398518] iommu: DMA domain TLB invalidation policy: lazy mode
[    1.402141] SCSI subsystem initialized
[    1.402685] libata version 3.00 loaded.
[    1.403849] ACPI: bus type USB registered
[    1.404723] usbcore: registered new interface driver usbfs
[    1.405655] usbcore: registered new interface driver hub
[    1.406595] usbcore: registered new device driver usb
[    1.407933] pps_core: LinuxPPS API ver. 1 registered
[    1.408543] pps_core: Software ver. 5.3.6 - Copyright 2005-2007 Rodolfo Giometti <giometti@linux.it>
[    1.409615] PTP clock support registered
[    1.412304] Advanced Linux Sound Architecture Driver Initialized.
[    1.415090] NetLabel: Initializing
[    1.415517] NetLabel:  domain hash size = 128
[    1.416522] NetLabel:  protocols = UNLABELED CIPSOv4 CALIPSO
[    1.417604] NetLabel:  unlabeled traffic allowed by default
[    1.419683] PCI: Using ACPI for IRQ routing
[    1.420521] PCI: pci_cache_line_size set to 64 bytes
[    1.422258] e820: register RAM buffer resource [mem 0x0009fc00-0x0009ffff]
[    1.422529] e820: register RAM buffer resource [mem 0xbffe0000-0xbfffffff]
[    1.423827] vgaarb: loaded
[    1.424922] hpet0: at MMIO 0xfed00000, IRQs 2, 8, 0
[    1.425521] hpet0: 3 comparators, 64-bit 100.000000 MHz counter
[    1.435279] clocksource: Switched to clocksource kvm-clock
[    1.437875] Callback from call_rcu_tasks() invoked.
[    1.440743] VFS: Disk quotas dquot_6.6.0
[    1.442222] VFS: Dquot-cache hash table entries: 512 (4096 bytes)
[    1.449354] pnp: PnP ACPI init
[    1.451473] pnp 00:02: [dma 2]
[    1.454537] pnp: PnP ACPI: found 4 devices
[    1.491188] clocksource: acpi_pm: mask: 0xffffff max_cycles: 0xffffff, max_idle_ns: 2085701024 ns
[    1.495453] NET: Registered PF_INET protocol family
[    1.499870] IP idents hash table entries: 65536 (order: 7, 524288 bytes, linear)
[    1.506967] tcp_listen_portaddr_hash hash table entries: 2048 (order: 6, 147456 bytes, linear)
[    1.510974] Table-perturb hash table entries: 65536 (order: 6, 262144 bytes, linear)
[    1.513993] TCP established hash table entries: 32768 (order: 6, 262144 bytes, linear)
[    1.518021] TCP bind hash table entries: 32768 (order: 11, 4718592 bytes, vmalloc hugepage)
[    1.540397] TCP: Hash tables configured (established 32768 bind 32768)
[    1.545900] MPTCP token hash table entries: 4096 (order: 7, 360448 bytes, linear)
[    1.549131] UDP hash table entries: 2048 (order: 7, 524288 bytes, linear)
[    1.554075] NET: Registered PF_UNIX/PF_LOCAL protocol family
[    1.558470] RPC: Registered named UNIX socket transport module.
[    1.560810] RPC: Registered udp transport module.
[    1.562607] RPC: Registered tcp transport module.
[    1.564303] RPC: Registered tcp-with-tls transport module.
[    1.566171] RPC: Registered tcp NFSv4.1 backchannel transport module.
[    1.570306] NET: Registered PF_XDP protocol family
[    1.571875] pci_bus 0000:00: resource 4 [io  0x0000-0x0cf7 window]
[    1.574404] pci_bus 0000:00: resource 5 [io  0x0d00-0xffff window]
[    1.576671] pci_bus 0000:00: resource 6 [mem 0x000a0000-0x000bffff window]
[    1.579274] pci_bus 0000:00: resource 7 [mem 0xc0000000-0xfebfffff window]
[    1.581867] pci_bus 0000:00: resource 8 [mem 0x380000000000-0x38007fffffff window]
[    1.585063] pci 0000:00:01.0: PIIX3: Enabling Passive Release
[    1.587585] pci 0000:00:00.0: Limiting direct PCI/PCI transfers
[    1.590077] PCI: CLS 0 bytes, default 64
[    1.591728] PCI-DMA: Using software bounce buffering for IO (SWIOTLB)
[    1.594132] software IO TLB: mapped [mem 0x00000000bbfe0000-0x00000000bffe0000] (64MB)
[    1.600646] clocksource: tsc: mask: 0xffffffffffffffff max_cycles: 0x31027285e94, max_idle_ns: 440795238296 ns
[    1.620271] Initialise system trusted keyrings
[    1.622821] workingset: timestamp_bits=40 (anon: 35) max_order=20 bucket_order=0 (anon: 0)
[    1.627355] squashfs: version 4.0 (2009/01/31) Phillip Lougher
[    1.631891] NFS: Registering the id_resolver key type
[    1.633973] Key type id_resolver registered
[    1.635573] Key type id_legacy registered
[    1.637190] nfs4filelayout_init: NFSv4 File Layout Driver Registering...
[    1.639564] nfs4flexfilelayout_init: NFSv4 Flexfile Layout Driver Registering...
[    1.643065] fuse: init (API version 7.45)
[    1.646107] 9p: Installing v9fs 9p2000 file system support
[    1.657456] NET: Registered PF_ALG protocol family
[    1.659138] Key type asymmetric registered
[    1.660595] Asymmetric key parser 'x509' registered
[    1.662677] Block layer SCSI generic (bsg) driver version 0.4 loaded (major 248)
[    1.666157] io scheduler mq-deadline registered
[    1.667812] io scheduler kyber registered
[    1.671892] input: Power Button as /devices/platform/LNXPWRBN:00/input/input0
[    1.675054] ACPI: button: Power Button [PWRF]
[    1.880076] ACPI: \_SB_.LNKB: Enabled at IRQ 10
[    2.083008] ACPI: \_SB_.LNKD: Enabled at IRQ 11
[    2.284533] ACPI: \_SB_.LNKA: Enabled at IRQ 10
[    2.436758] kwatchdog (99) used greatest stack depth: 14776 bytes left
[    2.706894] ACPI: \_SB_.LNKC: Enabled at IRQ 11
[    3.135719] Serial: 8250/16550 driver, 4 ports, IRQ sharing enabled
[    3.139998] 00:03: ttyS0 at I/O 0x3f8 (irq = 4, base_baud = 115200) is a 16550A
[    3.582081] Non-volatile memory driver v1.3
[    3.585313] ACPI: bus type drm_connector registered
[    3.632056] brd: module loaded
[    3.657700] loop: module loaded
[    3.668194] scsi host0: ata_piix
[    3.671602] scsi host1: ata_piix
[    3.673449] ata1: PATA max MWDMA2 cmd 0x1f0 ctl 0x3f6 bmdma 0xc1c0 irq 14 lpm-pol 0
[    3.676752] ata2: PATA max MWDMA2 cmd 0x170 ctl 0x376 bmdma 0xc1c8 irq 15 lpm-pol 0
[    3.689114] tun: Universal TUN/TAP device driver, 1.6
[    3.692084] e100: Intel(R) PRO/100 Network Driver
[    3.693882] e100: Copyright(c) 1999-2006 Intel Corporation
[    3.696381] e1000: Intel(R) PRO/1000 Network Driver
[    3.698462] e1000: Copyright (c) 1999-2006 Intel Corporation.
[    3.700831] e1000e: Intel(R) PRO/1000 Network Driver
[    3.702717] e1000e: Copyright(c) 1999 - 2015 Intel Corporation.
[    3.705013] sky2: driver version 1.30
[    3.708954] usbcore: registered new interface driver usblp
[    3.711234] usbcore: registered new interface driver usb-storage
[    3.713806] i8042: PNP: PS/2 Controller [PNP0303:KBD,PNP0f13:MOU] at 0x60,0x64 irq 1,12
[    3.718809] serio: i8042 KBD port at 0x60,0x64 irq 1
[    3.721266] serio: i8042 AUX port at 0x60,0x64 irq 12
[    3.724011] rtc_cmos PNP0B00:00: RTC can wake from S4
[    3.727912] input: AT Translated Set 2 keyboard as /devices/platform/i8042/serio0/input/input1
[    3.737242] rtc_cmos PNP0B00:00: registered as rtc0
[    3.741414] rtc_cmos PNP0B00:00: alarms up to one day, y3k, 242 bytes nvram, hpet irqs
[    3.745218] Registered IR keymap rc-empty
[    3.747464] rc rc0: rc-core loopback device as /devices/virtual/rc/rc0
[    3.756115] rc rc0: lirc_dev: driver rc-loopback registered at minor = 0, raw IR receiver, raw IR transmitter
[    3.775585] input: rc-core loopback device as /devices/virtual/rc/rc0/input4
[    3.780982] intel_powerclamp: CPU does not support MWAIT
[    3.783154] device-mapper: core: CONFIG_IMA_DISABLE_HTABLE is disabled. Duplicate IMA measurements will not be recorded in the IMA log.
[    3.788692] device-mapper: ioctl: 4.50.0-ioctl (2025-04-28) initialised: dm-devel@lists.linux.dev
[    3.792124] amd_pstate: the _CPC object is not present in SBIOS or ACPI disabled
[    3.796246] hid: raw HID events driver (C) Jiri Kosina
[    3.802340] usbcore: registered new interface driver usbhid
[    3.804844] usbhid: USB HID core driver
[    3.809227] GACT probability NOT on
[    3.810764] Mirror/redirect action on
[    3.815568] nf_conntrack_irc: The irc conntrack helper is scheduled for removal.
[    3.815568] Please contact the netfilter-devel mailing list if you still need this.
[    3.824536] ipip: IPv4 and MPLS over IPv4 tunneling driver
[    3.828055] gre: GRE over IPv4 demultiplexer driver
[    3.829962] ip_gre: GRE over IPv4 tunneling driver
[    3.836663] Initializing XFRM netlink socket
[    3.838767] IPsec XFRM device driver
[    3.840519] NET: Registered PF_INET6 protocol family
[    3.841836] ata2: found unknown device (class 0)
[    3.846475] ata2.00: ATAPI: QEMU DVD-ROM, 2.5+, max UDMA/100
[    3.846939] Segment Routing with IPv6
[    3.850318] In-situ OAM (IOAM) with IPv6
[    3.852144] mip6: Mobile IPv6
[    3.853779] sit: IPv6, IPv4 and MPLS over IPv4 tunneling driver
[    3.853952] scsi 1:0:0:0: CD-ROM            QEMU     QEMU DVD-ROM     2.5+ PQ: 0 ANSI: 5
[    3.864247] ip6_gre: GRE over IPv6 tunneling driver
[    3.868035] NET: Registered PF_PACKET protocol family
[    3.870241] RPC: Registered rdma transport module.
[    3.872869] RPC: Registered rdma backchannel transport module.
[    3.880013] 8021q: 802.1Q VLAN Support v1.8
[    3.883145] smc: adding smcd device lo without pnetid
[    3.889709] NET: Registered PF_SMC protocol family
[    3.893244] 9pnet: Installing 9P2000 support
[    3.904838] Key type dns_resolver registered
[    3.907017] NET: Registered PF_VSOCK protocol family
[    3.909370] mpls_gso: MPLS GSO support
[    3.910113] clocksource: Watchdog remote CPU 4 read timed out
[    3.913067] sr 1:0:0:0: [sr0] scsi3-mmc drive: 4x/4x cd/rw xa/form2 tray
[    3.922239] IPI shorthand broadcast: enabled
[    3.937661] cdrom: Uniform CD-ROM driver Revision: 3.20
[    3.978169] sr 1:0:0:0: Attached scsi CD-ROM sr0
[    3.982448] sr 1:0:0:0: Attached scsi generic sg0 type 5
[    4.016675] sched_clock: Marking stable (3971024141, 45319620)->(4326172927, -309829166)
[    4.023339] registered taskstats version 1
[    4.065080] Loading compiled-in X.509 certificates
[    4.069143] kworker/u32:0 (122) used greatest stack depth: 14152 bytes left
[    4.072820] kworker/u32:0 (123) used greatest stack depth: 13008 bytes left
[    4.074632] Loaded X.509 cert 'Build time autogenerated kernel key: c4531344b9a9c1a4731230d977a262ba29ba5272'
[    4.139441] Demotion targets for Node 0: null
[    4.142592] ima: No TPM chip found, activating TPM-bypass!
[    4.144720] ima: Allocated hash algorithm: sha1
[    4.147096] ima: No architecture policies found
[    4.151250] PM:   Magic number: 6:543:741
[    4.152957] PM:   hash matches drivers/base/power/main.c:1008
[    4.155168] workqueue writeback: hash matches
[    4.157614] netconsole: network logging started
[    4.160840] cfg80211: Loading compiled-in X.509 certificates for regulatory database
[    4.166045] Loaded X.509 cert 'sforshee: 00b28ddf47aef9cea7'
[    4.168544] Loaded X.509 cert 'wens: 61c038651aabdcf94bd0ac7ff06c7248db18c600'
[    4.172051] faux_driver regulatory: Direct firmware load for regulatory.db failed with error -2
[    4.175588] ALSA device list:
[    4.176857]   No soundcards found.
[    4.178469] cfg80211: failed to load regulatory.db
[    4.203963] input: ImExPS/2 Generic Explorer Mouse as /devices/platform/i8042/serio1/input/input3
[    4.207368] md: Skipping autodetection of RAID arrays. (raid=autodetect will force)
[    4.210029] 9p: Bad value for 'source'
[    4.211082] 9pnet: Limiting 'msize' to 512000 as this is the maximum supported by transport virtio
[    4.216822] VFS: Mounted root (9p filesystem) on device 0:22.
[    4.222686] devtmpfs: mounted
[    4.225790] VFS: Pivoted into new rootfs
[    4.236509] Freeing unused kernel image (initmem) memory: 4668K
[    4.238299] Write protecting the kernel read-only data: 45056k
[    4.241351] Freeing unused kernel image (text/rodata gap) memory: 984K
[    4.243553] Freeing unused kernel image (rodata/data gap) memory: 400K
[    4.307254] x86/mm: Checked W+X mappings: passed, no W+X pages found.
[    4.309110] Run /home/prozak/.local/share/vng-venv/lib/python3.12/site-packages/virtme/guest/bin/virtme-ng-init as init process
[    4.312119]   with arguments:
[    4.312941]     /home/prozak/.local/share/vng-venv/lib/python3.12/site-packages/virtme/guest/bin/virtme-ng-init
[    4.315650]   with environment:
[    4.316700]     HOME=/
[    4.317470]     TERM=linux
[    4.318172]     virtme_hostname=virtme-ng
[    4.319304]     nr_open=1048576
[    4.320238]     virtme_link_mods=/home/prozak/sources/heimdall_experiment/uml-harness/.build/bpf-next-x86/.virtme_mods/lib/modules/0.0.0
[    4.323544]     virtme_rw_overlay0=/tmp
[    4.324715]     virtme_console=ttyS0
[    4.325741]     virtme_chdir=home/prozak/sources/heimdall_experiment/uml-harness/.build/selftests-output-qemu
[    4.472628] virtme-ng-init: mount devtmpfs -> /dev: EBUSY: Device or resource busy
[    4.476309] virtme-ng-init: Setting hostname to virtme-ng...
[    4.546217] virtme-ng-init: running systemd-tmpfiles
[    6.931596] systemd-tmpfile (128) used greatest stack depth: 12184 bytes left
[    6.934923] virtme-ng-init: basic initialization done
[    6.975037] virtme-ng-init: error creating file: Permission denied (os error 13)
[    7.215183] ip (134) used greatest stack depth: 11848 bytes left
[    7.454661] virtme-ng-init: Starting systemd-udevd version 255.4-1ubuntu8.16
[    7.456894] virtme-ng-init: triggering udev coldplug
[   11.474998] virtme-ng-init: waiting for udev to settle
[   12.128509] virtme-ng-init: udev is done
[   12.133493] virtme-ng-init: starting script
[   12.359387] bpf_testmod: loading out-of-tree module taints kernel.
[   12.360518] bpf_testmod: module verification failed: signature and/or required key missing - tainting kernel
[   12.536544] smc: removing smcd device lo
[   12.607181] ACPI: PM: Preparing to enter system sleep state S5
[   12.608628] reboot: Power down
