#480/1   tailcalls/tailcall_1:OK
#480/2   tailcalls/tailcall_2:OK
#480/3   tailcalls/tailcall_3:OK
#480/4   tailcalls/tailcall_4:OK
#480/5   tailcalls/tailcall_5:OK
#480/6   tailcalls/tailcall_6:OK
#480/7   tailcalls/tailcall_bpf2bpf_1:OK
#480/8   tailcalls/tailcall_bpf2bpf_2:OK
#480/9   tailcalls/tailcall_bpf2bpf_3:OK
#480/10  tailcalls/tailcall_bpf2bpf_4:OK
#480/11  tailcalls/tailcall_bpf2bpf_5:OK
#480/12  tailcalls/tailcall_bpf2bpf_6:OK
#480/13  tailcalls/tailcall_bpf2bpf_fentry:OK
#480/14  tailcalls/tailcall_bpf2bpf_fexit:OK
#480/15  tailcalls/tailcall_bpf2bpf_fentry_fexit:OK
#480/16  tailcalls/tailcall_bpf2bpf_fentry_entry:OK
#480/17  tailcalls/tailcall_poke:OK
#480/18  tailcalls/tailcall_bpf2bpf_hierarchy_1:OK
#480/19  tailcalls/tailcall_bpf2bpf_hierarchy_fentry:OK
#480/20  tailcalls/tailcall_bpf2bpf_hierarchy_fexit:OK
#480/21  tailcalls/tailcall_bpf2bpf_hierarchy_fentry_fexit:OK
#480/22  tailcalls/tailcall_bpf2bpf_hierarchy_fentry_entry:OK
#480/23  tailcalls/tailcall_bpf2bpf_hierarchy_2:OK
#480/24  tailcalls/tailcall_bpf2bpf_hierarchy_3:OK
#480/25  tailcalls/tailcall_freplace:OK
#480/26  tailcalls/tailcall_bpf2bpf_freplace:OK
#480/27  tailcalls/tailcall_failure:OK
#480/28  tailcalls/reject_tail_call_spin_lock:OK
#480/29  tailcalls/reject_tail_call_rcu_lock:OK
#480/30  tailcalls/reject_tail_call_preempt_lock:OK
#480/31  tailcalls/reject_tail_call_ref:OK
#480/32  tailcalls/tailcall_sleepable:OK
#480/33  tailcalls/tailcall_cgrp_storage:OK
#480/34  tailcalls/tailcall_cgrp_storage_diff_storage:OK
#480/35  tailcalls/tailcall_cgrp_storage_no_storage:OK
#480/36  tailcalls/tailcall_cgrp_storage_no_storage_leaf:OK
#480/37  tailcalls/tailcall_cgrp_storage_no_storage_bridge:OK
#480     tailcalls:OK
Summary: 1/37 PASSED, 0 SKIPPED, 0 FAILED
0000009fc00-0x000000000009ffff]  device reserved
[    0.000000] BIOS-e820: [gap 0x00000000000a0000-0x00000000000effff]
[    0.000000] BIOS-e820: [mem 0x00000000000f0000-0x00000000000fffff]  device reserved
[    0.000000] BIOS-e820: [mem 0x0000000000100000-0x00000000bffdffff]  System RAM
[    0.000000] BIOS-e820: [mem 0x00000000bffe0000-0x00000000bfffffff]  device reserved
[    0.000000] BIOS-e820: [gap 0x00000000c0000000-0x00000000feffbfff]
[    0.000000] BIOS-e820: [mem 0x00000000feffc000-0x00000000feffffff]  device reserved
[    0.000000] BIOS-e820: [gap 0x00000000ff000000-0x00000000fffbffff]
[    0.000000] BIOS-e820: [mem 0x00000000fffc0000-0x00000000ffffffff]  device reserved
[    0.000000] BIOS-e820: [mem 0x0000000100000000-0x000000013fffffff]  System RAM
[    0.000000] BIOS-e820: [gap 0x0000000140000000-0x000000fcffffffff]
[    0.000000] BIOS-e820: [mem 0x000000fd00000000-0x000000ffffffffff]  device reserved
[    0.000000] printk: legacy bootconsole [earlyser0] enabled
[    0.000000] NX (Execute Disable) protection: active
[    0.000000] APIC: Static calls initialized
[    0.000000] DMI: SMBIOS 3.0.0 present.
[    0.000000] DMI: QEMU Ubuntu 24.04 PC v2 (i440FX + PIIX, arch_caps fix, 1996), BIOS 1.16.3-debian-1.16.3-2 04/01/2014
[    0.000000] DMI: Memory slots populated: 1/1
[    0.000000] Hypervisor detected: KVM
[    0.000000] last_pfn = 0xbffe0 max_arch_pfn = 0x400000000
[    0.000000] kvm-clock: Using msrs 4b564d01 and 4b564d00
[    0.000001] kvm-clock: using sched offset of 467824634 cycles
[    0.000916] clocksource: kvm-clock: mask: 0xffffffffffffffff max_cycles: 0x1cd42e4dffb, max_idle_ns: 881590591483 ns
[    0.003750] tsc: Detected 3400.038 MHz processor
[    0.004950] e820: update [mem 0x00000000-0x00000fff] System RAM ==> device reserved
[    0.006288] e820: remove [mem 0x000a0000-0x000fffff] System RAM
[    0.007336] last_pfn = 0x140000 max_arch_pfn = 0x400000000
[    0.008390] MTRR map: 4 entries (3 fixed + 1 variable; max 19), built from 8 variable MTRRs
[    0.009834] x86/PAT: Configuration [0-7]: WB  WC  UC- UC  WB  WP  UC- WT  
Memory KASLR using RDRAND RDTSC...
[    0.011776] last_pfn = 0xbffe0 max_arch_pfn = 0x400000000
[    0.013945] found SMP MP-table at [mem 0x000f5450-0x000f545f]
[    0.014967] Using GB pages for direct mapping
[    0.015874] ACPI: Early table checksum verification disabled
[    0.016873] ACPI: RSDP 0x00000000000F5240 000014 (v00 BOCHS )
[    0.017871] ACPI: RSDT 0x00000000BFFE1F16 000034 (v01 BOCHS  BXPC     00000001 BXPC 00000001)
[    0.019367] ACPI: FACP 0x00000000BFFE1D92 000074 (v01 BOCHS  BXPC     00000001 BXPC 00000001)
[    0.020873] ACPI: DSDT 0x00000000BFFE0040 001D52 (v01 BOCHS  BXPC     00000001 BXPC 00000001)
[    0.022401] ACPI: FACS 0x00000000BFFE0000 000040
[    0.023232] ACPI: APIC 0x00000000BFFE1E06 0000B0 (v03 BOCHS  BXPC     00000001 BXPC 00000001)
[    0.024743] ACPI: HPET 0x00000000BFFE1EB6 000038 (v01 BOCHS  BXPC     00000001 BXPC 00000001)
[    0.026220] ACPI: WAET 0x00000000BFFE1EEE 000028 (v01 BOCHS  BXPC     00000001 BXPC 00000001)
[    0.027742] ACPI: Reserving FACP table memory at [mem 0xbffe1d92-0xbffe1e05]
[    0.028970] ACPI: Reserving DSDT table memory at [mem 0xbffe0040-0xbffe1d91]
[    0.030209] ACPI: Reserving FACS table memory at [mem 0xbffe0000-0xbffe003f]
[    0.031437] ACPI: Reserving APIC table memory at [mem 0xbffe1e06-0xbffe1eb5]
[    0.032664] ACPI: Reserving HPET table memory at [mem 0xbffe1eb6-0xbffe1eed]
[    0.033873] ACPI: Reserving WAET table memory at [mem 0xbffe1eee-0xbffe1f15]
[    0.035556] No NUMA configuration found
[    0.036215] Faking a node at [mem 0x0000000000000000-0x000000013fffffff]
[    0.037383] NODE_DATA(0) allocated [mem 0x13fff9c80-0x13fffdfff]
[    0.039323] ACPI: PM-Timer IO Port: 0x608
[    0.040028] ACPI: LAPIC_NMI (acpi_id[0xff] dfl dfl lint[0x1])
[    0.041080] IOAPIC[0]: apic_id 0, version 17, address 0xfec00000, GSI 0-23
[    0.042275] ACPI: INT_SRC_OVR (bus 0 bus_irq 0 global_irq 2 dfl dfl)
[    0.043382] ACPI: INT_SRC_OVR (bus 0 bus_irq 5 global_irq 5 high level)
[    0.044546] ACPI: INT_SRC_OVR (bus 0 bus_irq 9 global_irq 9 high level)
[    0.045679] ACPI: INT_SRC_OVR (bus 0 bus_irq 10 global_irq 10 high level)
[    0.046870] ACPI: INT_SRC_OVR (bus 0 bus_irq 11 global_irq 11 high level)
[    0.048035] ACPI: Using ACPI (MADT) for SMP configuration information
[    0.049174] ACPI: HPET id: 0x8086a201 base: 0xfed00000
[    0.050056] TSC deadline timer available
[    0.050773] CPU topo: Max. logical packages:   1
[    0.051619] CPU topo: Max. logical nodes:      1
[    0.052414] CPU topo: Num. nodes per package:  1
[    0.053223] CPU topo: Max. logical dies:       1
[    0.054058] CPU topo: Max. dies per package:   1
[    0.054880] CPU topo: Max. threads per core:   1
[    0.055672] CPU topo: Num. cores per package:     8
[    0.056527] CPU topo: Num. threads per package:   8
[    0.057363] CPU topo: Allowing 8 present CPUs plus 0 hotplug CPUs
[    0.058455] kvm-guest: APIC: eoi() replaced with kvm_guest_apic_eoi_write()
[    0.059700] kvm-guest: KVM setup pv remote TLB flush
[    0.060581] kvm-guest: setup PV sched yield
[    0.061305] PM: hibernation: Registered nosave memory: [mem 0x00000000-0x00000fff]
[    0.062632] PM: hibernation: Registered nosave memory: [mem 0x0009f000-0x000fffff]
[    0.063945] PM: hibernation: Registered nosave memory: [mem 0xbffe0000-0xffffffff]
[    0.065262] [gap 0xc0000000-0xfeffbfff] available for PCI devices
[    0.066317] Booting paravirtualized kernel on KVM
[    0.067142] clocksource: refined-jiffies: mask: 0xffffffff max_cycles: 0xffffffff, max_idle_ns: 1910969940391419 ns
[    0.073538] Zone ranges:
[    0.073987]   DMA      [mem 0x0000000000001000-0x0000000000ffffff]
[    0.075092]   DMA32    [mem 0x0000000001000000-0x00000000ffffffff]
[    0.076163]   Normal   [mem 0x0000000100000000-0x000000013fffffff]
[    0.077264] Movable zone start for each node
[    0.078014] Early memory node ranges
[    0.078677]   node   0: [mem 0x0000000000001000-0x000000000009efff]
[    0.079757]   node   0: [mem 0x0000000000100000-0x00000000bffdffff]
[    0.080868]   node   0: [mem 0x0000000100000000-0x000000013fffffff]
[    0.081944] Initmem setup node 0 [mem 0x0000000000001000-0x000000013fffffff]
[    0.083213] On node 0, zone DMA: 1 pages in unavailable ranges
[    0.084725] On node 0, zone DMA: 97 pages in unavailable ranges
[    0.216028] On node 0, zone Normal: 32 pages in unavailable ranges
[    0.217130] setup_percpu: NR_CPUS:128 nr_cpumask_bits:8 nr_cpu_ids:8 nr_node_ids:1
[    0.222655] percpu: Embedded 58 pages/cpu s199696 r8192 d29680 u262144
[    0.223856] pcpu-alloc: s199696 r8192 d29680 u262144 alloc=1*2097152
[    0.224998] pcpu-alloc: [0] 0 1 2 3 4 5 6 7 
[    0.225796] Kernel command line: virtme_hostname=virtme-ng nr_open=1048576 virtme_link_mods=/home/prozak/sources/heimdall_experiment/uml-harness/.build/bpf-next-x86/.virtme_mods/lib/modules/0.0.0 virtme_rw_overlay0=/tmp virtme_console=ttyS0 console=ttyS0 earlyprintk=serial,ttyS0,115200 panic=-1 virtme.exec=`bW91bnQgLXQgYnBmIGJwZmZzIC9zeXMvZnMvYnBmIDI+L2Rldi9udWxsOyAuL3Rlc3RfcHJvZ3MgLXQgJ3RhaWxjYWxscyc=` virtme_chdir=home/prozak/sources/heimdall_experiment/uml-harness/.build/selftests-output-qemu rootfstype=9p rootflags=version=9p2000.L,trans=virtio,access=any,msize=524288 raid=noautodetect rw debug init=/home/prozak/.local/share/vng-venv/lib/python3.12/site-packages/virtme/guest/bin/virtme-ng-init
[    0.236821] Unknown kernel command line parameters "virtme_hostname=virtme-ng nr_open=1048576 virtme_link_mods=/home/prozak/sources/heimdall_experiment/uml-harness/.build/bpf-next-x86/.virtme_mods/lib/modules/0.0.0 virtme_rw_overlay0=/tmp virtme_console=ttyS0 virtme_chdir=home/prozak/sources/heimdall_experiment/uml-harness/.build/selftests-output-qemu", will be passed to user space.
[    0.242795] random: crng init done
[    0.243401] printk: log buffer data + meta data: 2097152 + 7340032 = 9437184 bytes
[    0.252734] Dentry cache hash table entries: 524288 (order: 10, 4194304 bytes, linear)
[    0.258343] Inode-cache hash table entries: 262144 (order: 9, 2097152 bytes, linear)
[    0.259905] software IO TLB: area num 8.
[    0.393808] Fallback order for Node 0: 0 
[    0.393813] Built 1 zonelists, mobility grouping on.  Total pages: 1048446
[    0.395735] Policy zone: Normal
[    0.396322] mem auto-init: stack:all(zero), heap alloc:off, heap free:off
[    0.402529] SLUB: HWalign=64, Order=0-3, MinObjects=0, CPUs=8, Nodes=1
Poking KASLR using RDRAND RDTSC...
[    0.418191] ftrace: allocating 69757 entries in 274 pages
[    0.419176] ftrace: allocated 274 pages with 3 groups
[    0.420627] Dynamic Preempt: full
[    0.421521] Running RCU self tests
[    0.422163] Running RCU synchronous self tests
[    0.422933] rcu: Preemptible hierarchical RCU implementation.
[    0.423947] rcu: 	RCU event tracing is enabled.
[    0.424730] rcu: 	RCU lockdep checking is enabled.
[    0.425589] rcu: 	RCU restricting CPUs from NR_CPUS=128 to nr_cpu_ids=8.
[    0.426766] 	Trampoline variant of Tasks RCU enabled.
[    0.427658] 	Rude variant of Tasks RCU enabled.
[    0.428442] 	Tracing variant of Tasks RCU enabled.
[    0.429281] rcu: RCU calculated value of scheduler-enlistment delay is 100 jiffies.
[    0.430623] rcu: Adjusting geometry for rcu_fanout_leaf=16, nr_cpu_ids=8
[    0.431860] Running RCU synchronous self tests
[    0.432635] RCU Tasks: Setting shift to 3 and lim to 1 rcu_task_cb_adjust=1 rcu_task_cpu_ids=8.
[    0.434170] RCU Tasks Rude: Setting shift to 3 and lim to 1 rcu_task_cb_adjust=1 rcu_task_cpu_ids=8.
[    0.441855] NR_IRQS: 8448, nr_irqs: 488, preallocated irqs: 16
[    0.443265] rcu: srcu_init: Setting srcu_struct sizes based on contention.
[    0.444527] clocksource: jiffies: mask: 0xffffffff max_cycles: 0xffffffff, max_idle_ns: 1911260446275000 ns
[    0.446645] Console: colour *CGA 80x25
[    0.447364] printk: legacy console [ttyS0] enabled
[    0.447364] printk: legacy console [ttyS0] enabled
[    0.449084] printk: legacy bootconsole [earlyser0] disabled
[    0.449084] printk: legacy bootconsole [earlyser0] disabled
[    0.451105] Lock dependency validator: Copyright (c) 2006 Red Hat, Inc., Ingo Molnar
[    0.452534] ... MAX_LOCKDEP_SUBCLASSES:  8
[    0.453284] ... MAX_LOCK_DEPTH:          48
[    0.454050] ... MAX_LOCKDEP_KEYS:        8192
[    0.454845] ... CLASSHASH_SIZE:          4096
[    0.455649] ... MAX_LOCKDEP_ENTRIES:     32768
[    0.456441] ... MAX_LOCKDEP_CHAINS:      65536
[    0.457244] ... CHAINHASH_SIZE:          32768
[    0.458054]  memory used by lock dependency info: 6429 kB
[    0.459029]  memory used for stack traces: 4224 kB
[    0.459902]  per task-struct memory footprint: 1920 bytes
[    0.460980] ACPI: Core revision 20260408
[    0.461920] clocksource: hpet: mask: 0xffffffff max_cycles: 0xffffffff, max_idle_ns: 19112604467 ns
[    0.463745] APIC: Switch to symmetric I/O mode setup
[    0.465106] x2apic enabled
[    0.466141] APIC: Switched APIC routing to: physical x2apic
[    0.467234] kvm-guest: APIC: send_IPI_mask() replaced with kvm_send_ipi_mask()
[    0.468580] kvm-guest: APIC: send_IPI_mask_allbutself() replaced with kvm_send_ipi_mask_allbutself()
[    0.470376] kvm-guest: setup PV IPIs
[    0.473167] ..TIMER: vector=0x30 apic1=0 pin1=2 apic2=-1 pin2=-1
[    0.474347] clocksource: tsc-early: mask: 0xffffffffffffffff max_cycles: 0x31027285e94, max_idle_ns: 440795238296 ns
[    0.476271] Calibrating delay loop (skipped) preset value.. 6800.07 BogoMIPS (lpj=3400038)
[    0.477927] x86/cpu: User Mode Instruction Prevention (UMIP) activated
[    0.478578] Last level iTLB entries: 4KB 512, 2MB 255, 4MB 127
[    0.479268] Last level dTLB entries: 4KB 512, 2MB 255, 4MB 127, 1GB 0
[    0.480277] mitigations: Enabled attack vectors: user_kernel, user_user, SMT mitigations: auto
[    0.481269] Speculative Store Bypass: Mitigation: Speculative Store Bypass disabled via prctl
[    0.482269] Speculative Return Stack Overflow: IBPB-extending microcode not applied!
[    0.483268] Speculative Return Stack Overflow: WARNING: See https://kernel.org/doc/html/latest/admin-guide/hw-vuln/srso.html for mitigation options.
[    0.483269] Transient Scheduler Attacks: Vulnerable: No microcode
[    0.485268] Spectre V2 : Mitigation: Retpolines
[    0.486268] Speculative Return Stack Overflow: Vulnerable: Safe RET, no microcode
[    0.487269] Spectre V1 : Mitigation: usercopy/swapgs barriers and __user pointer sanitization
[    0.488268] Spectre V2 : Spectre v2 / SpectreRSB: Filling RSB on context switch and VMEXIT
[    0.489268] Spectre V2 : Enabling Restricted Speculation for firmware calls
[    0.490270] Spectre V2 : mitigation: Enabling conditional Indirect Branch Prediction Barrier
[    0.491269] active return thunk: srso_alias_return_thunk
[    0.492322] x86/fpu: Supporting XSAVE feature 0x001: 'x87 floating point registers'
[    0.493268] x86/fpu: Supporting XSAVE feature 0x002: 'SSE registers'
[    0.494268] x86/fpu: Supporting XSAVE feature 0x004: 'AVX registers'
[    0.495269] x86/fpu: xstate_offset[2]:  576, xstate_sizes[2]:  256
[    0.496268] x86/fpu: Enabled xstate features 0x7, context size is 832 bytes, using 'compacted' format.
[    0.532078] pid_max: default: 32768 minimum: 301
[    0.533469] SELinux:  Initializing.
[    0.535432] LSM support for eBPF active
[    0.536581] Mount-cache hash table entries: 8192 (order: 4, 65536 bytes, linear)
[    0.537444] Mountpoint-cache hash table entries: 8192 (order: 4, 65536 bytes, linear)
[    0.539556] VFS: Finished mounting rootfs on nullfs
[    0.542034] Running RCU synchronous self tests
[    0.542270] Running RCU synchronous self tests
[    0.544616] smpboot: CPU0: AMD Ryzen 9 5950X 16-Core Processor (family: 0x19, model: 0x21, stepping: 0x2)
[    0.547575] Performance Events: Fam17h+ core perfctr, AMD PMU driver.
[    0.548288] ... version:                   0
[    0.549211] ... bit width:                 48
[    0.549276] ... generic counters:          6
[    0.550200] ... generic bitmap:            000000000000003f
[    0.550277] ... fixed-purpose counters:    0
[    0.551174] ... fixed-purpose bitmap:      0000000000000000
[    0.551276] ... value mask:                0000ffffffffffff
[    0.552274] ... max period:                00007fffffffffff
[    0.553275] ... global_ctrl mask:          000000000000003f
[    0.554610] signal: max sigframe size: 1776
[    0.555442] rcu: Hierarchical SRCU implementation.
[    0.556277] rcu: 	Max phase no-delay instances is 400.
[    0.557646] Timer migration: 1 hierarchy levels; 8 children per group; 1 crossnode level
[    0.570634] smp: Bringing up secondary CPUs ...
[    0.575569] smpboot: x86: Booting SMP configuration:
[    0.576276] .... node  #0, CPUs:      #1 #2 #3 #4 #5 #6 #7
[    0.604655] smp: Brought up 1 node, 8 CPUs
[    0.606169] smpboot: Total of 8 processors activated (54400.60 BogoMIPS)
[    0.607999] Memory: 3963784K/4193784K available (25637K kernel code, 10348K rwdata, 18032K rodata, 4668K init, 13400K bss, 221944K reserved, 0K cma-reserved)
[    0.610279] devtmpfs: initialized
[    0.614640] Running RCU synchronous self tests
[    0.615356] Running RCU synchronous self tests
[    0.616387] Running RCU Tasks wait API self tests
[    0.618370] Running RCU Tasks Rude wait API self tests
[    0.619277] Running RCU Tasks Trace wait API self tests
[    0.621345] posixtimers hash table entries: 4096 (order: 7, 294912 bytes, linear)
[    0.623649] futex hash table entries: 2048 (262144 bytes on 1 NUMA nodes, total 256 KiB, linear).
[    0.627276] PM: RTC time: 23:02:56, date: 2026-08-02
[    0.628297] Callback from call_rcu_tasks_trace() invoked.
[    0.632717] NET: Registered PF_NETLINK/PF_ROUTE protocol family
[    0.634287] audit: initializing netlink subsys (disabled)
[    0.636348] audit: type=2000 audit(1785711776.385:1): state=initialized audit_enabled=0 res=1
[    0.660855] thermal_sys: Registered thermal governor 'step_wise'
[    0.661275] cpuidle: using governor ladder
[    0.663276] cpuidle: using governor menu
[    0.665497] Freeing SMP alternatives memory: 68K
[    0.667149] PCI: Using configuration type 1 for base access
[    0.669277] PCI: Using configuration type 1 for extended access
[    0.670437] kprobes: kprobe jump-optimization is enabled. All kprobes are optimized if possible.
[    0.673537] HugeTLB: registered 1.00 GiB page size, pre-allocated 0 pages
[    0.675277] HugeTLB: 16380 KiB vmemmap can be freed for a 1.00 GiB page
[    0.676275] HugeTLB: registered 2.00 MiB page size, pre-allocated 0 pages
[    0.678275] HugeTLB: 28 KiB vmemmap can be freed for a 2.00 MiB page
[    0.684630] ACPI: Added _OSI(Module Device)
[    0.685276] ACPI: Added _OSI(Processor Device)
[    0.686277] ACPI: Added _OSI(Processor Aggregator Device)
[    0.691809] ACPI: 1 ACPI AML tables successfully acquired and loaded
[    0.696310] ACPI: \_SB_: platform _OSC: OS support mask [002a7eee]
[    0.698015] ACPI: Interpreter enabled
[    0.699343] ACPI: PM: (supports S0 S3 S4 S5)
[    0.700289] ACPI: Using IOAPIC for interrupt routing
[    0.701326] PCI: Using host bridge windows from ACPI; if necessary, use "pci=nocrs" and report a bug
[    0.703276] PCI: Using E820 reservations for host bridge windows
[    0.704650] ACPI: Enabled 2 GPEs in block 00 to 0F
[    0.720759] ACPI: PCI Root Bridge [PCI0] (domain 0000 [bus 00-ff])
[    0.722282] acpi PNP0A03:00: _OSC: OS supports [ExtendedConfig ASPM ClockPM Segments MSI HPX-Type3]
[    0.724288] acpi PNP0A03:00: _OSC: OS requested [PME PCIeCapability LTR]
[    0.726080] acpi PNP0A03:00: _OSC: platform willing to grant [PME PCIeCapability LTR]
[    0.727277] acpi PNP0A03:00: _OSC: platform retains control of PCIe features (AE_ERROR)
[    0.730084] PCI host bridge to bus 0000:00
[    0.730285] pci_bus 0000:00: root bus resource [io  0x0000-0x0cf7 window]
[    0.732277] pci_bus 0000:00: root bus resource [io  0x0d00-0xffff window]
[    0.733278] pci_bus 0000:00: root bus resource [mem 0x000a0000-0x000bffff window]
[    0.735278] pci_bus 0000:00: root bus resource [mem 0xc0000000-0xfebfffff window]
[    0.736277] pci_bus 0000:00: root bus resource [mem 0x380000000000-0x38007fffffff window]
[    0.738278] pci_bus 0000:00: root bus resource [bus 00-ff]
[    0.739680] pci 0000:00:00.0: [8086:1237] type 00 class 0x060000 conventional PCI endpoint
[    0.742875] pci 0000:00:01.0: [8086:7000] type 00 class 0x060100 conventional PCI endpoint
[    0.746661] pci 0000:00:01.1: [8086:7010] type 00 class 0x010180 conventional PCI endpoint
[    0.749250] pci 0000:00:01.1: BAR 4 [io  0xc1c0-0xc1cf]
[    0.750353] pci 0000:00:01.1: BAR 0 [io  0x01f0-0x01f7]: legacy IDE quirk
[    0.752276] pci 0000:00:01.1: BAR 1 [io  0x03f6]: legacy IDE quirk
[    0.753276] pci 0000:00:01.1: BAR 2 [io  0x0170-0x0177]: legacy IDE quirk
[    0.754277] pci 0000:00:01.1: BAR 3 [io  0x0376]: legacy IDE quirk
[    0.756988] pci 0000:00:01.3: [8086:7113] type 00 class 0x068000 conventional PCI endpoint
[    0.758989] pci 0000:00:01.3: quirk: [io  0x0600-0x063f] claimed by PIIX4 ACPI
[    0.760295] pci 0000:00:01.3: quirk: [io  0x0700-0x070f] claimed by PIIX4 SMB
[    0.763266] pci 0000:00:02.0: [1af4:1009] type 00 class 0x000200 conventional PCI endpoint
[    0.767275] pci 0000:00:02.0: BAR 0 [io  0xc000-0xc03f]
[    0.768294] pci 0000:00:02.0: BAR 1 [mem 0xfebf8000-0xfebf8fff]
[    0.769338] pci 0000:00:02.0: BAR 4 [mem 0x380000000000-0x380000003fff 64bit pref]
[    0.774326] pci 0000:00:03.0: [8086:25ab] type 00 class 0x088000 conventional PCI endpoint
[    0.776293] pci 0000:00:03.0: BAR 0 [mem 0xfebf9000-0xfebf900f]
[    0.780849] pci 0000:00:04.0: [1af4:1003] type 00 class 0x078000 conventional PCI endpoint
[    0.783294] pci 0000:00:04.0: BAR 0 [io  0xc040-0xc07f]
[    0.785294] pci 0000:00:04.0: BAR 1 [mem 0xfebfa000-0xfebfafff]
[    0.786351] pci 0000:00:04.0: BAR 4 [mem 0x380000004000-0x380000007fff 64bit pref]
[    0.790569] pci 0000:00:05.0: [1af4:1003] type 00 class 0x078000 conventional PCI endpoint
[    0.794292] pci 0000:00:05.0: BAR 0 [io  0xc080-0xc0bf]
[    0.795294] pci 0000:00:05.0: BAR 1 [mem 0xfebfb000-0xfebfbfff]
[    0.796335] pci 0000:00:05.0: BAR 4 [mem 0x380000008000-0x38000000bfff 64bit pref]
[    0.801579] pci 0000:00:06.0: [1af4:1003] type 00 class 0x078000 conventional PCI endpoint
[    0.804293] pci 0000:00:06.0: BAR 0 [io  0xc0c0-0xc0ff]
[    0.805292] pci 0000:00:06.0: BAR 1 [mem 0xfebfc000-0xfebfcfff]
[    0.807338] pci 0000:00:06.0: BAR 4 [mem 0x38000000c000-0x38000000ffff 64bit pref]
[    0.811549] pci 0000:00:07.0: [1af4:1003] type 00 class 0x078000 conventional PCI endpoint
[    0.814293] pci 0000:00:07.0: BAR 0 [io  0xc100-0xc13f]
[    0.815293] pci 0000:00:07.0: BAR 1 [mem 0xfebfd000-0xfebfdfff]
[    0.817334] pci 0000:00:07.0: BAR 4 [mem 0x380000010000-0x380000013fff 64bit pref]
[    0.821595] pci 0000:00:08.0: [1af4:1003] type 00 class 0x078000 conventional PCI endpoint
[    0.824204] pci 0000:00:08.0: BAR 0 [io  0xc140-0xc17f]
[    0.825294] pci 0000:00:08.0: BAR 1 [mem 0xfebfe000-0xfebfefff]
[    0.827337] pci 0000:00:08.0: BAR 4 [mem 0x380000014000-0x380000017fff 64bit pref]
[    0.831527] pci 0000:00:09.0: [1af4:1003] type 00 class 0x078000 conventional PCI endpoint
[    0.834234] pci 0000:00:09.0: BAR 0 [io  0xc180-0xc1bf]
[    0.835293] pci 0000:00:09.0: BAR 1 [mem 0xfebff000-0xfebfffff]
[    0.836337] pci 0000:00:09.0: BAR 4 [mem 0x380000018000-0x38000001bfff 64bit pref]
[    0.846689] ACPI: PCI: Interrupt link LNKA configured for IRQ 10
[    0.848534] ACPI: PCI: Interrupt link LNKB configured for IRQ 10
[    0.849529] ACPI: PCI: Interrupt link LNKC configured for IRQ 11
[    0.851531] ACPI: PCI: Interrupt link LNKD configured for IRQ 11
[    0.852406] ACPI: PCI: Interrupt link LNKS configured for IRQ 9
[    0.856299] iommu: Default domain type: Translated
[    0.857276] iommu: DMA domain TLB invalidation policy: lazy mode
[    0.859663] SCSI subsystem initialized
[    0.860355] libata version 3.00 loaded.
[    0.861420] ACPI: bus type USB registered
[    0.862407] usbcore: registered new interface driver usbfs
[    0.863376] usbcore: registered new interface driver hub
[    0.865312] usbcore: registered new device driver usb
[    0.866405] pps_core: LinuxPPS API ver. 1 registered
[    0.867274] pps_core: Software ver. 5.3.6 - Copyright 2005-2007 Rodolfo Giometti <giometti@linux.it>
[    0.869291] PTP clock support registered
[    0.870761] Advanced Linux Sound Architecture Driver Initialized.
[    0.873524] NetLabel: Initializing
[    0.874253] NetLabel:  domain hash size = 128
[    0.875275] NetLabel:  protocols = UNLABELED CIPSOv4 CALIPSO
[    0.876347] NetLabel:  unlabeled traffic allowed by default
[    0.878386] PCI: Using ACPI for IRQ routing
[    0.879277] PCI: pci_cache_line_size set to 64 bytes
[    0.880635] e820: register RAM buffer resource [mem 0x0009fc00-0x0009ffff]
[    0.882278] e820: register RAM buffer resource [mem 0xbffe0000-0xbfffffff]
[    0.883391] vgaarb: loaded
[    0.884033] hpet0: at MMIO 0xfed00000, IRQs 2, 8, 0
[    0.885278] hpet0: 3 comparators, 64-bit 100.000000 MHz counter
[    0.890275] clocksource: Switched to clocksource kvm-clock
[    0.892865] VFS: Disk quotas dquot_6.6.0
[    0.893814] VFS: Dquot-cache hash table entries: 512 (4096 bytes)
[    0.896272] pnp: PnP ACPI init
[    0.897672] pnp 00:02: [dma 2]
[    0.899430] pnp: PnP ACPI: found 4 devices
[    0.917222] clocksource: acpi_pm: mask: 0xffffff max_cycles: 0xffffff, max_idle_ns: 2085701024 ns
[    0.919385] NET: Registered PF_INET protocol family
[    0.921625] IP idents hash table entries: 65536 (order: 7, 524288 bytes, linear)
[    0.925559] tcp_listen_portaddr_hash hash table entries: 2048 (order: 6, 147456 bytes, linear)
[    0.927770] Table-perturb hash table entries: 65536 (order: 6, 262144 bytes, linear)
[    0.929424] TCP established hash table entries: 32768 (order: 6, 262144 bytes, linear)
[    0.931711] TCP bind hash table entries: 32768 (order: 11, 4718592 bytes, vmalloc hugepage)
[    0.933665] Callback from call_rcu_tasks() invoked.
[    0.943896] TCP: Hash tables configured (established 32768 bind 32768)
[    0.946781] MPTCP token hash table entries: 4096 (order: 7, 360448 bytes, linear)
[    0.948493] UDP hash table entries: 2048 (order: 7, 524288 bytes, linear)
[    0.951206] NET: Registered PF_UNIX/PF_LOCAL protocol family
[    0.953166] RPC: Registered named UNIX socket transport module.
[    0.954506] RPC: Registered udp transport module.
[    0.955549] RPC: Registered tcp transport module.
[    0.956574] RPC: Registered tcp-with-tls transport module.
[    0.957711] RPC: Registered tcp NFSv4.1 backchannel transport module.
[    0.959891] NET: Registered PF_XDP protocol family
[    0.960945] pci_bus 0000:00: resource 4 [io  0x0000-0x0cf7 window]
[    0.962244] pci_bus 0000:00: resource 5 [io  0x0d00-0xffff window]
[    0.963598] pci_bus 0000:00: resource 6 [mem 0x000a0000-0x000bffff window]
[    0.965023] pci_bus 0000:00: resource 7 [mem 0xc0000000-0xfebfffff window]
[    0.966495] pci_bus 0000:00: resource 8 [mem 0x380000000000-0x38007fffffff window]
[    0.968241] pci 0000:00:01.0: PIIX3: Enabling Passive Release
[    0.969461] pci 0000:00:00.0: Limiting direct PCI/PCI transfers
[    0.970929] PCI: CLS 0 bytes, default 64
[    0.971947] PCI-DMA: Using software bounce buffering for IO (SWIOTLB)
[    0.973283] software IO TLB: mapped [mem 0x00000000bbfe0000-0x00000000bffe0000] (64MB)
[    0.976064] clocksource: tsc: mask: 0xffffffffffffffff max_cycles: 0x31027285e94, max_idle_ns: 440795238296 ns
[    0.987361] Initialise system trusted keyrings
[    0.988679] workingset: timestamp_bits=40 (anon: 35) max_order=20 bucket_order=0 (anon: 0)
[    0.991680] squashfs: version 4.0 (2009/01/31) Phillip Lougher
[    0.993561] NFS: Registering the id_resolver key type
[    0.994969] Key type id_resolver registered
[    0.995906] Key type id_legacy registered
[    0.996793] nfs4filelayout_init: NFSv4 File Layout Driver Registering...
[    0.998253] nfs4flexfilelayout_init: NFSv4 Flexfile Layout Driver Registering...
[    1.000061] fuse: init (API version 7.45)
[    1.001239] 9p: Installing v9fs 9p2000 file system support
[    1.004220] NET: Registered PF_ALG protocol family
[    1.005312] Key type asymmetric registered
[    1.006237] Asymmetric key parser 'x509' registered
[    1.007360] Block layer SCSI generic (bsg) driver version 0.4 loaded (major 248)
[    1.009476] io scheduler mq-deadline registered
[    1.010731] io scheduler kyber registered
[    1.013078] input: Power Button as /devices/platform/LNXPWRBN:00/input/input0
[    1.014943] ACPI: button: Power Button [PWRF]
[    1.142272] ACPI: \_SB_.LNKB: Enabled at IRQ 10
[    1.267271] ACPI: \_SB_.LNKD: Enabled at IRQ 11
[    1.391465] ACPI: \_SB_.LNKA: Enabled at IRQ 10
[    1.484529] kwatchdog (98) used greatest stack depth: 14776 bytes left
[    1.640716] ACPI: \_SB_.LNKC: Enabled at IRQ 11
[    1.889926] Serial: 8250/16550 driver, 4 ports, IRQ sharing enabled
[    1.892434] 00:03: ttyS0 at I/O 0x3f8 (irq = 4, base_baud = 115200) is a 16550A
[    2.043568] Non-volatile memory driver v1.3
[    2.045371] ACPI: bus type drm_connector registered
[    2.066692] brd: module loaded
[    2.079992] loop: module loaded
[    2.085038] scsi host0: ata_piix
[    2.086912] scsi host1: ata_piix
[    2.087909] ata1: PATA max MWDMA2 cmd 0x1f0 ctl 0x3f6 bmdma 0xc1c0 irq 14 lpm-pol 0
[    2.089562] ata2: PATA max MWDMA2 cmd 0x170 ctl 0x376 bmdma 0xc1c8 irq 15 lpm-pol 0
[    2.095998] tun: Universal TUN/TAP device driver, 1.6
[    2.097585] e100: Intel(R) PRO/100 Network Driver
[    2.098636] e100: Copyright(c) 1999-2006 Intel Corporation
[    2.099961] e1000: Intel(R) PRO/1000 Network Driver
[    2.101025] e1000: Copyright (c) 1999-2006 Intel Corporation.
[    2.102393] e1000e: Intel(R) PRO/1000 Network Driver
[    2.103500] e1000e: Copyright(c) 1999 - 2015 Intel Corporation.
[    2.104902] sky2: driver version 1.30
[    2.106819] usbcore: registered new interface driver usblp
[    2.108126] usbcore: registered new interface driver usb-storage
[    2.109539] i8042: PNP: PS/2 Controller [PNP0303:KBD,PNP0f13:MOU] at 0x60,0x64 irq 1,12
[    2.112813] serio: i8042 KBD port at 0x60,0x64 irq 1
[    2.114353] serio: i8042 AUX port at 0x60,0x64 irq 12
[    2.116562] rtc_cmos PNP0B00:00: RTC can wake from S4
[    2.119662] input: AT Translated Set 2 keyboard as /devices/platform/i8042/serio0/input/input1
[    2.122650] rtc_cmos PNP0B00:00: registered as rtc0
[    2.124182] rtc_cmos PNP0B00:00: alarms up to one day, y3k, 242 bytes nvram, hpet irqs
[    2.127034] Registered IR keymap rc-empty
[    2.128614] rc rc0: rc-core loopback device as /devices/virtual/rc/rc0
[    2.131009] rc rc0: lirc_dev: driver rc-loopback registered at minor = 0, raw IR receiver, raw IR transmitter
[    2.133909] input: rc-core loopback device as /devices/virtual/rc/rc0/input4
[    2.136575] intel_powerclamp: CPU does not support MWAIT
[    2.137782] device-mapper: core: CONFIG_IMA_DISABLE_HTABLE is disabled. Duplicate IMA measurements will not be recorded in the IMA log.
[    2.140893] device-mapper: ioctl: 4.50.0-ioctl (2025-04-28) initialised: dm-devel@lists.linux.dev
[    2.142831] amd_pstate: the _CPC object is not present in SBIOS or ACPI disabled
[    2.145320] hid: raw HID events driver (C) Jiri Kosina
[    2.148082] usbcore: registered new interface driver usbhid
[    2.149310] usbhid: USB HID core driver
[    2.151364] GACT probability NOT on
[    2.152215] Mirror/redirect action on
[    2.154366] nf_conntrack_irc: The irc conntrack helper is scheduled for removal.
[    2.154366] Please contact the netfilter-devel mailing list if you still need this.
[    2.159202] ipip: IPv4 and MPLS over IPv4 tunneling driver
[    2.161201] gre: GRE over IPv4 demultiplexer driver
[    2.162282] ip_gre: GRE over IPv4 tunneling driver
[    2.165843] Initializing XFRM netlink socket
[    2.167069] IPsec XFRM device driver
[    2.168034] NET: Registered PF_INET6 protocol family
[    2.171153] Segment Routing with IPv6
[    2.172016] In-situ OAM (IOAM) with IPv6
[    2.172979] mip6: Mobile IPv6
[    2.173665] sit: IPv6, IPv4 and MPLS over IPv4 tunneling driver
[    2.176427] ip6_gre: GRE over IPv6 tunneling driver
[    2.178358] NET: Registered PF_PACKET protocol family
[    2.179562] RPC: Registered rdma transport module.
[    2.180651] RPC: Registered rdma backchannel transport module.
[    2.182227] 8021q: 802.1Q VLAN Support v1.8
[    2.184029] smc: adding smcd device lo without pnetid
[    2.185399] NET: Registered PF_SMC protocol family
[    2.187047] 9pnet: Installing 9P2000 support
[    2.189458] Key type dns_resolver registered
[    2.190703] NET: Registered PF_VSOCK protocol family
[    2.192002] mpls_gso: MPLS GSO support
[    2.196516] IPI shorthand broadcast: enabled
[    2.242184] sched_clock: Marking stable (2218019347, 23739516)->(2282155941, -40397078)
[    2.244674] ata2: found unknown device (class 0)
[    2.246858] ata2.00: ATAPI: QEMU DVD-ROM, 2.5+, max UDMA/100
[    2.246944] registered taskstats version 1
[    2.251231] scsi 1:0:0:0: CD-ROM            QEMU     QEMU DVD-ROM     2.5+ PQ: 0 ANSI: 5
[    2.266136] Loading compiled-in X.509 certificates
[    2.268025] kworker/u32:1 (119) used greatest stack depth: 14152 bytes left
[    2.269256] Loaded X.509 cert 'Build time autogenerated kernel key: c4531344b9a9c1a4731230d977a262ba29ba5272'
[    2.275432] sr 1:0:0:0: [sr0] scsi3-mmc drive: 4x/4x cd/rw xa/form2 tray
[    2.297374] cdrom: Uniform CD-ROM driver Revision: 3.20
[    2.309572] Demotion targets for Node 0: null
[    2.311095] ima: No TPM chip found, activating TPM-bypass!
[    2.312474] ima: Allocated hash algorithm: sha1
[    2.313772] ima: No architecture policies found
[    2.314228] sr 1:0:0:0: Attached scsi CD-ROM sr0
[    2.315666] PM:   Magic number: 6:564:48
[    2.317357] netconsole: network logging started
[    2.317496] sr 1:0:0:0: Attached scsi generic sg0 type 5
[    2.319246] cfg80211: Loading compiled-in X.509 certificates for regulatory database
[    2.322400] Loaded X.509 cert 'sforshee: 00b28ddf47aef9cea7'
[    2.323907] Loaded X.509 cert 'wens: 61c038651aabdcf94bd0ac7ff06c7248db18c600'
[    2.325670] faux_driver regulatory: Direct firmware load for regulatory.db failed with error -2
[    2.327615] cfg80211: failed to load regulatory.db
[    2.328930] ALSA device list:
[    2.329636]   No soundcards found.
[    2.550394] input: ImExPS/2 Generic Explorer Mouse as /devices/platform/i8042/serio1/input/input3
[    2.552357] md: Skipping autodetection of RAID arrays. (raid=autodetect will force)
[    2.553819] 9p: Bad value for 'source'
[    2.554466] 9pnet: Limiting 'msize' to 512000 as this is the maximum supported by transport virtio
[    2.558075] VFS: Mounted root (9p filesystem) on device 0:22.
[    2.559891] devtmpfs: mounted
[    2.560605] VFS: Pivoted into new rootfs
[    2.565593] Freeing unused kernel image (initmem) memory: 4668K
[    2.566470] Write protecting the kernel read-only data: 45056k
[    2.568500] Freeing unused kernel image (text/rodata gap) memory: 984K
[    2.569850] Freeing unused kernel image (rodata/data gap) memory: 400K
[    2.607006] x86/mm: Checked W+X mappings: passed, no W+X pages found.
[    2.607888] Run /home/prozak/.local/share/vng-venv/lib/python3.12/site-packages/virtme/guest/bin/virtme-ng-init as init process
[    2.609425]   with arguments:
[    2.609863]     /home/prozak/.local/share/vng-venv/lib/python3.12/site-packages/virtme/guest/bin/virtme-ng-init
[    2.611238]   with environment:
[    2.611683]     HOME=/
[    2.612043]     TERM=linux
[    2.612443]     virtme_hostname=virtme-ng
[    2.613003]     nr_open=1048576
[    2.613437]     virtme_link_mods=/home/prozak/sources/heimdall_experiment/uml-harness/.build/bpf-next-x86/.virtme_mods/lib/modules/0.0.0
[    2.615048]     virtme_rw_overlay0=/tmp
[    2.615587]     virtme_console=ttyS0
[    2.616107]     virtme_chdir=home/prozak/sources/heimdall_experiment/uml-harness/.build/selftests-output-qemu
[    2.703029] virtme-ng-init: mount devtmpfs -> /dev: EBUSY: Device or resource busy
[    2.704832] virtme-ng-init: Setting hostname to virtme-ng...
[    2.744054] virtme-ng-init: running systemd-tmpfiles
[    3.958157] systemd-tmpfile (126) used greatest stack depth: 12504 bytes left
[    3.958281] virtme-ng-init: basic initialization done
[    3.976554] virtme-ng-init: error creating file: Permission denied (os error 13)
[    4.079275] ip (131) used greatest stack depth: 11848 bytes left
[    4.198048] virtme-ng-init: Starting systemd-udevd version 255.4-1ubuntu8.16
[    4.200187] virtme-ng-init: triggering udev coldplug
[    7.232492] virtme-ng-init: waiting for udev to settle
[    8.036018] virtme-ng-init: udev is done
[    8.040585] virtme-ng-init: starting script
[    8.321428] bpf_testmod: loading out-of-tree module taints kernel.
[    8.322328] bpf_testmod: module verification failed: signature and/or required key missing - tainting kernel
[    9.357304] test_progs (200) used greatest stack depth: 9896 bytes left
[    9.363321] smc: removing smcd device lo
[    9.431026] ACPI: PM: Preparing to enter system sleep state S5
[    9.432280] reboot: Power down
