#480/1   tailcalls/tailcall_1:OK
#480/2   tailcalls/tailcall_2:OK
#480/3   tailcalls/tailcall_3:OK
#480/4   tailcalls/tailcall_4:OK
#480/5   tailcalls/tailcall_5:OK
#480/6   tailcalls/tailcall_6:OK
#480/7   tailcalls/tailcall_bpf2bpf_1:OK
#480/8   tailcalls/tailcall_bpf2bpf_2:OK
#480/9   tailcalls/tailcall_bpf2bpf_3:OK
#480/10  tailcalls/tailcall_bpf2bpf_4:OK
#480/11  tailcalls/tailcall_bpf2bpf_5:OK
#480/12  tailcalls/tailcall_bpf2bpf_6:OK
#480/13  tailcalls/tailcall_bpf2bpf_fentry:OK
#480/14  tailcalls/tailcall_bpf2bpf_fexit:OK
#480/15  tailcalls/tailcall_bpf2bpf_fentry_fexit:OK
#480/16  tailcalls/tailcall_bpf2bpf_fentry_entry:OK
#480/17  tailcalls/tailcall_poke:OK
#480/18  tailcalls/tailcall_bpf2bpf_hierarchy_1:OK
#480/19  tailcalls/tailcall_bpf2bpf_hierarchy_fentry:OK
#480/20  tailcalls/tailcall_bpf2bpf_hierarchy_fexit:OK
#480/21  tailcalls/tailcall_bpf2bpf_hierarchy_fentry_fexit:OK
#480/22  tailcalls/tailcall_bpf2bpf_hierarchy_fentry_entry:OK
#480/23  tailcalls/tailcall_bpf2bpf_hierarchy_2:OK
#480/24  tailcalls/tailcall_bpf2bpf_hierarchy_3:OK
#480/25  tailcalls/tailcall_freplace:OK
#480/26  tailcalls/tailcall_bpf2bpf_freplace:OK
#480/27  tailcalls/tailcall_failure:OK
#480/28  tailcalls/reject_tail_call_spin_lock:OK
#480/29  tailcalls/reject_tail_call_rcu_lock:OK
#480/30  tailcalls/reject_tail_call_preempt_lock:OK
#480/31  tailcalls/reject_tail_call_ref:OK
#480/32  tailcalls/tailcall_sleepable:OK
#480/33  tailcalls/tailcall_cgrp_storage:OK
#480/34  tailcalls/tailcall_cgrp_storage_diff_storage:OK
#480/35  tailcalls/tailcall_cgrp_storage_no_storage:OK
#480/36  tailcalls/tailcall_cgrp_storage_no_storage_leaf:OK
#480/37  tailcalls/tailcall_cgrp_storage_no_storage_bridge:OK
#480     tailcalls:OK
Summary: 1/37 PASSED, 0 SKIPPED, 0 FAILED
0000009fc00-0x000000000009ffff]  device reserved
[    0.000000] BIOS-e820: [gap 0x00000000000a0000-0x00000000000effff]
[    0.000000] BIOS-e820: [mem 0x00000000000f0000-0x00000000000fffff]  device reserved
[    0.000000] BIOS-e820: [mem 0x0000000000100000-0x00000000bffdffff]  System RAM
[    0.000000] BIOS-e820: [mem 0x00000000bffe0000-0x00000000bfffffff]  device reserved
[    0.000000] BIOS-e820: [gap 0x00000000c0000000-0x00000000feffbfff]
[    0.000000] BIOS-e820: [mem 0x00000000feffc000-0x00000000feffffff]  device reserved
[    0.000000] BIOS-e820: [gap 0x00000000ff000000-0x00000000fffbffff]
[    0.000000] BIOS-e820: [mem 0x00000000fffc0000-0x00000000ffffffff]  device reserved
[    0.000000] BIOS-e820: [mem 0x0000000100000000-0x000000013fffffff]  System RAM
[    0.000000] BIOS-e820: [gap 0x0000000140000000-0x000000fcffffffff]
[    0.000000] BIOS-e820: [mem 0x000000fd00000000-0x000000ffffffffff]  device reserved
[    0.000000] printk: legacy bootconsole [earlyser0] enabled
[    0.000000] NX (Execute Disable) protection: active
[    0.000000] APIC: Static calls initialized
[    0.000000] DMI: SMBIOS 3.0.0 present.
[    0.000000] DMI: QEMU Ubuntu 24.04 PC v2 (i440FX + PIIX, arch_caps fix, 1996), BIOS 1.16.3-debian-1.16.3-2 04/01/2014
[    0.000000] DMI: Memory slots populated: 1/1
[    0.000000] Hypervisor detected: KVM
[    0.000000] last_pfn = 0xbffe0 max_arch_pfn = 0x400000000
[    0.000000] kvm-clock: Using msrs 4b564d01 and 4b564d00
[    0.000001] kvm-clock: using sched offset of 447533179 cycles
[    0.000909] clocksource: kvm-clock: mask: 0xffffffffffffffff max_cycles: 0x1cd42e4dffb, max_idle_ns: 881590591483 ns
[    0.003723] tsc: Detected 3400.038 MHz processor
[    0.004861] e820: update [mem 0x00000000-0x00000fff] System RAM ==> device reserved
[    0.006204] e820: remove [mem 0x000a0000-0x000fffff] System RAM
[    0.007231] last_pfn = 0x140000 max_arch_pfn = 0x400000000
[    0.008278] MTRR map: 4 entries (3 fixed + 1 variable; max 19), built from 8 variable MTRRs
[    0.009720] x86/PAT: Configuration [0-7]: WB  WC  UC- UC  WB  WP  UC- WT  
Memory KASLR using RDRAND RDTSC...
[    0.011589] last_pfn = 0xbffe0 max_arch_pfn = 0x400000000
[    0.013743] found SMP MP-table at [mem 0x000f5450-0x000f545f]
[    0.014787] Using GB pages for direct mapping
[    0.015617] ACPI: Early table checksum verification disabled
[    0.016591] ACPI: RSDP 0x00000000000F5240 000014 (v00 BOCHS )
[    0.017615] ACPI: RSDT 0x00000000BFFE1F16 000034 (v01 BOCHS  BXPC     00000001 BXPC 00000001)
[    0.019089] ACPI: FACP 0x00000000BFFE1D92 000074 (v01 BOCHS  BXPC     00000001 BXPC 00000001)
[    0.020597] ACPI: DSDT 0x00000000BFFE0040 001D52 (v01 BOCHS  BXPC     00000001 BXPC 00000001)
[    0.022080] ACPI: FACS 0x00000000BFFE0000 000040
[    0.022887] ACPI: APIC 0x00000000BFFE1E06 0000B0 (v03 BOCHS  BXPC     00000001 BXPC 00000001)
[    0.024355] ACPI: HPET 0x00000000BFFE1EB6 000038 (v01 BOCHS  BXPC     00000001 BXPC 00000001)
[    0.025840] ACPI: WAET 0x00000000BFFE1EEE 000028 (v01 BOCHS  BXPC     00000001 BXPC 00000001)
[    0.027310] ACPI: Reserving FACP table memory at [mem 0xbffe1d92-0xbffe1e05]
[    0.028574] ACPI: Reserving DSDT table memory at [mem 0xbffe0040-0xbffe1d91]
[    0.029790] ACPI: Reserving FACS table memory at [mem 0xbffe0000-0xbffe003f]
[    0.031055] ACPI: Reserving APIC table memory at [mem 0xbffe1e06-0xbffe1eb5]
[    0.032282] ACPI: Reserving HPET table memory at [mem 0xbffe1eb6-0xbffe1eed]
[    0.033515] ACPI: Reserving WAET table memory at [mem 0xbffe1eee-0xbffe1f15]
[    0.035157] No NUMA configuration found
[    0.035811] Faking a node at [mem 0x0000000000000000-0x000000013fffffff]
[    0.036982] NODE_DATA(0) allocated [mem 0x13fff9c80-0x13fffdfff]
[    0.038864] ACPI: PM-Timer IO Port: 0x608
[    0.039565] ACPI: LAPIC_NMI (acpi_id[0xff] dfl dfl lint[0x1])
[    0.040588] IOAPIC[0]: apic_id 0, version 17, address 0xfec00000, GSI 0-23
[    0.041808] ACPI: INT_SRC_OVR (bus 0 bus_irq 0 global_irq 2 dfl dfl)
[    0.042909] ACPI: INT_SRC_OVR (bus 0 bus_irq 5 global_irq 5 high level)
[    0.044033] ACPI: INT_SRC_OVR (bus 0 bus_irq 9 global_irq 9 high level)
[    0.045212] ACPI: INT_SRC_OVR (bus 0 bus_irq 10 global_irq 10 high level)
[    0.046465] ACPI: INT_SRC_OVR (bus 0 bus_irq 11 global_irq 11 high level)
[    0.047642] ACPI: Using ACPI (MADT) for SMP configuration information
[    0.048787] ACPI: HPET id: 0x8086a201 base: 0xfed00000
[    0.049703] TSC deadline timer available
[    0.050411] CPU topo: Max. logical packages:   1
[    0.051216] CPU topo: Max. logical nodes:      1
[    0.052022] CPU topo: Num. nodes per package:  1
[    0.052808] CPU topo: Max. logical dies:       1
[    0.053605] CPU topo: Max. dies per package:   1
[    0.054437] CPU topo: Max. threads per core:   1
[    0.055255] CPU topo: Num. cores per package:     8
[    0.056140] CPU topo: Num. threads per package:   8
[    0.057007] CPU topo: Allowing 8 present CPUs plus 0 hotplug CPUs
[    0.058113] kvm-guest: APIC: eoi() replaced with kvm_guest_apic_eoi_write()
[    0.059342] kvm-guest: KVM setup pv remote TLB flush
[    0.060236] kvm-guest: setup PV sched yield
[    0.060972] PM: hibernation: Registered nosave memory: [mem 0x00000000-0x00000fff]
[    0.062335] PM: hibernation: Registered nosave memory: [mem 0x0009f000-0x000fffff]
[    0.063682] PM: hibernation: Registered nosave memory: [mem 0xbffe0000-0xffffffff]
[    0.064969] [gap 0xc0000000-0xfeffbfff] available for PCI devices
[    0.066045] Booting paravirtualized kernel on KVM
[    0.066886] clocksource: refined-jiffies: mask: 0xffffffff max_cycles: 0xffffffff, max_idle_ns: 1910969940391419 ns
[    0.073178] Zone ranges:
[    0.073632]   DMA      [mem 0x0000000000001000-0x0000000000ffffff]
[    0.074712]   DMA32    [mem 0x0000000001000000-0x00000000ffffffff]
[    0.075833]   Normal   [mem 0x0000000100000000-0x000000013fffffff]
[    0.076912] Movable zone start for each node
[    0.077652] Early memory node ranges
[    0.078277]   node   0: [mem 0x0000000000001000-0x000000000009efff]
[    0.079363]   node   0: [mem 0x0000000000100000-0x00000000bffdffff]
[    0.080462]   node   0: [mem 0x0000000100000000-0x000000013fffffff]
[    0.081542] Initmem setup node 0 [mem 0x0000000000001000-0x000000013fffffff]
[    0.082793] On node 0, zone DMA: 1 pages in unavailable ranges
[    0.084273] On node 0, zone DMA: 97 pages in unavailable ranges
[    0.203828] On node 0, zone Normal: 32 pages in unavailable ranges
[    0.204918] setup_percpu: NR_CPUS:128 nr_cpumask_bits:8 nr_cpu_ids:8 nr_node_ids:1
[    0.210464] percpu: Embedded 58 pages/cpu s199696 r8192 d29680 u262144
[    0.211611] pcpu-alloc: s199696 r8192 d29680 u262144 alloc=1*2097152
[    0.212726] pcpu-alloc: [0] 0 1 2 3 4 5 6 7 
[    0.213502] Kernel command line: virtme_hostname=virtme-ng nr_open=1048576 virtme_link_mods=/home/prozak/sources/heimdall_experiment/uml-harness/.build/bpf-next-x86/.virtme_mods/lib/modules/0.0.0 virtme_rw_overlay0=/tmp virtme_console=ttyS0 console=ttyS0 earlyprintk=serial,ttyS0,115200 panic=-1 virtme.exec=`bW91bnQgLXQgYnBmIGJwZmZzIC9zeXMvZnMvYnBmIDI+L2Rldi9udWxsOyAuL3Rlc3RfcHJvZ3MgLXQgJ3RhaWxjYWxscyc=` virtme_chdir=home/prozak/sources/heimdall_experiment/uml-harness/.build/selftests-output-qemu rootfstype=9p rootflags=version=9p2000.L,trans=virtio,access=any,msize=524288 raid=noautodetect rw debug init=/home/prozak/.local/share/vng-venv/lib/python3.12/site-packages/virtme/guest/bin/virtme-ng-init
[    0.224453] Unknown kernel command line parameters "virtme_hostname=virtme-ng nr_open=1048576 virtme_link_mods=/home/prozak/sources/heimdall_experiment/uml-harness/.build/bpf-next-x86/.virtme_mods/lib/modules/0.0.0 virtme_rw_overlay0=/tmp virtme_console=ttyS0 virtme_chdir=home/prozak/sources/heimdall_experiment/uml-harness/.build/selftests-output-qemu", will be passed to user space.
[    0.230450] random: crng init done
[    0.231051] printk: log buffer data + meta data: 2097152 + 7340032 = 9437184 bytes
[    0.240398] Dentry cache hash table entries: 524288 (order: 10, 4194304 bytes, linear)
[    0.245876] Inode-cache hash table entries: 262144 (order: 9, 2097152 bytes, linear)
[    0.247422] software IO TLB: area num 8.
[    0.377097] Fallback order for Node 0: 0 
[    0.377102] Built 1 zonelists, mobility grouping on.  Total pages: 1048446
[    0.379037] Policy zone: Normal
[    0.379577] mem auto-init: stack:all(zero), heap alloc:off, heap free:off
[    0.385873] SLUB: HWalign=64, Order=0-3, MinObjects=0, CPUs=8, Nodes=1
Poking KASLR using RDRAND RDTSC...
[    0.401579] ftrace: allocating 69757 entries in 274 pages
[    0.402547] ftrace: allocated 274 pages with 3 groups
[    0.403931] Dynamic Preempt: full
[    0.404831] Running RCU self tests
[    0.405461] Running RCU synchronous self tests
[    0.406251] rcu: Preemptible hierarchical RCU implementation.
[    0.407255] rcu: 	RCU event tracing is enabled.
[    0.408059] rcu: 	RCU lockdep checking is enabled.
[    0.408880] rcu: 	RCU restricting CPUs from NR_CPUS=128 to nr_cpu_ids=8.
[    0.410061] 	Trampoline variant of Tasks RCU enabled.
[    0.410926] 	Rude variant of Tasks RCU enabled.
[    0.411717] 	Tracing variant of Tasks RCU enabled.
[    0.412560] rcu: RCU calculated value of scheduler-enlistment delay is 100 jiffies.
[    0.413871] rcu: Adjusting geometry for rcu_fanout_leaf=16, nr_cpu_ids=8
[    0.415097] Running RCU synchronous self tests
[    0.415879] RCU Tasks: Setting shift to 3 and lim to 1 rcu_task_cb_adjust=1 rcu_task_cpu_ids=8.
[    0.417390] RCU Tasks Rude: Setting shift to 3 and lim to 1 rcu_task_cb_adjust=1 rcu_task_cpu_ids=8.
[    0.424824] NR_IRQS: 8448, nr_irqs: 488, preallocated irqs: 16
[    0.426234] rcu: srcu_init: Setting srcu_struct sizes based on contention.
[    0.427530] clocksource: jiffies: mask: 0xffffffff max_cycles: 0xffffffff, max_idle_ns: 1911260446275000 ns
[    0.429664] Console: colour *CGA 80x25
[    0.430440] printk: legacy console [ttyS0] enabled
[    0.430440] printk: legacy console [ttyS0] enabled
[    0.432129] printk: legacy bootconsole [earlyser0] disabled
[    0.432129] printk: legacy bootconsole [earlyser0] disabled
[    0.434124] Lock dependency validator: Copyright (c) 2006 Red Hat, Inc., Ingo Molnar
[    0.435494] ... MAX_LOCKDEP_SUBCLASSES:  8
[    0.436239] ... MAX_LOCK_DEPTH:          48
[    0.436980] ... MAX_LOCKDEP_KEYS:        8192
[    0.437770] ... CLASSHASH_SIZE:          4096
[    0.438569] ... MAX_LOCKDEP_ENTRIES:     32768
[    0.439423] ... MAX_LOCKDEP_CHAINS:      65536
[    0.440232] ... CHAINHASH_SIZE:          32768
[    0.441055]  memory used by lock dependency info: 6429 kB
[    0.442014]  memory used for stack traces: 4224 kB
[    0.442890]  per task-struct memory footprint: 1920 bytes
[    0.443939] ACPI: Core revision 20260408
[    0.444850] clocksource: hpet: mask: 0xffffffff max_cycles: 0xffffffff, max_idle_ns: 19112604467 ns
[    0.446674] APIC: Switch to symmetric I/O mode setup
[    0.448030] x2apic enabled
[    0.449078] APIC: Switched APIC routing to: physical x2apic
[    0.450143] kvm-guest: APIC: send_IPI_mask() replaced with kvm_send_ipi_mask()
[    0.451512] kvm-guest: APIC: send_IPI_mask_allbutself() replaced with kvm_send_ipi_mask_allbutself()
[    0.453212] kvm-guest: setup PV IPIs
[    0.455987] ..TIMER: vector=0x30 apic1=0 pin1=2 apic2=-1 pin2=-1
[    0.457108] clocksource: tsc-early: mask: 0xffffffffffffffff max_cycles: 0x31027285e94, max_idle_ns: 440795238296 ns
[    0.459078] Calibrating delay loop (skipped) preset value.. 6800.07 BogoMIPS (lpj=3400038)
[    0.461698] x86/cpu: User Mode Instruction Prevention (UMIP) activated
[    0.463378] Last level iTLB entries: 4KB 512, 2MB 255, 4MB 127
[    0.464082] Last level dTLB entries: 4KB 512, 2MB 255, 4MB 127, 1GB 0
[    0.465082] mitigations: Enabled attack vectors: user_kernel, user_user, SMT mitigations: auto
[    0.466075] Speculative Store Bypass: Mitigation: Speculative Store Bypass disabled via prctl
[    0.467075] Speculative Return Stack Overflow: IBPB-extending microcode not applied!
[    0.468075] Speculative Return Stack Overflow: WARNING: See https://kernel.org/doc/html/latest/admin-guide/hw-vuln/srso.html for mitigation options.
[    0.468076] Transient Scheduler Attacks: Vulnerable: No microcode
[    0.470075] Spectre V2 : Mitigation: Retpolines
[    0.471075] Speculative Return Stack Overflow: Vulnerable: Safe RET, no microcode
[    0.472075] Spectre V1 : Mitigation: usercopy/swapgs barriers and __user pointer sanitization
[    0.473075] Spectre V2 : Spectre v2 / SpectreRSB: Filling RSB on context switch and VMEXIT
[    0.474075] Spectre V2 : Enabling Restricted Speculation for firmware calls
[    0.475077] Spectre V2 : mitigation: Enabling conditional Indirect Branch Prediction Barrier
[    0.476075] active return thunk: srso_alias_return_thunk
[    0.477125] x86/fpu: Supporting XSAVE feature 0x001: 'x87 floating point registers'
[    0.478075] x86/fpu: Supporting XSAVE feature 0x002: 'SSE registers'
[    0.479075] x86/fpu: Supporting XSAVE feature 0x004: 'AVX registers'
[    0.480075] x86/fpu: xstate_offset[2]:  576, xstate_sizes[2]:  256
[    0.481075] x86/fpu: Enabled xstate features 0x7, context size is 832 bytes, using 'compacted' format.
[    0.516132] pid_max: default: 32768 minimum: 301
[    0.517319] SELinux:  Initializing.
[    0.519993] LSM support for eBPF active
[    0.521208] Mount-cache hash table entries: 8192 (order: 4, 65536 bytes, linear)
[    0.522228] Mountpoint-cache hash table entries: 8192 (order: 4, 65536 bytes, linear)
[    0.524818] VFS: Finished mounting rootfs on nullfs
[    0.527306] Running RCU synchronous self tests
[    0.528076] Running RCU synchronous self tests
[    0.529619] smpboot: CPU0: AMD Ryzen 9 5950X 16-Core Processor (family: 0x19, model: 0x21, stepping: 0x2)
[    0.532104] Performance Events: Fam17h+ core perfctr, AMD PMU driver.
[    0.533099] ... version:                   0
[    0.534015] ... bit width:                 48
[    0.534081] ... generic counters:          6
[    0.534970] ... generic bitmap:            000000000000003f
[    0.535081] ... fixed-purpose counters:    0
[    0.535973] ... fixed-purpose bitmap:      0000000000000000
[    0.536082] ... value mask:                0000ffffffffffff
[    0.537082] ... max period:                00007fffffffffff
[    0.538079] ... global_ctrl mask:          000000000000003f
[    0.539405] signal: max sigframe size: 1776
[    0.540293] rcu: Hierarchical SRCU implementation.
[    0.541084] rcu: 	Max phase no-delay instances is 400.
[    0.542441] Timer migration: 1 hierarchy levels; 8 children per group; 1 crossnode level
[    0.555339] smp: Bringing up secondary CPUs ...
[    0.560268] smpboot: x86: Booting SMP configuration:
[    0.561082] .... node  #0, CPUs:      #1 #2 #3 #4 #5 #6 #7
[    0.588460] smp: Brought up 1 node, 8 CPUs
[    0.589996] smpboot: Total of 8 processors activated (54400.60 BogoMIPS)
[    0.591438] Memory: 3963784K/4193784K available (25637K kernel code, 10348K rwdata, 18032K rodata, 4668K init, 13400K bss, 221944K reserved, 0K cma-reserved)
[    0.594490] devtmpfs: initialized
[    0.598620] Running RCU synchronous self tests
[    0.599102] Running RCU synchronous self tests
[    0.600190] Running RCU Tasks wait API self tests
[    0.601136] Running RCU Tasks Rude wait API self tests
[    0.602084] Running RCU Tasks Trace wait API self tests
[    0.603263] posixtimers hash table entries: 4096 (order: 7, 294912 bytes, linear)
[    0.605553] futex hash table entries: 2048 (262144 bytes on 1 NUMA nodes, total 256 KiB, linear).
[    0.607082] PM: RTC time: 23:03:10, date: 2026-08-02
[    0.608112] Callback from call_rcu_tasks_trace() invoked.
[    0.614856] NET: Registered PF_NETLINK/PF_ROUTE protocol family
[    0.616104] audit: initializing netlink subsys (disabled)
[    0.617193] audit: type=2000 audit(1785711790.356:1): state=initialized audit_enabled=0 res=1
[    0.640838] thermal_sys: Registered thermal governor 'step_wise'
[    0.640911] cpuidle: using governor ladder
[    0.642023] cpuidle: using governor menu
[    0.644084] Freeing SMP alternatives memory: 68K
[    0.645946] PCI: Using configuration type 1 for base access
[    0.646082] PCI: Using configuration type 1 for extended access
[    0.647246] kprobes: kprobe jump-optimization is enabled. All kprobes are optimized if possible.
[    0.649286] HugeTLB: registered 1.00 GiB page size, pre-allocated 0 pages
[    0.651083] HugeTLB: 16380 KiB vmemmap can be freed for a 1.00 GiB page
[    0.652083] HugeTLB: registered 2.00 MiB page size, pre-allocated 0 pages
[    0.654083] HugeTLB: 28 KiB vmemmap can be freed for a 2.00 MiB page
[    0.660384] ACPI: Added _OSI(Module Device)
[    0.661083] ACPI: Added _OSI(Processor Device)
[    0.662084] ACPI: Added _OSI(Processor Aggregator Device)
[    0.666782] ACPI: 1 ACPI AML tables successfully acquired and loaded
[    0.672122] ACPI: \_SB_: platform _OSC: OS support mask [002a7eee]
[    0.673968] ACPI: Interpreter enabled
[    0.675149] ACPI: PM: (supports S0 S3 S4 S5)
[    0.676095] ACPI: Using IOAPIC for interrupt routing
[    0.677136] PCI: Using host bridge windows from ACPI; if necessary, use "pci=nocrs" and report a bug
[    0.679083] PCI: Using E820 reservations for host bridge windows
[    0.681469] ACPI: Enabled 2 GPEs in block 00 to 0F
[    0.697933] ACPI: PCI Root Bridge [PCI0] (domain 0000 [bus 00-ff])
[    0.699089] acpi PNP0A03:00: _OSC: OS supports [ExtendedConfig ASPM ClockPM Segments MSI HPX-Type3]
[    0.701094] acpi PNP0A03:00: _OSC: OS requested [PME PCIeCapability LTR]
[    0.703084] acpi PNP0A03:00: _OSC: platform willing to grant [PME PCIeCapability LTR]
[    0.704082] acpi PNP0A03:00: _OSC: platform retains control of PCIe features (AE_ERROR)
[    0.707093] PCI host bridge to bus 0000:00
[    0.708091] pci_bus 0000:00: root bus resource [io  0x0000-0x0cf7 window]
[    0.710084] pci_bus 0000:00: root bus resource [io  0x0d00-0xffff window]
[    0.711084] pci_bus 0000:00: root bus resource [mem 0x000a0000-0x000bffff window]
[    0.713084] pci_bus 0000:00: root bus resource [mem 0xc0000000-0xfebfffff window]
[    0.714083] pci_bus 0000:00: root bus resource [mem 0x380000000000-0x38007fffffff window]
[    0.716084] pci_bus 0000:00: root bus resource [bus 00-ff]
[    0.717489] pci 0000:00:00.0: [8086:1237] type 00 class 0x060000 conventional PCI endpoint
[    0.721977] pci 0000:00:01.0: [8086:7000] type 00 class 0x060100 conventional PCI endpoint
[    0.724510] pci 0000:00:01.1: [8086:7010] type 00 class 0x010180 conventional PCI endpoint
[    0.728157] pci 0000:00:01.1: BAR 4 [io  0xc1c0-0xc1cf]
[    0.729159] pci 0000:00:01.1: BAR 0 [io  0x01f0-0x01f7]: legacy IDE quirk
[    0.730081] pci 0000:00:01.1: BAR 1 [io  0x03f6]: legacy IDE quirk
[    0.732082] pci 0000:00:01.1: BAR 2 [io  0x0170-0x0177]: legacy IDE quirk
[    0.733083] pci 0000:00:01.1: BAR 3 [io  0x0376]: legacy IDE quirk
[    0.735826] pci 0000:00:01.3: [8086:7113] type 00 class 0x068000 conventional PCI endpoint
[    0.737799] pci 0000:00:01.3: quirk: [io  0x0600-0x063f] claimed by PIIX4 ACPI
[    0.739100] pci 0000:00:01.3: quirk: [io  0x0700-0x070f] claimed by PIIX4 SMB
[    0.742224] pci 0000:00:02.0: [1af4:1009] type 00 class 0x000200 conventional PCI endpoint
[    0.746101] pci 0000:00:02.0: BAR 0 [io  0xc000-0xc03f]
[    0.747097] pci 0000:00:02.0: BAR 1 [mem 0xfebf8000-0xfebf8fff]
[    0.748144] pci 0000:00:02.0: BAR 4 [mem 0x380000000000-0x380000003fff 64bit pref]
[    0.753268] pci 0000:00:03.0: [8086:25ab] type 00 class 0x088000 conventional PCI endpoint
[    0.756100] pci 0000:00:03.0: BAR 0 [mem 0xfebf9000-0xfebf900f]
[    0.760888] pci 0000:00:04.0: [1af4:1003] type 00 class 0x078000 conventional PCI endpoint
[    0.763100] pci 0000:00:04.0: BAR 0 [io  0xc040-0xc07f]
[    0.765099] pci 0000:00:04.0: BAR 1 [mem 0xfebfa000-0xfebfafff]
[    0.766144] pci 0000:00:04.0: BAR 4 [mem 0x380000004000-0x380000007fff 64bit pref]
[    0.771430] pci 0000:00:05.0: [1af4:1003] type 00 class 0x078000 conventional PCI endpoint
[    0.774099] pci 0000:00:05.0: BAR 0 [io  0xc080-0xc0bf]
[    0.776099] pci 0000:00:05.0: BAR 1 [mem 0xfebfb000-0xfebfbfff]
[    0.777145] pci 0000:00:05.0: BAR 4 [mem 0x380000008000-0x38000000bfff 64bit pref]
[    0.782441] pci 0000:00:06.0: [1af4:1003] type 00 class 0x078000 conventional PCI endpoint
[    0.785100] pci 0000:00:06.0: BAR 0 [io  0xc0c0-0xc0ff]
[    0.786098] pci 0000:00:06.0: BAR 1 [mem 0xfebfc000-0xfebfcfff]
[    0.787143] pci 0000:00:06.0: BAR 4 [mem 0x38000000c000-0x38000000ffff 64bit pref]
[    0.792436] pci 0000:00:07.0: [1af4:1003] type 00 class 0x078000 conventional PCI endpoint
[    0.795098] pci 0000:00:07.0: BAR 0 [io  0xc100-0xc13f]
[    0.796100] pci 0000:00:07.0: BAR 1 [mem 0xfebfd000-0xfebfdfff]
[    0.797144] pci 0000:00:07.0: BAR 4 [mem 0x380000010000-0x380000013fff 64bit pref]
[    0.802538] pci 0000:00:08.0: [1af4:1003] type 00 class 0x078000 conventional PCI endpoint
[    0.805020] pci 0000:00:08.0: BAR 0 [io  0xc140-0xc17f]
[    0.806099] pci 0000:00:08.0: BAR 1 [mem 0xfebfe000-0xfebfefff]
[    0.807143] pci 0000:00:08.0: BAR 4 [mem 0x380000014000-0x380000017fff 64bit pref]
[    0.812358] pci 0000:00:09.0: [1af4:1003] type 00 class 0x078000 conventional PCI endpoint
[    0.815099] pci 0000:00:09.0: BAR 0 [io  0xc180-0xc1bf]
[    0.816097] pci 0000:00:09.0: BAR 1 [mem 0xfebff000-0xfebfffff]
[    0.817143] pci 0000:00:09.0: BAR 4 [mem 0x380000018000-0x38000001bfff 64bit pref]
[    0.828366] ACPI: PCI: Interrupt link LNKA configured for IRQ 10
[    0.829407] ACPI: PCI: Interrupt link LNKB configured for IRQ 10
[    0.831340] ACPI: PCI: Interrupt link LNKC configured for IRQ 11
[    0.832337] ACPI: PCI: Interrupt link LNKD configured for IRQ 11
[    0.834213] ACPI: PCI: Interrupt link LNKS configured for IRQ 9
[    0.838116] iommu: Default domain type: Translated
[    0.839085] iommu: DMA domain TLB invalidation policy: lazy mode
[    0.841645] SCSI subsystem initialized
[    0.843167] libata version 3.00 loaded.
[    0.844211] ACPI: bus type USB registered
[    0.845210] usbcore: registered new interface driver usbfs
[    0.846158] usbcore: registered new interface driver hub
[    0.847159] usbcore: registered new device driver usb
[    0.848222] pps_core: LinuxPPS API ver. 1 registered
[    0.849083] pps_core: Software ver. 5.3.6 - Copyright 2005-2007 Rodolfo Giometti <giometti@linux.it>
[    0.851113] PTP clock support registered
[    0.853590] Advanced Linux Sound Architecture Driver Initialized.
[    0.855398] NetLabel: Initializing
[    0.856082] NetLabel:  domain hash size = 128
[    0.857054] NetLabel:  protocols = UNLABELED CIPSOv4 CALIPSO
[    0.859134] NetLabel:  unlabeled traffic allowed by default
[    0.860397] PCI: Using ACPI for IRQ routing
[    0.861121] PCI: pci_cache_line_size set to 64 bytes
[    0.862446] e820: register RAM buffer resource [mem 0x0009fc00-0x0009ffff]
[    0.864083] e820: register RAM buffer resource [mem 0xbffe0000-0xbfffffff]
[    0.866239] vgaarb: loaded
[    0.867081] hpet0: at MMIO 0xfed00000, IRQs 2, 8, 0
[    0.868083] hpet0: 3 comparators, 64-bit 100.000000 MHz counter
[    0.872459] clocksource: Switched to clocksource kvm-clock
[    0.875670] VFS: Disk quotas dquot_6.6.0
[    0.876582] VFS: Dquot-cache hash table entries: 512 (4096 bytes)
[    0.879219] pnp: PnP ACPI init
[    0.880429] pnp 00:02: [dma 2]
[    0.882184] pnp: PnP ACPI: found 4 devices
[    0.900424] clocksource: acpi_pm: mask: 0xffffff max_cycles: 0xffffff, max_idle_ns: 2085701024 ns
[    0.902679] NET: Registered PF_INET protocol family
[    0.904981] IP idents hash table entries: 65536 (order: 7, 524288 bytes, linear)
[    0.908966] tcp_listen_portaddr_hash hash table entries: 2048 (order: 6, 147456 bytes, linear)
[    0.911284] Table-perturb hash table entries: 65536 (order: 6, 262144 bytes, linear)
[    0.913005] TCP established hash table entries: 32768 (order: 6, 262144 bytes, linear)
[    0.915016] Callback from call_rcu_tasks() invoked.
[    0.915397] TCP bind hash table entries: 32768 (order: 11, 4718592 bytes, vmalloc hugepage)
[    0.928964] TCP: Hash tables configured (established 32768 bind 32768)
[    0.931958] MPTCP token hash table entries: 4096 (order: 7, 360448 bytes, linear)
[    0.933754] UDP hash table entries: 2048 (order: 7, 524288 bytes, linear)
[    0.936694] NET: Registered PF_UNIX/PF_LOCAL protocol family
[    0.939076] RPC: Registered named UNIX socket transport module.
[    0.940527] RPC: Registered udp transport module.
[    0.941806] RPC: Registered tcp transport module.
[    0.942861] RPC: Registered tcp-with-tls transport module.
[    0.944024] RPC: Registered tcp NFSv4.1 backchannel transport module.
[    0.946257] NET: Registered PF_XDP protocol family
[    0.947580] pci_bus 0000:00: resource 4 [io  0x0000-0x0cf7 window]
[    0.949116] pci_bus 0000:00: resource 5 [io  0x0d00-0xffff window]
[    0.950455] pci_bus 0000:00: resource 6 [mem 0x000a0000-0x000bffff window]
[    0.951955] pci_bus 0000:00: resource 7 [mem 0xc0000000-0xfebfffff window]
[    0.953420] pci_bus 0000:00: resource 8 [mem 0x380000000000-0x38007fffffff window]
[    0.955114] pci 0000:00:01.0: PIIX3: Enabling Passive Release
[    0.956359] pci 0000:00:00.0: Limiting direct PCI/PCI transfers
[    0.957769] PCI: CLS 0 bytes, default 64
[    0.958747] PCI-DMA: Using software bounce buffering for IO (SWIOTLB)
[    0.960096] software IO TLB: mapped [mem 0x00000000bbfe0000-0x00000000bffe0000] (64MB)
[    0.963280] clocksource: tsc: mask: 0xffffffffffffffff max_cycles: 0x31027285e94, max_idle_ns: 440795238296 ns
[    0.974660] Initialise system trusted keyrings
[    0.976029] workingset: timestamp_bits=40 (anon: 35) max_order=20 bucket_order=0 (anon: 0)
[    0.979015] squashfs: version 4.0 (2009/01/31) Phillip Lougher
[    0.981064] NFS: Registering the id_resolver key type
[    0.982299] Key type id_resolver registered
[    0.983250] Key type id_legacy registered
[    0.984111] nfs4filelayout_init: NFSv4 File Layout Driver Registering...
[    0.985603] nfs4flexfilelayout_init: NFSv4 Flexfile Layout Driver Registering...
[    0.987373] fuse: init (API version 7.45)
[    0.988635] 9p: Installing v9fs 9p2000 file system support
[    0.991885] NET: Registered PF_ALG protocol family
[    0.992975] Key type asymmetric registered
[    0.993876] Asymmetric key parser 'x509' registered
[    0.995040] Block layer SCSI generic (bsg) driver version 0.4 loaded (major 248)
[    0.997306] io scheduler mq-deadline registered
[    0.998539] io scheduler kyber registered
[    1.000914] input: Power Button as /devices/platform/LNXPWRBN:00/input/input0
[    1.002773] ACPI: button: Power Button [PWRF]
[    1.128252] ACPI: \_SB_.LNKB: Enabled at IRQ 10
[    1.250882] ACPI: \_SB_.LNKD: Enabled at IRQ 11
[    1.373201] ACPI: \_SB_.LNKA: Enabled at IRQ 10
[    1.618925] ACPI: \_SB_.LNKC: Enabled at IRQ 11
[    1.864488] Serial: 8250/16550 driver, 4 ports, IRQ sharing enabled
[    1.867001] 00:03: ttyS0 at I/O 0x3f8 (irq = 4, base_baud = 115200) is a 16550A
[    1.963340] kwatchdog (100) used greatest stack depth: 14776 bytes left
[    2.020895] Non-volatile memory driver v1.3
[    2.022629] ACPI: bus type drm_connector registered
[    2.044531] brd: module loaded
[    2.057956] loop: module loaded
[    2.063038] scsi host0: ata_piix
[    2.065087] scsi host1: ata_piix
[    2.066144] ata1: PATA max MWDMA2 cmd 0x1f0 ctl 0x3f6 bmdma 0xc1c0 irq 14 lpm-pol 0
[    2.067817] ata2: PATA max MWDMA2 cmd 0x170 ctl 0x376 bmdma 0xc1c8 irq 15 lpm-pol 0
[    2.074178] tun: Universal TUN/TAP device driver, 1.6
[    2.075839] e100: Intel(R) PRO/100 Network Driver
[    2.076899] e100: Copyright(c) 1999-2006 Intel Corporation
[    2.078248] e1000: Intel(R) PRO/1000 Network Driver
[    2.079392] e1000: Copyright (c) 1999-2006 Intel Corporation.
[    2.080742] e1000e: Intel(R) PRO/1000 Network Driver
[    2.081847] e1000e: Copyright(c) 1999 - 2015 Intel Corporation.
[    2.083217] sky2: driver version 1.30
[    2.085253] usbcore: registered new interface driver usblp
[    2.086592] usbcore: registered new interface driver usb-storage
[    2.088048] i8042: PNP: PS/2 Controller [PNP0303:KBD,PNP0f13:MOU] at 0x60,0x64 irq 1,12
[    2.091311] serio: i8042 KBD port at 0x60,0x64 irq 1
[    2.092889] serio: i8042 AUX port at 0x60,0x64 irq 12
[    2.095618] input: AT Translated Set 2 keyboard as /devices/platform/i8042/serio0/input/input1
[    2.098110] rtc_cmos PNP0B00:00: RTC can wake from S4
[    2.101673] rtc_cmos PNP0B00:00: registered as rtc0
[    2.103788] rtc_cmos PNP0B00:00: alarms up to one day, y3k, 242 bytes nvram, hpet irqs
[    2.107144] Registered IR keymap rc-empty
[    2.108696] rc rc0: rc-core loopback device as /devices/virtual/rc/rc0
[    2.110421] rc rc0: lirc_dev: driver rc-loopback registered at minor = 0, raw IR receiver, raw IR transmitter
[    2.112867] input: rc-core loopback device as /devices/virtual/rc/rc0/input4
[    2.115378] intel_powerclamp: CPU does not support MWAIT
[    2.116707] device-mapper: core: CONFIG_IMA_DISABLE_HTABLE is disabled. Duplicate IMA measurements will not be recorded in the IMA log.
[    2.119717] device-mapper: ioctl: 4.50.0-ioctl (2025-04-28) initialised: dm-devel@lists.linux.dev
[    2.121693] amd_pstate: the _CPC object is not present in SBIOS or ACPI disabled
[    2.124115] hid: raw HID events driver (C) Jiri Kosina
[    2.126827] usbcore: registered new interface driver usbhid
[    2.128061] usbhid: USB HID core driver
[    2.129984] GACT probability NOT on
[    2.130804] Mirror/redirect action on
[    2.133025] nf_conntrack_irc: The irc conntrack helper is scheduled for removal.
[    2.133025] Please contact the netfilter-devel mailing list if you still need this.
[    2.137922] ipip: IPv4 and MPLS over IPv4 tunneling driver
[    2.139927] gre: GRE over IPv4 demultiplexer driver
[    2.141012] ip_gre: GRE over IPv4 tunneling driver
[    2.144637] Initializing XFRM netlink socket
[    2.145609] IPsec XFRM device driver
[    2.146514] NET: Registered PF_INET6 protocol family
[    2.149884] Segment Routing with IPv6
[    2.150755] In-situ OAM (IOAM) with IPv6
[    2.151658] mip6: Mobile IPv6
[    2.152334] sit: IPv6, IPv4 and MPLS over IPv4 tunneling driver
[    2.155124] ip6_gre: GRE over IPv6 tunneling driver
[    2.156998] NET: Registered PF_PACKET protocol family
[    2.158262] RPC: Registered rdma transport module.
[    2.159348] RPC: Registered rdma backchannel transport module.
[    2.161014] 8021q: 802.1Q VLAN Support v1.8
[    2.162614] smc: adding smcd device lo without pnetid
[    2.163979] NET: Registered PF_SMC protocol family
[    2.165490] 9pnet: Installing 9P2000 support
[    2.167997] Key type dns_resolver registered
[    2.169274] NET: Registered PF_VSOCK protocol family
[    2.170481] mpls_gso: MPLS GSO support
[    2.174898] IPI shorthand broadcast: enabled
[    2.219916] sched_clock: Marking stable (2196011971, 23543068)->(2261794016, -42238977)
[    2.223771] registered taskstats version 1
[    2.227225] ata2: found unknown device (class 0)
[    2.229299] ata2.00: ATAPI: QEMU DVD-ROM, 2.5+, max UDMA/100
[    2.233163] scsi 1:0:0:0: CD-ROM            QEMU     QEMU DVD-ROM     2.5+ PQ: 0 ANSI: 5
[    2.241251] Loading compiled-in X.509 certificates
[    2.242936] kworker/u32:1 (119) used greatest stack depth: 14152 bytes left
[    2.244262] Loaded X.509 cert 'Build time autogenerated kernel key: c4531344b9a9c1a4731230d977a262ba29ba5272'
[    2.262870] sr 1:0:0:0: [sr0] scsi3-mmc drive: 4x/4x cd/rw xa/form2 tray
[    2.285883] Demotion targets for Node 0: null
[    2.287488] ima: No TPM chip found, activating TPM-bypass!
[    2.288766] ima: Allocated hash algorithm: sha1
[    2.289962] ima: No architecture policies found
[    2.291990] PM:   Magic number: 6:117:99
[    2.293104] netconsole: network logging started
[    2.293656] cdrom: Uniform CD-ROM driver Revision: 3.20
[    2.294962] cfg80211: Loading compiled-in X.509 certificates for regulatory database
[    2.298536] Loaded X.509 cert 'sforshee: 00b28ddf47aef9cea7'
[    2.299962] Loaded X.509 cert 'wens: 61c038651aabdcf94bd0ac7ff06c7248db18c600'
[    2.301699] ALSA device list:
[    2.302864] faux_driver regulatory: Direct firmware load for regulatory.db failed with error -2
[    2.303652]   No soundcards found.
[    2.304886] cfg80211: failed to load regulatory.db
[    2.319624] sr 1:0:0:0: Attached scsi CD-ROM sr0
[    2.321209] sr 1:0:0:0: Attached scsi generic sg0 type 5
[    2.525418] input: ImExPS/2 Generic Explorer Mouse as /devices/platform/i8042/serio1/input/input3
[    2.527203] md: Skipping autodetection of RAID arrays. (raid=autodetect will force)
[    2.528665] 9p: Bad value for 'source'
[    2.529230] 9pnet: Limiting 'msize' to 512000 as this is the maximum supported by transport virtio
[    2.532848] VFS: Mounted root (9p filesystem) on device 0:22.
[    2.534715] devtmpfs: mounted
[    2.535478] VFS: Pivoted into new rootfs
[    2.540749] Freeing unused kernel image (initmem) memory: 4668K
[    2.541642] Write protecting the kernel read-only data: 45056k
[    2.543618] Freeing unused kernel image (text/rodata gap) memory: 984K
[    2.545026] Freeing unused kernel image (rodata/data gap) memory: 400K
[    2.584735] x86/mm: Checked W+X mappings: passed, no W+X pages found.
[    2.585612] Run /home/prozak/.local/share/vng-venv/lib/python3.12/site-packages/virtme/guest/bin/virtme-ng-init as init process
[    2.587144]   with arguments:
[    2.587581]     /home/prozak/.local/share/vng-venv/lib/python3.12/site-packages/virtme/guest/bin/virtme-ng-init
[    2.588942]   with environment:
[    2.589386]     HOME=/
[    2.589746]     TERM=linux
[    2.590128]     virtme_hostname=virtme-ng
[    2.590729]     nr_open=1048576
[    2.591164]     virtme_link_mods=/home/prozak/sources/heimdall_experiment/uml-harness/.build/bpf-next-x86/.virtme_mods/lib/modules/0.0.0
[    2.592785]     virtme_rw_overlay0=/tmp
[    2.593314]     virtme_console=ttyS0
[    2.593848]     virtme_chdir=home/prozak/sources/heimdall_experiment/uml-harness/.build/selftests-output-qemu
[    2.687737] virtme-ng-init: mount devtmpfs -> /dev: EBUSY: Device or resource busy
[    2.689698] virtme-ng-init: Setting hostname to virtme-ng...
[    2.729481] virtme-ng-init: running systemd-tmpfiles
[    4.075057] systemd-tmpfile (127) used greatest stack depth: 12504 bytes left
[    4.075163] virtme-ng-init: basic initialization done
[    4.094088] virtme-ng-init: error creating file: Permission denied (os error 13)
[    4.190034] ip (132) used greatest stack depth: 11848 bytes left
[    4.312020] virtme-ng-init: Starting systemd-udevd version 255.4-1ubuntu8.16
[    4.314032] virtme-ng-init: triggering udev coldplug
[    7.427503] virtme-ng-init: waiting for udev to settle
[    8.220398] virtme-ng-init: udev is done
[    8.224942] virtme-ng-init: starting script
[    8.478443] bpf_testmod: loading out-of-tree module taints kernel.
[    8.479385] bpf_testmod: module verification failed: signature and/or required key missing - tainting kernel
[    9.518221] test_progs (199) used greatest stack depth: 9896 bytes left
[    9.524343] smc: removing smcd device lo
[    9.592897] ACPI: PM: Preparing to enter system sleep state S5
[    9.594026] reboot: Power down
