Failed to load bpf_testmod.ko into the kernel: -8
#480/1   tailcalls/tailcall_1:OK
#480/2   tailcalls/tailcall_2:OK
#480/3   tailcalls/tailcall_3:OK
#480/4   tailcalls/tailcall_4:OK
#480/5   tailcalls/tailcall_5:OK
#480/6   tailcalls/tailcall_6:OK
#480/7   tailcalls/tailcall_bpf2bpf_1:OK
#480/8   tailcalls/tailcall_bpf2bpf_2:OK
#480/9   tailcalls/tailcall_bpf2bpf_3:OK
#480/10  tailcalls/tailcall_bpf2bpf_4:OK
#480/11  tailcalls/tailcall_bpf2bpf_5:OK
#480/12  tailcalls/tailcall_bpf2bpf_6:OK
#480/13  tailcalls/tailcall_bpf2bpf_fentry:OK
#480/14  tailcalls/tailcall_bpf2bpf_fexit:OK
#480/15  tailcalls/tailcall_bpf2bpf_fentry_fexit:OK
#480/16  tailcalls/tailcall_bpf2bpf_fentry_entry:OK
#480/17  tailcalls/tailcall_poke:OK
#480/18  tailcalls/tailcall_bpf2bpf_hierarchy_1:OK
#480/19  tailcalls/tailcall_bpf2bpf_hierarchy_fentry:OK
#480/20  tailcalls/tailcall_bpf2bpf_hierarchy_fexit:OK
#480/21  tailcalls/tailcall_bpf2bpf_hierarchy_fentry_fexit:OK
#480/22  tailcalls/tailcall_bpf2bpf_hierarchy_fentry_entry:OK
#480/23  tailcalls/tailcall_bpf2bpf_hierarchy_2:OK
#480/24  tailcalls/tailcall_bpf2bpf_hierarchy_3:OK
#480/25  tailcalls/tailcall_freplace:OK
#480/26  tailcalls/tailcall_bpf2bpf_freplace:OK
#480/27  tailcalls/tailcall_failure:OK
#480/28  tailcalls/reject_tail_call_spin_lock:OK
#480/29  tailcalls/reject_tail_call_rcu_lock:OK
#480/30  tailcalls/reject_tail_call_preempt_lock:OK
#480/31  tailcalls/reject_tail_call_ref:OK
#480/32  tailcalls/tailcall_sleepable:OK
#480/33  tailcalls/tailcall_cgrp_storage:OK
#480/34  tailcalls/tailcall_cgrp_storage_diff_storage:OK
#480/35  tailcalls/tailcall_cgrp_storage_no_storage:OK
#480/36  tailcalls/tailcall_cgrp_storage_no_storage_leaf:OK
#480/37  tailcalls/tailcall_cgrp_storage_no_storage_bridge:OK
#480     tailcalls:OK
Summary: 1/37 PASSED, 0 SKIPPED, 0 FAILED
[    0.000000] BIOS-e820: [gap 0x00000000000a0000-0x00000000000effff]
[    0.000000] BIOS-e820: [mem 0x00000000000f0000-0x00000000000fffff]  device reserved
[    0.000000] BIOS-e820: [mem 0x0000000000100000-0x00000000bffdffff]  System RAM
[    0.000000] BIOS-e820: [mem 0x00000000bffe0000-0x00000000bfffffff]  device reserved
[    0.000000] BIOS-e820: [gap 0x00000000c0000000-0x00000000feffbfff]
[    0.000000] BIOS-e820: [mem 0x00000000feffc000-0x00000000feffffff]  device reserved
[    0.000000] BIOS-e820: [gap 0x00000000ff000000-0x00000000fffbffff]
[    0.000000] BIOS-e820: [mem 0x00000000fffc0000-0x00000000ffffffff]  device reserved
[    0.000000] BIOS-e820: [mem 0x0000000100000000-0x000000013fffffff]  System RAM
[    0.000000] BIOS-e820: [gap 0x0000000140000000-0x000000fcffffffff]
[    0.000000] BIOS-e820: [mem 0x000000fd00000000-0x000000ffffffffff]  device reserved
[    0.000000] printk: legacy bootconsole [earlyser0] enabled
[    0.000000] NX (Execute Disable) protection: active
[    0.000000] APIC: Static calls initialized
[    0.000000] DMI: SMBIOS 3.0.0 present.
[    0.000000] DMI: QEMU Ubuntu 24.04 PC v2 (i440FX + PIIX, arch_caps fix, 1996), BIOS 1.16.3-debian-1.16.3-2 04/01/2014
[    0.000000] DMI: Memory slots populated: 1/1
[    0.000000] Hypervisor detected: KVM
[    0.000000] last_pfn = 0xbffe0 max_arch_pfn = 0x400000000
[    0.000000] kvm-clock: Using msrs 4b564d01 and 4b564d00
[    0.000001] kvm-clock: using sched offset of 441252076 cycles
[    0.000898] clocksource: kvm-clock: mask: 0xffffffffffffffff max_cycles: 0x1cd42e4dffb, max_idle_ns: 881590591483 ns
[    0.003740] tsc: Detected 3400.030 MHz processor
[    0.004873] e820: update [mem 0x00000000-0x00000fff] System RAM ==> device reserved
[    0.006203] e820: remove [mem 0x000a0000-0x000fffff] System RAM
[    0.007221] last_pfn = 0x140000 max_arch_pfn = 0x400000000
[    0.008309] MTRR map: 4 entries (3 fixed + 1 variable; max 19), built from 8 variable MTRRs
[    0.009761] x86/PAT: Configuration [0-7]: WB  WC  UC- UC  WB  WP  UC- WT  
Memory KASLR using RDRAND RDTSC...
[    0.011645] last_pfn = 0xbffe0 max_arch_pfn = 0x400000000
[    0.013818] found SMP MP-table at [mem 0x000f5450-0x000f545f]
[    0.014819] Using GB pages for direct mapping
[    0.015725] ACPI: Early table checksum verification disabled
[    0.016718] ACPI: RSDP 0x00000000000F5240 000014 (v00 BOCHS )
[    0.017730] ACPI: RSDT 0x00000000BFFE1F16 000034 (v01 BOCHS  BXPC     00000001 BXPC 00000001)
[    0.019195] ACPI: FACP 0x00000000BFFE1D92 000074 (v01 BOCHS  BXPC     00000001 BXPC 00000001)
[    0.020699] ACPI: DSDT 0x00000000BFFE0040 001D52 (v01 BOCHS  BXPC     00000001 BXPC 00000001)
[    0.022198] ACPI: FACS 0x00000000BFFE0000 000040
[    0.022991] ACPI: APIC 0x00000000BFFE1E06 0000B0 (v03 BOCHS  BXPC     00000001 BXPC 00000001)
[    0.024481] ACPI: HPET 0x00000000BFFE1EB6 000038 (v01 BOCHS  BXPC     00000001 BXPC 00000001)
[    0.026001] ACPI: WAET 0x00000000BFFE1EEE 000028 (v01 BOCHS  BXPC     00000001 BXPC 00000001)
[    0.027482] ACPI: Reserving FACP table memory at [mem 0xbffe1d92-0xbffe1e05]
[    0.028694] ACPI: Reserving DSDT table memory at [mem 0xbffe0040-0xbffe1d91]
[    0.029947] ACPI: Reserving FACS table memory at [mem 0xbffe0000-0xbffe003f]
[    0.031150] ACPI: Reserving APIC table memory at [mem 0xbffe1e06-0xbffe1eb5]
[    0.032387] ACPI: Reserving HPET table memory at [mem 0xbffe1eb6-0xbffe1eed]
[    0.033614] ACPI: Reserving WAET table memory at [mem 0xbffe1eee-0xbffe1f15]
[    0.035285] No NUMA configuration found
[    0.035970] Faking a node at [mem 0x0000000000000000-0x000000013fffffff]
[    0.037115] NODE_DATA(0) allocated [mem 0x13fff9c80-0x13fffdfff]
[    0.038969] ACPI: PM-Timer IO Port: 0x608
[    0.039705] ACPI: LAPIC_NMI (acpi_id[0xff] dfl dfl lint[0x1])
[    0.040769] IOAPIC[0]: apic_id 0, version 17, address 0xfec00000, GSI 0-23
[    0.042003] ACPI: INT_SRC_OVR (bus 0 bus_irq 0 global_irq 2 dfl dfl)
[    0.043110] ACPI: INT_SRC_OVR (bus 0 bus_irq 5 global_irq 5 high level)
[    0.044275] ACPI: INT_SRC_OVR (bus 0 bus_irq 9 global_irq 9 high level)
[    0.045428] ACPI: INT_SRC_OVR (bus 0 bus_irq 10 global_irq 10 high level)
[    0.046591] ACPI: INT_SRC_OVR (bus 0 bus_irq 11 global_irq 11 high level)
[    0.047805] ACPI: Using ACPI (MADT) for SMP configuration information
[    0.048905] ACPI: HPET id: 0x8086a201 base: 0xfed00000
[    0.049806] TSC deadline timer available
[    0.050481] CPU topo: Max. logical packages:   1
[    0.051271] CPU topo: Max. logical nodes:      1
[    0.052108] CPU topo: Num. nodes per package:  1
[    0.052901] CPU topo: Max. logical dies:       1
[    0.053707] CPU topo: Max. dies per package:   1
[    0.054499] CPU topo: Max. threads per core:   1
[    0.055289] CPU topo: Num. cores per package:     8
[    0.056163] CPU topo: Num. threads per package:   8
[    0.056999] CPU topo: Allowing 8 present CPUs plus 0 hotplug CPUs
[    0.058083] kvm-guest: APIC: eoi() replaced with kvm_guest_apic_eoi_write()
[    0.059349] kvm-guest: KVM setup pv remote TLB flush
[    0.060249] kvm-guest: setup PV sched yield
[    0.060969] PM: hibernation: Registered nosave memory: [mem 0x00000000-0x00000fff]
[    0.062286] PM: hibernation: Registered nosave memory: [mem 0x0009f000-0x000fffff]
[    0.063610] PM: hibernation: Registered nosave memory: [mem 0xbffe0000-0xffffffff]
[    0.064928] [gap 0xc0000000-0xfeffbfff] available for PCI devices
[    0.065986] Booting paravirtualized kernel on KVM
[    0.066793] clocksource: refined-jiffies: mask: 0xffffffff max_cycles: 0xffffffff, max_idle_ns: 1910969940391419 ns
[    0.073183] Zone ranges:
[    0.073650]   DMA      [mem 0x0000000000001000-0x0000000000ffffff]
[    0.074739]   DMA32    [mem 0x0000000001000000-0x00000000ffffffff]
[    0.075842]   Normal   [mem 0x0000000100000000-0x000000013fffffff]
[    0.076939] Movable zone start for each node
[    0.077693] Early memory node ranges
[    0.078308]   node   0: [mem 0x0000000000001000-0x000000000009efff]
[    0.079385]   node   0: [mem 0x0000000000100000-0x00000000bffdffff]
[    0.080518]   node   0: [mem 0x0000000100000000-0x000000013fffffff]
[    0.081612] Initmem setup node 0 [mem 0x0000000000001000-0x000000013fffffff]
[    0.082877] On node 0, zone DMA: 1 pages in unavailable ranges
[    0.084279] On node 0, zone DMA: 97 pages in unavailable ranges
[    0.185378] On node 0, zone Normal: 32 pages in unavailable ranges
[    0.186508] setup_percpu: NR_CPUS:128 nr_cpumask_bits:8 nr_cpu_ids:8 nr_node_ids:1
[    0.190996] percpu: Embedded 58 pages/cpu s199696 r8192 d29680 u262144
[    0.192172] pcpu-alloc: s199696 r8192 d29680 u262144 alloc=1*2097152
[    0.193279] pcpu-alloc: [0] 0 1 2 3 4 5 6 7 
[    0.194062] Kernel command line: virtme_hostname=virtme-ng nr_open=1048576 virtme_link_mods=/home/prozak/sources/heimdall_experiment/uml-harness/.build/bpf-next-x86/.virtme_mods/lib/modules/0.0.0 virtme_rw_overlay0=/tmp virtme_console=ttyS0 console=ttyS0 earlyprintk=serial,ttyS0,115200 panic=-1 virtme.exec=`bW91bnQgLXQgYnBmIGJwZmZzIC9zeXMvZnMvYnBmIDI+L2Rldi9udWxsOyAuL3Rlc3RfcHJvZ3MgLXQgJ3RhaWxjYWxscyc=` virtme_chdir=home/prozak/sources/heimdall_experiment/uml-harness/.build/selftests-output-qemu rootfstype=9p rootflags=version=9p2000.L,trans=virtio,access=any,msize=524288 raid=noautodetect rw debug init=/home/prozak/.local/share/vng-venv/lib/python3.12/site-packages/virtme/guest/bin/virtme-ng-init
[    0.204955] Unknown kernel command line parameters "virtme_hostname=virtme-ng nr_open=1048576 virtme_link_mods=/home/prozak/sources/heimdall_experiment/uml-harness/.build/bpf-next-x86/.virtme_mods/lib/modules/0.0.0 virtme_rw_overlay0=/tmp virtme_console=ttyS0 virtme_chdir=home/prozak/sources/heimdall_experiment/uml-harness/.build/selftests-output-qemu", will be passed to user space.
[    0.210916] random: crng init done
[    0.211527] printk: log buffer data + meta data: 2097152 + 7340032 = 9437184 bytes
[    0.219066] Dentry cache hash table entries: 524288 (order: 10, 4194304 bytes, linear)
[    0.223632] Inode-cache hash table entries: 262144 (order: 9, 2097152 bytes, linear)
[    0.225164] software IO TLB: area num 8.
[    0.331642] Fallback order for Node 0: 0 
[    0.331649] Built 1 zonelists, mobility grouping on.  Total pages: 1048446
[    0.333589] Policy zone: Normal
[    0.334130] mem auto-init: stack:all(zero), heap alloc:off, heap free:off
[    0.340295] SLUB: HWalign=64, Order=0-3, MinObjects=0, CPUs=8, Nodes=1
Poking KASLR using RDRAND RDTSC...
[    0.355484] ftrace: allocating 69757 entries in 274 pages
[    0.356445] ftrace: allocated 274 pages with 3 groups
[    0.357771] Dynamic Preempt: full
[    0.358584] Running RCU self tests
[    0.359200] Running RCU synchronous self tests
[    0.359977] rcu: Preemptible hierarchical RCU implementation.
[    0.360982] rcu: 	RCU event tracing is enabled.
[    0.361774] rcu: 	RCU lockdep checking is enabled.
[    0.362614] rcu: 	RCU restricting CPUs from NR_CPUS=128 to nr_cpu_ids=8.
[    0.363775] 	Trampoline variant of Tasks RCU enabled.
[    0.364693] 	Rude variant of Tasks RCU enabled.
[    0.365470] 	Tracing variant of Tasks RCU enabled.
[    0.366313] rcu: RCU calculated value of scheduler-enlistment delay is 100 jiffies.
[    0.367637] rcu: Adjusting geometry for rcu_fanout_leaf=16, nr_cpu_ids=8
[    0.368851] Running RCU synchronous self tests
[    0.369618] RCU Tasks: Setting shift to 3 and lim to 1 rcu_task_cb_adjust=1 rcu_task_cpu_ids=8.
[    0.371143] RCU Tasks Rude: Setting shift to 3 and lim to 1 rcu_task_cb_adjust=1 rcu_task_cpu_ids=8.
[    0.378029] NR_IRQS: 8448, nr_irqs: 488, preallocated irqs: 16
[    0.379390] rcu: srcu_init: Setting srcu_struct sizes based on contention.
[    0.380624] clocksource: jiffies: mask: 0xffffffff max_cycles: 0xffffffff, max_idle_ns: 1911260446275000 ns
[    0.382653] Console: colour *CGA 80x25
[    0.383387] printk: legacy console [ttyS0] enabled
[    0.383387] printk: legacy console [ttyS0] enabled
[    0.385091] printk: legacy bootconsole [earlyser0] disabled
[    0.385091] printk: legacy bootconsole [earlyser0] disabled
[    0.387077] Lock dependency validator: Copyright (c) 2006 Red Hat, Inc., Ingo Molnar
[    0.388460] ... MAX_LOCKDEP_SUBCLASSES:  8
[    0.389210] ... MAX_LOCK_DEPTH:          48
[    0.389952] ... MAX_LOCKDEP_KEYS:        8192
[    0.390723] ... CLASSHASH_SIZE:          4096
[    0.391531] ... MAX_LOCKDEP_ENTRIES:     32768
[    0.392330] ... MAX_LOCKDEP_CHAINS:      65536
[    0.393135] ... CHAINHASH_SIZE:          32768
[    0.393921]  memory used by lock dependency info: 6429 kB
[    0.394892]  memory used for stack traces: 4224 kB
[    0.395753]  per task-struct memory footprint: 1920 bytes
[    0.396820] ACPI: Core revision 20260408
[    0.397727] clocksource: hpet: mask: 0xffffffff max_cycles: 0xffffffff, max_idle_ns: 19112604467 ns
[    0.399550] APIC: Switch to symmetric I/O mode setup
[    0.400902] x2apic enabled
[    0.401911] APIC: Switched APIC routing to: physical x2apic
[    0.403015] kvm-guest: APIC: send_IPI_mask() replaced with kvm_send_ipi_mask()
[    0.404404] kvm-guest: APIC: send_IPI_mask_allbutself() replaced with kvm_send_ipi_mask_allbutself()
[    0.406157] kvm-guest: setup PV IPIs
[    0.408922] ..TIMER: vector=0x30 apic1=0 pin1=2 apic2=-1 pin2=-1
[    0.410068] clocksource: tsc-early: mask: 0xffffffffffffffff max_cycles: 0x31026ae6579, max_idle_ns: 440795296168 ns
[    0.412010] Calibrating delay loop (skipped) preset value.. 6800.06 BogoMIPS (lpj=3400030)
[    0.413810] x86/cpu: User Mode Instruction Prevention (UMIP) activated
[    0.415404] Last level iTLB entries: 4KB 512, 2MB 255, 4MB 127
[    0.416006] Last level dTLB entries: 4KB 512, 2MB 255, 4MB 127, 1GB 0
[    0.417014] mitigations: Enabled attack vectors: user_kernel, user_user, SMT mitigations: auto
[    0.418007] Speculative Store Bypass: Mitigation: Speculative Store Bypass disabled via prctl
[    0.419007] Speculative Return Stack Overflow: IBPB-extending microcode not applied!
[    0.420006] Speculative Return Stack Overflow: WARNING: See https://kernel.org/doc/html/latest/admin-guide/hw-vuln/srso.html for mitigation options.
[    0.420007] Transient Scheduler Attacks: Vulnerable: No microcode
[    0.422006] Spectre V2 : Mitigation: Retpolines
[    0.423006] Speculative Return Stack Overflow: Vulnerable: Safe RET, no microcode
[    0.424006] Spectre V1 : Mitigation: usercopy/swapgs barriers and __user pointer sanitization
[    0.425006] Spectre V2 : Spectre v2 / SpectreRSB: Filling RSB on context switch and VMEXIT
[    0.426006] Spectre V2 : Enabling Restricted Speculation for firmware calls
[    0.427008] Spectre V2 : mitigation: Enabling conditional Indirect Branch Prediction Barrier
[    0.428007] active return thunk: srso_alias_return_thunk
[    0.429056] x86/fpu: Supporting XSAVE feature 0x001: 'x87 floating point registers'
[    0.430007] x86/fpu: Supporting XSAVE feature 0x002: 'SSE registers'
[    0.431006] x86/fpu: Supporting XSAVE feature 0x004: 'AVX registers'
[    0.432007] x86/fpu: xstate_offset[2]:  576, xstate_sizes[2]:  256
[    0.433006] x86/fpu: Enabled xstate features 0x7, context size is 832 bytes, using 'compacted' format.
[    0.468240] pid_max: default: 32768 minimum: 301
[    0.469214] SELinux:  Initializing.
[    0.471478] LSM support for eBPF active
[    0.472292] Mount-cache hash table entries: 8192 (order: 4, 65536 bytes, linear)
[    0.473130] Mountpoint-cache hash table entries: 8192 (order: 4, 65536 bytes, linear)
[    0.476087] VFS: Finished mounting rootfs on nullfs
[    0.478444] Running RCU synchronous self tests
[    0.479008] Running RCU synchronous self tests
[    0.480515] smpboot: CPU0: AMD Ryzen 9 5950X 16-Core Processor (family: 0x19, model: 0x21, stepping: 0x2)
[    0.484044] Performance Events: Fam17h+ core perfctr, AMD PMU driver.
[    0.485028] ... version:                   0
[    0.485981] ... bit width:                 48
[    0.486015] ... generic counters:          6
[    0.486916] ... generic bitmap:            000000000000003f
[    0.487013] ... fixed-purpose counters:    0
[    0.487936] ... fixed-purpose bitmap:      0000000000000000
[    0.488013] ... value mask:                0000ffffffffffff
[    0.489014] ... max period:                00007fffffffffff
[    0.490018] ... global_ctrl mask:          000000000000003f
[    0.491320] signal: max sigframe size: 1776
[    0.492192] rcu: Hierarchical SRCU implementation.
[    0.493014] rcu: 	Max phase no-delay instances is 400.
[    0.494312] Timer migration: 1 hierarchy levels; 8 children per group; 1 crossnode level
[    0.506937] smp: Bringing up secondary CPUs ...
[    0.510579] smpboot: x86: Booting SMP configuration:
[    0.511015] .... node  #0, CPUs:      #1 #2 #3 #4 #5 #6 #7
[    0.538430] smp: Brought up 1 node, 8 CPUs
[    0.539922] smpboot: Total of 8 processors activated (54400.48 BogoMIPS)
[    0.541344] Memory: 3963788K/4193784K available (25637K kernel code, 10348K rwdata, 18032K rodata, 4668K init, 13400K bss, 221944K reserved, 0K cma-reserved)
[    0.544015] devtmpfs: initialized
[    0.548522] Running RCU synchronous self tests
[    0.549033] Running RCU synchronous self tests
[    0.550178] Running RCU Tasks wait API self tests
[    0.552066] Running RCU Tasks Rude wait API self tests
[    0.553013] Running RCU Tasks Trace wait API self tests
[    0.555085] posixtimers hash table entries: 4096 (order: 7, 294912 bytes, linear)
[    0.557301] futex hash table entries: 2048 (262144 bytes on 1 NUMA nodes, total 256 KiB, linear).
[    0.561173] PM: RTC time: 11:59:16, date: 2026-08-04
[    0.562035] Callback from call_rcu_tasks_trace() invoked.
[    0.566526] NET: Registered PF_NETLINK/PF_ROUTE protocol family
[    0.569081] audit: initializing netlink subsys (disabled)
[    0.570118] audit: type=2000 audit(1785844756.947:1): state=initialized audit_enabled=0 res=1
[    0.593004] thermal_sys: Registered thermal governor 'step_wise'
[    0.594014] cpuidle: using governor ladder
[    0.597013] cpuidle: using governor menu
[    0.599234] Freeing SMP alternatives memory: 68K
[    0.601587] PCI: Using configuration type 1 for base access
[    0.602014] PCI: Using configuration type 1 for extended access
[    0.604172] kprobes: kprobe jump-optimization is enabled. All kprobes are optimized if possible.
[    0.607180] HugeTLB: registered 1.00 GiB page size, pre-allocated 0 pages
[    0.609017] HugeTLB: 16380 KiB vmemmap can be freed for a 1.00 GiB page
[    0.610014] HugeTLB: registered 2.00 MiB page size, pre-allocated 0 pages
[    0.612014] HugeTLB: 28 KiB vmemmap can be freed for a 2.00 MiB page
[    0.618228] ACPI: Added _OSI(Module Device)
[    0.619014] ACPI: Added _OSI(Processor Device)
[    0.620004] ACPI: Added _OSI(Processor Aggregator Device)
[    0.625576] ACPI: 1 ACPI AML tables successfully acquired and loaded
[    0.630048] ACPI: \_SB_: platform _OSC: OS support mask [002a7eee]
[    0.631759] ACPI: Interpreter enabled
[    0.633080] ACPI: PM: (supports S0 S3 S4 S5)
[    0.634028] ACPI: Using IOAPIC for interrupt routing
[    0.635065] PCI: Using host bridge windows from ACPI; if necessary, use "pci=nocrs" and report a bug
[    0.637014] PCI: Using E820 reservations for host bridge windows
[    0.638385] ACPI: Enabled 2 GPEs in block 00 to 0F
[    0.654254] ACPI: PCI Root Bridge [PCI0] (domain 0000 [bus 00-ff])
[    0.656020] acpi PNP0A03:00: _OSC: OS supports [ExtendedConfig ASPM ClockPM Segments MSI HPX-Type3]
[    0.658025] acpi PNP0A03:00: _OSC: OS requested [PME PCIeCapability LTR]
[    0.659015] acpi PNP0A03:00: _OSC: platform willing to grant [PME PCIeCapability LTR]
[    0.661062] acpi PNP0A03:00: _OSC: platform retains control of PCIe features (AE_ERROR)
[    0.662761] PCI host bridge to bus 0000:00
[    0.664024] pci_bus 0000:00: root bus resource [io  0x0000-0x0cf7 window]
[    0.666013] pci_bus 0000:00: root bus resource [io  0x0d00-0xffff window]
[    0.667015] pci_bus 0000:00: root bus resource [mem 0x000a0000-0x000bffff window]
[    0.669014] pci_bus 0000:00: root bus resource [mem 0xc0000000-0xfebfffff window]
[    0.670015] pci_bus 0000:00: root bus resource [mem 0x380000000000-0x38007fffffff window]
[    0.672016] pci_bus 0000:00: root bus resource [bus 00-ff]
[    0.673444] pci 0000:00:00.0: [8086:1237] type 00 class 0x060000 conventional PCI endpoint
[    0.676566] pci 0000:00:01.0: [8086:7000] type 00 class 0x060100 conventional PCI endpoint
[    0.680384] pci 0000:00:01.1: [8086:7010] type 00 class 0x010180 conventional PCI endpoint
[    0.682980] pci 0000:00:01.1: BAR 4 [io  0xc1c0-0xc1cf]
[    0.684091] pci 0000:00:01.1: BAR 0 [io  0x01f0-0x01f7]: legacy IDE quirk
[    0.685015] pci 0000:00:01.1: BAR 1 [io  0x03f6]: legacy IDE quirk
[    0.687015] pci 0000:00:01.1: BAR 2 [io  0x0170-0x0177]: legacy IDE quirk
[    0.688014] pci 0000:00:01.1: BAR 3 [io  0x0376]: legacy IDE quirk
[    0.689688] pci 0000:00:01.3: [8086:7113] type 00 class 0x068000 conventional PCI endpoint
[    0.692721] pci 0000:00:01.3: quirk: [io  0x0600-0x063f] claimed by PIIX4 ACPI
[    0.694032] pci 0000:00:01.3: quirk: [io  0x0700-0x070f] claimed by PIIX4 SMB
[    0.696014] pci 0000:00:02.0: [1af4:1009] type 00 class 0x000200 conventional PCI endpoint
[    0.700028] pci 0000:00:02.0: BAR 0 [io  0xc000-0xc03f]
[    0.701031] pci 0000:00:02.0: BAR 1 [mem 0xfebf8000-0xfebf8fff]
[    0.703078] pci 0000:00:02.0: BAR 4 [mem 0x380000000000-0x380000003fff 64bit pref]
[    0.707051] pci 0000:00:03.0: [8086:25ab] type 00 class 0x088000 conventional PCI endpoint
[    0.710032] pci 0000:00:03.0: BAR 0 [mem 0xfebf9000-0xfebf900f]
[    0.713556] pci 0000:00:04.0: [1af4:1003] type 00 class 0x078000 conventional PCI endpoint
[    0.717967] pci 0000:00:04.0: BAR 0 [io  0xc040-0xc07f]
[    0.719032] pci 0000:00:04.0: BAR 1 [mem 0xfebfa000-0xfebfafff]
[    0.720075] pci 0000:00:04.0: BAR 4 [mem 0x380000004000-0x380000007fff 64bit pref]
[    0.724004] pci 0000:00:05.0: [1af4:1003] type 00 class 0x078000 conventional PCI endpoint
[    0.728032] pci 0000:00:05.0: BAR 0 [io  0xc080-0xc0bf]
[    0.729031] pci 0000:00:05.0: BAR 1 [mem 0xfebfb000-0xfebfbfff]
[    0.730075] pci 0000:00:05.0: BAR 4 [mem 0x380000008000-0x38000000bfff 64bit pref]
[    0.735346] pci 0000:00:06.0: [1af4:1003] type 00 class 0x078000 conventional PCI endpoint
[    0.737961] pci 0000:00:06.0: BAR 0 [io  0xc0c0-0xc0ff]
[    0.739032] pci 0000:00:06.0: BAR 1 [mem 0xfebfc000-0xfebfcfff]
[    0.740075] pci 0000:00:06.0: BAR 4 [mem 0x38000000c000-0x38000000ffff 64bit pref]
[    0.745298] pci 0000:00:07.0: [1af4:1003] type 00 class 0x078000 conventional PCI endpoint
[    0.748032] pci 0000:00:07.0: BAR 0 [io  0xc100-0xc13f]
[    0.749029] pci 0000:00:07.0: BAR 1 [mem 0xfebfd000-0xfebfdfff]
[    0.750074] pci 0000:00:07.0: BAR 4 [mem 0x380000010000-0x380000013fff 64bit pref]
[    0.755298] pci 0000:00:08.0: [1af4:1003] type 00 class 0x078000 conventional PCI endpoint
[    0.758031] pci 0000:00:08.0: BAR 0 [io  0xc140-0xc17f]
[    0.759029] pci 0000:00:08.0: BAR 1 [mem 0xfebfe000-0xfebfefff]
[    0.760075] pci 0000:00:08.0: BAR 4 [mem 0x380000014000-0x380000017fff 64bit pref]
[    0.765209] pci 0000:00:09.0: [1af4:1003] type 00 class 0x078000 conventional PCI endpoint
[    0.767990] pci 0000:00:09.0: BAR 0 [io  0xc180-0xc1bf]
[    0.769030] pci 0000:00:09.0: BAR 1 [mem 0xfebff000-0xfebfffff]
[    0.770075] pci 0000:00:09.0: BAR 4 [mem 0x380000018000-0x38000001bfff 64bit pref]
[    0.780773] ACPI: PCI: Interrupt link LNKA configured for IRQ 10
[    0.782275] ACPI: PCI: Interrupt link LNKB configured for IRQ 10
[    0.783270] ACPI: PCI: Interrupt link LNKC configured for IRQ 11
[    0.785280] ACPI: PCI: Interrupt link LNKD configured for IRQ 11
[    0.786157] ACPI: PCI: Interrupt link LNKS configured for IRQ 9
[    0.790069] iommu: Default domain type: Translated
[    0.791014] iommu: DMA domain TLB invalidation policy: lazy mode
[    0.793401] SCSI subsystem initialized
[    0.795094] libata version 3.00 loaded.
[    0.795140] ACPI: bus type USB registered
[    0.796196] usbcore: registered new interface driver usbfs
[    0.798090] usbcore: registered new interface driver hub
[    0.799051] usbcore: registered new device driver usb
[    0.800140] pps_core: LinuxPPS API ver. 1 registered
[    0.801014] pps_core: Software ver. 5.3.6 - Copyright 2005-2007 Rodolfo Giometti <giometti@linux.it>
[    0.803027] PTP clock support registered
[    0.804530] Advanced Linux Sound Architecture Driver Initialized.
[    0.807306] NetLabel: Initializing
[    0.808014] NetLabel:  domain hash size = 128
[    0.808975] NetLabel:  protocols = UNLABELED CIPSOv4 CALIPSO
[    0.810062] NetLabel:  unlabeled traffic allowed by default
[    0.812390] PCI: Using ACPI for IRQ routing
[    0.813016] PCI: pci_cache_line_size set to 64 bytes
[    0.814376] e820: register RAM buffer resource [mem 0x0009fc00-0x0009ffff]
[    0.816016] e820: register RAM buffer resource [mem 0xbffe0000-0xbfffffff]
[    0.817127] vgaarb: loaded
[    0.817799] hpet0: at MMIO 0xfed00000, IRQs 2, 8, 0
[    0.819015] hpet0: 3 comparators, 64-bit 100.000000 MHz counter
[    0.823384] clocksource: Switched to clocksource kvm-clock
[    0.825663] VFS: Disk quotas dquot_6.6.0
[    0.826622] VFS: Dquot-cache hash table entries: 512 (4096 bytes)
[    0.828922] pnp: PnP ACPI init
[    0.830077] pnp 00:02: [dma 2]
[    0.831623] pnp: PnP ACPI: found 4 devices
[    0.849700] clocksource: acpi_pm: mask: 0xffffff max_cycles: 0xffffff, max_idle_ns: 2085701024 ns
[    0.851909] NET: Registered PF_INET protocol family
[    0.854175] IP idents hash table entries: 65536 (order: 7, 524288 bytes, linear)
[    0.858241] tcp_listen_portaddr_hash hash table entries: 2048 (order: 6, 147456 bytes, linear)
[    0.860511] Table-perturb hash table entries: 65536 (order: 6, 262144 bytes, linear)
[    0.862190] TCP established hash table entries: 32768 (order: 6, 262144 bytes, linear)
[    0.864539] TCP bind hash table entries: 32768 (order: 11, 4718592 bytes, vmalloc hugepage)
[    0.867623] Callback from call_rcu_tasks() invoked.
[    0.877111] TCP: Hash tables configured (established 32768 bind 32768)
[    0.880121] MPTCP token hash table entries: 4096 (order: 7, 360448 bytes, linear)
[    0.881858] UDP hash table entries: 2048 (order: 7, 524288 bytes, linear)
[    0.884765] NET: Registered PF_UNIX/PF_LOCAL protocol family
[    0.886859] RPC: Registered named UNIX socket transport module.
[    0.888210] RPC: Registered udp transport module.
[    0.889273] RPC: Registered tcp transport module.
[    0.890320] RPC: Registered tcp-with-tls transport module.
[    0.891538] RPC: Registered tcp NFSv4.1 backchannel transport module.
[    0.893805] NET: Registered PF_XDP protocol family
[    0.894861] pci_bus 0000:00: resource 4 [io  0x0000-0x0cf7 window]
[    0.896218] pci_bus 0000:00: resource 5 [io  0x0d00-0xffff window]
[    0.897542] pci_bus 0000:00: resource 6 [mem 0x000a0000-0x000bffff window]
[    0.898982] pci_bus 0000:00: resource 7 [mem 0xc0000000-0xfebfffff window]
[    0.900471] pci_bus 0000:00: resource 8 [mem 0x380000000000-0x38007fffffff window]
[    0.902209] pci 0000:00:01.0: PIIX3: Enabling Passive Release
[    0.903441] pci 0000:00:00.0: Limiting direct PCI/PCI transfers
[    0.904881] PCI: CLS 0 bytes, default 64
[    0.905925] PCI-DMA: Using software bounce buffering for IO (SWIOTLB)
[    0.907340] software IO TLB: mapped [mem 0x00000000bbfe0000-0x00000000bffe0000] (64MB)
[    0.910566] clocksource: tsc: mask: 0xffffffffffffffff max_cycles: 0x31026ae6579, max_idle_ns: 440795296168 ns
[    0.921438] Initialise system trusted keyrings
[    0.922732] workingset: timestamp_bits=40 (anon: 35) max_order=20 bucket_order=0 (anon: 0)
[    0.925963] squashfs: version 4.0 (2009/01/31) Phillip Lougher
[    0.927977] NFS: Registering the id_resolver key type
[    0.929130] Key type id_resolver registered
[    0.930120] Key type id_legacy registered
[    0.930992] nfs4filelayout_init: NFSv4 File Layout Driver Registering...
[    0.932508] nfs4flexfilelayout_init: NFSv4 Flexfile Layout Driver Registering...
[    0.934306] fuse: init (API version 7.45)
[    0.935563] 9p: Installing v9fs 9p2000 file system support
[    0.938616] NET: Registered PF_ALG protocol family
[    0.939727] Key type asymmetric registered
[    0.940620] Asymmetric key parser 'x509' registered
[    0.941741] Block layer SCSI generic (bsg) driver version 0.4 loaded (major 248)
[    0.943872] io scheduler mq-deadline registered
[    0.944879] io scheduler kyber registered
[    0.947116] input: Power Button as /devices/platform/LNXPWRBN:00/input/input0
[    0.949016] ACPI: button: Power Button [PWRF]
[    1.076312] ACPI: \_SB_.LNKB: Enabled at IRQ 10
[    1.201650] ACPI: \_SB_.LNKD: Enabled at IRQ 11
[    1.325242] ACPI: \_SB_.LNKA: Enabled at IRQ 10
[    1.420089] kwatchdog (98) used greatest stack depth: 14776 bytes left
[    1.573079] ACPI: \_SB_.LNKC: Enabled at IRQ 11
[    1.822625] Serial: 8250/16550 driver, 4 ports, IRQ sharing enabled
[    1.825371] 00:03: ttyS0 at I/O 0x3f8 (irq = 4, base_baud = 115200) is a 16550A
[    1.976232] Non-volatile memory driver v1.3
[    1.978268] ACPI: bus type drm_connector registered
[    2.000062] brd: module loaded
[    2.013746] loop: module loaded
[    2.018849] scsi host0: ata_piix
[    2.020514] scsi host1: ata_piix
[    2.021537] ata1: PATA max MWDMA2 cmd 0x1f0 ctl 0x3f6 bmdma 0xc1c0 irq 14 lpm-pol 0
[    2.023179] ata2: PATA max MWDMA2 cmd 0x170 ctl 0x376 bmdma 0xc1c8 irq 15 lpm-pol 0
[    2.028956] tun: Universal TUN/TAP device driver, 1.6
[    2.030561] e100: Intel(R) PRO/100 Network Driver
[    2.031654] e100: Copyright(c) 1999-2006 Intel Corporation
[    2.032968] e1000: Intel(R) PRO/1000 Network Driver
[    2.034050] e1000: Copyright (c) 1999-2006 Intel Corporation.
[    2.035477] e1000e: Intel(R) PRO/1000 Network Driver
[    2.036589] e1000e: Copyright(c) 1999 - 2015 Intel Corporation.
[    2.037965] sky2: driver version 1.30
[    2.040003] usbcore: registered new interface driver usblp
[    2.041329] usbcore: registered new interface driver usb-storage
[    2.042769] i8042: PNP: PS/2 Controller [PNP0303:KBD,PNP0f13:MOU] at 0x60,0x64 irq 1,12
[    2.045969] serio: i8042 KBD port at 0x60,0x64 irq 1
[    2.047579] serio: i8042 AUX port at 0x60,0x64 irq 12
[    2.049619] rtc_cmos PNP0B00:00: RTC can wake from S4
[    2.053334] input: AT Translated Set 2 keyboard as /devices/platform/i8042/serio0/input/input1
[    2.054881] rtc_cmos PNP0B00:00: registered as rtc0
[    2.056772] rtc_cmos PNP0B00:00: alarms up to one day, y3k, 242 bytes nvram, hpet irqs
[    2.058874] Registered IR keymap rc-empty
[    2.060206] rc rc0: rc-core loopback device as /devices/virtual/rc/rc0
[    2.062467] rc rc0: lirc_dev: driver rc-loopback registered at minor = 0, raw IR receiver, raw IR transmitter
[    2.066115] input: rc-core loopback device as /devices/virtual/rc/rc0/input2
[    2.068939] intel_powerclamp: CPU does not support MWAIT
[    2.070176] device-mapper: core: CONFIG_IMA_DISABLE_HTABLE is disabled. Duplicate IMA measurements will not be recorded in the IMA log.
[    2.073253] device-mapper: ioctl: 4.50.0-ioctl (2025-04-28) initialised: dm-devel@lists.linux.dev
[    2.075250] amd_pstate: the _CPC object is not present in SBIOS or ACPI disabled
[    2.077865] hid: raw HID events driver (C) Jiri Kosina
[    2.080727] usbcore: registered new interface driver usbhid
[    2.081985] usbhid: USB HID core driver
[    2.084227] GACT probability NOT on
[    2.085062] Mirror/redirect action on
[    2.087294] nf_conntrack_irc: The irc conntrack helper is scheduled for removal.
[    2.087294] Please contact the netfilter-devel mailing list if you still need this.
[    2.092293] ipip: IPv4 and MPLS over IPv4 tunneling driver
[    2.094348] gre: GRE over IPv4 demultiplexer driver
[    2.095515] ip_gre: GRE over IPv4 tunneling driver
[    2.099113] Initializing XFRM netlink socket
[    2.100142] IPsec XFRM device driver
[    2.101086] NET: Registered PF_INET6 protocol family
[    2.104251] Segment Routing with IPv6
[    2.105118] In-situ OAM (IOAM) with IPv6
[    2.106008] mip6: Mobile IPv6
[    2.106692] sit: IPv6, IPv4 and MPLS over IPv4 tunneling driver
[    2.109700] ip6_gre: GRE over IPv6 tunneling driver
[    2.111715] NET: Registered PF_PACKET protocol family
[    2.112915] RPC: Registered rdma transport module.
[    2.114009] RPC: Registered rdma backchannel transport module.
[    2.115652] 8021q: 802.1Q VLAN Support v1.8
[    2.117112] smc: adding smcd device lo without pnetid
[    2.118470] NET: Registered PF_SMC protocol family
[    2.120047] 9pnet: Installing 9P2000 support
[    2.122558] Key type dns_resolver registered
[    2.123821] NET: Registered PF_VSOCK protocol family
[    2.125048] mpls_gso: MPLS GSO support
[    2.129232] IPI shorthand broadcast: enabled
[    2.173144] sched_clock: Marking stable (2149014223, 23380694)->(2212516155, -40121238)
[    2.176828] registered taskstats version 1
[    2.180153] ata2: found unknown device (class 0)
[    2.182614] ata2.00: ATAPI: QEMU DVD-ROM, 2.5+, max UDMA/100
[    2.187221] scsi 1:0:0:0: CD-ROM            QEMU     QEMU DVD-ROM     2.5+ PQ: 0 ANSI: 5
[    2.194489] Loading compiled-in X.509 certificates
[    2.196343] kworker/u32:1 (119) used greatest stack depth: 14152 bytes left
[    2.197727] Loaded X.509 cert 'Build time autogenerated kernel key: c4531344b9a9c1a4731230d977a262ba29ba5272'
[    2.213653] sr 1:0:0:0: [sr0] scsi3-mmc drive: 4x/4x cd/rw xa/form2 tray
[    2.235215] cdrom: Uniform CD-ROM driver Revision: 3.20
[    2.238611] Demotion targets for Node 0: null
[    2.240223] ima: No TPM chip found, activating TPM-bypass!
[    2.241491] ima: Allocated hash algorithm: sha1
[    2.242801] ima: No architecture policies found
[    2.245246] PM:   Magic number: 6:919:983
[    2.246304] netconsole: network logging started
[    2.246878] sr 1:0:0:0: Attached scsi CD-ROM sr0
[    2.248246] cfg80211: Loading compiled-in X.509 certificates for regulatory database
[    2.250095] sr 1:0:0:0: Attached scsi generic sg0 type 5
[    2.252141] Loaded X.509 cert 'sforshee: 00b28ddf47aef9cea7'
[    2.253704] Loaded X.509 cert 'wens: 61c038651aabdcf94bd0ac7ff06c7248db18c600'
[    2.255684] faux_driver regulatory: Direct firmware load for regulatory.db failed with error -2
[    2.257612] cfg80211: failed to load regulatory.db
[    2.258776] ALSA device list:
[    2.259542]   No soundcards found.
[    2.477754] input: ImExPS/2 Generic Explorer Mouse as /devices/platform/i8042/serio1/input/input4
[    2.479693] md: Skipping autodetection of RAID arrays. (raid=autodetect will force)
[    2.480929] 9p: Bad value for 'source'
[    2.481567] 9pnet: Limiting 'msize' to 512000 as this is the maximum supported by transport virtio
[    2.485176] VFS: Mounted root (9p filesystem) on device 0:22.
[    2.486944] devtmpfs: mounted
[    2.487639] VFS: Pivoted into new rootfs
[    2.492751] Freeing unused kernel image (initmem) memory: 4668K
[    2.493653] Write protecting the kernel read-only data: 45056k
[    2.495687] Freeing unused kernel image (text/rodata gap) memory: 984K
[    2.497045] Freeing unused kernel image (rodata/data gap) memory: 400K
[    2.534111] x86/mm: Checked W+X mappings: passed, no W+X pages found.
[    2.535003] Run /home/prozak/.local/share/vng-venv/lib/python3.12/site-packages/virtme/guest/bin/virtme-ng-init as init process
[    2.536565]   with arguments:
[    2.536982]     /home/prozak/.local/share/vng-venv/lib/python3.12/site-packages/virtme/guest/bin/virtme-ng-init
[    2.538336]   with environment:
[    2.538794]     HOME=/
[    2.539142]     TERM=linux
[    2.539624]     virtme_hostname=virtme-ng
[    2.540183]     nr_open=1048576
[    2.540653]     virtme_link_mods=/home/prozak/sources/heimdall_experiment/uml-harness/.build/bpf-next-x86/.virtme_mods/lib/modules/0.0.0
[    2.542263]     virtme_rw_overlay0=/tmp
[    2.542826]     virtme_console=ttyS0
[    2.543343]     virtme_chdir=home/prozak/sources/heimdall_experiment/uml-harness/.build/selftests-output-qemu
[    2.635240] virtme-ng-init: mount devtmpfs -> /dev: EBUSY: Device or resource busy
[    2.637153] virtme-ng-init: Setting hostname to virtme-ng...
[    2.675922] virtme-ng-init: running systemd-tmpfiles
[    3.793696] systemd-tmpfile (127) used greatest stack depth: 12504 bytes left
[    3.793802] virtme-ng-init: basic initialization done
[    3.811317] virtme-ng-init: error creating file: Permission denied (os error 13)
[    3.892468] ip (133) used greatest stack depth: 11848 bytes left
[    4.017837] virtme-ng-init: Starting systemd-udevd version 255.4-1ubuntu8.16
[    4.019799] virtme-ng-init: triggering udev coldplug
[    7.130078] virtme-ng-init: waiting for udev to settle
[    7.904227] virtme-ng-init: udev is done
[    7.908870] virtme-ng-init: starting script
[    8.188500] module bpf_testmod: .gnu.linkonce.this_module section size must match the kernel's built struct module size at run time
[    9.095655] test_progs (199) used greatest stack depth: 9896 bytes left
[    9.102031] smc: removing smcd device lo
[    9.169963] ACPI: PM: Preparing to enter system sleep state S5
[    9.171110] reboot: Power down
