#480/1   tailcalls/tailcall_1:OK
#480/2   tailcalls/tailcall_2:OK
#480/3   tailcalls/tailcall_3:OK
#480/4   tailcalls/tailcall_4:OK
#480/5   tailcalls/tailcall_5:OK
#480/6   tailcalls/tailcall_6:OK
#480/7   tailcalls/tailcall_bpf2bpf_1:OK
#480/8   tailcalls/tailcall_bpf2bpf_2:OK
#480/9   tailcalls/tailcall_bpf2bpf_3:OK
#480/10  tailcalls/tailcall_bpf2bpf_4:OK
#480/11  tailcalls/tailcall_bpf2bpf_5:OK
#480/12  tailcalls/tailcall_bpf2bpf_6:OK
#480/13  tailcalls/tailcall_bpf2bpf_fentry:OK
#480/14  tailcalls/tailcall_bpf2bpf_fexit:OK
#480/15  tailcalls/tailcall_bpf2bpf_fentry_fexit:OK
#480/16  tailcalls/tailcall_bpf2bpf_fentry_entry:OK
#480/17  tailcalls/tailcall_poke:OK
#480/18  tailcalls/tailcall_bpf2bpf_hierarchy_1:OK
#480/19  tailcalls/tailcall_bpf2bpf_hierarchy_fentry:OK
#480/20  tailcalls/tailcall_bpf2bpf_hierarchy_fexit:OK
#480/21  tailcalls/tailcall_bpf2bpf_hierarchy_fentry_fexit:OK
#480/22  tailcalls/tailcall_bpf2bpf_hierarchy_fentry_entry:OK
#480/23  tailcalls/tailcall_bpf2bpf_hierarchy_2:OK
#480/24  tailcalls/tailcall_bpf2bpf_hierarchy_3:OK
#480/25  tailcalls/tailcall_freplace:OK
#480/26  tailcalls/tailcall_bpf2bpf_freplace:OK
#480/27  tailcalls/tailcall_failure:OK
#480/28  tailcalls/reject_tail_call_spin_lock:OK
#480/29  tailcalls/reject_tail_call_rcu_lock:OK
#480/30  tailcalls/reject_tail_call_preempt_lock:OK
#480/31  tailcalls/reject_tail_call_ref:OK
#480/32  tailcalls/tailcall_sleepable:OK
#480/33  tailcalls/tailcall_cgrp_storage:OK
#480/34  tailcalls/tailcall_cgrp_storage_diff_storage:OK
#480/35  tailcalls/tailcall_cgrp_storage_no_storage:OK
#480/36  tailcalls/tailcall_cgrp_storage_no_storage_leaf:OK
#480/37  tailcalls/tailcall_cgrp_storage_no_storage_bridge:OK
#480     tailcalls:OK
Summary: 1/37 PASSED, 0 SKIPPED, 0 FAILED
0000009fc00-0x000000000009ffff]  device reserved
[    0.000000] BIOS-e820: [gap 0x00000000000a0000-0x00000000000effff]
[    0.000000] BIOS-e820: [mem 0x00000000000f0000-0x00000000000fffff]  device reserved
[    0.000000] BIOS-e820: [mem 0x0000000000100000-0x00000000bffdffff]  System RAM
[    0.000000] BIOS-e820: [mem 0x00000000bffe0000-0x00000000bfffffff]  device reserved
[    0.000000] BIOS-e820: [gap 0x00000000c0000000-0x00000000feffbfff]
[    0.000000] BIOS-e820: [mem 0x00000000feffc000-0x00000000feffffff]  device reserved
[    0.000000] BIOS-e820: [gap 0x00000000ff000000-0x00000000fffbffff]
[    0.000000] BIOS-e820: [mem 0x00000000fffc0000-0x00000000ffffffff]  device reserved
[    0.000000] BIOS-e820: [mem 0x0000000100000000-0x000000013fffffff]  System RAM
[    0.000000] BIOS-e820: [gap 0x0000000140000000-0x000000fcffffffff]
[    0.000000] BIOS-e820: [mem 0x000000fd00000000-0x000000ffffffffff]  device reserved
[    0.000000] printk: legacy bootconsole [earlyser0] enabled
[    0.000000] NX (Execute Disable) protection: active
[    0.000000] APIC: Static calls initialized
[    0.000000] DMI: SMBIOS 3.0.0 present.
[    0.000000] DMI: QEMU Ubuntu 24.04 PC v2 (i440FX + PIIX, arch_caps fix, 1996), BIOS 1.16.3-debian-1.16.3-2 04/01/2014
[    0.000000] DMI: Memory slots populated: 1/1
[    0.000000] Hypervisor detected: KVM
[    0.000000] last_pfn = 0xbffe0 max_arch_pfn = 0x400000000
[    0.000000] kvm-clock: Using msrs 4b564d01 and 4b564d00
[    0.000001] kvm-clock: using sched offset of 437990628 cycles
[    0.000918] clocksource: kvm-clock: mask: 0xffffffffffffffff max_cycles: 0x1cd42e4dffb, max_idle_ns: 881590591483 ns
[    0.003761] tsc: Detected 3400.038 MHz processor
[    0.004920] e820: update [mem 0x00000000-0x00000fff] System RAM ==> device reserved
[    0.006239] e820: remove [mem 0x000a0000-0x000fffff] System RAM
[    0.007292] last_pfn = 0x140000 max_arch_pfn = 0x400000000
[    0.008379] MTRR map: 4 entries (3 fixed + 1 variable; max 19), built from 8 variable MTRRs
[    0.009840] x86/PAT: Configuration [0-7]: WB  WC  UC- UC  WB  WP  UC- WT  
Memory KASLR using RDRAND RDTSC...
[    0.011745] last_pfn = 0xbffe0 max_arch_pfn = 0x400000000
[    0.013888] found SMP MP-table at [mem 0x000f5450-0x000f545f]
[    0.014973] Using GB pages for direct mapping
[    0.015899] ACPI: Early table checksum verification disabled
[    0.016903] ACPI: RSDP 0x00000000000F5240 000014 (v00 BOCHS )
[    0.017904] ACPI: RSDT 0x00000000BFFE1F16 000034 (v01 BOCHS  BXPC     00000001 BXPC 00000001)
[    0.019392] ACPI: FACP 0x00000000BFFE1D92 000074 (v01 BOCHS  BXPC     00000001 BXPC 00000001)
[    0.020919] ACPI: DSDT 0x00000000BFFE0040 001D52 (v01 BOCHS  BXPC     00000001 BXPC 00000001)
[    0.022407] ACPI: FACS 0x00000000BFFE0000 000040
[    0.023203] ACPI: APIC 0x00000000BFFE1E06 0000B0 (v03 BOCHS  BXPC     00000001 BXPC 00000001)
[    0.024714] ACPI: HPET 0x00000000BFFE1EB6 000038 (v01 BOCHS  BXPC     00000001 BXPC 00000001)
[    0.026182] ACPI: WAET 0x00000000BFFE1EEE 000028 (v01 BOCHS  BXPC     00000001 BXPC 00000001)
[    0.027680] ACPI: Reserving FACP table memory at [mem 0xbffe1d92-0xbffe1e05]
[    0.028952] ACPI: Reserving DSDT table memory at [mem 0xbffe0040-0xbffe1d91]
[    0.030192] ACPI: Reserving FACS table memory at [mem 0xbffe0000-0xbffe003f]
[    0.031427] ACPI: Reserving APIC table memory at [mem 0xbffe1e06-0xbffe1eb5]
[    0.032698] ACPI: Reserving HPET table memory at [mem 0xbffe1eb6-0xbffe1eed]
[    0.033932] ACPI: Reserving WAET table memory at [mem 0xbffe1eee-0xbffe1f15]
[    0.035601] No NUMA configuration found
[    0.036263] Faking a node at [mem 0x0000000000000000-0x000000013fffffff]
[    0.037455] NODE_DATA(0) allocated [mem 0x13fffbc80-0x13fffffff]
[    0.039308] ACPI: PM-Timer IO Port: 0x608
[    0.040025] ACPI: LAPIC_NMI (acpi_id[0xff] dfl dfl lint[0x1])
[    0.041081] IOAPIC[0]: apic_id 0, version 17, address 0xfec00000, GSI 0-23
[    0.042283] ACPI: INT_SRC_OVR (bus 0 bus_irq 0 global_irq 2 dfl dfl)
[    0.043396] ACPI: INT_SRC_OVR (bus 0 bus_irq 5 global_irq 5 high level)
[    0.044562] ACPI: INT_SRC_OVR (bus 0 bus_irq 9 global_irq 9 high level)
[    0.045698] ACPI: INT_SRC_OVR (bus 0 bus_irq 10 global_irq 10 high level)
[    0.046925] ACPI: INT_SRC_OVR (bus 0 bus_irq 11 global_irq 11 high level)
[    0.048106] ACPI: Using ACPI (MADT) for SMP configuration information
[    0.049231] ACPI: HPET id: 0x8086a201 base: 0xfed00000
[    0.050112] TSC deadline timer available
[    0.050820] CPU topo: Max. logical packages:   1
[    0.051623] CPU topo: Max. logical nodes:      1
[    0.052434] CPU topo: Num. nodes per package:  1
[    0.053228] CPU topo: Max. logical dies:       1
[    0.054020] CPU topo: Max. dies per package:   1
[    0.054848] CPU topo: Max. threads per core:   1
[    0.055652] CPU topo: Num. cores per package:     8
[    0.056508] CPU topo: Num. threads per package:   8
[    0.057344] CPU topo: Allowing 8 present CPUs plus 0 hotplug CPUs
[    0.058419] kvm-guest: APIC: eoi() replaced with kvm_guest_apic_eoi_write()
[    0.059691] kvm-guest: KVM setup pv remote TLB flush
[    0.060572] kvm-guest: setup PV sched yield
[    0.061296] PM: hibernation: Registered nosave memory: [mem 0x00000000-0x00000fff]
[    0.062640] PM: hibernation: Registered nosave memory: [mem 0x0009f000-0x000fffff]
[    0.063968] PM: hibernation: Registered nosave memory: [mem 0xbffe0000-0xffffffff]
[    0.065288] [gap 0xc0000000-0xfeffbfff] available for PCI devices
[    0.066335] Booting paravirtualized kernel on KVM
[    0.067161] clocksource: refined-jiffies: mask: 0xffffffff max_cycles: 0xffffffff, max_idle_ns: 1910969940391419 ns
[    0.073541] Zone ranges:
[    0.073990]   DMA      [mem 0x0000000000001000-0x0000000000ffffff]
[    0.075083]   DMA32    [mem 0x0000000001000000-0x00000000ffffffff]
[    0.076168]   Normal   [mem 0x0000000100000000-0x000000013fffffff]
[    0.077255] Movable zone start for each node
[    0.077995] Early memory node ranges
[    0.078675]   node   0: [mem 0x0000000000001000-0x000000000009efff]
[    0.079776]   node   0: [mem 0x0000000000100000-0x00000000bffdffff]
[    0.080911]   node   0: [mem 0x0000000100000000-0x000000013fffffff]
[    0.081990] Initmem setup node 0 [mem 0x0000000000001000-0x000000013fffffff]
[    0.083267] On node 0, zone DMA: 1 pages in unavailable ranges
[    0.084821] On node 0, zone DMA: 97 pages in unavailable ranges
[    0.186542] On node 0, zone Normal: 32 pages in unavailable ranges
[    0.187703] setup_percpu: NR_CPUS:128 nr_cpumask_bits:8 nr_cpu_ids:8 nr_node_ids:1
[    0.192143] percpu: Embedded 58 pages/cpu s199696 r8192 d29680 u262144
[    0.193328] pcpu-alloc: s199696 r8192 d29680 u262144 alloc=1*2097152
[    0.194437] pcpu-alloc: [0] 0 1 2 3 4 5 6 7 
[    0.195327] Kernel command line: virtme_hostname=virtme-ng nr_open=1048576 virtme_link_mods=/home/prozak/sources/heimdall_experiment/uml-harness/.build/bpf-next-x86/.virtme_mods/lib/modules/0.0.0 virtme_rw_overlay0=/tmp virtme_console=ttyS0 console=ttyS0 earlyprintk=serial,ttyS0,115200 panic=-1 virtme.exec=`bW91bnQgLXQgYnBmIGJwZmZzIC9zeXMvZnMvYnBmIDI+L2Rldi9udWxsOyAuL3Rlc3RfcHJvZ3MgLXQgJ3RhaWxjYWxscyc=` virtme_chdir=home/prozak/sources/heimdall_experiment/uml-harness/.build/selftests-output-qemu rootfstype=9p rootflags=version=9p2000.L,trans=virtio,access=any,msize=524288 raid=noautodetect rw debug init=/home/prozak/.local/share/vng-venv/lib/python3.12/site-packages/virtme/guest/bin/virtme-ng-init
[    0.212779] Unknown kernel command line parameters "virtme_hostname=virtme-ng nr_open=1048576 virtme_link_mods=/home/prozak/sources/heimdall_experiment/uml-harness/.build/bpf-next-x86/.virtme_mods/lib/modules/0.0.0 virtme_rw_overlay0=/tmp virtme_console=ttyS0 virtme_chdir=home/prozak/sources/heimdall_experiment/uml-harness/.build/selftests-output-qemu", will be passed to user space.
[    0.218770] random: crng init done
[    0.219370] printk: log buffer data + meta data: 2097152 + 7340032 = 9437184 bytes
[    0.227095] Dentry cache hash table entries: 524288 (order: 10, 4194304 bytes, linear)
[    0.231631] Inode-cache hash table entries: 262144 (order: 9, 2097152 bytes, linear)
[    0.233287] software IO TLB: area num 8.
[    0.350111] Fallback order for Node 0: 0 
[    0.350208] Built 1 zonelists, mobility grouping on.  Total pages: 1048446
[    0.352167] Policy zone: Normal
[    0.352714] mem auto-init: stack:all(zero), heap alloc:off, heap free:off
[    0.359481] SLUB: HWalign=64, Order=0-3, MinObjects=0, CPUs=8, Nodes=1
Poking KASLR using RDRAND RDTSC...
[    0.375089] ftrace: allocating 69757 entries in 274 pages
[    0.376092] ftrace: allocated 274 pages with 3 groups
[    0.377380] Dynamic Preempt: full
[    0.378299] Running RCU self tests
[    0.378916] Running RCU synchronous self tests
[    0.379699] rcu: Preemptible hierarchical RCU implementation.
[    0.380745] rcu: 	RCU event tracing is enabled.
[    0.381531] rcu: 	RCU lockdep checking is enabled.
[    0.382381] rcu: 	RCU restricting CPUs from NR_CPUS=128 to nr_cpu_ids=8.
[    0.383579] 	Trampoline variant of Tasks RCU enabled.
[    0.384503] 	Rude variant of Tasks RCU enabled.
[    0.385302] 	Tracing variant of Tasks RCU enabled.
[    0.386132] rcu: RCU calculated value of scheduler-enlistment delay is 100 jiffies.
[    0.387486] rcu: Adjusting geometry for rcu_fanout_leaf=16, nr_cpu_ids=8
[    0.388730] Running RCU synchronous self tests
[    0.389506] RCU Tasks: Setting shift to 3 and lim to 1 rcu_task_cb_adjust=1 rcu_task_cpu_ids=8.
[    0.391065] RCU Tasks Rude: Setting shift to 3 and lim to 1 rcu_task_cb_adjust=1 rcu_task_cpu_ids=8.
[    0.398061] NR_IRQS: 8448, nr_irqs: 488, preallocated irqs: 16
[    0.399460] rcu: srcu_init: Setting srcu_struct sizes based on contention.
[    0.400734] clocksource: jiffies: mask: 0xffffffff max_cycles: 0xffffffff, max_idle_ns: 1911260446275000 ns
[    0.402846] Console: colour *CGA 80x25
[    0.403583] printk: legacy console [ttyS0] enabled
[    0.403583] printk: legacy console [ttyS0] enabled
[    0.405297] printk: legacy bootconsole [earlyser0] disabled
[    0.405297] printk: legacy bootconsole [earlyser0] disabled
[    0.407312] Lock dependency validator: Copyright (c) 2006 Red Hat, Inc., Ingo Molnar
[    0.408732] ... MAX_LOCKDEP_SUBCLASSES:  8
[    0.409466] ... MAX_LOCK_DEPTH:          48
[    0.410232] ... MAX_LOCKDEP_KEYS:        8192
[    0.411032] ... CLASSHASH_SIZE:          4096
[    0.411837] ... MAX_LOCKDEP_ENTRIES:     32768
[    0.412695] ... MAX_LOCKDEP_CHAINS:      65536
[    0.413521] ... CHAINHASH_SIZE:          32768
[    0.414380]  memory used by lock dependency info: 6429 kB
[    0.415370]  memory used for stack traces: 4224 kB
[    0.416252]  per task-struct memory footprint: 1920 bytes
[    0.417335] ACPI: Core revision 20260408
[    0.418276] clocksource: hpet: mask: 0xffffffff max_cycles: 0xffffffff, max_idle_ns: 19112604467 ns
[    0.420179] APIC: Switch to symmetric I/O mode setup
[    0.421580] x2apic enabled
[    0.422669] APIC: Switched APIC routing to: physical x2apic
[    0.423763] kvm-guest: APIC: send_IPI_mask() replaced with kvm_send_ipi_mask()
[    0.425148] kvm-guest: APIC: send_IPI_mask_allbutself() replaced with kvm_send_ipi_mask_allbutself()
[    0.426872] kvm-guest: setup PV IPIs
[    0.429628] ..TIMER: vector=0x30 apic1=0 pin1=2 apic2=-1 pin2=-1
[    0.430782] clocksource: tsc-early: mask: 0xffffffffffffffff max_cycles: 0x31027285e94, max_idle_ns: 440795238296 ns
[    0.432774] Calibrating delay loop (skipped) preset value.. 6800.07 BogoMIPS (lpj=3400038)
[    0.435175] x86/cpu: User Mode Instruction Prevention (UMIP) activated
[    0.436962] Last level iTLB entries: 4KB 512, 2MB 255, 4MB 127
[    0.437771] Last level dTLB entries: 4KB 512, 2MB 255, 4MB 127, 1GB 0
[    0.438778] mitigations: Enabled attack vectors: user_kernel, user_user, SMT mitigations: auto
[    0.439772] Speculative Store Bypass: Mitigation: Speculative Store Bypass disabled via prctl
[    0.440771] Speculative Return Stack Overflow: IBPB-extending microcode not applied!
[    0.441771] Speculative Return Stack Overflow: WARNING: See https://kernel.org/doc/html/latest/admin-guide/hw-vuln/srso.html for mitigation options.
[    0.441773] Transient Scheduler Attacks: Vulnerable: No microcode
[    0.443771] Spectre V2 : Mitigation: Retpolines
[    0.444771] Speculative Return Stack Overflow: Vulnerable: Safe RET, no microcode
[    0.445771] Spectre V1 : Mitigation: usercopy/swapgs barriers and __user pointer sanitization
[    0.446771] Spectre V2 : Spectre v2 / SpectreRSB: Filling RSB on context switch and VMEXIT
[    0.447771] Spectre V2 : Enabling Restricted Speculation for firmware calls
[    0.448774] Spectre V2 : mitigation: Enabling conditional Indirect Branch Prediction Barrier
[    0.449772] active return thunk: srso_alias_return_thunk
[    0.450820] x86/fpu: Supporting XSAVE feature 0x001: 'x87 floating point registers'
[    0.451771] x86/fpu: Supporting XSAVE feature 0x002: 'SSE registers'
[    0.452771] x86/fpu: Supporting XSAVE feature 0x004: 'AVX registers'
[    0.453771] x86/fpu: xstate_offset[2]:  576, xstate_sizes[2]:  256
[    0.454771] x86/fpu: Enabled xstate features 0x7, context size is 832 bytes, using 'compacted' format.
[    0.490215] pid_max: default: 32768 minimum: 301
[    0.490979] SELinux:  Initializing.
[    0.493419] LSM support for eBPF active
[    0.494053] Mount-cache hash table entries: 8192 (order: 4, 65536 bytes, linear)
[    0.494893] Mountpoint-cache hash table entries: 8192 (order: 4, 65536 bytes, linear)
[    0.497059] VFS: Finished mounting rootfs on nullfs
[    0.499401] Running RCU synchronous self tests
[    0.499773] Running RCU synchronous self tests
[    0.501885] smpboot: CPU0: AMD Ryzen 9 5950X 16-Core Processor (family: 0x19, model: 0x21, stepping: 0x2)
[    0.504087] Performance Events: Fam17h+ core perfctr, AMD PMU driver.
[    0.504796] ... version:                   0
[    0.505708] ... bit width:                 48
[    0.505777] ... generic counters:          6
[    0.506779] ... generic bitmap:            000000000000003f
[    0.507779] ... fixed-purpose counters:    0
[    0.508663] ... fixed-purpose bitmap:      0000000000000000
[    0.508779] ... value mask:                0000ffffffffffff
[    0.509778] ... max period:                00007fffffffffff
[    0.510778] ... global_ctrl mask:          000000000000003f
[    0.512116] signal: max sigframe size: 1776
[    0.513807] rcu: Hierarchical SRCU implementation.
[    0.514777] rcu: 	Max phase no-delay instances is 400.
[    0.516074] Timer migration: 1 hierarchy levels; 8 children per group; 1 crossnode level
[    0.528855] smp: Bringing up secondary CPUs ...
[    0.533235] smpboot: x86: Booting SMP configuration:
[    0.533781] .... node  #0, CPUs:      #1 #2 #3 #4 #5 #6 #7
[    0.564136] smp: Brought up 1 node, 8 CPUs
[    0.565673] smpboot: Total of 8 processors activated (54400.60 BogoMIPS)
[    0.567525] Memory: 3963792K/4193784K available (25637K kernel code, 10348K rwdata, 18032K rodata, 4668K init, 13400K bss, 221936K reserved, 0K cma-reserved)
[    0.569777] devtmpfs: initialized
[    0.574069] Running RCU synchronous self tests
[    0.574834] Running RCU synchronous self tests
[    0.575910] Running RCU Tasks wait API self tests
[    0.576842] Running RCU Tasks Rude wait API self tests
[    0.577782] Running RCU Tasks Trace wait API self tests
[    0.578900] posixtimers hash table entries: 4096 (order: 7, 294912 bytes, linear)
[    0.580967] futex hash table entries: 2048 (262144 bytes on 1 NUMA nodes, total 256 KiB, linear).
[    0.582779] PM: RTC time: 23:03:33, date: 2026-08-02
[    0.583809] Callback from call_rcu_tasks_trace() invoked.
[    0.590891] NET: Registered PF_NETLINK/PF_ROUTE protocol family
[    0.592806] audit: initializing netlink subsys (disabled)
[    0.593891] audit: type=2000 audit(1785711813.059:1): state=initialized audit_enabled=0 res=1
[    0.618333] thermal_sys: Registered thermal governor 'step_wise'
[    0.618406] cpuidle: using governor ladder
[    0.619732] cpuidle: using governor menu
[    0.620999] Freeing SMP alternatives memory: 68K
[    0.622628] PCI: Using configuration type 1 for base access
[    0.622779] PCI: Using configuration type 1 for extended access
[    0.623944] kprobes: kprobe jump-optimization is enabled. All kprobes are optimized if possible.
[    0.626150] HugeTLB: registered 1.00 GiB page size, pre-allocated 0 pages
[    0.627780] HugeTLB: 16380 KiB vmemmap can be freed for a 1.00 GiB page
[    0.628779] HugeTLB: registered 2.00 MiB page size, pre-allocated 0 pages
[    0.630779] HugeTLB: 28 KiB vmemmap can be freed for a 2.00 MiB page
[    0.636909] ACPI: Added _OSI(Module Device)
[    0.637780] ACPI: Added _OSI(Processor Device)
[    0.638756] ACPI: Added _OSI(Processor Aggregator Device)
[    0.643343] ACPI: 1 ACPI AML tables successfully acquired and loaded
[    0.650812] ACPI: \_SB_: platform _OSC: OS support mask [002a7eee]
[    0.652569] ACPI: Interpreter enabled
[    0.653853] ACPI: PM: (supports S0 S3 S4 S5)
[    0.654791] ACPI: Using IOAPIC for interrupt routing
[    0.655830] PCI: Using host bridge windows from ACPI; if necessary, use "pci=nocrs" and report a bug
[    0.657781] PCI: Using E820 reservations for host bridge windows
[    0.659182] ACPI: Enabled 2 GPEs in block 00 to 0F
[    0.676764] ACPI: PCI Root Bridge [PCI0] (domain 0000 [bus 00-ff])
[    0.677786] acpi PNP0A03:00: _OSC: OS supports [ExtendedConfig ASPM ClockPM Segments MSI HPX-Type3]
[    0.679790] acpi PNP0A03:00: _OSC: OS requested [PME PCIeCapability LTR]
[    0.681826] acpi PNP0A03:00: _OSC: platform willing to grant [PME PCIeCapability LTR]
[    0.683780] acpi PNP0A03:00: _OSC: platform retains control of PCIe features (AE_ERROR)
[    0.685574] PCI host bridge to bus 0000:00
[    0.686789] pci_bus 0000:00: root bus resource [io  0x0000-0x0cf7 window]
[    0.688780] pci_bus 0000:00: root bus resource [io  0x0d00-0xffff window]
[    0.689780] pci_bus 0000:00: root bus resource [mem 0x000a0000-0x000bffff window]
[    0.691780] pci_bus 0000:00: root bus resource [mem 0xc0000000-0xfebfffff window]
[    0.692781] pci_bus 0000:00: root bus resource [mem 0x380000000000-0x38007fffffff window]
[    0.694781] pci_bus 0000:00: root bus resource [bus 00-ff]
[    0.696184] pci 0000:00:00.0: [8086:1237] type 00 class 0x060000 conventional PCI endpoint
[    0.700445] pci 0000:00:01.0: [8086:7000] type 00 class 0x060100 conventional PCI endpoint
[    0.703166] pci 0000:00:01.1: [8086:7010] type 00 class 0x010180 conventional PCI endpoint
[    0.706857] pci 0000:00:01.1: BAR 4 [io  0xc1c0-0xc1cf]
[    0.707853] pci 0000:00:01.1: BAR 0 [io  0x01f0-0x01f7]: legacy IDE quirk
[    0.708780] pci 0000:00:01.1: BAR 1 [io  0x03f6]: legacy IDE quirk
[    0.710780] pci 0000:00:01.1: BAR 2 [io  0x0170-0x0177]: legacy IDE quirk
[    0.711777] pci 0000:00:01.1: BAR 3 [io  0x0376]: legacy IDE quirk
[    0.714506] pci 0000:00:01.3: [8086:7113] type 00 class 0x068000 conventional PCI endpoint
[    0.716502] pci 0000:00:01.3: quirk: [io  0x0600-0x063f] claimed by PIIX4 ACPI
[    0.717797] pci 0000:00:01.3: quirk: [io  0x0700-0x070f] claimed by PIIX4 SMB
[    0.720882] pci 0000:00:02.0: [1af4:1009] type 00 class 0x000200 conventional PCI endpoint
[    0.724797] pci 0000:00:02.0: BAR 0 [io  0xc000-0xc03f]
[    0.725795] pci 0000:00:02.0: BAR 1 [mem 0xfebf8000-0xfebf8fff]
[    0.726841] pci 0000:00:02.0: BAR 4 [mem 0x380000000000-0x380000003fff 64bit pref]
[    0.731936] pci 0000:00:03.0: [8086:25ab] type 00 class 0x088000 conventional PCI endpoint
[    0.734796] pci 0000:00:03.0: BAR 0 [mem 0xfebf9000-0xfebf900f]
[    0.738423] pci 0000:00:04.0: [1af4:1003] type 00 class 0x078000 conventional PCI endpoint
[    0.741797] pci 0000:00:04.0: BAR 0 [io  0xc040-0xc07f]
[    0.742796] pci 0000:00:04.0: BAR 1 [mem 0xfebfa000-0xfebfafff]
[    0.744839] pci 0000:00:04.0: BAR 4 [mem 0x380000004000-0x380000007fff 64bit pref]
[    0.749106] pci 0000:00:05.0: [1af4:1003] type 00 class 0x078000 conventional PCI endpoint
[    0.752796] pci 0000:00:05.0: BAR 0 [io  0xc080-0xc0bf]
[    0.753797] pci 0000:00:05.0: BAR 1 [mem 0xfebfb000-0xfebfbfff]
[    0.755840] pci 0000:00:05.0: BAR 4 [mem 0x380000008000-0x38000000bfff 64bit pref]
[    0.760112] pci 0000:00:06.0: [1af4:1003] type 00 class 0x078000 conventional PCI endpoint
[    0.762795] pci 0000:00:06.0: BAR 0 [io  0xc0c0-0xc0ff]
[    0.764797] pci 0000:00:06.0: BAR 1 [mem 0xfebfc000-0xfebfcfff]
[    0.765841] pci 0000:00:06.0: BAR 4 [mem 0x38000000c000-0x38000000ffff 64bit pref]
[    0.771046] pci 0000:00:07.0: [1af4:1003] type 00 class 0x078000 conventional PCI endpoint
[    0.773796] pci 0000:00:07.0: BAR 0 [io  0xc100-0xc13f]
[    0.774793] pci 0000:00:07.0: BAR 1 [mem 0xfebfd000-0xfebfdfff]
[    0.775843] pci 0000:00:07.0: BAR 4 [mem 0x380000010000-0x380000013fff 64bit pref]
[    0.781096] pci 0000:00:08.0: [1af4:1003] type 00 class 0x078000 conventional PCI endpoint
[    0.783778] pci 0000:00:08.0: BAR 0 [io  0xc140-0xc17f]
[    0.784796] pci 0000:00:08.0: BAR 1 [mem 0xfebfe000-0xfebfefff]
[    0.785847] pci 0000:00:08.0: BAR 4 [mem 0x380000014000-0x380000017fff 64bit pref]
[    0.791010] pci 0000:00:09.0: [1af4:1003] type 00 class 0x078000 conventional PCI endpoint
[    0.793796] pci 0000:00:09.0: BAR 0 [io  0xc180-0xc1bf]
[    0.794796] pci 0000:00:09.0: BAR 1 [mem 0xfebff000-0xfebfffff]
[    0.796054] pci 0000:00:09.0: BAR 4 [mem 0x380000018000-0x38000001bfff 64bit pref]
[    0.806229] ACPI: PCI: Interrupt link LNKA configured for IRQ 10
[    0.808042] ACPI: PCI: Interrupt link LNKB configured for IRQ 10
[    0.809032] ACPI: PCI: Interrupt link LNKC configured for IRQ 11
[    0.811032] ACPI: PCI: Interrupt link LNKD configured for IRQ 11
[    0.811926] ACPI: PCI: Interrupt link LNKS configured for IRQ 9
[    0.815805] iommu: Default domain type: Translated
[    0.816780] iommu: DMA domain TLB invalidation policy: lazy mode
[    0.819304] SCSI subsystem initialized
[    0.820867] libata version 3.00 loaded.
[    0.821941] ACPI: bus type USB registered
[    0.822907] usbcore: registered new interface driver usbfs
[    0.823839] usbcore: registered new interface driver hub
[    0.825855] usbcore: registered new device driver usb
[    0.826922] pps_core: LinuxPPS API ver. 1 registered
[    0.827779] pps_core: Software ver. 5.3.6 - Copyright 2005-2007 Rodolfo Giometti <giometti@linux.it>
[    0.829809] PTP clock support registered
[    0.831230] Advanced Linux Sound Architecture Driver Initialized.
[    0.834162] NetLabel: Initializing
[    0.834781] NetLabel:  domain hash size = 128
[    0.835702] NetLabel:  protocols = UNLABELED CIPSOv4 CALIPSO
[    0.836840] NetLabel:  unlabeled traffic allowed by default
[    0.838831] PCI: Using ACPI for IRQ routing
[    0.839781] PCI: pci_cache_line_size set to 64 bytes
[    0.841170] e820: register RAM buffer resource [mem 0x0009fc00-0x0009ffff]
[    0.842810] e820: register RAM buffer resource [mem 0xbffe0000-0xbfffffff]
[    0.843907] vgaarb: loaded
[    0.844796] hpet0: at MMIO 0xfed00000, IRQs 2, 8, 0
[    0.845779] hpet0: 3 comparators, 64-bit 100.000000 MHz counter
[    0.853112] clocksource: Switched to clocksource kvm-clock
[    0.855311] VFS: Disk quotas dquot_6.6.0
[    0.856270] VFS: Dquot-cache hash table entries: 512 (4096 bytes)
[    0.858774] pnp: PnP ACPI init
[    0.860006] pnp 00:02: [dma 2]
[    0.861615] pnp: PnP ACPI: found 4 devices
[    0.879665] clocksource: acpi_pm: mask: 0xffffff max_cycles: 0xffffff, max_idle_ns: 2085701024 ns
[    0.881820] NET: Registered PF_INET protocol family
[    0.884030] IP idents hash table entries: 65536 (order: 7, 524288 bytes, linear)
[    0.887967] tcp_listen_portaddr_hash hash table entries: 2048 (order: 6, 147456 bytes, linear)
[    0.890084] Callback from call_rcu_tasks() invoked.
[    0.890228] Table-perturb hash table entries: 65536 (order: 6, 262144 bytes, linear)
[    0.893114] TCP established hash table entries: 32768 (order: 6, 262144 bytes, linear)
[    0.895380] TCP bind hash table entries: 32768 (order: 11, 4718592 bytes, vmalloc hugepage)
[    0.907268] TCP: Hash tables configured (established 32768 bind 32768)
[    0.910201] MPTCP token hash table entries: 4096 (order: 7, 360448 bytes, linear)
[    0.911917] UDP hash table entries: 2048 (order: 7, 524288 bytes, linear)
[    0.914612] NET: Registered PF_UNIX/PF_LOCAL protocol family
[    0.917271] RPC: Registered named UNIX socket transport module.
[    0.918721] RPC: Registered udp transport module.
[    0.919731] RPC: Registered tcp transport module.
[    0.920810] RPC: Registered tcp-with-tls transport module.
[    0.921976] RPC: Registered tcp NFSv4.1 backchannel transport module.
[    0.924177] NET: Registered PF_XDP protocol family
[    0.925238] pci_bus 0000:00: resource 4 [io  0x0000-0x0cf7 window]
[    0.926578] pci_bus 0000:00: resource 5 [io  0x0d00-0xffff window]
[    0.927869] pci_bus 0000:00: resource 6 [mem 0x000a0000-0x000bffff window]
[    0.929337] pci_bus 0000:00: resource 7 [mem 0xc0000000-0xfebfffff window]
[    0.930811] pci_bus 0000:00: resource 8 [mem 0x380000000000-0x38007fffffff window]
[    0.932540] pci 0000:00:01.0: PIIX3: Enabling Passive Release
[    0.933746] pci 0000:00:00.0: Limiting direct PCI/PCI transfers
[    0.935205] PCI: CLS 0 bytes, default 64
[    0.936177] PCI-DMA: Using software bounce buffering for IO (SWIOTLB)
[    0.937555] software IO TLB: mapped [mem 0x00000000bbfe0000-0x00000000bffe0000] (64MB)
[    0.940412] clocksource: tsc: mask: 0xffffffffffffffff max_cycles: 0x31027285e94, max_idle_ns: 440795238296 ns
[    0.951486] Initialise system trusted keyrings
[    0.952965] workingset: timestamp_bits=40 (anon: 35) max_order=20 bucket_order=0 (anon: 0)
[    0.955752] squashfs: version 4.0 (2009/01/31) Phillip Lougher
[    0.957819] NFS: Registering the id_resolver key type
[    0.959016] Key type id_resolver registered
[    0.959977] Key type id_legacy registered
[    0.960908] nfs4filelayout_init: NFSv4 File Layout Driver Registering...
[    0.962353] nfs4flexfilelayout_init: NFSv4 Flexfile Layout Driver Registering...
[    0.964188] fuse: init (API version 7.45)
[    0.965406] 9p: Installing v9fs 9p2000 file system support
[    0.968394] NET: Registered PF_ALG protocol family
[    0.969505] Key type asymmetric registered
[    0.970398] Asymmetric key parser 'x509' registered
[    0.971575] Block layer SCSI generic (bsg) driver version 0.4 loaded (major 248)
[    0.973751] io scheduler mq-deadline registered
[    0.975003] io scheduler kyber registered
[    0.977577] input: Power Button as /devices/platform/LNXPWRBN:00/input/input0
[    0.979379] ACPI: button: Power Button [PWRF]
[    1.106866] ACPI: \_SB_.LNKB: Enabled at IRQ 10
[    1.231880] ACPI: \_SB_.LNKD: Enabled at IRQ 11
[    1.355710] ACPI: \_SB_.LNKA: Enabled at IRQ 10
[    1.599895] ACPI: \_SB_.LNKC: Enabled at IRQ 11
[    1.844783] Serial: 8250/16550 driver, 4 ports, IRQ sharing enabled
[    1.847262] 00:03: ttyS0 at I/O 0x3f8 (irq = 4, base_baud = 115200) is a 16550A
[    1.936584] kwatchdog (100) used greatest stack depth: 14776 bytes left
[    1.990557] Non-volatile memory driver v1.3
[    1.992341] ACPI: bus type drm_connector registered
[    2.013817] brd: module loaded
[    2.027391] loop: module loaded
[    2.033026] scsi host0: ata_piix
[    2.034872] scsi host1: ata_piix
[    2.035871] ata1: PATA max MWDMA2 cmd 0x1f0 ctl 0x3f6 bmdma 0xc1c0 irq 14 lpm-pol 0
[    2.037560] ata2: PATA max MWDMA2 cmd 0x170 ctl 0x376 bmdma 0xc1c8 irq 15 lpm-pol 0
[    2.043517] tun: Universal TUN/TAP device driver, 1.6
[    2.045239] e100: Intel(R) PRO/100 Network Driver
[    2.046297] e100: Copyright(c) 1999-2006 Intel Corporation
[    2.047552] e1000: Intel(R) PRO/1000 Network Driver
[    2.048672] e1000: Copyright (c) 1999-2006 Intel Corporation.
[    2.050112] e1000e: Intel(R) PRO/1000 Network Driver
[    2.051219] e1000e: Copyright(c) 1999 - 2015 Intel Corporation.
[    2.052626] sky2: driver version 1.30
[    2.054633] usbcore: registered new interface driver usblp
[    2.055925] usbcore: registered new interface driver usb-storage
[    2.057358] i8042: PNP: PS/2 Controller [PNP0303:KBD,PNP0f13:MOU] at 0x60,0x64 irq 1,12
[    2.060512] serio: i8042 KBD port at 0x60,0x64 irq 1
[    2.062096] serio: i8042 AUX port at 0x60,0x64 irq 12
[    2.064336] rtc_cmos PNP0B00:00: RTC can wake from S4
[    2.067648] input: AT Translated Set 2 keyboard as /devices/platform/i8042/serio0/input/input1
[    2.067862] rtc_cmos PNP0B00:00: registered as rtc0
[    2.070982] rtc_cmos PNP0B00:00: alarms up to one day, y3k, 242 bytes nvram, hpet irqs
[    2.073111] Registered IR keymap rc-empty
[    2.074217] rc rc0: rc-core loopback device as /devices/virtual/rc/rc0
[    2.077002] rc rc0: lirc_dev: driver rc-loopback registered at minor = 0, raw IR receiver, raw IR transmitter
[    2.080255] input: rc-core loopback device as /devices/virtual/rc/rc0/input2
[    2.083780] intel_powerclamp: CPU does not support MWAIT
[    2.085074] device-mapper: core: CONFIG_IMA_DISABLE_HTABLE is disabled. Duplicate IMA measurements will not be recorded in the IMA log.
[    2.088119] device-mapper: ioctl: 4.50.0-ioctl (2025-04-28) initialised: dm-devel@lists.linux.dev
[    2.090143] amd_pstate: the _CPC object is not present in SBIOS or ACPI disabled
[    2.092685] hid: raw HID events driver (C) Jiri Kosina
[    2.095478] usbcore: registered new interface driver usbhid
[    2.096763] usbhid: USB HID core driver
[    2.098815] GACT probability NOT on
[    2.099651] Mirror/redirect action on
[    2.101858] nf_conntrack_irc: The irc conntrack helper is scheduled for removal.
[    2.101858] Please contact the netfilter-devel mailing list if you still need this.
[    2.106762] ipip: IPv4 and MPLS over IPv4 tunneling driver
[    2.108794] gre: GRE over IPv4 demultiplexer driver
[    2.109912] ip_gre: GRE over IPv4 tunneling driver
[    2.113423] Initializing XFRM netlink socket
[    2.114624] IPsec XFRM device driver
[    2.115657] NET: Registered PF_INET6 protocol family
[    2.119212] Segment Routing with IPv6
[    2.120305] In-situ OAM (IOAM) with IPv6
[    2.121203] mip6: Mobile IPv6
[    2.121958] sit: IPv6, IPv4 and MPLS over IPv4 tunneling driver
[    2.124776] ip6_gre: GRE over IPv6 tunneling driver
[    2.126694] NET: Registered PF_PACKET protocol family
[    2.127905] RPC: Registered rdma transport module.
[    2.128999] RPC: Registered rdma backchannel transport module.
[    2.130609] 8021q: 802.1Q VLAN Support v1.8
[    2.132325] smc: adding smcd device lo without pnetid
[    2.133647] NET: Registered PF_SMC protocol family
[    2.135247] 9pnet: Installing 9P2000 support
[    2.137787] Key type dns_resolver registered
[    2.139034] NET: Registered PF_VSOCK protocol family
[    2.140260] mpls_gso: MPLS GSO support
[    2.144799] IPI shorthand broadcast: enabled
[    2.191381] sched_clock: Marking stable (2167016803, 24035802)->(2233820457, -42767852)
[    2.193868] ata2: found unknown device (class 0)
[    2.195787] registered taskstats version 1
[    2.196716] ata2.00: ATAPI: QEMU DVD-ROM, 2.5+, max UDMA/100
[    2.201114] scsi 1:0:0:0: CD-ROM            QEMU     QEMU DVD-ROM     2.5+ PQ: 0 ANSI: 5
[    2.213860] Loading compiled-in X.509 certificates
[    2.215591] kworker/u32:1 (120) used greatest stack depth: 14240 bytes left
[    2.216961] Loaded X.509 cert 'Build time autogenerated kernel key: c4531344b9a9c1a4731230d977a262ba29ba5272'
[    2.217169] kworker/u32:1 (121) used greatest stack depth: 13008 bytes left
[    2.228964] sr 1:0:0:0: [sr0] scsi3-mmc drive: 4x/4x cd/rw xa/form2 tray
[    2.247886] cdrom: Uniform CD-ROM driver Revision: 3.20
[    2.256873] Demotion targets for Node 0: null
[    2.258451] ima: No TPM chip found, activating TPM-bypass!
[    2.260150] ima: Allocated hash algorithm: sha1
[    2.261577] ima: No architecture policies found
[    2.262473] sr 1:0:0:0: Attached scsi CD-ROM sr0
[    2.263647] PM:   Magic number: 6:117:99
[    2.264661] sr 1:0:0:0: Attached scsi generic sg0 type 5
[    2.265199] netconsole: network logging started
[    2.268632] cfg80211: Loading compiled-in X.509 certificates for regulatory database
[    2.271522] Loaded X.509 cert 'sforshee: 00b28ddf47aef9cea7'
[    2.272926] Loaded X.509 cert 'wens: 61c038651aabdcf94bd0ac7ff06c7248db18c600'
[    2.274643] ALSA device list:
[    2.275794] faux_driver regulatory: Direct firmware load for regulatory.db failed with error -2
[    2.277723]   No soundcards found.
[    2.279580] cfg80211: failed to load regulatory.db
[    2.498944] input: ImExPS/2 Generic Explorer Mouse as /devices/platform/i8042/serio1/input/input4
[    2.500865] md: Skipping autodetection of RAID arrays. (raid=autodetect will force)
[    2.502216] 9p: Bad value for 'source'
[    2.502782] 9pnet: Limiting 'msize' to 512000 as this is the maximum supported by transport virtio
[    2.506350] VFS: Mounted root (9p filesystem) on device 0:22.
[    2.508593] devtmpfs: mounted
[    2.509425] VFS: Pivoted into new rootfs
[    2.514460] Freeing unused kernel image (initmem) memory: 4668K
[    2.515313] Write protecting the kernel read-only data: 45056k
[    2.517475] Freeing unused kernel image (text/rodata gap) memory: 984K
[    2.518819] Freeing unused kernel image (rodata/data gap) memory: 400K
[    2.555762] x86/mm: Checked W+X mappings: passed, no W+X pages found.
[    2.556850] Run /home/prozak/.local/share/vng-venv/lib/python3.12/site-packages/virtme/guest/bin/virtme-ng-init as init process
[    2.558361]   with arguments:
[    2.558795]     /home/prozak/.local/share/vng-venv/lib/python3.12/site-packages/virtme/guest/bin/virtme-ng-init
[    2.560173]   with environment:
[    2.560607]     HOME=/
[    2.560940]     TERM=linux
[    2.561359]     virtme_hostname=virtme-ng
[    2.561939]     nr_open=1048576
[    2.562422]     virtme_link_mods=/home/prozak/sources/heimdall_experiment/uml-harness/.build/bpf-next-x86/.virtme_mods/lib/modules/0.0.0
[    2.564056]     virtme_rw_overlay0=/tmp
[    2.564577]     virtme_console=ttyS0
[    2.565080]     virtme_chdir=home/prozak/sources/heimdall_experiment/uml-harness/.build/selftests-output-qemu
[    2.651755] virtme-ng-init: mount devtmpfs -> /dev: EBUSY: Device or resource busy
[    2.653625] virtme-ng-init: Setting hostname to virtme-ng...
[    2.692557] virtme-ng-init: running systemd-tmpfiles
[    3.888127] systemd-tmpfile (127) used greatest stack depth: 12504 bytes left
[    3.888268] virtme-ng-init: basic initialization done
[    3.906346] virtme-ng-init: error creating file: Permission denied (os error 13)
[    4.008692] ip (132) used greatest stack depth: 11848 bytes left
[    4.126852] virtme-ng-init: Starting systemd-udevd version 255.4-1ubuntu8.16
[    4.128074] virtme-ng-init: triggering udev coldplug
[    7.210544] virtme-ng-init: waiting for udev to settle
[    7.972137] virtme-ng-init: udev is done
[    7.976858] virtme-ng-init: starting script
[    8.228416] bpf_testmod: loading out-of-tree module taints kernel.
[    8.229336] bpf_testmod: module verification failed: signature and/or required key missing - tainting kernel
[    9.209803] test_progs (197) used greatest stack depth: 9896 bytes left
[    9.216367] smc: removing smcd device lo
[    9.283325] ACPI: PM: Preparing to enter system sleep state S5
[    9.284630] reboot: Power down
