#35/1    bpf_tcp_ca/dctcp:OK
#35/2    bpf_tcp_ca/cubic:OK
#35/3    bpf_tcp_ca/invalid_license:OK
#35/4    bpf_tcp_ca/dctcp_fallback:OK
#35/5    bpf_tcp_ca/rel_setsockopt:OK
#35/6    bpf_tcp_ca/write_sk_pacing:OK
#35/7    bpf_tcp_ca/incompl_cong_ops:OK
#35/8    bpf_tcp_ca/unsupp_cong_op:OK
#35/9    bpf_tcp_ca/update_ca:OK
#35/10   bpf_tcp_ca/update_wrong:OK
#35/11   bpf_tcp_ca/mixed_links:OK
#35/12   bpf_tcp_ca/multi_links:OK
#35/13   bpf_tcp_ca/link_replace:OK
#35/14   bpf_tcp_ca/tcp_ca_kfunc:OK
#35/15   bpf_tcp_ca/untrusted_btf_write:OK
#35/16   bpf_tcp_ca/cc_cubic:OK
#35/17   bpf_tcp_ca/dctcp_autoattach_map:OK
#35      bpf_tcp_ca:OK
Summary: 1/17 PASSED, 0 SKIPPED, 0 FAILED
#3 SMP PREEMPT_DYNAMIC Sun Aug  2 09:03:43 PDT 2026
[    0.000000] Command line: virtme_hostname=virtme-ng nr_open=1048576 virtme_link_mods=/home/prozak/sources/heimdall_experiment/uml-harness/.build/bpf-next-x86/.virtme_mods/lib/modules/0.0.0 virtme_rw_overlay0=/tmp virtme_console=ttyS0 console=ttyS0 earlyprintk=serial,ttyS0,115200 panic=-1 virtme.exec=`bW91bnQgLXQgYnBmIGJwZmZzIC9zeXMvZnMvYnBmIDI+L2Rldi9udWxsOyAuL3Rlc3RfcHJvZ3MgLXQgJ2JwZl90Y3BfY2En` virtme_chdir=home/prozak/sources/heimdall_experiment/uml-harness/.build/selftests-output-qemu rootfstype=9p rootflags=version=9p2000.L,trans=virtio,access=any,msize=524288 raid=noautodetect rw debug init=/home/prozak/.local/share/vng-venv/lib/python3.12/site-packages/virtme/guest/bin/virtme-ng-init
[    0.000000] x86 CPU feature dependency check failure: CPU0 has '18*32+31' enabled but '18*32+26' disabled. Kernel might be fine, but no guarantees.
[    0.000000] BIOS-provided physical RAM map:
[    0.000000] BIOS-e820: [mem 0x0000000000000000-0x000000000009fbff]  System RAM
[    0.000000] BIOS-e820: [mem 0x000000000009fc00-0x000000000009ffff]  device reserved
[    0.000000] BIOS-e820: [gap 0x00000000000a0000-0x00000000000effff]
[    0.000000] BIOS-e820: [mem 0x00000000000f0000-0x00000000000fffff]  device reserved
[    0.000000] BIOS-e820: [mem 0x0000000000100000-0x00000000bffdffff]  System RAM
[    0.000000] BIOS-e820: [mem 0x00000000bffe0000-0x00000000bfffffff]  device reserved
[    0.000000] BIOS-e820: [gap 0x00000000c0000000-0x00000000feffbfff]
[    0.000000] BIOS-e820: [mem 0x00000000feffc000-0x00000000feffffff]  device reserved
[    0.000000] BIOS-e820: [gap 0x00000000ff000000-0x00000000fffbffff]
[    0.000000] BIOS-e820: [mem 0x00000000fffc0000-0x00000000ffffffff]  device reserved
[    0.000000] BIOS-e820: [mem 0x0000000100000000-0x000000013fffffff]  System RAM
[    0.000000] BIOS-e820: [gap 0x0000000140000000-0x000000fcffffffff]
[    0.000000] BIOS-e820: [mem 0x000000fd00000000-0x000000ffffffffff]  device reserved
[    0.000000] printk: legacy bootconsole [earlyser0] enabled
[    0.000000] NX (Execute Disable) protection: active
[    0.000000] APIC: Static calls initialized
[    0.000000] DMI: SMBIOS 3.0.0 present.
[    0.000000] DMI: QEMU Ubuntu 24.04 PC v2 (i440FX + PIIX, arch_caps fix, 1996), BIOS 1.16.3-debian-1.16.3-2 04/01/2014
[    0.000000] DMI: Memory slots populated: 1/1
[    0.000000] Hypervisor detected: KVM
[    0.000000] last_pfn = 0xbffe0 max_arch_pfn = 0x400000000
[    0.000000] kvm-clock: Using msrs 4b564d01 and 4b564d00
[    0.000001] kvm-clock: using sched offset of 461789924 cycles
[    0.000908] clocksource: kvm-clock: mask: 0xffffffffffffffff max_cycles: 0x1cd42e4dffb, max_idle_ns: 881590591483 ns
[    0.003773] tsc: Detected 3400.038 MHz processor
[    0.004910] e820: update [mem 0x00000000-0x00000fff] System RAM ==> device reserved
[    0.006263] e820: remove [mem 0x000a0000-0x000fffff] System RAM
[    0.007304] last_pfn = 0x140000 max_arch_pfn = 0x400000000
[    0.008333] MTRR map: 4 entries (3 fixed + 1 variable; max 19), built from 8 variable MTRRs
[    0.009793] x86/PAT: Configuration [0-7]: WB  WC  UC- UC  WB  WP  UC- WT  
Memory KASLR using RDRAND RDTSC...
[    0.011698] last_pfn = 0xbffe0 max_arch_pfn = 0x400000000
[    0.013849] found SMP MP-table at [mem 0x000f5450-0x000f545f]
[    0.014862] Using GB pages for direct mapping
[    0.015737] ACPI: Early table checksum verification disabled
[    0.016711] ACPI: RSDP 0x00000000000F5240 000014 (v00 BOCHS )
[    0.017733] ACPI: RSDT 0x00000000BFFE1F16 000034 (v01 BOCHS  BXPC     00000001 BXPC 00000001)
[    0.019248] ACPI: FACP 0x00000000BFFE1D92 000074 (v01 BOCHS  BXPC     00000001 BXPC 00000001)
[    0.020727] ACPI: DSDT 0x00000000BFFE0040 001D52 (v01 BOCHS  BXPC     00000001 BXPC 00000001)
[    0.022213] ACPI: FACS 0x00000000BFFE0000 000040
[    0.023018] ACPI: APIC 0x00000000BFFE1E06 0000B0 (v03 BOCHS  BXPC     00000001 BXPC 00000001)
[    0.024486] ACPI: HPET 0x00000000BFFE1EB6 000038 (v01 BOCHS  BXPC     00000001 BXPC 00000001)
[    0.025971] ACPI: WAET 0x00000000BFFE1EEE 000028 (v01 BOCHS  BXPC     00000001 BXPC 00000001)
[    0.027439] ACPI: Reserving FACP table memory at [mem 0xbffe1d92-0xbffe1e05]
[    0.028650] ACPI: Reserving DSDT table memory at [mem 0xbffe0040-0xbffe1d91]
[    0.029927] ACPI: Reserving FACS table memory at [mem 0xbffe0000-0xbffe003f]
[    0.031173] ACPI: Reserving APIC table memory at [mem 0xbffe1e06-0xbffe1eb5]
[    0.032374] ACPI: Reserving HPET table memory at [mem 0xbffe1eb6-0xbffe1eed]
[    0.033617] ACPI: Reserving WAET table memory at [mem 0xbffe1eee-0xbffe1f15]
[    0.035251] No NUMA configuration found
[    0.035914] Faking a node at [mem 0x0000000000000000-0x000000013fffffff]
[    0.037085] NODE_DATA(0) allocated [mem 0x13fff9c80-0x13fffdfff]
[    0.038955] ACPI: PM-Timer IO Port: 0x608
[    0.039664] ACPI: LAPIC_NMI (acpi_id[0xff] dfl dfl lint[0x1])
[    0.040686] IOAPIC[0]: apic_id 0, version 17, address 0xfec00000, GSI 0-23
[    0.041907] ACPI: INT_SRC_OVR (bus 0 bus_irq 0 global_irq 2 dfl dfl)
[    0.043003] ACPI: INT_SRC_OVR (bus 0 bus_irq 5 global_irq 5 high level)
[    0.044128] ACPI: INT_SRC_OVR (bus 0 bus_irq 9 global_irq 9 high level)
[    0.045267] ACPI: INT_SRC_OVR (bus 0 bus_irq 10 global_irq 10 high level)
[    0.046486] ACPI: INT_SRC_OVR (bus 0 bus_irq 11 global_irq 11 high level)
[    0.047659] ACPI: Using ACPI (MADT) for SMP configuration information
[    0.048753] ACPI: HPET id: 0x8086a201 base: 0xfed00000
[    0.049658] TSC deadline timer available
[    0.050326] CPU topo: Max. logical packages:   1
[    0.051142] CPU topo: Max. logical nodes:      1
[    0.051926] CPU topo: Num. nodes per package:  1
[    0.052709] CPU topo: Max. logical dies:       1
[    0.053558] CPU topo: Max. dies per package:   1
[    0.054344] CPU topo: Max. threads per core:   1
[    0.055145] CPU topo: Num. cores per package:     8
[    0.055988] CPU topo: Num. threads per package:   8
[    0.056816] CPU topo: Allowing 8 present CPUs plus 0 hotplug CPUs
[    0.057908] kvm-guest: APIC: eoi() replaced with kvm_guest_apic_eoi_write()
[    0.059182] kvm-guest: KVM setup pv remote TLB flush
[    0.060039] kvm-guest: setup PV sched yield
[    0.060799] PM: hibernation: Registered nosave memory: [mem 0x00000000-0x00000fff]
[    0.062123] PM: hibernation: Registered nosave memory: [mem 0x0009f000-0x000fffff]
[    0.063427] PM: hibernation: Registered nosave memory: [mem 0xbffe0000-0xffffffff]
[    0.064712] [gap 0xc0000000-0xfeffbfff] available for PCI devices
[    0.065796] Booting paravirtualized kernel on KVM
[    0.066617] clocksource: refined-jiffies: mask: 0xffffffff max_cycles: 0xffffffff, max_idle_ns: 1910969940391419 ns
[    0.073055] Zone ranges:
[    0.073535]   DMA      [mem 0x0000000000001000-0x0000000000ffffff]
[    0.074584]   DMA32    [mem 0x0000000001000000-0x00000000ffffffff]
[    0.075661]   Normal   [mem 0x0000000100000000-0x000000013fffffff]
[    0.076710] Movable zone start for each node
[    0.077466] Early memory node ranges
[    0.078101]   node   0: [mem 0x0000000000001000-0x000000000009efff]
[    0.079215]   node   0: [mem 0x0000000000100000-0x00000000bffdffff]
[    0.080333]   node   0: [mem 0x0000000100000000-0x000000013fffffff]
[    0.081427] Initmem setup node 0 [mem 0x0000000000001000-0x000000013fffffff]
[    0.082661] On node 0, zone DMA: 1 pages in unavailable ranges
[    0.084151] On node 0, zone DMA: 97 pages in unavailable ranges
[    0.209295] On node 0, zone Normal: 32 pages in unavailable ranges
[    0.210422] setup_percpu: NR_CPUS:128 nr_cpumask_bits:8 nr_cpu_ids:8 nr_node_ids:1
[    0.215806] percpu: Embedded 58 pages/cpu s199696 r8192 d29680 u262144
[    0.216929] pcpu-alloc: s199696 r8192 d29680 u262144 alloc=1*2097152
[    0.218041] pcpu-alloc: [0] 0 1 2 3 4 5 6 7 
[    0.218856] Kernel command line: virtme_hostname=virtme-ng nr_open=1048576 virtme_link_mods=/home/prozak/sources/heimdall_experiment/uml-harness/.build/bpf-next-x86/.virtme_mods/lib/modules/0.0.0 virtme_rw_overlay0=/tmp virtme_console=ttyS0 console=ttyS0 earlyprintk=serial,ttyS0,115200 panic=-1 virtme.exec=`bW91bnQgLXQgYnBmIGJwZmZzIC9zeXMvZnMvYnBmIDI+L2Rldi9udWxsOyAuL3Rlc3RfcHJvZ3MgLXQgJ2JwZl90Y3BfY2En` virtme_chdir=home/prozak/sources/heimdall_experiment/uml-harness/.build/selftests-output-qemu rootfstype=9p rootflags=version=9p2000.L,trans=virtio,access=any,msize=524288 raid=noautodetect rw debug init=/home/prozak/.local/share/vng-venv/lib/python3.12/site-packages/virtme/guest/bin/virtme-ng-init
[    0.229758] Unknown kernel command line parameters "virtme_hostname=virtme-ng nr_open=1048576 virtme_link_mods=/home/prozak/sources/heimdall_experiment/uml-harness/.build/bpf-next-x86/.virtme_mods/lib/modules/0.0.0 virtme_rw_overlay0=/tmp virtme_console=ttyS0 virtme_chdir=home/prozak/sources/heimdall_experiment/uml-harness/.build/selftests-output-qemu", will be passed to user space.
[    0.235777] random: crng init done
[    0.236374] printk: log buffer data + meta data: 2097152 + 7340032 = 9437184 bytes
[    0.245974] Dentry cache hash table entries: 524288 (order: 10, 4194304 bytes, linear)
[    0.251439] Inode-cache hash table entries: 262144 (order: 9, 2097152 bytes, linear)
[    0.253064] software IO TLB: area num 8.
[    0.387444] Fallback order for Node 0: 0 
[    0.387450] Built 1 zonelists, mobility grouping on.  Total pages: 1048446
[    0.389390] Policy zone: Normal
[    0.389962] mem auto-init: stack:all(zero), heap alloc:off, heap free:off
[    0.396449] SLUB: HWalign=64, Order=0-3, MinObjects=0, CPUs=8, Nodes=1
Poking KASLR using RDRAND RDTSC...
[    0.412518] ftrace: allocating 69757 entries in 274 pages
[    0.413492] ftrace: allocated 274 pages with 3 groups
[    0.414954] Dynamic Preempt: full
[    0.415846] Running RCU self tests
[    0.416458] Running RCU synchronous self tests
[    0.417238] rcu: Preemptible hierarchical RCU implementation.
[    0.418305] rcu: 	RCU event tracing is enabled.
[    0.419116] rcu: 	RCU lockdep checking is enabled.
[    0.419975] rcu: 	RCU restricting CPUs from NR_CPUS=128 to nr_cpu_ids=8.
[    0.421151] 	Trampoline variant of Tasks RCU enabled.
[    0.422055] 	Rude variant of Tasks RCU enabled.
[    0.422862] 	Tracing variant of Tasks RCU enabled.
[    0.423718] rcu: RCU calculated value of scheduler-enlistment delay is 100 jiffies.
[    0.425079] rcu: Adjusting geometry for rcu_fanout_leaf=16, nr_cpu_ids=8
[    0.426313] Running RCU synchronous self tests
[    0.427079] RCU Tasks: Setting shift to 3 and lim to 1 rcu_task_cb_adjust=1 rcu_task_cpu_ids=8.
[    0.428635] RCU Tasks Rude: Setting shift to 3 and lim to 1 rcu_task_cb_adjust=1 rcu_task_cpu_ids=8.
[    0.436118] NR_IRQS: 8448, nr_irqs: 488, preallocated irqs: 16
[    0.437477] rcu: srcu_init: Setting srcu_struct sizes based on contention.
[    0.438750] clocksource: jiffies: mask: 0xffffffff max_cycles: 0xffffffff, max_idle_ns: 1911260446275000 ns
[    0.440812] Console: colour *CGA 80x25
[    0.441521] printk: legacy console [ttyS0] enabled
[    0.441521] printk: legacy console [ttyS0] enabled
[    0.443260] printk: legacy bootconsole [earlyser0] disabled
[    0.443260] printk: legacy bootconsole [earlyser0] disabled
[    0.445355] Lock dependency validator: Copyright (c) 2006 Red Hat, Inc., Ingo Molnar
[    0.446767] ... MAX_LOCKDEP_SUBCLASSES:  8
[    0.447509] ... MAX_LOCK_DEPTH:          48
[    0.448268] ... MAX_LOCKDEP_KEYS:        8192
[    0.449039] ... CLASSHASH_SIZE:          4096
[    0.449815] ... MAX_LOCKDEP_ENTRIES:     32768
[    0.450632] ... MAX_LOCKDEP_CHAINS:      65536
[    0.451418] ... CHAINHASH_SIZE:          32768
[    0.452234]  memory used by lock dependency info: 6429 kB
[    0.453183]  memory used for stack traces: 4224 kB
[    0.454053]  per task-struct memory footprint: 1920 bytes
[    0.455143] ACPI: Core revision 20260408
[    0.456101] clocksource: hpet: mask: 0xffffffff max_cycles: 0xffffffff, max_idle_ns: 19112604467 ns
[    0.457921] APIC: Switch to symmetric I/O mode setup
[    0.459260] x2apic enabled
[    0.460315] APIC: Switched APIC routing to: physical x2apic
[    0.461388] kvm-guest: APIC: send_IPI_mask() replaced with kvm_send_ipi_mask()
[    0.462779] kvm-guest: APIC: send_IPI_mask_allbutself() replaced with kvm_send_ipi_mask_allbutself()
[    0.464546] kvm-guest: setup PV IPIs
[    0.467293] ..TIMER: vector=0x30 apic1=0 pin1=2 apic2=-1 pin2=-1
[    0.468405] clocksource: tsc-early: mask: 0xffffffffffffffff max_cycles: 0x31027285e94, max_idle_ns: 440795238296 ns
[    0.470368] Calibrating delay loop (skipped) preset value.. 6800.07 BogoMIPS (lpj=3400038)
[    0.472967] x86/cpu: User Mode Instruction Prevention (UMIP) activated
[    0.474664] Last level iTLB entries: 4KB 512, 2MB 255, 4MB 127
[    0.475365] Last level dTLB entries: 4KB 512, 2MB 255, 4MB 127, 1GB 0
[    0.476374] mitigations: Enabled attack vectors: user_kernel, user_user, SMT mitigations: auto
[    0.477366] Speculative Store Bypass: Mitigation: Speculative Store Bypass disabled via prctl
[    0.478365] Speculative Return Stack Overflow: IBPB-extending microcode not applied!
[    0.479365] Speculative Return Stack Overflow: WARNING: See https://kernel.org/doc/html/latest/admin-guide/hw-vuln/srso.html for mitigation options.
[    0.479367] Transient Scheduler Attacks: Vulnerable: No microcode
[    0.481365] Spectre V2 : Mitigation: Retpolines
[    0.482365] Speculative Return Stack Overflow: Vulnerable: Safe RET, no microcode
[    0.483365] Spectre V1 : Mitigation: usercopy/swapgs barriers and __user pointer sanitization
[    0.484365] Spectre V2 : Spectre v2 / SpectreRSB: Filling RSB on context switch and VMEXIT
[    0.485365] Spectre V2 : Enabling Restricted Speculation for firmware calls
[    0.486367] Spectre V2 : mitigation: Enabling conditional Indirect Branch Prediction Barrier
[    0.487366] active return thunk: srso_alias_return_thunk
[    0.488416] x86/fpu: Supporting XSAVE feature 0x001: 'x87 floating point registers'
[    0.489365] x86/fpu: Supporting XSAVE feature 0x002: 'SSE registers'
[    0.490365] x86/fpu: Supporting XSAVE feature 0x004: 'AVX registers'
[    0.491365] x86/fpu: xstate_offset[2]:  576, xstate_sizes[2]:  256
[    0.492365] x86/fpu: Enabled xstate features 0x7, context size is 832 bytes, using 'compacted' format.
[    0.529468] pid_max: default: 32768 minimum: 301
[    0.530625] SELinux:  Initializing.
[    0.532878] LSM support for eBPF active
[    0.533722] Mount-cache hash table entries: 8192 (order: 4, 65536 bytes, linear)
[    0.534524] Mountpoint-cache hash table entries: 8192 (order: 4, 65536 bytes, linear)
[    0.536862] VFS: Finished mounting rootfs on nullfs
[    0.539433] Running RCU synchronous self tests
[    0.540368] Running RCU synchronous self tests
[    0.541948] smpboot: CPU0: AMD Ryzen 9 5950X 16-Core Processor (family: 0x19, model: 0x21, stepping: 0x2)
[    0.544648] Performance Events: Fam17h+ core perfctr, AMD PMU driver.
[    0.545388] ... version:                   0
[    0.546294] ... bit width:                 48
[    0.546371] ... generic counters:          6
[    0.547295] ... generic bitmap:            000000000000003f
[    0.547373] ... fixed-purpose counters:    0
[    0.548276] ... fixed-purpose bitmap:      0000000000000000
[    0.548373] ... value mask:                0000ffffffffffff
[    0.549395] ... max period:                00007fffffffffff
[    0.550373] ... global_ctrl mask:          000000000000003f
[    0.551725] signal: max sigframe size: 1776
[    0.552533] rcu: Hierarchical SRCU implementation.
[    0.553375] rcu: 	Max phase no-delay instances is 400.
[    0.554760] Timer migration: 1 hierarchy levels; 8 children per group; 1 crossnode level
[    0.568414] smp: Bringing up secondary CPUs ...
[    0.572843] smpboot: x86: Booting SMP configuration:
[    0.573381] .... node  #0, CPUs:      #1 #2 #3 #4 #5 #6 #7
[    0.599766] smp: Brought up 1 node, 8 CPUs
[    0.601326] smpboot: Total of 8 processors activated (54400.60 BogoMIPS)
[    0.603164] Memory: 3963788K/4193784K available (25637K kernel code, 10348K rwdata, 18032K rodata, 4668K init, 13400K bss, 221944K reserved, 0K cma-reserved)
[    0.605373] devtmpfs: initialized
[    0.609962] Running RCU synchronous self tests
[    0.610393] Running RCU synchronous self tests
[    0.611480] Running RCU Tasks wait API self tests
[    0.612427] Running RCU Tasks Rude wait API self tests
[    0.613389] Running RCU Tasks Trace wait API self tests
[    0.614492] posixtimers hash table entries: 4096 (order: 7, 294912 bytes, linear)
[    0.616871] futex hash table entries: 2048 (262144 bytes on 1 NUMA nodes, total 256 KiB, linear).
[    0.618371] PM: RTC time: 23:03:46, date: 2026-08-02
[    0.619405] Callback from call_rcu_tasks_trace() invoked.
[    0.626630] NET: Registered PF_NETLINK/PF_ROUTE protocol family
[    0.628423] audit: initializing netlink subsys (disabled)
[    0.629530] audit: type=2000 audit(1785711826.860:1): state=initialized audit_enabled=0 res=1
[    0.654543] thermal_sys: Registered thermal governor 'step_wise'
[    0.654615] cpuidle: using governor ladder
[    0.656304] cpuidle: using governor menu
[    0.657599] Freeing SMP alternatives memory: 68K
[    0.659287] PCI: Using configuration type 1 for base access
[    0.659373] PCI: Using configuration type 1 for extended access
[    0.660537] kprobes: kprobe jump-optimization is enabled. All kprobes are optimized if possible.
[    0.662488] HugeTLB: registered 1.00 GiB page size, pre-allocated 0 pages
[    0.663375] HugeTLB: 16380 KiB vmemmap can be freed for a 1.00 GiB page
[    0.664373] HugeTLB: registered 2.00 MiB page size, pre-allocated 0 pages
[    0.665372] HugeTLB: 28 KiB vmemmap can be freed for a 2.00 MiB page
[    0.671183] ACPI: Added _OSI(Module Device)
[    0.671375] ACPI: Added _OSI(Processor Device)
[    0.672326] ACPI: Added _OSI(Processor Aggregator Device)
[    0.676054] ACPI: 1 ACPI AML tables successfully acquired and loaded
[    0.678669] ACPI: \_SB_: platform _OSC: OS support mask [002a7eee]
[    0.680132] ACPI: Interpreter enabled
[    0.680439] ACPI: PM: (supports S0 S3 S4 S5)
[    0.681390] ACPI: Using IOAPIC for interrupt routing
[    0.682425] PCI: Using host bridge windows from ACPI; if necessary, use "pci=nocrs" and report a bug
[    0.683374] PCI: Using E820 reservations for host bridge windows
[    0.684750] ACPI: Enabled 2 GPEs in block 00 to 0F
[    0.701530] ACPI: PCI Root Bridge [PCI0] (domain 0000 [bus 00-ff])
[    0.702379] acpi PNP0A03:00: _OSC: OS supports [ExtendedConfig ASPM ClockPM Segments MSI HPX-Type3]
[    0.703385] acpi PNP0A03:00: _OSC: OS requested [PME PCIeCapability LTR]
[    0.704374] acpi PNP0A03:00: _OSC: platform willing to grant [PME PCIeCapability LTR]
[    0.705374] acpi PNP0A03:00: _OSC: platform retains control of PCIe features (AE_ERROR)
[    0.707215] PCI host bridge to bus 0000:00
[    0.707383] pci_bus 0000:00: root bus resource [io  0x0000-0x0cf7 window]
[    0.708374] pci_bus 0000:00: root bus resource [io  0x0d00-0xffff window]
[    0.709374] pci_bus 0000:00: root bus resource [mem 0x000a0000-0x000bffff window]
[    0.710374] pci_bus 0000:00: root bus resource [mem 0xc0000000-0xfebfffff window]
[    0.711373] pci_bus 0000:00: root bus resource [mem 0x380000000000-0x38007fffffff window]
[    0.712380] pci_bus 0000:00: root bus resource [bus 00-ff]
[    0.713777] pci 0000:00:00.0: [8086:1237] type 00 class 0x060000 conventional PCI endpoint
[    0.715990] pci 0000:00:01.0: [8086:7000] type 00 class 0x060100 conventional PCI endpoint
[    0.717802] pci 0000:00:01.1: [8086:7010] type 00 class 0x010180 conventional PCI endpoint
[    0.719314] pci 0000:00:01.1: BAR 4 [io  0xc1c0-0xc1cf]
[    0.719668] pci 0000:00:01.1: BAR 0 [io  0x01f0-0x01f7]: legacy IDE quirk
[    0.720372] pci 0000:00:01.1: BAR 1 [io  0x03f6]: legacy IDE quirk
[    0.721374] pci 0000:00:01.1: BAR 2 [io  0x0170-0x0177]: legacy IDE quirk
[    0.722374] pci 0000:00:01.1: BAR 3 [io  0x0376]: legacy IDE quirk
[    0.724279] pci 0000:00:01.3: [8086:7113] type 00 class 0x068000 conventional PCI endpoint
[    0.725086] pci 0000:00:01.3: quirk: [io  0x0600-0x063f] claimed by PIIX4 ACPI
[    0.725391] pci 0000:00:01.3: quirk: [io  0x0700-0x070f] claimed by PIIX4 SMB
[    0.727388] pci 0000:00:02.0: [1af4:1009] type 00 class 0x000200 conventional PCI endpoint
[    0.730393] pci 0000:00:02.0: BAR 0 [io  0xc000-0xc03f]
[    0.731391] pci 0000:00:02.0: BAR 1 [mem 0xfebf8000-0xfebf8fff]
[    0.732435] pci 0000:00:02.0: BAR 4 [mem 0x380000000000-0x380000003fff 64bit pref]
[    0.736518] pci 0000:00:03.0: [8086:25ab] type 00 class 0x088000 conventional PCI endpoint
[    0.738391] pci 0000:00:03.0: BAR 0 [mem 0xfebf9000-0xfebf900f]
[    0.742015] pci 0000:00:04.0: [1af4:1003] type 00 class 0x078000 conventional PCI endpoint
[    0.743391] pci 0000:00:04.0: BAR 0 [io  0xc040-0xc07f]
[    0.744390] pci 0000:00:04.0: BAR 1 [mem 0xfebfa000-0xfebfafff]
[    0.745435] pci 0000:00:04.0: BAR 4 [mem 0x380000004000-0x380000007fff 64bit pref]
[    0.749771] pci 0000:00:05.0: [1af4:1003] type 00 class 0x078000 conventional PCI endpoint
[    0.751390] pci 0000:00:05.0: BAR 0 [io  0xc080-0xc0bf]
[    0.752391] pci 0000:00:05.0: BAR 1 [mem 0xfebfb000-0xfebfbfff]
[    0.753434] pci 0000:00:05.0: BAR 4 [mem 0x380000008000-0x38000000bfff 64bit pref]
[    0.757936] pci 0000:00:06.0: [1af4:1003] type 00 class 0x078000 conventional PCI endpoint
[    0.759389] pci 0000:00:06.0: BAR 0 [io  0xc0c0-0xc0ff]
[    0.760391] pci 0000:00:06.0: BAR 1 [mem 0xfebfc000-0xfebfcfff]
[    0.761433] pci 0000:00:06.0: BAR 4 [mem 0x38000000c000-0x38000000ffff 64bit pref]
[    0.765741] pci 0000:00:07.0: [1af4:1003] type 00 class 0x078000 conventional PCI endpoint
[    0.767388] pci 0000:00:07.0: BAR 0 [io  0xc100-0xc13f]
[    0.768390] pci 0000:00:07.0: BAR 1 [mem 0xfebfd000-0xfebfdfff]
[    0.769451] pci 0000:00:07.0: BAR 4 [mem 0x380000010000-0x380000013fff 64bit pref]
[    0.773914] pci 0000:00:08.0: [1af4:1003] type 00 class 0x078000 conventional PCI endpoint
[    0.775316] pci 0000:00:08.0: BAR 0 [io  0xc140-0xc17f]
[    0.775391] pci 0000:00:08.0: BAR 1 [mem 0xfebfe000-0xfebfefff]
[    0.776433] pci 0000:00:08.0: BAR 4 [mem 0x380000014000-0x380000017fff 64bit pref]
[    0.780711] pci 0000:00:09.0: [1af4:1003] type 00 class 0x078000 conventional PCI endpoint
[    0.782348] pci 0000:00:09.0: BAR 0 [io  0xc180-0xc1bf]
[    0.782390] pci 0000:00:09.0: BAR 1 [mem 0xfebff000-0xfebfffff]
[    0.783434] pci 0000:00:09.0: BAR 4 [mem 0x380000018000-0x38000001bfff 64bit pref]
[    0.793161] ACPI: PCI: Interrupt link LNKA configured for IRQ 10
[    0.793644] ACPI: PCI: Interrupt link LNKB configured for IRQ 10
[    0.794654] ACPI: PCI: Interrupt link LNKC configured for IRQ 11
[    0.795628] ACPI: PCI: Interrupt link LNKD configured for IRQ 11
[    0.796504] ACPI: PCI: Interrupt link LNKS configured for IRQ 9
[    0.799533] iommu: Default domain type: Translated
[    0.800374] iommu: DMA domain TLB invalidation policy: lazy mode
[    0.802821] SCSI subsystem initialized
[    0.803445] libata version 3.00 loaded.
[    0.804555] ACPI: bus type USB registered
[    0.805505] usbcore: registered new interface driver usbfs
[    0.806445] usbcore: registered new interface driver hub
[    0.807427] usbcore: registered new device driver usb
[    0.808564] pps_core: LinuxPPS API ver. 1 registered
[    0.809372] pps_core: Software ver. 5.3.6 - Copyright 2005-2007 Rodolfo Giometti <giometti@linux.it>
[    0.810400] PTP clock support registered
[    0.811876] Advanced Linux Sound Architecture Driver Initialized.
[    0.813709] NetLabel: Initializing
[    0.814373] NetLabel:  domain hash size = 128
[    0.815326] NetLabel:  protocols = UNLABELED CIPSOv4 CALIPSO
[    0.815420] NetLabel:  unlabeled traffic allowed by default
[    0.816725] PCI: Using ACPI for IRQ routing
[    0.817373] PCI: pci_cache_line_size set to 64 bytes
[    0.818743] e820: register RAM buffer resource [mem 0x0009fc00-0x0009ffff]
[    0.819374] e820: register RAM buffer resource [mem 0xbffe0000-0xbfffffff]
[    0.820517] vgaarb: loaded
[    0.821404] hpet0: at MMIO 0xfed00000, IRQs 2, 8, 0
[    0.822372] hpet0: 3 comparators, 64-bit 100.000000 MHz counter
[    0.823374] Callback from call_rcu_tasks() invoked.
[    0.827742] clocksource: Switched to clocksource kvm-clock
[    0.829864] VFS: Disk quotas dquot_6.6.0
[    0.830779] VFS: Dquot-cache hash table entries: 512 (4096 bytes)
[    0.833143] pnp: PnP ACPI init
[    0.834367] pnp 00:02: [dma 2]
[    0.836247] pnp: PnP ACPI: found 4 devices
[    0.854682] clocksource: acpi_pm: mask: 0xffffff max_cycles: 0xffffff, max_idle_ns: 2085701024 ns
[    0.856944] NET: Registered PF_INET protocol family
[    0.859208] IP idents hash table entries: 65536 (order: 7, 524288 bytes, linear)
[    0.863282] tcp_listen_portaddr_hash hash table entries: 2048 (order: 6, 147456 bytes, linear)
[    0.865692] Table-perturb hash table entries: 65536 (order: 6, 262144 bytes, linear)
[    0.867374] TCP established hash table entries: 32768 (order: 6, 262144 bytes, linear)
[    0.869719] TCP bind hash table entries: 32768 (order: 11, 4718592 bytes, vmalloc hugepage)
[    0.882118] TCP: Hash tables configured (established 32768 bind 32768)
[    0.885225] MPTCP token hash table entries: 4096 (order: 7, 360448 bytes, linear)
[    0.886964] UDP hash table entries: 2048 (order: 7, 524288 bytes, linear)
[    0.889731] NET: Registered PF_UNIX/PF_LOCAL protocol family
[    0.891965] RPC: Registered named UNIX socket transport module.
[    0.893315] RPC: Registered udp transport module.
[    0.894382] RPC: Registered tcp transport module.
[    0.895473] RPC: Registered tcp-with-tls transport module.
[    0.896701] RPC: Registered tcp NFSv4.1 backchannel transport module.
[    0.898979] NET: Registered PF_XDP protocol family
[    0.900338] pci_bus 0000:00: resource 4 [io  0x0000-0x0cf7 window]
[    0.901859] pci_bus 0000:00: resource 5 [io  0x0d00-0xffff window]
[    0.903223] pci_bus 0000:00: resource 6 [mem 0x000a0000-0x000bffff window]
[    0.904711] pci_bus 0000:00: resource 7 [mem 0xc0000000-0xfebfffff window]
[    0.906157] pci_bus 0000:00: resource 8 [mem 0x380000000000-0x38007fffffff window]
[    0.907852] pci 0000:00:01.0: PIIX3: Enabling Passive Release
[    0.909086] pci 0000:00:00.0: Limiting direct PCI/PCI transfers
[    0.910518] PCI: CLS 0 bytes, default 64
[    0.911498] PCI-DMA: Using software bounce buffering for IO (SWIOTLB)
[    0.912870] software IO TLB: mapped [mem 0x00000000bbfe0000-0x00000000bffe0000] (64MB)
[    0.915554] clocksource: tsc: mask: 0xffffffffffffffff max_cycles: 0x31027285e94, max_idle_ns: 440795238296 ns
[    0.926990] Initialise system trusted keyrings
[    0.928538] workingset: timestamp_bits=40 (anon: 35) max_order=20 bucket_order=0 (anon: 0)
[    0.931500] squashfs: version 4.0 (2009/01/31) Phillip Lougher
[    0.933445] NFS: Registering the id_resolver key type
[    0.934654] Key type id_resolver registered
[    0.935576] Key type id_legacy registered
[    0.936523] nfs4filelayout_init: NFSv4 File Layout Driver Registering...
[    0.937993] nfs4flexfilelayout_init: NFSv4 Flexfile Layout Driver Registering...
[    0.939859] fuse: init (API version 7.45)
[    0.941107] 9p: Installing v9fs 9p2000 file system support
[    0.944089] NET: Registered PF_ALG protocol family
[    0.945195] Key type asymmetric registered
[    0.946092] Asymmetric key parser 'x509' registered
[    0.947248] Block layer SCSI generic (bsg) driver version 0.4 loaded (major 248)
[    0.949413] io scheduler mq-deadline registered
[    0.950669] io scheduler kyber registered
[    0.953251] input: Power Button as /devices/platform/LNXPWRBN:00/input/input0
[    0.955084] ACPI: button: Power Button [PWRF]
[    1.081754] ACPI: \_SB_.LNKB: Enabled at IRQ 10
[    1.205925] ACPI: \_SB_.LNKD: Enabled at IRQ 11
[    1.330661] ACPI: \_SB_.LNKA: Enabled at IRQ 10
[    1.479800] kwatchdog (97) used greatest stack depth: 14776 bytes left
[    1.580184] ACPI: \_SB_.LNKC: Enabled at IRQ 11
[    1.828735] Serial: 8250/16550 driver, 4 ports, IRQ sharing enabled
[    1.831313] 00:03: ttyS0 at I/O 0x3f8 (irq = 4, base_baud = 115200) is a 16550A
[    1.981259] Non-volatile memory driver v1.3
[    1.983184] ACPI: bus type drm_connector registered
[    2.004786] brd: module loaded
[    2.018339] loop: module loaded
[    2.023739] scsi host0: ata_piix
[    2.025791] scsi host1: ata_piix
[    2.026889] ata1: PATA max MWDMA2 cmd 0x1f0 ctl 0x3f6 bmdma 0xc1c0 irq 14 lpm-pol 0
[    2.028532] ata2: PATA max MWDMA2 cmd 0x170 ctl 0x376 bmdma 0xc1c8 irq 15 lpm-pol 0
[    2.034466] tun: Universal TUN/TAP device driver, 1.6
[    2.036087] e100: Intel(R) PRO/100 Network Driver
[    2.037203] e100: Copyright(c) 1999-2006 Intel Corporation
[    2.038460] e1000: Intel(R) PRO/1000 Network Driver
[    2.039546] e1000: Copyright (c) 1999-2006 Intel Corporation.
[    2.040869] e1000e: Intel(R) PRO/1000 Network Driver
[    2.041967] e1000e: Copyright(c) 1999 - 2015 Intel Corporation.
[    2.043353] sky2: driver version 1.30
[    2.045298] usbcore: registered new interface driver usblp
[    2.046552] usbcore: registered new interface driver usb-storage
[    2.047984] i8042: PNP: PS/2 Controller [PNP0303:KBD,PNP0f13:MOU] at 0x60,0x64 irq 1,12
[    2.051089] serio: i8042 KBD port at 0x60,0x64 irq 1
[    2.052583] serio: i8042 AUX port at 0x60,0x64 irq 12
[    2.054916] rtc_cmos PNP0B00:00: RTC can wake from S4
[    2.058083] input: AT Translated Set 2 keyboard as /devices/platform/i8042/serio0/input/input1
[    2.058472] rtc_cmos PNP0B00:00: registered as rtc0
[    2.061928] rtc_cmos PNP0B00:00: alarms up to one day, y3k, 242 bytes nvram, hpet irqs
[    2.064450] Registered IR keymap rc-empty
[    2.065607] rc rc0: rc-core loopback device as /devices/virtual/rc/rc0
[    2.067492] rc rc0: lirc_dev: driver rc-loopback registered at minor = 0, raw IR receiver, raw IR transmitter
[    2.070120] input: rc-core loopback device as /devices/virtual/rc/rc0/input2
[    2.073411] intel_powerclamp: CPU does not support MWAIT
[    2.074772] device-mapper: core: CONFIG_IMA_DISABLE_HTABLE is disabled. Duplicate IMA measurements will not be recorded in the IMA log.
[    2.078148] device-mapper: ioctl: 4.50.0-ioctl (2025-04-28) initialised: dm-devel@lists.linux.dev
[    2.080202] amd_pstate: the _CPC object is not present in SBIOS or ACPI disabled
[    2.082979] hid: raw HID events driver (C) Jiri Kosina
[    2.086465] usbcore: registered new interface driver usbhid
[    2.087757] usbhid: USB HID core driver
[    2.089967] GACT probability NOT on
[    2.090789] Mirror/redirect action on
[    2.093246] nf_conntrack_irc: The irc conntrack helper is scheduled for removal.
[    2.093246] Please contact the netfilter-devel mailing list if you still need this.
[    2.098495] ipip: IPv4 and MPLS over IPv4 tunneling driver
[    2.100515] gre: GRE over IPv4 demultiplexer driver
[    2.101592] ip_gre: GRE over IPv4 tunneling driver
[    2.105187] Initializing XFRM netlink socket
[    2.106194] IPsec XFRM device driver
[    2.107141] NET: Registered PF_INET6 protocol family
[    2.110552] Segment Routing with IPv6
[    2.111426] In-situ OAM (IOAM) with IPv6
[    2.112327] mip6: Mobile IPv6
[    2.113013] sit: IPv6, IPv4 and MPLS over IPv4 tunneling driver
[    2.116148] ip6_gre: GRE over IPv6 tunneling driver
[    2.118109] NET: Registered PF_PACKET protocol family
[    2.119363] RPC: Registered rdma transport module.
[    2.120416] RPC: Registered rdma backchannel transport module.
[    2.121970] 8021q: 802.1Q VLAN Support v1.8
[    2.123492] smc: adding smcd device lo without pnetid
[    2.124812] NET: Registered PF_SMC protocol family
[    2.126667] 9pnet: Installing 9P2000 support
[    2.129163] Key type dns_resolver registered
[    2.130306] NET: Registered PF_VSOCK protocol family
[    2.131513] mpls_gso: MPLS GSO support
[    2.136325] IPI shorthand broadcast: enabled
[    2.181558] sched_clock: Marking stable (2157015353, 23613988)->(2284171167, -103541826)
[    2.183795] ata2: found unknown device (class 0)
[    2.185536] registered taskstats version 1
[    2.186469] ata2.00: ATAPI: QEMU DVD-ROM, 2.5+, max UDMA/100
[    2.191455] scsi 1:0:0:0: CD-ROM            QEMU     QEMU DVD-ROM     2.5+ PQ: 0 ANSI: 5
[    2.203964] Loading compiled-in X.509 certificates
[    2.206362] kworker/u32:1 (118) used greatest stack depth: 14152 bytes left
[    2.207547] Loaded X.509 cert 'Build time autogenerated kernel key: c4531344b9a9c1a4731230d977a262ba29ba5272'
[    2.214701] sr 1:0:0:0: [sr0] scsi3-mmc drive: 4x/4x cd/rw xa/form2 tray
[    2.239526] cdrom: Uniform CD-ROM driver Revision: 3.20
[    2.248770] Demotion targets for Node 0: null
[    2.250305] ima: No TPM chip found, activating TPM-bypass!
[    2.251572] ima: Allocated hash algorithm: sha1
[    2.252843] ima: No architecture policies found
[    2.253259] sr 1:0:0:0: Attached scsi CD-ROM sr0
[    2.255001] PM:   Magic number: 6:117:99
[    2.256179] sr 1:0:0:0: Attached scsi generic sg0 type 5
[    2.256226] netconsole: network logging started
[    2.259431] cfg80211: Loading compiled-in X.509 certificates for regulatory database
[    2.262321] Loaded X.509 cert 'sforshee: 00b28ddf47aef9cea7'
[    2.263858] Loaded X.509 cert 'wens: 61c038651aabdcf94bd0ac7ff06c7248db18c600'
[    2.265738] faux_driver regulatory: Direct firmware load for regulatory.db failed with error -2
[    2.267699] cfg80211: failed to load regulatory.db
[    2.268879] ALSA device list:
[    2.269570]   No soundcards found.
[    2.496562] input: ImExPS/2 Generic Explorer Mouse as /devices/platform/i8042/serio1/input/input4
[    2.498450] md: Skipping autodetection of RAID arrays. (raid=autodetect will force)
[    2.499784] 9p: Bad value for 'source'
[    2.500499] 9pnet: Limiting 'msize' to 512000 as this is the maximum supported by transport virtio
[    2.503851] VFS: Mounted root (9p filesystem) on device 0:22.
[    2.505537] devtmpfs: mounted
[    2.506236] VFS: Pivoted into new rootfs
[    2.511379] Freeing unused kernel image (initmem) memory: 4668K
[    2.512268] Write protecting the kernel read-only data: 45056k
[    2.514257] Freeing unused kernel image (text/rodata gap) memory: 984K
[    2.515689] Freeing unused kernel image (rodata/data gap) memory: 400K
[    2.553994] x86/mm: Checked W+X mappings: passed, no W+X pages found.
[    2.554917] Run /home/prozak/.local/share/vng-venv/lib/python3.12/site-packages/virtme/guest/bin/virtme-ng-init as init process
[    2.556508]   with arguments:
[    2.556985]     /home/prozak/.local/share/vng-venv/lib/python3.12/site-packages/virtme/guest/bin/virtme-ng-init
[    2.558335]   with environment:
[    2.558795]     HOME=/
[    2.559130]     TERM=linux
[    2.559504]     virtme_hostname=virtme-ng
[    2.560130]     nr_open=1048576
[    2.560583]     virtme_link_mods=/home/prozak/sources/heimdall_experiment/uml-harness/.build/bpf-next-x86/.virtme_mods/lib/modules/0.0.0
[    2.562249]     virtme_rw_overlay0=/tmp
[    2.562791]     virtme_console=ttyS0
[    2.563280]     virtme_chdir=home/prozak/sources/heimdall_experiment/uml-harness/.build/selftests-output-qemu
[    2.640721] virtme-ng-init: mount devtmpfs -> /dev: EBUSY: Device or resource busy
[    2.642428] virtme-ng-init: Setting hostname to virtme-ng...
[    2.674840] virtme-ng-init: running systemd-tmpfiles
[    3.863191] systemd-tmpfile (127) used greatest stack depth: 12504 bytes left
[    3.863302] virtme-ng-init: basic initialization done
[    3.881119] virtme-ng-init: error creating file: Permission denied (os error 13)
[    3.990272] ip (133) used greatest stack depth: 11848 bytes left
[    4.109323] virtme-ng-init: Starting systemd-udevd version 255.4-1ubuntu8.16
[    4.111275] virtme-ng-init: triggering udev coldplug
[    7.216019] virtme-ng-init: waiting for udev to settle
[    8.019749] virtme-ng-init: udev is done
[    8.024492] virtme-ng-init: starting script
[    8.311466] bpf_testmod: loading out-of-tree module taints kernel.
[    8.312407] bpf_testmod: module verification failed: signature and/or required key missing - tainting kernel
[    8.620258] TCP: bpf_incompl_ops does not implement required ops
[    8.761556] TCP: tcp_ca_wrong not registered or non-unique key
[    9.113166] smc: removing smcd device lo
[    9.180552] ACPI: PM: Preparing to enter system sleep state S5
[    9.181855] reboot: Power down
