#527     timer_start_delete_race:OK
Summary: 1/0 PASSED, 0 SKIPPED, 0 FAILED
xtract_kernel
input_data: 0x00000000049762c4
input_len: 0x00000000015c3b21
output: 0x0000000001000000
output_len: 0x00000000045c1650
kernel_total_size: 0x0000000004f8d000
needed_size: 0x0000000005000000
trampoline_32bit: 0x0000000000000000
Physical KASLR using RDRAND RDTSC...
Virtual KASLR using RDRAND RDTSC...

Decompressing Linux... Parsing ELF... Performing relocations... done.
Booting the kernel (entry_offset: 0x0000000003db5740).
[    0.000000] Linux version 7.2.0-rc1-g5e2f4aad04e2 (prozak@powertower) (gcc (Ubuntu 13.3.0-6ubuntu2~24.04.1) 13.3.0, GNU ld (GNU Binutils for Ubuntu) 2.42) #3 SMP PREEMPT_DYNAMIC Sun Aug  2 09:03:43 PDT 2026
[    0.000000] Command line: virtme_hostname=virtme-ng nr_open=1048576 virtme_link_mods=/home/prozak/sources/heimdall_experiment/uml-harness/.build/bpf-next-x86/.virtme_mods/lib/modules/0.0.0 virtme_rw_overlay0=/tmp virtme_console=ttyS0 console=ttyS0 earlyprintk=serial,ttyS0,115200 panic=-1 virtme.exec=`bW91bnQgLXQgYnBmIGJwZmZzIC9zeXMvZnMvYnBmIDI+L2Rldi9udWxsOyAuL3Rlc3RfcHJvZ3MgLXQgJ3RpbWVyX3N0YXJ0X2RlbGV0ZV9yYWNlJw==` virtme_chdir=home/prozak/sources/heimdall_experiment/uml-harness/.build/selftests-output-qemu rootfstype=9p rootflags=version=9p2000.L,trans=virtio,access=any,msize=524288 raid=noautodetect rw debug init=/home/prozak/.local/share/vng-venv/lib/python3.12/site-packages/virtme/guest/bin/virtme-ng-init
[    0.000000] x86 CPU feature dependency check failure: CPU0 has '18*32+31' enabled but '18*32+26' disabled. Kernel might be fine, but no guarantees.
[    0.000000] BIOS-provided physical RAM map:
[    0.000000] BIOS-e820: [mem 0x0000000000000000-0x000000000009fbff]  System RAM
[    0.000000] BIOS-e820: [mem 0x000000000009fc00-0x000000000009ffff]  device reserved
[    0.000000] BIOS-e820: [gap 0x00000000000a0000-0x00000000000effff]
[    0.000000] BIOS-e820: [mem 0x00000000000f0000-0x00000000000fffff]  device reserved
[    0.000000] BIOS-e820: [mem 0x0000000000100000-0x00000000bffdffff]  System RAM
[    0.000000] BIOS-e820: [mem 0x00000000bffe0000-0x00000000bfffffff]  device reserved
[    0.000000] BIOS-e820: [gap 0x00000000c0000000-0x00000000feffbfff]
[    0.000000] BIOS-e820: [mem 0x00000000feffc000-0x00000000feffffff]  device reserved
[    0.000000] BIOS-e820: [gap 0x00000000ff000000-0x00000000fffbffff]
[    0.000000] BIOS-e820: [mem 0x00000000fffc0000-0x00000000ffffffff]  device reserved
[    0.000000] BIOS-e820: [mem 0x0000000100000000-0x000000013fffffff]  System RAM
[    0.000000] BIOS-e820: [gap 0x0000000140000000-0x000000fcffffffff]
[    0.000000] BIOS-e820: [mem 0x000000fd00000000-0x000000ffffffffff]  device reserved
[    0.000000] printk: legacy bootconsole [earlyser0] enabled
[    0.000000] NX (Execute Disable) protection: active
[    0.000000] APIC: Static calls initialized
[    0.000000] DMI: SMBIOS 3.0.0 present.
[    0.000000] DMI: QEMU Ubuntu 24.04 PC v2 (i440FX + PIIX, arch_caps fix, 1996), BIOS 1.16.3-debian-1.16.3-2 04/01/2014
[    0.000000] DMI: Memory slots populated: 1/1
[    0.000000] Hypervisor detected: KVM
[    0.000000] last_pfn = 0xbffe0 max_arch_pfn = 0x400000000
[    0.000000] kvm-clock: Using msrs 4b564d01 and 4b564d00
[    0.000001] kvm-clock: using sched offset of 462870313 cycles
[    0.000933] clocksource: kvm-clock: mask: 0xffffffffffffffff max_cycles: 0x1cd42e4dffb, max_idle_ns: 881590591483 ns
[    0.003890] tsc: Detected 3400.038 MHz processor
[    0.005091] e820: update [mem 0x00000000-0x00000fff] System RAM ==> device reserved
[    0.006476] e820: remove [mem 0x000a0000-0x000fffff] System RAM
[    0.007584] last_pfn = 0x140000 max_arch_pfn = 0x400000000
[    0.008679] MTRR map: 4 entries (3 fixed + 1 variable; max 19), built from 8 variable MTRRs
[    0.010210] x86/PAT: Configuration [0-7]: WB  WC  UC- UC  WB  WP  UC- WT  
Memory KASLR using RDRAND RDTSC...
[    0.012173] last_pfn = 0xbffe0 max_arch_pfn = 0x400000000
[    0.014402] found SMP MP-table at [mem 0x000f5450-0x000f545f]
[    0.015444] Using GB pages for direct mapping
[    0.016357] ACPI: Early table checksum verification disabled
[    0.017387] ACPI: RSDP 0x00000000000F5240 000014 (v00 BOCHS )
[    0.018441] ACPI: RSDT 0x00000000BFFE1F16 000034 (v01 BOCHS  BXPC     00000001 BXPC 00000001)
[    0.019980] ACPI: FACP 0x00000000BFFE1D92 000074 (v01 BOCHS  BXPC     00000001 BXPC 00000001)
[    0.021522] ACPI: DSDT 0x00000000BFFE0040 001D52 (v01 BOCHS  BXPC     00000001 BXPC 00000001)
[    0.023059] ACPI: FACS 0x00000000BFFE0000 000040
[    0.023933] ACPI: APIC 0x00000000BFFE1E06 0000B0 (v03 BOCHS  BXPC     00000001 BXPC 00000001)
[    0.025509] ACPI: HPET 0x00000000BFFE1EB6 000038 (v01 BOCHS  BXPC     00000001 BXPC 00000001)
[    0.027094] ACPI: WAET 0x00000000BFFE1EEE 000028 (v01 BOCHS  BXPC     00000001 BXPC 00000001)
[    0.028639] ACPI: Reserving FACP table memory at [mem 0xbffe1d92-0xbffe1e05]
[    0.029882] ACPI: Reserving DSDT table memory at [mem 0xbffe0040-0xbffe1d91]
[    0.031125] ACPI: Reserving FACS table memory at [mem 0xbffe0000-0xbffe003f]
[    0.032365] ACPI: Reserving APIC table memory at [mem 0xbffe1e06-0xbffe1eb5]
[    0.033620] ACPI: Reserving HPET table memory at [mem 0xbffe1eb6-0xbffe1eed]
[    0.034864] ACPI: Reserving WAET table memory at [mem 0xbffe1eee-0xbffe1f15]
[    0.036579] No NUMA configuration found
[    0.037263] Faking a node at [mem 0x0000000000000000-0x000000013fffffff]
[    0.038440] NODE_DATA(0) allocated [mem 0x13fffbc80-0x13fffffff]
[    0.040342] ACPI: PM-Timer IO Port: 0x608
[    0.041055] ACPI: LAPIC_NMI (acpi_id[0xff] dfl dfl lint[0x1])
[    0.042155] IOAPIC[0]: apic_id 0, version 17, address 0xfec00000, GSI 0-23
[    0.043397] ACPI: INT_SRC_OVR (bus 0 bus_irq 0 global_irq 2 dfl dfl)
[    0.044516] ACPI: INT_SRC_OVR (bus 0 bus_irq 5 global_irq 5 high level)
[    0.045696] ACPI: INT_SRC_OVR (bus 0 bus_irq 9 global_irq 9 high level)
[    0.046840] ACPI: INT_SRC_OVR (bus 0 bus_irq 10 global_irq 10 high level)
[    0.048047] ACPI: INT_SRC_OVR (bus 0 bus_irq 11 global_irq 11 high level)
[    0.049221] ACPI: Using ACPI (MADT) for SMP configuration information
[    0.050401] ACPI: HPET id: 0x8086a201 base: 0xfed00000
[    0.051313] TSC deadline timer available
[    0.052010] CPU topo: Max. logical packages:   1
[    0.052822] CPU topo: Max. logical nodes:      1
[    0.053635] CPU topo: Num. nodes per package:  1
[    0.054471] CPU topo: Max. logical dies:       1
[    0.055324] CPU topo: Max. dies per package:   1
[    0.056165] CPU topo: Max. threads per core:   1
[    0.057002] CPU topo: Num. cores per package:     8
[    0.057947] CPU topo: Num. threads per package:   8
[    0.058796] CPU topo: Allowing 8 present CPUs plus 0 hotplug CPUs
[    0.059889] kvm-guest: APIC: eoi() replaced with kvm_guest_apic_eoi_write()
[    0.061163] kvm-guest: KVM setup pv remote TLB flush
[    0.062099] kvm-guest: setup PV sched yield
[    0.062846] PM: hibernation: Registered nosave memory: [mem 0x00000000-0x00000fff]
[    0.064212] PM: hibernation: Registered nosave memory: [mem 0x0009f000-0x000fffff]
[    0.065540] PM: hibernation: Registered nosave memory: [mem 0xbffe0000-0xffffffff]
[    0.066908] [gap 0xc0000000-0xfeffbfff] available for PCI devices
[    0.067982] Booting paravirtualized kernel on KVM
[    0.068797] clocksource: refined-jiffies: mask: 0xffffffff max_cycles: 0xffffffff, max_idle_ns: 1910969940391419 ns
[    0.075364] Zone ranges:
[    0.075837]   DMA      [mem 0x0000000000001000-0x0000000000ffffff]
[    0.076925]   DMA32    [mem 0x0000000001000000-0x00000000ffffffff]
[    0.078048]   Normal   [mem 0x0000000100000000-0x000000013fffffff]
[    0.079150] Movable zone start for each node
[    0.079922] Early memory node ranges
[    0.080541]   node   0: [mem 0x0000000000001000-0x000000000009efff]
[    0.081625]   node   0: [mem 0x0000000000100000-0x00000000bffdffff]
[    0.082733]   node   0: [mem 0x0000000100000000-0x000000013fffffff]
[    0.083870] Initmem setup node 0 [mem 0x0000000000001000-0x000000013fffffff]
[    0.085195] On node 0, zone DMA: 1 pages in unavailable ranges
[    0.086608] On node 0, zone DMA: 97 pages in unavailable ranges
[    0.191337] On node 0, zone Normal: 32 pages in unavailable ranges
[    0.192553] setup_percpu: NR_CPUS:128 nr_cpumask_bits:8 nr_cpu_ids:8 nr_node_ids:1
[    0.197074] percpu: Embedded 58 pages/cpu s199696 r8192 d29680 u262144
[    0.198238] pcpu-alloc: s199696 r8192 d29680 u262144 alloc=1*2097152
[    0.199407] pcpu-alloc: [0] 0 1 2 3 4 5 6 7 
[    0.200236] Kernel command line: virtme_hostname=virtme-ng nr_open=1048576 virtme_link_mods=/home/prozak/sources/heimdall_experiment/uml-harness/.build/bpf-next-x86/.virtme_mods/lib/modules/0.0.0 virtme_rw_overlay0=/tmp virtme_console=ttyS0 console=ttyS0 earlyprintk=serial,ttyS0,115200 panic=-1 virtme.exec=`bW91bnQgLXQgYnBmIGJwZmZzIC9zeXMvZnMvYnBmIDI+L2Rldi9udWxsOyAuL3Rlc3RfcHJvZ3MgLXQgJ3RpbWVyX3N0YXJ0X2RlbGV0ZV9yYWNlJw==` virtme_chdir=home/prozak/sources/heimdall_experiment/uml-harness/.build/selftests-output-qemu rootfstype=9p rootflags=version=9p2000.L,trans=virtio,access=any,msize=524288 raid=noautodetect rw debug init=/home/prozak/.local/share/vng-venv/lib/python3.12/site-packages/virtme/guest/bin/virtme-ng-init
[    0.211592] Unknown kernel command line parameters "virtme_hostname=virtme-ng nr_open=1048576 virtme_link_mods=/home/prozak/sources/heimdall_experiment/uml-harness/.build/bpf-next-x86/.virtme_mods/lib/modules/0.0.0 virtme_rw_overlay0=/tmp virtme_console=ttyS0 virtme_chdir=home/prozak/sources/heimdall_experiment/uml-harness/.build/selftests-output-qemu", will be passed to user space.
[    0.217675] random: crng init done
[    0.218294] printk: log buffer data + meta data: 2097152 + 7340032 = 9437184 bytes
[    0.225953] Dentry cache hash table entries: 524288 (order: 10, 4194304 bytes, linear)
[    0.230573] Inode-cache hash table entries: 262144 (order: 9, 2097152 bytes, linear)
[    0.232171] software IO TLB: area num 8.
[    0.340604] Fallback order for Node 0: 0 
[    0.340612] Built 1 zonelists, mobility grouping on.  Total pages: 1048446
[    0.342701] Policy zone: Normal
[    0.343264] mem auto-init: stack:all(zero), heap alloc:off, heap free:off
[    0.349812] SLUB: HWalign=64, Order=0-3, MinObjects=0, CPUs=8, Nodes=1
Poking KASLR using RDRAND RDTSC...
[    0.365133] ftrace: allocating 69757 entries in 274 pages
[    0.366137] ftrace: allocated 274 pages with 3 groups
[    0.367461] Dynamic Preempt: full
[    0.368315] Running RCU self tests
[    0.368949] Running RCU synchronous self tests
[    0.369730] rcu: Preemptible hierarchical RCU implementation.
[    0.370748] rcu: 	RCU event tracing is enabled.
[    0.371605] rcu: 	RCU lockdep checking is enabled.
[    0.372454] rcu: 	RCU restricting CPUs from NR_CPUS=128 to nr_cpu_ids=8.
[    0.373641] 	Trampoline variant of Tasks RCU enabled.
[    0.374554] 	Rude variant of Tasks RCU enabled.
[    0.375342] 	Tracing variant of Tasks RCU enabled.
[    0.376208] rcu: RCU calculated value of scheduler-enlistment delay is 100 jiffies.
[    0.377559] rcu: Adjusting geometry for rcu_fanout_leaf=16, nr_cpu_ids=8
[    0.378790] Running RCU synchronous self tests
[    0.379568] RCU Tasks: Setting shift to 3 and lim to 1 rcu_task_cb_adjust=1 rcu_task_cpu_ids=8.
[    0.381135] RCU Tasks Rude: Setting shift to 3 and lim to 1 rcu_task_cb_adjust=1 rcu_task_cpu_ids=8.
[    0.388256] NR_IRQS: 8448, nr_irqs: 488, preallocated irqs: 16
[    0.389672] rcu: srcu_init: Setting srcu_struct sizes based on contention.
[    0.390984] clocksource: jiffies: mask: 0xffffffff max_cycles: 0xffffffff, max_idle_ns: 1911260446275000 ns
[    0.393081] Console: colour *CGA 80x25
[    0.393802] printk: legacy console [ttyS0] enabled
[    0.393802] printk: legacy console [ttyS0] enabled
[    0.395536] printk: legacy bootconsole [earlyser0] disabled
[    0.395536] printk: legacy bootconsole [earlyser0] disabled
[    0.397552] Lock dependency validator: Copyright (c) 2006 Red Hat, Inc., Ingo Molnar
[    0.398944] ... MAX_LOCKDEP_SUBCLASSES:  8
[    0.399696] ... MAX_LOCK_DEPTH:          48
[    0.400448] ... MAX_LOCKDEP_KEYS:        8192
[    0.401322] ... CLASSHASH_SIZE:          4096
[    0.402128] ... MAX_LOCKDEP_ENTRIES:     32768
[    0.402968] ... MAX_LOCKDEP_CHAINS:      65536
[    0.403770] ... CHAINHASH_SIZE:          32768
[    0.404600]  memory used by lock dependency info: 6429 kB
[    0.405632]  memory used for stack traces: 4224 kB
[    0.406517]  per task-struct memory footprint: 1920 bytes
[    0.407600] ACPI: Core revision 20260408
[    0.408540] clocksource: hpet: mask: 0xffffffff max_cycles: 0xffffffff, max_idle_ns: 19112604467 ns
[    0.410430] APIC: Switch to symmetric I/O mode setup
[    0.411811] x2apic enabled
[    0.412855] APIC: Switched APIC routing to: physical x2apic
[    0.413992] kvm-guest: APIC: send_IPI_mask() replaced with kvm_send_ipi_mask()
[    0.415426] kvm-guest: APIC: send_IPI_mask_allbutself() replaced with kvm_send_ipi_mask_allbutself()
[    0.417145] kvm-guest: setup PV IPIs
[    0.419997] ..TIMER: vector=0x30 apic1=0 pin1=2 apic2=-1 pin2=-1
[    0.421165] clocksource: tsc-early: mask: 0xffffffffffffffff max_cycles: 0x31027285e94, max_idle_ns: 440795238296 ns
[    0.423138] Calibrating delay loop (skipped) preset value.. 6800.07 BogoMIPS (lpj=3400038)
[    0.425729] x86/cpu: User Mode Instruction Prevention (UMIP) activated
[    0.426541] Last level iTLB entries: 4KB 512, 2MB 255, 4MB 127
[    0.427135] Last level dTLB entries: 4KB 512, 2MB 255, 4MB 127, 1GB 0
[    0.428142] mitigations: Enabled attack vectors: user_kernel, user_user, SMT mitigations: auto
[    0.429135] Speculative Store Bypass: Mitigation: Speculative Store Bypass disabled via prctl
[    0.430135] Speculative Return Stack Overflow: IBPB-extending microcode not applied!
[    0.431135] Speculative Return Stack Overflow: WARNING: See https://kernel.org/doc/html/latest/admin-guide/hw-vuln/srso.html for mitigation options.
[    0.431136] Transient Scheduler Attacks: Vulnerable: No microcode
[    0.433135] Spectre V2 : Mitigation: Retpolines
[    0.434135] Speculative Return Stack Overflow: Vulnerable: Safe RET, no microcode
[    0.436134] Spectre V1 : Mitigation: usercopy/swapgs barriers and __user pointer sanitization
[    0.437135] Spectre V2 : Spectre v2 / SpectreRSB: Filling RSB on context switch and VMEXIT
[    0.438135] Spectre V2 : Enabling Restricted Speculation for firmware calls
[    0.439137] Spectre V2 : mitigation: Enabling conditional Indirect Branch Prediction Barrier
[    0.440135] active return thunk: srso_alias_return_thunk
[    0.441185] x86/fpu: Supporting XSAVE feature 0x001: 'x87 floating point registers'
[    0.442135] x86/fpu: Supporting XSAVE feature 0x002: 'SSE registers'
[    0.443135] x86/fpu: Supporting XSAVE feature 0x004: 'AVX registers'
[    0.444135] x86/fpu: xstate_offset[2]:  576, xstate_sizes[2]:  256
[    0.445135] x86/fpu: Enabled xstate features 0x7, context size is 832 bytes, using 'compacted' format.
[    0.479619] pid_max: default: 32768 minimum: 301
[    0.480344] SELinux:  Initializing.
[    0.482807] LSM support for eBPF active
[    0.483422] Mount-cache hash table entries: 8192 (order: 4, 65536 bytes, linear)
[    0.484256] Mountpoint-cache hash table entries: 8192 (order: 4, 65536 bytes, linear)
[    0.486288] VFS: Finished mounting rootfs on nullfs
[    0.488643] Running RCU synchronous self tests
[    0.489137] Running RCU synchronous self tests
[    0.490645] smpboot: CPU0: AMD Ryzen 9 5950X 16-Core Processor (family: 0x19, model: 0x21, stepping: 0x2)
[    0.493442] Performance Events: Fam17h+ core perfctr, AMD PMU driver.
[    0.494157] ... version:                   0
[    0.495097] ... bit width:                 48
[    0.495141] ... generic counters:          6
[    0.496043] ... generic bitmap:            000000000000003f
[    0.496142] ... fixed-purpose counters:    0
[    0.497045] ... fixed-purpose bitmap:      0000000000000000
[    0.497142] ... value mask:                0000ffffffffffff
[    0.498140] ... max period:                00007fffffffffff
[    0.499142] ... global_ctrl mask:          000000000000003f
[    0.500474] signal: max sigframe size: 1776
[    0.501300] rcu: Hierarchical SRCU implementation.
[    0.502144] rcu: 	Max phase no-delay instances is 400.
[    0.503438] Timer migration: 1 hierarchy levels; 8 children per group; 1 crossnode level
[    0.516178] smp: Bringing up secondary CPUs ...
[    0.521556] smpboot: x86: Booting SMP configuration:
[    0.522149] .... node  #0, CPUs:      #1 #2 #3 #4 #5 #6 #7
[    0.555545] smp: Brought up 1 node, 8 CPUs
[    0.557057] smpboot: Total of 8 processors activated (54400.60 BogoMIPS)
[    0.558491] Memory: 3963792K/4193784K available (25637K kernel code, 10348K rwdata, 18032K rodata, 4668K init, 13400K bss, 221936K reserved, 0K cma-reserved)
[    0.561539] devtmpfs: initialized
[    0.565455] Running RCU synchronous self tests
[    0.566162] Running RCU synchronous self tests
[    0.567248] Running RCU Tasks wait API self tests
[    0.568194] Running RCU Tasks Rude wait API self tests
[    0.569144] Running RCU Tasks Trace wait API self tests
[    0.570249] posixtimers hash table entries: 4096 (order: 7, 294912 bytes, linear)
[    0.572328] futex hash table entries: 2048 (262144 bytes on 1 NUMA nodes, total 256 KiB, linear).
[    0.574141] PM: RTC time: 17:01:16, date: 2026-08-02
[    0.575173] Callback from call_rcu_tasks_trace() invoked.
[    0.581162] NET: Registered PF_NETLINK/PF_ROUTE protocol family
[    0.583132] audit: initializing netlink subsys (disabled)
[    0.583231] audit: type=2000 audit(1785690076.504:1): state=initialized audit_enabled=0 res=1
[    0.605468] thermal_sys: Registered thermal governor 'step_wise'
[    0.605520] cpuidle: using governor ladder
[    0.607097] cpuidle: using governor menu
[    0.608366] Freeing SMP alternatives memory: 68K
[    0.610003] PCI: Using configuration type 1 for base access
[    0.610143] PCI: Using configuration type 1 for extended access
[    0.611308] kprobes: kprobe jump-optimization is enabled. All kprobes are optimized if possible.
[    0.613281] HugeTLB: registered 1.00 GiB page size, pre-allocated 0 pages
[    0.614143] HugeTLB: 16380 KiB vmemmap can be freed for a 1.00 GiB page
[    0.615143] HugeTLB: registered 2.00 MiB page size, pre-allocated 0 pages
[    0.616141] HugeTLB: 28 KiB vmemmap can be freed for a 2.00 MiB page
[    0.622044] ACPI: Added _OSI(Module Device)
[    0.622144] ACPI: Added _OSI(Processor Device)
[    0.623132] ACPI: Added _OSI(Processor Aggregator Device)
[    0.626677] ACPI: 1 ACPI AML tables successfully acquired and loaded
[    0.630186] ACPI: \_SB_: platform _OSC: OS support mask [002a7eee]
[    0.631889] ACPI: Interpreter enabled
[    0.632213] ACPI: PM: (supports S0 S3 S4 S5)
[    0.633162] ACPI: Using IOAPIC for interrupt routing
[    0.634194] PCI: Using host bridge windows from ACPI; if necessary, use "pci=nocrs" and report a bug
[    0.635141] PCI: Using E820 reservations for host bridge windows
[    0.636518] ACPI: Enabled 2 GPEs in block 00 to 0F
[    0.652517] ACPI: PCI Root Bridge [PCI0] (domain 0000 [bus 00-ff])
[    0.653147] acpi PNP0A03:00: _OSC: OS supports [ExtendedConfig ASPM ClockPM Segments MSI HPX-Type3]
[    0.654154] acpi PNP0A03:00: _OSC: OS requested [PME PCIeCapability LTR]
[    0.655142] acpi PNP0A03:00: _OSC: platform willing to grant [PME PCIeCapability LTR]
[    0.656143] acpi PNP0A03:00: _OSC: platform retains control of PCIe features (AE_ERROR)
[    0.657931] PCI host bridge to bus 0000:00
[    0.658151] pci_bus 0000:00: root bus resource [io  0x0000-0x0cf7 window]
[    0.659144] pci_bus 0000:00: root bus resource [io  0x0d00-0xffff window]
[    0.660144] pci_bus 0000:00: root bus resource [mem 0x000a0000-0x000bffff window]
[    0.661143] pci_bus 0000:00: root bus resource [mem 0xc0000000-0xfebfffff window]
[    0.662143] pci_bus 0000:00: root bus resource [mem 0x380000000000-0x38007fffffff window]
[    0.663143] pci_bus 0000:00: root bus resource [bus 00-ff]
[    0.664560] pci 0000:00:00.0: [8086:1237] type 00 class 0x060000 conventional PCI endpoint
[    0.666742] pci 0000:00:01.0: [8086:7000] type 00 class 0x060100 conventional PCI endpoint
[    0.668514] pci 0000:00:01.1: [8086:7010] type 00 class 0x010180 conventional PCI endpoint
[    0.669990] pci 0000:00:01.1: BAR 4 [io  0xc1c0-0xc1cf]
[    0.670218] pci 0000:00:01.1: BAR 0 [io  0x01f0-0x01f7]: legacy IDE quirk
[    0.671142] pci 0000:00:01.1: BAR 1 [io  0x03f6]: legacy IDE quirk
[    0.672143] pci 0000:00:01.1: BAR 2 [io  0x0170-0x0177]: legacy IDE quirk
[    0.673191] pci 0000:00:01.1: BAR 3 [io  0x0376]: legacy IDE quirk
[    0.674879] pci 0000:00:01.3: [8086:7113] type 00 class 0x068000 conventional PCI endpoint
[    0.675869] pci 0000:00:01.3: quirk: [io  0x0600-0x063f] claimed by PIIX4 ACPI
[    0.676160] pci 0000:00:01.3: quirk: [io  0x0700-0x070f] claimed by PIIX4 SMB
[    0.678142] pci 0000:00:02.0: [1af4:1009] type 00 class 0x000200 conventional PCI endpoint
[    0.680740] pci 0000:00:02.0: BAR 0 [io  0xc000-0xc03f]
[    0.681160] pci 0000:00:02.0: BAR 1 [mem 0xfebf8000-0xfebf8fff]
[    0.682202] pci 0000:00:02.0: BAR 4 [mem 0x380000000000-0x380000003fff 64bit pref]
[    0.686177] pci 0000:00:03.0: [8086:25ab] type 00 class 0x088000 conventional PCI endpoint
[    0.688053] pci 0000:00:03.0: BAR 0 [mem 0xfebf9000-0xfebf900f]
[    0.690702] pci 0000:00:04.0: [1af4:1003] type 00 class 0x078000 conventional PCI endpoint
[    0.693084] pci 0000:00:04.0: BAR 0 [io  0xc040-0xc07f]
[    0.693159] pci 0000:00:04.0: BAR 1 [mem 0xfebfa000-0xfebfafff]
[    0.694203] pci 0000:00:04.0: BAR 4 [mem 0x380000004000-0x380000007fff 64bit pref]
[    0.698346] pci 0000:00:05.0: [1af4:1003] type 00 class 0x078000 conventional PCI endpoint
[    0.700158] pci 0000:00:05.0: BAR 0 [io  0xc080-0xc0bf]
[    0.701160] pci 0000:00:05.0: BAR 1 [mem 0xfebfb000-0xfebfbfff]
[    0.702205] pci 0000:00:05.0: BAR 4 [mem 0x380000008000-0x38000000bfff 64bit pref]
[    0.706353] pci 0000:00:06.0: [1af4:1003] type 00 class 0x078000 conventional PCI endpoint
[    0.708161] pci 0000:00:06.0: BAR 0 [io  0xc0c0-0xc0ff]
[    0.709162] pci 0000:00:06.0: BAR 1 [mem 0xfebfc000-0xfebfcfff]
[    0.710202] pci 0000:00:06.0: BAR 4 [mem 0x38000000c000-0x38000000ffff 64bit pref]
[    0.714471] pci 0000:00:07.0: [1af4:1003] type 00 class 0x078000 conventional PCI endpoint
[    0.716081] pci 0000:00:07.0: BAR 0 [io  0xc100-0xc13f]
[    0.716160] pci 0000:00:07.0: BAR 1 [mem 0xfebfd000-0xfebfdfff]
[    0.717202] pci 0000:00:07.0: BAR 4 [mem 0x380000010000-0x380000013fff 64bit pref]
[    0.721367] pci 0000:00:08.0: [1af4:1003] type 00 class 0x078000 conventional PCI endpoint
[    0.723141] pci 0000:00:08.0: BAR 0 [io  0xc140-0xc17f]
[    0.724180] pci 0000:00:08.0: BAR 1 [mem 0xfebfe000-0xfebfefff]
[    0.725204] pci 0000:00:08.0: BAR 4 [mem 0x380000014000-0x380000017fff 64bit pref]
[    0.729321] pci 0000:00:09.0: [1af4:1003] type 00 class 0x078000 conventional PCI endpoint
[    0.731072] pci 0000:00:09.0: BAR 0 [io  0xc180-0xc1bf]
[    0.731160] pci 0000:00:09.0: BAR 1 [mem 0xfebff000-0xfebfffff]
[    0.732203] pci 0000:00:09.0: BAR 4 [mem 0x380000018000-0x38000001bfff 64bit pref]
[    0.741256] ACPI: PCI: Interrupt link LNKA configured for IRQ 10
[    0.742403] ACPI: PCI: Interrupt link LNKB configured for IRQ 10
[    0.743397] ACPI: PCI: Interrupt link LNKC configured for IRQ 11
[    0.744393] ACPI: PCI: Interrupt link LNKD configured for IRQ 11
[    0.745271] ACPI: PCI: Interrupt link LNKS configured for IRQ 9
[    0.748165] iommu: Default domain type: Translated
[    0.749142] iommu: DMA domain TLB invalidation policy: lazy mode
[    0.751585] SCSI subsystem initialized
[    0.752197] libata version 3.00 loaded.
[    0.753306] ACPI: bus type USB registered
[    0.754272] usbcore: registered new interface driver usbfs
[    0.755213] usbcore: registered new interface driver hub
[    0.756184] usbcore: registered new device driver usb
[    0.757396] pps_core: LinuxPPS API ver. 1 registered
[    0.758142] pps_core: Software ver. 5.3.6 - Copyright 2005-2007 Rodolfo Giometti <giometti@linux.it>
[    0.759168] PTP clock support registered
[    0.760647] Advanced Linux Sound Architecture Driver Initialized.
[    0.762362] NetLabel: Initializing
[    0.763128] NetLabel:  domain hash size = 128
[    0.763142] NetLabel:  protocols = UNLABELED CIPSOv4 CALIPSO
[    0.764191] NetLabel:  unlabeled traffic allowed by default
[    0.765353] PCI: Using ACPI for IRQ routing
[    0.766142] PCI: pci_cache_line_size set to 64 bytes
[    0.767502] e820: register RAM buffer resource [mem 0x0009fc00-0x0009ffff]
[    0.768142] e820: register RAM buffer resource [mem 0xbffe0000-0xbfffffff]
[    0.769258] vgaarb: loaded
[    0.769934] hpet0: at MMIO 0xfed00000, IRQs 2, 8, 0
[    0.770142] hpet0: 3 comparators, 64-bit 100.000000 MHz counter
[    0.775509] clocksource: Switched to clocksource kvm-clock
[    0.776595] Callback from call_rcu_tasks() invoked.
[    0.777736] VFS: Disk quotas dquot_6.6.0
[    0.778865] VFS: Dquot-cache hash table entries: 512 (4096 bytes)
[    0.781300] pnp: PnP ACPI init
[    0.782479] pnp 00:02: [dma 2]
[    0.784014] pnp: PnP ACPI: found 4 devices
[    0.802248] clocksource: acpi_pm: mask: 0xffffff max_cycles: 0xffffff, max_idle_ns: 2085701024 ns
[    0.804520] NET: Registered PF_INET protocol family
[    0.806814] IP idents hash table entries: 65536 (order: 7, 524288 bytes, linear)
[    0.810791] tcp_listen_portaddr_hash hash table entries: 2048 (order: 6, 147456 bytes, linear)
[    0.813039] Table-perturb hash table entries: 65536 (order: 6, 262144 bytes, linear)
[    0.814745] TCP established hash table entries: 32768 (order: 6, 262144 bytes, linear)
[    0.816996] TCP bind hash table entries: 32768 (order: 11, 4718592 bytes, vmalloc hugepage)
[    0.828529] TCP: Hash tables configured (established 32768 bind 32768)
[    0.831565] MPTCP token hash table entries: 4096 (order: 7, 360448 bytes, linear)
[    0.833491] UDP hash table entries: 2048 (order: 7, 524288 bytes, linear)
[    0.836275] NET: Registered PF_UNIX/PF_LOCAL protocol family
[    0.838702] RPC: Registered named UNIX socket transport module.
[    0.840032] RPC: Registered udp transport module.
[    0.841180] RPC: Registered tcp transport module.
[    0.842243] RPC: Registered tcp-with-tls transport module.
[    0.843424] RPC: Registered tcp NFSv4.1 backchannel transport module.
[    0.845738] NET: Registered PF_XDP protocol family
[    0.846821] pci_bus 0000:00: resource 4 [io  0x0000-0x0cf7 window]
[    0.848175] pci_bus 0000:00: resource 5 [io  0x0d00-0xffff window]
[    0.849571] pci_bus 0000:00: resource 6 [mem 0x000a0000-0x000bffff window]
[    0.851112] pci_bus 0000:00: resource 7 [mem 0xc0000000-0xfebfffff window]
[    0.852603] pci_bus 0000:00: resource 8 [mem 0x380000000000-0x38007fffffff window]
[    0.854380] pci 0000:00:01.0: PIIX3: Enabling Passive Release
[    0.855716] pci 0000:00:00.0: Limiting direct PCI/PCI transfers
[    0.857223] PCI: CLS 0 bytes, default 64
[    0.858251] PCI-DMA: Using software bounce buffering for IO (SWIOTLB)
[    0.859653] software IO TLB: mapped [mem 0x00000000bbfe0000-0x00000000bffe0000] (64MB)
[    0.862714] clocksource: tsc: mask: 0xffffffffffffffff max_cycles: 0x31027285e94, max_idle_ns: 440795238296 ns
[    0.873851] Initialise system trusted keyrings
[    0.875390] workingset: timestamp_bits=40 (anon: 35) max_order=20 bucket_order=0 (anon: 0)
[    0.878326] squashfs: version 4.0 (2009/01/31) Phillip Lougher
[    0.880268] NFS: Registering the id_resolver key type
[    0.881394] Key type id_resolver registered
[    0.882371] Key type id_legacy registered
[    0.883277] nfs4filelayout_init: NFSv4 File Layout Driver Registering...
[    0.884774] nfs4flexfilelayout_init: NFSv4 Flexfile Layout Driver Registering...
[    0.886621] fuse: init (API version 7.45)
[    0.887910] 9p: Installing v9fs 9p2000 file system support
[    0.890889] NET: Registered PF_ALG protocol family
[    0.892020] Key type asymmetric registered
[    0.892957] Asymmetric key parser 'x509' registered
[    0.894189] Block layer SCSI generic (bsg) driver version 0.4 loaded (major 248)
[    0.896385] io scheduler mq-deadline registered
[    0.897421] io scheduler kyber registered
[    0.899732] input: Power Button as /devices/platform/LNXPWRBN:00/input/input0
[    0.901572] ACPI: button: Power Button [PWRF]
[    1.031075] ACPI: \_SB_.LNKB: Enabled at IRQ 10
[    1.158875] ACPI: \_SB_.LNKD: Enabled at IRQ 11
[    1.287824] ACPI: \_SB_.LNKA: Enabled at IRQ 10
[    1.431030] kwatchdog (97) used greatest stack depth: 14776 bytes left
[    1.541648] ACPI: \_SB_.LNKC: Enabled at IRQ 11
[    1.798657] Serial: 8250/16550 driver, 4 ports, IRQ sharing enabled
[    1.801344] 00:03: ttyS0 at I/O 0x3f8 (irq = 4, base_baud = 115200) is a 16550A
[    1.968902] Non-volatile memory driver v1.3
[    1.970867] ACPI: bus type drm_connector registered
[    1.992639] brd: module loaded
[    2.006637] loop: module loaded
[    2.012209] scsi host0: ata_piix
[    2.014021] scsi host1: ata_piix
[    2.015238] ata1: PATA max MWDMA2 cmd 0x1f0 ctl 0x3f6 bmdma 0xc1c0 irq 14 lpm-pol 0
[    2.016983] ata2: PATA max MWDMA2 cmd 0x170 ctl 0x376 bmdma 0xc1c8 irq 15 lpm-pol 0
[    2.022857] tun: Universal TUN/TAP device driver, 1.6
[    2.024537] e100: Intel(R) PRO/100 Network Driver
[    2.025645] e100: Copyright(c) 1999-2006 Intel Corporation
[    2.026929] e1000: Intel(R) PRO/1000 Network Driver
[    2.028011] e1000: Copyright (c) 1999-2006 Intel Corporation.
[    2.029424] e1000e: Intel(R) PRO/1000 Network Driver
[    2.030526] e1000e: Copyright(c) 1999 - 2015 Intel Corporation.
[    2.031873] sky2: driver version 1.30
[    2.033929] usbcore: registered new interface driver usblp
[    2.035298] usbcore: registered new interface driver usb-storage
[    2.036734] i8042: PNP: PS/2 Controller [PNP0303:KBD,PNP0f13:MOU] at 0x60,0x64 irq 1,12
[    2.039941] serio: i8042 KBD port at 0x60,0x64 irq 1
[    2.041533] serio: i8042 AUX port at 0x60,0x64 irq 12
[    2.043556] rtc_cmos PNP0B00:00: RTC can wake from S4
[    2.047161] input: AT Translated Set 2 keyboard as /devices/platform/i8042/serio0/input/input1
[    2.050034] rtc_cmos PNP0B00:00: registered as rtc0
[    2.051559] rtc_cmos PNP0B00:00: alarms up to one day, y3k, 242 bytes nvram, hpet irqs
[    2.054484] Registered IR keymap rc-empty
[    2.055957] rc rc0: rc-core loopback device as /devices/virtual/rc/rc0
[    2.058481] rc rc0: lirc_dev: driver rc-loopback registered at minor = 0, raw IR receiver, raw IR transmitter
[    2.061035] input: rc-core loopback device as /devices/virtual/rc/rc0/input4
[    2.063802] intel_powerclamp: CPU does not support MWAIT
[    2.065018] device-mapper: core: CONFIG_IMA_DISABLE_HTABLE is disabled. Duplicate IMA measurements will not be recorded in the IMA log.
[    2.068213] device-mapper: ioctl: 4.50.0-ioctl (2025-04-28) initialised: dm-devel@lists.linux.dev
[    2.070187] amd_pstate: the _CPC object is not present in SBIOS or ACPI disabled
[    2.072484] hid: raw HID events driver (C) Jiri Kosina
[    2.075319] usbcore: registered new interface driver usbhid
[    2.076569] usbhid: USB HID core driver
[    2.078713] GACT probability NOT on
[    2.079574] Mirror/redirect action on
[    2.081819] nf_conntrack_irc: The irc conntrack helper is scheduled for removal.
[    2.081819] Please contact the netfilter-devel mailing list if you still need this.
[    2.086800] ipip: IPv4 and MPLS over IPv4 tunneling driver
[    2.088804] gre: GRE over IPv4 demultiplexer driver
[    2.089904] ip_gre: GRE over IPv4 tunneling driver
[    2.093535] Initializing XFRM netlink socket
[    2.094538] IPsec XFRM device driver
[    2.095463] NET: Registered PF_INET6 protocol family
[    2.098556] Segment Routing with IPv6
[    2.099395] In-situ OAM (IOAM) with IPv6
[    2.100411] mip6: Mobile IPv6
[    2.101079] sit: IPv6, IPv4 and MPLS over IPv4 tunneling driver
[    2.103935] ip6_gre: GRE over IPv6 tunneling driver
[    2.105807] NET: Registered PF_PACKET protocol family
[    2.107017] RPC: Registered rdma transport module.
[    2.108110] RPC: Registered rdma backchannel transport module.
[    2.109669] 8021q: 802.1Q VLAN Support v1.8
[    2.111137] smc: adding smcd device lo without pnetid
[    2.112500] NET: Registered PF_SMC protocol family
[    2.114023] 9pnet: Installing 9P2000 support
[    2.116670] Key type dns_resolver registered
[    2.117891] NET: Registered PF_VSOCK protocol family
[    2.119081] mpls_gso: MPLS GSO support
[    2.123699] IPI shorthand broadcast: enabled
[    2.169961] sched_clock: Marking stable (2145054464, 24148890)->(2280871406, -111668052)
[    2.173727] registered taskstats version 1
[    2.175069] ata2: found unknown device (class 0)
[    2.177397] ata2.00: ATAPI: QEMU DVD-ROM, 2.5+, max UDMA/100
[    2.181394] scsi 1:0:0:0: CD-ROM            QEMU     QEMU DVD-ROM     2.5+ PQ: 0 ANSI: 5
[    2.192015] Loading compiled-in X.509 certificates
[    2.194299] kworker/u32:1 (120) used greatest stack depth: 14152 bytes left
[    2.195812] Loaded X.509 cert 'Build time autogenerated kernel key: c4531344b9a9c1a4731230d977a262ba29ba5272'
[    2.213477] sr 1:0:0:0: [sr0] scsi3-mmc drive: 4x/4x cd/rw xa/form2 tray
[    2.236709] Demotion targets for Node 0: null
[    2.238418] ima: No TPM chip found, activating TPM-bypass!
[    2.239380] cdrom: Uniform CD-ROM driver Revision: 3.20
[    2.240188] ima: Allocated hash algorithm: sha1
[    2.242860] ima: No architecture policies found
[    2.245044] PM:   Magic number: 6:925:35
[    2.245983] bdi 7:0: hash matches
[    2.246911] netconsole: network logging started
[    2.248785] cfg80211: Loading compiled-in X.509 certificates for regulatory database
[    2.251870] Loaded X.509 cert 'sforshee: 00b28ddf47aef9cea7'
[    2.253346] Loaded X.509 cert 'wens: 61c038651aabdcf94bd0ac7ff06c7248db18c600'
[    2.254474] sr 1:0:0:0: Attached scsi CD-ROM sr0
[    2.255355] faux_driver regulatory: Direct firmware load for regulatory.db failed with error -2
[    2.256392] ALSA device list:
[    2.257118] sr 1:0:0:0: Attached scsi generic sg0 type 5
[    2.258231] cfg80211: failed to load regulatory.db
[    2.258927]   No soundcards found.
[    2.474133] input: ImExPS/2 Generic Explorer Mouse as /devices/platform/i8042/serio1/input/input3
[    2.476114] md: Skipping autodetection of RAID arrays. (raid=autodetect will force)
[    2.477460] 9p: Bad value for 'source'
[    2.478042] 9pnet: Limiting 'msize' to 512000 as this is the maximum supported by transport virtio
[    2.481556] VFS: Mounted root (9p filesystem) on device 0:22.
[    2.483428] devtmpfs: mounted
[    2.484277] VFS: Pivoted into new rootfs
[    2.489597] Freeing unused kernel image (initmem) memory: 4668K
[    2.490459] Write protecting the kernel read-only data: 45056k
[    2.492599] Freeing unused kernel image (text/rodata gap) memory: 984K
[    2.494019] Freeing unused kernel image (rodata/data gap) memory: 400K
[    2.531612] x86/mm: Checked W+X mappings: passed, no W+X pages found.
[    2.532534] Run /home/prozak/.local/share/vng-venv/lib/python3.12/site-packages/virtme/guest/bin/virtme-ng-init as init process
[    2.534112]   with arguments:
[    2.534567]     /home/prozak/.local/share/vng-venv/lib/python3.12/site-packages/virtme/guest/bin/virtme-ng-init
[    2.535924]   with environment:
[    2.536381]     HOME=/
[    2.536714]     TERM=linux
[    2.537108]     virtme_hostname=virtme-ng
[    2.537702]     nr_open=1048576
[    2.538155]     virtme_link_mods=/home/prozak/sources/heimdall_experiment/uml-harness/.build/bpf-next-x86/.virtme_mods/lib/modules/0.0.0
[    2.539854]     virtme_rw_overlay0=/tmp
[    2.540419]     virtme_console=ttyS0
[    2.540906]     virtme_chdir=home/prozak/sources/heimdall_experiment/uml-harness/.build/selftests-output-qemu
[    2.631386] virtme-ng-init: mount devtmpfs -> /dev: EBUSY: Device or resource busy
[    2.633129] virtme-ng-init: Setting hostname to virtme-ng...
[    2.674130] virtme-ng-init: running systemd-tmpfiles
[    4.004003] systemd-tmpfile (127) used greatest stack depth: 12504 bytes left
[    4.004111] virtme-ng-init: basic initialization done
[    4.021908] virtme-ng-init: error creating file: Permission denied (os error 13)
[    4.103059] ip (133) used greatest stack depth: 11848 bytes left
[    4.200633] virtme-ng-init: Starting systemd-udevd version 255.4-1ubuntu8.16
[    4.202741] virtme-ng-init: triggering udev coldplug
[    7.332270] virtme-ng-init: waiting for udev to settle
[    8.112715] virtme-ng-init: udev is done
[    8.117452] virtme-ng-init: starting script
[    8.409839] bpf_testmod: loading out-of-tree module taints kernel.
[    8.410775] bpf_testmod: module verification failed: signature and/or required key missing - tainting kernel
[    9.378113] smc: removing smcd device lo
[    9.449782] ACPI: PM: Preparing to enter system sleep state S5
[    9.451110] reboot: Power down
