#527     timer_start_delete_race:OK
Summary: 1/0 PASSED, 0 SKIPPED, 0 FAILED
xtract_kernel
input_data: 0x00000000049762c4
input_len: 0x00000000015c3b21
output: 0x0000000001000000
output_len: 0x00000000045c1650
kernel_total_size: 0x0000000004f8d000
needed_size: 0x0000000005000000
trampoline_32bit: 0x0000000000000000
Physical KASLR using RDRAND RDTSC...
Virtual KASLR using RDRAND RDTSC...

Decompressing Linux... Parsing ELF... Performing relocations... done.
Booting the kernel (entry_offset: 0x0000000003db5740).
[    0.000000] Linux version 7.2.0-rc1-g5e2f4aad04e2 (prozak@powertower) (gcc (Ubuntu 13.3.0-6ubuntu2~24.04.1) 13.3.0, GNU ld (GNU Binutils for Ubuntu) 2.42) #3 SMP PREEMPT_DYNAMIC Sun Aug  2 09:03:43 PDT 2026
[    0.000000] Command line: virtme_hostname=virtme-ng nr_open=1048576 virtme_link_mods=/home/prozak/sources/heimdall_experiment/uml-harness/.build/bpf-next-x86/.virtme_mods/lib/modules/0.0.0 virtme_rw_overlay0=/tmp virtme_console=ttyS0 console=ttyS0 earlyprintk=serial,ttyS0,115200 panic=-1 virtme.exec=`bW91bnQgLXQgYnBmIGJwZmZzIC9zeXMvZnMvYnBmIDI+L2Rldi9udWxsOyAuL3Rlc3RfcHJvZ3MgLXQgJ3RpbWVyX3N0YXJ0X2RlbGV0ZV9yYWNlJw==` virtme_chdir=home/prozak/sources/heimdall_experiment/uml-harness/.build/selftests-output-qemu rootfstype=9p rootflags=version=9p2000.L,trans=virtio,access=any,msize=524288 raid=noautodetect rw debug init=/home/prozak/.local/share/vng-venv/lib/python3.12/site-packages/virtme/guest/bin/virtme-ng-init
[    0.000000] x86 CPU feature dependency check failure: CPU0 has '18*32+31' enabled but '18*32+26' disabled. Kernel might be fine, but no guarantees.
[    0.000000] BIOS-provided physical RAM map:
[    0.000000] BIOS-e820: [mem 0x0000000000000000-0x000000000009fbff]  System RAM
[    0.000000] BIOS-e820: [mem 0x000000000009fc00-0x000000000009ffff]  device reserved
[    0.000000] BIOS-e820: [gap 0x00000000000a0000-0x00000000000effff]
[    0.000000] BIOS-e820: [mem 0x00000000000f0000-0x00000000000fffff]  device reserved
[    0.000000] BIOS-e820: [mem 0x0000000000100000-0x00000000bffdffff]  System RAM
[    0.000000] BIOS-e820: [mem 0x00000000bffe0000-0x00000000bfffffff]  device reserved
[    0.000000] BIOS-e820: [gap 0x00000000c0000000-0x00000000feffbfff]
[    0.000000] BIOS-e820: [mem 0x00000000feffc000-0x00000000feffffff]  device reserved
[    0.000000] BIOS-e820: [gap 0x00000000ff000000-0x00000000fffbffff]
[    0.000000] BIOS-e820: [mem 0x00000000fffc0000-0x00000000ffffffff]  device reserved
[    0.000000] BIOS-e820: [mem 0x0000000100000000-0x000000013fffffff]  System RAM
[    0.000000] BIOS-e820: [gap 0x0000000140000000-0x000000fcffffffff]
[    0.000000] BIOS-e820: [mem 0x000000fd00000000-0x000000ffffffffff]  device reserved
[    0.000000] printk: legacy bootconsole [earlyser0] enabled
[    0.000000] NX (Execute Disable) protection: active
[    0.000000] APIC: Static calls initialized
[    0.000000] DMI: SMBIOS 3.0.0 present.
[    0.000000] DMI: QEMU Ubuntu 24.04 PC v2 (i440FX + PIIX, arch_caps fix, 1996), BIOS 1.16.3-debian-1.16.3-2 04/01/2014
[    0.000000] DMI: Memory slots populated: 1/1
[    0.000000] Hypervisor detected: KVM
[    0.000000] last_pfn = 0xbffe0 max_arch_pfn = 0x400000000
[    0.000000] kvm-clock: Using msrs 4b564d01 and 4b564d00
[    0.000001] kvm-clock: using sched offset of 455079082 cycles
[    0.000937] clocksource: kvm-clock: mask: 0xffffffffffffffff max_cycles: 0x1cd42e4dffb, max_idle_ns: 881590591483 ns
[    0.003913] tsc: Detected 3400.038 MHz processor
[    0.005104] e820: update [mem 0x00000000-0x00000fff] System RAM ==> device reserved
[    0.006528] e820: remove [mem 0x000a0000-0x000fffff] System RAM
[    0.007616] last_pfn = 0x140000 max_arch_pfn = 0x400000000
[    0.008711] MTRR map: 4 entries (3 fixed + 1 variable; max 19), built from 8 variable MTRRs
[    0.010294] x86/PAT: Configuration [0-7]: WB  WC  UC- UC  WB  WP  UC- WT  
Memory KASLR using RDRAND RDTSC...
[    0.012265] last_pfn = 0xbffe0 max_arch_pfn = 0x400000000
[    0.014523] found SMP MP-table at [mem 0x000f5450-0x000f545f]
[    0.015603] Using GB pages for direct mapping
[    0.016503] ACPI: Early table checksum verification disabled
[    0.017539] ACPI: RSDP 0x00000000000F5240 000014 (v00 BOCHS )
[    0.018593] ACPI: RSDT 0x00000000BFFE1F16 000034 (v01 BOCHS  BXPC     00000001 BXPC 00000001)
[    0.020164] ACPI: FACP 0x00000000BFFE1D92 000074 (v01 BOCHS  BXPC     00000001 BXPC 00000001)
[    0.021722] ACPI: DSDT 0x00000000BFFE0040 001D52 (v01 BOCHS  BXPC     00000001 BXPC 00000001)
[    0.023288] ACPI: FACS 0x00000000BFFE0000 000040
[    0.024116] ACPI: APIC 0x00000000BFFE1E06 0000B0 (v03 BOCHS  BXPC     00000001 BXPC 00000001)
[    0.025677] ACPI: HPET 0x00000000BFFE1EB6 000038 (v01 BOCHS  BXPC     00000001 BXPC 00000001)
[    0.027262] ACPI: WAET 0x00000000BFFE1EEE 000028 (v01 BOCHS  BXPC     00000001 BXPC 00000001)
[    0.028803] ACPI: Reserving FACP table memory at [mem 0xbffe1d92-0xbffe1e05]
[    0.030086] ACPI: Reserving DSDT table memory at [mem 0xbffe0040-0xbffe1d91]
[    0.031389] ACPI: Reserving FACS table memory at [mem 0xbffe0000-0xbffe003f]
[    0.032681] ACPI: Reserving APIC table memory at [mem 0xbffe1e06-0xbffe1eb5]
[    0.033983] ACPI: Reserving HPET table memory at [mem 0xbffe1eb6-0xbffe1eed]
[    0.035249] ACPI: Reserving WAET table memory at [mem 0xbffe1eee-0xbffe1f15]
[    0.036996] No NUMA configuration found
[    0.037703] Faking a node at [mem 0x0000000000000000-0x000000013fffffff]
[    0.038920] NODE_DATA(0) allocated [mem 0x13fff9c80-0x13fffdfff]
[    0.040866] ACPI: PM-Timer IO Port: 0x608
[    0.041621] ACPI: LAPIC_NMI (acpi_id[0xff] dfl dfl lint[0x1])
[    0.042713] IOAPIC[0]: apic_id 0, version 17, address 0xfec00000, GSI 0-23
[    0.043990] ACPI: INT_SRC_OVR (bus 0 bus_irq 0 global_irq 2 dfl dfl)
[    0.045163] ACPI: INT_SRC_OVR (bus 0 bus_irq 5 global_irq 5 high level)
[    0.046367] ACPI: INT_SRC_OVR (bus 0 bus_irq 9 global_irq 9 high level)
[    0.047572] ACPI: INT_SRC_OVR (bus 0 bus_irq 10 global_irq 10 high level)
[    0.048802] ACPI: INT_SRC_OVR (bus 0 bus_irq 11 global_irq 11 high level)
[    0.050037] ACPI: Using ACPI (MADT) for SMP configuration information
[    0.051190] ACPI: HPET id: 0x8086a201 base: 0xfed00000
[    0.052173] TSC deadline timer available
[    0.052878] CPU topo: Max. logical packages:   1
[    0.053722] CPU topo: Max. logical nodes:      1
[    0.054550] CPU topo: Num. nodes per package:  1
[    0.055396] CPU topo: Max. logical dies:       1
[    0.056242] CPU topo: Max. dies per package:   1
[    0.057086] CPU topo: Max. threads per core:   1
[    0.057933] CPU topo: Num. cores per package:     8
[    0.058805] CPU topo: Num. threads per package:   8
[    0.059697] CPU topo: Allowing 8 present CPUs plus 0 hotplug CPUs
[    0.060827] kvm-guest: APIC: eoi() replaced with kvm_guest_apic_eoi_write()
[    0.062136] kvm-guest: KVM setup pv remote TLB flush
[    0.063058] kvm-guest: setup PV sched yield
[    0.063834] PM: hibernation: Registered nosave memory: [mem 0x00000000-0x00000fff]
[    0.065206] PM: hibernation: Registered nosave memory: [mem 0x0009f000-0x000fffff]
[    0.066595] PM: hibernation: Registered nosave memory: [mem 0xbffe0000-0xffffffff]
[    0.067971] [gap 0xc0000000-0xfeffbfff] available for PCI devices
[    0.069078] Booting paravirtualized kernel on KVM
[    0.069940] clocksource: refined-jiffies: mask: 0xffffffff max_cycles: 0xffffffff, max_idle_ns: 1910969940391419 ns
[    0.076593] Zone ranges:
[    0.077065]   DMA      [mem 0x0000000000001000-0x0000000000ffffff]
[    0.078242]   DMA32    [mem 0x0000000001000000-0x00000000ffffffff]
[    0.079356]   Normal   [mem 0x0000000100000000-0x000000013fffffff]
[    0.080502] Movable zone start for each node
[    0.081274] Early memory node ranges
[    0.081948]   node   0: [mem 0x0000000000001000-0x000000000009efff]
[    0.083072]   node   0: [mem 0x0000000000100000-0x00000000bffdffff]
[    0.084213]   node   0: [mem 0x0000000100000000-0x000000013fffffff]
[    0.085357] Initmem setup node 0 [mem 0x0000000000001000-0x000000013fffffff]
[    0.086688] On node 0, zone DMA: 1 pages in unavailable ranges
[    0.088148] On node 0, zone DMA: 97 pages in unavailable ranges
[    0.194371] On node 0, zone Normal: 32 pages in unavailable ranges
[    0.195537] setup_percpu: NR_CPUS:128 nr_cpumask_bits:8 nr_cpu_ids:8 nr_node_ids:1
[    0.200294] percpu: Embedded 58 pages/cpu s199696 r8192 d29680 u262144
[    0.201495] pcpu-alloc: s199696 r8192 d29680 u262144 alloc=1*2097152
[    0.202669] pcpu-alloc: [0] 0 1 2 3 4 5 6 7 
[    0.203492] Kernel command line: virtme_hostname=virtme-ng nr_open=1048576 virtme_link_mods=/home/prozak/sources/heimdall_experiment/uml-harness/.build/bpf-next-x86/.virtme_mods/lib/modules/0.0.0 virtme_rw_overlay0=/tmp virtme_console=ttyS0 console=ttyS0 earlyprintk=serial,ttyS0,115200 panic=-1 virtme.exec=`bW91bnQgLXQgYnBmIGJwZmZzIC9zeXMvZnMvYnBmIDI+L2Rldi9udWxsOyAuL3Rlc3RfcHJvZ3MgLXQgJ3RpbWVyX3N0YXJ0X2RlbGV0ZV9yYWNlJw==` virtme_chdir=home/prozak/sources/heimdall_experiment/uml-harness/.build/selftests-output-qemu rootfstype=9p rootflags=version=9p2000.L,trans=virtio,access=any,msize=524288 raid=noautodetect rw debug init=/home/prozak/.local/share/vng-venv/lib/python3.12/site-packages/virtme/guest/bin/virtme-ng-init
[    0.215319] Unknown kernel command line parameters "virtme_hostname=virtme-ng nr_open=1048576 virtme_link_mods=/home/prozak/sources/heimdall_experiment/uml-harness/.build/bpf-next-x86/.virtme_mods/lib/modules/0.0.0 virtme_rw_overlay0=/tmp virtme_console=ttyS0 virtme_chdir=home/prozak/sources/heimdall_experiment/uml-harness/.build/selftests-output-qemu", will be passed to user space.
[    0.221619] random: crng init done
[    0.222259] printk: log buffer data + meta data: 2097152 + 7340032 = 9437184 bytes
[    0.230243] Dentry cache hash table entries: 524288 (order: 10, 4194304 bytes, linear)
[    0.234959] Inode-cache hash table entries: 262144 (order: 9, 2097152 bytes, linear)
[    0.236612] software IO TLB: area num 8.
[    0.348257] Fallback order for Node 0: 0 
[    0.348265] Built 1 zonelists, mobility grouping on.  Total pages: 1048446
[    0.350401] Policy zone: Normal
[    0.350971] mem auto-init: stack:all(zero), heap alloc:off, heap free:off
[    0.357754] SLUB: HWalign=64, Order=0-3, MinObjects=0, CPUs=8, Nodes=1
Poking KASLR using RDRAND RDTSC...
[    0.373812] ftrace: allocating 69757 entries in 274 pages
[    0.374852] ftrace: allocated 274 pages with 3 groups
[    0.376233] Dynamic Preempt: full
[    0.377121] Running RCU self tests
[    0.377742] Running RCU synchronous self tests
[    0.378623] rcu: Preemptible hierarchical RCU implementation.
[    0.379663] rcu: 	RCU event tracing is enabled.
[    0.380501] rcu: 	RCU lockdep checking is enabled.
[    0.381383] rcu: 	RCU restricting CPUs from NR_CPUS=128 to nr_cpu_ids=8.
[    0.382630] 	Trampoline variant of Tasks RCU enabled.
[    0.383544] 	Rude variant of Tasks RCU enabled.
[    0.384382] 	Tracing variant of Tasks RCU enabled.
[    0.385227] rcu: RCU calculated value of scheduler-enlistment delay is 100 jiffies.
[    0.386608] rcu: Adjusting geometry for rcu_fanout_leaf=16, nr_cpu_ids=8
[    0.387844] Running RCU synchronous self tests
[    0.388646] RCU Tasks: Setting shift to 3 and lim to 1 rcu_task_cb_adjust=1 rcu_task_cpu_ids=8.
[    0.390204] RCU Tasks Rude: Setting shift to 3 and lim to 1 rcu_task_cb_adjust=1 rcu_task_cpu_ids=8.
[    0.397252] NR_IRQS: 8448, nr_irqs: 488, preallocated irqs: 16
[    0.398655] rcu: srcu_init: Setting srcu_struct sizes based on contention.
[    0.399936] clocksource: jiffies: mask: 0xffffffff max_cycles: 0xffffffff, max_idle_ns: 1911260446275000 ns
[    0.402033] Console: colour *CGA 80x25
[    0.402798] printk: legacy console [ttyS0] enabled
[    0.402798] printk: legacy console [ttyS0] enabled
[    0.404548] printk: legacy bootconsole [earlyser0] disabled
[    0.404548] printk: legacy bootconsole [earlyser0] disabled
[    0.406557] Lock dependency validator: Copyright (c) 2006 Red Hat, Inc., Ingo Molnar
[    0.407974] ... MAX_LOCKDEP_SUBCLASSES:  8
[    0.408738] ... MAX_LOCK_DEPTH:          48
[    0.409530] ... MAX_LOCKDEP_KEYS:        8192
[    0.410345] ... CLASSHASH_SIZE:          4096
[    0.411156] ... MAX_LOCKDEP_ENTRIES:     32768
[    0.411977] ... MAX_LOCKDEP_CHAINS:      65536
[    0.412823] ... CHAINHASH_SIZE:          32768
[    0.413648]  memory used by lock dependency info: 6429 kB
[    0.414665]  memory used for stack traces: 4224 kB
[    0.415563]  per task-struct memory footprint: 1920 bytes
[    0.416649] ACPI: Core revision 20260408
[    0.417577] clocksource: hpet: mask: 0xffffffff max_cycles: 0xffffffff, max_idle_ns: 19112604467 ns
[    0.419421] APIC: Switch to symmetric I/O mode setup
[    0.420819] x2apic enabled
[    0.421846] APIC: Switched APIC routing to: physical x2apic
[    0.422940] kvm-guest: APIC: send_IPI_mask() replaced with kvm_send_ipi_mask()
[    0.424324] kvm-guest: APIC: send_IPI_mask_allbutself() replaced with kvm_send_ipi_mask_allbutself()
[    0.426123] kvm-guest: setup PV IPIs
[    0.428962] ..TIMER: vector=0x30 apic1=0 pin1=2 apic2=-1 pin2=-1
[    0.430157] clocksource: tsc-early: mask: 0xffffffffffffffff max_cycles: 0x31027285e94, max_idle_ns: 440795238296 ns
[    0.432130] Calibrating delay loop (skipped) preset value.. 6800.07 BogoMIPS (lpj=3400038)
[    0.434562] x86/cpu: User Mode Instruction Prevention (UMIP) activated
[    0.436237] Last level iTLB entries: 4KB 512, 2MB 255, 4MB 127
[    0.437127] Last level dTLB entries: 4KB 512, 2MB 255, 4MB 127, 1GB 0
[    0.438135] mitigations: Enabled attack vectors: user_kernel, user_user, SMT mitigations: auto
[    0.439128] Speculative Store Bypass: Mitigation: Speculative Store Bypass disabled via prctl
[    0.440128] Speculative Return Stack Overflow: IBPB-extending microcode not applied!
[    0.441127] Speculative Return Stack Overflow: WARNING: See https://kernel.org/doc/html/latest/admin-guide/hw-vuln/srso.html for mitigation options.
[    0.441128] Transient Scheduler Attacks: Vulnerable: No microcode
[    0.443127] Spectre V2 : Mitigation: Retpolines
[    0.444128] Speculative Return Stack Overflow: Vulnerable: Safe RET, no microcode
[    0.445127] Spectre V1 : Mitigation: usercopy/swapgs barriers and __user pointer sanitization
[    0.446127] Spectre V2 : Spectre v2 / SpectreRSB: Filling RSB on context switch and VMEXIT
[    0.447127] Spectre V2 : Enabling Restricted Speculation for firmware calls
[    0.448130] Spectre V2 : mitigation: Enabling conditional Indirect Branch Prediction Barrier
[    0.449128] active return thunk: srso_alias_return_thunk
[    0.450177] x86/fpu: Supporting XSAVE feature 0x001: 'x87 floating point registers'
[    0.451127] x86/fpu: Supporting XSAVE feature 0x002: 'SSE registers'
[    0.452127] x86/fpu: Supporting XSAVE feature 0x004: 'AVX registers'
[    0.453128] x86/fpu: xstate_offset[2]:  576, xstate_sizes[2]:  256
[    0.454127] x86/fpu: Enabled xstate features 0x7, context size is 832 bytes, using 'compacted' format.
[    0.488551] pid_max: default: 32768 minimum: 301
[    0.489338] SELinux:  Initializing.
[    0.491664] LSM support for eBPF active
[    0.492421] Mount-cache hash table entries: 8192 (order: 4, 65536 bytes, linear)
[    0.493249] Mountpoint-cache hash table entries: 8192 (order: 4, 65536 bytes, linear)
[    0.496119] VFS: Finished mounting rootfs on nullfs
[    0.497464] Running RCU synchronous self tests
[    0.498129] Running RCU synchronous self tests
[    0.499621] smpboot: CPU0: AMD Ryzen 9 5950X 16-Core Processor (family: 0x19, model: 0x21, stepping: 0x2)
[    0.501471] Performance Events: Fam17h+ core perfctr, AMD PMU driver.
[    0.502148] ... version:                   0
[    0.503041] ... bit width:                 48
[    0.503136] ... generic counters:          6
[    0.504112] ... generic bitmap:            000000000000003f
[    0.504136] ... fixed-purpose counters:    0
[    0.505027] ... fixed-purpose bitmap:      0000000000000000
[    0.505134] ... value mask:                0000ffffffffffff
[    0.506135] ... max period:                00007fffffffffff
[    0.507134] ... global_ctrl mask:          000000000000003f
[    0.508493] signal: max sigframe size: 1776
[    0.509306] rcu: Hierarchical SRCU implementation.
[    0.510137] rcu: 	Max phase no-delay instances is 400.
[    0.511439] Timer migration: 1 hierarchy levels; 8 children per group; 1 crossnode level
[    0.524111] smp: Bringing up secondary CPUs ...
[    0.527562] smpboot: x86: Booting SMP configuration:
[    0.528142] .... node  #0, CPUs:      #1 #2 #3 #4 #5 #6 #7
[    0.556535] smp: Brought up 1 node, 8 CPUs
[    0.558116] smpboot: Total of 8 processors activated (54400.60 BogoMIPS)
[    0.559527] Memory: 3963784K/4193784K available (25637K kernel code, 10348K rwdata, 18032K rodata, 4668K init, 13400K bss, 221948K reserved, 0K cma-reserved)
[    0.562135] devtmpfs: initialized
[    0.566387] Running RCU synchronous self tests
[    0.567166] Running RCU synchronous self tests
[    0.568285] Running RCU Tasks wait API self tests
[    0.569197] Running RCU Tasks Rude wait API self tests
[    0.570138] Running RCU Tasks Trace wait API self tests
[    0.571245] posixtimers hash table entries: 4096 (order: 7, 294912 bytes, linear)
[    0.573416] futex hash table entries: 2048 (262144 bytes on 1 NUMA nodes, total 256 KiB, linear).
[    0.575134] PM: RTC time: 17:01:29, date: 2026-08-02
[    0.576169] Callback from call_rcu_tasks_trace() invoked.
[    0.582666] NET: Registered PF_NETLINK/PF_ROUTE protocol family
[    0.584179] audit: initializing netlink subsys (disabled)
[    0.585240] audit: type=2000 audit(1785690089.955:1): state=initialized audit_enabled=0 res=1
[    0.608125] thermal_sys: Registered thermal governor 'step_wise'
[    0.608185] cpuidle: using governor ladder
[    0.610079] cpuidle: using governor menu
[    0.611424] Freeing SMP alternatives memory: 68K
[    0.613060] PCI: Using configuration type 1 for base access
[    0.613136] PCI: Using configuration type 1 for extended access
[    0.614345] kprobes: kprobe jump-optimization is enabled. All kprobes are optimized if possible.
[    0.616298] HugeTLB: registered 1.00 GiB page size, pre-allocated 0 pages
[    0.617137] HugeTLB: 16380 KiB vmemmap can be freed for a 1.00 GiB page
[    0.618136] HugeTLB: registered 2.00 MiB page size, pre-allocated 0 pages
[    0.619135] HugeTLB: 28 KiB vmemmap can be freed for a 2.00 MiB page
[    0.625158] ACPI: Added _OSI(Module Device)
[    0.626103] ACPI: Added _OSI(Processor Device)
[    0.626137] ACPI: Added _OSI(Processor Aggregator Device)
[    0.630742] ACPI: 1 ACPI AML tables successfully acquired and loaded
[    0.633570] ACPI: \_SB_: platform _OSC: OS support mask [002a7eee]
[    0.634906] ACPI: Interpreter enabled
[    0.635204] ACPI: PM: (supports S0 S3 S4 S5)
[    0.636164] ACPI: Using IOAPIC for interrupt routing
[    0.637188] PCI: Using host bridge windows from ACPI; if necessary, use "pci=nocrs" and report a bug
[    0.638135] PCI: Using E820 reservations for host bridge windows
[    0.639510] ACPI: Enabled 2 GPEs in block 00 to 0F
[    0.655585] ACPI: PCI Root Bridge [PCI0] (domain 0000 [bus 00-ff])
[    0.656142] acpi PNP0A03:00: _OSC: OS supports [ExtendedConfig ASPM ClockPM Segments MSI HPX-Type3]
[    0.657146] acpi PNP0A03:00: _OSC: OS requested [PME PCIeCapability LTR]
[    0.658136] acpi PNP0A03:00: _OSC: platform willing to grant [PME PCIeCapability LTR]
[    0.659134] acpi PNP0A03:00: _OSC: platform retains control of PCIe features (AE_ERROR)
[    0.660927] PCI host bridge to bus 0000:00
[    0.661144] pci_bus 0000:00: root bus resource [io  0x0000-0x0cf7 window]
[    0.662137] pci_bus 0000:00: root bus resource [io  0x0d00-0xffff window]
[    0.663136] pci_bus 0000:00: root bus resource [mem 0x000a0000-0x000bffff window]
[    0.664136] pci_bus 0000:00: root bus resource [mem 0xc0000000-0xfebfffff window]
[    0.665135] pci_bus 0000:00: root bus resource [mem 0x380000000000-0x38007fffffff window]
[    0.666137] pci_bus 0000:00: root bus resource [bus 00-ff]
[    0.667566] pci 0000:00:00.0: [8086:1237] type 00 class 0x060000 conventional PCI endpoint
[    0.669693] pci 0000:00:01.0: [8086:7000] type 00 class 0x060100 conventional PCI endpoint
[    0.671548] pci 0000:00:01.1: [8086:7010] type 00 class 0x010180 conventional PCI endpoint
[    0.673105] pci 0000:00:01.1: BAR 4 [io  0xc1c0-0xc1cf]
[    0.673266] pci 0000:00:01.1: BAR 0 [io  0x01f0-0x01f7]: legacy IDE quirk
[    0.674135] pci 0000:00:01.1: BAR 1 [io  0x03f6]: legacy IDE quirk
[    0.675136] pci 0000:00:01.1: BAR 2 [io  0x0170-0x0177]: legacy IDE quirk
[    0.676136] pci 0000:00:01.1: BAR 3 [io  0x0376]: legacy IDE quirk
[    0.677886] pci 0000:00:01.3: [8086:7113] type 00 class 0x068000 conventional PCI endpoint
[    0.678872] pci 0000:00:01.3: quirk: [io  0x0600-0x063f] claimed by PIIX4 ACPI
[    0.679152] pci 0000:00:01.3: quirk: [io  0x0700-0x070f] claimed by PIIX4 SMB
[    0.681135] pci 0000:00:02.0: [1af4:1009] type 00 class 0x000200 conventional PCI endpoint
[    0.683153] pci 0000:00:02.0: BAR 0 [io  0xc000-0xc03f]
[    0.684153] pci 0000:00:02.0: BAR 1 [mem 0xfebf8000-0xfebf8fff]
[    0.685195] pci 0000:00:02.0: BAR 4 [mem 0x380000000000-0x380000003fff 64bit pref]
[    0.689186] pci 0000:00:03.0: [8086:25ab] type 00 class 0x088000 conventional PCI endpoint
[    0.691017] pci 0000:00:03.0: BAR 0 [mem 0xfebf9000-0xfebf900f]
[    0.693706] pci 0000:00:04.0: [1af4:1003] type 00 class 0x078000 conventional PCI endpoint
[    0.696153] pci 0000:00:04.0: BAR 0 [io  0xc040-0xc07f]
[    0.697154] pci 0000:00:04.0: BAR 1 [mem 0xfebfa000-0xfebfafff]
[    0.698198] pci 0000:00:04.0: BAR 4 [mem 0x380000004000-0x380000007fff 64bit pref]
[    0.702378] pci 0000:00:05.0: [1af4:1003] type 00 class 0x078000 conventional PCI endpoint
[    0.704151] pci 0000:00:05.0: BAR 0 [io  0xc080-0xc0bf]
[    0.705153] pci 0000:00:05.0: BAR 1 [mem 0xfebfb000-0xfebfbfff]
[    0.706198] pci 0000:00:05.0: BAR 4 [mem 0x380000008000-0x38000000bfff 64bit pref]
[    0.710378] pci 0000:00:06.0: [1af4:1003] type 00 class 0x078000 conventional PCI endpoint
[    0.712154] pci 0000:00:06.0: BAR 0 [io  0xc0c0-0xc0ff]
[    0.713156] pci 0000:00:06.0: BAR 1 [mem 0xfebfc000-0xfebfcfff]
[    0.714216] pci 0000:00:06.0: BAR 4 [mem 0x38000000c000-0x38000000ffff 64bit pref]
[    0.718424] pci 0000:00:07.0: [1af4:1003] type 00 class 0x078000 conventional PCI endpoint
[    0.720123] pci 0000:00:07.0: BAR 0 [io  0xc100-0xc13f]
[    0.720152] pci 0000:00:07.0: BAR 1 [mem 0xfebfd000-0xfebfdfff]
[    0.721197] pci 0000:00:07.0: BAR 4 [mem 0x380000010000-0x380000013fff 64bit pref]
[    0.725375] pci 0000:00:08.0: [1af4:1003] type 00 class 0x078000 conventional PCI endpoint
[    0.727153] pci 0000:00:08.0: BAR 0 [io  0xc140-0xc17f]
[    0.728153] pci 0000:00:08.0: BAR 1 [mem 0xfebfe000-0xfebfefff]
[    0.729196] pci 0000:00:08.0: BAR 4 [mem 0x380000014000-0x380000017fff 64bit pref]
[    0.733333] pci 0000:00:09.0: [1af4:1003] type 00 class 0x078000 conventional PCI endpoint
[    0.735382] pci 0000:00:09.0: BAR 0 [io  0xc180-0xc1bf]
[    0.736152] pci 0000:00:09.0: BAR 1 [mem 0xfebff000-0xfebfffff]
[    0.737196] pci 0000:00:09.0: BAR 4 [mem 0x380000018000-0x38000001bfff 64bit pref]
[    0.746293] ACPI: PCI: Interrupt link LNKA configured for IRQ 10
[    0.747397] ACPI: PCI: Interrupt link LNKB configured for IRQ 10
[    0.748391] ACPI: PCI: Interrupt link LNKC configured for IRQ 11
[    0.749456] ACPI: PCI: Interrupt link LNKD configured for IRQ 11
[    0.750281] ACPI: PCI: Interrupt link LNKS configured for IRQ 9
[    0.753158] iommu: Default domain type: Translated
[    0.754135] iommu: DMA domain TLB invalidation policy: lazy mode
[    0.756600] SCSI subsystem initialized
[    0.757213] libata version 3.00 loaded.
[    0.758301] ACPI: bus type USB registered
[    0.759303] usbcore: registered new interface driver usbfs
[    0.760210] usbcore: registered new interface driver hub
[    0.761192] usbcore: registered new device driver usb
[    0.762346] pps_core: LinuxPPS API ver. 1 registered
[    0.763135] pps_core: Software ver. 5.3.6 - Copyright 2005-2007 Rodolfo Giometti <giometti@linux.it>
[    0.764163] PTP clock support registered
[    0.765682] Advanced Linux Sound Architecture Driver Initialized.
[    0.767358] NetLabel: Initializing
[    0.768121] NetLabel:  domain hash size = 128
[    0.768135] NetLabel:  protocols = UNLABELED CIPSOv4 CALIPSO
[    0.769186] NetLabel:  unlabeled traffic allowed by default
[    0.770358] PCI: Using ACPI for IRQ routing
[    0.771137] PCI: pci_cache_line_size set to 64 bytes
[    0.772512] e820: register RAM buffer resource [mem 0x0009fc00-0x0009ffff]
[    0.773135] e820: register RAM buffer resource [mem 0xbffe0000-0xbfffffff]
[    0.774296] vgaarb: loaded
[    0.774912] hpet0: at MMIO 0xfed00000, IRQs 2, 8, 0
[    0.775136] hpet0: 3 comparators, 64-bit 100.000000 MHz counter
[    0.777138] Callback from call_rcu_tasks() invoked.
[    0.779083] clocksource: Switched to clocksource kvm-clock
[    0.780582] VFS: Disk quotas dquot_6.6.0
[    0.781514] VFS: Dquot-cache hash table entries: 512 (4096 bytes)
[    0.783965] pnp: PnP ACPI init
[    0.785171] pnp 00:02: [dma 2]
[    0.786705] pnp: PnP ACPI: found 4 devices
[    0.805045] clocksource: acpi_pm: mask: 0xffffff max_cycles: 0xffffff, max_idle_ns: 2085701024 ns
[    0.807299] NET: Registered PF_INET protocol family
[    0.809612] IP idents hash table entries: 65536 (order: 7, 524288 bytes, linear)
[    0.813625] tcp_listen_portaddr_hash hash table entries: 2048 (order: 6, 147456 bytes, linear)
[    0.815969] Table-perturb hash table entries: 65536 (order: 6, 262144 bytes, linear)
[    0.817728] TCP established hash table entries: 32768 (order: 6, 262144 bytes, linear)
[    0.819993] TCP bind hash table entries: 32768 (order: 11, 4718592 bytes, vmalloc hugepage)
[    0.832567] TCP: Hash tables configured (established 32768 bind 32768)
[    0.835727] MPTCP token hash table entries: 4096 (order: 7, 360448 bytes, linear)
[    0.837710] UDP hash table entries: 2048 (order: 7, 524288 bytes, linear)
[    0.840538] NET: Registered PF_UNIX/PF_LOCAL protocol family
[    0.843005] RPC: Registered named UNIX socket transport module.
[    0.844370] RPC: Registered udp transport module.
[    0.845444] RPC: Registered tcp transport module.
[    0.846548] RPC: Registered tcp-with-tls transport module.
[    0.847758] RPC: Registered tcp NFSv4.1 backchannel transport module.
[    0.850154] NET: Registered PF_XDP protocol family
[    0.851420] pci_bus 0000:00: resource 4 [io  0x0000-0x0cf7 window]
[    0.852862] pci_bus 0000:00: resource 5 [io  0x0d00-0xffff window]
[    0.854223] pci_bus 0000:00: resource 6 [mem 0x000a0000-0x000bffff window]
[    0.855689] pci_bus 0000:00: resource 7 [mem 0xc0000000-0xfebfffff window]
[    0.857177] pci_bus 0000:00: resource 8 [mem 0x380000000000-0x38007fffffff window]
[    0.858967] pci 0000:00:01.0: PIIX3: Enabling Passive Release
[    0.860241] pci 0000:00:00.0: Limiting direct PCI/PCI transfers
[    0.861716] PCI: CLS 0 bytes, default 64
[    0.862744] PCI-DMA: Using software bounce buffering for IO (SWIOTLB)
[    0.864165] software IO TLB: mapped [mem 0x00000000bbfe0000-0x00000000bffe0000] (64MB)
[    0.867076] clocksource: tsc: mask: 0xffffffffffffffff max_cycles: 0x31027285e94, max_idle_ns: 440795238296 ns
[    0.878042] Initialise system trusted keyrings
[    0.879455] workingset: timestamp_bits=40 (anon: 35) max_order=20 bucket_order=0 (anon: 0)
[    0.882156] squashfs: version 4.0 (2009/01/31) Phillip Lougher
[    0.884107] NFS: Registering the id_resolver key type
[    0.885271] Key type id_resolver registered
[    0.886210] Key type id_legacy registered
[    0.887136] nfs4filelayout_init: NFSv4 File Layout Driver Registering...
[    0.888651] nfs4flexfilelayout_init: NFSv4 Flexfile Layout Driver Registering...
[    0.890477] fuse: init (API version 7.45)
[    0.891695] 9p: Installing v9fs 9p2000 file system support
[    0.894788] NET: Registered PF_ALG protocol family
[    0.895939] Key type asymmetric registered
[    0.896863] Asymmetric key parser 'x509' registered
[    0.898042] Block layer SCSI generic (bsg) driver version 0.4 loaded (major 248)
[    0.900260] io scheduler mq-deadline registered
[    0.901457] io scheduler kyber registered
[    0.903688] input: Power Button as /devices/platform/LNXPWRBN:00/input/input0
[    0.905583] ACPI: button: Power Button [PWRF]
[    1.034444] ACPI: \_SB_.LNKB: Enabled at IRQ 10
[    1.163384] ACPI: \_SB_.LNKD: Enabled at IRQ 11
[    1.292130] ACPI: \_SB_.LNKA: Enabled at IRQ 10
[    1.462993] kwatchdog (97) used greatest stack depth: 14776 bytes left
[    1.551752] ACPI: \_SB_.LNKC: Enabled at IRQ 11
[    1.812214] Serial: 8250/16550 driver, 4 ports, IRQ sharing enabled
[    1.814919] 00:03: ttyS0 at I/O 0x3f8 (irq = 4, base_baud = 115200) is a 16550A
[    1.959046] Non-volatile memory driver v1.3
[    1.960889] ACPI: bus type drm_connector registered
[    1.983209] brd: module loaded
[    1.997346] loop: module loaded
[    2.002670] scsi host0: ata_piix
[    2.004564] scsi host1: ata_piix
[    2.005637] ata1: PATA max MWDMA2 cmd 0x1f0 ctl 0x3f6 bmdma 0xc1c0 irq 14 lpm-pol 0
[    2.007344] ata2: PATA max MWDMA2 cmd 0x170 ctl 0x376 bmdma 0xc1c8 irq 15 lpm-pol 0
[    2.013660] tun: Universal TUN/TAP device driver, 1.6
[    2.015287] e100: Intel(R) PRO/100 Network Driver
[    2.016332] e100: Copyright(c) 1999-2006 Intel Corporation
[    2.017665] e1000: Intel(R) PRO/1000 Network Driver
[    2.018778] e1000: Copyright (c) 1999-2006 Intel Corporation.
[    2.020178] e1000e: Intel(R) PRO/1000 Network Driver
[    2.021344] e1000e: Copyright(c) 1999 - 2015 Intel Corporation.
[    2.022720] sky2: driver version 1.30
[    2.024747] usbcore: registered new interface driver usblp
[    2.026102] usbcore: registered new interface driver usb-storage
[    2.027551] i8042: PNP: PS/2 Controller [PNP0303:KBD,PNP0f13:MOU] at 0x60,0x64 irq 1,12
[    2.030814] serio: i8042 KBD port at 0x60,0x64 irq 1
[    2.032419] serio: i8042 AUX port at 0x60,0x64 irq 12
[    2.034769] rtc_cmos PNP0B00:00: RTC can wake from S4
[    2.038035] input: AT Translated Set 2 keyboard as /devices/platform/i8042/serio0/input/input1
[    2.040970] rtc_cmos PNP0B00:00: registered as rtc0
[    2.042440] rtc_cmos PNP0B00:00: alarms up to one day, y3k, 242 bytes nvram, hpet irqs
[    2.044759] Registered IR keymap rc-empty
[    2.045985] rc rc0: rc-core loopback device as /devices/virtual/rc/rc0
[    2.047829] rc rc0: lirc_dev: driver rc-loopback registered at minor = 0, raw IR receiver, raw IR transmitter
[    2.050558] input: rc-core loopback device as /devices/virtual/rc/rc0/input4
[    2.053377] intel_powerclamp: CPU does not support MWAIT
[    2.054717] device-mapper: core: CONFIG_IMA_DISABLE_HTABLE is disabled. Duplicate IMA measurements will not be recorded in the IMA log.
[    2.058207] device-mapper: ioctl: 4.50.0-ioctl (2025-04-28) initialised: dm-devel@lists.linux.dev
[    2.060288] amd_pstate: the _CPC object is not present in SBIOS or ACPI disabled
[    2.063100] hid: raw HID events driver (C) Jiri Kosina
[    2.066692] usbcore: registered new interface driver usbhid
[    2.067969] usbhid: USB HID core driver
[    2.070178] GACT probability NOT on
[    2.071014] Mirror/redirect action on
[    2.073256] nf_conntrack_irc: The irc conntrack helper is scheduled for removal.
[    2.073256] Please contact the netfilter-devel mailing list if you still need this.
[    2.078308] ipip: IPv4 and MPLS over IPv4 tunneling driver
[    2.080390] gre: GRE over IPv4 demultiplexer driver
[    2.081481] ip_gre: GRE over IPv4 tunneling driver
[    2.085202] Initializing XFRM netlink socket
[    2.086227] IPsec XFRM device driver
[    2.087091] NET: Registered PF_INET6 protocol family
[    2.090275] Segment Routing with IPv6
[    2.091113] In-situ OAM (IOAM) with IPv6
[    2.092039] mip6: Mobile IPv6
[    2.092789] sit: IPv6, IPv4 and MPLS over IPv4 tunneling driver
[    2.095675] ip6_gre: GRE over IPv6 tunneling driver
[    2.097608] NET: Registered PF_PACKET protocol family
[    2.098946] RPC: Registered rdma transport module.
[    2.100042] RPC: Registered rdma backchannel transport module.
[    2.101624] 8021q: 802.1Q VLAN Support v1.8
[    2.103094] smc: adding smcd device lo without pnetid
[    2.104441] NET: Registered PF_SMC protocol family
[    2.106009] 9pnet: Installing 9P2000 support
[    2.108601] Key type dns_resolver registered
[    2.109841] NET: Registered PF_VSOCK protocol family
[    2.111058] mpls_gso: MPLS GSO support
[    2.115419] IPI shorthand broadcast: enabled
[    2.161425] sched_clock: Marking stable (2137014277, 24189911)->(2275602746, -114398558)
[    2.164916] registered taskstats version 1
[    2.167593] ata2: found unknown device (class 0)
[    2.170001] ata2.00: ATAPI: QEMU DVD-ROM, 2.5+, max UDMA/100
[    2.173886] scsi 1:0:0:0: CD-ROM            QEMU     QEMU DVD-ROM     2.5+ PQ: 0 ANSI: 5
[    2.183634] Loading compiled-in X.509 certificates
[    2.185555] kworker/u32:1 (119) used greatest stack depth: 13008 bytes left
[    2.186884] Loaded X.509 cert 'Build time autogenerated kernel key: c4531344b9a9c1a4731230d977a262ba29ba5272'
[    2.199253] sr 1:0:0:0: [sr0] scsi3-mmc drive: 4x/4x cd/rw xa/form2 tray
[    2.219022] cdrom: Uniform CD-ROM driver Revision: 3.20
[    2.227872] Demotion targets for Node 0: null
[    2.229558] ima: No TPM chip found, activating TPM-bypass!
[    2.231176] ima: Allocated hash algorithm: sha1
[    2.232442] ima: No architecture policies found
[    2.232942] sr 1:0:0:0: Attached scsi CD-ROM sr0
[    2.234778] PM:   Magic number: 6:925:35
[    2.235623] sr 1:0:0:0: Attached scsi generic sg0 type 5
[    2.236024] bdi 7:0: hash matches
[    2.238419] netconsole: network logging started
[    2.240294] cfg80211: Loading compiled-in X.509 certificates for regulatory database
[    2.243437] Loaded X.509 cert 'sforshee: 00b28ddf47aef9cea7'
[    2.244852] Loaded X.509 cert 'wens: 61c038651aabdcf94bd0ac7ff06c7248db18c600'
[    2.246789] faux_driver regulatory: Direct firmware load for regulatory.db failed with error -2
[    2.248905] cfg80211: failed to load regulatory.db
[    2.248988] ALSA device list:
[    2.250728]   No soundcards found.
[    2.483499] input: ImExPS/2 Generic Explorer Mouse as /devices/platform/i8042/serio1/input/input3
[    2.485423] md: Skipping autodetection of RAID arrays. (raid=autodetect will force)
[    2.486833] 9p: Bad value for 'source'
[    2.487519] 9pnet: Limiting 'msize' to 512000 as this is the maximum supported by transport virtio
[    2.491174] VFS: Mounted root (9p filesystem) on device 0:22.
[    2.492970] devtmpfs: mounted
[    2.493834] VFS: Pivoted into new rootfs
[    2.499075] Freeing unused kernel image (initmem) memory: 4668K
[    2.499996] Write protecting the kernel read-only data: 45056k
[    2.502049] Freeing unused kernel image (text/rodata gap) memory: 984K
[    2.503482] Freeing unused kernel image (rodata/data gap) memory: 400K
[    2.542322] x86/mm: Checked W+X mappings: passed, no W+X pages found.
[    2.543221] Run /home/prozak/.local/share/vng-venv/lib/python3.12/site-packages/virtme/guest/bin/virtme-ng-init as init process
[    2.544831]   with arguments:
[    2.545314]     /home/prozak/.local/share/vng-venv/lib/python3.12/site-packages/virtme/guest/bin/virtme-ng-init
[    2.546746]   with environment:
[    2.547236]     HOME=/
[    2.547623]     TERM=linux
[    2.548016]     virtme_hostname=virtme-ng
[    2.548620]     nr_open=1048576
[    2.549075]     virtme_link_mods=/home/prozak/sources/heimdall_experiment/uml-harness/.build/bpf-next-x86/.virtme_mods/lib/modules/0.0.0
[    2.550799]     virtme_rw_overlay0=/tmp
[    2.551366]     virtme_console=ttyS0
[    2.551894]     virtme_chdir=home/prozak/sources/heimdall_experiment/uml-harness/.build/selftests-output-qemu
[    2.628410] virtme-ng-init: mount devtmpfs -> /dev: EBUSY: Device or resource busy
[    2.630316] virtme-ng-init: Setting hostname to virtme-ng...
[    2.666498] virtme-ng-init: running systemd-tmpfiles
[    4.034283] systemd-tmpfile (127) used greatest stack depth: 12504 bytes left
[    4.034387] virtme-ng-init: basic initialization done
[    4.051361] virtme-ng-init: error creating file: Permission denied (os error 13)
[    4.139066] ip (132) used greatest stack depth: 11848 bytes left
[    4.264496] virtme-ng-init: Starting systemd-udevd version 255.4-1ubuntu8.16
[    4.266488] virtme-ng-init: triggering udev coldplug
[    7.482554] virtme-ng-init: waiting for udev to settle
[    8.364979] virtme-ng-init: udev is done
[    8.369153] virtme-ng-init: starting script
[    8.682589] bpf_testmod: loading out-of-tree module taints kernel.
[    8.683561] bpf_testmod: module verification failed: signature and/or required key missing - tainting kernel
[    9.685569] smc: removing smcd device lo
[    9.759538] ACPI: PM: Preparing to enter system sleep state S5
[    9.760820] reboot: Power down
