#540/1   tracing_multi_attach_rollback/put:OK
#540/2   tracing_multi_attach_rollback/unlink:OK
#540     tracing_multi_attach_rollback:OK
#541     tracing_multi_bench_attach:OK
#542/1   tracing_multi_test/skel_api:OK
#542/2   tracing_multi_test/link_api_pattern:OK
#542/3   tracing_multi_test/link_api_ids:OK
#542/4   tracing_multi_test/module_skel_api:OK
#542/5   tracing_multi_test/module_link_api_pattern:OK
#542/6   tracing_multi_test/module_link_api_ids:OK
#542/7   tracing_multi_test/intersect:OK
#542/8   tracing_multi_test/cookies:OK
#542/9   tracing_multi_test/session:OK
#542/10  tracing_multi_test/attach_api_fails:OK
#542/11  tracing_multi_test/fentry_direct_access:OK
#542/12  tracing_multi_test/fexit_direct_access:OK
#542/13  tracing_multi_test/fsession_direct_access:OK
#542     tracing_multi_test:OK
Summary: 3/15 PASSED, 0 SKIPPED, 0 FAILED
experiment/uml-harness/.build/bpf-next-x86/.virtme_mods/lib/modules/0.0.0 virtme_rw_overlay0=/tmp virtme_console=ttyS0 console=ttyS0 earlyprintk=serial,ttyS0,115200 panic=-1 virtme.exec=`bW91bnQgLXQgYnBmIGJwZmZzIC9zeXMvZnMvYnBmIDI+L2Rldi9udWxsOyAuL3Rlc3RfcHJvZ3MgLXQgJ3RyYWNpbmdfbXVsdGkn` virtme_chdir=home/prozak/sources/heimdall_experiment/uml-harness/.build/selftests-output-qemu rootfstype=9p rootflags=version=9p2000.L,trans=virtio,access=any,msize=524288 raid=noautodetect rw debug init=/home/prozak/.local/share/vng-venv/lib/python3.12/site-packages/virtme/guest/bin/virtme-ng-init
[    0.000000] x86 CPU feature dependency check failure: CPU0 has '18*32+31' enabled but '18*32+26' disabled. Kernel might be fine, but no guarantees.
[    0.000000] BIOS-provided physical RAM map:
[    0.000000] BIOS-e820: [mem 0x0000000000000000-0x000000000009fbff]  System RAM
[    0.000000] BIOS-e820: [mem 0x000000000009fc00-0x000000000009ffff]  device reserved
[    0.000000] BIOS-e820: [gap 0x00000000000a0000-0x00000000000effff]
[    0.000000] BIOS-e820: [mem 0x00000000000f0000-0x00000000000fffff]  device reserved
[    0.000000] BIOS-e820: [mem 0x0000000000100000-0x00000000bffdffff]  System RAM
[    0.000000] BIOS-e820: [mem 0x00000000bffe0000-0x00000000bfffffff]  device reserved
[    0.000000] BIOS-e820: [gap 0x00000000c0000000-0x00000000feffbfff]
[    0.000000] BIOS-e820: [mem 0x00000000feffc000-0x00000000feffffff]  device reserved
[    0.000000] BIOS-e820: [gap 0x00000000ff000000-0x00000000fffbffff]
[    0.000000] BIOS-e820: [mem 0x00000000fffc0000-0x00000000ffffffff]  device reserved
[    0.000000] BIOS-e820: [mem 0x0000000100000000-0x000000013fffffff]  System RAM
[    0.000000] BIOS-e820: [gap 0x0000000140000000-0x000000fcffffffff]
[    0.000000] BIOS-e820: [mem 0x000000fd00000000-0x000000ffffffffff]  device reserved
[    0.000000] printk: legacy bootconsole [earlyser0] enabled
[    0.000000] NX (Execute Disable) protection: active
[    0.000000] APIC: Static calls initialized
[    0.000000] DMI: SMBIOS 3.0.0 present.
[    0.000000] DMI: QEMU Ubuntu 24.04 PC v2 (i440FX + PIIX, arch_caps fix, 1996), BIOS 1.16.3-debian-1.16.3-2 04/01/2014
[    0.000000] DMI: Memory slots populated: 1/1
[    0.000000] Hypervisor detected: KVM
[    0.000000] last_pfn = 0xbffe0 max_arch_pfn = 0x400000000
[    0.000000] kvm-clock: Using msrs 4b564d01 and 4b564d00
[    0.000001] kvm-clock: using sched offset of 439897526 cycles
[    0.000918] clocksource: kvm-clock: mask: 0xffffffffffffffff max_cycles: 0x1cd42e4dffb, max_idle_ns: 881590591483 ns
[    0.003756] tsc: Detected 3400.038 MHz processor
[    0.004916] e820: update [mem 0x00000000-0x00000fff] System RAM ==> device reserved
[    0.006233] e820: remove [mem 0x000a0000-0x000fffff] System RAM
[    0.007287] last_pfn = 0x140000 max_arch_pfn = 0x400000000
[    0.008345] MTRR map: 4 entries (3 fixed + 1 variable; max 19), built from 8 variable MTRRs
[    0.009804] x86/PAT: Configuration [0-7]: WB  WC  UC- UC  WB  WP  UC- WT  
Memory KASLR using RDRAND RDTSC...
[    0.011730] last_pfn = 0xbffe0 max_arch_pfn = 0x400000000
[    0.013871] found SMP MP-table at [mem 0x000f5450-0x000f545f]
[    0.014895] Using GB pages for direct mapping
[    0.015798] ACPI: Early table checksum verification disabled
[    0.016811] ACPI: RSDP 0x00000000000F5240 000014 (v00 BOCHS )
[    0.017810] ACPI: RSDT 0x00000000BFFE1F16 000034 (v01 BOCHS  BXPC     00000001 BXPC 00000001)
[    0.019338] ACPI: FACP 0x00000000BFFE1D92 000074 (v01 BOCHS  BXPC     00000001 BXPC 00000001)
[    0.020846] ACPI: DSDT 0x00000000BFFE0040 001D52 (v01 BOCHS  BXPC     00000001 BXPC 00000001)
[    0.022312] ACPI: FACS 0x00000000BFFE0000 000040
[    0.023139] ACPI: APIC 0x00000000BFFE1E06 0000B0 (v03 BOCHS  BXPC     00000001 BXPC 00000001)
[    0.024626] ACPI: HPET 0x00000000BFFE1EB6 000038 (v01 BOCHS  BXPC     00000001 BXPC 00000001)
[    0.026093] ACPI: WAET 0x00000000BFFE1EEE 000028 (v01 BOCHS  BXPC     00000001 BXPC 00000001)
[    0.027648] ACPI: Reserving FACP table memory at [mem 0xbffe1d92-0xbffe1e05]
[    0.028893] ACPI: Reserving DSDT table memory at [mem 0xbffe0040-0xbffe1d91]
[    0.030102] ACPI: Reserving FACS table memory at [mem 0xbffe0000-0xbffe003f]
[    0.031342] ACPI: Reserving APIC table memory at [mem 0xbffe1e06-0xbffe1eb5]
[    0.032570] ACPI: Reserving HPET table memory at [mem 0xbffe1eb6-0xbffe1eed]
[    0.033799] ACPI: Reserving WAET table memory at [mem 0xbffe1eee-0xbffe1f15]
[    0.035477] No NUMA configuration found
[    0.036137] Faking a node at [mem 0x0000000000000000-0x000000013fffffff]
[    0.037351] NODE_DATA(0) allocated [mem 0x13fff9c80-0x13fffdfff]
[    0.039251] ACPI: PM-Timer IO Port: 0x608
[    0.039958] ACPI: LAPIC_NMI (acpi_id[0xff] dfl dfl lint[0x1])
[    0.041012] IOAPIC[0]: apic_id 0, version 17, address 0xfec00000, GSI 0-23
[    0.042215] ACPI: INT_SRC_OVR (bus 0 bus_irq 0 global_irq 2 dfl dfl)
[    0.043338] ACPI: INT_SRC_OVR (bus 0 bus_irq 5 global_irq 5 high level)
[    0.044472] ACPI: INT_SRC_OVR (bus 0 bus_irq 9 global_irq 9 high level)
[    0.045647] ACPI: INT_SRC_OVR (bus 0 bus_irq 10 global_irq 10 high level)
[    0.046860] ACPI: INT_SRC_OVR (bus 0 bus_irq 11 global_irq 11 high level)
[    0.048028] ACPI: Using ACPI (MADT) for SMP configuration information
[    0.049151] ACPI: HPET id: 0x8086a201 base: 0xfed00000
[    0.050036] TSC deadline timer available
[    0.050757] CPU topo: Max. logical packages:   1
[    0.051549] CPU topo: Max. logical nodes:      1
[    0.052341] CPU topo: Num. nodes per package:  1
[    0.053152] CPU topo: Max. logical dies:       1
[    0.053944] CPU topo: Max. dies per package:   1
[    0.054775] CPU topo: Max. threads per core:   1
[    0.055587] CPU topo: Num. cores per package:     8
[    0.056424] CPU topo: Num. threads per package:   8
[    0.057278] CPU topo: Allowing 8 present CPUs plus 0 hotplug CPUs
[    0.058344] kvm-guest: APIC: eoi() replaced with kvm_guest_apic_eoi_write()
[    0.059602] kvm-guest: KVM setup pv remote TLB flush
[    0.060479] kvm-guest: setup PV sched yield
[    0.061222] PM: hibernation: Registered nosave memory: [mem 0x00000000-0x00000fff]
[    0.062568] PM: hibernation: Registered nosave memory: [mem 0x0009f000-0x000fffff]
[    0.063887] PM: hibernation: Registered nosave memory: [mem 0xbffe0000-0xffffffff]
[    0.065221] [gap 0xc0000000-0xfeffbfff] available for PCI devices
[    0.066271] Booting paravirtualized kernel on KVM
[    0.067108] clocksource: refined-jiffies: mask: 0xffffffff max_cycles: 0xffffffff, max_idle_ns: 1910969940391419 ns
[    0.073550] Zone ranges:
[    0.074001]   DMA      [mem 0x0000000000001000-0x0000000000ffffff]
[    0.075109]   DMA32    [mem 0x0000000001000000-0x00000000ffffffff]
[    0.076182]   Normal   [mem 0x0000000100000000-0x000000013fffffff]
[    0.077268] Movable zone start for each node
[    0.078019] Early memory node ranges
[    0.078672]   node   0: [mem 0x0000000000001000-0x000000000009efff]
[    0.079786]   node   0: [mem 0x0000000000100000-0x00000000bffdffff]
[    0.080884]   node   0: [mem 0x0000000100000000-0x000000013fffffff]
[    0.081960] Initmem setup node 0 [mem 0x0000000000001000-0x000000013fffffff]
[    0.083297] On node 0, zone DMA: 1 pages in unavailable ranges
[    0.084838] On node 0, zone DMA: 97 pages in unavailable ranges
[    0.209790] On node 0, zone Normal: 32 pages in unavailable ranges
[    0.210976] setup_percpu: NR_CPUS:128 nr_cpumask_bits:8 nr_cpu_ids:8 nr_node_ids:1
[    0.215551] percpu: Embedded 58 pages/cpu s199696 r8192 d29680 u262144
[    0.216705] pcpu-alloc: s199696 r8192 d29680 u262144 alloc=1*2097152
[    0.217822] pcpu-alloc: [0] 0 1 2 3 4 5 6 7 
[    0.218614] Kernel command line: virtme_hostname=virtme-ng nr_open=1048576 virtme_link_mods=/home/prozak/sources/heimdall_experiment/uml-harness/.build/bpf-next-x86/.virtme_mods/lib/modules/0.0.0 virtme_rw_overlay0=/tmp virtme_console=ttyS0 console=ttyS0 earlyprintk=serial,ttyS0,115200 panic=-1 virtme.exec=`bW91bnQgLXQgYnBmIGJwZmZzIC9zeXMvZnMvYnBmIDI+L2Rldi9udWxsOyAuL3Rlc3RfcHJvZ3MgLXQgJ3RyYWNpbmdfbXVsdGkn` virtme_chdir=home/prozak/sources/heimdall_experiment/uml-harness/.build/selftests-output-qemu rootfstype=9p rootflags=version=9p2000.L,trans=virtio,access=any,msize=524288 raid=noautodetect rw debug init=/home/prozak/.local/share/vng-venv/lib/python3.12/site-packages/virtme/guest/bin/virtme-ng-init
[    0.229682] Unknown kernel command line parameters "virtme_hostname=virtme-ng nr_open=1048576 virtme_link_mods=/home/prozak/sources/heimdall_experiment/uml-harness/.build/bpf-next-x86/.virtme_mods/lib/modules/0.0.0 virtme_rw_overlay0=/tmp virtme_console=ttyS0 virtme_chdir=home/prozak/sources/heimdall_experiment/uml-harness/.build/selftests-output-qemu", will be passed to user space.
[    0.235680] random: crng init done
[    0.236278] printk: log buffer data + meta data: 2097152 + 7340032 = 9437184 bytes
[    0.243949] Dentry cache hash table entries: 524288 (order: 10, 4194304 bytes, linear)
[    0.248512] Inode-cache hash table entries: 262144 (order: 9, 2097152 bytes, linear)
[    0.250067] software IO TLB: area num 8.
[    0.382017] Fallback order for Node 0: 0 
[    0.382024] Built 1 zonelists, mobility grouping on.  Total pages: 1048446
[    0.384002] Policy zone: Normal
[    0.384563] mem auto-init: stack:all(zero), heap alloc:off, heap free:off
[    0.390983] SLUB: HWalign=64, Order=0-3, MinObjects=0, CPUs=8, Nodes=1
Poking KASLR using RDRAND RDTSC...
[    0.406858] ftrace: allocating 69757 entries in 274 pages
[    0.407852] ftrace: allocated 274 pages with 3 groups
[    0.409237] Dynamic Preempt: full
[    0.410151] Running RCU self tests
[    0.410747] Running RCU synchronous self tests
[    0.411550] rcu: Preemptible hierarchical RCU implementation.
[    0.412574] rcu: 	RCU event tracing is enabled.
[    0.413373] rcu: 	RCU lockdep checking is enabled.
[    0.414251] rcu: 	RCU restricting CPUs from NR_CPUS=128 to nr_cpu_ids=8.
[    0.415467] 	Trampoline variant of Tasks RCU enabled.
[    0.416399] 	Rude variant of Tasks RCU enabled.
[    0.417182] 	Tracing variant of Tasks RCU enabled.
[    0.418047] rcu: RCU calculated value of scheduler-enlistment delay is 100 jiffies.
[    0.419391] rcu: Adjusting geometry for rcu_fanout_leaf=16, nr_cpu_ids=8
[    0.420648] Running RCU synchronous self tests
[    0.421421] RCU Tasks: Setting shift to 3 and lim to 1 rcu_task_cb_adjust=1 rcu_task_cpu_ids=8.
[    0.422959] RCU Tasks Rude: Setting shift to 3 and lim to 1 rcu_task_cb_adjust=1 rcu_task_cpu_ids=8.
[    0.430442] NR_IRQS: 8448, nr_irqs: 488, preallocated irqs: 16
[    0.431878] rcu: srcu_init: Setting srcu_struct sizes based on contention.
[    0.433130] clocksource: jiffies: mask: 0xffffffff max_cycles: 0xffffffff, max_idle_ns: 1911260446275000 ns
[    0.435258] Console: colour *CGA 80x25
[    0.436037] printk: legacy console [ttyS0] enabled
[    0.436037] printk: legacy console [ttyS0] enabled
[    0.437810] printk: legacy bootconsole [earlyser0] disabled
[    0.437810] printk: legacy bootconsole [earlyser0] disabled
[    0.439810] Lock dependency validator: Copyright (c) 2006 Red Hat, Inc., Ingo Molnar
[    0.441195] ... MAX_LOCKDEP_SUBCLASSES:  8
[    0.441971] ... MAX_LOCK_DEPTH:          48
[    0.442735] ... MAX_LOCKDEP_KEYS:        8192
[    0.443571] ... CLASSHASH_SIZE:          4096
[    0.444358] ... MAX_LOCKDEP_ENTRIES:     32768
[    0.445153] ... MAX_LOCKDEP_CHAINS:      65536
[    0.445984] ... CHAINHASH_SIZE:          32768
[    0.446824]  memory used by lock dependency info: 6429 kB
[    0.447859]  memory used for stack traces: 4224 kB
[    0.448755]  per task-struct memory footprint: 1920 bytes
[    0.449883] ACPI: Core revision 20260408
[    0.450857] clocksource: hpet: mask: 0xffffffff max_cycles: 0xffffffff, max_idle_ns: 19112604467 ns
[    0.452781] APIC: Switch to symmetric I/O mode setup
[    0.454216] x2apic enabled
[    0.455345] APIC: Switched APIC routing to: physical x2apic
[    0.456472] kvm-guest: APIC: send_IPI_mask() replaced with kvm_send_ipi_mask()
[    0.457890] kvm-guest: APIC: send_IPI_mask_allbutself() replaced with kvm_send_ipi_mask_allbutself()
[    0.459639] kvm-guest: setup PV IPIs
[    0.462550] ..TIMER: vector=0x30 apic1=0 pin1=2 apic2=-1 pin2=-1
[    0.463751] clocksource: tsc-early: mask: 0xffffffffffffffff max_cycles: 0x31027285e94, max_idle_ns: 440795238296 ns
[    0.465756] Calibrating delay loop (skipped) preset value.. 6800.07 BogoMIPS (lpj=3400038)
[    0.467917] x86/cpu: User Mode Instruction Prevention (UMIP) activated
[    0.469893] Last level iTLB entries: 4KB 512, 2MB 255, 4MB 127
[    0.470753] Last level dTLB entries: 4KB 512, 2MB 255, 4MB 127, 1GB 0
[    0.471761] mitigations: Enabled attack vectors: user_kernel, user_user, SMT mitigations: auto
[    0.472753] Speculative Store Bypass: Mitigation: Speculative Store Bypass disabled via prctl
[    0.473753] Speculative Return Stack Overflow: IBPB-extending microcode not applied!
[    0.474753] Speculative Return Stack Overflow: WARNING: See https://kernel.org/doc/html/latest/admin-guide/hw-vuln/srso.html for mitigation options.
[    0.474754] Transient Scheduler Attacks: Vulnerable: No microcode
[    0.476753] Spectre V2 : Mitigation: Retpolines
[    0.477566] Speculative Return Stack Overflow: Vulnerable: Safe RET, no microcode
[    0.477753] Spectre V1 : Mitigation: usercopy/swapgs barriers and __user pointer sanitization
[    0.478753] Spectre V2 : Spectre v2 / SpectreRSB: Filling RSB on context switch and VMEXIT
[    0.479753] Spectre V2 : Enabling Restricted Speculation for firmware calls
[    0.480755] Spectre V2 : mitigation: Enabling conditional Indirect Branch Prediction Barrier
[    0.481753] active return thunk: srso_alias_return_thunk
[    0.482803] x86/fpu: Supporting XSAVE feature 0x001: 'x87 floating point registers'
[    0.483753] x86/fpu: Supporting XSAVE feature 0x002: 'SSE registers'
[    0.484753] x86/fpu: Supporting XSAVE feature 0x004: 'AVX registers'
[    0.485753] x86/fpu: xstate_offset[2]:  576, xstate_sizes[2]:  256
[    0.486753] x86/fpu: Enabled xstate features 0x7, context size is 832 bytes, using 'compacted' format.
[    0.523832] pid_max: default: 32768 minimum: 301
[    0.524991] SELinux:  Initializing.
[    0.527251] LSM support for eBPF active
[    0.528124] Mount-cache hash table entries: 8192 (order: 4, 65536 bytes, linear)
[    0.528916] Mountpoint-cache hash table entries: 8192 (order: 4, 65536 bytes, linear)
[    0.531347] VFS: Finished mounting rootfs on nullfs
[    0.533977] Running RCU synchronous self tests
[    0.534755] Running RCU synchronous self tests
[    0.536343] smpboot: CPU0: AMD Ryzen 9 5950X 16-Core Processor (family: 0x19, model: 0x21, stepping: 0x2)
[    0.539022] Performance Events: Fam17h+ core perfctr, AMD PMU driver.
[    0.539776] ... version:                   0
[    0.540689] ... bit width:                 48
[    0.540760] ... generic counters:          6
[    0.541659] ... generic bitmap:            000000000000003f
[    0.541759] ... fixed-purpose counters:    0
[    0.542686] ... fixed-purpose bitmap:      0000000000000000
[    0.542760] ... value mask:                0000ffffffffffff
[    0.543758] ... max period:                00007fffffffffff
[    0.544759] ... global_ctrl mask:          000000000000003f
[    0.546136] signal: max sigframe size: 1776
[    0.546927] rcu: Hierarchical SRCU implementation.
[    0.547763] rcu: 	Max phase no-delay instances is 400.
[    0.549110] Timer migration: 1 hierarchy levels; 8 children per group; 1 crossnode level
[    0.562777] smp: Bringing up secondary CPUs ...
[    0.568065] smpboot: x86: Booting SMP configuration:
[    0.568760] .... node  #0, CPUs:      #1 #2 #3 #4 #5 #6 #7
[    0.599140] smp: Brought up 1 node, 8 CPUs
[    0.600770] smpboot: Total of 8 processors activated (54400.60 BogoMIPS)
[    0.603174] Memory: 3963784K/4193784K available (25637K kernel code, 10348K rwdata, 18032K rodata, 4668K init, 13400K bss, 221948K reserved, 0K cma-reserved)
[    0.605764] devtmpfs: initialized
[    0.610116] Running RCU synchronous self tests
[    0.610780] Running RCU synchronous self tests
[    0.611867] Running RCU Tasks wait API self tests
[    0.612812] Running RCU Tasks Rude wait API self tests
[    0.613762] Running RCU Tasks Trace wait API self tests
[    0.614886] posixtimers hash table entries: 4096 (order: 7, 294912 bytes, linear)
[    0.617195] futex hash table entries: 2048 (262144 bytes on 1 NUMA nodes, total 256 KiB, linear).
[    0.618760] PM: RTC time: 23:25:42, date: 2026-08-02
[    0.619790] Callback from call_rcu_tasks_trace() invoked.
[    0.626994] NET: Registered PF_NETLINK/PF_ROUTE protocol family
[    0.628746] audit: initializing netlink subsys (disabled)
[    0.628875] audit: type=2000 audit(1785713142.587:1): state=initialized audit_enabled=0 res=1
[    0.651906] thermal_sys: Registered thermal governor 'step_wise'
[    0.651978] cpuidle: using governor ladder
[    0.653695] cpuidle: using governor menu
[    0.654978] Freeing SMP alternatives memory: 68K
[    0.656654] PCI: Using configuration type 1 for base access
[    0.656761] PCI: Using configuration type 1 for extended access
[    0.657920] kprobes: kprobe jump-optimization is enabled. All kprobes are optimized if possible.
[    0.659978] HugeTLB: registered 1.00 GiB page size, pre-allocated 0 pages
[    0.660762] HugeTLB: 16380 KiB vmemmap can be freed for a 1.00 GiB page
[    0.661761] HugeTLB: registered 2.00 MiB page size, pre-allocated 0 pages
[    0.662760] HugeTLB: 28 KiB vmemmap can be freed for a 2.00 MiB page
[    0.669094] ACPI: Added _OSI(Module Device)
[    0.669761] ACPI: Added _OSI(Processor Device)
[    0.670741] ACPI: Added _OSI(Processor Aggregator Device)
[    0.674438] ACPI: 1 ACPI AML tables successfully acquired and loaded
[    0.677298] ACPI: \_SB_: platform _OSC: OS support mask [002a7eee]
[    0.678509] ACPI: Interpreter enabled
[    0.678827] ACPI: PM: (supports S0 S3 S4 S5)
[    0.679771] ACPI: Using IOAPIC for interrupt routing
[    0.680812] PCI: Using host bridge windows from ACPI; if necessary, use "pci=nocrs" and report a bug
[    0.681760] PCI: Using E820 reservations for host bridge windows
[    0.683151] ACPI: Enabled 2 GPEs in block 00 to 0F
[    0.699549] ACPI: PCI Root Bridge [PCI0] (domain 0000 [bus 00-ff])
[    0.699764] acpi PNP0A03:00: _OSC: OS supports [ExtendedConfig ASPM ClockPM Segments MSI HPX-Type3]
[    0.700771] acpi PNP0A03:00: _OSC: OS requested [PME PCIeCapability LTR]
[    0.701761] acpi PNP0A03:00: _OSC: platform willing to grant [PME PCIeCapability LTR]
[    0.702761] acpi PNP0A03:00: _OSC: platform retains control of PCIe features (AE_ERROR)
[    0.704530] PCI host bridge to bus 0000:00
[    0.704769] pci_bus 0000:00: root bus resource [io  0x0000-0x0cf7 window]
[    0.705761] pci_bus 0000:00: root bus resource [io  0x0d00-0xffff window]
[    0.706762] pci_bus 0000:00: root bus resource [mem 0x000a0000-0x000bffff window]
[    0.707762] pci_bus 0000:00: root bus resource [mem 0xc0000000-0xfebfffff window]
[    0.708761] pci_bus 0000:00: root bus resource [mem 0x380000000000-0x38007fffffff window]
[    0.709762] pci_bus 0000:00: root bus resource [bus 00-ff]
[    0.711185] pci 0000:00:00.0: [8086:1237] type 00 class 0x060000 conventional PCI endpoint
[    0.713398] pci 0000:00:01.0: [8086:7000] type 00 class 0x060100 conventional PCI endpoint
[    0.715189] pci 0000:00:01.1: [8086:7010] type 00 class 0x010180 conventional PCI endpoint
[    0.716573] pci 0000:00:01.1: BAR 4 [io  0xc1c0-0xc1cf]
[    0.716837] pci 0000:00:01.1: BAR 0 [io  0x01f0-0x01f7]: legacy IDE quirk
[    0.717761] pci 0000:00:01.1: BAR 1 [io  0x03f6]: legacy IDE quirk
[    0.718758] pci 0000:00:01.1: BAR 2 [io  0x0170-0x0177]: legacy IDE quirk
[    0.719761] pci 0000:00:01.1: BAR 3 [io  0x0376]: legacy IDE quirk
[    0.721498] pci 0000:00:01.3: [8086:7113] type 00 class 0x068000 conventional PCI endpoint
[    0.722491] pci 0000:00:01.3: quirk: [io  0x0600-0x063f] claimed by PIIX4 ACPI
[    0.722777] pci 0000:00:01.3: quirk: [io  0x0700-0x070f] claimed by PIIX4 SMB
[    0.724776] pci 0000:00:02.0: [1af4:1009] type 00 class 0x000200 conventional PCI endpoint
[    0.727385] pci 0000:00:02.0: BAR 0 [io  0xc000-0xc03f]
[    0.727778] pci 0000:00:02.0: BAR 1 [mem 0xfebf8000-0xfebf8fff]
[    0.728821] pci 0000:00:02.0: BAR 4 [mem 0x380000000000-0x380000003fff 64bit pref]
[    0.733012] pci 0000:00:03.0: [8086:25ab] type 00 class 0x088000 conventional PCI endpoint
[    0.734778] pci 0000:00:03.0: BAR 0 [mem 0xfebf9000-0xfebf900f]
[    0.738366] pci 0000:00:04.0: [1af4:1003] type 00 class 0x078000 conventional PCI endpoint
[    0.739779] pci 0000:00:04.0: BAR 0 [io  0xc040-0xc07f]
[    0.740778] pci 0000:00:04.0: BAR 1 [mem 0xfebfa000-0xfebfafff]
[    0.741837] pci 0000:00:04.0: BAR 4 [mem 0x380000004000-0x380000007fff 64bit pref]
[    0.746103] pci 0000:00:05.0: [1af4:1003] type 00 class 0x078000 conventional PCI endpoint
[    0.747779] pci 0000:00:05.0: BAR 0 [io  0xc080-0xc0bf]
[    0.748776] pci 0000:00:05.0: BAR 1 [mem 0xfebfb000-0xfebfbfff]
[    0.749823] pci 0000:00:05.0: BAR 4 [mem 0x380000008000-0x38000000bfff 64bit pref]
[    0.754084] pci 0000:00:06.0: [1af4:1003] type 00 class 0x078000 conventional PCI endpoint
[    0.755777] pci 0000:00:06.0: BAR 0 [io  0xc0c0-0xc0ff]
[    0.756779] pci 0000:00:06.0: BAR 1 [mem 0xfebfc000-0xfebfcfff]
[    0.757821] pci 0000:00:06.0: BAR 4 [mem 0x38000000c000-0x38000000ffff 64bit pref]
[    0.762125] pci 0000:00:07.0: [1af4:1003] type 00 class 0x078000 conventional PCI endpoint
[    0.763775] pci 0000:00:07.0: BAR 0 [io  0xc100-0xc13f]
[    0.764778] pci 0000:00:07.0: BAR 1 [mem 0xfebfd000-0xfebfdfff]
[    0.765822] pci 0000:00:07.0: BAR 4 [mem 0x380000010000-0x380000013fff 64bit pref]
[    0.770080] pci 0000:00:08.0: [1af4:1003] type 00 class 0x078000 conventional PCI endpoint
[    0.771701] pci 0000:00:08.0: BAR 0 [io  0xc140-0xc17f]
[    0.771778] pci 0000:00:08.0: BAR 1 [mem 0xfebfe000-0xfebfefff]
[    0.772822] pci 0000:00:08.0: BAR 4 [mem 0x380000014000-0x380000017fff 64bit pref]
[    0.777075] pci 0000:00:09.0: [1af4:1003] type 00 class 0x078000 conventional PCI endpoint
[    0.778778] pci 0000:00:09.0: BAR 0 [io  0xc180-0xc1bf]
[    0.779776] pci 0000:00:09.0: BAR 1 [mem 0xfebff000-0xfebfffff]
[    0.780822] pci 0000:00:09.0: BAR 4 [mem 0x380000018000-0x38000001bfff 64bit pref]
[    0.790250] ACPI: PCI: Interrupt link LNKA configured for IRQ 10
[    0.791022] ACPI: PCI: Interrupt link LNKB configured for IRQ 10
[    0.792050] ACPI: PCI: Interrupt link LNKC configured for IRQ 11
[    0.793033] ACPI: PCI: Interrupt link LNKD configured for IRQ 11
[    0.793888] ACPI: PCI: Interrupt link LNKS configured for IRQ 9
[    0.796789] iommu: Default domain type: Translated
[    0.797759] iommu: DMA domain TLB invalidation policy: lazy mode
[    0.800187] SCSI subsystem initialized
[    0.800852] libata version 3.00 loaded.
[    0.801927] ACPI: bus type USB registered
[    0.802889] usbcore: registered new interface driver usbfs
[    0.803830] usbcore: registered new interface driver hub
[    0.804799] usbcore: registered new device driver usb
[    0.805946] pps_core: LinuxPPS API ver. 1 registered
[    0.806759] pps_core: Software ver. 5.3.6 - Copyright 2005-2007 Rodolfo Giometti <giometti@linux.it>
[    0.807787] PTP clock support registered
[    0.809226] Advanced Linux Sound Architecture Driver Initialized.
[    0.811015] NetLabel: Initializing
[    0.811760] NetLabel:  domain hash size = 128
[    0.812681] NetLabel:  protocols = UNLABELED CIPSOv4 CALIPSO
[    0.812808] NetLabel:  unlabeled traffic allowed by default
[    0.814053] PCI: Using ACPI for IRQ routing
[    0.814762] PCI: pci_cache_line_size set to 64 bytes
[    0.816157] e820: register RAM buffer resource [mem 0x0009fc00-0x0009ffff]
[    0.816761] e820: register RAM buffer resource [mem 0xbffe0000-0xbfffffff]
[    0.817904] vgaarb: loaded
[    0.818556] hpet0: at MMIO 0xfed00000, IRQs 2, 8, 0
[    0.819759] hpet0: 3 comparators, 64-bit 100.000000 MHz counter
[    0.824175] clocksource: Switched to clocksource kvm-clock
[    0.825849] Callback from call_rcu_tasks() invoked.
[    0.826878] VFS: Disk quotas dquot_6.6.0
[    0.828141] VFS: Dquot-cache hash table entries: 512 (4096 bytes)
[    0.830583] pnp: PnP ACPI init
[    0.831782] pnp 00:02: [dma 2]
[    0.833256] pnp: PnP ACPI: found 4 devices
[    0.851837] clocksource: acpi_pm: mask: 0xffffff max_cycles: 0xffffff, max_idle_ns: 2085701024 ns
[    0.854090] NET: Registered PF_INET protocol family
[    0.856528] IP idents hash table entries: 65536 (order: 7, 524288 bytes, linear)
[    0.860771] tcp_listen_portaddr_hash hash table entries: 2048 (order: 6, 147456 bytes, linear)
[    0.863039] Table-perturb hash table entries: 65536 (order: 6, 262144 bytes, linear)
[    0.864900] TCP established hash table entries: 32768 (order: 6, 262144 bytes, linear)
[    0.867282] TCP bind hash table entries: 32768 (order: 11, 4718592 bytes, vmalloc hugepage)
[    0.879807] TCP: Hash tables configured (established 32768 bind 32768)
[    0.882720] MPTCP token hash table entries: 4096 (order: 7, 360448 bytes, linear)
[    0.884483] UDP hash table entries: 2048 (order: 7, 524288 bytes, linear)
[    0.887163] NET: Registered PF_UNIX/PF_LOCAL protocol family
[    0.889343] RPC: Registered named UNIX socket transport module.
[    0.890729] RPC: Registered udp transport module.
[    0.891748] RPC: Registered tcp transport module.
[    0.892729] RPC: Registered tcp-with-tls transport module.
[    0.893898] RPC: Registered tcp NFSv4.1 backchannel transport module.
[    0.896184] NET: Registered PF_XDP protocol family
[    0.897483] pci_bus 0000:00: resource 4 [io  0x0000-0x0cf7 window]
[    0.898940] pci_bus 0000:00: resource 5 [io  0x0d00-0xffff window]
[    0.900280] pci_bus 0000:00: resource 6 [mem 0x000a0000-0x000bffff window]
[    0.901768] pci_bus 0000:00: resource 7 [mem 0xc0000000-0xfebfffff window]
[    0.903251] pci_bus 0000:00: resource 8 [mem 0x380000000000-0x38007fffffff window]
[    0.904954] pci 0000:00:01.0: PIIX3: Enabling Passive Release
[    0.906208] pci 0000:00:00.0: Limiting direct PCI/PCI transfers
[    0.907641] PCI: CLS 0 bytes, default 64
[    0.908609] PCI-DMA: Using software bounce buffering for IO (SWIOTLB)
[    0.909993] software IO TLB: mapped [mem 0x00000000bbfe0000-0x00000000bffe0000] (64MB)
[    0.912726] clocksource: tsc: mask: 0xffffffffffffffff max_cycles: 0x31027285e94, max_idle_ns: 440795238296 ns
[    0.923694] Initialise system trusted keyrings
[    0.925018] workingset: timestamp_bits=40 (anon: 35) max_order=20 bucket_order=0 (anon: 0)
[    0.928057] squashfs: version 4.0 (2009/01/31) Phillip Lougher
[    0.930135] NFS: Registering the id_resolver key type
[    0.931306] Key type id_resolver registered
[    0.932267] Key type id_legacy registered
[    0.933161] nfs4filelayout_init: NFSv4 File Layout Driver Registering...
[    0.934701] nfs4flexfilelayout_init: NFSv4 Flexfile Layout Driver Registering...
[    0.936511] fuse: init (API version 7.45)
[    0.937748] 9p: Installing v9fs 9p2000 file system support
[    0.940762] NET: Registered PF_ALG protocol family
[    0.942834] Key type asymmetric registered
[    0.943767] Asymmetric key parser 'x509' registered
[    0.944945] Block layer SCSI generic (bsg) driver version 0.4 loaded (major 248)
[    0.947233] io scheduler mq-deadline registered
[    0.948392] io scheduler kyber registered
[    0.950846] input: Power Button as /devices/platform/LNXPWRBN:00/input/input0
[    0.952710] ACPI: button: Power Button [PWRF]
[    1.080173] ACPI: \_SB_.LNKB: Enabled at IRQ 10
[    1.204974] ACPI: \_SB_.LNKD: Enabled at IRQ 11
[    1.329317] ACPI: \_SB_.LNKA: Enabled at IRQ 10
[    1.473272] kwatchdog (97) used greatest stack depth: 14776 bytes left
[    1.579434] ACPI: \_SB_.LNKC: Enabled at IRQ 11
[    1.828368] Serial: 8250/16550 driver, 4 ports, IRQ sharing enabled
[    1.830841] 00:03: ttyS0 at I/O 0x3f8 (irq = 4, base_baud = 115200) is a 16550A
[    1.979291] Non-volatile memory driver v1.3
[    1.981310] ACPI: bus type drm_connector registered
[    2.002947] brd: module loaded
[    2.016486] loop: module loaded
[    2.021725] scsi host0: ata_piix
[    2.023596] scsi host1: ata_piix
[    2.024797] ata1: PATA max MWDMA2 cmd 0x1f0 ctl 0x3f6 bmdma 0xc1c0 irq 14 lpm-pol 0
[    2.026429] ata2: PATA max MWDMA2 cmd 0x170 ctl 0x376 bmdma 0xc1c8 irq 15 lpm-pol 0
[    2.032715] tun: Universal TUN/TAP device driver, 1.6
[    2.034255] e100: Intel(R) PRO/100 Network Driver
[    2.035336] e100: Copyright(c) 1999-2006 Intel Corporation
[    2.036725] e1000: Intel(R) PRO/1000 Network Driver
[    2.037789] e1000: Copyright (c) 1999-2006 Intel Corporation.
[    2.039155] e1000e: Intel(R) PRO/1000 Network Driver
[    2.040285] e1000e: Copyright(c) 1999 - 2015 Intel Corporation.
[    2.041736] sky2: driver version 1.30
[    2.043738] usbcore: registered new interface driver usblp
[    2.045042] usbcore: registered new interface driver usb-storage
[    2.046451] i8042: PNP: PS/2 Controller [PNP0303:KBD,PNP0f13:MOU] at 0x60,0x64 irq 1,12
[    2.049692] serio: i8042 KBD port at 0x60,0x64 irq 1
[    2.051232] serio: i8042 AUX port at 0x60,0x64 irq 12
[    2.053325] rtc_cmos PNP0B00:00: RTC can wake from S4
[    2.057119] input: AT Translated Set 2 keyboard as /devices/platform/i8042/serio0/input/input1
[    2.059939] rtc_cmos PNP0B00:00: registered as rtc0
[    2.061299] rtc_cmos PNP0B00:00: alarms up to one day, y3k, 242 bytes nvram, hpet irqs
[    2.066990] Registered IR keymap rc-empty
[    2.068102] rc rc0: rc-core loopback device as /devices/virtual/rc/rc0
[    2.069949] rc rc0: lirc_dev: driver rc-loopback registered at minor = 0, raw IR receiver, raw IR transmitter
[    2.073483] input: rc-core loopback device as /devices/virtual/rc/rc0/input4
[    2.076155] intel_powerclamp: CPU does not support MWAIT
[    2.077322] device-mapper: core: CONFIG_IMA_DISABLE_HTABLE is disabled. Duplicate IMA measurements will not be recorded in the IMA log.
[    2.080397] device-mapper: ioctl: 4.50.0-ioctl (2025-04-28) initialised: dm-devel@lists.linux.dev
[    2.082384] amd_pstate: the _CPC object is not present in SBIOS or ACPI disabled
[    2.084757] hid: raw HID events driver (C) Jiri Kosina
[    2.087368] usbcore: registered new interface driver usbhid
[    2.088600] usbhid: USB HID core driver
[    2.090784] GACT probability NOT on
[    2.091579] Mirror/redirect action on
[    2.093975] nf_conntrack_irc: The irc conntrack helper is scheduled for removal.
[    2.093975] Please contact the netfilter-devel mailing list if you still need this.
[    2.098874] ipip: IPv4 and MPLS over IPv4 tunneling driver
[    2.100834] gre: GRE over IPv4 demultiplexer driver
[    2.101910] ip_gre: GRE over IPv4 tunneling driver
[    2.105346] Initializing XFRM netlink socket
[    2.106484] IPsec XFRM device driver
[    2.107384] NET: Registered PF_INET6 protocol family
[    2.110611] Segment Routing with IPv6
[    2.111505] In-situ OAM (IOAM) with IPv6
[    2.112569] mip6: Mobile IPv6
[    2.113305] sit: IPv6, IPv4 and MPLS over IPv4 tunneling driver
[    2.116064] ip6_gre: GRE over IPv6 tunneling driver
[    2.117892] NET: Registered PF_PACKET protocol family
[    2.119070] RPC: Registered rdma transport module.
[    2.120118] RPC: Registered rdma backchannel transport module.
[    2.121702] 8021q: 802.1Q VLAN Support v1.8
[    2.123504] smc: adding smcd device lo without pnetid
[    2.124980] NET: Registered PF_SMC protocol family
[    2.126699] 9pnet: Installing 9P2000 support
[    2.129177] Key type dns_resolver registered
[    2.130436] NET: Registered PF_VSOCK protocol family
[    2.131580] mpls_gso: MPLS GSO support
[    2.135984] IPI shorthand broadcast: enabled
[    2.179739] sched_clock: Marking stable (2156014568, 23621206)->(2281988343, -102352569)
[    2.183742] registered taskstats version 1
[    2.184951] ata2: found unknown device (class 0)
[    2.187187] ata2.00: ATAPI: QEMU DVD-ROM, 2.5+, max UDMA/100
[    2.191180] scsi 1:0:0:0: CD-ROM            QEMU     QEMU DVD-ROM     2.5+ PQ: 0 ANSI: 5
[    2.200993] Loading compiled-in X.509 certificates
[    2.202686] kworker/u32:1 (116) used greatest stack depth: 14152 bytes left
[    2.204203] Loaded X.509 cert 'Build time autogenerated kernel key: c4531344b9a9c1a4731230d977a262ba29ba5272'
[    2.219591] sr 1:0:0:0: [sr0] scsi3-mmc drive: 4x/4x cd/rw xa/form2 tray
[    2.243378] cdrom: Uniform CD-ROM driver Revision: 3.20
[    2.245006] Demotion targets for Node 0: null
[    2.246761] ima: No TPM chip found, activating TPM-bypass!
[    2.248017] ima: Allocated hash algorithm: sha1
[    2.249197] ima: No architecture policies found
[    2.251264] PM:   Magic number: 6:976:452
[    2.252784] netconsole: network logging started
[    2.254474] cfg80211: Loading compiled-in X.509 certificates for regulatory database
[    2.257160] sr 1:0:0:0: Attached scsi CD-ROM sr0
[    2.257292] Loaded X.509 cert 'sforshee: 00b28ddf47aef9cea7'
[    2.259411] sr 1:0:0:0: Attached scsi generic sg0 type 5
[    2.259828] Loaded X.509 cert 'wens: 61c038651aabdcf94bd0ac7ff06c7248db18c600'
[    2.263296] faux_driver regulatory: Direct firmware load for regulatory.db failed with error -2
[    2.265524] cfg80211: failed to load regulatory.db
[    2.265714] ALSA device list:
[    2.267436]   No soundcards found.
[    2.482973] input: ImExPS/2 Generic Explorer Mouse as /devices/platform/i8042/serio1/input/input3
[    2.484814] md: Skipping autodetection of RAID arrays. (raid=autodetect will force)
[    2.486035] 9p: Bad value for 'source'
[    2.486675] 9pnet: Limiting 'msize' to 512000 as this is the maximum supported by transport virtio
[    2.490087] VFS: Mounted root (9p filesystem) on device 0:22.
[    2.492125] devtmpfs: mounted
[    2.492850] VFS: Pivoted into new rootfs
[    2.497911] Freeing unused kernel image (initmem) memory: 4668K
[    2.498813] Write protecting the kernel read-only data: 45056k
[    2.500965] Freeing unused kernel image (text/rodata gap) memory: 984K
[    2.502329] Freeing unused kernel image (rodata/data gap) memory: 400K
[    2.539455] x86/mm: Checked W+X mappings: passed, no W+X pages found.
[    2.540352] Run /home/prozak/.local/share/vng-venv/lib/python3.12/site-packages/virtme/guest/bin/virtme-ng-init as init process
[    2.541920]   with arguments:
[    2.542337]     /home/prozak/.local/share/vng-venv/lib/python3.12/site-packages/virtme/guest/bin/virtme-ng-init
[    2.543697]   with environment:
[    2.544135]     HOME=/
[    2.544470]     TERM=linux
[    2.544899]     virtme_hostname=virtme-ng
[    2.545441]     nr_open=1048576
[    2.545901]     virtme_link_mods=/home/prozak/sources/heimdall_experiment/uml-harness/.build/bpf-next-x86/.virtme_mods/lib/modules/0.0.0
[    2.547517]     virtme_rw_overlay0=/tmp
[    2.548059]     virtme_console=ttyS0
[    2.548569]     virtme_chdir=home/prozak/sources/heimdall_experiment/uml-harness/.build/selftests-output-qemu
[    2.635393] virtme-ng-init: mount devtmpfs -> /dev: EBUSY: Device or resource busy
[    2.637314] virtme-ng-init: Setting hostname to virtme-ng...
[    2.677197] virtme-ng-init: running systemd-tmpfiles
[    3.987554] systemd-tmpfile (126) used greatest stack depth: 12000 bytes left
[    3.987738] virtme-ng-init: basic initialization done
[    4.005163] virtme-ng-init: error creating file: Permission denied (os error 13)
[    4.095013] ip (132) used greatest stack depth: 11848 bytes left
[    4.212777] virtme-ng-init: Starting systemd-udevd version 255.4-1ubuntu8.16
[    4.214950] virtme-ng-init: triggering udev coldplug
[    7.072802] virtme-ng-init: waiting for udev to settle
[    7.854065] virtme-ng-init: udev is done
[    7.858687] virtme-ng-init: starting script
[    8.140583] bpf_testmod: loading out-of-tree module taints kernel.
[    8.141682] bpf_testmod: module verification failed: signature and/or required key missing - tainting kernel
[   18.968777] clocksource: Watchdog remote CPU 4 read timed out
[   21.861956] smc: removing smcd device lo
[   21.929987] ACPI: PM: Preparing to enter system sleep state S5
[   21.931288] reboot: Power down
