#540/1   tracing_multi_attach_rollback/put:OK
#540/2   tracing_multi_attach_rollback/unlink:OK
#540     tracing_multi_attach_rollback:OK
#541     tracing_multi_bench_attach:OK
#542/1   tracing_multi_test/skel_api:OK
#542/2   tracing_multi_test/link_api_pattern:OK
#542/3   tracing_multi_test/link_api_ids:OK
#542/4   tracing_multi_test/module_skel_api:OK
#542/5   tracing_multi_test/module_link_api_pattern:OK
#542/6   tracing_multi_test/module_link_api_ids:OK
#542/7   tracing_multi_test/intersect:OK
#542/8   tracing_multi_test/cookies:OK
#542/9   tracing_multi_test/session:OK
#542/10  tracing_multi_test/attach_api_fails:OK
#542/11  tracing_multi_test/fentry_direct_access:OK
#542/12  tracing_multi_test/fexit_direct_access:OK
#542/13  tracing_multi_test/fsession_direct_access:OK
#542     tracing_multi_test:OK
Summary: 3/15 PASSED, 0 SKIPPED, 0 FAILED
experiment/uml-harness/.build/bpf-next-x86/.virtme_mods/lib/modules/0.0.0 virtme_rw_overlay0=/tmp virtme_console=ttyS0 console=ttyS0 earlyprintk=serial,ttyS0,115200 panic=-1 virtme.exec=`bW91bnQgLXQgYnBmIGJwZmZzIC9zeXMvZnMvYnBmIDI+L2Rldi9udWxsOyAuL3Rlc3RfcHJvZ3MgLXQgJ3RyYWNpbmdfbXVsdGkn` virtme_chdir=home/prozak/sources/heimdall_experiment/uml-harness/.build/selftests-output-qemu rootfstype=9p rootflags=version=9p2000.L,trans=virtio,access=any,msize=524288 raid=noautodetect rw debug init=/home/prozak/.local/share/vng-venv/lib/python3.12/site-packages/virtme/guest/bin/virtme-ng-init
[    0.000000] x86 CPU feature dependency check failure: CPU0 has '18*32+31' enabled but '18*32+26' disabled. Kernel might be fine, but no guarantees.
[    0.000000] BIOS-provided physical RAM map:
[    0.000000] BIOS-e820: [mem 0x0000000000000000-0x000000000009fbff]  System RAM
[    0.000000] BIOS-e820: [mem 0x000000000009fc00-0x000000000009ffff]  device reserved
[    0.000000] BIOS-e820: [gap 0x00000000000a0000-0x00000000000effff]
[    0.000000] BIOS-e820: [mem 0x00000000000f0000-0x00000000000fffff]  device reserved
[    0.000000] BIOS-e820: [mem 0x0000000000100000-0x00000000bffdffff]  System RAM
[    0.000000] BIOS-e820: [mem 0x00000000bffe0000-0x00000000bfffffff]  device reserved
[    0.000000] BIOS-e820: [gap 0x00000000c0000000-0x00000000feffbfff]
[    0.000000] BIOS-e820: [mem 0x00000000feffc000-0x00000000feffffff]  device reserved
[    0.000000] BIOS-e820: [gap 0x00000000ff000000-0x00000000fffbffff]
[    0.000000] BIOS-e820: [mem 0x00000000fffc0000-0x00000000ffffffff]  device reserved
[    0.000000] BIOS-e820: [mem 0x0000000100000000-0x000000013fffffff]  System RAM
[    0.000000] BIOS-e820: [gap 0x0000000140000000-0x000000fcffffffff]
[    0.000000] BIOS-e820: [mem 0x000000fd00000000-0x000000ffffffffff]  device reserved
[    0.000000] printk: legacy bootconsole [earlyser0] enabled
[    0.000000] NX (Execute Disable) protection: active
[    0.000000] APIC: Static calls initialized
[    0.000000] DMI: SMBIOS 3.0.0 present.
[    0.000000] DMI: QEMU Ubuntu 24.04 PC v2 (i440FX + PIIX, arch_caps fix, 1996), BIOS 1.16.3-debian-1.16.3-2 04/01/2014
[    0.000000] DMI: Memory slots populated: 1/1
[    0.000000] Hypervisor detected: KVM
[    0.000000] last_pfn = 0xbffe0 max_arch_pfn = 0x400000000
[    0.000000] kvm-clock: Using msrs 4b564d01 and 4b564d00
[    0.000001] kvm-clock: using sched offset of 466808576 cycles
[    0.000911] clocksource: kvm-clock: mask: 0xffffffffffffffff max_cycles: 0x1cd42e4dffb, max_idle_ns: 881590591483 ns
[    0.003793] tsc: Detected 3400.038 MHz processor
[    0.004947] e820: update [mem 0x00000000-0x00000fff] System RAM ==> device reserved
[    0.006281] e820: remove [mem 0x000a0000-0x000fffff] System RAM
[    0.007305] last_pfn = 0x140000 max_arch_pfn = 0x400000000
[    0.008404] MTRR map: 4 entries (3 fixed + 1 variable; max 19), built from 8 variable MTRRs
[    0.009849] x86/PAT: Configuration [0-7]: WB  WC  UC- UC  WB  WP  UC- WT  
Memory KASLR using RDRAND RDTSC...
[    0.011775] last_pfn = 0xbffe0 max_arch_pfn = 0x400000000
[    0.013891] found SMP MP-table at [mem 0x000f5450-0x000f545f]
[    0.014913] Using GB pages for direct mapping
[    0.015847] ACPI: Early table checksum verification disabled
[    0.016814] ACPI: RSDP 0x00000000000F5240 000014 (v00 BOCHS )
[    0.017823] ACPI: RSDT 0x00000000BFFE1F16 000034 (v01 BOCHS  BXPC     00000001 BXPC 00000001)
[    0.019315] ACPI: FACP 0x00000000BFFE1D92 000074 (v01 BOCHS  BXPC     00000001 BXPC 00000001)
[    0.020830] ACPI: DSDT 0x00000000BFFE0040 001D52 (v01 BOCHS  BXPC     00000001 BXPC 00000001)
[    0.022316] ACPI: FACS 0x00000000BFFE0000 000040
[    0.023124] ACPI: APIC 0x00000000BFFE1E06 0000B0 (v03 BOCHS  BXPC     00000001 BXPC 00000001)
[    0.024644] ACPI: HPET 0x00000000BFFE1EB6 000038 (v01 BOCHS  BXPC     00000001 BXPC 00000001)
[    0.026128] ACPI: WAET 0x00000000BFFE1EEE 000028 (v01 BOCHS  BXPC     00000001 BXPC 00000001)
[    0.027601] ACPI: Reserving FACP table memory at [mem 0xbffe1d92-0xbffe1e05]
[    0.028834] ACPI: Reserving DSDT table memory at [mem 0xbffe0040-0xbffe1d91]
[    0.030043] ACPI: Reserving FACS table memory at [mem 0xbffe0000-0xbffe003f]
[    0.031261] ACPI: Reserving APIC table memory at [mem 0xbffe1e06-0xbffe1eb5]
[    0.032482] ACPI: Reserving HPET table memory at [mem 0xbffe1eb6-0xbffe1eed]
[    0.033681] ACPI: Reserving WAET table memory at [mem 0xbffe1eee-0xbffe1f15]
[    0.035353] No NUMA configuration found
[    0.036010] Faking a node at [mem 0x0000000000000000-0x000000013fffffff]
[    0.037167] NODE_DATA(0) allocated [mem 0x13fff9c80-0x13fffdfff]
[    0.039027] ACPI: PM-Timer IO Port: 0x608
[    0.039744] ACPI: LAPIC_NMI (acpi_id[0xff] dfl dfl lint[0x1])
[    0.040770] IOAPIC[0]: apic_id 0, version 17, address 0xfec00000, GSI 0-23
[    0.041977] ACPI: INT_SRC_OVR (bus 0 bus_irq 0 global_irq 2 dfl dfl)
[    0.043073] ACPI: INT_SRC_OVR (bus 0 bus_irq 5 global_irq 5 high level)
[    0.044235] ACPI: INT_SRC_OVR (bus 0 bus_irq 9 global_irq 9 high level)
[    0.045375] ACPI: INT_SRC_OVR (bus 0 bus_irq 10 global_irq 10 high level)
[    0.046562] ACPI: INT_SRC_OVR (bus 0 bus_irq 11 global_irq 11 high level)
[    0.047718] ACPI: Using ACPI (MADT) for SMP configuration information
[    0.048833] ACPI: HPET id: 0x8086a201 base: 0xfed00000
[    0.049732] TSC deadline timer available
[    0.050438] CPU topo: Max. logical packages:   1
[    0.051248] CPU topo: Max. logical nodes:      1
[    0.052033] CPU topo: Num. nodes per package:  1
[    0.052819] CPU topo: Max. logical dies:       1
[    0.053640] CPU topo: Max. dies per package:   1
[    0.054489] CPU topo: Max. threads per core:   1
[    0.055294] CPU topo: Num. cores per package:     8
[    0.056124] CPU topo: Num. threads per package:   8
[    0.056952] CPU topo: Allowing 8 present CPUs plus 0 hotplug CPUs
[    0.058029] kvm-guest: APIC: eoi() replaced with kvm_guest_apic_eoi_write()
[    0.059296] kvm-guest: KVM setup pv remote TLB flush
[    0.060151] kvm-guest: setup PV sched yield
[    0.060868] PM: hibernation: Registered nosave memory: [mem 0x00000000-0x00000fff]
[    0.062191] PM: hibernation: Registered nosave memory: [mem 0x0009f000-0x000fffff]
[    0.063513] PM: hibernation: Registered nosave memory: [mem 0xbffe0000-0xffffffff]
[    0.064802] [gap 0xc0000000-0xfeffbfff] available for PCI devices
[    0.065858] Booting paravirtualized kernel on KVM
[    0.066670] clocksource: refined-jiffies: mask: 0xffffffff max_cycles: 0xffffffff, max_idle_ns: 1910969940391419 ns
[    0.072992] Zone ranges:
[    0.073435]   DMA      [mem 0x0000000000001000-0x0000000000ffffff]
[    0.074502]   DMA32    [mem 0x0000000001000000-0x00000000ffffffff]
[    0.075575]   Normal   [mem 0x0000000100000000-0x000000013fffffff]
[    0.076643] Movable zone start for each node
[    0.077389] Early memory node ranges
[    0.077998]   node   0: [mem 0x0000000000001000-0x000000000009efff]
[    0.079099]   node   0: [mem 0x0000000000100000-0x00000000bffdffff]
[    0.080166]   node   0: [mem 0x0000000100000000-0x000000013fffffff]
[    0.081250] Initmem setup node 0 [mem 0x0000000000001000-0x000000013fffffff]
[    0.082554] On node 0, zone DMA: 1 pages in unavailable ranges
[    0.083909] On node 0, zone DMA: 97 pages in unavailable ranges
[    0.207477] On node 0, zone Normal: 32 pages in unavailable ranges
[    0.208572] setup_percpu: NR_CPUS:128 nr_cpumask_bits:8 nr_cpu_ids:8 nr_node_ids:1
[    0.214008] percpu: Embedded 58 pages/cpu s199696 r8192 d29680 u262144
[    0.215163] pcpu-alloc: s199696 r8192 d29680 u262144 alloc=1*2097152
[    0.216245] pcpu-alloc: [0] 0 1 2 3 4 5 6 7 
[    0.217042] Kernel command line: virtme_hostname=virtme-ng nr_open=1048576 virtme_link_mods=/home/prozak/sources/heimdall_experiment/uml-harness/.build/bpf-next-x86/.virtme_mods/lib/modules/0.0.0 virtme_rw_overlay0=/tmp virtme_console=ttyS0 console=ttyS0 earlyprintk=serial,ttyS0,115200 panic=-1 virtme.exec=`bW91bnQgLXQgYnBmIGJwZmZzIC9zeXMvZnMvYnBmIDI+L2Rldi9udWxsOyAuL3Rlc3RfcHJvZ3MgLXQgJ3RyYWNpbmdfbXVsdGkn` virtme_chdir=home/prozak/sources/heimdall_experiment/uml-harness/.build/selftests-output-qemu rootfstype=9p rootflags=version=9p2000.L,trans=virtio,access=any,msize=524288 raid=noautodetect rw debug init=/home/prozak/.local/share/vng-venv/lib/python3.12/site-packages/virtme/guest/bin/virtme-ng-init
[    0.228392] Unknown kernel command line parameters "virtme_hostname=virtme-ng nr_open=1048576 virtme_link_mods=/home/prozak/sources/heimdall_experiment/uml-harness/.build/bpf-next-x86/.virtme_mods/lib/modules/0.0.0 virtme_rw_overlay0=/tmp virtme_console=ttyS0 virtme_chdir=home/prozak/sources/heimdall_experiment/uml-harness/.build/selftests-output-qemu", will be passed to user space.
[    0.234484] random: crng init done
[    0.235084] printk: log buffer data + meta data: 2097152 + 7340032 = 9437184 bytes
[    0.244316] Dentry cache hash table entries: 524288 (order: 10, 4194304 bytes, linear)
[    0.249663] Inode-cache hash table entries: 262144 (order: 9, 2097152 bytes, linear)
[    0.251232] software IO TLB: area num 8.
[    0.386153] Fallback order for Node 0: 0 
[    0.386157] Built 1 zonelists, mobility grouping on.  Total pages: 1048446
[    0.388106] Policy zone: Normal
[    0.388645] mem auto-init: stack:all(zero), heap alloc:off, heap free:off
[    0.394950] SLUB: HWalign=64, Order=0-3, MinObjects=0, CPUs=8, Nodes=1
Poking KASLR using RDRAND RDTSC...
[    0.410676] ftrace: allocating 69757 entries in 274 pages
[    0.411650] ftrace: allocated 274 pages with 3 groups
[    0.413035] Dynamic Preempt: full
[    0.413943] Running RCU self tests
[    0.414604] Running RCU synchronous self tests
[    0.415366] rcu: Preemptible hierarchical RCU implementation.
[    0.416373] rcu: 	RCU event tracing is enabled.
[    0.417149] rcu: 	RCU lockdep checking is enabled.
[    0.417989] rcu: 	RCU restricting CPUs from NR_CPUS=128 to nr_cpu_ids=8.
[    0.419149] 	Trampoline variant of Tasks RCU enabled.
[    0.420034] 	Rude variant of Tasks RCU enabled.
[    0.420825] 	Tracing variant of Tasks RCU enabled.
[    0.421646] rcu: RCU calculated value of scheduler-enlistment delay is 100 jiffies.
[    0.422987] rcu: Adjusting geometry for rcu_fanout_leaf=16, nr_cpu_ids=8
[    0.424202] Running RCU synchronous self tests
[    0.424985] RCU Tasks: Setting shift to 3 and lim to 1 rcu_task_cb_adjust=1 rcu_task_cpu_ids=8.
[    0.426510] RCU Tasks Rude: Setting shift to 3 and lim to 1 rcu_task_cb_adjust=1 rcu_task_cpu_ids=8.
[    0.433760] NR_IRQS: 8448, nr_irqs: 488, preallocated irqs: 16
[    0.435123] rcu: srcu_init: Setting srcu_struct sizes based on contention.
[    0.436397] clocksource: jiffies: mask: 0xffffffff max_cycles: 0xffffffff, max_idle_ns: 1911260446275000 ns
[    0.438478] Console: colour *CGA 80x25
[    0.439234] printk: legacy console [ttyS0] enabled
[    0.439234] printk: legacy console [ttyS0] enabled
[    0.440919] printk: legacy bootconsole [earlyser0] disabled
[    0.440919] printk: legacy bootconsole [earlyser0] disabled
[    0.442894] Lock dependency validator: Copyright (c) 2006 Red Hat, Inc., Ingo Molnar
[    0.444296] ... MAX_LOCKDEP_SUBCLASSES:  8
[    0.445023] ... MAX_LOCK_DEPTH:          48
[    0.445784] ... MAX_LOCKDEP_KEYS:        8192
[    0.446569] ... CLASSHASH_SIZE:          4096
[    0.447365] ... MAX_LOCKDEP_ENTRIES:     32768
[    0.448167] ... MAX_LOCKDEP_CHAINS:      65536
[    0.448952] ... CHAINHASH_SIZE:          32768
[    0.449756]  memory used by lock dependency info: 6429 kB
[    0.450739]  memory used for stack traces: 4224 kB
[    0.451603]  per task-struct memory footprint: 1920 bytes
[    0.452629] ACPI: Core revision 20260408
[    0.453559] clocksource: hpet: mask: 0xffffffff max_cycles: 0xffffffff, max_idle_ns: 19112604467 ns
[    0.455381] APIC: Switch to symmetric I/O mode setup
[    0.456701] x2apic enabled
[    0.457742] APIC: Switched APIC routing to: physical x2apic
[    0.458782] kvm-guest: APIC: send_IPI_mask() replaced with kvm_send_ipi_mask()
[    0.460177] kvm-guest: APIC: send_IPI_mask_allbutself() replaced with kvm_send_ipi_mask_allbutself()
[    0.461882] kvm-guest: setup PV IPIs
[    0.464615] ..TIMER: vector=0x30 apic1=0 pin1=2 apic2=-1 pin2=-1
[    0.465755] clocksource: tsc-early: mask: 0xffffffffffffffff max_cycles: 0x31027285e94, max_idle_ns: 440795238296 ns
[    0.467761] Calibrating delay loop (skipped) preset value.. 6800.07 BogoMIPS (lpj=3400038)
[    0.470297] x86/cpu: User Mode Instruction Prevention (UMIP) activated
[    0.471943] Last level iTLB entries: 4KB 512, 2MB 255, 4MB 127
[    0.472758] Last level dTLB entries: 4KB 512, 2MB 255, 4MB 127, 1GB 0
[    0.473766] mitigations: Enabled attack vectors: user_kernel, user_user, SMT mitigations: auto
[    0.474758] Speculative Store Bypass: Mitigation: Speculative Store Bypass disabled via prctl
[    0.475759] Speculative Return Stack Overflow: IBPB-extending microcode not applied!
[    0.476758] Speculative Return Stack Overflow: WARNING: See https://kernel.org/doc/html/latest/admin-guide/hw-vuln/srso.html for mitigation options.
[    0.476760] Transient Scheduler Attacks: Vulnerable: No microcode
[    0.478758] Spectre V2 : Mitigation: Retpolines
[    0.479759] Speculative Return Stack Overflow: Vulnerable: Safe RET, no microcode
[    0.480758] Spectre V1 : Mitigation: usercopy/swapgs barriers and __user pointer sanitization
[    0.481758] Spectre V2 : Spectre v2 / SpectreRSB: Filling RSB on context switch and VMEXIT
[    0.482758] Spectre V2 : Enabling Restricted Speculation for firmware calls
[    0.483760] Spectre V2 : mitigation: Enabling conditional Indirect Branch Prediction Barrier
[    0.484759] active return thunk: srso_alias_return_thunk
[    0.485808] x86/fpu: Supporting XSAVE feature 0x001: 'x87 floating point registers'
[    0.486758] x86/fpu: Supporting XSAVE feature 0x002: 'SSE registers'
[    0.487758] x86/fpu: Supporting XSAVE feature 0x004: 'AVX registers'
[    0.488758] x86/fpu: xstate_offset[2]:  576, xstate_sizes[2]:  256
[    0.489758] x86/fpu: Enabled xstate features 0x7, context size is 832 bytes, using 'compacted' format.
[    0.525582] pid_max: default: 32768 minimum: 301
[    0.526840] SELinux:  Initializing.
[    0.528791] LSM support for eBPF active
[    0.529991] Mount-cache hash table entries: 8192 (order: 4, 65536 bytes, linear)
[    0.530909] Mountpoint-cache hash table entries: 8192 (order: 4, 65536 bytes, linear)
[    0.533570] VFS: Finished mounting rootfs on nullfs
[    0.536037] Running RCU synchronous self tests
[    0.536760] Running RCU synchronous self tests
[    0.538288] smpboot: CPU0: AMD Ryzen 9 5950X 16-Core Processor (family: 0x19, model: 0x21, stepping: 0x2)
[    0.540787] Performance Events: Fam17h+ core perfctr, AMD PMU driver.
[    0.541782] ... version:                   0
[    0.542702] ... bit width:                 48
[    0.542766] ... generic counters:          6
[    0.543664] ... generic bitmap:            000000000000003f
[    0.543764] ... fixed-purpose counters:    0
[    0.544668] ... fixed-purpose bitmap:      0000000000000000
[    0.544765] ... value mask:                0000ffffffffffff
[    0.545764] ... max period:                00007fffffffffff
[    0.546764] ... global_ctrl mask:          000000000000003f
[    0.548110] signal: max sigframe size: 1776
[    0.548960] rcu: Hierarchical SRCU implementation.
[    0.549767] rcu: 	Max phase no-delay instances is 400.
[    0.551098] Timer migration: 1 hierarchy levels; 8 children per group; 1 crossnode level
[    0.564122] smp: Bringing up secondary CPUs ...
[    0.568964] smpboot: x86: Booting SMP configuration:
[    0.569766] .... node  #0, CPUs:      #1 #2 #3 #4 #5 #6 #7
[    0.598170] smp: Brought up 1 node, 8 CPUs
[    0.599664] smpboot: Total of 8 processors activated (54400.60 BogoMIPS)
[    0.601109] Memory: 3963784K/4193784K available (25637K kernel code, 10348K rwdata, 18032K rodata, 4668K init, 13400K bss, 221948K reserved, 0K cma-reserved)
[    0.603764] devtmpfs: initialized
[    0.608322] Running RCU synchronous self tests
[    0.608786] Running RCU synchronous self tests
[    0.609895] Running RCU Tasks wait API self tests
[    0.610832] Running RCU Tasks Rude wait API self tests
[    0.611766] Running RCU Tasks Trace wait API self tests
[    0.612880] posixtimers hash table entries: 4096 (order: 7, 294912 bytes, linear)
[    0.615282] futex hash table entries: 2048 (262144 bytes on 1 NUMA nodes, total 256 KiB, linear).
[    0.616764] PM: RTC time: 23:26:08, date: 2026-08-02
[    0.617807] Callback from call_rcu_tasks_trace() invoked.
[    0.624665] NET: Registered PF_NETLINK/PF_ROUTE protocol family
[    0.625817] audit: initializing netlink subsys (disabled)
[    0.626818] audit: type=2000 audit(1785713169.070:1): state=initialized audit_enabled=0 res=1
[    0.651977] thermal_sys: Registered thermal governor 'step_wise'
[    0.652049] cpuidle: using governor ladder
[    0.653677] cpuidle: using governor menu
[    0.655789] Freeing SMP alternatives memory: 68K
[    0.657628] PCI: Using configuration type 1 for base access
[    0.657766] PCI: Using configuration type 1 for extended access
[    0.658954] kprobes: kprobe jump-optimization is enabled. All kprobes are optimized if possible.
[    0.660879] HugeTLB: registered 1.00 GiB page size, pre-allocated 0 pages
[    0.661771] HugeTLB: 16380 KiB vmemmap can be freed for a 1.00 GiB page
[    0.662766] HugeTLB: registered 2.00 MiB page size, pre-allocated 0 pages
[    0.663765] HugeTLB: 28 KiB vmemmap can be freed for a 2.00 MiB page
[    0.669911] ACPI: Added _OSI(Module Device)
[    0.670766] ACPI: Added _OSI(Processor Device)
[    0.671736] ACPI: Added _OSI(Processor Aggregator Device)
[    0.675455] ACPI: 1 ACPI AML tables successfully acquired and loaded
[    0.678443] ACPI: \_SB_: platform _OSC: OS support mask [002a7eee]
[    0.679536] ACPI: Interpreter enabled
[    0.679832] ACPI: PM: (supports S0 S3 S4 S5)
[    0.680778] ACPI: Using IOAPIC for interrupt routing
[    0.681815] PCI: Using host bridge windows from ACPI; if necessary, use "pci=nocrs" and report a bug
[    0.682766] PCI: Using E820 reservations for host bridge windows
[    0.684155] ACPI: Enabled 2 GPEs in block 00 to 0F
[    0.700536] ACPI: PCI Root Bridge [PCI0] (domain 0000 [bus 00-ff])
[    0.700771] acpi PNP0A03:00: _OSC: OS supports [ExtendedConfig ASPM ClockPM Segments MSI HPX-Type3]
[    0.701776] acpi PNP0A03:00: _OSC: OS requested [PME PCIeCapability LTR]
[    0.702767] acpi PNP0A03:00: _OSC: platform willing to grant [PME PCIeCapability LTR]
[    0.703767] acpi PNP0A03:00: _OSC: platform retains control of PCIe features (AE_ERROR)
[    0.705530] PCI host bridge to bus 0000:00
[    0.705776] pci_bus 0000:00: root bus resource [io  0x0000-0x0cf7 window]
[    0.706768] pci_bus 0000:00: root bus resource [io  0x0d00-0xffff window]
[    0.707767] pci_bus 0000:00: root bus resource [mem 0x000a0000-0x000bffff window]
[    0.708766] pci_bus 0000:00: root bus resource [mem 0xc0000000-0xfebfffff window]
[    0.709767] pci_bus 0000:00: root bus resource [mem 0x380000000000-0x38007fffffff window]
[    0.710768] pci_bus 0000:00: root bus resource [bus 00-ff]
[    0.712205] pci 0000:00:00.0: [8086:1237] type 00 class 0x060000 conventional PCI endpoint
[    0.714349] pci 0000:00:01.0: [8086:7000] type 00 class 0x060100 conventional PCI endpoint
[    0.716206] pci 0000:00:01.1: [8086:7010] type 00 class 0x010180 conventional PCI endpoint
[    0.717615] pci 0000:00:01.1: BAR 4 [io  0xc1c0-0xc1cf]
[    0.717843] pci 0000:00:01.1: BAR 0 [io  0x01f0-0x01f7]: legacy IDE quirk
[    0.718767] pci 0000:00:01.1: BAR 1 [io  0x03f6]: legacy IDE quirk
[    0.719765] pci 0000:00:01.1: BAR 2 [io  0x0170-0x0177]: legacy IDE quirk
[    0.720766] pci 0000:00:01.1: BAR 3 [io  0x0376]: legacy IDE quirk
[    0.722480] pci 0000:00:01.3: [8086:7113] type 00 class 0x068000 conventional PCI endpoint
[    0.723488] pci 0000:00:01.3: quirk: [io  0x0600-0x063f] claimed by PIIX4 ACPI
[    0.723784] pci 0000:00:01.3: quirk: [io  0x0700-0x070f] claimed by PIIX4 SMB
[    0.725782] pci 0000:00:02.0: [1af4:1009] type 00 class 0x000200 conventional PCI endpoint
[    0.728669] pci 0000:00:02.0: BAR 0 [io  0xc000-0xc03f]
[    0.728783] pci 0000:00:02.0: BAR 1 [mem 0xfebf8000-0xfebf8fff]
[    0.729828] pci 0000:00:02.0: BAR 4 [mem 0x380000000000-0x380000003fff 64bit pref]
[    0.734115] pci 0000:00:03.0: [8086:25ab] type 00 class 0x088000 conventional PCI endpoint
[    0.735784] pci 0000:00:03.0: BAR 0 [mem 0xfebf9000-0xfebf900f]
[    0.739360] pci 0000:00:04.0: [1af4:1003] type 00 class 0x078000 conventional PCI endpoint
[    0.740786] pci 0000:00:04.0: BAR 0 [io  0xc040-0xc07f]
[    0.741781] pci 0000:00:04.0: BAR 1 [mem 0xfebfa000-0xfebfafff]
[    0.742828] pci 0000:00:04.0: BAR 4 [mem 0x380000004000-0x380000007fff 64bit pref]
[    0.747098] pci 0000:00:05.0: [1af4:1003] type 00 class 0x078000 conventional PCI endpoint
[    0.748785] pci 0000:00:05.0: BAR 0 [io  0xc080-0xc0bf]
[    0.749784] pci 0000:00:05.0: BAR 1 [mem 0xfebfb000-0xfebfbfff]
[    0.750824] pci 0000:00:05.0: BAR 4 [mem 0x380000008000-0x38000000bfff 64bit pref]
[    0.755404] pci 0000:00:06.0: [1af4:1003] type 00 class 0x078000 conventional PCI endpoint
[    0.756784] pci 0000:00:06.0: BAR 0 [io  0xc0c0-0xc0ff]
[    0.757782] pci 0000:00:06.0: BAR 1 [mem 0xfebfc000-0xfebfcfff]
[    0.758835] pci 0000:00:06.0: BAR 4 [mem 0x38000000c000-0x38000000ffff 64bit pref]
[    0.763430] pci 0000:00:07.0: [1af4:1003] type 00 class 0x078000 conventional PCI endpoint
[    0.764783] pci 0000:00:07.0: BAR 0 [io  0xc100-0xc13f]
[    0.765783] pci 0000:00:07.0: BAR 1 [mem 0xfebfd000-0xfebfdfff]
[    0.766827] pci 0000:00:07.0: BAR 4 [mem 0x380000010000-0x380000013fff 64bit pref]
[    0.771077] pci 0000:00:08.0: [1af4:1003] type 00 class 0x078000 conventional PCI endpoint
[    0.772703] pci 0000:00:08.0: BAR 0 [io  0xc140-0xc17f]
[    0.772782] pci 0000:00:08.0: BAR 1 [mem 0xfebfe000-0xfebfefff]
[    0.773848] pci 0000:00:08.0: BAR 4 [mem 0x380000014000-0x380000017fff 64bit pref]
[    0.778046] pci 0000:00:09.0: [1af4:1003] type 00 class 0x078000 conventional PCI endpoint
[    0.779764] pci 0000:00:09.0: BAR 0 [io  0xc180-0xc1bf]
[    0.780783] pci 0000:00:09.0: BAR 1 [mem 0xfebff000-0xfebfffff]
[    0.781826] pci 0000:00:09.0: BAR 4 [mem 0x380000018000-0x38000001bfff 64bit pref]
[    0.791386] ACPI: PCI: Interrupt link LNKA configured for IRQ 10
[    0.792026] ACPI: PCI: Interrupt link LNKB configured for IRQ 10
[    0.793036] ACPI: PCI: Interrupt link LNKC configured for IRQ 11
[    0.794017] ACPI: PCI: Interrupt link LNKD configured for IRQ 11
[    0.794894] ACPI: PCI: Interrupt link LNKS configured for IRQ 9
[    0.797775] iommu: Default domain type: Translated
[    0.798767] iommu: DMA domain TLB invalidation policy: lazy mode
[    0.801214] SCSI subsystem initialized
[    0.801861] libata version 3.00 loaded.
[    0.802940] ACPI: bus type USB registered
[    0.803893] usbcore: registered new interface driver usbfs
[    0.804842] usbcore: registered new interface driver hub
[    0.805803] usbcore: registered new device driver usb
[    0.806983] pps_core: LinuxPPS API ver. 1 registered
[    0.807765] pps_core: Software ver. 5.3.6 - Copyright 2005-2007 Rodolfo Giometti <giometti@linux.it>
[    0.808793] PTP clock support registered
[    0.810273] Advanced Linux Sound Architecture Driver Initialized.
[    0.812137] NetLabel: Initializing
[    0.812766] NetLabel:  domain hash size = 128
[    0.813703] NetLabel:  protocols = UNLABELED CIPSOv4 CALIPSO
[    0.813812] NetLabel:  unlabeled traffic allowed by default
[    0.814965] PCI: Using ACPI for IRQ routing
[    0.815766] PCI: pci_cache_line_size set to 64 bytes
[    0.817137] e820: register RAM buffer resource [mem 0x0009fc00-0x0009ffff]
[    0.817767] e820: register RAM buffer resource [mem 0xbffe0000-0xbfffffff]
[    0.818909] vgaarb: loaded
[    0.819796] hpet0: at MMIO 0xfed00000, IRQs 2, 8, 0
[    0.820791] hpet0: 3 comparators, 64-bit 100.000000 MHz counter
[    0.820767] Callback from call_rcu_tasks() invoked.
[    0.824417] clocksource: Switched to clocksource kvm-clock
[    0.826266] VFS: Disk quotas dquot_6.6.0
[    0.827218] VFS: Dquot-cache hash table entries: 512 (4096 bytes)
[    0.829707] pnp: PnP ACPI init
[    0.830854] pnp 00:02: [dma 2]
[    0.832315] pnp: PnP ACPI: found 4 devices
[    0.850945] clocksource: acpi_pm: mask: 0xffffff max_cycles: 0xffffff, max_idle_ns: 2085701024 ns
[    0.853210] NET: Registered PF_INET protocol family
[    0.855745] IP idents hash table entries: 65536 (order: 7, 524288 bytes, linear)
[    0.860027] tcp_listen_portaddr_hash hash table entries: 2048 (order: 6, 147456 bytes, linear)
[    0.862476] Table-perturb hash table entries: 65536 (order: 6, 262144 bytes, linear)
[    0.864203] TCP established hash table entries: 32768 (order: 6, 262144 bytes, linear)
[    0.866518] TCP bind hash table entries: 32768 (order: 11, 4718592 bytes, vmalloc hugepage)
[    0.879001] TCP: Hash tables configured (established 32768 bind 32768)
[    0.882213] MPTCP token hash table entries: 4096 (order: 7, 360448 bytes, linear)
[    0.883990] UDP hash table entries: 2048 (order: 7, 524288 bytes, linear)
[    0.886798] NET: Registered PF_UNIX/PF_LOCAL protocol family
[    0.889186] RPC: Registered named UNIX socket transport module.
[    0.890627] RPC: Registered udp transport module.
[    0.891654] RPC: Registered tcp transport module.
[    0.892700] RPC: Registered tcp-with-tls transport module.
[    0.893884] RPC: Registered tcp NFSv4.1 backchannel transport module.
[    0.896178] NET: Registered PF_XDP protocol family
[    0.897475] pci_bus 0000:00: resource 4 [io  0x0000-0x0cf7 window]
[    0.898932] pci_bus 0000:00: resource 5 [io  0x0d00-0xffff window]
[    0.900281] pci_bus 0000:00: resource 6 [mem 0x000a0000-0x000bffff window]
[    0.901753] pci_bus 0000:00: resource 7 [mem 0xc0000000-0xfebfffff window]
[    0.903267] pci_bus 0000:00: resource 8 [mem 0x380000000000-0x38007fffffff window]
[    0.905048] pci 0000:00:01.0: PIIX3: Enabling Passive Release
[    0.906344] pci 0000:00:00.0: Limiting direct PCI/PCI transfers
[    0.907820] PCI: CLS 0 bytes, default 64
[    0.908812] PCI-DMA: Using software bounce buffering for IO (SWIOTLB)
[    0.910259] software IO TLB: mapped [mem 0x00000000bbfe0000-0x00000000bffe0000] (64MB)
[    0.913063] clocksource: tsc: mask: 0xffffffffffffffff max_cycles: 0x31027285e94, max_idle_ns: 440795238296 ns
[    0.923801] Initialise system trusted keyrings
[    0.925203] workingset: timestamp_bits=40 (anon: 35) max_order=20 bucket_order=0 (anon: 0)
[    0.928098] squashfs: version 4.0 (2009/01/31) Phillip Lougher
[    0.930126] NFS: Registering the id_resolver key type
[    0.931630] Key type id_resolver registered
[    0.932599] Key type id_legacy registered
[    0.933471] nfs4filelayout_init: NFSv4 File Layout Driver Registering...
[    0.934966] nfs4flexfilelayout_init: NFSv4 Flexfile Layout Driver Registering...
[    0.936809] fuse: init (API version 7.45)
[    0.938021] 9p: Installing v9fs 9p2000 file system support
[    0.941919] NET: Registered PF_ALG protocol family
[    0.943050] Key type asymmetric registered
[    0.943963] Asymmetric key parser 'x509' registered
[    0.945136] Block layer SCSI generic (bsg) driver version 0.4 loaded (major 248)
[    0.947521] io scheduler mq-deadline registered
[    0.948566] io scheduler kyber registered
[    0.950897] input: Power Button as /devices/platform/LNXPWRBN:00/input/input0
[    0.952683] ACPI: button: Power Button [PWRF]
[    1.079537] ACPI: \_SB_.LNKB: Enabled at IRQ 10
[    1.204395] ACPI: \_SB_.LNKD: Enabled at IRQ 11
[    1.328588] ACPI: \_SB_.LNKA: Enabled at IRQ 10
[    1.476280] kwatchdog (99) used greatest stack depth: 14776 bytes left
[    1.576716] ACPI: \_SB_.LNKC: Enabled at IRQ 11
[    1.822952] Serial: 8250/16550 driver, 4 ports, IRQ sharing enabled
[    1.825583] 00:03: ttyS0 at I/O 0x3f8 (irq = 4, base_baud = 115200) is a 16550A
[    1.992886] Non-volatile memory driver v1.3
[    1.994591] ACPI: bus type drm_connector registered
[    2.017020] brd: module loaded
[    2.030720] loop: module loaded
[    2.036211] scsi host0: ata_piix
[    2.038155] scsi host1: ata_piix
[    2.039451] ata1: PATA max MWDMA2 cmd 0x1f0 ctl 0x3f6 bmdma 0xc1c0 irq 14 lpm-pol 0
[    2.041096] ata2: PATA max MWDMA2 cmd 0x170 ctl 0x376 bmdma 0xc1c8 irq 15 lpm-pol 0
[    2.046972] tun: Universal TUN/TAP device driver, 1.6
[    2.048567] e100: Intel(R) PRO/100 Network Driver
[    2.049625] e100: Copyright(c) 1999-2006 Intel Corporation
[    2.050933] e1000: Intel(R) PRO/1000 Network Driver
[    2.052058] e1000: Copyright (c) 1999-2006 Intel Corporation.
[    2.053440] e1000e: Intel(R) PRO/1000 Network Driver
[    2.054597] e1000e: Copyright(c) 1999 - 2015 Intel Corporation.
[    2.055998] sky2: driver version 1.30
[    2.058084] usbcore: registered new interface driver usblp
[    2.059407] usbcore: registered new interface driver usb-storage
[    2.060857] i8042: PNP: PS/2 Controller [PNP0303:KBD,PNP0f13:MOU] at 0x60,0x64 irq 1,12
[    2.064081] serio: i8042 KBD port at 0x60,0x64 irq 1
[    2.065669] serio: i8042 AUX port at 0x60,0x64 irq 12
[    2.067947] rtc_cmos PNP0B00:00: RTC can wake from S4
[    2.070057] input: AT Translated Set 2 keyboard as /devices/platform/i8042/serio0/input/input1
[    2.074706] rtc_cmos PNP0B00:00: registered as rtc0
[    2.076355] rtc_cmos PNP0B00:00: alarms up to one day, y3k, 242 bytes nvram, hpet irqs
[    2.078815] Registered IR keymap rc-empty
[    2.080077] rc rc0: rc-core loopback device as /devices/virtual/rc/rc0
[    2.081960] rc rc0: lirc_dev: driver rc-loopback registered at minor = 0, raw IR receiver, raw IR transmitter
[    2.084544] input: rc-core loopback device as /devices/virtual/rc/rc0/input4
[    2.087444] intel_powerclamp: CPU does not support MWAIT
[    2.088895] device-mapper: core: CONFIG_IMA_DISABLE_HTABLE is disabled. Duplicate IMA measurements will not be recorded in the IMA log.
[    2.093035] device-mapper: ioctl: 4.50.0-ioctl (2025-04-28) initialised: dm-devel@lists.linux.dev
[    2.095149] amd_pstate: the _CPC object is not present in SBIOS or ACPI disabled
[    2.097951] hid: raw HID events driver (C) Jiri Kosina
[    2.101195] usbcore: registered new interface driver usbhid
[    2.102435] usbhid: USB HID core driver
[    2.104611] GACT probability NOT on
[    2.105458] Mirror/redirect action on
[    2.107987] nf_conntrack_irc: The irc conntrack helper is scheduled for removal.
[    2.107987] Please contact the netfilter-devel mailing list if you still need this.
[    2.113018] ipip: IPv4 and MPLS over IPv4 tunneling driver
[    2.115053] gre: GRE over IPv4 demultiplexer driver
[    2.116135] ip_gre: GRE over IPv4 tunneling driver
[    2.119794] Initializing XFRM netlink socket
[    2.120824] IPsec XFRM device driver
[    2.121728] NET: Registered PF_INET6 protocol family
[    2.125048] Segment Routing with IPv6
[    2.125931] In-situ OAM (IOAM) with IPv6
[    2.126835] mip6: Mobile IPv6
[    2.127538] sit: IPv6, IPv4 and MPLS over IPv4 tunneling driver
[    2.130280] ip6_gre: GRE over IPv6 tunneling driver
[    2.132184] NET: Registered PF_PACKET protocol family
[    2.133413] RPC: Registered rdma transport module.
[    2.134449] RPC: Registered rdma backchannel transport module.
[    2.135961] 8021q: 802.1Q VLAN Support v1.8
[    2.137799] smc: adding smcd device lo without pnetid
[    2.139347] NET: Registered PF_SMC protocol family
[    2.141306] 9pnet: Installing 9P2000 support
[    2.143862] Key type dns_resolver registered
[    2.145054] NET: Registered PF_VSOCK protocol family
[    2.146191] mpls_gso: MPLS GSO support
[    2.150765] IPI shorthand broadcast: enabled
[    2.194302] sched_clock: Marking stable (2170009274, 23359870)->(2293541933, -100172789)
[    2.196357] ata2: found unknown device (class 0)
[    2.198824] ata2.00: ATAPI: QEMU DVD-ROM, 2.5+, max UDMA/100
[    2.200542] registered taskstats version 1
[    2.203240] scsi 1:0:0:0: CD-ROM            QEMU     QEMU DVD-ROM     2.5+ PQ: 0 ANSI: 5
[    2.218687] Loading compiled-in X.509 certificates
[    2.220670] kworker/u32:1 (119) used greatest stack depth: 13008 bytes left
[    2.221886] Loaded X.509 cert 'Build time autogenerated kernel key: c4531344b9a9c1a4731230d977a262ba29ba5272'
[    2.225665] sr 1:0:0:0: [sr0] scsi3-mmc drive: 4x/4x cd/rw xa/form2 tray
[    2.245147] cdrom: Uniform CD-ROM driver Revision: 3.20
[    2.259968] sr 1:0:0:0: Attached scsi CD-ROM sr0
[    2.261905] sr 1:0:0:0: Attached scsi generic sg0 type 5
[    2.263262] Demotion targets for Node 0: null
[    2.264952] ima: No TPM chip found, activating TPM-bypass!
[    2.266241] ima: Allocated hash algorithm: sha1
[    2.267548] ima: No architecture policies found
[    2.269493] PM:   Magic number: 6:976:452
[    2.270501] netconsole: network logging started
[    2.272195] cfg80211: Loading compiled-in X.509 certificates for regulatory database
[    2.275179] Loaded X.509 cert 'sforshee: 00b28ddf47aef9cea7'
[    2.276558] Loaded X.509 cert 'wens: 61c038651aabdcf94bd0ac7ff06c7248db18c600'
[    2.278274] ALSA device list:
[    2.279505] faux_driver regulatory: Direct firmware load for regulatory.db failed with error -2
[    2.280423]   No soundcards found.
[    2.281502] cfg80211: failed to load regulatory.db
[    2.518187] input: ImExPS/2 Generic Explorer Mouse as /devices/platform/i8042/serio1/input/input3
[    2.520138] md: Skipping autodetection of RAID arrays. (raid=autodetect will force)
[    2.521475] 9p: Bad value for 'source'
[    2.522002] 9pnet: Limiting 'msize' to 512000 as this is the maximum supported by transport virtio
[    2.525707] VFS: Mounted root (9p filesystem) on device 0:22.
[    2.527684] devtmpfs: mounted
[    2.528281] VFS: Pivoted into new rootfs
[    2.533021] Freeing unused kernel image (initmem) memory: 4668K
[    2.533823] Write protecting the kernel read-only data: 45056k
[    2.535799] Freeing unused kernel image (text/rodata gap) memory: 984K
[    2.537053] Freeing unused kernel image (rodata/data gap) memory: 400K
[    2.574656] x86/mm: Checked W+X mappings: passed, no W+X pages found.
[    2.575507] Run /home/prozak/.local/share/vng-venv/lib/python3.12/site-packages/virtme/guest/bin/virtme-ng-init as init process
[    2.576927]   with arguments:
[    2.577297]     /home/prozak/.local/share/vng-venv/lib/python3.12/site-packages/virtme/guest/bin/virtme-ng-init
[    2.578496]   with environment:
[    2.578885]     HOME=/
[    2.579182]     TERM=linux
[    2.579580]     virtme_hostname=virtme-ng
[    2.580097]     nr_open=1048576
[    2.580520]     virtme_link_mods=/home/prozak/sources/heimdall_experiment/uml-harness/.build/bpf-next-x86/.virtme_mods/lib/modules/0.0.0
[    2.582012]     virtme_rw_overlay0=/tmp
[    2.582495]     virtme_console=ttyS0
[    2.582928]     virtme_chdir=home/prozak/sources/heimdall_experiment/uml-harness/.build/selftests-output-qemu
[    2.672966] virtme-ng-init: mount devtmpfs -> /dev: EBUSY: Device or resource busy
[    2.674646] virtme-ng-init: Setting hostname to virtme-ng...
[    2.715313] virtme-ng-init: running systemd-tmpfiles
[    3.896687] systemd-tmpfile (127) used greatest stack depth: 12504 bytes left
[    3.896853] virtme-ng-init: basic initialization done
[    3.914281] virtme-ng-init: error creating file: Permission denied (os error 13)
[    3.994605] ip (131) used greatest stack depth: 11848 bytes left
[    4.085683] virtme-ng-init: Starting systemd-udevd version 255.4-1ubuntu8.16
[    4.087951] virtme-ng-init: triggering udev coldplug
[    7.099948] virtme-ng-init: waiting for udev to settle
[    7.871472] virtme-ng-init: udev is done
[    7.876252] virtme-ng-init: starting script
[    8.165328] bpf_testmod: loading out-of-tree module taints kernel.
[    8.166273] bpf_testmod: module verification failed: signature and/or required key missing - tainting kernel
[   21.919956] smc: removing smcd device lo
[   21.971546] clocksource: Watchdog remote CPU 2 read timed out
[   21.989232] ACPI: PM: Preparing to enter system sleep state S5
[   21.990908] reboot: Power down
