#552/1   uprobe_multi_test/skel_api:OK
#552/2   uprobe_multi_test/attach_api_pattern:OK
#552/3   uprobe_multi_test/attach_api_syms:OK
#552/4   uprobe_multi_test/link_api:OK
#552/5   uprobe_multi_test/link_api_path_fd:OK
#552/6   uprobe_multi_test/bench_uprobe:OK
#552/7   uprobe_multi_test/bench_usdt:OK
#552/8   uprobe_multi_test/attach_api_fails:OK
#552/9   uprobe_multi_test/attach_uprobe_fails:OK
#552/10  uprobe_multi_test/consumers:OK
#552/11  uprobe_multi_test/filter_fork:OK
#552/12  uprobe_multi_test/filter_clone_vm:OK
#552/13  uprobe_multi_test/session:OK
#552/14  uprobe_multi_test/session_single:OK
#552/15  uprobe_multi_test/session_cookie:OK
#552/16  uprobe_multi_test/session_cookie_recursive:OK
#552/17  uprobe_multi_test/uprobe_sesison_return_0:OK
#552/18  uprobe_multi_test/uprobe_sesison_return_1:OK
#552/19  uprobe_multi_test/uprobe_sesison_return_2:OK
#552     uprobe_multi_test:OK
Summary: 1/19 PASSED, 0 SKIPPED, 0 FAILED
lay0=/tmp virtme_console=ttyS0 console=ttyS0 earlyprintk=serial,ttyS0,115200 panic=-1 virtme.exec=`bW91bnQgLXQgYnBmIGJwZmZzIC9zeXMvZnMvYnBmIDI+L2Rldi9udWxsOyAuL3Rlc3RfcHJvZ3MgLXQgJ3Vwcm9iZV9tdWx0aV90ZXN0Jw==` virtme_chdir=home/prozak/sources/heimdall_experiment/uml-harness/.build/selftests-output-qemu rootfstype=9p rootflags=version=9p2000.L,trans=virtio,access=any,msize=524288 raid=noautodetect rw debug init=/home/prozak/.local/share/vng-venv/lib/python3.12/site-packages/virtme/guest/bin/virtme-ng-init
[    0.000000] x86 CPU feature dependency check failure: CPU0 has '18*32+31' enabled but '18*32+26' disabled. Kernel might be fine, but no guarantees.
[    0.000000] BIOS-provided physical RAM map:
[    0.000000] BIOS-e820: [mem 0x0000000000000000-0x000000000009fbff]  System RAM
[    0.000000] BIOS-e820: [mem 0x000000000009fc00-0x000000000009ffff]  device reserved
[    0.000000] BIOS-e820: [gap 0x00000000000a0000-0x00000000000effff]
[    0.000000] BIOS-e820: [mem 0x00000000000f0000-0x00000000000fffff]  device reserved
[    0.000000] BIOS-e820: [mem 0x0000000000100000-0x00000000bffdffff]  System RAM
[    0.000000] BIOS-e820: [mem 0x00000000bffe0000-0x00000000bfffffff]  device reserved
[    0.000000] BIOS-e820: [gap 0x00000000c0000000-0x00000000feffbfff]
[    0.000000] BIOS-e820: [mem 0x00000000feffc000-0x00000000feffffff]  device reserved
[    0.000000] BIOS-e820: [gap 0x00000000ff000000-0x00000000fffbffff]
[    0.000000] BIOS-e820: [mem 0x00000000fffc0000-0x00000000ffffffff]  device reserved
[    0.000000] BIOS-e820: [mem 0x0000000100000000-0x000000013fffffff]  System RAM
[    0.000000] BIOS-e820: [gap 0x0000000140000000-0x000000fcffffffff]
[    0.000000] BIOS-e820: [mem 0x000000fd00000000-0x000000ffffffffff]  device reserved
[    0.000000] printk: legacy bootconsole [earlyser0] enabled
[    0.000000] NX (Execute Disable) protection: active
[    0.000000] APIC: Static calls initialized
[    0.000000] DMI: SMBIOS 3.0.0 present.
[    0.000000] DMI: QEMU Ubuntu 24.04 PC v2 (i440FX + PIIX, arch_caps fix, 1996), BIOS 1.16.3-debian-1.16.3-2 04/01/2014
[    0.000000] DMI: Memory slots populated: 1/1
[    0.000000] Hypervisor detected: KVM
[    0.000000] last_pfn = 0xbffe0 max_arch_pfn = 0x400000000
[    0.000000] kvm-clock: Using msrs 4b564d01 and 4b564d00
[    0.000001] kvm-clock: using sched offset of 468457349 cycles
[    0.000921] clocksource: kvm-clock: mask: 0xffffffffffffffff max_cycles: 0x1cd42e4dffb, max_idle_ns: 881590591483 ns
[    0.003758] tsc: Detected 3400.038 MHz processor
[    0.004913] e820: update [mem 0x00000000-0x00000fff] System RAM ==> device reserved
[    0.006252] e820: remove [mem 0x000a0000-0x000fffff] System RAM
[    0.007295] last_pfn = 0x140000 max_arch_pfn = 0x400000000
[    0.008401] MTRR map: 4 entries (3 fixed + 1 variable; max 19), built from 8 variable MTRRs
[    0.009875] x86/PAT: Configuration [0-7]: WB  WC  UC- UC  WB  WP  UC- WT  
Memory KASLR using RDRAND RDTSC...
[    0.011757] last_pfn = 0xbffe0 max_arch_pfn = 0x400000000
[    0.013940] found SMP MP-table at [mem 0x000f5450-0x000f545f]
[    0.014937] Using GB pages for direct mapping
[    0.015803] ACPI: Early table checksum verification disabled
[    0.016805] ACPI: RSDP 0x00000000000F5240 000014 (v00 BOCHS )
[    0.017800] ACPI: RSDT 0x00000000BFFE1F16 000034 (v01 BOCHS  BXPC     00000001 BXPC 00000001)
[    0.019276] ACPI: FACP 0x00000000BFFE1D92 000074 (v01 BOCHS  BXPC     00000001 BXPC 00000001)
[    0.020794] ACPI: DSDT 0x00000000BFFE0040 001D52 (v01 BOCHS  BXPC     00000001 BXPC 00000001)
[    0.022271] ACPI: FACS 0x00000000BFFE0000 000040
[    0.023061] ACPI: APIC 0x00000000BFFE1E06 0000B0 (v03 BOCHS  BXPC     00000001 BXPC 00000001)
[    0.024551] ACPI: HPET 0x00000000BFFE1EB6 000038 (v01 BOCHS  BXPC     00000001 BXPC 00000001)
[    0.026042] ACPI: WAET 0x00000000BFFE1EEE 000028 (v01 BOCHS  BXPC     00000001 BXPC 00000001)
[    0.027512] ACPI: Reserving FACP table memory at [mem 0xbffe1d92-0xbffe1e05]
[    0.028763] ACPI: Reserving DSDT table memory at [mem 0xbffe0040-0xbffe1d91]
[    0.030029] ACPI: Reserving FACS table memory at [mem 0xbffe0000-0xbffe003f]
[    0.031238] ACPI: Reserving APIC table memory at [mem 0xbffe1e06-0xbffe1eb5]
[    0.032479] ACPI: Reserving HPET table memory at [mem 0xbffe1eb6-0xbffe1eed]
[    0.033697] ACPI: Reserving WAET table memory at [mem 0xbffe1eee-0xbffe1f15]
[    0.035357] No NUMA configuration found
[    0.036036] Faking a node at [mem 0x0000000000000000-0x000000013fffffff]
[    0.037181] NODE_DATA(0) allocated [mem 0x13fff9c80-0x13fffdfff]
[    0.039068] ACPI: PM-Timer IO Port: 0x608
[    0.039784] ACPI: LAPIC_NMI (acpi_id[0xff] dfl dfl lint[0x1])
[    0.040831] IOAPIC[0]: apic_id 0, version 17, address 0xfec00000, GSI 0-23
[    0.042029] ACPI: INT_SRC_OVR (bus 0 bus_irq 0 global_irq 2 dfl dfl)
[    0.043129] ACPI: INT_SRC_OVR (bus 0 bus_irq 5 global_irq 5 high level)
[    0.044289] ACPI: INT_SRC_OVR (bus 0 bus_irq 9 global_irq 9 high level)
[    0.045495] ACPI: INT_SRC_OVR (bus 0 bus_irq 10 global_irq 10 high level)
[    0.046694] ACPI: INT_SRC_OVR (bus 0 bus_irq 11 global_irq 11 high level)
[    0.047902] ACPI: Using ACPI (MADT) for SMP configuration information
[    0.049039] ACPI: HPET id: 0x8086a201 base: 0xfed00000
[    0.049950] TSC deadline timer available
[    0.050622] CPU topo: Max. logical packages:   1
[    0.051439] CPU topo: Max. logical nodes:      1
[    0.052246] CPU topo: Num. nodes per package:  1
[    0.053035] CPU topo: Max. logical dies:       1
[    0.053852] CPU topo: Max. dies per package:   1
[    0.054661] CPU topo: Max. threads per core:   1
[    0.055460] CPU topo: Num. cores per package:     8
[    0.056329] CPU topo: Num. threads per package:   8
[    0.057161] CPU topo: Allowing 8 present CPUs plus 0 hotplug CPUs
[    0.058238] kvm-guest: APIC: eoi() replaced with kvm_guest_apic_eoi_write()
[    0.059469] kvm-guest: KVM setup pv remote TLB flush
[    0.060356] kvm-guest: setup PV sched yield
[    0.061124] PM: hibernation: Registered nosave memory: [mem 0x00000000-0x00000fff]
[    0.062435] PM: hibernation: Registered nosave memory: [mem 0x0009f000-0x000fffff]
[    0.063740] PM: hibernation: Registered nosave memory: [mem 0xbffe0000-0xffffffff]
[    0.065066] [gap 0xc0000000-0xfeffbfff] available for PCI devices
[    0.066125] Booting paravirtualized kernel on KVM
[    0.066929] clocksource: refined-jiffies: mask: 0xffffffff max_cycles: 0xffffffff, max_idle_ns: 1910969940391419 ns
[    0.073220] Zone ranges:
[    0.073663]   DMA      [mem 0x0000000000001000-0x0000000000ffffff]
[    0.074754]   DMA32    [mem 0x0000000001000000-0x00000000ffffffff]
[    0.075824]   Normal   [mem 0x0000000100000000-0x000000013fffffff]
[    0.076937] Movable zone start for each node
[    0.077666] Early memory node ranges
[    0.078294]   node   0: [mem 0x0000000000001000-0x000000000009efff]
[    0.079379]   node   0: [mem 0x0000000000100000-0x00000000bffdffff]
[    0.080486]   node   0: [mem 0x0000000100000000-0x000000013fffffff]
[    0.081556] Initmem setup node 0 [mem 0x0000000000001000-0x000000013fffffff]
[    0.082809] On node 0, zone DMA: 1 pages in unavailable ranges
[    0.084332] On node 0, zone DMA: 97 pages in unavailable ranges
[    0.214238] On node 0, zone Normal: 32 pages in unavailable ranges
[    0.215346] setup_percpu: NR_CPUS:128 nr_cpumask_bits:8 nr_cpu_ids:8 nr_node_ids:1
[    0.220863] percpu: Embedded 58 pages/cpu s199696 r8192 d29680 u262144
[    0.221994] pcpu-alloc: s199696 r8192 d29680 u262144 alloc=1*2097152
[    0.223099] pcpu-alloc: [0] 0 1 2 3 4 5 6 7 
[    0.223940] Kernel command line: virtme_hostname=virtme-ng nr_open=1048576 virtme_link_mods=/home/prozak/sources/heimdall_experiment/uml-harness/.build/bpf-next-x86/.virtme_mods/lib/modules/0.0.0 virtme_rw_overlay0=/tmp virtme_console=ttyS0 console=ttyS0 earlyprintk=serial,ttyS0,115200 panic=-1 virtme.exec=`bW91bnQgLXQgYnBmIGJwZmZzIC9zeXMvZnMvYnBmIDI+L2Rldi9udWxsOyAuL3Rlc3RfcHJvZ3MgLXQgJ3Vwcm9iZV9tdWx0aV90ZXN0Jw==` virtme_chdir=home/prozak/sources/heimdall_experiment/uml-harness/.build/selftests-output-qemu rootfstype=9p rootflags=version=9p2000.L,trans=virtio,access=any,msize=524288 raid=noautodetect rw debug init=/home/prozak/.local/share/vng-venv/lib/python3.12/site-packages/virtme/guest/bin/virtme-ng-init
[    0.235033] Unknown kernel command line parameters "virtme_hostname=virtme-ng nr_open=1048576 virtme_link_mods=/home/prozak/sources/heimdall_experiment/uml-harness/.build/bpf-next-x86/.virtme_mods/lib/modules/0.0.0 virtme_rw_overlay0=/tmp virtme_console=ttyS0 virtme_chdir=home/prozak/sources/heimdall_experiment/uml-harness/.build/selftests-output-qemu", will be passed to user space.
[    0.241143] random: crng init done
[    0.241731] printk: log buffer data + meta data: 2097152 + 7340032 = 9437184 bytes
[    0.251064] Dentry cache hash table entries: 524288 (order: 10, 4194304 bytes, linear)
[    0.256561] Inode-cache hash table entries: 262144 (order: 9, 2097152 bytes, linear)
[    0.258062] software IO TLB: area num 8.
[    0.389718] Fallback order for Node 0: 0 
[    0.389721] Built 1 zonelists, mobility grouping on.  Total pages: 1048446
[    0.391676] Policy zone: Normal
[    0.392244] mem auto-init: stack:all(zero), heap alloc:off, heap free:off
[    0.398790] SLUB: HWalign=64, Order=0-3, MinObjects=0, CPUs=8, Nodes=1
Poking KASLR using RDRAND RDTSC...
[    0.414662] ftrace: allocating 69757 entries in 274 pages
[    0.415674] ftrace: allocated 274 pages with 3 groups
[    0.417122] Dynamic Preempt: full
[    0.418007] Running RCU self tests
[    0.418620] Running RCU synchronous self tests
[    0.419444] rcu: Preemptible hierarchical RCU implementation.
[    0.420481] rcu: 	RCU event tracing is enabled.
[    0.421299] rcu: 	RCU lockdep checking is enabled.
[    0.422145] rcu: 	RCU restricting CPUs from NR_CPUS=128 to nr_cpu_ids=8.
[    0.423353] 	Trampoline variant of Tasks RCU enabled.
[    0.424278] 	Rude variant of Tasks RCU enabled.
[    0.425098] 	Tracing variant of Tasks RCU enabled.
[    0.425944] rcu: RCU calculated value of scheduler-enlistment delay is 100 jiffies.
[    0.427351] rcu: Adjusting geometry for rcu_fanout_leaf=16, nr_cpu_ids=8
[    0.428617] Running RCU synchronous self tests
[    0.429426] RCU Tasks: Setting shift to 3 and lim to 1 rcu_task_cb_adjust=1 rcu_task_cpu_ids=8.
[    0.430990] RCU Tasks Rude: Setting shift to 3 and lim to 1 rcu_task_cb_adjust=1 rcu_task_cpu_ids=8.
[    0.438612] NR_IRQS: 8448, nr_irqs: 488, preallocated irqs: 16
[    0.440056] rcu: srcu_init: Setting srcu_struct sizes based on contention.
[    0.441330] clocksource: jiffies: mask: 0xffffffff max_cycles: 0xffffffff, max_idle_ns: 1911260446275000 ns
[    0.443471] Console: colour *CGA 80x25
[    0.444230] printk: legacy console [ttyS0] enabled
[    0.444230] printk: legacy console [ttyS0] enabled
[    0.445977] printk: legacy bootconsole [earlyser0] disabled
[    0.445977] printk: legacy bootconsole [earlyser0] disabled
[    0.447979] Lock dependency validator: Copyright (c) 2006 Red Hat, Inc., Ingo Molnar
[    0.449358] ... MAX_LOCKDEP_SUBCLASSES:  8
[    0.450086] ... MAX_LOCK_DEPTH:          48
[    0.450845] ... MAX_LOCKDEP_KEYS:        8192
[    0.451622] ... CLASSHASH_SIZE:          4096
[    0.452413] ... MAX_LOCKDEP_ENTRIES:     32768
[    0.453236] ... MAX_LOCKDEP_CHAINS:      65536
[    0.454026] ... CHAINHASH_SIZE:          32768
[    0.454816]  memory used by lock dependency info: 6429 kB
[    0.455797]  memory used for stack traces: 4224 kB
[    0.456650]  per task-struct memory footprint: 1920 bytes
[    0.457752] ACPI: Core revision 20260408
[    0.458672] clocksource: hpet: mask: 0xffffffff max_cycles: 0xffffffff, max_idle_ns: 19112604467 ns
[    0.460595] APIC: Switch to symmetric I/O mode setup
[    0.461983] x2apic enabled
[    0.463040] APIC: Switched APIC routing to: physical x2apic
[    0.464090] kvm-guest: APIC: send_IPI_mask() replaced with kvm_send_ipi_mask()
[    0.465458] kvm-guest: APIC: send_IPI_mask_allbutself() replaced with kvm_send_ipi_mask_allbutself()
[    0.467173] kvm-guest: setup PV IPIs
[    0.469944] ..TIMER: vector=0x30 apic1=0 pin1=2 apic2=-1 pin2=-1
[    0.471063] clocksource: tsc-early: mask: 0xffffffffffffffff max_cycles: 0x31027285e94, max_idle_ns: 440795238296 ns
[    0.473129] Calibrating delay loop (skipped) preset value.. 6800.07 BogoMIPS (lpj=3400038)
[    0.474785] x86/cpu: User Mode Instruction Prevention (UMIP) activated
[    0.475436] Last level iTLB entries: 4KB 512, 2MB 255, 4MB 127
[    0.476126] Last level dTLB entries: 4KB 512, 2MB 255, 4MB 127, 1GB 0
[    0.477133] mitigations: Enabled attack vectors: user_kernel, user_user, SMT mitigations: auto
[    0.478127] Speculative Store Bypass: Mitigation: Speculative Store Bypass disabled via prctl
[    0.479126] Speculative Return Stack Overflow: IBPB-extending microcode not applied!
[    0.480142] Speculative Return Stack Overflow: WARNING: See https://kernel.org/doc/html/latest/admin-guide/hw-vuln/srso.html for mitigation options.
[    0.480158] Transient Scheduler Attacks: Vulnerable: No microcode
[    0.482128] Spectre V2 : Mitigation: Retpolines
[    0.483126] Speculative Return Stack Overflow: Vulnerable: Safe RET, no microcode
[    0.484128] Spectre V1 : Mitigation: usercopy/swapgs barriers and __user pointer sanitization
[    0.485128] Spectre V2 : Spectre v2 / SpectreRSB: Filling RSB on context switch and VMEXIT
[    0.486126] Spectre V2 : Enabling Restricted Speculation for firmware calls
[    0.487136] Spectre V2 : mitigation: Enabling conditional Indirect Branch Prediction Barrier
[    0.488127] active return thunk: srso_alias_return_thunk
[    0.490148] x86/fpu: Supporting XSAVE feature 0x001: 'x87 floating point registers'
[    0.491126] x86/fpu: Supporting XSAVE feature 0x002: 'SSE registers'
[    0.493125] x86/fpu: Supporting XSAVE feature 0x004: 'AVX registers'
[    0.494126] x86/fpu: xstate_offset[2]:  576, xstate_sizes[2]:  256
[    0.495126] x86/fpu: Enabled xstate features 0x7, context size is 832 bytes, using 'compacted' format.
[    0.531544] pid_max: default: 32768 minimum: 301
[    0.532443] SELinux:  Initializing.
[    0.534859] LSM support for eBPF active
[    0.535488] Mount-cache hash table entries: 8192 (order: 4, 65536 bytes, linear)
[    0.536276] Mountpoint-cache hash table entries: 8192 (order: 4, 65536 bytes, linear)
[    0.538775] VFS: Finished mounting rootfs on nullfs
[    0.541301] Running RCU synchronous self tests
[    0.542133] Running RCU synchronous self tests
[    0.544303] smpboot: CPU0: AMD Ryzen 9 5950X 16-Core Processor (family: 0x19, model: 0x21, stepping: 0x2)
[    0.546653] Performance Events: Fam17h+ core perfctr, AMD PMU driver.
[    0.547145] ... version:                   0
[    0.548049] ... bit width:                 48
[    0.548141] ... generic counters:          6
[    0.549058] ... generic bitmap:            000000000000003f
[    0.549134] ... fixed-purpose counters:    0
[    0.550031] ... fixed-purpose bitmap:      0000000000000000
[    0.550133] ... value mask:                0000ffffffffffff
[    0.551133] ... max period:                00007fffffffffff
[    0.552133] ... global_ctrl mask:          000000000000003f
[    0.553465] signal: max sigframe size: 1776
[    0.554299] rcu: Hierarchical SRCU implementation.
[    0.555135] rcu: 	Max phase no-delay instances is 400.
[    0.556531] Timer migration: 1 hierarchy levels; 8 children per group; 1 crossnode level
[    0.569671] smp: Bringing up secondary CPUs ...
[    0.574359] smpboot: x86: Booting SMP configuration:
[    0.575134] .... node  #0, CPUs:      #1 #2 #3 #4 #5 #6 #7
[    0.601503] smp: Brought up 1 node, 8 CPUs
[    0.603036] smpboot: Total of 8 processors activated (54400.60 BogoMIPS)
[    0.604906] Memory: 3963788K/4193784K available (25637K kernel code, 10348K rwdata, 18032K rodata, 4668K init, 13400K bss, 221944K reserved, 0K cma-reserved)
[    0.607132] devtmpfs: initialized
[    0.611556] Running RCU synchronous self tests
[    0.612153] Running RCU synchronous self tests
[    0.613265] Running RCU Tasks wait API self tests
[    0.614202] Running RCU Tasks Rude wait API self tests
[    0.615138] Running RCU Tasks Trace wait API self tests
[    0.616300] posixtimers hash table entries: 4096 (order: 7, 294912 bytes, linear)
[    0.618607] futex hash table entries: 2048 (262144 bytes on 1 NUMA nodes, total 256 KiB, linear).
[    0.620134] PM: RTC time: 23:27:16, date: 2026-08-02
[    0.621165] Callback from call_rcu_tasks_trace() invoked.
[    0.627607] NET: Registered PF_NETLINK/PF_ROUTE protocol family
[    0.629160] audit: initializing netlink subsys (disabled)
[    0.630227] audit: type=2000 audit(1785713236.535:1): state=initialized audit_enabled=0 res=1
[    0.653851] thermal_sys: Registered thermal governor 'step_wise'
[    0.653926] cpuidle: using governor ladder
[    0.655057] cpuidle: using governor menu
[    0.656348] Freeing SMP alternatives memory: 68K
[    0.658015] PCI: Using configuration type 1 for base access
[    0.658134] PCI: Using configuration type 1 for extended access
[    0.659296] kprobes: kprobe jump-optimization is enabled. All kprobes are optimized if possible.
[    0.661272] HugeTLB: registered 1.00 GiB page size, pre-allocated 0 pages
[    0.662137] HugeTLB: 16380 KiB vmemmap can be freed for a 1.00 GiB page
[    0.663137] HugeTLB: registered 2.00 MiB page size, pre-allocated 0 pages
[    0.664134] HugeTLB: 28 KiB vmemmap can be freed for a 2.00 MiB page
[    0.670448] ACPI: Added _OSI(Module Device)
[    0.671138] ACPI: Added _OSI(Processor Device)
[    0.672108] ACPI: Added _OSI(Processor Aggregator Device)
[    0.675789] ACPI: 1 ACPI AML tables successfully acquired and loaded
[    0.679165] ACPI: \_SB_: platform _OSC: OS support mask [002a7eee]
[    0.680875] ACPI: Interpreter enabled
[    0.681199] ACPI: PM: (supports S0 S3 S4 S5)
[    0.682145] ACPI: Using IOAPIC for interrupt routing
[    0.683184] PCI: Using host bridge windows from ACPI; if necessary, use "pci=nocrs" and report a bug
[    0.684134] PCI: Using E820 reservations for host bridge windows
[    0.685505] ACPI: Enabled 2 GPEs in block 00 to 0F
[    0.702121] ACPI: PCI Root Bridge [PCI0] (domain 0000 [bus 00-ff])
[    0.703140] acpi PNP0A03:00: _OSC: OS supports [ExtendedConfig ASPM ClockPM Segments MSI HPX-Type3]
[    0.704144] acpi PNP0A03:00: _OSC: OS requested [PME PCIeCapability LTR]
[    0.705133] acpi PNP0A03:00: _OSC: platform willing to grant [PME PCIeCapability LTR]
[    0.706134] acpi PNP0A03:00: _OSC: platform retains control of PCIe features (AE_ERROR)
[    0.707943] PCI host bridge to bus 0000:00
[    0.708145] pci_bus 0000:00: root bus resource [io  0x0000-0x0cf7 window]
[    0.709134] pci_bus 0000:00: root bus resource [io  0x0d00-0xffff window]
[    0.710135] pci_bus 0000:00: root bus resource [mem 0x000a0000-0x000bffff window]
[    0.711135] pci_bus 0000:00: root bus resource [mem 0xc0000000-0xfebfffff window]
[    0.712135] pci_bus 0000:00: root bus resource [mem 0x380000000000-0x38007fffffff window]
[    0.713135] pci_bus 0000:00: root bus resource [bus 00-ff]
[    0.714538] pci 0000:00:00.0: [8086:1237] type 00 class 0x060000 conventional PCI endpoint
[    0.716749] pci 0000:00:01.0: [8086:7000] type 00 class 0x060100 conventional PCI endpoint
[    0.718524] pci 0000:00:01.1: [8086:7010] type 00 class 0x010180 conventional PCI endpoint
[    0.720059] pci 0000:00:01.1: BAR 4 [io  0xc1c0-0xc1cf]
[    0.720211] pci 0000:00:01.1: BAR 0 [io  0x01f0-0x01f7]: legacy IDE quirk
[    0.721133] pci 0000:00:01.1: BAR 1 [io  0x03f6]: legacy IDE quirk
[    0.722135] pci 0000:00:01.1: BAR 2 [io  0x0170-0x0177]: legacy IDE quirk
[    0.723182] pci 0000:00:01.1: BAR 3 [io  0x0376]: legacy IDE quirk
[    0.724927] pci 0000:00:01.3: [8086:7113] type 00 class 0x068000 conventional PCI endpoint
[    0.725862] pci 0000:00:01.3: quirk: [io  0x0600-0x063f] claimed by PIIX4 ACPI
[    0.726152] pci 0000:00:01.3: quirk: [io  0x0700-0x070f] claimed by PIIX4 SMB
[    0.728149] pci 0000:00:02.0: [1af4:1009] type 00 class 0x000200 conventional PCI endpoint
[    0.731151] pci 0000:00:02.0: BAR 0 [io  0xc000-0xc03f]
[    0.732151] pci 0000:00:02.0: BAR 1 [mem 0xfebf8000-0xfebf8fff]
[    0.733196] pci 0000:00:02.0: BAR 4 [mem 0x380000000000-0x380000003fff 64bit pref]
[    0.737290] pci 0000:00:03.0: [8086:25ab] type 00 class 0x088000 conventional PCI endpoint
[    0.739152] pci 0000:00:03.0: BAR 0 [mem 0xfebf9000-0xfebf900f]
[    0.742731] pci 0000:00:04.0: [1af4:1003] type 00 class 0x078000 conventional PCI endpoint
[    0.744153] pci 0000:00:04.0: BAR 0 [io  0xc040-0xc07f]
[    0.745152] pci 0000:00:04.0: BAR 1 [mem 0xfebfa000-0xfebfafff]
[    0.746222] pci 0000:00:04.0: BAR 4 [mem 0x380000004000-0x380000007fff 64bit pref]
[    0.750421] pci 0000:00:05.0: [1af4:1003] type 00 class 0x078000 conventional PCI endpoint
[    0.752157] pci 0000:00:05.0: BAR 0 [io  0xc080-0xc0bf]
[    0.753150] pci 0000:00:05.0: BAR 1 [mem 0xfebfb000-0xfebfbfff]
[    0.754195] pci 0000:00:05.0: BAR 4 [mem 0x380000008000-0x38000000bfff 64bit pref]
[    0.758551] pci 0000:00:06.0: [1af4:1003] type 00 class 0x078000 conventional PCI endpoint
[    0.760151] pci 0000:00:06.0: BAR 0 [io  0xc0c0-0xc0ff]
[    0.761151] pci 0000:00:06.0: BAR 1 [mem 0xfebfc000-0xfebfcfff]
[    0.762196] pci 0000:00:06.0: BAR 4 [mem 0x38000000c000-0x38000000ffff 64bit pref]
[    0.766455] pci 0000:00:07.0: [1af4:1003] type 00 class 0x078000 conventional PCI endpoint
[    0.768980] pci 0000:00:07.0: BAR 0 [io  0xc100-0xc13f]
[    0.769151] pci 0000:00:07.0: BAR 1 [mem 0xfebfd000-0xfebfdfff]
[    0.770196] pci 0000:00:07.0: BAR 4 [mem 0x380000010000-0x380000013fff 64bit pref]
[    0.774622] pci 0000:00:08.0: [1af4:1003] type 00 class 0x078000 conventional PCI endpoint
[    0.776152] pci 0000:00:08.0: BAR 0 [io  0xc140-0xc17f]
[    0.777152] pci 0000:00:08.0: BAR 1 [mem 0xfebfe000-0xfebfefff]
[    0.778195] pci 0000:00:08.0: BAR 4 [mem 0x380000014000-0x380000017fff 64bit pref]
[    0.782502] pci 0000:00:09.0: [1af4:1003] type 00 class 0x078000 conventional PCI endpoint
[    0.784151] pci 0000:00:09.0: BAR 0 [io  0xc180-0xc1bf]
[    0.785151] pci 0000:00:09.0: BAR 1 [mem 0xfebff000-0xfebfffff]
[    0.786195] pci 0000:00:09.0: BAR 4 [mem 0x380000018000-0x38000001bfff 64bit pref]
[    0.795642] ACPI: PCI: Interrupt link LNKA configured for IRQ 10
[    0.796398] ACPI: PCI: Interrupt link LNKB configured for IRQ 10
[    0.797397] ACPI: PCI: Interrupt link LNKC configured for IRQ 11
[    0.798386] ACPI: PCI: Interrupt link LNKD configured for IRQ 11
[    0.799260] ACPI: PCI: Interrupt link LNKS configured for IRQ 9
[    0.802159] iommu: Default domain type: Translated
[    0.803135] iommu: DMA domain TLB invalidation policy: lazy mode
[    0.805566] SCSI subsystem initialized
[    0.806234] libata version 3.00 loaded.
[    0.807314] ACPI: bus type USB registered
[    0.808264] usbcore: registered new interface driver usbfs
[    0.809203] usbcore: registered new interface driver hub
[    0.810175] usbcore: registered new device driver usb
[    0.811358] pps_core: LinuxPPS API ver. 1 registered
[    0.812133] pps_core: Software ver. 5.3.6 - Copyright 2005-2007 Rodolfo Giometti <giometti@linux.it>
[    0.813161] PTP clock support registered
[    0.814704] Advanced Linux Sound Architecture Driver Initialized.
[    0.816457] NetLabel: Initializing
[    0.817134] NetLabel:  domain hash size = 128
[    0.818080] NetLabel:  protocols = UNLABELED CIPSOv4 CALIPSO
[    0.818182] NetLabel:  unlabeled traffic allowed by default
[    0.819501] PCI: Using ACPI for IRQ routing
[    0.820135] PCI: pci_cache_line_size set to 64 bytes
[    0.821508] e820: register RAM buffer resource [mem 0x0009fc00-0x0009ffff]
[    0.822135] e820: register RAM buffer resource [mem 0xbffe0000-0xbfffffff]
[    0.823284] vgaarb: loaded
[    0.824147] hpet0: at MMIO 0xfed00000, IRQs 2, 8, 0
[    0.825132] hpet0: 3 comparators, 64-bit 100.000000 MHz counter
[    0.826134] Callback from call_rcu_tasks() invoked.
[    0.828818] clocksource: Switched to clocksource kvm-clock
[    0.831337] VFS: Disk quotas dquot_6.6.0
[    0.832334] VFS: Dquot-cache hash table entries: 512 (4096 bytes)
[    0.834964] pnp: PnP ACPI init
[    0.836307] pnp 00:02: [dma 2]
[    0.837995] pnp: PnP ACPI: found 4 devices
[    0.856233] clocksource: acpi_pm: mask: 0xffffff max_cycles: 0xffffff, max_idle_ns: 2085701024 ns
[    0.858513] NET: Registered PF_INET protocol family
[    0.861069] IP idents hash table entries: 65536 (order: 7, 524288 bytes, linear)
[    0.865390] tcp_listen_portaddr_hash hash table entries: 2048 (order: 6, 147456 bytes, linear)
[    0.867846] Table-perturb hash table entries: 65536 (order: 6, 262144 bytes, linear)
[    0.869594] TCP established hash table entries: 32768 (order: 6, 262144 bytes, linear)
[    0.871894] TCP bind hash table entries: 32768 (order: 11, 4718592 bytes, vmalloc hugepage)
[    0.883414] TCP: Hash tables configured (established 32768 bind 32768)
[    0.886317] MPTCP token hash table entries: 4096 (order: 7, 360448 bytes, linear)
[    0.888049] UDP hash table entries: 2048 (order: 7, 524288 bytes, linear)
[    0.890697] NET: Registered PF_UNIX/PF_LOCAL protocol family
[    0.893084] RPC: Registered named UNIX socket transport module.
[    0.894627] RPC: Registered udp transport module.
[    0.895833] RPC: Registered tcp transport module.
[    0.896877] RPC: Registered tcp-with-tls transport module.
[    0.898071] RPC: Registered tcp NFSv4.1 backchannel transport module.
[    0.900247] NET: Registered PF_XDP protocol family
[    0.901338] pci_bus 0000:00: resource 4 [io  0x0000-0x0cf7 window]
[    0.902768] pci_bus 0000:00: resource 5 [io  0x0d00-0xffff window]
[    0.904111] pci_bus 0000:00: resource 6 [mem 0x000a0000-0x000bffff window]
[    0.905567] pci_bus 0000:00: resource 7 [mem 0xc0000000-0xfebfffff window]
[    0.907051] pci_bus 0000:00: resource 8 [mem 0x380000000000-0x38007fffffff window]
[    0.908778] pci 0000:00:01.0: PIIX3: Enabling Passive Release
[    0.910047] pci 0000:00:00.0: Limiting direct PCI/PCI transfers
[    0.911493] PCI: CLS 0 bytes, default 64
[    0.912515] PCI-DMA: Using software bounce buffering for IO (SWIOTLB)
[    0.913925] software IO TLB: mapped [mem 0x00000000bbfe0000-0x00000000bffe0000] (64MB)
[    0.916841] clocksource: tsc: mask: 0xffffffffffffffff max_cycles: 0x31027285e94, max_idle_ns: 440795238296 ns
[    0.928096] Initialise system trusted keyrings
[    0.929508] workingset: timestamp_bits=40 (anon: 35) max_order=20 bucket_order=0 (anon: 0)
[    0.932382] squashfs: version 4.0 (2009/01/31) Phillip Lougher
[    0.934335] NFS: Registering the id_resolver key type
[    0.935780] Key type id_resolver registered
[    0.936755] Key type id_legacy registered
[    0.937640] nfs4filelayout_init: NFSv4 File Layout Driver Registering...
[    0.939143] nfs4flexfilelayout_init: NFSv4 Flexfile Layout Driver Registering...
[    0.941022] fuse: init (API version 7.45)
[    0.942284] 9p: Installing v9fs 9p2000 file system support
[    0.945419] NET: Registered PF_ALG protocol family
[    0.946531] Key type asymmetric registered
[    0.947463] Asymmetric key parser 'x509' registered
[    0.948674] Block layer SCSI generic (bsg) driver version 0.4 loaded (major 248)
[    0.950845] io scheduler mq-deadline registered
[    0.952020] io scheduler kyber registered
[    0.954490] input: Power Button as /devices/platform/LNXPWRBN:00/input/input0
[    0.956317] ACPI: button: Power Button [PWRF]
[    1.083313] ACPI: \_SB_.LNKB: Enabled at IRQ 10
[    1.208149] ACPI: \_SB_.LNKD: Enabled at IRQ 11
[    1.332406] ACPI: \_SB_.LNKA: Enabled at IRQ 10
[    1.481584] kwatchdog (99) used greatest stack depth: 14776 bytes left
[    1.583783] ACPI: \_SB_.LNKC: Enabled at IRQ 11
[    1.833692] Serial: 8250/16550 driver, 4 ports, IRQ sharing enabled
[    1.836207] 00:03: ttyS0 at I/O 0x3f8 (irq = 4, base_baud = 115200) is a 16550A
[    1.983621] Non-volatile memory driver v1.3
[    1.985391] ACPI: bus type drm_connector registered
[    2.007182] brd: module loaded
[    2.020742] loop: module loaded
[    2.026193] scsi host0: ata_piix
[    2.027945] scsi host1: ata_piix
[    2.028970] ata1: PATA max MWDMA2 cmd 0x1f0 ctl 0x3f6 bmdma 0xc1c0 irq 14 lpm-pol 0
[    2.030599] ata2: PATA max MWDMA2 cmd 0x170 ctl 0x376 bmdma 0xc1c8 irq 15 lpm-pol 0
[    2.036923] tun: Universal TUN/TAP device driver, 1.6
[    2.038508] e100: Intel(R) PRO/100 Network Driver
[    2.039578] e100: Copyright(c) 1999-2006 Intel Corporation
[    2.040877] e1000: Intel(R) PRO/1000 Network Driver
[    2.041957] e1000: Copyright (c) 1999-2006 Intel Corporation.
[    2.043366] e1000e: Intel(R) PRO/1000 Network Driver
[    2.044488] e1000e: Copyright(c) 1999 - 2015 Intel Corporation.
[    2.045922] sky2: driver version 1.30
[    2.047942] usbcore: registered new interface driver usblp
[    2.049274] usbcore: registered new interface driver usb-storage
[    2.050704] i8042: PNP: PS/2 Controller [PNP0303:KBD,PNP0f13:MOU] at 0x60,0x64 irq 1,12
[    2.054038] serio: i8042 KBD port at 0x60,0x64 irq 1
[    2.055600] serio: i8042 AUX port at 0x60,0x64 irq 12
[    2.057792] rtc_cmos PNP0B00:00: RTC can wake from S4
[    2.061449] input: AT Translated Set 2 keyboard as /devices/platform/i8042/serio0/input/input1
[    2.062216] rtc_cmos PNP0B00:00: registered as rtc0
[    2.064769] rtc_cmos PNP0B00:00: alarms up to one day, y3k, 242 bytes nvram, hpet irqs
[    2.066917] Registered IR keymap rc-empty
[    2.068274] rc rc0: rc-core loopback device as /devices/virtual/rc/rc0
[    2.070904] rc rc0: lirc_dev: driver rc-loopback registered at minor = 0, raw IR receiver, raw IR transmitter
[    2.074730] input: rc-core loopback device as /devices/virtual/rc/rc0/input2
[    2.077504] intel_powerclamp: CPU does not support MWAIT
[    2.078784] device-mapper: core: CONFIG_IMA_DISABLE_HTABLE is disabled. Duplicate IMA measurements will not be recorded in the IMA log.
[    2.081951] device-mapper: ioctl: 4.50.0-ioctl (2025-04-28) initialised: dm-devel@lists.linux.dev
[    2.084021] amd_pstate: the _CPC object is not present in SBIOS or ACPI disabled
[    2.086461] hid: raw HID events driver (C) Jiri Kosina
[    2.089302] usbcore: registered new interface driver usbhid
[    2.090547] usbhid: USB HID core driver
[    2.092698] GACT probability NOT on
[    2.093560] Mirror/redirect action on
[    2.095906] nf_conntrack_irc: The irc conntrack helper is scheduled for removal.
[    2.095906] Please contact the netfilter-devel mailing list if you still need this.
[    2.100898] ipip: IPv4 and MPLS over IPv4 tunneling driver
[    2.102941] gre: GRE over IPv4 demultiplexer driver
[    2.104024] ip_gre: GRE over IPv4 tunneling driver
[    2.107684] Initializing XFRM netlink socket
[    2.108700] IPsec XFRM device driver
[    2.109683] NET: Registered PF_INET6 protocol family
[    2.112988] Segment Routing with IPv6
[    2.113873] In-situ OAM (IOAM) with IPv6
[    2.114764] mip6: Mobile IPv6
[    2.115505] sit: IPv6, IPv4 and MPLS over IPv4 tunneling driver
[    2.118340] ip6_gre: GRE over IPv6 tunneling driver
[    2.120327] NET: Registered PF_PACKET protocol family
[    2.121549] RPC: Registered rdma transport module.
[    2.122632] RPC: Registered rdma backchannel transport module.
[    2.124305] 8021q: 802.1Q VLAN Support v1.8
[    2.125949] smc: adding smcd device lo without pnetid
[    2.127418] NET: Registered PF_SMC protocol family
[    2.129021] 9pnet: Installing 9P2000 support
[    2.131603] Key type dns_resolver registered
[    2.132862] NET: Registered PF_VSOCK protocol family
[    2.134125] mpls_gso: MPLS GSO support
[    2.138344] IPI shorthand broadcast: enabled
[    2.183149] sched_clock: Marking stable (2159017396, 23794846)->(2285465562, -102653320)
[    2.185338] ata2: found unknown device (class 0)
[    2.187157] registered taskstats version 1
[    2.188194] ata2.00: ATAPI: QEMU DVD-ROM, 2.5+, max UDMA/100
[    2.192232] scsi 1:0:0:0: CD-ROM            QEMU     QEMU DVD-ROM     2.5+ PQ: 0 ANSI: 5
[    2.204932] Loading compiled-in X.509 certificates
[    2.206503] kworker/u32:1 (118) used greatest stack depth: 14152 bytes left
[    2.207764] Loaded X.509 cert 'Build time autogenerated kernel key: c4531344b9a9c1a4731230d977a262ba29ba5272'
[    2.212757] sr 1:0:0:0: [sr0] scsi3-mmc drive: 4x/4x cd/rw xa/form2 tray
[    2.237551] cdrom: Uniform CD-ROM driver Revision: 3.20
[    2.248086] Demotion targets for Node 0: null
[    2.249728] ima: No TPM chip found, activating TPM-bypass!
[    2.250191] sr 1:0:0:0: Attached scsi CD-ROM sr0
[    2.251174] ima: Allocated hash algorithm: sha1
[    2.253503] ima: No architecture policies found
[    2.254529] sr 1:0:0:0: Attached scsi generic sg0 type 5
[    2.256403] PM:   Magic number: 6:529:503
[    2.257543] netconsole: network logging started
[    2.259275] cfg80211: Loading compiled-in X.509 certificates for regulatory database
[    2.262087] Loaded X.509 cert 'sforshee: 00b28ddf47aef9cea7'
[    2.263556] Loaded X.509 cert 'wens: 61c038651aabdcf94bd0ac7ff06c7248db18c600'
[    2.265403] faux_driver regulatory: Direct firmware load for regulatory.db failed with error -2
[    2.267394] cfg80211: failed to load regulatory.db
[    2.267649] ALSA device list:
[    2.269324]   No soundcards found.
[    2.491876] input: ImExPS/2 Generic Explorer Mouse as /devices/platform/i8042/serio1/input/input4
[    2.493954] md: Skipping autodetection of RAID arrays. (raid=autodetect will force)
[    2.495313] 9p: Bad value for 'source'
[    2.496041] 9pnet: Limiting 'msize' to 512000 as this is the maximum supported by transport virtio
[    2.499439] VFS: Mounted root (9p filesystem) on device 0:22.
[    2.501308] devtmpfs: mounted
[    2.501968] VFS: Pivoted into new rootfs
[    2.506924] Freeing unused kernel image (initmem) memory: 4668K
[    2.507777] Write protecting the kernel read-only data: 45056k
[    2.509768] Freeing unused kernel image (text/rodata gap) memory: 984K
[    2.511204] Freeing unused kernel image (rodata/data gap) memory: 400K
[    2.549253] x86/mm: Checked W+X mappings: passed, no W+X pages found.
[    2.550206] Run /home/prozak/.local/share/vng-venv/lib/python3.12/site-packages/virtme/guest/bin/virtme-ng-init as init process
[    2.551835]   with arguments:
[    2.552278]     /home/prozak/.local/share/vng-venv/lib/python3.12/site-packages/virtme/guest/bin/virtme-ng-init
[    2.553668]   with environment:
[    2.554153]     HOME=/
[    2.554505]     TERM=linux
[    2.554915]     virtme_hostname=virtme-ng
[    2.555498]     nr_open=1048576
[    2.556014]     virtme_link_mods=/home/prozak/sources/heimdall_experiment/uml-harness/.build/bpf-next-x86/.virtme_mods/lib/modules/0.0.0
[    2.557677]     virtme_rw_overlay0=/tmp
[    2.558245]     virtme_console=ttyS0
[    2.558751]     virtme_chdir=home/prozak/sources/heimdall_experiment/uml-harness/.build/selftests-output-qemu
[    2.635963] virtme-ng-init: mount devtmpfs -> /dev: EBUSY: Device or resource busy
[    2.637680] virtme-ng-init: Setting hostname to virtme-ng...
[    2.671669] virtme-ng-init: running systemd-tmpfiles
[    3.865012] systemd-tmpfile (127) used greatest stack depth: 12504 bytes left
[    3.865154] virtme-ng-init: basic initialization done
[    3.883627] virtme-ng-init: error creating file: Permission denied (os error 13)
[    3.985143] ip (133) used greatest stack depth: 11848 bytes left
[    4.106569] virtme-ng-init: Starting systemd-udevd version 255.4-1ubuntu8.16
[    4.107769] virtme-ng-init: triggering udev coldplug
[    7.128237] virtme-ng-init: waiting for udev to settle
[    7.947978] virtme-ng-init: udev is done
[    7.952725] virtme-ng-init: starting script
[    8.246199] bpf_testmod: loading out-of-tree module taints kernel.
[    8.247154] bpf_testmod: module verification failed: signature and/or required key missing - tainting kernel
[   14.716253] uprobe_multi (213) used greatest stack depth: 11456 bytes left
[   29.635111] ref_ctr_offset mismatch. inode: 0x736637 offset: 0x471661 ref_ctr_offset(old): 0x5f7777a ref_ctr_offset(new): 0x5f77778
[   36.769106] smc: removing smcd device lo
[   36.836190] ACPI: PM: Preparing to enter system sleep state S5
[   36.837442] reboot: Power down
