#552/1   uprobe_multi_test/skel_api:OK
#552/2   uprobe_multi_test/attach_api_pattern:OK
#552/3   uprobe_multi_test/attach_api_syms:OK
#552/4   uprobe_multi_test/link_api:OK
#552/5   uprobe_multi_test/link_api_path_fd:OK
#552/6   uprobe_multi_test/bench_uprobe:OK
#552/7   uprobe_multi_test/bench_usdt:OK
#552/8   uprobe_multi_test/attach_api_fails:OK
#552/9   uprobe_multi_test/attach_uprobe_fails:OK
#552/10  uprobe_multi_test/consumers:OK
#552/11  uprobe_multi_test/filter_fork:OK
#552/12  uprobe_multi_test/filter_clone_vm:OK
#552/13  uprobe_multi_test/session:OK
#552/14  uprobe_multi_test/session_single:OK
#552/15  uprobe_multi_test/session_cookie:OK
#552/16  uprobe_multi_test/session_cookie_recursive:OK
#552/17  uprobe_multi_test/uprobe_sesison_return_0:OK
#552/18  uprobe_multi_test/uprobe_sesison_return_1:OK
#552/19  uprobe_multi_test/uprobe_sesison_return_2:OK
#552     uprobe_multi_test:OK
Summary: 1/19 PASSED, 0 SKIPPED, 0 FAILED
lay0=/tmp virtme_console=ttyS0 console=ttyS0 earlyprintk=serial,ttyS0,115200 panic=-1 virtme.exec=`bW91bnQgLXQgYnBmIGJwZmZzIC9zeXMvZnMvYnBmIDI+L2Rldi9udWxsOyAuL3Rlc3RfcHJvZ3MgLXQgJ3Vwcm9iZV9tdWx0aV90ZXN0Jw==` virtme_chdir=home/prozak/sources/heimdall_experiment/uml-harness/.build/selftests-output-qemu rootfstype=9p rootflags=version=9p2000.L,trans=virtio,access=any,msize=524288 raid=noautodetect rw debug init=/home/prozak/.local/share/vng-venv/lib/python3.12/site-packages/virtme/guest/bin/virtme-ng-init
[    0.000000] x86 CPU feature dependency check failure: CPU0 has '18*32+31' enabled but '18*32+26' disabled. Kernel might be fine, but no guarantees.
[    0.000000] BIOS-provided physical RAM map:
[    0.000000] BIOS-e820: [mem 0x0000000000000000-0x000000000009fbff]  System RAM
[    0.000000] BIOS-e820: [mem 0x000000000009fc00-0x000000000009ffff]  device reserved
[    0.000000] BIOS-e820: [gap 0x00000000000a0000-0x00000000000effff]
[    0.000000] BIOS-e820: [mem 0x00000000000f0000-0x00000000000fffff]  device reserved
[    0.000000] BIOS-e820: [mem 0x0000000000100000-0x00000000bffdffff]  System RAM
[    0.000000] BIOS-e820: [mem 0x00000000bffe0000-0x00000000bfffffff]  device reserved
[    0.000000] BIOS-e820: [gap 0x00000000c0000000-0x00000000feffbfff]
[    0.000000] BIOS-e820: [mem 0x00000000feffc000-0x00000000feffffff]  device reserved
[    0.000000] BIOS-e820: [gap 0x00000000ff000000-0x00000000fffbffff]
[    0.000000] BIOS-e820: [mem 0x00000000fffc0000-0x00000000ffffffff]  device reserved
[    0.000000] BIOS-e820: [mem 0x0000000100000000-0x000000013fffffff]  System RAM
[    0.000000] BIOS-e820: [gap 0x0000000140000000-0x000000fcffffffff]
[    0.000000] BIOS-e820: [mem 0x000000fd00000000-0x000000ffffffffff]  device reserved
[    0.000000] printk: legacy bootconsole [earlyser0] enabled
[    0.000000] NX (Execute Disable) protection: active
[    0.000000] APIC: Static calls initialized
[    0.000000] DMI: SMBIOS 3.0.0 present.
[    0.000000] DMI: QEMU Ubuntu 24.04 PC v2 (i440FX + PIIX, arch_caps fix, 1996), BIOS 1.16.3-debian-1.16.3-2 04/01/2014
[    0.000000] DMI: Memory slots populated: 1/1
[    0.000000] Hypervisor detected: KVM
[    0.000000] last_pfn = 0xbffe0 max_arch_pfn = 0x400000000
[    0.000000] kvm-clock: Using msrs 4b564d01 and 4b564d00
[    0.000001] kvm-clock: using sched offset of 461431688 cycles
[    0.000927] clocksource: kvm-clock: mask: 0xffffffffffffffff max_cycles: 0x1cd42e4dffb, max_idle_ns: 881590591483 ns
[    0.003759] tsc: Detected 3400.038 MHz processor
[    0.004889] e820: update [mem 0x00000000-0x00000fff] System RAM ==> device reserved
[    0.006230] e820: remove [mem 0x000a0000-0x000fffff] System RAM
[    0.007294] last_pfn = 0x140000 max_arch_pfn = 0x400000000
[    0.008356] MTRR map: 4 entries (3 fixed + 1 variable; max 19), built from 8 variable MTRRs
[    0.009815] x86/PAT: Configuration [0-7]: WB  WC  UC- UC  WB  WP  UC- WT  
Memory KASLR using RDRAND RDTSC...
[    0.011736] last_pfn = 0xbffe0 max_arch_pfn = 0x400000000
[    0.013885] found SMP MP-table at [mem 0x000f5450-0x000f545f]
[    0.014912] Using GB pages for direct mapping
[    0.015782] ACPI: Early table checksum verification disabled
[    0.016754] ACPI: RSDP 0x00000000000F5240 000014 (v00 BOCHS )
[    0.017765] ACPI: RSDT 0x00000000BFFE1F16 000034 (v01 BOCHS  BXPC     00000001 BXPC 00000001)
[    0.019324] ACPI: FACP 0x00000000BFFE1D92 000074 (v01 BOCHS  BXPC     00000001 BXPC 00000001)
[    0.020803] ACPI: DSDT 0x00000000BFFE0040 001D52 (v01 BOCHS  BXPC     00000001 BXPC 00000001)
[    0.022288] ACPI: FACS 0x00000000BFFE0000 000040
[    0.023098] ACPI: APIC 0x00000000BFFE1E06 0000B0 (v03 BOCHS  BXPC     00000001 BXPC 00000001)
[    0.024570] ACPI: HPET 0x00000000BFFE1EB6 000038 (v01 BOCHS  BXPC     00000001 BXPC 00000001)
[    0.026048] ACPI: WAET 0x00000000BFFE1EEE 000028 (v01 BOCHS  BXPC     00000001 BXPC 00000001)
[    0.027575] ACPI: Reserving FACP table memory at [mem 0xbffe1d92-0xbffe1e05]
[    0.028795] ACPI: Reserving DSDT table memory at [mem 0xbffe0040-0xbffe1d91]
[    0.030024] ACPI: Reserving FACS table memory at [mem 0xbffe0000-0xbffe003f]
[    0.031255] ACPI: Reserving APIC table memory at [mem 0xbffe1e06-0xbffe1eb5]
[    0.032472] ACPI: Reserving HPET table memory at [mem 0xbffe1eb6-0xbffe1eed]
[    0.033692] ACPI: Reserving WAET table memory at [mem 0xbffe1eee-0xbffe1f15]
[    0.035345] No NUMA configuration found
[    0.036004] Faking a node at [mem 0x0000000000000000-0x000000013fffffff]
[    0.037168] NODE_DATA(0) allocated [mem 0x13fff9c80-0x13fffdfff]
[    0.039015] ACPI: PM-Timer IO Port: 0x608
[    0.039717] ACPI: LAPIC_NMI (acpi_id[0xff] dfl dfl lint[0x1])
[    0.040745] IOAPIC[0]: apic_id 0, version 17, address 0xfec00000, GSI 0-23
[    0.041956] ACPI: INT_SRC_OVR (bus 0 bus_irq 0 global_irq 2 dfl dfl)
[    0.043073] ACPI: INT_SRC_OVR (bus 0 bus_irq 5 global_irq 5 high level)
[    0.044260] ACPI: INT_SRC_OVR (bus 0 bus_irq 9 global_irq 9 high level)
[    0.045410] ACPI: INT_SRC_OVR (bus 0 bus_irq 10 global_irq 10 high level)
[    0.046594] ACPI: INT_SRC_OVR (bus 0 bus_irq 11 global_irq 11 high level)
[    0.047772] ACPI: Using ACPI (MADT) for SMP configuration information
[    0.048879] ACPI: HPET id: 0x8086a201 base: 0xfed00000
[    0.049774] TSC deadline timer available
[    0.050454] CPU topo: Max. logical packages:   1
[    0.051273] CPU topo: Max. logical nodes:      1
[    0.052060] CPU topo: Num. nodes per package:  1
[    0.052847] CPU topo: Max. logical dies:       1
[    0.053651] CPU topo: Max. dies per package:   1
[    0.054450] CPU topo: Max. threads per core:   1
[    0.055254] CPU topo: Num. cores per package:     8
[    0.056102] CPU topo: Num. threads per package:   8
[    0.056933] CPU topo: Allowing 8 present CPUs plus 0 hotplug CPUs
[    0.058038] kvm-guest: APIC: eoi() replaced with kvm_guest_apic_eoi_write()
[    0.059307] kvm-guest: KVM setup pv remote TLB flush
[    0.060222] kvm-guest: setup PV sched yield
[    0.060957] PM: hibernation: Registered nosave memory: [mem 0x00000000-0x00000fff]
[    0.062280] PM: hibernation: Registered nosave memory: [mem 0x0009f000-0x000fffff]
[    0.063590] PM: hibernation: Registered nosave memory: [mem 0xbffe0000-0xffffffff]
[    0.064882] [gap 0xc0000000-0xfeffbfff] available for PCI devices
[    0.065939] Booting paravirtualized kernel on KVM
[    0.066761] clocksource: refined-jiffies: mask: 0xffffffff max_cycles: 0xffffffff, max_idle_ns: 1910969940391419 ns
[    0.073054] Zone ranges:
[    0.073513]   DMA      [mem 0x0000000000001000-0x0000000000ffffff]
[    0.074599]   DMA32    [mem 0x0000000001000000-0x00000000ffffffff]
[    0.075714]   Normal   [mem 0x0000000100000000-0x000000013fffffff]
[    0.076769] Movable zone start for each node
[    0.077515] Early memory node ranges
[    0.078138]   node   0: [mem 0x0000000000001000-0x000000000009efff]
[    0.079239]   node   0: [mem 0x0000000000100000-0x00000000bffdffff]
[    0.080310]   node   0: [mem 0x0000000100000000-0x000000013fffffff]
[    0.081396] Initmem setup node 0 [mem 0x0000000000001000-0x000000013fffffff]
[    0.082641] On node 0, zone DMA: 1 pages in unavailable ranges
[    0.084037] On node 0, zone DMA: 97 pages in unavailable ranges
[    0.200459] On node 0, zone Normal: 32 pages in unavailable ranges
[    0.201550] setup_percpu: NR_CPUS:128 nr_cpumask_bits:8 nr_cpu_ids:8 nr_node_ids:1
[    0.207172] percpu: Embedded 58 pages/cpu s199696 r8192 d29680 u262144
[    0.208317] pcpu-alloc: s199696 r8192 d29680 u262144 alloc=1*2097152
[    0.209447] pcpu-alloc: [0] 0 1 2 3 4 5 6 7 
[    0.210263] Kernel command line: virtme_hostname=virtme-ng nr_open=1048576 virtme_link_mods=/home/prozak/sources/heimdall_experiment/uml-harness/.build/bpf-next-x86/.virtme_mods/lib/modules/0.0.0 virtme_rw_overlay0=/tmp virtme_console=ttyS0 console=ttyS0 earlyprintk=serial,ttyS0,115200 panic=-1 virtme.exec=`bW91bnQgLXQgYnBmIGJwZmZzIC9zeXMvZnMvYnBmIDI+L2Rldi9udWxsOyAuL3Rlc3RfcHJvZ3MgLXQgJ3Vwcm9iZV9tdWx0aV90ZXN0Jw==` virtme_chdir=home/prozak/sources/heimdall_experiment/uml-harness/.build/selftests-output-qemu rootfstype=9p rootflags=version=9p2000.L,trans=virtio,access=any,msize=524288 raid=noautodetect rw debug init=/home/prozak/.local/share/vng-venv/lib/python3.12/site-packages/virtme/guest/bin/virtme-ng-init
[    0.221304] Unknown kernel command line parameters "virtme_hostname=virtme-ng nr_open=1048576 virtme_link_mods=/home/prozak/sources/heimdall_experiment/uml-harness/.build/bpf-next-x86/.virtme_mods/lib/modules/0.0.0 virtme_rw_overlay0=/tmp virtme_console=ttyS0 virtme_chdir=home/prozak/sources/heimdall_experiment/uml-harness/.build/selftests-output-qemu", will be passed to user space.
[    0.227322] random: crng init done
[    0.227931] printk: log buffer data + meta data: 2097152 + 7340032 = 9437184 bytes
[    0.237369] Dentry cache hash table entries: 524288 (order: 10, 4194304 bytes, linear)
[    0.242822] Inode-cache hash table entries: 262144 (order: 9, 2097152 bytes, linear)
[    0.244380] software IO TLB: area num 8.
[    0.377599] Fallback order for Node 0: 0 
[    0.377605] Built 1 zonelists, mobility grouping on.  Total pages: 1048446
[    0.379567] Policy zone: Normal
[    0.380131] mem auto-init: stack:all(zero), heap alloc:off, heap free:off
[    0.386265] SLUB: HWalign=64, Order=0-3, MinObjects=0, CPUs=8, Nodes=1
Poking KASLR using RDRAND RDTSC...
[    0.401514] ftrace: allocating 69757 entries in 274 pages
[    0.402513] ftrace: allocated 274 pages with 3 groups
[    0.403889] Dynamic Preempt: full
[    0.404786] Running RCU self tests
[    0.405392] Running RCU synchronous self tests
[    0.406191] rcu: Preemptible hierarchical RCU implementation.
[    0.407180] rcu: 	RCU event tracing is enabled.
[    0.407979] rcu: 	RCU lockdep checking is enabled.
[    0.408806] rcu: 	RCU restricting CPUs from NR_CPUS=128 to nr_cpu_ids=8.
[    0.409991] 	Trampoline variant of Tasks RCU enabled.
[    0.410922] 	Rude variant of Tasks RCU enabled.
[    0.411702] 	Tracing variant of Tasks RCU enabled.
[    0.412545] rcu: RCU calculated value of scheduler-enlistment delay is 100 jiffies.
[    0.413900] rcu: Adjusting geometry for rcu_fanout_leaf=16, nr_cpu_ids=8
[    0.415103] Running RCU synchronous self tests
[    0.415908] RCU Tasks: Setting shift to 3 and lim to 1 rcu_task_cb_adjust=1 rcu_task_cpu_ids=8.
[    0.417445] RCU Tasks Rude: Setting shift to 3 and lim to 1 rcu_task_cb_adjust=1 rcu_task_cpu_ids=8.
[    0.424887] NR_IRQS: 8448, nr_irqs: 488, preallocated irqs: 16
[    0.426277] rcu: srcu_init: Setting srcu_struct sizes based on contention.
[    0.427548] clocksource: jiffies: mask: 0xffffffff max_cycles: 0xffffffff, max_idle_ns: 1911260446275000 ns
[    0.429687] Console: colour *CGA 80x25
[    0.430460] printk: legacy console [ttyS0] enabled
[    0.430460] printk: legacy console [ttyS0] enabled
[    0.432215] printk: legacy bootconsole [earlyser0] disabled
[    0.432215] printk: legacy bootconsole [earlyser0] disabled
[    0.434249] Lock dependency validator: Copyright (c) 2006 Red Hat, Inc., Ingo Molnar
[    0.435661] ... MAX_LOCKDEP_SUBCLASSES:  8
[    0.436416] ... MAX_LOCK_DEPTH:          48
[    0.437173] ... MAX_LOCKDEP_KEYS:        8192
[    0.437986] ... CLASSHASH_SIZE:          4096
[    0.438793] ... MAX_LOCKDEP_ENTRIES:     32768
[    0.439604] ... MAX_LOCKDEP_CHAINS:      65536
[    0.440414] ... CHAINHASH_SIZE:          32768
[    0.441242]  memory used by lock dependency info: 6429 kB
[    0.442260]  memory used for stack traces: 4224 kB
[    0.443109]  per task-struct memory footprint: 1920 bytes
[    0.444177] ACPI: Core revision 20260408
[    0.445112] clocksource: hpet: mask: 0xffffffff max_cycles: 0xffffffff, max_idle_ns: 19112604467 ns
[    0.446985] APIC: Switch to symmetric I/O mode setup
[    0.448386] x2apic enabled
[    0.449524] APIC: Switched APIC routing to: physical x2apic
[    0.450667] kvm-guest: APIC: send_IPI_mask() replaced with kvm_send_ipi_mask()
[    0.452058] kvm-guest: APIC: send_IPI_mask_allbutself() replaced with kvm_send_ipi_mask_allbutself()
[    0.453843] kvm-guest: setup PV IPIs
[    0.456687] ..TIMER: vector=0x30 apic1=0 pin1=2 apic2=-1 pin2=-1
[    0.457906] clocksource: tsc-early: mask: 0xffffffffffffffff max_cycles: 0x31027285e94, max_idle_ns: 440795238296 ns
[    0.459973] Calibrating delay loop (skipped) preset value.. 6800.07 BogoMIPS (lpj=3400038)
[    0.462240] x86/cpu: User Mode Instruction Prevention (UMIP) activated
[    0.463275] Last level iTLB entries: 4KB 512, 2MB 255, 4MB 127
[    0.463969] Last level dTLB entries: 4KB 512, 2MB 255, 4MB 127, 1GB 0
[    0.464977] mitigations: Enabled attack vectors: user_kernel, user_user, SMT mitigations: auto
[    0.465970] Speculative Store Bypass: Mitigation: Speculative Store Bypass disabled via prctl
[    0.466969] Speculative Return Stack Overflow: IBPB-extending microcode not applied!
[    0.467969] Speculative Return Stack Overflow: WARNING: See https://kernel.org/doc/html/latest/admin-guide/hw-vuln/srso.html for mitigation options.
[    0.467970] Transient Scheduler Attacks: Vulnerable: No microcode
[    0.469969] Spectre V2 : Mitigation: Retpolines
[    0.470800] Speculative Return Stack Overflow: Vulnerable: Safe RET, no microcode
[    0.470969] Spectre V1 : Mitigation: usercopy/swapgs barriers and __user pointer sanitization
[    0.471969] Spectre V2 : Spectre v2 / SpectreRSB: Filling RSB on context switch and VMEXIT
[    0.472969] Spectre V2 : Enabling Restricted Speculation for firmware calls
[    0.473972] Spectre V2 : mitigation: Enabling conditional Indirect Branch Prediction Barrier
[    0.474970] active return thunk: srso_alias_return_thunk
[    0.476019] x86/fpu: Supporting XSAVE feature 0x001: 'x87 floating point registers'
[    0.476969] x86/fpu: Supporting XSAVE feature 0x002: 'SSE registers'
[    0.477969] x86/fpu: Supporting XSAVE feature 0x004: 'AVX registers'
[    0.478969] x86/fpu: xstate_offset[2]:  576, xstate_sizes[2]:  256
[    0.479969] x86/fpu: Enabled xstate features 0x7, context size is 832 bytes, using 'compacted' format.
[    0.516064] pid_max: default: 32768 minimum: 301
[    0.517179] SELinux:  Initializing.
[    0.519298] LSM support for eBPF active
[    0.520317] Mount-cache hash table entries: 8192 (order: 4, 65536 bytes, linear)
[    0.521124] Mountpoint-cache hash table entries: 8192 (order: 4, 65536 bytes, linear)
[    0.523181] VFS: Finished mounting rootfs on nullfs
[    0.525684] Running RCU synchronous self tests
[    0.525971] Running RCU synchronous self tests
[    0.528235] smpboot: CPU0: AMD Ryzen 9 5950X 16-Core Processor (family: 0x19, model: 0x21, stepping: 0x2)
[    0.531238] Performance Events: Fam17h+ core perfctr, AMD PMU driver.
[    0.532011] ... version:                   0
[    0.532910] ... bit width:                 48
[    0.532975] ... generic counters:          6
[    0.533899] ... generic bitmap:            000000000000003f
[    0.533976] ... fixed-purpose counters:    0
[    0.534869] ... fixed-purpose bitmap:      0000000000000000
[    0.534976] ... value mask:                0000ffffffffffff
[    0.535976] ... max period:                00007fffffffffff
[    0.536976] ... global_ctrl mask:          000000000000003f
[    0.538301] signal: max sigframe size: 1776
[    0.539178] rcu: Hierarchical SRCU implementation.
[    0.539978] rcu: 	Max phase no-delay instances is 400.
[    0.541310] Timer migration: 1 hierarchy levels; 8 children per group; 1 crossnode level
[    0.554354] smp: Bringing up secondary CPUs ...
[    0.559163] smpboot: x86: Booting SMP configuration:
[    0.559977] .... node  #0, CPUs:      #1 #2 #3 #4 #5 #6 #7
[    0.590354] smp: Brought up 1 node, 8 CPUs
[    0.591884] smpboot: Total of 8 processors activated (54400.60 BogoMIPS)
[    0.593358] Memory: 3963784K/4193784K available (25637K kernel code, 10348K rwdata, 18032K rodata, 4668K init, 13400K bss, 221948K reserved, 0K cma-reserved)
[    0.596342] devtmpfs: initialized
[    0.600472] Running RCU synchronous self tests
[    0.601011] Running RCU synchronous self tests
[    0.602111] Running RCU Tasks wait API self tests
[    0.603059] Running RCU Tasks Rude wait API self tests
[    0.603979] Running RCU Tasks Trace wait API self tests
[    0.605090] posixtimers hash table entries: 4096 (order: 7, 294912 bytes, linear)
[    0.607384] futex hash table entries: 2048 (262144 bytes on 1 NUMA nodes, total 256 KiB, linear).
[    0.608975] PM: RTC time: 23:26:35, date: 2026-08-02
[    0.610007] Callback from call_rcu_tasks_trace() invoked.
[    0.617181] NET: Registered PF_NETLINK/PF_ROUTE protocol family
[    0.619048] audit: initializing netlink subsys (disabled)
[    0.620088] audit: type=2000 audit(1785713195.607:1): state=initialized audit_enabled=0 res=1
[    0.644549] thermal_sys: Registered thermal governor 'step_wise'
[    0.644628] cpuidle: using governor ladder
[    0.645899] cpuidle: using governor menu
[    0.647982] Freeing SMP alternatives memory: 68K
[    0.649843] PCI: Using configuration type 1 for base access
[    0.649976] PCI: Using configuration type 1 for extended access
[    0.651181] kprobes: kprobe jump-optimization is enabled. All kprobes are optimized if possible.
[    0.653118] HugeTLB: registered 1.00 GiB page size, pre-allocated 0 pages
[    0.653979] HugeTLB: 16380 KiB vmemmap can be freed for a 1.00 GiB page
[    0.654975] HugeTLB: registered 2.00 MiB page size, pre-allocated 0 pages
[    0.655977] HugeTLB: 28 KiB vmemmap can be freed for a 2.00 MiB page
[    0.661907] ACPI: Added _OSI(Module Device)
[    0.661978] ACPI: Added _OSI(Processor Device)
[    0.662934] ACPI: Added _OSI(Processor Aggregator Device)
[    0.666672] ACPI: 1 ACPI AML tables successfully acquired and loaded
[    0.672018] ACPI: \_SB_: platform _OSC: OS support mask [002a7eee]
[    0.673735] ACPI: Interpreter enabled
[    0.674045] ACPI: PM: (supports S0 S3 S4 S5)
[    0.674995] ACPI: Using IOAPIC for interrupt routing
[    0.676028] PCI: Using host bridge windows from ACPI; if necessary, use "pci=nocrs" and report a bug
[    0.676977] PCI: Using E820 reservations for host bridge windows
[    0.678349] ACPI: Enabled 2 GPEs in block 00 to 0F
[    0.694966] ACPI: PCI Root Bridge [PCI0] (domain 0000 [bus 00-ff])
[    0.695984] acpi PNP0A03:00: _OSC: OS supports [ExtendedConfig ASPM ClockPM Segments MSI HPX-Type3]
[    0.696988] acpi PNP0A03:00: _OSC: OS requested [PME PCIeCapability LTR]
[    0.697976] acpi PNP0A03:00: _OSC: platform willing to grant [PME PCIeCapability LTR]
[    0.698977] acpi PNP0A03:00: _OSC: platform retains control of PCIe features (AE_ERROR)
[    0.700761] PCI host bridge to bus 0000:00
[    0.700985] pci_bus 0000:00: root bus resource [io  0x0000-0x0cf7 window]
[    0.701978] pci_bus 0000:00: root bus resource [io  0x0d00-0xffff window]
[    0.702978] pci_bus 0000:00: root bus resource [mem 0x000a0000-0x000bffff window]
[    0.703975] pci_bus 0000:00: root bus resource [mem 0xc0000000-0xfebfffff window]
[    0.704978] pci_bus 0000:00: root bus resource [mem 0x380000000000-0x38007fffffff window]
[    0.705978] pci_bus 0000:00: root bus resource [bus 00-ff]
[    0.707384] pci 0000:00:00.0: [8086:1237] type 00 class 0x060000 conventional PCI endpoint
[    0.709671] pci 0000:00:01.0: [8086:7000] type 00 class 0x060100 conventional PCI endpoint
[    0.711424] pci 0000:00:01.1: [8086:7010] type 00 class 0x010180 conventional PCI endpoint
[    0.712894] pci 0000:00:01.1: BAR 4 [io  0xc1c0-0xc1cf]
[    0.713063] pci 0000:00:01.1: BAR 0 [io  0x01f0-0x01f7]: legacy IDE quirk
[    0.713977] pci 0000:00:01.1: BAR 1 [io  0x03f6]: legacy IDE quirk
[    0.714977] pci 0000:00:01.1: BAR 2 [io  0x0170-0x0177]: legacy IDE quirk
[    0.715976] pci 0000:00:01.1: BAR 3 [io  0x0376]: legacy IDE quirk
[    0.717716] pci 0000:00:01.3: [8086:7113] type 00 class 0x068000 conventional PCI endpoint
[    0.718720] pci 0000:00:01.3: quirk: [io  0x0600-0x063f] claimed by PIIX4 ACPI
[    0.718995] pci 0000:00:01.3: quirk: [io  0x0700-0x070f] claimed by PIIX4 SMB
[    0.721022] pci 0000:00:02.0: [1af4:1009] type 00 class 0x000200 conventional PCI endpoint
[    0.723995] pci 0000:00:02.0: BAR 0 [io  0xc000-0xc03f]
[    0.724994] pci 0000:00:02.0: BAR 1 [mem 0xfebf8000-0xfebf8fff]
[    0.726039] pci 0000:00:02.0: BAR 4 [mem 0x380000000000-0x380000003fff 64bit pref]
[    0.730195] pci 0000:00:03.0: [8086:25ab] type 00 class 0x088000 conventional PCI endpoint
[    0.731995] pci 0000:00:03.0: BAR 0 [mem 0xfebf9000-0xfebf900f]
[    0.735598] pci 0000:00:04.0: [1af4:1003] type 00 class 0x078000 conventional PCI endpoint
[    0.736994] pci 0000:00:04.0: BAR 0 [io  0xc040-0xc07f]
[    0.737995] pci 0000:00:04.0: BAR 1 [mem 0xfebfa000-0xfebfafff]
[    0.739036] pci 0000:00:04.0: BAR 4 [mem 0x380000004000-0x380000007fff 64bit pref]
[    0.743335] pci 0000:00:05.0: [1af4:1003] type 00 class 0x078000 conventional PCI endpoint
[    0.744994] pci 0000:00:05.0: BAR 0 [io  0xc080-0xc0bf]
[    0.745995] pci 0000:00:05.0: BAR 1 [mem 0xfebfb000-0xfebfbfff]
[    0.747233] pci 0000:00:05.0: BAR 4 [mem 0x380000008000-0x38000000bfff 64bit pref]
[    0.751298] pci 0000:00:06.0: [1af4:1003] type 00 class 0x078000 conventional PCI endpoint
[    0.752995] pci 0000:00:06.0: BAR 0 [io  0xc0c0-0xc0ff]
[    0.753991] pci 0000:00:06.0: BAR 1 [mem 0xfebfc000-0xfebfcfff]
[    0.755038] pci 0000:00:06.0: BAR 4 [mem 0x38000000c000-0x38000000ffff 64bit pref]
[    0.759364] pci 0000:00:07.0: [1af4:1003] type 00 class 0x078000 conventional PCI endpoint
[    0.761781] pci 0000:00:07.0: BAR 0 [io  0xc100-0xc13f]
[    0.761995] pci 0000:00:07.0: BAR 1 [mem 0xfebfd000-0xfebfdfff]
[    0.763035] pci 0000:00:07.0: BAR 4 [mem 0x380000010000-0x380000013fff 64bit pref]
[    0.767294] pci 0000:00:08.0: [1af4:1003] type 00 class 0x078000 conventional PCI endpoint
[    0.768993] pci 0000:00:08.0: BAR 0 [io  0xc140-0xc17f]
[    0.769994] pci 0000:00:08.0: BAR 1 [mem 0xfebfe000-0xfebfefff]
[    0.771038] pci 0000:00:08.0: BAR 4 [mem 0x380000014000-0x380000017fff 64bit pref]
[    0.775276] pci 0000:00:09.0: [1af4:1003] type 00 class 0x078000 conventional PCI endpoint
[    0.776994] pci 0000:00:09.0: BAR 0 [io  0xc180-0xc1bf]
[    0.777994] pci 0000:00:09.0: BAR 1 [mem 0xfebff000-0xfebfffff]
[    0.779038] pci 0000:00:09.0: BAR 4 [mem 0x380000018000-0x38000001bfff 64bit pref]
[    0.788419] ACPI: PCI: Interrupt link LNKA configured for IRQ 10
[    0.789237] ACPI: PCI: Interrupt link LNKB configured for IRQ 10
[    0.790247] ACPI: PCI: Interrupt link LNKC configured for IRQ 11
[    0.791239] ACPI: PCI: Interrupt link LNKD configured for IRQ 11
[    0.792105] ACPI: PCI: Interrupt link LNKS configured for IRQ 9
[    0.795127] iommu: Default domain type: Translated
[    0.795979] iommu: DMA domain TLB invalidation policy: lazy mode
[    0.798412] SCSI subsystem initialized
[    0.799049] libata version 3.00 loaded.
[    0.800139] ACPI: bus type USB registered
[    0.801105] usbcore: registered new interface driver usbfs
[    0.802079] usbcore: registered new interface driver hub
[    0.803015] usbcore: registered new device driver usb
[    0.804175] pps_core: LinuxPPS API ver. 1 registered
[    0.804976] pps_core: Software ver. 5.3.6 - Copyright 2005-2007 Rodolfo Giometti <giometti@linux.it>
[    0.806002] PTP clock support registered
[    0.807513] Advanced Linux Sound Architecture Driver Initialized.
[    0.809309] NetLabel: Initializing
[    0.809977] NetLabel:  domain hash size = 128
[    0.810901] NetLabel:  protocols = UNLABELED CIPSOv4 CALIPSO
[    0.811023] NetLabel:  unlabeled traffic allowed by default
[    0.812213] Callback from call_rcu_tasks() invoked.
[    0.812312] PCI: Using ACPI for IRQ routing
[    0.813890] PCI: pci_cache_line_size set to 64 bytes
[    0.814337] e820: register RAM buffer resource [mem 0x0009fc00-0x0009ffff]
[    0.814978] e820: register RAM buffer resource [mem 0xbffe0000-0xbfffffff]
[    0.816091] vgaarb: loaded
[    0.816791] hpet0: at MMIO 0xfed00000, IRQs 2, 8, 0
[    0.817977] hpet0: 3 comparators, 64-bit 100.000000 MHz counter
[    0.824332] clocksource: Switched to clocksource kvm-clock
[    0.826550] VFS: Disk quotas dquot_6.6.0
[    0.827543] VFS: Dquot-cache hash table entries: 512 (4096 bytes)
[    0.830078] pnp: PnP ACPI init
[    0.831398] pnp 00:02: [dma 2]
[    0.833062] pnp: PnP ACPI: found 4 devices
[    0.851565] clocksource: acpi_pm: mask: 0xffffff max_cycles: 0xffffff, max_idle_ns: 2085701024 ns
[    0.853842] NET: Registered PF_INET protocol family
[    0.856271] IP idents hash table entries: 65536 (order: 7, 524288 bytes, linear)
[    0.860493] tcp_listen_portaddr_hash hash table entries: 2048 (order: 6, 147456 bytes, linear)
[    0.862760] Table-perturb hash table entries: 65536 (order: 6, 262144 bytes, linear)
[    0.864495] TCP established hash table entries: 32768 (order: 6, 262144 bytes, linear)
[    0.866891] TCP bind hash table entries: 32768 (order: 11, 4718592 bytes, vmalloc hugepage)
[    0.879444] TCP: Hash tables configured (established 32768 bind 32768)
[    0.882347] MPTCP token hash table entries: 4096 (order: 7, 360448 bytes, linear)
[    0.884044] UDP hash table entries: 2048 (order: 7, 524288 bytes, linear)
[    0.886668] NET: Registered PF_UNIX/PF_LOCAL protocol family
[    0.888868] RPC: Registered named UNIX socket transport module.
[    0.890184] RPC: Registered udp transport module.
[    0.891236] RPC: Registered tcp transport module.
[    0.892275] RPC: Registered tcp-with-tls transport module.
[    0.893482] RPC: Registered tcp NFSv4.1 backchannel transport module.
[    0.895616] NET: Registered PF_XDP protocol family
[    0.896713] pci_bus 0000:00: resource 4 [io  0x0000-0x0cf7 window]
[    0.898015] pci_bus 0000:00: resource 5 [io  0x0d00-0xffff window]
[    0.899342] pci_bus 0000:00: resource 6 [mem 0x000a0000-0x000bffff window]
[    0.900798] pci_bus 0000:00: resource 7 [mem 0xc0000000-0xfebfffff window]
[    0.902249] pci_bus 0000:00: resource 8 [mem 0x380000000000-0x38007fffffff window]
[    0.903954] pci 0000:00:01.0: PIIX3: Enabling Passive Release
[    0.905170] pci 0000:00:00.0: Limiting direct PCI/PCI transfers
[    0.906616] PCI: CLS 0 bytes, default 64
[    0.907620] PCI-DMA: Using software bounce buffering for IO (SWIOTLB)
[    0.909000] software IO TLB: mapped [mem 0x00000000bbfe0000-0x00000000bffe0000] (64MB)
[    0.911973] clocksource: tsc: mask: 0xffffffffffffffff max_cycles: 0x31027285e94, max_idle_ns: 440795238296 ns
[    0.923389] Initialise system trusted keyrings
[    0.924868] workingset: timestamp_bits=40 (anon: 35) max_order=20 bucket_order=0 (anon: 0)
[    0.927964] squashfs: version 4.0 (2009/01/31) Phillip Lougher
[    0.929886] NFS: Registering the id_resolver key type
[    0.931274] Key type id_resolver registered
[    0.932244] Key type id_legacy registered
[    0.933125] nfs4filelayout_init: NFSv4 File Layout Driver Registering...
[    0.934609] nfs4flexfilelayout_init: NFSv4 Flexfile Layout Driver Registering...
[    0.936491] fuse: init (API version 7.45)
[    0.937716] 9p: Installing v9fs 9p2000 file system support
[    0.940877] NET: Registered PF_ALG protocol family
[    0.941989] Key type asymmetric registered
[    0.942915] Asymmetric key parser 'x509' registered
[    0.944177] Block layer SCSI generic (bsg) driver version 0.4 loaded (major 248)
[    0.946384] io scheduler mq-deadline registered
[    0.947507] io scheduler kyber registered
[    0.950015] input: Power Button as /devices/platform/LNXPWRBN:00/input/input0
[    0.951876] ACPI: button: Power Button [PWRF]
[    1.078904] ACPI: \_SB_.LNKB: Enabled at IRQ 10
[    1.203666] ACPI: \_SB_.LNKD: Enabled at IRQ 11
[    1.328147] ACPI: \_SB_.LNKA: Enabled at IRQ 10
[    1.468228] kwatchdog (97) used greatest stack depth: 14776 bytes left
[    1.578640] ACPI: \_SB_.LNKC: Enabled at IRQ 11
[    1.827537] Serial: 8250/16550 driver, 4 ports, IRQ sharing enabled
[    1.830154] 00:03: ttyS0 at I/O 0x3f8 (irq = 4, base_baud = 115200) is a 16550A
[    1.976033] Non-volatile memory driver v1.3
[    1.977846] ACPI: bus type drm_connector registered
[    1.999632] brd: module loaded
[    2.013537] loop: module loaded
[    2.018724] scsi host0: ata_piix
[    2.020887] scsi host1: ata_piix
[    2.021959] ata1: PATA max MWDMA2 cmd 0x1f0 ctl 0x3f6 bmdma 0xc1c0 irq 14 lpm-pol 0
[    2.023614] ata2: PATA max MWDMA2 cmd 0x170 ctl 0x376 bmdma 0xc1c8 irq 15 lpm-pol 0
[    2.029755] tun: Universal TUN/TAP device driver, 1.6
[    2.031364] e100: Intel(R) PRO/100 Network Driver
[    2.032404] e100: Copyright(c) 1999-2006 Intel Corporation
[    2.033685] e1000: Intel(R) PRO/1000 Network Driver
[    2.034747] e1000: Copyright (c) 1999-2006 Intel Corporation.
[    2.036093] e1000e: Intel(R) PRO/1000 Network Driver
[    2.037220] e1000e: Copyright(c) 1999 - 2015 Intel Corporation.
[    2.038594] sky2: driver version 1.30
[    2.040569] usbcore: registered new interface driver usblp
[    2.041908] usbcore: registered new interface driver usb-storage
[    2.043337] i8042: PNP: PS/2 Controller [PNP0303:KBD,PNP0f13:MOU] at 0x60,0x64 irq 1,12
[    2.046496] serio: i8042 KBD port at 0x60,0x64 irq 1
[    2.048008] serio: i8042 AUX port at 0x60,0x64 irq 12
[    2.050100] rtc_cmos PNP0B00:00: RTC can wake from S4
[    2.053780] input: AT Translated Set 2 keyboard as /devices/platform/i8042/serio0/input/input1
[    2.056395] rtc_cmos PNP0B00:00: registered as rtc0
[    2.058117] rtc_cmos PNP0B00:00: alarms up to one day, y3k, 242 bytes nvram, hpet irqs
[    2.061374] Registered IR keymap rc-empty
[    2.063095] rc rc0: rc-core loopback device as /devices/virtual/rc/rc0
[    2.065630] rc rc0: lirc_dev: driver rc-loopback registered at minor = 0, raw IR receiver, raw IR transmitter
[    2.068197] input: rc-core loopback device as /devices/virtual/rc/rc0/input4
[    2.070808] intel_powerclamp: CPU does not support MWAIT
[    2.072047] device-mapper: core: CONFIG_IMA_DISABLE_HTABLE is disabled. Duplicate IMA measurements will not be recorded in the IMA log.
[    2.075137] device-mapper: ioctl: 4.50.0-ioctl (2025-04-28) initialised: dm-devel@lists.linux.dev
[    2.077155] amd_pstate: the _CPC object is not present in SBIOS or ACPI disabled
[    2.079511] hid: raw HID events driver (C) Jiri Kosina
[    2.082319] usbcore: registered new interface driver usbhid
[    2.083641] usbhid: USB HID core driver
[    2.085764] GACT probability NOT on
[    2.086594] Mirror/redirect action on
[    2.088861] nf_conntrack_irc: The irc conntrack helper is scheduled for removal.
[    2.088861] Please contact the netfilter-devel mailing list if you still need this.
[    2.093864] ipip: IPv4 and MPLS over IPv4 tunneling driver
[    2.095904] gre: GRE over IPv4 demultiplexer driver
[    2.097010] ip_gre: GRE over IPv4 tunneling driver
[    2.100690] Initializing XFRM netlink socket
[    2.101713] IPsec XFRM device driver
[    2.102632] NET: Registered PF_INET6 protocol family
[    2.105642] Segment Routing with IPv6
[    2.106481] In-situ OAM (IOAM) with IPv6
[    2.107485] mip6: Mobile IPv6
[    2.108163] sit: IPv6, IPv4 and MPLS over IPv4 tunneling driver
[    2.110988] ip6_gre: GRE over IPv6 tunneling driver
[    2.112958] NET: Registered PF_PACKET protocol family
[    2.114178] RPC: Registered rdma transport module.
[    2.115255] RPC: Registered rdma backchannel transport module.
[    2.116802] 8021q: 802.1Q VLAN Support v1.8
[    2.118283] smc: adding smcd device lo without pnetid
[    2.119675] NET: Registered PF_SMC protocol family
[    2.121199] 9pnet: Installing 9P2000 support
[    2.123760] Key type dns_resolver registered
[    2.124964] NET: Registered PF_VSOCK protocol family
[    2.126174] mpls_gso: MPLS GSO support
[    2.130557] IPI shorthand broadcast: enabled
[    2.174719] sched_clock: Marking stable (2150011696, 24419348)->(2278575854, -104144810)
[    2.178522] registered taskstats version 1
[    2.179718] ata2: found unknown device (class 0)
[    2.182226] ata2.00: ATAPI: QEMU DVD-ROM, 2.5+, max UDMA/100
[    2.186067] scsi 1:0:0:0: CD-ROM            QEMU     QEMU DVD-ROM     2.5+ PQ: 0 ANSI: 5
[    2.197576] Loading compiled-in X.509 certificates
[    2.199364] kworker/u32:1 (116) used greatest stack depth: 14152 bytes left
[    2.201230] kworker/u32:1 (117) used greatest stack depth: 13008 bytes left
[    2.201364] Loaded X.509 cert 'Build time autogenerated kernel key: c4531344b9a9c1a4731230d977a262ba29ba5272'
[    2.216646] sr 1:0:0:0: [sr0] scsi3-mmc drive: 4x/4x cd/rw xa/form2 tray
[    2.237136] cdrom: Uniform CD-ROM driver Revision: 3.20
[    2.246685] Demotion targets for Node 0: null
[    2.248331] ima: No TPM chip found, activating TPM-bypass!
[    2.248644] sr 1:0:0:0: Attached scsi CD-ROM sr0
[    2.249604] ima: Allocated hash algorithm: sha1
[    2.251859] ima: No architecture policies found
[    2.252866] sr 1:0:0:0: Attached scsi generic sg0 type 5
[    2.254694] PM:   Magic number: 6:976:452
[    2.255701] netconsole: network logging started
[    2.257397] cfg80211: Loading compiled-in X.509 certificates for regulatory database
[    2.260281] Loaded X.509 cert 'sforshee: 00b28ddf47aef9cea7'
[    2.261683] Loaded X.509 cert 'wens: 61c038651aabdcf94bd0ac7ff06c7248db18c600'
[    2.263534] faux_driver regulatory: Direct firmware load for regulatory.db failed with error -2
[    2.265523] cfg80211: failed to load regulatory.db
[    2.266704] ALSA device list:
[    2.267403]   No soundcards found.
[    2.477964] input: ImExPS/2 Generic Explorer Mouse as /devices/platform/i8042/serio1/input/input3
[    2.479886] md: Skipping autodetection of RAID arrays. (raid=autodetect will force)
[    2.481244] 9p: Bad value for 'source'
[    2.481986] 9pnet: Limiting 'msize' to 512000 as this is the maximum supported by transport virtio
[    2.485522] VFS: Mounted root (9p filesystem) on device 0:22.
[    2.487253] devtmpfs: mounted
[    2.487957] VFS: Pivoted into new rootfs
[    2.492971] Freeing unused kernel image (initmem) memory: 4668K
[    2.493844] Write protecting the kernel read-only data: 45056k
[    2.495964] Freeing unused kernel image (text/rodata gap) memory: 984K
[    2.497343] Freeing unused kernel image (rodata/data gap) memory: 400K
[    2.534267] x86/mm: Checked W+X mappings: passed, no W+X pages found.
[    2.535156] Run /home/prozak/.local/share/vng-venv/lib/python3.12/site-packages/virtme/guest/bin/virtme-ng-init as init process
[    2.536709]   with arguments:
[    2.537125]     /home/prozak/.local/share/vng-venv/lib/python3.12/site-packages/virtme/guest/bin/virtme-ng-init
[    2.538477]   with environment:
[    2.538914]     HOME=/
[    2.539261]     TERM=linux
[    2.539657]     virtme_hostname=virtme-ng
[    2.540216]     nr_open=1048576
[    2.540674]     virtme_link_mods=/home/prozak/sources/heimdall_experiment/uml-harness/.build/bpf-next-x86/.virtme_mods/lib/modules/0.0.0
[    2.542278]     virtme_rw_overlay0=/tmp
[    2.542840]     virtme_console=ttyS0
[    2.543345]     virtme_chdir=home/prozak/sources/heimdall_experiment/uml-harness/.build/selftests-output-qemu
[    2.631241] virtme-ng-init: mount devtmpfs -> /dev: EBUSY: Device or resource busy
[    2.633215] virtme-ng-init: Setting hostname to virtme-ng...
[    2.671855] virtme-ng-init: running systemd-tmpfiles
[    3.845249] systemd-tmpfile (127) used greatest stack depth: 12504 bytes left
[    3.845389] virtme-ng-init: basic initialization done
[    3.863722] virtme-ng-init: error creating file: Permission denied (os error 13)
[    3.944295] ip (133) used greatest stack depth: 11720 bytes left
[    4.065799] virtme-ng-init: Starting systemd-udevd version 255.4-1ubuntu8.16
[    4.067731] virtme-ng-init: triggering udev coldplug
[    7.031659] virtme-ng-init: waiting for udev to settle
[    7.838404] virtme-ng-init: udev is done
[    7.842834] virtme-ng-init: starting script
[    8.097265] bpf_testmod: loading out-of-tree module taints kernel.
[    8.098214] bpf_testmod: module verification failed: signature and/or required key missing - tainting kernel
[   28.928731] ref_ctr_offset mismatch. inode: 0x73662f offset: 0x471661 ref_ctr_offset(old): 0x5f7777a ref_ctr_offset(new): 0x5f77778
[   36.258291] smc: removing smcd device lo
[   36.326152] ACPI: PM: Preparing to enter system sleep state S5
[   36.327728] reboot: Power down
