#743/1   xfrm_info/xfrm_info:OK
#743     xfrm_info:OK
Summary: 1/1 PASSED, 0 SKIPPED, 0 FAILED
ut_data: 0x00000000049762c4
input_len: 0x00000000015c3b21
output: 0x0000000001000000
output_len: 0x00000000045c1650
kernel_total_size: 0x0000000004f8d000
needed_size: 0x0000000005000000
trampoline_32bit: 0x0000000000000000
Physical KASLR using RDRAND RDTSC...
Virtual KASLR using RDRAND RDTSC...

Decompressing Linux... Parsing ELF... Performing relocations... done.
Booting the kernel (entry_offset: 0x0000000003db5740).
[    0.000000] Linux version 7.2.0-rc1-g5e2f4aad04e2 (prozak@powertower) (gcc (Ubuntu 13.3.0-6ubuntu2~24.04.1) 13.3.0, GNU ld (GNU Binutils for Ubuntu) 2.42) #3 SMP PREEMPT_DYNAMIC Sun Aug  2 09:03:43 PDT 2026
[    0.000000] Command line: virtme_hostname=virtme-ng nr_open=1048576 virtme_link_mods=/home/prozak/sources/heimdall_experiment/uml-harness/.build/bpf-next-x86/.virtme_mods/lib/modules/0.0.0 virtme_rw_overlay0=/tmp virtme_console=ttyS0 console=ttyS0 earlyprintk=serial,ttyS0,115200 panic=-1 virtme.exec=`bW91bnQgLXQgYnBmIGJwZmZzIC9zeXMvZnMvYnBmIDI+L2Rldi9udWxsOyAuL3Rlc3RfcHJvZ3MgLXQgJ3hmcm1faW5mbyc=` virtme_chdir=home/prozak/sources/heimdall_experiment/uml-harness/.build/selftests-output-qemu rootfstype=9p rootflags=version=9p2000.L,trans=virtio,access=any,msize=524288 raid=noautodetect rw debug init=/home/prozak/.local/share/vng-venv/lib/python3.12/site-packages/virtme/guest/bin/virtme-ng-init
[    0.000000] x86 CPU feature dependency check failure: CPU0 has '18*32+31' enabled but '18*32+26' disabled. Kernel might be fine, but no guarantees.
[    0.000000] BIOS-provided physical RAM map:
[    0.000000] BIOS-e820: [mem 0x0000000000000000-0x000000000009fbff]  System RAM
[    0.000000] BIOS-e820: [mem 0x000000000009fc00-0x000000000009ffff]  device reserved
[    0.000000] BIOS-e820: [gap 0x00000000000a0000-0x00000000000effff]
[    0.000000] BIOS-e820: [mem 0x00000000000f0000-0x00000000000fffff]  device reserved
[    0.000000] BIOS-e820: [mem 0x0000000000100000-0x00000000bffdffff]  System RAM
[    0.000000] BIOS-e820: [mem 0x00000000bffe0000-0x00000000bfffffff]  device reserved
[    0.000000] BIOS-e820: [gap 0x00000000c0000000-0x00000000feffbfff]
[    0.000000] BIOS-e820: [mem 0x00000000feffc000-0x00000000feffffff]  device reserved
[    0.000000] BIOS-e820: [gap 0x00000000ff000000-0x00000000fffbffff]
[    0.000000] BIOS-e820: [mem 0x00000000fffc0000-0x00000000ffffffff]  device reserved
[    0.000000] BIOS-e820: [mem 0x0000000100000000-0x000000013fffffff]  System RAM
[    0.000000] BIOS-e820: [gap 0x0000000140000000-0x000000fcffffffff]
[    0.000000] BIOS-e820: [mem 0x000000fd00000000-0x000000ffffffffff]  device reserved
[    0.000000] printk: legacy bootconsole [earlyser0] enabled
[    0.000000] NX (Execute Disable) protection: active
[    0.000000] APIC: Static calls initialized
[    0.000000] DMI: SMBIOS 3.0.0 present.
[    0.000000] DMI: QEMU Ubuntu 24.04 PC v2 (i440FX + PIIX, arch_caps fix, 1996), BIOS 1.16.3-debian-1.16.3-2 04/01/2014
[    0.000000] DMI: Memory slots populated: 1/1
[    0.000000] Hypervisor detected: KVM
[    0.000000] last_pfn = 0xbffe0 max_arch_pfn = 0x400000000
[    0.000000] kvm-clock: Using msrs 4b564d01 and 4b564d00
[    0.000001] kvm-clock: using sched offset of 449111430 cycles
[    0.000948] clocksource: kvm-clock: mask: 0xffffffffffffffff max_cycles: 0x1cd42e4dffb, max_idle_ns: 881590591483 ns
[    0.003883] tsc: Detected 3400.038 MHz processor
[    0.005058] e820: update [mem 0x00000000-0x00000fff] System RAM ==> device reserved
[    0.006469] e820: remove [mem 0x000a0000-0x000fffff] System RAM
[    0.007538] last_pfn = 0x140000 max_arch_pfn = 0x400000000
[    0.008611] MTRR map: 4 entries (3 fixed + 1 variable; max 19), built from 8 variable MTRRs
[    0.010122] x86/PAT: Configuration [0-7]: WB  WC  UC- UC  WB  WP  UC- WT  
Memory KASLR using RDRAND RDTSC...
[    0.012068] last_pfn = 0xbffe0 max_arch_pfn = 0x400000000
[    0.014283] found SMP MP-table at [mem 0x000f5450-0x000f545f]
[    0.015349] Using GB pages for direct mapping
[    0.016289] ACPI: Early table checksum verification disabled
[    0.017344] ACPI: RSDP 0x00000000000F5240 000014 (v00 BOCHS )
[    0.018414] ACPI: RSDT 0x00000000BFFE1F16 000034 (v01 BOCHS  BXPC     00000001 BXPC 00000001)
[    0.019958] ACPI: FACP 0x00000000BFFE1D92 000074 (v01 BOCHS  BXPC     00000001 BXPC 00000001)
[    0.021495] ACPI: DSDT 0x00000000BFFE0040 001D52 (v01 BOCHS  BXPC     00000001 BXPC 00000001)
[    0.023043] ACPI: FACS 0x00000000BFFE0000 000040
[    0.023882] ACPI: APIC 0x00000000BFFE1E06 0000B0 (v03 BOCHS  BXPC     00000001 BXPC 00000001)
[    0.025428] ACPI: HPET 0x00000000BFFE1EB6 000038 (v01 BOCHS  BXPC     00000001 BXPC 00000001)
[    0.026977] ACPI: WAET 0x00000000BFFE1EEE 000028 (v01 BOCHS  BXPC     00000001 BXPC 00000001)
[    0.028507] ACPI: Reserving FACP table memory at [mem 0xbffe1d92-0xbffe1e05]
[    0.029802] ACPI: Reserving DSDT table memory at [mem 0xbffe0040-0xbffe1d91]
[    0.031047] ACPI: Reserving FACS table memory at [mem 0xbffe0000-0xbffe003f]
[    0.032311] ACPI: Reserving APIC table memory at [mem 0xbffe1e06-0xbffe1eb5]
[    0.033618] ACPI: Reserving HPET table memory at [mem 0xbffe1eb6-0xbffe1eed]
[    0.034882] ACPI: Reserving WAET table memory at [mem 0xbffe1eee-0xbffe1f15]
[    0.036592] No NUMA configuration found
[    0.037272] Faking a node at [mem 0x0000000000000000-0x000000013fffffff]
[    0.038508] NODE_DATA(0) allocated [mem 0x13fff9c80-0x13fffdfff]
[    0.040408] ACPI: PM-Timer IO Port: 0x608
[    0.041128] ACPI: LAPIC_NMI (acpi_id[0xff] dfl dfl lint[0x1])
[    0.042193] IOAPIC[0]: apic_id 0, version 17, address 0xfec00000, GSI 0-23
[    0.043411] ACPI: INT_SRC_OVR (bus 0 bus_irq 0 global_irq 2 dfl dfl)
[    0.044501] ACPI: INT_SRC_OVR (bus 0 bus_irq 5 global_irq 5 high level)
[    0.045666] ACPI: INT_SRC_OVR (bus 0 bus_irq 9 global_irq 9 high level)
[    0.046799] ACPI: INT_SRC_OVR (bus 0 bus_irq 10 global_irq 10 high level)
[    0.047993] ACPI: INT_SRC_OVR (bus 0 bus_irq 11 global_irq 11 high level)
[    0.049190] ACPI: Using ACPI (MADT) for SMP configuration information
[    0.050370] ACPI: HPET id: 0x8086a201 base: 0xfed00000
[    0.051272] TSC deadline timer available
[    0.051980] CPU topo: Max. logical packages:   1
[    0.052772] CPU topo: Max. logical nodes:      1
[    0.053581] CPU topo: Num. nodes per package:  1
[    0.054385] CPU topo: Max. logical dies:       1
[    0.055175] CPU topo: Max. dies per package:   1
[    0.055999] CPU topo: Max. threads per core:   1
[    0.056790] CPU topo: Num. cores per package:     8
[    0.057659] CPU topo: Num. threads per package:   8
[    0.058497] CPU topo: Allowing 8 present CPUs plus 0 hotplug CPUs
[    0.059579] kvm-guest: APIC: eoi() replaced with kvm_guest_apic_eoi_write()
[    0.060822] kvm-guest: KVM setup pv remote TLB flush
[    0.061713] kvm-guest: setup PV sched yield
[    0.062436] PM: hibernation: Registered nosave memory: [mem 0x00000000-0x00000fff]
[    0.063751] PM: hibernation: Registered nosave memory: [mem 0x0009f000-0x000fffff]
[    0.065092] PM: hibernation: Registered nosave memory: [mem 0xbffe0000-0xffffffff]
[    0.066421] [gap 0xc0000000-0xfeffbfff] available for PCI devices
[    0.067483] Booting paravirtualized kernel on KVM
[    0.068289] clocksource: refined-jiffies: mask: 0xffffffff max_cycles: 0xffffffff, max_idle_ns: 1910969940391419 ns
[    0.074718] Zone ranges:
[    0.075168]   DMA      [mem 0x0000000000001000-0x0000000000ffffff]
[    0.076260]   DMA32    [mem 0x0000000001000000-0x00000000ffffffff]
[    0.077327]   Normal   [mem 0x0000000100000000-0x000000013fffffff]
[    0.078425] Movable zone start for each node
[    0.079160] Early memory node ranges
[    0.079794]   node   0: [mem 0x0000000000001000-0x000000000009efff]
[    0.080932]   node   0: [mem 0x0000000000100000-0x00000000bffdffff]
[    0.082092]   node   0: [mem 0x0000000100000000-0x000000013fffffff]
[    0.083166] Initmem setup node 0 [mem 0x0000000000001000-0x000000013fffffff]
[    0.084454] On node 0, zone DMA: 1 pages in unavailable ranges
[    0.085950] On node 0, zone DMA: 97 pages in unavailable ranges
[    0.203777] On node 0, zone Normal: 32 pages in unavailable ranges
[    0.204910] setup_percpu: NR_CPUS:128 nr_cpumask_bits:8 nr_cpu_ids:8 nr_node_ids:1
[    0.209441] percpu: Embedded 58 pages/cpu s199696 r8192 d29680 u262144
[    0.210625] pcpu-alloc: s199696 r8192 d29680 u262144 alloc=1*2097152
[    0.211771] pcpu-alloc: [0] 0 1 2 3 4 5 6 7 
[    0.212566] Kernel command line: virtme_hostname=virtme-ng nr_open=1048576 virtme_link_mods=/home/prozak/sources/heimdall_experiment/uml-harness/.build/bpf-next-x86/.virtme_mods/lib/modules/0.0.0 virtme_rw_overlay0=/tmp virtme_console=ttyS0 console=ttyS0 earlyprintk=serial,ttyS0,115200 panic=-1 virtme.exec=`bW91bnQgLXQgYnBmIGJwZmZzIC9zeXMvZnMvYnBmIDI+L2Rldi9udWxsOyAuL3Rlc3RfcHJvZ3MgLXQgJ3hmcm1faW5mbyc=` virtme_chdir=home/prozak/sources/heimdall_experiment/uml-harness/.build/selftests-output-qemu rootfstype=9p rootflags=version=9p2000.L,trans=virtio,access=any,msize=524288 raid=noautodetect rw debug init=/home/prozak/.local/share/vng-venv/lib/python3.12/site-packages/virtme/guest/bin/virtme-ng-init
[    0.223515] Unknown kernel command line parameters "virtme_hostname=virtme-ng nr_open=1048576 virtme_link_mods=/home/prozak/sources/heimdall_experiment/uml-harness/.build/bpf-next-x86/.virtme_mods/lib/modules/0.0.0 virtme_rw_overlay0=/tmp virtme_console=ttyS0 virtme_chdir=home/prozak/sources/heimdall_experiment/uml-harness/.build/selftests-output-qemu", will be passed to user space.
[    0.229490] random: crng init done
[    0.230112] printk: log buffer data + meta data: 2097152 + 7340032 = 9437184 bytes
[    0.239001] Dentry cache hash table entries: 524288 (order: 10, 4194304 bytes, linear)
[    0.244529] Inode-cache hash table entries: 262144 (order: 9, 2097152 bytes, linear)
[    0.246131] software IO TLB: area num 8.
[    0.380535] Fallback order for Node 0: 0 
[    0.380542] Built 1 zonelists, mobility grouping on.  Total pages: 1048446
[    0.382542] Policy zone: Normal
[    0.383086] mem auto-init: stack:all(zero), heap alloc:off, heap free:off
[    0.389545] SLUB: HWalign=64, Order=0-3, MinObjects=0, CPUs=8, Nodes=1
Poking KASLR using RDRAND RDTSC...
[    0.405294] ftrace: allocating 69757 entries in 274 pages
[    0.406270] ftrace: allocated 274 pages with 3 groups
[    0.407667] Dynamic Preempt: full
[    0.408614] Running RCU self tests
[    0.409210] Running RCU synchronous self tests
[    0.409977] rcu: Preemptible hierarchical RCU implementation.
[    0.411002] rcu: 	RCU event tracing is enabled.
[    0.411785] rcu: 	RCU lockdep checking is enabled.
[    0.412645] rcu: 	RCU restricting CPUs from NR_CPUS=128 to nr_cpu_ids=8.
[    0.413889] 	Trampoline variant of Tasks RCU enabled.
[    0.414796] 	Rude variant of Tasks RCU enabled.
[    0.415603] 	Tracing variant of Tasks RCU enabled.
[    0.416458] rcu: RCU calculated value of scheduler-enlistment delay is 100 jiffies.
[    0.417800] rcu: Adjusting geometry for rcu_fanout_leaf=16, nr_cpu_ids=8
[    0.419040] Running RCU synchronous self tests
[    0.419813] RCU Tasks: Setting shift to 3 and lim to 1 rcu_task_cb_adjust=1 rcu_task_cpu_ids=8.
[    0.421337] RCU Tasks Rude: Setting shift to 3 and lim to 1 rcu_task_cb_adjust=1 rcu_task_cpu_ids=8.
[    0.428721] NR_IRQS: 8448, nr_irqs: 488, preallocated irqs: 16
[    0.430091] rcu: srcu_init: Setting srcu_struct sizes based on contention.
[    0.431377] clocksource: jiffies: mask: 0xffffffff max_cycles: 0xffffffff, max_idle_ns: 1911260446275000 ns
[    0.433453] Console: colour *CGA 80x25
[    0.434171] printk: legacy console [ttyS0] enabled
[    0.434171] printk: legacy console [ttyS0] enabled
[    0.435889] printk: legacy bootconsole [earlyser0] disabled
[    0.435889] printk: legacy bootconsole [earlyser0] disabled
[    0.437880] Lock dependency validator: Copyright (c) 2006 Red Hat, Inc., Ingo Molnar
[    0.439277] ... MAX_LOCKDEP_SUBCLASSES:  8
[    0.440007] ... MAX_LOCK_DEPTH:          48
[    0.440772] ... MAX_LOCKDEP_KEYS:        8192
[    0.441548] ... CLASSHASH_SIZE:          4096
[    0.442366] ... MAX_LOCKDEP_ENTRIES:     32768
[    0.443171] ... MAX_LOCKDEP_CHAINS:      65536
[    0.443961] ... CHAINHASH_SIZE:          32768
[    0.444771]  memory used by lock dependency info: 6429 kB
[    0.445762]  memory used for stack traces: 4224 kB
[    0.446684]  per task-struct memory footprint: 1920 bytes
[    0.447731] ACPI: Core revision 20260408
[    0.448674] clocksource: hpet: mask: 0xffffffff max_cycles: 0xffffffff, max_idle_ns: 19112604467 ns
[    0.450497] APIC: Switch to symmetric I/O mode setup
[    0.451861] x2apic enabled
[    0.452905] APIC: Switched APIC routing to: physical x2apic
[    0.454009] kvm-guest: APIC: send_IPI_mask() replaced with kvm_send_ipi_mask()
[    0.455393] kvm-guest: APIC: send_IPI_mask_allbutself() replaced with kvm_send_ipi_mask_allbutself()
[    0.457172] kvm-guest: setup PV IPIs
[    0.459957] ..TIMER: vector=0x30 apic1=0 pin1=2 apic2=-1 pin2=-1
[    0.461111] clocksource: tsc-early: mask: 0xffffffffffffffff max_cycles: 0x31027285e94, max_idle_ns: 440795238296 ns
[    0.464071] Calibrating delay loop (skipped) preset value.. 6800.07 BogoMIPS (lpj=3400038)
[    0.465678] x86/cpu: User Mode Instruction Prevention (UMIP) activated
[    0.466372] Last level iTLB entries: 4KB 512, 2MB 255, 4MB 127
[    0.467067] Last level dTLB entries: 4KB 512, 2MB 255, 4MB 127, 1GB 0
[    0.468075] mitigations: Enabled attack vectors: user_kernel, user_user, SMT mitigations: auto
[    0.469068] Speculative Store Bypass: Mitigation: Speculative Store Bypass disabled via prctl
[    0.470067] Speculative Return Stack Overflow: IBPB-extending microcode not applied!
[    0.471067] Speculative Return Stack Overflow: WARNING: See https://kernel.org/doc/html/latest/admin-guide/hw-vuln/srso.html for mitigation options.
[    0.471068] Transient Scheduler Attacks: Vulnerable: No microcode
[    0.473067] Spectre V2 : Mitigation: Retpolines
[    0.474067] Speculative Return Stack Overflow: Vulnerable: Safe RET, no microcode
[    0.475067] Spectre V1 : Mitigation: usercopy/swapgs barriers and __user pointer sanitization
[    0.476068] Spectre V2 : Spectre v2 / SpectreRSB: Filling RSB on context switch and VMEXIT
[    0.477067] Spectre V2 : Enabling Restricted Speculation for firmware calls
[    0.478069] Spectre V2 : mitigation: Enabling conditional Indirect Branch Prediction Barrier
[    0.479068] active return thunk: srso_alias_return_thunk
[    0.480120] x86/fpu: Supporting XSAVE feature 0x001: 'x87 floating point registers'
[    0.481067] x86/fpu: Supporting XSAVE feature 0x002: 'SSE registers'
[    0.482067] x86/fpu: Supporting XSAVE feature 0x004: 'AVX registers'
[    0.483067] x86/fpu: xstate_offset[2]:  576, xstate_sizes[2]:  256
[    0.484066] x86/fpu: Enabled xstate features 0x7, context size is 832 bytes, using 'compacted' format.
[    0.520965] pid_max: default: 32768 minimum: 301
[    0.522221] SELinux:  Initializing.
[    0.524211] LSM support for eBPF active
[    0.525363] Mount-cache hash table entries: 8192 (order: 4, 65536 bytes, linear)
[    0.527112] Mountpoint-cache hash table entries: 8192 (order: 4, 65536 bytes, linear)
[    0.529884] VFS: Finished mounting rootfs on nullfs
[    0.532296] Running RCU synchronous self tests
[    0.533069] Running RCU synchronous self tests
[    0.534561] smpboot: CPU0: AMD Ryzen 9 5950X 16-Core Processor (family: 0x19, model: 0x21, stepping: 0x2)
[    0.537304] Performance Events: Fam17h+ core perfctr, AMD PMU driver.
[    0.538102] ... version:                   0
[    0.538983] ... bit width:                 48
[    0.539073] ... generic counters:          6
[    0.539984] ... generic bitmap:            000000000000003f
[    0.540074] ... fixed-purpose counters:    0
[    0.540968] ... fixed-purpose bitmap:      0000000000000000
[    0.541074] ... value mask:                0000ffffffffffff
[    0.542074] ... max period:                00007fffffffffff
[    0.543074] ... global_ctrl mask:          000000000000003f
[    0.544391] signal: max sigframe size: 1776
[    0.545246] rcu: Hierarchical SRCU implementation.
[    0.546077] rcu: 	Max phase no-delay instances is 400.
[    0.547372] Timer migration: 1 hierarchy levels; 8 children per group; 1 crossnode level
[    0.560246] smp: Bringing up secondary CPUs ...
[    0.564643] smpboot: x86: Booting SMP configuration:
[    0.565075] .... node  #0, CPUs:      #1 #2 #3 #4 #5 #6 #7
[    0.590455] smp: Brought up 1 node, 8 CPUs
[    0.591990] smpboot: Total of 8 processors activated (54400.60 BogoMIPS)
[    0.593786] Memory: 3963784K/4193784K available (25637K kernel code, 10348K rwdata, 18032K rodata, 4668K init, 13400K bss, 221944K reserved, 0K cma-reserved)
[    0.596076] devtmpfs: initialized
[    0.600441] Running RCU synchronous self tests
[    0.601095] Running RCU synchronous self tests
[    0.602232] Running RCU Tasks wait API self tests
[    0.603142] Running RCU Tasks Rude wait API self tests
[    0.604077] Running RCU Tasks Trace wait API self tests
[    0.605188] posixtimers hash table entries: 4096 (order: 7, 294912 bytes, linear)
[    0.607319] futex hash table entries: 2048 (262144 bytes on 1 NUMA nodes, total 256 KiB, linear).
[    0.609074] PM: RTC time: 23:29:04, date: 2026-08-02
[    0.610106] Callback from call_rcu_tasks_trace() invoked.
[    0.616272] NET: Registered PF_NETLINK/PF_ROUTE protocol family
[    0.618089] audit: initializing netlink subsys (disabled)
[    0.619197] audit: type=2000 audit(1785713344.332:1): state=initialized audit_enabled=0 res=1
[    0.642769] thermal_sys: Registered thermal governor 'step_wise'
[    0.642841] cpuidle: using governor ladder
[    0.643985] cpuidle: using governor menu
[    0.645286] Freeing SMP alternatives memory: 68K
[    0.646936] PCI: Using configuration type 1 for base access
[    0.647075] PCI: Using configuration type 1 for extended access
[    0.648239] kprobes: kprobe jump-optimization is enabled. All kprobes are optimized if possible.
[    0.650246] HugeTLB: registered 1.00 GiB page size, pre-allocated 0 pages
[    0.651089] HugeTLB: 16380 KiB vmemmap can be freed for a 1.00 GiB page
[    0.652076] HugeTLB: registered 2.00 MiB page size, pre-allocated 0 pages
[    0.653073] HugeTLB: 28 KiB vmemmap can be freed for a 2.00 MiB page
[    0.659148] ACPI: Added _OSI(Module Device)
[    0.660076] ACPI: Added _OSI(Processor Device)
[    0.661051] ACPI: Added _OSI(Processor Aggregator Device)
[    0.664821] ACPI: 1 ACPI AML tables successfully acquired and loaded
[    0.668110] ACPI: \_SB_: platform _OSC: OS support mask [002a7eee]
[    0.669817] ACPI: Interpreter enabled
[    0.670184] ACPI: PM: (supports S0 S3 S4 S5)
[    0.671088] ACPI: Using IOAPIC for interrupt routing
[    0.672129] PCI: Using host bridge windows from ACPI; if necessary, use "pci=nocrs" and report a bug
[    0.673075] PCI: Using E820 reservations for host bridge windows
[    0.674448] ACPI: Enabled 2 GPEs in block 00 to 0F
[    0.690843] ACPI: PCI Root Bridge [PCI0] (domain 0000 [bus 00-ff])
[    0.691081] acpi PNP0A03:00: _OSC: OS supports [ExtendedConfig ASPM ClockPM Segments MSI HPX-Type3]
[    0.692086] acpi PNP0A03:00: _OSC: OS requested [PME PCIeCapability LTR]
[    0.693073] acpi PNP0A03:00: _OSC: platform willing to grant [PME PCIeCapability LTR]
[    0.694075] acpi PNP0A03:00: _OSC: platform retains control of PCIe features (AE_ERROR)
[    0.695875] PCI host bridge to bus 0000:00
[    0.696084] pci_bus 0000:00: root bus resource [io  0x0000-0x0cf7 window]
[    0.697077] pci_bus 0000:00: root bus resource [io  0x0d00-0xffff window]
[    0.698075] pci_bus 0000:00: root bus resource [mem 0x000a0000-0x000bffff window]
[    0.699076] pci_bus 0000:00: root bus resource [mem 0xc0000000-0xfebfffff window]
[    0.700075] pci_bus 0000:00: root bus resource [mem 0x380000000000-0x38007fffffff window]
[    0.701076] pci_bus 0000:00: root bus resource [bus 00-ff]
[    0.702480] pci 0000:00:00.0: [8086:1237] type 00 class 0x060000 conventional PCI endpoint
[    0.704704] pci 0000:00:01.0: [8086:7000] type 00 class 0x060100 conventional PCI endpoint
[    0.706491] pci 0000:00:01.1: [8086:7010] type 00 class 0x010180 conventional PCI endpoint
[    0.707930] pci 0000:00:01.1: BAR 4 [io  0xc1c0-0xc1cf]
[    0.708151] pci 0000:00:01.1: BAR 0 [io  0x01f0-0x01f7]: legacy IDE quirk
[    0.709075] pci 0000:00:01.1: BAR 1 [io  0x03f6]: legacy IDE quirk
[    0.710075] pci 0000:00:01.1: BAR 2 [io  0x0170-0x0177]: legacy IDE quirk
[    0.711074] pci 0000:00:01.1: BAR 3 [io  0x0376]: legacy IDE quirk
[    0.712792] pci 0000:00:01.3: [8086:7113] type 00 class 0x068000 conventional PCI endpoint
[    0.713805] pci 0000:00:01.3: quirk: [io  0x0600-0x063f] claimed by PIIX4 ACPI
[    0.714103] pci 0000:00:01.3: quirk: [io  0x0700-0x070f] claimed by PIIX4 SMB
[    0.716105] pci 0000:00:02.0: [1af4:1009] type 00 class 0x000200 conventional PCI endpoint
[    0.718822] pci 0000:00:02.0: BAR 0 [io  0xc000-0xc03f]
[    0.719091] pci 0000:00:02.0: BAR 1 [mem 0xfebf8000-0xfebf8fff]
[    0.720137] pci 0000:00:02.0: BAR 4 [mem 0x380000000000-0x380000003fff 64bit pref]
[    0.724357] pci 0000:00:03.0: [8086:25ab] type 00 class 0x088000 conventional PCI endpoint
[    0.726054] pci 0000:00:03.0: BAR 0 [mem 0xfebf9000-0xfebf900f]
[    0.728712] pci 0000:00:04.0: [1af4:1003] type 00 class 0x078000 conventional PCI endpoint
[    0.730544] pci 0000:00:04.0: BAR 0 [io  0xc040-0xc07f]
[    0.731093] pci 0000:00:04.0: BAR 1 [mem 0xfebfa000-0xfebfafff]
[    0.732134] pci 0000:00:04.0: BAR 4 [mem 0x380000004000-0x380000007fff 64bit pref]
[    0.736360] pci 0000:00:05.0: [1af4:1003] type 00 class 0x078000 conventional PCI endpoint
[    0.738094] pci 0000:00:05.0: BAR 0 [io  0xc080-0xc0bf]
[    0.739089] pci 0000:00:05.0: BAR 1 [mem 0xfebfb000-0xfebfbfff]
[    0.740143] pci 0000:00:05.0: BAR 4 [mem 0x380000008000-0x38000000bfff 64bit pref]
[    0.744430] pci 0000:00:06.0: [1af4:1003] type 00 class 0x078000 conventional PCI endpoint
[    0.746091] pci 0000:00:06.0: BAR 0 [io  0xc0c0-0xc0ff]
[    0.747090] pci 0000:00:06.0: BAR 1 [mem 0xfebfc000-0xfebfcfff]
[    0.748136] pci 0000:00:06.0: BAR 4 [mem 0x38000000c000-0x38000000ffff 64bit pref]
[    0.752475] pci 0000:00:07.0: [1af4:1003] type 00 class 0x078000 conventional PCI endpoint
[    0.754093] pci 0000:00:07.0: BAR 0 [io  0xc100-0xc13f]
[    0.755090] pci 0000:00:07.0: BAR 1 [mem 0xfebfd000-0xfebfdfff]
[    0.756136] pci 0000:00:07.0: BAR 4 [mem 0x380000010000-0x380000013fff 64bit pref]
[    0.760357] pci 0000:00:08.0: [1af4:1003] type 00 class 0x078000 conventional PCI endpoint
[    0.762050] pci 0000:00:08.0: BAR 0 [io  0xc140-0xc17f]
[    0.762105] pci 0000:00:08.0: BAR 1 [mem 0xfebfe000-0xfebfefff]
[    0.763136] pci 0000:00:08.0: BAR 4 [mem 0x380000014000-0x380000017fff 64bit pref]
[    0.767325] pci 0000:00:09.0: [1af4:1003] type 00 class 0x078000 conventional PCI endpoint
[    0.769074] pci 0000:00:09.0: BAR 0 [io  0xc180-0xc1bf]
[    0.770092] pci 0000:00:09.0: BAR 1 [mem 0xfebff000-0xfebfffff]
[    0.771134] pci 0000:00:09.0: BAR 4 [mem 0x380000018000-0x38000001bfff 64bit pref]
[    0.780534] ACPI: PCI: Interrupt link LNKA configured for IRQ 10
[    0.781332] ACPI: PCI: Interrupt link LNKB configured for IRQ 10
[    0.782326] ACPI: PCI: Interrupt link LNKC configured for IRQ 11
[    0.783350] ACPI: PCI: Interrupt link LNKD configured for IRQ 11
[    0.784200] ACPI: PCI: Interrupt link LNKS configured for IRQ 9
[    0.787106] iommu: Default domain type: Translated
[    0.788075] iommu: DMA domain TLB invalidation policy: lazy mode
[    0.790468] SCSI subsystem initialized
[    0.791167] libata version 3.00 loaded.
[    0.792237] ACPI: bus type USB registered
[    0.793205] usbcore: registered new interface driver usbfs
[    0.794149] usbcore: registered new interface driver hub
[    0.795114] usbcore: registered new device driver usb
[    0.796266] pps_core: LinuxPPS API ver. 1 registered
[    0.797073] pps_core: Software ver. 5.3.6 - Copyright 2005-2007 Rodolfo Giometti <giometti@linux.it>
[    0.798102] PTP clock support registered
[    0.799578] Advanced Linux Sound Architecture Driver Initialized.
[    0.801335] NetLabel: Initializing
[    0.802075] NetLabel:  domain hash size = 128
[    0.803027] NetLabel:  protocols = UNLABELED CIPSOv4 CALIPSO
[    0.803125] NetLabel:  unlabeled traffic allowed by default
[    0.804402] PCI: Using ACPI for IRQ routing
[    0.805076] PCI: pci_cache_line_size set to 64 bytes
[    0.806435] e820: register RAM buffer resource [mem 0x0009fc00-0x0009ffff]
[    0.807076] e820: register RAM buffer resource [mem 0xbffe0000-0xbfffffff]
[    0.808190] vgaarb: loaded
[    0.808873] hpet0: at MMIO 0xfed00000, IRQs 2, 8, 0
[    0.809102] hpet0: 3 comparators, 64-bit 100.000000 MHz counter
[    0.809078] Callback from call_rcu_tasks() invoked.
[    0.812571] clocksource: Switched to clocksource kvm-clock
[    0.814647] VFS: Disk quotas dquot_6.6.0
[    0.815594] VFS: Dquot-cache hash table entries: 512 (4096 bytes)
[    0.818203] pnp: PnP ACPI init
[    0.819425] pnp 00:02: [dma 2]
[    0.821159] pnp: PnP ACPI: found 4 devices
[    0.839233] clocksource: acpi_pm: mask: 0xffffff max_cycles: 0xffffff, max_idle_ns: 2085701024 ns
[    0.841423] NET: Registered PF_INET protocol family
[    0.843927] IP idents hash table entries: 65536 (order: 7, 524288 bytes, linear)
[    0.846638] tcp_listen_portaddr_hash hash table entries: 2048 (order: 6, 147456 bytes, linear)
[    0.850251] Table-perturb hash table entries: 65536 (order: 6, 262144 bytes, linear)
[    0.851991] TCP established hash table entries: 32768 (order: 6, 262144 bytes, linear)
[    0.854373] TCP bind hash table entries: 32768 (order: 11, 4718592 bytes, vmalloc hugepage)
[    0.868507] TCP: Hash tables configured (established 32768 bind 32768)
[    0.871926] MPTCP token hash table entries: 4096 (order: 7, 360448 bytes, linear)
[    0.873727] UDP hash table entries: 2048 (order: 7, 524288 bytes, linear)
[    0.876775] NET: Registered PF_UNIX/PF_LOCAL protocol family
[    0.879175] RPC: Registered named UNIX socket transport module.
[    0.880539] RPC: Registered udp transport module.
[    0.881584] RPC: Registered tcp transport module.
[    0.882739] RPC: Registered tcp-with-tls transport module.
[    0.883931] RPC: Registered tcp NFSv4.1 backchannel transport module.
[    0.886335] NET: Registered PF_XDP protocol family
[    0.887642] pci_bus 0000:00: resource 4 [io  0x0000-0x0cf7 window]
[    0.889379] pci_bus 0000:00: resource 5 [io  0x0d00-0xffff window]
[    0.890754] pci_bus 0000:00: resource 6 [mem 0x000a0000-0x000bffff window]
[    0.892232] pci_bus 0000:00: resource 7 [mem 0xc0000000-0xfebfffff window]
[    0.893711] pci_bus 0000:00: resource 8 [mem 0x380000000000-0x38007fffffff window]
[    0.895489] pci 0000:00:01.0: PIIX3: Enabling Passive Release
[    0.896737] pci 0000:00:00.0: Limiting direct PCI/PCI transfers
[    0.898186] PCI: CLS 0 bytes, default 64
[    0.899162] PCI-DMA: Using software bounce buffering for IO (SWIOTLB)
[    0.900526] software IO TLB: mapped [mem 0x00000000bbfe0000-0x00000000bffe0000] (64MB)
[    0.903481] clocksource: tsc: mask: 0xffffffffffffffff max_cycles: 0x31027285e94, max_idle_ns: 440795238296 ns
[    0.914243] Initialise system trusted keyrings
[    0.915619] workingset: timestamp_bits=40 (anon: 35) max_order=20 bucket_order=0 (anon: 0)
[    0.918418] squashfs: version 4.0 (2009/01/31) Phillip Lougher
[    0.920450] NFS: Registering the id_resolver key type
[    0.921772] Key type id_resolver registered
[    0.922742] Key type id_legacy registered
[    0.923590] nfs4filelayout_init: NFSv4 File Layout Driver Registering...
[    0.925072] nfs4flexfilelayout_init: NFSv4 Flexfile Layout Driver Registering...
[    0.926893] fuse: init (API version 7.45)
[    0.928099] 9p: Installing v9fs 9p2000 file system support
[    0.931227] NET: Registered PF_ALG protocol family
[    0.932315] Key type asymmetric registered
[    0.933215] Asymmetric key parser 'x509' registered
[    0.934395] Block layer SCSI generic (bsg) driver version 0.4 loaded (major 248)
[    0.936543] io scheduler mq-deadline registered
[    0.937771] io scheduler kyber registered
[    0.940357] input: Power Button as /devices/platform/LNXPWRBN:00/input/input0
[    0.942164] ACPI: button: Power Button [PWRF]
[    1.067293] ACPI: \_SB_.LNKB: Enabled at IRQ 10
[    1.190592] ACPI: \_SB_.LNKD: Enabled at IRQ 11
[    1.313111] ACPI: \_SB_.LNKA: Enabled at IRQ 10
[    1.473837] kwatchdog (97) used greatest stack depth: 14776 bytes left
[    1.557772] ACPI: \_SB_.LNKC: Enabled at IRQ 11
[    1.803488] Serial: 8250/16550 driver, 4 ports, IRQ sharing enabled
[    1.805985] 00:03: ttyS0 at I/O 0x3f8 (irq = 4, base_baud = 115200) is a 16550A
[    1.950374] Non-volatile memory driver v1.3
[    1.952202] ACPI: bus type drm_connector registered
[    1.974249] brd: module loaded
[    1.987772] loop: module loaded
[    1.992736] scsi host0: ata_piix
[    1.994370] scsi host1: ata_piix
[    1.995297] ata1: PATA max MWDMA2 cmd 0x1f0 ctl 0x3f6 bmdma 0xc1c0 irq 14 lpm-pol 0
[    1.996758] ata2: PATA max MWDMA2 cmd 0x170 ctl 0x376 bmdma 0xc1c8 irq 15 lpm-pol 0
[    2.002604] tun: Universal TUN/TAP device driver, 1.6
[    2.004103] e100: Intel(R) PRO/100 Network Driver
[    2.005039] e100: Copyright(c) 1999-2006 Intel Corporation
[    2.006200] e1000: Intel(R) PRO/1000 Network Driver
[    2.007138] e1000: Copyright (c) 1999-2006 Intel Corporation.
[    2.008344] e1000e: Intel(R) PRO/1000 Network Driver
[    2.009339] e1000e: Copyright(c) 1999 - 2015 Intel Corporation.
[    2.010579] sky2: driver version 1.30
[    2.012451] usbcore: registered new interface driver usblp
[    2.013614] usbcore: registered new interface driver usb-storage
[    2.014923] i8042: PNP: PS/2 Controller [PNP0303:KBD,PNP0f13:MOU] at 0x60,0x64 irq 1,12
[    2.017876] serio: i8042 KBD port at 0x60,0x64 irq 1
[    2.019252] serio: i8042 AUX port at 0x60,0x64 irq 12
[    2.021323] rtc_cmos PNP0B00:00: RTC can wake from S4
[    2.024670] input: AT Translated Set 2 keyboard as /devices/platform/i8042/serio0/input/input1
[    2.027278] rtc_cmos PNP0B00:00: registered as rtc0
[    2.028651] rtc_cmos PNP0B00:00: alarms up to one day, y3k, 242 bytes nvram, hpet irqs
[    2.031539] Registered IR keymap rc-empty
[    2.033301] rc rc0: rc-core loopback device as /devices/virtual/rc/rc0
[    2.035915] rc rc0: lirc_dev: driver rc-loopback registered at minor = 0, raw IR receiver, raw IR transmitter
[    2.038319] input: rc-core loopback device as /devices/virtual/rc/rc0/input4
[    2.041099] intel_powerclamp: CPU does not support MWAIT
[    2.042501] device-mapper: core: CONFIG_IMA_DISABLE_HTABLE is disabled. Duplicate IMA measurements will not be recorded in the IMA log.
[    2.045446] device-mapper: ioctl: 4.50.0-ioctl (2025-04-28) initialised: dm-devel@lists.linux.dev
[    2.047463] amd_pstate: the _CPC object is not present in SBIOS or ACPI disabled
[    2.049992] hid: raw HID events driver (C) Jiri Kosina
[    2.052932] usbcore: registered new interface driver usbhid
[    2.054229] usbhid: USB HID core driver
[    2.056302] GACT probability NOT on
[    2.057184] Mirror/redirect action on
[    2.059335] nf_conntrack_irc: The irc conntrack helper is scheduled for removal.
[    2.059335] Please contact the netfilter-devel mailing list if you still need this.
[    2.064370] ipip: IPv4 and MPLS over IPv4 tunneling driver
[    2.066357] gre: GRE over IPv4 demultiplexer driver
[    2.067463] ip_gre: GRE over IPv4 tunneling driver
[    2.071026] Initializing XFRM netlink socket
[    2.072021] IPsec XFRM device driver
[    2.072937] NET: Registered PF_INET6 protocol family
[    2.076228] Segment Routing with IPv6
[    2.077081] In-situ OAM (IOAM) with IPv6
[    2.078020] mip6: Mobile IPv6
[    2.078763] sit: IPv6, IPv4 and MPLS over IPv4 tunneling driver
[    2.081592] ip6_gre: GRE over IPv6 tunneling driver
[    2.083605] NET: Registered PF_PACKET protocol family
[    2.084833] RPC: Registered rdma transport module.
[    2.085914] RPC: Registered rdma backchannel transport module.
[    2.087630] 8021q: 802.1Q VLAN Support v1.8
[    2.089304] smc: adding smcd device lo without pnetid
[    2.090825] NET: Registered PF_SMC protocol family
[    2.092367] 9pnet: Installing 9P2000 support
[    2.095012] Key type dns_resolver registered
[    2.096227] NET: Registered PF_VSOCK protocol family
[    2.097453] mpls_gso: MPLS GSO support
[    2.101907] IPI shorthand broadcast: enabled
[    2.146504] sched_clock: Marking stable (2121016134, 24688664)->(2247408770, -101703972)
[    2.150138] registered taskstats version 1
[    2.152047] ata2: found unknown device (class 0)
[    2.154613] ata2.00: ATAPI: QEMU DVD-ROM, 2.5+, max UDMA/100
[    2.158514] scsi 1:0:0:0: CD-ROM            QEMU     QEMU DVD-ROM     2.5+ PQ: 0 ANSI: 5
[    2.167611] Loading compiled-in X.509 certificates
[    2.169203] kworker/u32:1 (117) used greatest stack depth: 14152 bytes left
[    2.170415] Loaded X.509 cert 'Build time autogenerated kernel key: c4531344b9a9c1a4731230d977a262ba29ba5272'
[    2.196730] sr 1:0:0:0: [sr0] scsi3-mmc drive: 4x/4x cd/rw xa/form2 tray
[    2.210870] Demotion targets for Node 0: null
[    2.212490] ima: No TPM chip found, activating TPM-bypass!
[    2.213815] ima: Allocated hash algorithm: sha1
[    2.214964] ima: No architecture policies found
[    2.217318] PM:   Magic number: 6:529:503
[    2.218366] netconsole: network logging started
[    2.220098] cfg80211: Loading compiled-in X.509 certificates for regulatory database
[    2.222952] Loaded X.509 cert 'sforshee: 00b28ddf47aef9cea7'
[    2.223757] cdrom: Uniform CD-ROM driver Revision: 3.20
[    2.224647] Loaded X.509 cert 'wens: 61c038651aabdcf94bd0ac7ff06c7248db18c600'
[    2.227967] ALSA device list:
[    2.229075] faux_driver regulatory: Direct firmware load for regulatory.db failed with error -2
[    2.229765]   No soundcards found.
[    2.231086] cfg80211: failed to load regulatory.db
[    2.238843] sr 1:0:0:0: Attached scsi CD-ROM sr0
[    2.240415] sr 1:0:0:0: Attached scsi generic sg0 type 5
[    2.451162] input: ImExPS/2 Generic Explorer Mouse as /devices/platform/i8042/serio1/input/input3
[    2.452900] md: Skipping autodetection of RAID arrays. (raid=autodetect will force)
[    2.454268] 9p: Bad value for 'source'
[    2.454907] 9pnet: Limiting 'msize' to 512000 as this is the maximum supported by transport virtio
[    2.458236] VFS: Mounted root (9p filesystem) on device 0:22.
[    2.460045] devtmpfs: mounted
[    2.460651] VFS: Pivoted into new rootfs
[    2.465848] Freeing unused kernel image (initmem) memory: 4668K
[    2.466787] Write protecting the kernel read-only data: 45056k
[    2.468669] Freeing unused kernel image (text/rodata gap) memory: 984K
[    2.470124] Freeing unused kernel image (rodata/data gap) memory: 400K
[    2.507605] x86/mm: Checked W+X mappings: passed, no W+X pages found.
[    2.508532] Run /home/prozak/.local/share/vng-venv/lib/python3.12/site-packages/virtme/guest/bin/virtme-ng-init as init process
[    2.510110]   with arguments:
[    2.510553]     /home/prozak/.local/share/vng-venv/lib/python3.12/site-packages/virtme/guest/bin/virtme-ng-init
[    2.511898]   with environment:
[    2.512361]     HOME=/
[    2.512725]     TERM=linux
[    2.513109]     virtme_hostname=virtme-ng
[    2.513656]     nr_open=1048576
[    2.514163]     virtme_link_mods=/home/prozak/sources/heimdall_experiment/uml-harness/.build/bpf-next-x86/.virtme_mods/lib/modules/0.0.0
[    2.515820]     virtme_rw_overlay0=/tmp
[    2.516371]     virtme_console=ttyS0
[    2.516893]     virtme_chdir=home/prozak/sources/heimdall_experiment/uml-harness/.build/selftests-output-qemu
[    2.604502] virtme-ng-init: mount devtmpfs -> /dev: EBUSY: Device or resource busy
[    2.606558] virtme-ng-init: Setting hostname to virtme-ng...
[    2.646202] virtme-ng-init: running systemd-tmpfiles
[    3.825738] systemd-tmpfile (126) used greatest stack depth: 12504 bytes left
[    3.825831] virtme-ng-init: basic initialization done
[    3.843437] virtme-ng-init: error creating file: Permission denied (os error 13)
[    3.941908] ip (132) used greatest stack depth: 11848 bytes left
[    4.062570] virtme-ng-init: Starting systemd-udevd version 255.4-1ubuntu8.16
[    4.064730] virtme-ng-init: triggering udev coldplug
[    7.028159] virtme-ng-init: waiting for udev to settle
[    7.771647] virtme-ng-init: udev is done
[    7.776175] virtme-ng-init: starting script
[    8.065337] bpf_testmod: loading out-of-tree module taints kernel.
[    8.066184] bpf_testmod: module verification failed: signature and/or required key missing - tainting kernel
[   13.301402] smc: removing smcd device lo
[   13.369158] ACPI: PM: Preparing to enter system sleep state S5
[   13.370413] reboot: Power down
