#132     fib_lookup:OK
#133     fib_lookup_vlan_netns:OK
#134     fib_lookup_vlan_redirect:OK
Summary: 3/0 PASSED, 0 SKIPPED, 0/0 FAILED
00000000015e146f
output: 0x0000000001000000
output_len: 0x00000000045bc6c4
kernel_total_size: 0x0000000004f85000
needed_size: 0x0000000005000000
trampoline_32bit: 0x0000000000000000
Physical KASLR using RDRAND RDTSC...
Virtual KASLR using RDRAND RDTSC...

Decompressing Linux... Parsing ELF... Performing relocations... done.
Booting the kernel (entry_offset: 0x0000000003db96f0).
[    0.000000] Linux version 7.2.0-g0f783f853d0e (prozak@powertower) (gcc (Ubuntu 13.3.0-6ubuntu2~24.04.1) 13.3.0, GNU ld (GNU Binutils for Ubuntu) 2.42) #4 SMP PREEMPT_DYNAMIC Sat Sep  5 08:44:19 PDT 2026
[    0.000000] Command line: virtme_hostname=virtme-ng nr_open=1048576 virtme_link_mods=/home/prozak/sources/heimdall_experiment/uml-harness/.build/bpf-next-x86/.virtme_mods/lib/modules/0.0.0 virtme_rw_overlay0=/tmp virtme_console=ttyS0 console=ttyS0 earlyprintk=serial,ttyS0,115200 panic=-1 virtme.exec=`bW91bnQgLXQgYnBmIGJwZmZzIC9zeXMvZnMvYnBmIDI+L2Rldi9udWxsOyAuL3Rlc3RfcHJvZ3MgLXQgJ2ZpYl9sb29rdXAsZmliX2xvb2t1cF92bGFuX25ldG5zLGZpYl9sb29rdXBfdmxhbl9yZWRpcmVjdCc=` virtme_chdir=home/prozak/sources/heimdall_experiment/uml-harness/.build/selftests-output-qemu-lane4 rootfstype=9p rootflags=version=9p2000.L,trans=virtio,access=any,msize=524288 raid=noautodetect rw debug init=/home/prozak/.local/share/vng-venv/lib/python3.12/site-packages/virtme/guest/bin/virtme-ng-init
[    0.000000] x86 CPU feature dependency check failure: CPU0 has '18*32+31' enabled but '18*32+26' disabled. Kernel might be fine, but no guarantees.
[    0.000000] BIOS-provided physical RAM map:
[    0.000000] BIOS-e820: [mem 0x0000000000000000-0x000000000009fbff]  System RAM
[    0.000000] BIOS-e820: [mem 0x000000000009fc00-0x000000000009ffff]  device reserved
[    0.000000] BIOS-e820: [gap 0x00000000000a0000-0x00000000000effff]
[    0.000000] BIOS-e820: [mem 0x00000000000f0000-0x00000000000fffff]  device reserved
[    0.000000] BIOS-e820: [mem 0x0000000000100000-0x00000000bffdffff]  System RAM
[    0.000000] BIOS-e820: [mem 0x00000000bffe0000-0x00000000bfffffff]  device reserved
[    0.000000] BIOS-e820: [gap 0x00000000c0000000-0x00000000feffbfff]
[    0.000000] BIOS-e820: [mem 0x00000000feffc000-0x00000000feffffff]  device reserved
[    0.000000] BIOS-e820: [gap 0x00000000ff000000-0x00000000fffbffff]
[    0.000000] BIOS-e820: [mem 0x00000000fffc0000-0x00000000ffffffff]  device reserved
[    0.000000] BIOS-e820: [mem 0x0000000100000000-0x000000013fffffff]  System RAM
[    0.000000] BIOS-e820: [gap 0x0000000140000000-0x000000fcffffffff]
[    0.000000] BIOS-e820: [mem 0x000000fd00000000-0x000000ffffffffff]  device reserved
[    0.000000] printk: legacy bootconsole [earlyser0] enabled
[    0.000000] NX (Execute Disable) protection: active
[    0.000000] APIC: Static calls initialized
[    0.000000] DMI: SMBIOS 3.0.0 present.
[    0.000000] DMI: QEMU Ubuntu 24.04 PC v2 (i440FX + PIIX, arch_caps fix, 1996), BIOS 1.16.3-debian-1.16.3-2 04/01/2014
[    0.000000] DMI: Memory slots populated: 1/1
[    0.000000] Hypervisor detected: KVM
[    0.000000] last_pfn = 0xbffe0 max_arch_pfn = 0x400000000
[    0.000000] kvm-clock: Using msrs 4b564d01 and 4b564d00
[    0.000002] kvm-clock: using sched offset of 288713028 cycles
[    0.001007] clocksource: kvm-clock: mask: 0xffffffffffffffff max_cycles: 0x1cd42e4dffb, max_idle_ns: 881590591483 ns
[    0.004242] tsc: Detected 3400.040 MHz processor
[    0.005529] e820: update [mem 0x00000000-0x00000fff] System RAM ==> device reserved
[    0.007077] e820: remove [mem 0x000a0000-0x000fffff] System RAM
[    0.008318] last_pfn = 0x140000 max_arch_pfn = 0x400000000
[    0.009502] MTRR map: 4 entries (3 fixed + 1 variable; max 19), built from 8 variable MTRRs
[    0.011174] x86/PAT: Configuration [0-7]: WB  WC  UC- UC  WB  WP  UC- WT  
Memory KASLR using RDRAND RDTSC...
[    0.013397] last_pfn = 0xbffe0 max_arch_pfn = 0x400000000
[    0.015851] found SMP MP-table at [mem 0x000f5450-0x000f545f]
[    0.016986] Using GB pages for direct mapping
[    0.019071] ACPI: Early table checksum verification disabled
[    0.020230] ACPI: RSDP 0x00000000000F5240 000014 (v00 BOCHS )
[    0.021353] ACPI: RSDT 0x00000000BFFE1D9D 000034 (v01 BOCHS  BXPC     00000001 BXPC 00000001)
[    0.023012] ACPI: FACP 0x00000000BFFE1C39 000074 (v01 BOCHS  BXPC     00000001 BXPC 00000001)
[    0.024738] ACPI: DSDT 0x00000000BFFE0040 001BF9 (v01 BOCHS  BXPC     00000001 BXPC 00000001)
[    0.026394] ACPI: FACS 0x00000000BFFE0000 000040
[    0.027306] ACPI: APIC 0x00000000BFFE1CAD 000090 (v03 BOCHS  BXPC     00000001 BXPC 00000001)
[    0.028995] ACPI: HPET 0x00000000BFFE1D3D 000038 (v01 BOCHS  BXPC     00000001 BXPC 00000001)
[    0.030652] ACPI: WAET 0x00000000BFFE1D75 000028 (v01 BOCHS  BXPC     00000001 BXPC 00000001)
[    0.032359] ACPI: Reserving FACP table memory at [mem 0xbffe1c39-0xbffe1cac]
[    0.033735] ACPI: Reserving DSDT table memory at [mem 0xbffe0040-0xbffe1c38]
[    0.035113] ACPI: Reserving FACS table memory at [mem 0xbffe0000-0xbffe003f]
[    0.036519] ACPI: Reserving APIC table memory at [mem 0xbffe1cad-0xbffe1d3c]
[    0.037915] ACPI: Reserving HPET table memory at [mem 0xbffe1d3d-0xbffe1d74]
[    0.039293] ACPI: Reserving WAET table memory at [mem 0xbffe1d75-0xbffe1d9c]
[    0.041210] No NUMA configuration found
[    0.041995] Faking a node at [mem 0x0000000000000000-0x000000013fffffff]
[    0.043309] NODE_DATA(0) allocated [mem 0x13fff9c80-0x13fffdfff]
[    0.045422] ACPI: PM-Timer IO Port: 0x608
[    0.046253] ACPI: LAPIC_NMI (acpi_id[0xff] dfl dfl lint[0x1])
[    0.047464] IOAPIC[0]: apic_id 0, version 17, address 0xfec00000, GSI 0-23
[    0.048826] ACPI: INT_SRC_OVR (bus 0 bus_irq 0 global_irq 2 dfl dfl)
[    0.050074] ACPI: INT_SRC_OVR (bus 0 bus_irq 5 global_irq 5 high level)
[    0.051405] ACPI: INT_SRC_OVR (bus 0 bus_irq 9 global_irq 9 high level)
[    0.052705] ACPI: INT_SRC_OVR (bus 0 bus_irq 10 global_irq 10 high level)
[    0.054044] ACPI: INT_SRC_OVR (bus 0 bus_irq 11 global_irq 11 high level)
[    0.055398] ACPI: Using ACPI (MADT) for SMP configuration information
[    0.056709] ACPI: HPET id: 0x8086a201 base: 0xfed00000
[    0.057706] TSC deadline timer available
[    0.058483] CPU topo: Max. logical packages:   1
[    0.059419] CPU topo: Max. logical nodes:      1
[    0.060348] CPU topo: Num. nodes per package:  1
[    0.061237] CPU topo: Max. logical dies:       1
[    0.062146] CPU topo: Max. dies per package:   1
[    0.063036] CPU topo: Max. threads per core:   1
[    0.063990] CPU topo: Num. cores per package:     4
[    0.064957] CPU topo: Num. threads per package:   4
[    0.065902] CPU topo: Allowing 4 present CPUs plus 0 hotplug CPUs
[    0.067133] kvm-guest: APIC: eoi() replaced with kvm_guest_apic_eoi_write()
[    0.068575] kvm-guest: KVM setup pv remote TLB flush
[    0.069597] kvm-guest: setup PV sched yield
[    0.070456] PM: hibernation: Registered nosave memory: [mem 0x00000000-0x00000fff]
[    0.072044] PM: hibernation: Registered nosave memory: [mem 0x0009f000-0x000fffff]
[    0.073527] PM: hibernation: Registered nosave memory: [mem 0xbffe0000-0xffffffff]
[    0.075015] [gap 0xc0000000-0xfeffbfff] available for PCI devices
[    0.076261] Booting paravirtualized kernel on KVM
[    0.077173] clocksource: refined-jiffies: mask: 0xffffffff max_cycles: 0xffffffff, max_idle_ns: 1910969940391419 ns
[    0.084286] Zone ranges:
[    0.084792]   DMA      [mem 0x0000000000001000-0x0000000000ffffff]
[    0.086009]   DMA32    [mem 0x0000000001000000-0x00000000ffffffff]
[    0.087240]   Normal   [mem 0x0000000100000000-0x000000013fffffff]
[    0.088472] Movable zone start for each node
[    0.089299] Early memory node ranges
[    0.090005]   node   0: [mem 0x0000000000001000-0x000000000009efff]
[    0.091226]   node   0: [mem 0x0000000000100000-0x00000000bffdffff]
[    0.092523]   node   0: [mem 0x0000000100000000-0x000000013fffffff]
[    0.093739] Initmem setup node 0 [mem 0x0000000000001000-0x000000013fffffff]
[    0.096256] On node 0, zone DMA: 1 pages in unavailable ranges
[    0.097451] On node 0, zone DMA: 97 pages in unavailable ranges
[    0.136946] On node 0, zone Normal: 32 pages in unavailable ranges
[    0.138269] setup_percpu: NR_CPUS:128 nr_cpumask_bits:4 nr_cpu_ids:4 nr_node_ids:1
[    0.140997] percpu: Embedded 58 pages/cpu s200144 r8192 d29232 u524288
[    0.142333] pcpu-alloc: s200144 r8192 d29232 u524288 alloc=1*2097152
[    0.143624] pcpu-alloc: [0] 0 1 2 3 
[    0.144389] Kernel command line: virtme_hostname=virtme-ng nr_open=1048576 virtme_link_mods=/home/prozak/sources/heimdall_experiment/uml-harness/.build/bpf-next-x86/.virtme_mods/lib/modules/0.0.0 virtme_rw_overlay0=/tmp virtme_console=ttyS0 console=ttyS0 earlyprintk=serial,ttyS0,115200 panic=-1 virtme.exec=`bW91bnQgLXQgYnBmIGJwZmZzIC9zeXMvZnMvYnBmIDI+L2Rldi9udWxsOyAuL3Rlc3RfcHJvZ3MgLXQgJ2ZpYl9sb29rdXAsZmliX2xvb2t1cF92bGFuX25ldG5zLGZpYl9sb29rdXBfdmxhbl9yZWRpcmVjdCc=` virtme_chdir=home/prozak/sources/heimdall_experiment/uml-harness/.build/selftests-output-qemu-lane4 rootfstype=9p rootflags=version=9p2000.L,trans=virtio,access=any,msize=524288 raid=noautodetect rw debug init=/home/prozak/.local/share/vng-venv/lib/python3.12/site-packages/virtme/guest/bin/virtme-ng-init
[    0.158162] Unknown kernel command line parameters "virtme_hostname=virtme-ng nr_open=1048576 virtme_link_mods=/home/prozak/sources/heimdall_experiment/uml-harness/.build/bpf-next-x86/.virtme_mods/lib/modules/0.0.0 virtme_rw_overlay0=/tmp virtme_console=ttyS0 virtme_chdir=home/prozak/sources/heimdall_experiment/uml-harness/.build/selftests-output-qemu-lane4", will be passed to user space.
[    0.165088] random: crng init done
[    0.165772] printk: log buffer data + meta data: 2097152 + 7340032 = 9437184 bytes
[    0.169429] Dentry cache hash table entries: 524288 (order: 10, 4194304 bytes, linear)
[    0.172175] Inode-cache hash table entries: 262144 (order: 9, 2097152 bytes, linear)
[    0.173817] software IO TLB: area num 4.
[    0.226709] Fallback order for Node 0: 0 
[    0.226728] Built 1 zonelists, mobility grouping on.  Total pages: 1048446
[    0.229775] Policy zone: Normal
[    0.230404] mem auto-init: stack:all(zero), heap alloc:off, heap free:off
[    0.246723] SLUB: HWalign=64, Order=0-3, MinObjects=0, CPUs=4, Nodes=1
Poking KASLR using RDRAND RDTSC...
[    0.268651] ftrace: allocating 70083 entries in 276 pages
[    0.269784] ftrace: allocated 276 pages with 3 groups
[    0.270882] Dynamic Preempt: full
[    0.272660] Running RCU self tests
[    0.273378] Running RCU synchronous self tests
[    0.274264] rcu: Preemptible hierarchical RCU implementation.
[    0.275484] rcu: 	RCU event tracing is enabled.
[    0.276368] rcu: 	RCU lockdep checking is enabled.
[    0.277360] rcu: 	RCU restricting CPUs from NR_CPUS=128 to nr_cpu_ids=4.
[    0.278699] 	Trampoline variant of Tasks RCU enabled.
[    0.279884] 	Rude variant of Tasks RCU enabled.
[    0.281981] 	Tracing variant of Tasks RCU enabled.
[    0.285412] rcu: RCU calculated value of scheduler-enlistment delay is 100 jiffies.
[    0.289113] rcu: Adjusting geometry for rcu_fanout_leaf=16, nr_cpu_ids=4
[    0.298570] Running RCU synchronous self tests
[    0.300293] RCU Tasks: Setting shift to 2 and lim to 1 rcu_task_cb_adjust=1 rcu_task_cpu_ids=4.
[    0.302876] RCU Tasks Rude: Setting shift to 2 and lim to 1 rcu_task_cb_adjust=1 rcu_task_cpu_ids=4.
[    0.315273] NR_IRQS: 8448, nr_irqs: 456, preallocated irqs: 16
[    0.316833] rcu: srcu_init: Setting srcu_struct sizes based on contention.
[    0.318207] clocksource: jiffies: mask: 0xffffffff max_cycles: 0xffffffff, max_idle_ns: 1911260446275000 ns
[    0.324947] Console: colour *CGA 80x25
[    0.325773] printk: legacy console [ttyS0] enabled
[    0.325773] printk: legacy console [ttyS0] enabled
[    0.327792] printk: legacy bootconsole [earlyser0] disabled
[    0.327792] printk: legacy bootconsole [earlyser0] disabled
[    0.330402] Lock dependency validator: Copyright (c) 2006 Red Hat, Inc., Ingo Molnar
[    0.332769] ... MAX_LOCKDEP_SUBCLASSES:  8
[    0.333962] ... MAX_LOCK_DEPTH:          48
[    0.334988] ... MAX_LOCKDEP_KEYS:        8192
[    0.336362] ... CLASSHASH_SIZE:          4096
[    0.337816] ... MAX_LOCKDEP_ENTRIES:     32768
[    0.339390] ... MAX_LOCKDEP_CHAINS:      65536
[    0.340716] ... CHAINHASH_SIZE:          32768
[    0.342097]  memory used by lock dependency info: 6429 kB
[    0.343768]  memory used for stack traces: 4224 kB
[    0.345220]  per task-struct memory footprint: 1920 bytes
[    0.347126] ACPI: Core revision 20260408
[    0.348810] clocksource: hpet: mask: 0xffffffff max_cycles: 0xffffffff, max_idle_ns: 19112604467 ns
[    0.352120] APIC: Switch to symmetric I/O mode setup
[    0.354898] x2apic enabled
[    0.357185] APIC: Switched APIC routing to: physical x2apic
[    0.358884] kvm-guest: APIC: send_IPI_mask() replaced with kvm_send_ipi_mask()
[    0.361633] kvm-guest: APIC: send_IPI_mask_allbutself() replaced with kvm_send_ipi_mask_allbutself()
[    0.365000] kvm-guest: setup PV IPIs
[    0.369807] ..TIMER: vector=0x30 apic1=0 pin1=2 apic2=-1 pin2=-1
[    0.371365] clocksource: tsc-early: mask: 0xffffffffffffffff max_cycles: 0x310274de655, max_idle_ns: 440795359465 ns
[    0.373805] Calibrating delay loop (skipped) preset value.. 6800.08 BogoMIPS (lpj=3400040)
[    0.376123] x86/cpu: User Mode Instruction Prevention (UMIP) activated
[    0.378189] Last level iTLB entries: 4KB 512, 2MB 255, 4MB 127
[    0.378799] Last level dTLB entries: 4KB 512, 2MB 255, 4MB 127, 1GB 0
[    0.379842] mitigations: Enabled attack vectors: user_kernel, user_user, SMT mitigations: auto
[    0.380798] Speculative Store Bypass: Mitigation: Speculative Store Bypass disabled via prctl
[    0.381801] Speculative Return Stack Overflow: IBPB-extending microcode not applied!
[    0.382797] Speculative Return Stack Overflow: WARNING: See https://kernel.org/doc/html/latest/admin-guide/hw-vuln/srso.html for mitigation options.
[    0.382799] Transient Scheduler Attacks: Vulnerable: No microcode
[    0.384798] Spectre V2 : Mitigation: Retpolines
[    0.385799] Speculative Return Stack Overflow: Vulnerable: Safe RET, no microcode
[    0.386798] Spectre V1 : Mitigation: usercopy/swapgs barriers and __user pointer sanitization
[    0.387798] Spectre V2 : Spectre v2 / SpectreRSB: Filling RSB on context switch and VMEXIT
[    0.388795] Spectre V2 : Enabling Restricted Speculation for firmware calls
[    0.388802] Spectre V2 : mitigation: Enabling conditional Indirect Branch Prediction Barrier
[    0.389798] active return thunk: srso_alias_return_thunk
[    0.390878] x86/fpu: Supporting XSAVE feature 0x001: 'x87 floating point registers'
[    0.391798] x86/fpu: Supporting XSAVE feature 0x002: 'SSE registers'
[    0.392798] x86/fpu: Supporting XSAVE feature 0x004: 'AVX registers'
[    0.393798] x86/fpu: xstate_offset[2]:  576, xstate_sizes[2]:  256
[    0.394798] x86/fpu: Enabled xstate features 0x7, context size is 832 bytes, using 'compacted' format.
[    0.436673] pid_max: default: 32768 minimum: 301
[    0.437428] SELinux:  Initializing.
[    0.440243] LSM support for eBPF active
[    0.441092] Mount-cache hash table entries: 8192 (order: 4, 65536 bytes, linear)
[    0.441824] Mountpoint-cache hash table entries: 8192 (order: 4, 65536 bytes, linear)
[    0.445662] VFS: Finished mounting rootfs on nullfs
[    0.447929] Running RCU synchronous self tests
[    0.448795] Running RCU synchronous self tests
[    0.449231] smpboot: CPU0: AMD Ryzen 9 5950X 16-Core Processor (family: 0x19, model: 0x21, stepping: 0x2)
[    0.450567] Performance Events: Fam17h+ core perfctr, AMD PMU driver.
[    0.450825] ... version:                   0
[    0.451806] ... bit width:                 48
[    0.452806] ... generic counters:          6
[    0.453804] ... generic bitmap:            000000000000003f
[    0.454805] ... fixed-purpose counters:    0
[    0.455806] ... fixed-purpose bitmap:      0000000000000000
[    0.456803] ... value mask:                0000ffffffffffff
[    0.457806] ... max period:                00007fffffffffff
[    0.458807] ... global_ctrl mask:          000000000000003f
[    0.460223] signal: max sigframe size: 1776
[    0.460985] rcu: Hierarchical SRCU implementation.
[    0.461805] rcu: 	Max phase no-delay instances is 400.
[    0.463068] Timer migration: 1 hierarchy levels; 8 children per group; 1 crossnode level
[    0.477846] smp: Bringing up secondary CPUs ...
[    0.479422] smpboot: x86: Booting SMP configuration:
[    0.479820] .... node  #0, CPUs:      #1 #2 #3
[    0.488154] smp: Brought up 1 node, 4 CPUs
[    0.489819] smpboot: Total of 4 processors activated (27200.32 BogoMIPS)
[    0.492275] Memory: 3966616K/4193784K available (25781K kernel code, 10327K rwdata, 18304K rodata, 4688K init, 13400K bss, 220948K reserved, 0K cma-reserved)
[    0.495063] devtmpfs: initialized
[    0.498240] Running RCU synchronous self tests
[    0.498830] Running RCU synchronous self tests
[    0.499910] Running RCU Tasks wait API self tests
[    0.500864] Running RCU Tasks Rude wait API self tests
[    0.501807] Running RCU Tasks Trace wait API self tests
[    0.502944] posixtimers hash table entries: 2048 (order: 6, 147456 bytes, linear)
[    0.503903] futex hash table entries: 1024 (131072 bytes on 1 NUMA nodes, total 128 KiB, linear).
[    0.505757] PM: RTC time: 17:44:44, date: 2026-09-05
[    0.507215] NET: Registered PF_NETLINK/PF_ROUTE protocol family
[    0.507852] Callback from call_rcu_tasks_trace() invoked.
[    0.509850] audit: initializing netlink subsys (disabled)
[    0.510859] audit: type=2000 audit(1788630285.172:1): state=initialized audit_enabled=0 res=1
[    0.532126] thermal_sys: Registered thermal governor 'step_wise'
[    0.532292] cpuidle: using governor ladder
[    0.533852] cpuidle: using governor menu
[    0.537511] PCI: Using configuration type 1 for base access
[    0.537806] PCI: Using configuration type 1 for extended access
[    0.538955] kprobes: kprobe jump-optimization is enabled. All kprobes are optimized if possible.
[    0.540943] HugeTLB: registered 1.00 GiB page size, pre-allocated 0 pages
[    0.542820] HugeTLB: 16380 KiB vmemmap can be freed for a 1.00 GiB page
[    0.543810] HugeTLB: registered 2.00 MiB page size, pre-allocated 0 pages
[    0.545809] HugeTLB: 28 KiB vmemmap can be freed for a 2.00 MiB page
[    0.551545] ACPI: Added _OSI(Module Device)
[    0.552807] ACPI: Added _OSI(Processor Device)
[    0.553807] ACPI: Added _OSI(Processor Aggregator Device)
[    0.559290] ACPI: 1 ACPI AML tables successfully acquired and loaded
[    0.563831] ACPI: \_SB_: platform _OSC: OS support mask [002a7eee]
[    0.565587] ACPI: Interpreter enabled
[    0.566876] ACPI: PM: (supports S0 S3 S4 S5)
[    0.567818] ACPI: Using IOAPIC for interrupt routing
[    0.568860] PCI: Using host bridge windows from ACPI; if necessary, use "pci=nocrs" and report a bug
[    0.570808] PCI: Using E820 reservations for host bridge windows
[    0.572206] ACPI: Enabled 2 GPEs in block 00 to 0F
[    0.586593] ACPI: PCI Root Bridge [PCI0] (domain 0000 [bus 00-ff])
[    0.588636] PCI host bridge to bus 0000:00
[    0.589816] pci_bus 0000:00: root bus resource [io  0x0000-0x0cf7 window]
[    0.590807] pci_bus 0000:00: root bus resource [io  0x0d00-0xffff window]
[    0.592810] pci_bus 0000:00: root bus resource [mem 0x000a0000-0x000bffff window]
[    0.593807] pci_bus 0000:00: root bus resource [mem 0xc0000000-0xfebfffff window]
[    0.595808] pci_bus 0000:00: root bus resource [mem 0x380000000000-0x38007fffffff window]
[    0.597809] pci_bus 0000:00: root bus resource [bus 00-ff]
[    0.600271] pci 0000:00:00.0: [8086:1237] type 00 class 0x060000 conventional PCI endpoint
[    0.603504] pci 0000:00:01.0: [8086:7000] type 00 class 0x060100 conventional PCI endpoint
[    0.606292] pci 0000:00:01.1: [8086:7010] type 00 class 0x010180 conventional PCI endpoint
[    0.609887] pci 0000:00:01.1: BAR 4 [io  0xc1c0-0xc1cf]
[    0.610890] pci 0000:00:01.1: BAR 0 [io  0x01f0-0x01f7]: legacy IDE quirk
[    0.612807] pci 0000:00:01.1: BAR 1 [io  0x03f6]: legacy IDE quirk
[    0.613805] pci 0000:00:01.1: BAR 2 [io  0x0170-0x0177]: legacy IDE quirk
[    0.615807] pci 0000:00:01.1: BAR 3 [io  0x0376]: legacy IDE quirk
[    0.617554] pci 0000:00:01.3: [8086:7113] type 00 class 0x068000 conventional PCI endpoint
[    0.620605] pci 0000:00:01.3: quirk: [io  0x0600-0x063f] claimed by PIIX4 ACPI
[    0.621825] pci 0000:00:01.3: quirk: [io  0x0700-0x070f] claimed by PIIX4 SMB
[    0.624869] pci 0000:00:02.0: [1af4:1009] type 00 class 0x000200 conventional PCI endpoint
[    0.628824] pci 0000:00:02.0: BAR 0 [io  0xc000-0xc03f]
[    0.629823] pci 0000:00:02.0: BAR 1 [mem 0xfebf8000-0xfebf8fff]
[    0.631872] pci 0000:00:02.0: BAR 4 [mem 0x380000000000-0x380000003fff 64bit pref]
[    0.636165] pci 0000:00:03.0: [8086:25ab] type 00 class 0x088000 conventional PCI endpoint
[    0.639823] pci 0000:00:03.0: BAR 0 [mem 0xfebf9000-0xfebf900f]
[    0.643579] pci 0000:00:04.0: [1af4:1003] type 00 class 0x078000 conventional PCI endpoint
[    0.647827] pci 0000:00:04.0: BAR 0 [io  0xc040-0xc07f]
[    0.648824] pci 0000:00:04.0: BAR 1 [mem 0xfebfa000-0xfebfafff]
[    0.650872] pci 0000:00:04.0: BAR 4 [mem 0x380000004000-0x380000007fff 64bit pref]
[    0.656343] pci 0000:00:05.0: [1af4:1003] type 00 class 0x078000 conventional PCI endpoint
[    0.659824] pci 0000:00:05.0: BAR 0 [io  0xc080-0xc0bf]
[    0.660826] pci 0000:00:05.0: BAR 1 [mem 0xfebfb000-0xfebfbfff]
[    0.662872] pci 0000:00:05.0: BAR 4 [mem 0x380000008000-0x38000000bfff 64bit pref]
[    0.667329] pci 0000:00:06.0: [1af4:1003] type 00 class 0x078000 conventional PCI endpoint
[    0.671234] pci 0000:00:06.0: BAR 0 [io  0xc0c0-0xc0ff]
[    0.671827] pci 0000:00:06.0: BAR 1 [mem 0xfebfc000-0xfebfcfff]
[    0.673874] pci 0000:00:06.0: BAR 4 [mem 0x38000000c000-0x38000000ffff 64bit pref]
[    0.679603] pci 0000:00:07.0: [1af4:1003] type 00 class 0x078000 conventional PCI endpoint
[    0.682827] pci 0000:00:07.0: BAR 0 [io  0xc100-0xc13f]
[    0.683825] pci 0000:00:07.0: BAR 1 [mem 0xfebfd000-0xfebfdfff]
[    0.684875] pci 0000:00:07.0: BAR 4 [mem 0x380000010000-0x380000013fff 64bit pref]
[    0.690458] pci 0000:00:08.0: [1af4:1003] type 00 class 0x078000 conventional PCI endpoint
[    0.693825] pci 0000:00:08.0: BAR 0 [io  0xc140-0xc17f]
[    0.694832] pci 0000:00:08.0: BAR 1 [mem 0xfebfe000-0xfebfefff]
[    0.696878] pci 0000:00:08.0: BAR 4 [mem 0x380000014000-0x380000017fff 64bit pref]
[    0.702502] pci 0000:00:09.0: [1af4:1003] type 00 class 0x078000 conventional PCI endpoint
[    0.705824] pci 0000:00:09.0: BAR 0 [io  0xc180-0xc1bf]
[    0.706825] pci 0000:00:09.0: BAR 1 [mem 0xfebff000-0xfebfffff]
[    0.707877] pci 0000:00:09.0: BAR 4 [mem 0x380000018000-0x38000001bfff 64bit pref]
[    0.719081] ACPI: PCI: Interrupt link LNKA configured for IRQ 10
[    0.721095] ACPI: PCI: Interrupt link LNKB configured for IRQ 10
[    0.722131] ACPI: PCI: Interrupt link LNKC configured for IRQ 11
[    0.724113] ACPI: PCI: Interrupt link LNKD configured for IRQ 11
[    0.725975] ACPI: PCI: Interrupt link LNKS configured for IRQ 9
[    0.728864] iommu: Default domain type: Translated
[    0.729808] iommu: DMA domain TLB invalidation policy: lazy mode
[    0.732263] SCSI subsystem initialized
[    0.733877] libata version 3.00 loaded.
[    0.734951] ACPI: bus type USB registered
[    0.735934] usbcore: registered new interface driver usbfs
[    0.736896] usbcore: registered new interface driver hub
[    0.738847] usbcore: registered new device driver usb
[    0.739951] pps_core: LinuxPPS API ver. 1 registered
[    0.740808] pps_core: Software ver. 5.3.6 - Copyright 2005-2007 Rodolfo Giometti <giometti@linux.it>
[    0.742822] PTP clock support registered
[    0.745172] Advanced Linux Sound Architecture Driver Initialized.
[    0.747038] NetLabel: Initializing
[    0.748805] NetLabel:  domain hash size = 128
[    0.749806] NetLabel:  protocols = UNLABELED CIPSOv4 CALIPSO
[    0.750860] NetLabel:  unlabeled traffic allowed by default
[    0.753021] PCI: Using ACPI for IRQ routing
[    0.753808] PCI: pci_cache_line_size set to 64 bytes
[    0.755217] e820: register RAM buffer resource [mem 0x0009fc00-0x0009ffff]
[    0.757809] e820: register RAM buffer resource [mem 0xbffe0000-0xbfffffff]
[    0.758961] vgaarb: loaded
[    0.759931] hpet0: at MMIO 0xfed00000, IRQs 2, 8, 0
[    0.760806] hpet0: 3 comparators, 64-bit 100.000000 MHz counter
[    0.768127] clocksource: Switched to clocksource kvm-clock
[    0.770445] VFS: Disk quotas dquot_6.6.0
[    0.771498] VFS: Dquot-cache hash table entries: 512 (4096 bytes)
[    0.773966] pnp: PnP ACPI init
[    0.775208] pnp 00:02: [dma 2]
[    0.776919] pnp: PnP ACPI: found 4 devices
[    0.796280] clocksource: acpi_pm: mask: 0xffffff max_cycles: 0xffffff, max_idle_ns: 2085701024 ns
[    0.798549] NET: Registered PF_INET protocol family
[    0.799991] IP idents hash table entries: 65536 (order: 7, 524288 bytes, linear)
[    0.802580] tcp_listen_portaddr_hash hash table entries: 2048 (order: 6, 147456 bytes, linear)
[    0.806251] Table-perturb hash table entries: 65536 (order: 6, 262144 bytes, linear)
[    0.808129] TCP established hash table entries: 32768 (order: 6, 262144 bytes, linear)
[    0.810007] TCP bind hash table entries: 32768 (order: 11, 4718592 bytes, vmalloc hugepage)
[    0.813131] Callback from call_rcu_tasks() invoked.
[    0.817030] TCP: Hash tables configured (established 32768 bind 32768)
[    0.818853] MPTCP token hash table entries: 4096 (order: 7, 360448 bytes, linear)
[    0.820791] UDP hash table entries: 2048 (order: 7, 524288 bytes, linear)
[    0.822988] NET: Registered PF_UNIX/PF_LOCAL protocol family
[    0.825289] RPC: Registered named UNIX socket transport module.
[    0.826783] RPC: Registered udp transport module.
[    0.827972] RPC: Registered tcp transport module.
[    0.829111] RPC: Registered tcp-with-tls transport module.
[    0.830395] RPC: Registered tcp NFSv4.1 backchannel transport module.
[    0.832973] NET: Registered PF_XDP protocol family
[    0.834149] pci_bus 0000:00: resource 4 [io  0x0000-0x0cf7 window]
[    0.835663] pci_bus 0000:00: resource 5 [io  0x0d00-0xffff window]
[    0.837128] pci_bus 0000:00: resource 6 [mem 0x000a0000-0x000bffff window]
[    0.838747] pci_bus 0000:00: resource 7 [mem 0xc0000000-0xfebfffff window]
[    0.840399] pci_bus 0000:00: resource 8 [mem 0x380000000000-0x38007fffffff window]
[    0.842319] pci 0000:00:01.0: PIIX3: Enabling Passive Release
[    0.843729] pci 0000:00:00.0: Limiting direct PCI/PCI transfers
[    0.845335] PCI: CLS 0 bytes, default 64
[    0.846473] PCI-DMA: Using software bounce buffering for IO (SWIOTLB)
[    0.848016] software IO TLB: mapped [mem 0x00000000bbfe0000-0x00000000bffe0000] (64MB)
[    0.850419] clocksource: tsc: mask: 0xffffffffffffffff max_cycles: 0x310274de655, max_idle_ns: 440795359465 ns
[    0.859190] Initialise system trusted keyrings
[    0.860680] workingset: timestamp_bits=40 (anon: 35) max_order=20 bucket_order=0 (anon: 0)
[    0.863368] squashfs: version 4.0 (2009/01/31) Phillip Lougher
[    0.865256] NFS: Registering the id_resolver key type
[    0.866492] Key type id_resolver registered
[    0.867643] Key type id_legacy registered
[    0.868570] nfs4filelayout_init: NFSv4 File Layout Driver Registering...
[    0.870222] nfs4flexfilelayout_init: NFSv4 Flexfile Layout Driver Registering...
[    0.872329] fuse: init (API version 7.45)
[    0.873576] 9p: Installing v9fs 9p2000 file system support
[    0.876274] NET: Registered PF_ALG protocol family
[    0.877436] Key type asymmetric registered
[    0.878476] Asymmetric key parser 'x509' registered
[    0.879765] Block layer SCSI generic (bsg) driver version 0.4 loaded (major 248)
[    0.882162] io scheduler mq-deadline registered
[    0.883286] io scheduler kyber registered
[    0.885469] input: Power Button as /devices/platform/LNXPWRBN:00/input/input0
[    0.887491] ACPI: button: Power Button [PWRF]
[    1.023473] ACPI: \_SB_.LNKB: Enabled at IRQ 10
[    1.165319] ACPI: \_SB_.LNKD: Enabled at IRQ 11
[    1.306580] ACPI: \_SB_.LNKA: Enabled at IRQ 10
[    1.380249] kwatchdog (73) used greatest stack depth: 14776 bytes left
[    1.600822] ACPI: \_SB_.LNKC: Enabled at IRQ 11
[    1.892931] Serial: 8250/16550 driver, 4 ports, IRQ sharing enabled
[    1.895658] 00:03: ttyS0 at I/O 0x3f8 (irq = 4, base_baud = 115200) is a 16550A
[    2.125866] Non-volatile memory driver v1.3
[    2.128153] ACPI: bus type drm_connector registered
[    2.147061] brd: module loaded
[    2.159219] loop: module loaded
[    2.166002] scsi host0: ata_piix
[    2.167917] scsi host1: ata_piix
[    2.169148] ata1: PATA max MWDMA2 cmd 0x1f0 ctl 0x3f6 bmdma 0xc1c0 irq 14 lpm-pol 0
[    2.170981] ata2: PATA max MWDMA2 cmd 0x170 ctl 0x376 bmdma 0xc1c8 irq 15 lpm-pol 0
[    2.177426] tun: Universal TUN/TAP device driver, 1.6
[    2.179122] e100: Intel(R) PRO/100 Network Driver
[    2.180335] e100: Copyright(c) 1999-2006 Intel Corporation
[    2.181768] e1000: Intel(R) PRO/1000 Network Driver
[    2.183023] e1000: Copyright (c) 1999-2006 Intel Corporation.
[    2.184680] e1000e: Intel(R) PRO/1000 Network Driver
[    2.185963] e1000e: Copyright(c) 1999 - 2015 Intel Corporation.
[    2.187543] sky2: driver version 1.30
[    2.190017] usbcore: registered new interface driver usblp
[    2.191542] usbcore: registered new interface driver usb-storage
[    2.193135] i8042: PNP: PS/2 Controller [PNP0303:KBD,PNP0f13:MOU] at 0x60,0x64 irq 1,12
[    2.196756] serio: i8042 KBD port at 0x60,0x64 irq 1
[    2.198043] serio: i8042 AUX port at 0x60,0x64 irq 12
[    2.201534] rtc_cmos PNP0B00:00: RTC can wake from S4
[    2.203829] input: AT Translated Set 2 keyboard as /devices/platform/i8042/serio0/input/input1
[    2.208197] rtc_cmos PNP0B00:00: registered as rtc0
[    2.210479] rtc_cmos PNP0B00:00: alarms up to one day, y3k, 242 bytes nvram, hpet irqs
[    2.213983] Registered IR keymap rc-empty
[    2.216092] rc rc0: rc-core loopback device as /devices/virtual/rc/rc0
[    2.218188] rc rc0: lirc_dev: driver rc-loopback registered at minor = 0, raw IR receiver, raw IR transmitter
[    2.221091] input: rc-core loopback device as /devices/virtual/rc/rc0/input4
[    2.223971] intel_powerclamp: CPU does not support MWAIT
[    2.225296] device-mapper: core: CONFIG_IMA_DISABLE_HTABLE is disabled. Duplicate IMA measurements will not be recorded in the IMA log.
[    2.228567] device-mapper: ioctl: 4.50.0-ioctl (2025-04-28) initialised: dm-devel@lists.linux.dev
[    2.231321] hid: raw HID events driver (C) Jiri Kosina
[    2.234349] usbcore: registered new interface driver usbhid
[    2.235764] usbhid: USB HID core driver
[    2.237893] GACT probability NOT on
[    2.238782] Mirror/redirect action on
[    2.240333] nf_conntrack_irc: The irc conntrack helper is scheduled for removal.
[    2.240333] Please contact the netfilter-devel mailing list if you still need this.
[    2.244493] ipip: IPv4 and MPLS over IPv4 tunneling driver
[    2.246498] gre: GRE over IPv4 demultiplexer driver
[    2.247700] ip_gre: GRE over IPv4 tunneling driver
[    2.251132] Initializing XFRM netlink socket
[    2.252274] IPsec XFRM device driver
[    2.253223] NET: Registered PF_INET6 protocol family
[    2.256092] Segment Routing with IPv6
[    2.257059] In-situ OAM (IOAM) with IPv6
[    2.258029] mip6: Mobile IPv6
[    2.258862] sit: IPv6, IPv4 and MPLS over IPv4 tunneling driver
[    2.261718] ip6_gre: GRE over IPv6 tunneling driver
[    2.263583] NET: Registered PF_PACKET protocol family
[    2.275320] RPC: Registered rdma transport module.
[    2.278144] RPC: Registered rdma backchannel transport module.
[    2.285493] 8021q: 802.1Q VLAN Support v1.8
[    2.304226] smc: adding smcd device lo without pnetid
[    2.334940] ata2: found unknown device (class 0)
[    2.339720] NET: Registered PF_SMC protocol family
[    2.345317] 9pnet: Installing 9P2000 support
[    2.352403] ata2.00: ATAPI: QEMU DVD-ROM, 2.5+, max UDMA/100
[    2.364700] Key type dns_resolver registered
[    2.365821] scsi 1:0:0:0: CD-ROM            QEMU     QEMU DVD-ROM     2.5+ PQ: 0 ANSI: 5
[    2.366292] NET: Registered PF_VSOCK protocol family
[    2.369996] mpls_gso: MPLS GSO support
[    2.374030] IPI shorthand broadcast: enabled
[    2.389430] sr 1:0:0:0: [sr0] scsi3-mmc drive: 4x/4x cd/rw xa/form2 tray
[    2.409262] cdrom: Uniform CD-ROM driver Revision: 3.20
[    2.425153] sr 1:0:0:0: Attached scsi CD-ROM sr0
[    2.427508] sched_clock: Marking stable (2381449954, 45588459)->(2490949311, -63910898)
[    2.427719] sr 1:0:0:0: Attached scsi generic sg0 type 5
[    2.431670] registered taskstats version 1
[    2.449132] Loading compiled-in X.509 certificates
[    2.451002] kworker/u16:0 (92) used greatest stack depth: 14184 bytes left
[    2.452153] Loaded X.509 cert 'Build time autogenerated kernel key: c4531344b9a9c1a4731230d977a262ba29ba5272'
[    2.494574] Demotion targets for Node 0: null
[    2.496172] ima: No TPM chip found, activating TPM-bypass!
[    2.497557] ima: Allocated hash algorithm: sha1
[    2.498823] ima: No architecture policies found
[    2.500858] PM:   Magic number: 10:880:743
[    2.502002] netconsole: network logging started
[    2.503863] cfg80211: Loading compiled-in X.509 certificates for regulatory database
[    2.506867] Loaded X.509 cert 'sforshee: 00b28ddf47aef9cea7'
[    2.508414] Loaded X.509 cert 'wens: 61c038651aabdcf94bd0ac7ff06c7248db18c600'
[    2.510404] faux_driver regulatory: Direct firmware load for regulatory.db failed with error -2
[    2.512728] ALSA device list:
[    2.513499]   No soundcards found.
[    2.514498] cfg80211: failed to load regulatory.db
[    2.630109] input: ImExPS/2 Generic Explorer Mouse as /devices/platform/i8042/serio1/input/input3
[    2.632406] md: Skipping autodetection of RAID arrays. (raid=autodetect will force)
[    2.633761] 9p: Bad value for 'source'
[    2.634430] 9pnet: Limiting 'msize' to 512000 as this is the maximum supported by transport virtio
[    2.637842] VFS: Mounted root (9p filesystem) on device 0:24.
[    2.639778] devtmpfs: mounted
[    2.640436] VFS: Pivoted into new rootfs
[    2.645513] Freeing unused kernel image (initmem) memory: 4688K
[    2.646492] Write protecting the kernel read-only data: 45056k
[    2.648372] Freeing unused kernel image (text/rodata gap) memory: 840K
[    2.649703] Freeing unused kernel image (rodata/data gap) memory: 128K
[    2.690646] x86/mm: Checked W+X mappings: passed, no W+X pages found.
[    2.691694] Run /home/prozak/.local/share/vng-venv/lib/python3.12/site-packages/virtme/guest/bin/virtme-ng-init as init process
[    2.693446]   with arguments:
[    2.693943]     /home/prozak/.local/share/vng-venv/lib/python3.12/site-packages/virtme/guest/bin/virtme-ng-init
[    2.695556]   with environment:
[    2.696084]     HOME=/
[    2.696496]     TERM=linux
[    2.696959]     virtme_hostname=virtme-ng
[    2.697571]     nr_open=1048576
[    2.698126]     virtme_link_mods=/home/prozak/sources/heimdall_experiment/uml-harness/.build/bpf-next-x86/.virtme_mods/lib/modules/0.0.0
[    2.700015]     virtme_rw_overlay0=/tmp
[    2.700650]     virtme_console=ttyS0
[    2.701203]     virtme_chdir=home/prozak/sources/heimdall_experiment/uml-harness/.build/selftests-output-qemu-lane4
[    2.800070] virtme-ng-init: mount devtmpfs -> /dev: EBUSY: Device or resource busy
[    2.801972] virtme-ng-init: Setting hostname to virtme-ng...
[    2.848320] virtme-ng-init: running systemd-tmpfiles
[    4.380085] clocksource: Watchdog remote CPU 3 read timed out
[    4.972234] systemd-tmpfile (98) used greatest stack depth: 12520 bytes left
[    4.976020] virtme-ng-init: basic initialization done
[    5.019579] virtme-ng-init: error creating file: Permission denied (os error 13)
[    5.394668] ip (104) used greatest stack depth: 11832 bytes left
[    5.757341] virtme-ng-init: Starting systemd-udevd version 255.4-1ubuntu8.17
[    5.761227] virtme-ng-init: triggering udev coldplug
[   11.839727] virtme-ng-init: waiting for udev to settle
[   13.365453] virtme-ng-init: udev is done
[   13.372535] virtme-ng-init: starting script
[   13.845235] bpf_testmod: loading out-of-tree module taints kernel.
[   13.847199] bpf_testmod: module verification failed: signature and/or required key missing - tainting kernel
[   14.407212] ip (162) used greatest stack depth: 11616 bytes left
[   24.013666] bond99: (slave veth3): Enslaving as an active interface with an up link
[   24.199236] 8021q: adding VLAN 0 to HW filter on device bond99
[   28.009369] bond99 (unregistering): (slave veth3): Releasing backup interface
[   28.029071] bond99 (unregistering): Released all slaves
[   41.328300] bond99: (slave veth3): Enslaving as an active interface with an up link
[   41.505892] 8021q: adding VLAN 0 to HW filter on device bond99
[   44.945781] bond99 (unregistering): (slave veth3): Releasing backup interface
[   44.956455] bond99 (unregistering): Released all slaves
[   45.051425] smc: removing smcd device lo
[   45.124403] ACPI: PM: Preparing to enter system sleep state S5
[   45.127940] reboot: Power down
