#179/1   kfunc_call/kfunc_syscall_test_fail:OK
#179/2   kfunc_call/kfunc_syscall_test_null_fail:OK
#179/3   kfunc_call/kfunc_call_test_get_mem_fail_rdonly:OK
#179/4   kfunc_call/kfunc_call_test_get_mem_fail_use_after_free:OK
#179/5   kfunc_call/kfunc_call_test_get_mem_fail_oob:OK
verify_fail:PASS:kfunc_call_fail__open_opts 0 nsec
verify_fail:FAIL:bpf_object__find_program_by_name unexpected error: -2
#179/6   kfunc_call/kfunc_call_test_get_mem_fail_zero_size:FAIL
#179/7   kfunc_call/kfunc_call_test_get_mem_fail_oversized:OK
#179/8   kfunc_call/kfunc_call_test_get_mem_fail_not_const:OK
#179/9   kfunc_call/kfunc_call_test_mem_acquire_fail:OK
#179/10  kfunc_call/kfunc_call_test_pointer_arg_type_mismatch:OK
verify_fail:PASS:kfunc_call_fail__open_opts 0 nsec
verify_fail:FAIL:bpf_object__find_program_by_name unexpected error: -2
#179/11  kfunc_call/kfunc_call_test_spin_lock_unsafe:FAIL
#179/12  kfunc_call/kfunc_call_test_spin_lock_safe:OK
#179/13  kfunc_call/kfunc_call_test1:OK
#179/14  kfunc_call/kfunc_call_test2:OK
#179/15  kfunc_call/kfunc_call_test4:OK
#179/16  kfunc_call/kfunc_call_test5:OK
#179/17  kfunc_call/kfunc_call_test5_asm:OK
#179/18  kfunc_call/kfunc_call_test_ref_btf_id:OK
#179/19  kfunc_call/kfunc_call_test_get_mem:OK
#179/20  kfunc_call/kfunc_syscall_test:OK
#179/21  kfunc_call/kfunc_syscall_test_null:OK
#179/22  kfunc_call/kfunc_call_test_static_unused_arg:OK
#179/23  kfunc_call/kfunc_call_ctx:OK
#179/24  kfunc_call/subprog:OK
#179/25  kfunc_call/subprog_lskel:OK
#179/26  kfunc_call/destructive:OK
#179     kfunc_call:FAIL

All error logs:
verify_fail:PASS:kfunc_call_fail__open_opts 0 nsec
verify_fail:FAIL:bpf_object__find_program_by_name unexpected error: -2
#179/6   kfunc_call/kfunc_call_test_get_mem_fail_zero_size:FAIL
verify_fail:PASS:kfunc_call_fail__open_opts 0 nsec
verify_fail:FAIL:bpf_object__find_program_by_name unexpected error: -2
#179/11  kfunc_call/kfunc_call_test_spin_lock_unsafe:FAIL
#179     kfunc_call:FAIL
Summary: 0/24 PASSED, 0 SKIPPED, 1/2 FAILED
00000000100000-0x00000000bffdffff]  System RAM
[    0.000000] BIOS-e820: [mem 0x00000000bffe0000-0x00000000bfffffff]  device reserved
[    0.000000] BIOS-e820: [gap 0x00000000c0000000-0x00000000feffbfff]
[    0.000000] BIOS-e820: [mem 0x00000000feffc000-0x00000000feffffff]  device reserved
[    0.000000] BIOS-e820: [gap 0x00000000ff000000-0x00000000fffbffff]
[    0.000000] BIOS-e820: [mem 0x00000000fffc0000-0x00000000ffffffff]  device reserved
[    0.000000] BIOS-e820: [mem 0x0000000100000000-0x000000013fffffff]  System RAM
[    0.000000] BIOS-e820: [gap 0x0000000140000000-0x000000fcffffffff]
[    0.000000] BIOS-e820: [mem 0x000000fd00000000-0x000000ffffffffff]  device reserved
[    0.000000] printk: legacy bootconsole [earlyser0] enabled
[    0.000000] NX (Execute Disable) protection: active
[    0.000000] APIC: Static calls initialized
[    0.000000] DMI: SMBIOS 3.0.0 present.
[    0.000000] DMI: QEMU Ubuntu 24.04 PC v2 (i440FX + PIIX, arch_caps fix, 1996), BIOS 1.16.3-debian-1.16.3-2 04/01/2014
[    0.000000] DMI: Memory slots populated: 1/1
[    0.000000] Hypervisor detected: KVM
[    0.000000] last_pfn = 0xbffe0 max_arch_pfn = 0x400000000
[    0.000000] kvm-clock: Using msrs 4b564d01 and 4b564d00
[    0.000002] kvm-clock: using sched offset of 332847921 cycles
[    0.001055] clocksource: kvm-clock: mask: 0xffffffffffffffff max_cycles: 0x1cd42e4dffb, max_idle_ns: 881590591483 ns
[    0.004225] tsc: Detected 3400.040 MHz processor
[    0.005528] e820: update [mem 0x00000000-0x00000fff] System RAM ==> device reserved
[    0.007028] e820: remove [mem 0x000a0000-0x000fffff] System RAM
[    0.008200] last_pfn = 0x140000 max_arch_pfn = 0x400000000
[    0.009433] MTRR map: 4 entries (3 fixed + 1 variable; max 19), built from 8 variable MTRRs
[    0.011035] x86/PAT: Configuration [0-7]: WB  WC  UC- UC  WB  WP  UC- WT  
Memory KASLR using RDRAND RDTSC...
[    0.013186] last_pfn = 0xbffe0 max_arch_pfn = 0x400000000
[    0.015581] found SMP MP-table at [mem 0x000f5450-0x000f545f]
[    0.016716] Using GB pages for direct mapping
[    0.019202] ACPI: Early table checksum verification disabled
[    0.020325] ACPI: RSDP 0x00000000000F5240 000014 (v00 BOCHS )
[    0.021547] ACPI: RSDT 0x00000000BFFE1D9D 000034 (v01 BOCHS  BXPC     00000001 BXPC 00000001)
[    0.023222] ACPI: FACP 0x00000000BFFE1C39 000074 (v01 BOCHS  BXPC     00000001 BXPC 00000001)
[    0.024879] ACPI: DSDT 0x00000000BFFE0040 001BF9 (v01 BOCHS  BXPC     00000001 BXPC 00000001)
[    0.026584] ACPI: FACS 0x00000000BFFE0000 000040
[    0.027486] ACPI: APIC 0x00000000BFFE1CAD 000090 (v03 BOCHS  BXPC     00000001 BXPC 00000001)
[    0.029227] ACPI: HPET 0x00000000BFFE1D3D 000038 (v01 BOCHS  BXPC     00000001 BXPC 00000001)
[    0.030909] ACPI: WAET 0x00000000BFFE1D75 000028 (v01 BOCHS  BXPC     00000001 BXPC 00000001)
[    0.032584] ACPI: Reserving FACP table memory at [mem 0xbffe1c39-0xbffe1cac]
[    0.033995] ACPI: Reserving DSDT table memory at [mem 0xbffe0040-0xbffe1c38]
[    0.035371] ACPI: Reserving FACS table memory at [mem 0xbffe0000-0xbffe003f]
[    0.036768] ACPI: Reserving APIC table memory at [mem 0xbffe1cad-0xbffe1d3c]
[    0.038154] ACPI: Reserving HPET table memory at [mem 0xbffe1d3d-0xbffe1d74]
[    0.039518] ACPI: Reserving WAET table memory at [mem 0xbffe1d75-0xbffe1d9c]
[    0.041376] No NUMA configuration found
[    0.042140] Faking a node at [mem 0x0000000000000000-0x000000013fffffff]
[    0.043430] NODE_DATA(0) allocated [mem 0x13fff9c80-0x13fffdfff]
[    0.045511] ACPI: PM-Timer IO Port: 0x608
[    0.046345] ACPI: LAPIC_NMI (acpi_id[0xff] dfl dfl lint[0x1])
[    0.047499] IOAPIC[0]: apic_id 0, version 17, address 0xfec00000, GSI 0-23
[    0.048859] ACPI: INT_SRC_OVR (bus 0 bus_irq 0 global_irq 2 dfl dfl)
[    0.050147] ACPI: INT_SRC_OVR (bus 0 bus_irq 5 global_irq 5 high level)
[    0.051425] ACPI: INT_SRC_OVR (bus 0 bus_irq 9 global_irq 9 high level)
[    0.052713] ACPI: INT_SRC_OVR (bus 0 bus_irq 10 global_irq 10 high level)
[    0.054088] ACPI: INT_SRC_OVR (bus 0 bus_irq 11 global_irq 11 high level)
[    0.055394] ACPI: Using ACPI (MADT) for SMP configuration information
[    0.056651] ACPI: HPET id: 0x8086a201 base: 0xfed00000
[    0.057680] TSC deadline timer available
[    0.058468] CPU topo: Max. logical packages:   1
[    0.059351] CPU topo: Max. logical nodes:      1
[    0.060254] CPU topo: Num. nodes per package:  1
[    0.061230] CPU topo: Max. logical dies:       1
[    0.062140] CPU topo: Max. dies per package:   1
[    0.063043] CPU topo: Max. threads per core:   1
[    0.063950] CPU topo: Num. cores per package:     4
[    0.064888] CPU topo: Num. threads per package:   4
[    0.065873] CPU topo: Allowing 4 present CPUs plus 0 hotplug CPUs
[    0.067070] kvm-guest: APIC: eoi() replaced with kvm_guest_apic_eoi_write()
[    0.068473] kvm-guest: KVM setup pv remote TLB flush
[    0.069449] kvm-guest: setup PV sched yield
[    0.070292] PM: hibernation: Registered nosave memory: [mem 0x00000000-0x00000fff]
[    0.071745] PM: hibernation: Registered nosave memory: [mem 0x0009f000-0x000fffff]
[    0.073284] PM: hibernation: Registered nosave memory: [mem 0xbffe0000-0xffffffff]
[    0.074756] [gap 0xc0000000-0xfeffbfff] available for PCI devices
[    0.075945] Booting paravirtualized kernel on KVM
[    0.076865] clocksource: refined-jiffies: mask: 0xffffffff max_cycles: 0xffffffff, max_idle_ns: 1910969940391419 ns
[    0.083996] Zone ranges:
[    0.084514]   DMA      [mem 0x0000000000001000-0x0000000000ffffff]
[    0.085725]   DMA32    [mem 0x0000000001000000-0x00000000ffffffff]
[    0.086956]   Normal   [mem 0x0000000100000000-0x000000013fffffff]
[    0.088162] Movable zone start for each node
[    0.088979] Early memory node ranges
[    0.089712]   node   0: [mem 0x0000000000001000-0x000000000009efff]
[    0.090937]   node   0: [mem 0x0000000000100000-0x00000000bffdffff]
[    0.092195]   node   0: [mem 0x0000000100000000-0x000000013fffffff]
[    0.093452] Initmem setup node 0 [mem 0x0000000000001000-0x000000013fffffff]
[    0.095947] On node 0, zone DMA: 1 pages in unavailable ranges
[    0.097134] On node 0, zone DMA: 97 pages in unavailable ranges
[    0.135070] On node 0, zone Normal: 32 pages in unavailable ranges
[    0.136326] setup_percpu: NR_CPUS:128 nr_cpumask_bits:4 nr_cpu_ids:4 nr_node_ids:1
[    0.138921] percpu: Embedded 58 pages/cpu s200144 r8192 d29232 u524288
[    0.140231] pcpu-alloc: s200144 r8192 d29232 u524288 alloc=1*2097152
[    0.141525] pcpu-alloc: [0] 0 1 2 3 
[    0.142300] Kernel command line: virtme_hostname=virtme-ng nr_open=1048576 virtme_link_mods=/home/prozak/sources/heimdall_experiment/uml-harness/.build/bpf-next-x86/.virtme_mods/lib/modules/0.0.0 virtme_rw_overlay0=/tmp virtme_console=ttyS0 console=ttyS0 earlyprintk=serial,ttyS0,115200 panic=-1 virtme.exec=`bW91bnQgLXQgYnBmIGJwZmZzIC9zeXMvZnMvYnBmIDI+L2Rldi9udWxsOyAuL3Rlc3RfcHJvZ3MgLXQgJ2tmdW5jX2NhbGwn` virtme_chdir=home/prozak/sources/heimdall_experiment/uml-harness/.build/selftests-output-qemu-lane3 rootfstype=9p rootflags=version=9p2000.L,trans=virtio,access=any,msize=524288 raid=noautodetect rw debug init=/home/prozak/.local/share/vng-venv/lib/python3.12/site-packages/virtme/guest/bin/virtme-ng-init
[    0.155091] Unknown kernel command line parameters "virtme_hostname=virtme-ng nr_open=1048576 virtme_link_mods=/home/prozak/sources/heimdall_experiment/uml-harness/.build/bpf-next-x86/.virtme_mods/lib/modules/0.0.0 virtme_rw_overlay0=/tmp virtme_console=ttyS0 virtme_chdir=home/prozak/sources/heimdall_experiment/uml-harness/.build/selftests-output-qemu-lane3", will be passed to user space.
[    0.162203] random: crng init done
[    0.162877] printk: log buffer data + meta data: 2097152 + 7340032 = 9437184 bytes
[    0.166827] Dentry cache hash table entries: 524288 (order: 10, 4194304 bytes, linear)
[    0.169682] Inode-cache hash table entries: 262144 (order: 9, 2097152 bytes, linear)
[    0.171350] software IO TLB: area num 4.
[    0.213067] Fallback order for Node 0: 0 
[    0.213074] Built 1 zonelists, mobility grouping on.  Total pages: 1048446
[    0.215329] Policy zone: Normal
[    0.216003] mem auto-init: stack:all(zero), heap alloc:off, heap free:off
[    0.223828] SLUB: HWalign=64, Order=0-3, MinObjects=0, CPUs=4, Nodes=1
Poking KASLR using RDRAND RDTSC...
[    0.238362] ftrace: allocating 70083 entries in 276 pages
[    0.239468] ftrace: allocated 276 pages with 3 groups
[    0.240513] Dynamic Preempt: full
[    0.242266] Running RCU self tests
[    0.242952] Running RCU synchronous self tests
[    0.243822] rcu: Preemptible hierarchical RCU implementation.
[    0.245048] rcu: 	RCU event tracing is enabled.
[    0.245949] rcu: 	RCU lockdep checking is enabled.
[    0.246896] rcu: 	RCU restricting CPUs from NR_CPUS=128 to nr_cpu_ids=4.
[    0.248222] 	Trampoline variant of Tasks RCU enabled.
[    0.249237] 	Rude variant of Tasks RCU enabled.
[    0.250256] 	Tracing variant of Tasks RCU enabled.
[    0.251204] rcu: RCU calculated value of scheduler-enlistment delay is 100 jiffies.
[    0.252712] rcu: Adjusting geometry for rcu_fanout_leaf=16, nr_cpu_ids=4
[    0.255161] Running RCU synchronous self tests
[    0.256168] RCU Tasks: Setting shift to 2 and lim to 1 rcu_task_cb_adjust=1 rcu_task_cpu_ids=4.
[    0.257899] RCU Tasks Rude: Setting shift to 2 and lim to 1 rcu_task_cb_adjust=1 rcu_task_cpu_ids=4.
[    0.268584] NR_IRQS: 8448, nr_irqs: 456, preallocated irqs: 16
[    0.270045] rcu: srcu_init: Setting srcu_struct sizes based on contention.
[    0.271430] clocksource: jiffies: mask: 0xffffffff max_cycles: 0xffffffff, max_idle_ns: 1911260446275000 ns
[    0.273588] Console: colour *CGA 80x25
[    0.274405] printk: legacy console [ttyS0] enabled
[    0.274405] printk: legacy console [ttyS0] enabled
[    0.276307] printk: legacy bootconsole [earlyser0] disabled
[    0.276307] printk: legacy bootconsole [earlyser0] disabled
[    0.278576] Lock dependency validator: Copyright (c) 2006 Red Hat, Inc., Ingo Molnar
[    0.280100] ... MAX_LOCKDEP_SUBCLASSES:  8
[    0.280959] ... MAX_LOCK_DEPTH:          48
[    0.281838] ... MAX_LOCKDEP_KEYS:        8192
[    0.282987] ... CLASSHASH_SIZE:          4096
[    0.283871] ... MAX_LOCKDEP_ENTRIES:     32768
[    0.284778] ... MAX_LOCKDEP_CHAINS:      65536
[    0.285695] ... CHAINHASH_SIZE:          32768
[    0.286603]  memory used by lock dependency info: 6429 kB
[    0.287672]  memory used for stack traces: 4224 kB
[    0.288645]  per task-struct memory footprint: 1920 bytes
[    0.289782] ACPI: Core revision 20260408
[    0.290825] clocksource: hpet: mask: 0xffffffff max_cycles: 0xffffffff, max_idle_ns: 19112604467 ns
[    0.292918] APIC: Switch to symmetric I/O mode setup
[    0.294471] x2apic enabled
[    0.295682] APIC: Switched APIC routing to: physical x2apic
[    0.296909] kvm-guest: APIC: send_IPI_mask() replaced with kvm_send_ipi_mask()
[    0.298459] kvm-guest: APIC: send_IPI_mask_allbutself() replaced with kvm_send_ipi_mask_allbutself()
[    0.300373] kvm-guest: setup PV IPIs
[    0.303543] ..TIMER: vector=0x30 apic1=0 pin1=2 apic2=-1 pin2=-1
[    0.304868] clocksource: tsc-early: mask: 0xffffffffffffffff max_cycles: 0x310274de655, max_idle_ns: 440795359465 ns
[    0.307155] Calibrating delay loop (skipped) preset value.. 6800.08 BogoMIPS (lpj=3400040)
[    0.308784] x86/cpu: User Mode Instruction Prevention (UMIP) activated
[    0.309447] Last level iTLB entries: 4KB 512, 2MB 255, 4MB 127
[    0.310151] Last level dTLB entries: 4KB 512, 2MB 255, 4MB 127, 1GB 0
[    0.311159] mitigations: Enabled attack vectors: user_kernel, user_user, SMT mitigations: auto
[    0.312151] Speculative Store Bypass: Mitigation: Speculative Store Bypass disabled via prctl
[    0.313151] Speculative Return Stack Overflow: IBPB-extending microcode not applied!
[    0.314151] Speculative Return Stack Overflow: WARNING: See https://kernel.org/doc/html/latest/admin-guide/hw-vuln/srso.html for mitigation options.
[    0.314152] Transient Scheduler Attacks: Vulnerable: No microcode
[    0.316151] Spectre V2 : Mitigation: Retpolines
[    0.317151] Speculative Return Stack Overflow: Vulnerable: Safe RET, no microcode
[    0.318151] Spectre V1 : Mitigation: usercopy/swapgs barriers and __user pointer sanitization
[    0.319151] Spectre V2 : Spectre v2 / SpectreRSB: Filling RSB on context switch and VMEXIT
[    0.320151] Spectre V2 : Enabling Restricted Speculation for firmware calls
[    0.321154] Spectre V2 : mitigation: Enabling conditional Indirect Branch Prediction Barrier
[    0.322152] active return thunk: srso_alias_return_thunk
[    0.323230] x86/fpu: Supporting XSAVE feature 0x001: 'x87 floating point registers'
[    0.324151] x86/fpu: Supporting XSAVE feature 0x002: 'SSE registers'
[    0.325151] x86/fpu: Supporting XSAVE feature 0x004: 'AVX registers'
[    0.326151] x86/fpu: xstate_offset[2]:  576, xstate_sizes[2]:  256
[    0.327151] x86/fpu: Enabled xstate features 0x7, context size is 832 bytes, using 'compacted' format.
[    0.432268] pid_max: default: 32768 minimum: 301
[    0.433505] SELinux:  Initializing.
[    0.436189] LSM support for eBPF active
[    0.437326] Mount-cache hash table entries: 8192 (order: 4, 65536 bytes, linear)
[    0.438158] Mountpoint-cache hash table entries: 8192 (order: 4, 65536 bytes, linear)
[    0.440850] VFS: Finished mounting rootfs on nullfs
[    0.442617] Running RCU synchronous self tests
[    0.443155] Running RCU synchronous self tests
[    0.444629] smpboot: CPU0: AMD Ryzen 9 5950X 16-Core Processor (family: 0x19, model: 0x21, stepping: 0x2)
[    0.445866] Performance Events: Fam17h+ core perfctr, AMD PMU driver.
[    0.446171] ... version:                   0
[    0.447159] ... bit width:                 48
[    0.448157] ... generic counters:          6
[    0.449158] ... generic bitmap:            000000000000003f
[    0.450158] ... fixed-purpose counters:    0
[    0.451158] ... fixed-purpose bitmap:      0000000000000000
[    0.452159] ... value mask:                0000ffffffffffff
[    0.453156] ... max period:                00007fffffffffff
[    0.454159] ... global_ctrl mask:          000000000000003f
[    0.455467] signal: max sigframe size: 1776
[    0.456296] rcu: Hierarchical SRCU implementation.
[    0.457159] rcu: 	Max phase no-delay instances is 400.
[    0.458332] Timer migration: 1 hierarchy levels; 8 children per group; 1 crossnode level
[    0.471978] smp: Bringing up secondary CPUs ...
[    0.472755] smpboot: x86: Booting SMP configuration:
[    0.473182] .... node  #0, CPUs:      #1 #2 #3
[    0.480449] smp: Brought up 1 node, 4 CPUs
[    0.482189] smpboot: Total of 4 processors activated (27200.32 BogoMIPS)
[    0.484646] Memory: 3966616K/4193784K available (25781K kernel code, 10327K rwdata, 18304K rodata, 4688K init, 13400K bss, 220948K reserved, 0K cma-reserved)
[    0.488173] devtmpfs: initialized
[    0.491591] Running RCU synchronous self tests
[    0.492183] Running RCU synchronous self tests
[    0.493233] Running RCU Tasks wait API self tests
[    0.494217] Running RCU Tasks Rude wait API self tests
[    0.495160] Running RCU Tasks Trace wait API self tests
[    0.496319] posixtimers hash table entries: 2048 (order: 6, 147456 bytes, linear)
[    0.497258] futex hash table entries: 1024 (131072 bytes on 1 NUMA nodes, total 128 KiB, linear).
[    0.499064] PM: RTC time: 17:49:05, date: 2026-09-05
[    0.500758] NET: Registered PF_NETLINK/PF_ROUTE protocol family
[    0.501197] Callback from call_rcu_tasks_trace() invoked.
[    0.503198] audit: initializing netlink subsys (disabled)
[    0.504205] audit: type=2000 audit(1788630545.937:1): state=initialized audit_enabled=0 res=1
[    0.521855] thermal_sys: Registered thermal governor 'step_wise'
[    0.521937] cpuidle: using governor ladder
[    0.523230] cpuidle: using governor menu
[    0.526694] PCI: Using configuration type 1 for base access
[    0.527158] PCI: Using configuration type 1 for extended access
[    0.528312] kprobes: kprobe jump-optimization is enabled. All kprobes are optimized if possible.
[    0.530386] HugeTLB: registered 1.00 GiB page size, pre-allocated 0 pages
[    0.532161] HugeTLB: 16380 KiB vmemmap can be freed for a 1.00 GiB page
[    0.533160] HugeTLB: registered 2.00 MiB page size, pre-allocated 0 pages
[    0.535161] HugeTLB: 28 KiB vmemmap can be freed for a 2.00 MiB page
[    0.541882] ACPI: Added _OSI(Module Device)
[    0.542160] ACPI: Added _OSI(Processor Device)
[    0.544163] ACPI: Added _OSI(Processor Aggregator Device)
[    0.548662] ACPI: 1 ACPI AML tables successfully acquired and loaded
[    0.557164] ACPI: \_SB_: platform _OSC: OS support mask [002a7eee]
[    0.558914] ACPI: Interpreter enabled
[    0.560237] ACPI: PM: (supports S0 S3 S4 S5)
[    0.561190] ACPI: Using IOAPIC for interrupt routing
[    0.562220] PCI: Using host bridge windows from ACPI; if necessary, use "pci=nocrs" and report a bug
[    0.564158] PCI: Using E820 reservations for host bridge windows
[    0.566588] ACPI: Enabled 2 GPEs in block 00 to 0F
[    0.580194] ACPI: PCI Root Bridge [PCI0] (domain 0000 [bus 00-ff])
[    0.581972] PCI host bridge to bus 0000:00
[    0.583170] pci_bus 0000:00: root bus resource [io  0x0000-0x0cf7 window]
[    0.585161] pci_bus 0000:00: root bus resource [io  0x0d00-0xffff window]
[    0.586160] pci_bus 0000:00: root bus resource [mem 0x000a0000-0x000bffff window]
[    0.588163] pci_bus 0000:00: root bus resource [mem 0xc0000000-0xfebfffff window]
[    0.590160] pci_bus 0000:00: root bus resource [mem 0x380000000000-0x38007fffffff window]
[    0.592161] pci_bus 0000:00: root bus resource [bus 00-ff]
[    0.593607] pci 0000:00:00.0: [8086:1237] type 00 class 0x060000 conventional PCI endpoint
[    0.596900] pci 0000:00:01.0: [8086:7000] type 00 class 0x060100 conventional PCI endpoint
[    0.600781] pci 0000:00:01.1: [8086:7010] type 00 class 0x010180 conventional PCI endpoint
[    0.604196] pci 0000:00:01.1: BAR 4 [io  0xc1c0-0xc1cf]
[    0.607316] pci 0000:00:01.1: BAR 0 [io  0x01f0-0x01f7]: legacy IDE quirk
[    0.609160] pci 0000:00:01.1: BAR 1 [io  0x03f6]: legacy IDE quirk
[    0.610159] pci 0000:00:01.1: BAR 2 [io  0x0170-0x0177]: legacy IDE quirk
[    0.612160] pci 0000:00:01.1: BAR 3 [io  0x0376]: legacy IDE quirk
[    0.615030] pci 0000:00:01.3: [8086:7113] type 00 class 0x068000 conventional PCI endpoint
[    0.616991] pci 0000:00:01.3: quirk: [io  0x0600-0x063f] claimed by PIIX4 ACPI
[    0.619188] pci 0000:00:01.3: quirk: [io  0x0700-0x070f] claimed by PIIX4 SMB
[    0.621247] pci 0000:00:02.0: [1af4:1009] type 00 class 0x000200 conventional PCI endpoint
[    0.626180] pci 0000:00:02.0: BAR 0 [io  0xc000-0xc03f]
[    0.627187] pci 0000:00:02.0: BAR 1 [mem 0xfebf8000-0xfebf8fff]
[    0.628227] pci 0000:00:02.0: BAR 4 [mem 0x380000000000-0x380000003fff 64bit pref]
[    0.633585] pci 0000:00:03.0: [8086:25ab] type 00 class 0x088000 conventional PCI endpoint
[    0.637180] pci 0000:00:03.0: BAR 0 [mem 0xfebf9000-0xfebf900f]
[    0.641408] pci 0000:00:04.0: [1af4:1003] type 00 class 0x078000 conventional PCI endpoint
[    0.644854] pci 0000:00:04.0: BAR 0 [io  0xc040-0xc07f]
[    0.646180] pci 0000:00:04.0: BAR 1 [mem 0xfebfa000-0xfebfafff]
[    0.648225] pci 0000:00:04.0: BAR 4 [mem 0x380000004000-0x380000007fff 64bit pref]
[    0.652148] pci 0000:00:05.0: [1af4:1003] type 00 class 0x078000 conventional PCI endpoint
[    0.657179] pci 0000:00:05.0: BAR 0 [io  0xc080-0xc0bf]
[    0.659180] pci 0000:00:05.0: BAR 1 [mem 0xfebfb000-0xfebfbfff]
[    0.660228] pci 0000:00:05.0: BAR 4 [mem 0x380000008000-0x38000000bfff 64bit pref]
[    0.665741] pci 0000:00:06.0: [1af4:1003] type 00 class 0x078000 conventional PCI endpoint
[    0.669177] pci 0000:00:06.0: BAR 0 [io  0xc0c0-0xc0ff]
[    0.670179] pci 0000:00:06.0: BAR 1 [mem 0xfebfc000-0xfebfcfff]
[    0.671228] pci 0000:00:06.0: BAR 4 [mem 0x38000000c000-0x38000000ffff 64bit pref]
[    0.676736] pci 0000:00:07.0: [1af4:1003] type 00 class 0x078000 conventional PCI endpoint
[    0.680178] pci 0000:00:07.0: BAR 0 [io  0xc100-0xc13f]
[    0.681181] pci 0000:00:07.0: BAR 1 [mem 0xfebfd000-0xfebfdfff]
[    0.682232] pci 0000:00:07.0: BAR 4 [mem 0x380000010000-0x380000013fff 64bit pref]
[    0.688060] pci 0000:00:08.0: [1af4:1003] type 00 class 0x078000 conventional PCI endpoint
[    0.691180] pci 0000:00:08.0: BAR 0 [io  0xc140-0xc17f]
[    0.692179] pci 0000:00:08.0: BAR 1 [mem 0xfebfe000-0xfebfefff]
[    0.694229] pci 0000:00:08.0: BAR 4 [mem 0x380000014000-0x380000017fff 64bit pref]
[    0.702005] pci 0000:00:09.0: [1af4:1003] type 00 class 0x078000 conventional PCI endpoint
[    0.705177] pci 0000:00:09.0: BAR 0 [io  0xc180-0xc1bf]
[    0.706179] pci 0000:00:09.0: BAR 1 [mem 0xfebff000-0xfebfffff]
[    0.708231] pci 0000:00:09.0: BAR 4 [mem 0x380000018000-0x38000001bfff 64bit pref]
[    0.718707] ACPI: PCI: Interrupt link LNKA configured for IRQ 10
[    0.720479] ACPI: PCI: Interrupt link LNKB configured for IRQ 10
[    0.722439] ACPI: PCI: Interrupt link LNKC configured for IRQ 11
[    0.724566] ACPI: PCI: Interrupt link LNKD configured for IRQ 11
[    0.725339] ACPI: PCI: Interrupt link LNKS configured for IRQ 9
[    0.729207] iommu: Default domain type: Translated
[    0.730162] iommu: DMA domain TLB invalidation policy: lazy mode
[    0.732630] SCSI subsystem initialized
[    0.733241] libata version 3.00 loaded.
[    0.734302] ACPI: bus type USB registered
[    0.735290] usbcore: registered new interface driver usbfs
[    0.737237] usbcore: registered new interface driver hub
[    0.738197] usbcore: registered new device driver usb
[    0.739300] pps_core: LinuxPPS API ver. 1 registered
[    0.741161] pps_core: Software ver. 5.3.6 - Copyright 2005-2007 Rodolfo Giometti <giometti@linux.it>
[    0.743174] PTP clock support registered
[    0.744530] Advanced Linux Sound Architecture Driver Initialized.
[    0.747483] NetLabel: Initializing
[    0.748159] NetLabel:  domain hash size = 128
[    0.749160] NetLabel:  protocols = UNLABELED CIPSOv4 CALIPSO
[    0.750214] NetLabel:  unlabeled traffic allowed by default
[    0.752408] PCI: Using ACPI for IRQ routing
[    0.753160] PCI: pci_cache_line_size set to 64 bytes
[    0.755607] e820: register RAM buffer resource [mem 0x0009fc00-0x0009ffff]
[    0.757162] e820: register RAM buffer resource [mem 0xbffe0000-0xbfffffff]
[    0.758299] vgaarb: loaded
[    0.759257] hpet0: at MMIO 0xfed00000, IRQs 2, 8, 0
[    0.760160] hpet0: 3 comparators, 64-bit 100.000000 MHz counter
[    0.767398] clocksource: Switched to clocksource kvm-clock
[    0.771872] VFS: Disk quotas dquot_6.6.0
[    0.772920] VFS: Dquot-cache hash table entries: 512 (4096 bytes)
[    0.775508] pnp: PnP ACPI init
[    0.776890] pnp 00:02: [dma 2]
[    0.778661] pnp: PnP ACPI: found 4 devices
[    0.798248] clocksource: acpi_pm: mask: 0xffffff max_cycles: 0xffffff, max_idle_ns: 2085701024 ns
[    0.800549] NET: Registered PF_INET protocol family
[    0.801961] IP idents hash table entries: 65536 (order: 7, 524288 bytes, linear)
[    0.804064] Callback from call_rcu_tasks() invoked.
[    0.807687] tcp_listen_portaddr_hash hash table entries: 2048 (order: 6, 147456 bytes, linear)
[    0.809977] Table-perturb hash table entries: 65536 (order: 6, 262144 bytes, linear)
[    0.811861] TCP established hash table entries: 32768 (order: 6, 262144 bytes, linear)
[    0.813841] TCP bind hash table entries: 32768 (order: 11, 4718592 bytes, vmalloc hugepage)
[    0.821004] TCP: Hash tables configured (established 32768 bind 32768)
[    0.823000] MPTCP token hash table entries: 4096 (order: 7, 360448 bytes, linear)
[    0.824966] UDP hash table entries: 2048 (order: 7, 524288 bytes, linear)
[    0.826994] NET: Registered PF_UNIX/PF_LOCAL protocol family
[    0.829624] RPC: Registered named UNIX socket transport module.
[    0.831260] RPC: Registered udp transport module.
[    0.832521] RPC: Registered tcp transport module.
[    0.833743] RPC: Registered tcp-with-tls transport module.
[    0.835245] RPC: Registered tcp NFSv4.1 backchannel transport module.
[    0.837870] NET: Registered PF_XDP protocol family
[    0.839106] pci_bus 0000:00: resource 4 [io  0x0000-0x0cf7 window]
[    0.840623] pci_bus 0000:00: resource 5 [io  0x0d00-0xffff window]
[    0.842144] pci_bus 0000:00: resource 6 [mem 0x000a0000-0x000bffff window]
[    0.843844] pci_bus 0000:00: resource 7 [mem 0xc0000000-0xfebfffff window]
[    0.845513] pci_bus 0000:00: resource 8 [mem 0x380000000000-0x38007fffffff window]
[    0.847627] pci 0000:00:01.0: PIIX3: Enabling Passive Release
[    0.849114] pci 0000:00:00.0: Limiting direct PCI/PCI transfers
[    0.850949] PCI: CLS 0 bytes, default 64
[    0.852128] PCI-DMA: Using software bounce buffering for IO (SWIOTLB)
[    0.853737] software IO TLB: mapped [mem 0x00000000bbfe0000-0x00000000bffe0000] (64MB)
[    0.856524] clocksource: tsc: mask: 0xffffffffffffffff max_cycles: 0x310274de655, max_idle_ns: 440795359465 ns
[    0.864935] Initialise system trusted keyrings
[    0.866586] workingset: timestamp_bits=40 (anon: 35) max_order=20 bucket_order=0 (anon: 0)
[    0.869549] squashfs: version 4.0 (2009/01/31) Phillip Lougher
[    0.873039] NFS: Registering the id_resolver key type
[    0.874502] Key type id_resolver registered
[    0.875602] Key type id_legacy registered
[    0.876651] nfs4filelayout_init: NFSv4 File Layout Driver Registering...
[    0.878382] nfs4flexfilelayout_init: NFSv4 Flexfile Layout Driver Registering...
[    0.880472] fuse: init (API version 7.45)
[    0.881816] 9p: Installing v9fs 9p2000 file system support
[    0.884622] NET: Registered PF_ALG protocol family
[    0.885861] Key type asymmetric registered
[    0.887078] Asymmetric key parser 'x509' registered
[    0.888529] Block layer SCSI generic (bsg) driver version 0.4 loaded (major 248)
[    0.891016] io scheduler mq-deadline registered
[    0.892181] io scheduler kyber registered
[    0.894541] input: Power Button as /devices/platform/LNXPWRBN:00/input/input0
[    0.898529] ACPI: button: Power Button [PWRF]
[    1.041820] ACPI: \_SB_.LNKB: Enabled at IRQ 10
[    1.183490] ACPI: \_SB_.LNKD: Enabled at IRQ 11
[    1.480125] ACPI: \_SB_.LNKA: Enabled at IRQ 10
[    1.811391] clocksource: Watchdog remote CPU 1 read timed out
[    2.350479] kwatchdog (73) used greatest stack depth: 14456 bytes left
[    2.354954] ACPI: \_SB_.LNKC: Enabled at IRQ 11
[    2.633844] Serial: 8250/16550 driver, 4 ports, IRQ sharing enabled
[    2.649574] 00:03: ttyS0 at I/O 0x3f8 (irq = 4, base_baud = 115200) is a 16550A
[    2.831545] Non-volatile memory driver v1.3
[    2.833576] ACPI: bus type drm_connector registered
[    2.853874] brd: module loaded
[    2.868539] loop: module loaded
[    2.874220] scsi host0: ata_piix
[    2.876186] scsi host1: ata_piix
[    2.877318] ata1: PATA max MWDMA2 cmd 0x1f0 ctl 0x3f6 bmdma 0xc1c0 irq 14 lpm-pol 0
[    2.879465] ata2: PATA max MWDMA2 cmd 0x170 ctl 0x376 bmdma 0xc1c8 irq 15 lpm-pol 0
[    2.886381] tun: Universal TUN/TAP device driver, 1.6
[    2.888185] e100: Intel(R) PRO/100 Network Driver
[    2.889480] e100: Copyright(c) 1999-2006 Intel Corporation
[    2.891000] e1000: Intel(R) PRO/1000 Network Driver
[    2.892232] e1000: Copyright (c) 1999-2006 Intel Corporation.
[    2.893877] e1000e: Intel(R) PRO/1000 Network Driver
[    2.895865] e1000e: Copyright(c) 1999 - 2015 Intel Corporation.
[    2.898333] sky2: driver version 1.30
[    2.900775] usbcore: registered new interface driver usblp
[    2.902288] usbcore: registered new interface driver usb-storage
[    2.903891] i8042: PNP: PS/2 Controller [PNP0303:KBD,PNP0f13:MOU] at 0x60,0x64 irq 1,12
[    2.907366] serio: i8042 KBD port at 0x60,0x64 irq 1
[    2.908667] serio: i8042 AUX port at 0x60,0x64 irq 12
[    2.912207] rtc_cmos PNP0B00:00: RTC can wake from S4
[    2.913870] input: AT Translated Set 2 keyboard as /devices/platform/i8042/serio0/input/input1
[    2.918964] rtc_cmos PNP0B00:00: registered as rtc0
[    2.920809] rtc_cmos PNP0B00:00: alarms up to one day, y3k, 242 bytes nvram, hpet irqs
[    2.923215] Registered IR keymap rc-empty
[    2.924492] rc rc0: rc-core loopback device as /devices/virtual/rc/rc0
[    2.927683] rc rc0: lirc_dev: driver rc-loopback registered at minor = 0, raw IR receiver, raw IR transmitter
[    2.932080] input: rc-core loopback device as /devices/virtual/rc/rc0/input2
[    2.935055] intel_powerclamp: CPU does not support MWAIT
[    2.936447] device-mapper: core: CONFIG_IMA_DISABLE_HTABLE is disabled. Duplicate IMA measurements will not be recorded in the IMA log.
[    2.939973] device-mapper: ioctl: 4.50.0-ioctl (2025-04-28) initialised: dm-devel@lists.linux.dev
[    2.943170] hid: raw HID events driver (C) Jiri Kosina
[    2.946527] usbcore: registered new interface driver usbhid
[    2.947912] usbhid: USB HID core driver
[    2.950364] GACT probability NOT on
[    2.951324] Mirror/redirect action on
[    2.953230] nf_conntrack_irc: The irc conntrack helper is scheduled for removal.
[    2.953230] Please contact the netfilter-devel mailing list if you still need this.
[    2.958837] ipip: IPv4 and MPLS over IPv4 tunneling driver
[    2.961092] gre: GRE over IPv4 demultiplexer driver
[    2.962373] ip_gre: GRE over IPv4 tunneling driver
[    2.966279] Initializing XFRM netlink socket
[    2.967416] IPsec XFRM device driver
[    2.968462] NET: Registered PF_INET6 protocol family
[    2.971145] Segment Routing with IPv6
[    2.972101] In-situ OAM (IOAM) with IPv6
[    2.973133] mip6: Mobile IPv6
[    2.973920] sit: IPv6, IPv4 and MPLS over IPv4 tunneling driver
[    2.976889] ip6_gre: GRE over IPv6 tunneling driver
[    2.978936] NET: Registered PF_PACKET protocol family
[    2.980273] RPC: Registered rdma transport module.
[    2.981464] RPC: Registered rdma backchannel transport module.
[    2.983176] 8021q: 802.1Q VLAN Support v1.8
[    2.984633] smc: adding smcd device lo without pnetid
[    2.986103] NET: Registered PF_SMC protocol family
[    2.987828] 9pnet: Installing 9P2000 support
[    2.990785] Key type dns_resolver registered
[    2.992082] NET: Registered PF_VSOCK protocol family
[    2.993393] mpls_gso: MPLS GSO support
[    2.996702] IPI shorthand broadcast: enabled
[    3.035364] ata2: found unknown device (class 0)
[    3.037672] ata2.00: ATAPI: QEMU DVD-ROM, 2.5+, max UDMA/100
[    3.041820] scsi 1:0:0:0: CD-ROM            QEMU     QEMU DVD-ROM     2.5+ PQ: 0 ANSI: 5
[    3.044676] sched_clock: Marking stable (3016022463, 27718169)->(3130787215, -87046583)
[    3.049161] registered taskstats version 1
[    3.065077] sr 1:0:0:0: [sr0] scsi3-mmc drive: 4x/4x cd/rw xa/form2 tray
[    3.069205] Loading compiled-in X.509 certificates
[    3.071074] kworker/u16:1 (92) used greatest stack depth: 14184 bytes left
[    3.072321] Loaded X.509 cert 'Build time autogenerated kernel key: c4531344b9a9c1a4731230d977a262ba29ba5272'
[    3.086503] cdrom: Uniform CD-ROM driver Revision: 3.20
[    3.103209] sr 1:0:0:0: Attached scsi CD-ROM sr0
[    3.105470] sr 1:0:0:0: Attached scsi generic sg0 type 5
[    3.116409] Demotion targets for Node 0: null
[    3.118069] ima: No TPM chip found, activating TPM-bypass!
[    3.119456] ima: Allocated hash algorithm: sha1
[    3.120765] ima: No architecture policies found
[    3.123156] PM:   Magic number: 10:983:844
[    3.124424] netconsole: network logging started
[    3.126437] cfg80211: Loading compiled-in X.509 certificates for regulatory database
[    3.129484] Loaded X.509 cert 'sforshee: 00b28ddf47aef9cea7'
[    3.131134] Loaded X.509 cert 'wens: 61c038651aabdcf94bd0ac7ff06c7248db18c600'
[    3.133232] ALSA device list:
[    3.134448] faux_driver regulatory: Direct firmware load for regulatory.db failed with error -2
[    3.134830]   No soundcards found.
[    3.136626] cfg80211: failed to load regulatory.db
[    3.350272] input: ImExPS/2 Generic Explorer Mouse as /devices/platform/i8042/serio1/input/input4
[    3.353416] md: Skipping autodetection of RAID arrays. (raid=autodetect will force)
[    3.355052] 9p: Bad value for 'source'
[    3.355866] 9pnet: Limiting 'msize' to 512000 as this is the maximum supported by transport virtio
[    3.390907] VFS: Mounted root (9p filesystem) on device 0:24.
[    3.393514] devtmpfs: mounted
[    3.394896] VFS: Pivoted into new rootfs
[    3.410816] Freeing unused kernel image (initmem) memory: 4688K
[    3.411822] Write protecting the kernel read-only data: 45056k
[    3.413995] Freeing unused kernel image (text/rodata gap) memory: 840K
[    3.415298] Freeing unused kernel image (rodata/data gap) memory: 128K
[    3.456389] x86/mm: Checked W+X mappings: passed, no W+X pages found.
[    3.457459] Run /home/prozak/.local/share/vng-venv/lib/python3.12/site-packages/virtme/guest/bin/virtme-ng-init as init process
[    3.459201]   with arguments:
[    3.459697]     /home/prozak/.local/share/vng-venv/lib/python3.12/site-packages/virtme/guest/bin/virtme-ng-init
[    3.461274]   with environment:
[    3.461798]     HOME=/
[    3.462225]     TERM=linux
[    3.462652]     virtme_hostname=virtme-ng
[    3.463313]     nr_open=1048576
[    3.463829]     virtme_link_mods=/home/prozak/sources/heimdall_experiment/uml-harness/.build/bpf-next-x86/.virtme_mods/lib/modules/0.0.0
[    3.465668]     virtme_rw_overlay0=/tmp
[    3.466344]     virtme_console=ttyS0
[    3.466989]     virtme_chdir=home/prozak/sources/heimdall_experiment/uml-harness/.build/selftests-output-qemu-lane3
[    3.573071] virtme-ng-init: mount devtmpfs -> /dev: EBUSY: Device or resource busy
[    3.575356] virtme-ng-init: Setting hostname to virtme-ng...
[    3.625656] virtme-ng-init: running systemd-tmpfiles
[    5.268318] systemd-tmpfile (99) used greatest stack depth: 12520 bytes left
[    5.268485] virtme-ng-init: basic initialization done
[    5.299309] virtme-ng-init: error creating file: Permission denied (os error 13)
[    5.421457] ip (104) used greatest stack depth: 11832 bytes left
[    5.610880] virtme-ng-init: Starting systemd-udevd version 255.4-1ubuntu8.17
[    5.614060] virtme-ng-init: triggering udev coldplug
[   12.606390] virtme-ng-init: waiting for udev to settle
[   14.205786] virtme-ng-init: udev is done
[   14.212510] virtme-ng-init: starting script
[   14.606221] bpf_testmod: loading out-of-tree module taints kernel.
[   14.608120] bpf_testmod: module verification failed: signature and/or required key missing - tainting kernel
[   15.528892] test_progs (160) used greatest stack depth: 11720 bytes left
[   15.536554] smc: removing smcd device lo
[   15.614604] ACPI: PM: Preparing to enter system sleep state S5
[   15.616319] reboot: Power down
