#179/1   kfunc_call/kfunc_syscall_test_fail:OK
#179/2   kfunc_call/kfunc_syscall_test_null_fail:OK
#179/3   kfunc_call/kfunc_call_test_get_mem_fail_rdonly:OK
#179/4   kfunc_call/kfunc_call_test_get_mem_fail_use_after_free:OK
#179/5   kfunc_call/kfunc_call_test_get_mem_fail_oob:OK
#179/6   kfunc_call/kfunc_call_test_get_mem_fail_zero_size:OK
#179/7   kfunc_call/kfunc_call_test_get_mem_fail_oversized:OK
#179/8   kfunc_call/kfunc_call_test_get_mem_fail_not_const:OK
#179/9   kfunc_call/kfunc_call_test_mem_acquire_fail:OK
#179/10  kfunc_call/kfunc_call_test_pointer_arg_type_mismatch:OK
#179/11  kfunc_call/kfunc_call_test_spin_lock_unsafe:OK
#179/12  kfunc_call/kfunc_call_test_spin_lock_safe:OK
#179/13  kfunc_call/kfunc_call_test1:OK
#179/14  kfunc_call/kfunc_call_test2:OK
#179/15  kfunc_call/kfunc_call_test4:OK
#179/16  kfunc_call/kfunc_call_test5:OK
#179/17  kfunc_call/kfunc_call_test5_asm:OK
#179/18  kfunc_call/kfunc_call_test_ref_btf_id:OK
#179/19  kfunc_call/kfunc_call_test_get_mem:OK
#179/20  kfunc_call/kfunc_syscall_test:OK
#179/21  kfunc_call/kfunc_syscall_test_null:OK
#179/22  kfunc_call/kfunc_call_test_static_unused_arg:OK
#179/23  kfunc_call/kfunc_call_ctx:OK
#179/24  kfunc_call/subprog:OK
#179/25  kfunc_call/subprog_lskel:OK
#179/26  kfunc_call/destructive:OK
#179     kfunc_call:OK
Summary: 1/26 PASSED, 0 SKIPPED, 0/0 FAILED
e/prozak/.local/share/vng-venv/lib/python3.12/site-packages/virtme/guest/bin/virtme-ng-init
[    0.000000] x86 CPU feature dependency check failure: CPU0 has '18*32+31' enabled but '18*32+26' disabled. Kernel might be fine, but no guarantees.
[    0.000000] BIOS-provided physical RAM map:
[    0.000000] BIOS-e820: [mem 0x0000000000000000-0x000000000009fbff]  System RAM
[    0.000000] BIOS-e820: [mem 0x000000000009fc00-0x000000000009ffff]  device reserved
[    0.000000] BIOS-e820: [gap 0x00000000000a0000-0x00000000000effff]
[    0.000000] BIOS-e820: [mem 0x00000000000f0000-0x00000000000fffff]  device reserved
[    0.000000] BIOS-e820: [mem 0x0000000000100000-0x00000000bffdffff]  System RAM
[    0.000000] BIOS-e820: [mem 0x00000000bffe0000-0x00000000bfffffff]  device reserved
[    0.000000] BIOS-e820: [gap 0x00000000c0000000-0x00000000feffbfff]
[    0.000000] BIOS-e820: [mem 0x00000000feffc000-0x00000000feffffff]  device reserved
[    0.000000] BIOS-e820: [gap 0x00000000ff000000-0x00000000fffbffff]
[    0.000000] BIOS-e820: [mem 0x00000000fffc0000-0x00000000ffffffff]  device reserved
[    0.000000] BIOS-e820: [mem 0x0000000100000000-0x000000013fffffff]  System RAM
[    0.000000] BIOS-e820: [gap 0x0000000140000000-0x000000fcffffffff]
[    0.000000] BIOS-e820: [mem 0x000000fd00000000-0x000000ffffffffff]  device reserved
[    0.000000] printk: legacy bootconsole [earlyser0] enabled
[    0.000000] NX (Execute Disable) protection: active
[    0.000000] APIC: Static calls initialized
[    0.000000] DMI: SMBIOS 3.0.0 present.
[    0.000000] DMI: QEMU Ubuntu 24.04 PC v2 (i440FX + PIIX, arch_caps fix, 1996), BIOS 1.16.3-debian-1.16.3-2 04/01/2014
[    0.000000] DMI: Memory slots populated: 1/1
[    0.000000] Hypervisor detected: KVM
[    0.000000] last_pfn = 0xbffe0 max_arch_pfn = 0x400000000
[    0.000000] kvm-clock: Using msrs 4b564d01 and 4b564d00
[    0.000002] kvm-clock: using sched offset of 321113279 cycles
[    0.001027] clocksource: kvm-clock: mask: 0xffffffffffffffff max_cycles: 0x1cd42e4dffb, max_idle_ns: 881590591483 ns
[    0.004383] tsc: Detected 3400.040 MHz processor
[    0.005807] e820: update [mem 0x00000000-0x00000fff] System RAM ==> device reserved
[    0.007383] e820: remove [mem 0x000a0000-0x000fffff] System RAM
[    0.008604] last_pfn = 0x140000 max_arch_pfn = 0x400000000
[    0.009923] MTRR map: 4 entries (3 fixed + 1 variable; max 19), built from 8 variable MTRRs
[    0.011654] x86/PAT: Configuration [0-7]: WB  WC  UC- UC  WB  WP  UC- WT  
Memory KASLR using RDRAND RDTSC...
[    0.013989] last_pfn = 0xbffe0 max_arch_pfn = 0x400000000
[    0.016510] found SMP MP-table at [mem 0x000f5450-0x000f545f]
[    0.017777] Using GB pages for direct mapping
[    0.018828] ACPI: Early table checksum verification disabled
[    0.020011] ACPI: RSDP 0x00000000000F5240 000014 (v00 BOCHS )
[    0.021209] ACPI: RSDT 0x00000000BFFE1D9D 000034 (v01 BOCHS  BXPC     00000001 BXPC 00000001)
[    0.023075] ACPI: FACP 0x00000000BFFE1C39 000074 (v01 BOCHS  BXPC     00000001 BXPC 00000001)
[    0.024873] ACPI: DSDT 0x00000000BFFE0040 001BF9 (v01 BOCHS  BXPC     00000001 BXPC 00000001)
[    0.026701] ACPI: FACS 0x00000000BFFE0000 000040
[    0.027670] ACPI: APIC 0x00000000BFFE1CAD 000090 (v03 BOCHS  BXPC     00000001 BXPC 00000001)
[    0.029452] ACPI: HPET 0x00000000BFFE1D3D 000038 (v01 BOCHS  BXPC     00000001 BXPC 00000001)
[    0.031265] ACPI: WAET 0x00000000BFFE1D75 000028 (v01 BOCHS  BXPC     00000001 BXPC 00000001)
[    0.033031] ACPI: Reserving FACP table memory at [mem 0xbffe1c39-0xbffe1cac]
[    0.034585] ACPI: Reserving DSDT table memory at [mem 0xbffe0040-0xbffe1c38]
[    0.036062] ACPI: Reserving FACS table memory at [mem 0xbffe0000-0xbffe003f]
[    0.037523] ACPI: Reserving APIC table memory at [mem 0xbffe1cad-0xbffe1d3c]
[    0.039100] ACPI: Reserving HPET table memory at [mem 0xbffe1d3d-0xbffe1d74]
[    0.040590] ACPI: Reserving WAET table memory at [mem 0xbffe1d75-0xbffe1d9c]
[    0.042612] No NUMA configuration found
[    0.043435] Faking a node at [mem 0x0000000000000000-0x000000013fffffff]
[    0.044808] NODE_DATA(0) allocated [mem 0x13fffbc80-0x13fffffff]
[    0.048180] ACPI: PM-Timer IO Port: 0x608
[    0.049029] ACPI: LAPIC_NMI (acpi_id[0xff] dfl dfl lint[0x1])
[    0.050336] IOAPIC[0]: apic_id 0, version 17, address 0xfec00000, GSI 0-23
[    0.051767] ACPI: INT_SRC_OVR (bus 0 bus_irq 0 global_irq 2 dfl dfl)
[    0.053083] ACPI: INT_SRC_OVR (bus 0 bus_irq 5 global_irq 5 high level)
[    0.054503] ACPI: INT_SRC_OVR (bus 0 bus_irq 9 global_irq 9 high level)
[    0.055877] ACPI: INT_SRC_OVR (bus 0 bus_irq 10 global_irq 10 high level)
[    0.057280] ACPI: INT_SRC_OVR (bus 0 bus_irq 11 global_irq 11 high level)
[    0.058767] ACPI: Using ACPI (MADT) for SMP configuration information
[    0.060106] ACPI: HPET id: 0x8086a201 base: 0xfed00000
[    0.061158] TSC deadline timer available
[    0.062098] CPU topo: Max. logical packages:   1
[    0.062973] CPU topo: Max. logical nodes:      1
[    0.064340] CPU topo: Num. nodes per package:  1
[    0.066159] CPU topo: Max. logical dies:       1
[    0.067882] CPU topo: Max. dies per package:   1
[    0.069769] CPU topo: Max. threads per core:   1
[    0.071486] CPU topo: Num. cores per package:     4
[    0.073328] CPU topo: Num. threads per package:   4
[    0.075242] CPU topo: Allowing 4 present CPUs plus 0 hotplug CPUs
[    0.077773] kvm-guest: APIC: eoi() replaced with kvm_guest_apic_eoi_write()
[    0.079762] kvm-guest: KVM setup pv remote TLB flush
[    0.080762] kvm-guest: setup PV sched yield
[    0.081628] PM: hibernation: Registered nosave memory: [mem 0x00000000-0x00000fff]
[    0.083232] PM: hibernation: Registered nosave memory: [mem 0x0009f000-0x000fffff]
[    0.084805] PM: hibernation: Registered nosave memory: [mem 0xbffe0000-0xffffffff]
[    0.086406] [gap 0xc0000000-0xfeffbfff] available for PCI devices
[    0.087706] Booting paravirtualized kernel on KVM
[    0.088671] clocksource: refined-jiffies: mask: 0xffffffff max_cycles: 0xffffffff, max_idle_ns: 1910969940391419 ns
[    0.096221] Zone ranges:
[    0.096758]   DMA      [mem 0x0000000000001000-0x0000000000ffffff]
[    0.098102]   DMA32    [mem 0x0000000001000000-0x00000000ffffffff]
[    0.099360]   Normal   [mem 0x0000000100000000-0x000000013fffffff]
[    0.100689] Movable zone start for each node
[    0.101561] Early memory node ranges
[    0.102449]   node   0: [mem 0x0000000000001000-0x000000000009efff]
[    0.103752]   node   0: [mem 0x0000000000100000-0x00000000bffdffff]
[    0.105055]   node   0: [mem 0x0000000100000000-0x000000013fffffff]
[    0.106407] Initmem setup node 0 [mem 0x0000000000001000-0x000000013fffffff]
[    0.108909] On node 0, zone DMA: 1 pages in unavailable ranges
[    0.110142] On node 0, zone DMA: 97 pages in unavailable ranges
[    0.144218] On node 0, zone Normal: 32 pages in unavailable ranges
[    0.145545] setup_percpu: NR_CPUS:128 nr_cpumask_bits:4 nr_cpu_ids:4 nr_node_ids:1
[    0.148356] percpu: Embedded 58 pages/cpu s200144 r8192 d29232 u524288
[    0.149855] pcpu-alloc: s200144 r8192 d29232 u524288 alloc=1*2097152
[    0.151156] pcpu-alloc: [0] 0 1 2 3 
[    0.151959] Kernel command line: virtme_hostname=virtme-ng nr_open=1048576 virtme_link_mods=/home/prozak/sources/heimdall_experiment/uml-harness/.build/bpf-next-x86/.virtme_mods/lib/modules/0.0.0 virtme_rw_overlay0=/tmp virtme_console=ttyS0 console=ttyS0 earlyprintk=serial,ttyS0,115200 panic=-1 virtme.exec=`bW91bnQgLXQgYnBmIGJwZmZzIC9zeXMvZnMvYnBmIDI+L2Rldi9udWxsOyAuL3Rlc3RfcHJvZ3MgLXQgJ2tmdW5jX2NhbGwn` virtme_chdir=home/prozak/sources/heimdall_experiment/uml-harness/.build/selftests-output-qemu-lane3 rootfstype=9p rootflags=version=9p2000.L,trans=virtio,access=any,msize=524288 raid=noautodetect rw debug init=/home/prozak/.local/share/vng-venv/lib/python3.12/site-packages/virtme/guest/bin/virtme-ng-init
[    0.166544] Unknown kernel command line parameters "virtme_hostname=virtme-ng nr_open=1048576 virtme_link_mods=/home/prozak/sources/heimdall_experiment/uml-harness/.build/bpf-next-x86/.virtme_mods/lib/modules/0.0.0 virtme_rw_overlay0=/tmp virtme_console=ttyS0 virtme_chdir=home/prozak/sources/heimdall_experiment/uml-harness/.build/selftests-output-qemu-lane3", will be passed to user space.
[    0.175209] random: crng init done
[    0.175933] printk: log buffer data + meta data: 2097152 + 7340032 = 9437184 bytes
[    0.179604] Dentry cache hash table entries: 524288 (order: 10, 4194304 bytes, linear)
[    0.182277] Inode-cache hash table entries: 262144 (order: 9, 2097152 bytes, linear)
[    0.183982] software IO TLB: area num 4.
[    0.224418] Fallback order for Node 0: 0 
[    0.224425] Built 1 zonelists, mobility grouping on.  Total pages: 1048446
[    0.226826] Policy zone: Normal
[    0.227473] mem auto-init: stack:all(zero), heap alloc:off, heap free:off
[    0.235745] SLUB: HWalign=64, Order=0-3, MinObjects=0, CPUs=4, Nodes=1
Poking KASLR using RDRAND RDTSC...
[    0.251235] ftrace: allocating 70083 entries in 276 pages
[    0.252419] ftrace: allocated 276 pages with 3 groups
[    0.253542] Dynamic Preempt: full
[    0.255440] Running RCU self tests
[    0.256172] Running RCU synchronous self tests
[    0.257081] rcu: Preemptible hierarchical RCU implementation.
[    0.258343] rcu: 	RCU event tracing is enabled.
[    0.259307] rcu: 	RCU lockdep checking is enabled.
[    0.260309] rcu: 	RCU restricting CPUs from NR_CPUS=128 to nr_cpu_ids=4.
[    0.261766] 	Trampoline variant of Tasks RCU enabled.
[    0.262823] 	Rude variant of Tasks RCU enabled.
[    0.263768] 	Tracing variant of Tasks RCU enabled.
[    0.264769] rcu: RCU calculated value of scheduler-enlistment delay is 100 jiffies.
[    0.266438] rcu: Adjusting geometry for rcu_fanout_leaf=16, nr_cpu_ids=4
[    0.268854] Running RCU synchronous self tests
[    0.269844] RCU Tasks: Setting shift to 2 and lim to 1 rcu_task_cb_adjust=1 rcu_task_cpu_ids=4.
[    0.271676] RCU Tasks Rude: Setting shift to 2 and lim to 1 rcu_task_cb_adjust=1 rcu_task_cpu_ids=4.
[    0.283177] NR_IRQS: 8448, nr_irqs: 456, preallocated irqs: 16
[    0.284693] rcu: srcu_init: Setting srcu_struct sizes based on contention.
[    0.286225] clocksource: jiffies: mask: 0xffffffff max_cycles: 0xffffffff, max_idle_ns: 1911260446275000 ns
[    0.288501] Console: colour *CGA 80x25
[    0.289343] printk: legacy console [ttyS0] enabled
[    0.289343] printk: legacy console [ttyS0] enabled
[    0.291451] printk: legacy bootconsole [earlyser0] disabled
[    0.291451] printk: legacy bootconsole [earlyser0] disabled
[    0.293878] Lock dependency validator: Copyright (c) 2006 Red Hat, Inc., Ingo Molnar
[    0.295557] ... MAX_LOCKDEP_SUBCLASSES:  8
[    0.296445] ... MAX_LOCK_DEPTH:          48
[    0.297329] ... MAX_LOCKDEP_KEYS:        8192
[    0.298297] ... CLASSHASH_SIZE:          4096
[    0.299225] ... MAX_LOCKDEP_ENTRIES:     32768
[    0.300202] ... MAX_LOCKDEP_CHAINS:      65536
[    0.301143] ... CHAINHASH_SIZE:          32768
[    0.302126]  memory used by lock dependency info: 6429 kB
[    0.303281]  memory used for stack traces: 4224 kB
[    0.304328]  per task-struct memory footprint: 1920 bytes
[    0.305490] ACPI: Core revision 20260408
[    0.306658] clocksource: hpet: mask: 0xffffffff max_cycles: 0xffffffff, max_idle_ns: 19112604467 ns
[    0.308822] APIC: Switch to symmetric I/O mode setup
[    0.310596] x2apic enabled
[    0.312101] APIC: Switched APIC routing to: physical x2apic
[    0.313466] kvm-guest: APIC: send_IPI_mask() replaced with kvm_send_ipi_mask()
[    0.315214] kvm-guest: APIC: send_IPI_mask_allbutself() replaced with kvm_send_ipi_mask_allbutself()
[    0.317269] kvm-guest: setup PV IPIs
[    0.320531] ..TIMER: vector=0x30 apic1=0 pin1=2 apic2=-1 pin2=-1
[    0.322089] clocksource: tsc-early: mask: 0xffffffffffffffff max_cycles: 0x310274de655, max_idle_ns: 440795359465 ns
[    0.324446] Calibrating delay loop (skipped) preset value.. 6800.08 BogoMIPS (lpj=3400040)
[    0.326741] x86/cpu: User Mode Instruction Prevention (UMIP) activated
[    0.327755] Last level iTLB entries: 4KB 512, 2MB 255, 4MB 127
[    0.328440] Last level dTLB entries: 4KB 512, 2MB 255, 4MB 127, 1GB 0
[    0.329455] mitigations: Enabled attack vectors: user_kernel, user_user, SMT mitigations: auto
[    0.330442] Speculative Store Bypass: Mitigation: Speculative Store Bypass disabled via prctl
[    0.331442] Speculative Return Stack Overflow: IBPB-extending microcode not applied!
[    0.332441] Speculative Return Stack Overflow: WARNING: See https://kernel.org/doc/html/latest/admin-guide/hw-vuln/srso.html for mitigation options.
[    0.332443] Transient Scheduler Attacks: Vulnerable: No microcode
[    0.334443] Spectre V2 : Mitigation: Retpolines
[    0.335440] Speculative Return Stack Overflow: Vulnerable: Safe RET, no microcode
[    0.336441] Spectre V1 : Mitigation: usercopy/swapgs barriers and __user pointer sanitization
[    0.337440] Spectre V2 : Spectre v2 / SpectreRSB: Filling RSB on context switch and VMEXIT
[    0.338440] Spectre V2 : Enabling Restricted Speculation for firmware calls
[    0.339446] Spectre V2 : mitigation: Enabling conditional Indirect Branch Prediction Barrier
[    0.340441] active return thunk: srso_alias_return_thunk
[    0.341507] x86/fpu: Supporting XSAVE feature 0x001: 'x87 floating point registers'
[    0.342441] x86/fpu: Supporting XSAVE feature 0x002: 'SSE registers'
[    0.343441] x86/fpu: Supporting XSAVE feature 0x004: 'AVX registers'
[    0.344441] x86/fpu: xstate_offset[2]:  576, xstate_sizes[2]:  256
[    0.345440] x86/fpu: Enabled xstate features 0x7, context size is 832 bytes, using 'compacted' format.
[    0.387311] pid_max: default: 32768 minimum: 301
[    0.387638] SELinux:  Initializing.
[    0.390551] LSM support for eBPF active
[    0.391626] Mount-cache hash table entries: 8192 (order: 4, 65536 bytes, linear)
[    0.392459] Mountpoint-cache hash table entries: 8192 (order: 4, 65536 bytes, linear)
[    0.395976] VFS: Finished mounting rootfs on nullfs
[    0.398644] Running RCU synchronous self tests
[    0.399452] Running RCU synchronous self tests
[    0.400898] smpboot: CPU0: AMD Ryzen 9 5950X 16-Core Processor (family: 0x19, model: 0x21, stepping: 0x2)
[    0.402258] Performance Events: Fam17h+ core perfctr, AMD PMU driver.
[    0.402466] ... version:                   0
[    0.403450] ... bit width:                 48
[    0.404448] ... generic counters:          6
[    0.405447] ... generic bitmap:            000000000000003f
[    0.406450] ... fixed-purpose counters:    0
[    0.407449] ... fixed-purpose bitmap:      0000000000000000
[    0.408449] ... value mask:                0000ffffffffffff
[    0.409448] ... max period:                00007fffffffffff
[    0.410447] ... global_ctrl mask:          000000000000003f
[    0.411914] signal: max sigframe size: 1776
[    0.412696] rcu: Hierarchical SRCU implementation.
[    0.413448] rcu: 	Max phase no-delay instances is 400.
[    0.414674] Timer migration: 1 hierarchy levels; 8 children per group; 1 crossnode level
[    0.429830] smp: Bringing up secondary CPUs ...
[    0.431096] smpboot: x86: Booting SMP configuration:
[    0.431469] .... node  #0, CPUs:      #1 #2 #3
[    0.439742] smp: Brought up 1 node, 4 CPUs
[    0.441454] smpboot: Total of 4 processors activated (27200.32 BogoMIPS)
[    0.443965] Memory: 3966624K/4193784K available (25781K kernel code, 10327K rwdata, 18304K rodata, 4688K init, 13400K bss, 220940K reserved, 0K cma-reserved)
[    0.446644] devtmpfs: initialized
[    0.449904] Running RCU synchronous self tests
[    0.450472] Running RCU synchronous self tests
[    0.451509] Running RCU Tasks wait API self tests
[    0.452515] Running RCU Tasks Rude wait API self tests
[    0.453451] Running RCU Tasks Trace wait API self tests
[    0.454605] posixtimers hash table entries: 2048 (order: 6, 147456 bytes, linear)
[    0.455586] futex hash table entries: 1024 (131072 bytes on 1 NUMA nodes, total 128 KiB, linear).
[    0.457333] PM: RTC time: 17:49:25, date: 2026-09-05
[    0.458602] NET: Registered PF_NETLINK/PF_ROUTE protocol family
[    0.459489] Callback from call_rcu_tasks_trace() invoked.
[    0.461562] audit: initializing netlink subsys (disabled)
[    0.462510] audit: type=2000 audit(1788630566.680:1): state=initialized audit_enabled=0 res=1
[    0.481598] thermal_sys: Registered thermal governor 'step_wise'
[    0.481698] cpuidle: using governor ladder
[    0.483491] cpuidle: using governor menu
[    0.487014] PCI: Using configuration type 1 for base access
[    0.487450] PCI: Using configuration type 1 for extended access
[    0.488711] kprobes: kprobe jump-optimization is enabled. All kprobes are optimized if possible.
[    0.491577] HugeTLB: registered 1.00 GiB page size, pre-allocated 0 pages
[    0.493456] HugeTLB: 16380 KiB vmemmap can be freed for a 1.00 GiB page
[    0.495455] HugeTLB: registered 2.00 MiB page size, pre-allocated 0 pages
[    0.497453] HugeTLB: 28 KiB vmemmap can be freed for a 2.00 MiB page
[    0.505036] ACPI: Added _OSI(Module Device)
[    0.506457] ACPI: Added _OSI(Processor Device)
[    0.508454] ACPI: Added _OSI(Processor Aggregator Device)
[    0.513136] ACPI: 1 ACPI AML tables successfully acquired and loaded
[    0.519471] ACPI: \_SB_: platform _OSC: OS support mask [002a7eee]
[    0.522226] ACPI: Interpreter enabled
[    0.522527] ACPI: PM: (supports S0 S3 S4 S5)
[    0.523462] ACPI: Using IOAPIC for interrupt routing
[    0.525516] PCI: Using host bridge windows from ACPI; if necessary, use "pci=nocrs" and report a bug
[    0.527450] PCI: Using E820 reservations for host bridge windows
[    0.529851] ACPI: Enabled 2 GPEs in block 00 to 0F
[    0.544203] ACPI: PCI Root Bridge [PCI0] (domain 0000 [bus 00-ff])
[    0.547409] PCI host bridge to bus 0000:00
[    0.548461] pci_bus 0000:00: root bus resource [io  0x0000-0x0cf7 window]
[    0.549449] pci_bus 0000:00: root bus resource [io  0x0d00-0xffff window]
[    0.551451] pci_bus 0000:00: root bus resource [mem 0x000a0000-0x000bffff window]
[    0.553451] pci_bus 0000:00: root bus resource [mem 0xc0000000-0xfebfffff window]
[    0.555451] pci_bus 0000:00: root bus resource [mem 0x380000000000-0x38007fffffff window]
[    0.557521] pci_bus 0000:00: root bus resource [bus 00-ff]
[    0.559921] pci 0000:00:00.0: [8086:1237] type 00 class 0x060000 conventional PCI endpoint
[    0.563272] pci 0000:00:01.0: [8086:7000] type 00 class 0x060100 conventional PCI endpoint
[    0.567050] pci 0000:00:01.1: [8086:7010] type 00 class 0x010180 conventional PCI endpoint
[    0.570537] pci 0000:00:01.1: BAR 4 [io  0xc1c0-0xc1cf]
[    0.571535] pci 0000:00:01.1: BAR 0 [io  0x01f0-0x01f7]: legacy IDE quirk
[    0.573448] pci 0000:00:01.1: BAR 1 [io  0x03f6]: legacy IDE quirk
[    0.575451] pci 0000:00:01.1: BAR 2 [io  0x0170-0x0177]: legacy IDE quirk
[    0.576449] pci 0000:00:01.1: BAR 3 [io  0x0376]: legacy IDE quirk
[    0.579314] pci 0000:00:01.3: [8086:7113] type 00 class 0x068000 conventional PCI endpoint
[    0.582336] pci 0000:00:01.3: quirk: [io  0x0600-0x063f] claimed by PIIX4 ACPI
[    0.584471] pci 0000:00:01.3: quirk: [io  0x0700-0x070f] claimed by PIIX4 SMB
[    0.586638] pci 0000:00:02.0: [1af4:1009] type 00 class 0x000200 conventional PCI endpoint
[    0.591468] pci 0000:00:02.0: BAR 0 [io  0xc000-0xc03f]
[    0.592468] pci 0000:00:02.0: BAR 1 [mem 0xfebf8000-0xfebf8fff]
[    0.594520] pci 0000:00:02.0: BAR 4 [mem 0x380000000000-0x380000003fff 64bit pref]
[    0.600089] pci 0000:00:03.0: [8086:25ab] type 00 class 0x088000 conventional PCI endpoint
[    0.603470] pci 0000:00:03.0: BAR 0 [mem 0xfebf9000-0xfebf900f]
[    0.608616] pci 0000:00:04.0: [1af4:1003] type 00 class 0x078000 conventional PCI endpoint
[    0.612051] pci 0000:00:04.0: BAR 0 [io  0xc040-0xc07f]
[    0.613492] pci 0000:00:04.0: BAR 1 [mem 0xfebfa000-0xfebfafff]
[    0.614527] pci 0000:00:04.0: BAR 4 [mem 0x380000004000-0x380000007fff 64bit pref]
[    0.620181] pci 0000:00:05.0: [1af4:1003] type 00 class 0x078000 conventional PCI endpoint
[    0.624236] pci 0000:00:05.0: BAR 0 [io  0xc080-0xc0bf]
[    0.625472] pci 0000:00:05.0: BAR 1 [mem 0xfebfb000-0xfebfbfff]
[    0.627522] pci 0000:00:05.0: BAR 4 [mem 0x380000008000-0x38000000bfff 64bit pref]
[    0.633243] pci 0000:00:06.0: [1af4:1003] type 00 class 0x078000 conventional PCI endpoint
[    0.636467] pci 0000:00:06.0: BAR 0 [io  0xc0c0-0xc0ff]
[    0.638470] pci 0000:00:06.0: BAR 1 [mem 0xfebfc000-0xfebfcfff]
[    0.639515] pci 0000:00:06.0: BAR 4 [mem 0x38000000c000-0x38000000ffff 64bit pref]
[    0.645186] pci 0000:00:07.0: [1af4:1003] type 00 class 0x078000 conventional PCI endpoint
[    0.648467] pci 0000:00:07.0: BAR 0 [io  0xc100-0xc13f]
[    0.649469] pci 0000:00:07.0: BAR 1 [mem 0xfebfd000-0xfebfdfff]
[    0.651516] pci 0000:00:07.0: BAR 4 [mem 0x380000010000-0x380000013fff 64bit pref]
[    0.657640] pci 0000:00:08.0: [1af4:1003] type 00 class 0x078000 conventional PCI endpoint
[    0.660762] pci 0000:00:08.0: BAR 0 [io  0xc140-0xc17f]
[    0.661471] pci 0000:00:08.0: BAR 1 [mem 0xfebfe000-0xfebfefff]
[    0.663518] pci 0000:00:08.0: BAR 4 [mem 0x380000014000-0x380000017fff 64bit pref]
[    0.669306] pci 0000:00:09.0: [1af4:1003] type 00 class 0x078000 conventional PCI endpoint
[    0.671814] pci 0000:00:09.0: BAR 0 [io  0xc180-0xc1bf]
[    0.673468] pci 0000:00:09.0: BAR 1 [mem 0xfebff000-0xfebfffff]
[    0.674511] pci 0000:00:09.0: BAR 4 [mem 0x380000018000-0x38000001bfff 64bit pref]
[    0.686853] ACPI: PCI: Interrupt link LNKA configured for IRQ 10
[    0.687779] ACPI: PCI: Interrupt link LNKB configured for IRQ 10
[    0.689727] ACPI: PCI: Interrupt link LNKC configured for IRQ 11
[    0.691725] ACPI: PCI: Interrupt link LNKD configured for IRQ 11
[    0.693612] ACPI: PCI: Interrupt link LNKS configured for IRQ 9
[    0.696511] iommu: Default domain type: Translated
[    0.697450] iommu: DMA domain TLB invalidation policy: lazy mode
[    0.699526] SCSI subsystem initialized
[    0.701544] libata version 3.00 loaded.
[    0.702613] ACPI: bus type USB registered
[    0.703591] usbcore: registered new interface driver usbfs
[    0.704535] usbcore: registered new interface driver hub
[    0.706497] usbcore: registered new device driver usb
[    0.707615] pps_core: LinuxPPS API ver. 1 registered
[    0.708450] pps_core: Software ver. 5.3.6 - Copyright 2005-2007 Rodolfo Giometti <giometti@linux.it>
[    0.710468] PTP clock support registered
[    0.713715] Advanced Linux Sound Architecture Driver Initialized.
[    0.716754] NetLabel: Initializing
[    0.717449] NetLabel:  domain hash size = 128
[    0.718449] NetLabel:  protocols = UNLABELED CIPSOv4 CALIPSO
[    0.719511] NetLabel:  unlabeled traffic allowed by default
[    0.721723] PCI: Using ACPI for IRQ routing
[    0.723452] PCI: pci_cache_line_size set to 64 bytes
[    0.724886] e820: register RAM buffer resource [mem 0x0009fc00-0x0009ffff]
[    0.726453] e820: register RAM buffer resource [mem 0xbffe0000-0xbfffffff]
[    0.728615] vgaarb: loaded
[    0.729637] hpet0: at MMIO 0xfed00000, IRQs 2, 8, 0
[    0.730448] hpet0: 3 comparators, 64-bit 100.000000 MHz counter
[    0.737792] clocksource: Switched to clocksource kvm-clock
[    0.740300] VFS: Disk quotas dquot_6.6.0
[    0.741387] VFS: Dquot-cache hash table entries: 512 (4096 bytes)
[    0.745143] pnp: PnP ACPI init
[    0.746643] pnp 00:02: [dma 2]
[    0.748485] pnp: PnP ACPI: found 4 devices
[    0.764485] Callback from call_rcu_tasks() invoked.
[    0.767775] clocksource: acpi_pm: mask: 0xffffff max_cycles: 0xffffff, max_idle_ns: 2085701024 ns
[    0.770333] NET: Registered PF_INET protocol family
[    0.772943] IP idents hash table entries: 65536 (order: 7, 524288 bytes, linear)
[    0.775708] tcp_listen_portaddr_hash hash table entries: 2048 (order: 6, 147456 bytes, linear)
[    0.778175] Table-perturb hash table entries: 65536 (order: 6, 262144 bytes, linear)
[    0.780151] TCP established hash table entries: 32768 (order: 6, 262144 bytes, linear)
[    0.783277] TCP bind hash table entries: 32768 (order: 11, 4718592 bytes, vmalloc hugepage)
[    0.791815] TCP: Hash tables configured (established 32768 bind 32768)
[    0.794856] MPTCP token hash table entries: 4096 (order: 7, 360448 bytes, linear)
[    0.797776] UDP hash table entries: 2048 (order: 7, 524288 bytes, linear)
[    0.800672] NET: Registered PF_UNIX/PF_LOCAL protocol family
[    0.804642] RPC: Registered named UNIX socket transport module.
[    0.806291] RPC: Registered udp transport module.
[    0.807463] RPC: Registered tcp transport module.
[    0.808866] RPC: Registered tcp-with-tls transport module.
[    0.810719] RPC: Registered tcp NFSv4.1 backchannel transport module.
[    0.814626] NET: Registered PF_XDP protocol family
[    0.816585] pci_bus 0000:00: resource 4 [io  0x0000-0x0cf7 window]
[    0.818826] pci_bus 0000:00: resource 5 [io  0x0d00-0xffff window]
[    0.821158] pci_bus 0000:00: resource 6 [mem 0x000a0000-0x000bffff window]
[    0.823710] pci_bus 0000:00: resource 7 [mem 0xc0000000-0xfebfffff window]
[    0.826317] pci_bus 0000:00: resource 8 [mem 0x380000000000-0x38007fffffff window]
[    0.829445] pci 0000:00:01.0: PIIX3: Enabling Passive Release
[    0.831692] pci 0000:00:00.0: Limiting direct PCI/PCI transfers
[    0.834417] PCI: CLS 0 bytes, default 64
[    0.836296] PCI-DMA: Using software bounce buffering for IO (SWIOTLB)
[    0.838787] software IO TLB: mapped [mem 0x00000000bbfe0000-0x00000000bffe0000] (64MB)
[    0.842471] clocksource: tsc: mask: 0xffffffffffffffff max_cycles: 0x310274de655, max_idle_ns: 440795359465 ns
[    0.851914] Initialise system trusted keyrings
[    0.853412] workingset: timestamp_bits=40 (anon: 35) max_order=20 bucket_order=0 (anon: 0)
[    0.856173] squashfs: version 4.0 (2009/01/31) Phillip Lougher
[    0.859176] NFS: Registering the id_resolver key type
[    0.860591] Key type id_resolver registered
[    0.861716] Key type id_legacy registered
[    0.862798] nfs4filelayout_init: NFSv4 File Layout Driver Registering...
[    0.864678] nfs4flexfilelayout_init: NFSv4 Flexfile Layout Driver Registering...
[    0.866749] fuse: init (API version 7.45)
[    0.868081] 9p: Installing v9fs 9p2000 file system support
[    0.870777] NET: Registered PF_ALG protocol family
[    0.872020] Key type asymmetric registered
[    0.873033] Asymmetric key parser 'x509' registered
[    0.874314] Block layer SCSI generic (bsg) driver version 0.4 loaded (major 248)
[    0.876594] io scheduler mq-deadline registered
[    0.877730] io scheduler kyber registered
[    0.879830] input: Power Button as /devices/platform/LNXPWRBN:00/input/input0
[    0.882033] ACPI: button: Power Button [PWRF]
[    1.022964] ACPI: \_SB_.LNKB: Enabled at IRQ 10
[    1.158748] ACPI: \_SB_.LNKD: Enabled at IRQ 11
[    1.295333] ACPI: \_SB_.LNKA: Enabled at IRQ 10
[    1.575575] ACPI: \_SB_.LNKC: Enabled at IRQ 11
[    1.828930] kwatchdog (73) used greatest stack depth: 14776 bytes left
[    1.857017] Serial: 8250/16550 driver, 4 ports, IRQ sharing enabled
[    1.859664] 00:03: ttyS0 at I/O 0x3f8 (irq = 4, base_baud = 115200) is a 16550A
[    2.039976] Non-volatile memory driver v1.3
[    2.041888] ACPI: bus type drm_connector registered
[    2.060505] brd: module loaded
[    2.072032] loop: module loaded
[    2.077099] scsi host0: ata_piix
[    2.078896] scsi host1: ata_piix
[    2.079996] ata1: PATA max MWDMA2 cmd 0x1f0 ctl 0x3f6 bmdma 0xc1c0 irq 14 lpm-pol 0
[    2.081807] ata2: PATA max MWDMA2 cmd 0x170 ctl 0x376 bmdma 0xc1c8 irq 15 lpm-pol 0
[    2.087806] tun: Universal TUN/TAP device driver, 1.6
[    2.089623] e100: Intel(R) PRO/100 Network Driver
[    2.090871] e100: Copyright(c) 1999-2006 Intel Corporation
[    2.092542] e1000: Intel(R) PRO/1000 Network Driver
[    2.093761] e1000: Copyright (c) 1999-2006 Intel Corporation.
[    2.095514] e1000e: Intel(R) PRO/1000 Network Driver
[    2.097317] e1000e: Copyright(c) 1999 - 2015 Intel Corporation.
[    2.099680] sky2: driver version 1.30
[    2.102727] usbcore: registered new interface driver usblp
[    2.106424] usbcore: registered new interface driver usb-storage
[    2.112956] i8042: PNP: PS/2 Controller [PNP0303:KBD,PNP0f13:MOU] at 0x60,0x64 irq 1,12
[    2.121134] serio: i8042 KBD port at 0x60,0x64 irq 1
[    2.123178] serio: i8042 AUX port at 0x60,0x64 irq 12
[    2.128208] rtc_cmos PNP0B00:00: RTC can wake from S4
[    2.130699] input: AT Translated Set 2 keyboard as /devices/platform/i8042/serio0/input/input1
[    2.135545] rtc_cmos PNP0B00:00: registered as rtc0
[    2.138378] rtc_cmos PNP0B00:00: alarms up to one day, y3k, 242 bytes nvram, hpet irqs
[    2.142423] Registered IR keymap rc-empty
[    2.144179] rc rc0: rc-core loopback device as /devices/virtual/rc/rc0
[    2.146643] rc rc0: lirc_dev: driver rc-loopback registered at minor = 0, raw IR receiver, raw IR transmitter
[    2.149697] input: rc-core loopback device as /devices/virtual/rc/rc0/input4
[    2.152403] intel_powerclamp: CPU does not support MWAIT
[    2.153767] device-mapper: core: CONFIG_IMA_DISABLE_HTABLE is disabled. Duplicate IMA measurements will not be recorded in the IMA log.
[    2.157044] device-mapper: ioctl: 4.50.0-ioctl (2025-04-28) initialised: dm-devel@lists.linux.dev
[    2.159793] hid: raw HID events driver (C) Jiri Kosina
[    2.162853] usbcore: registered new interface driver usbhid
[    2.164237] usbhid: USB HID core driver
[    2.166502] GACT probability NOT on
[    2.167431] Mirror/redirect action on
[    2.169078] nf_conntrack_irc: The irc conntrack helper is scheduled for removal.
[    2.169078] Please contact the netfilter-devel mailing list if you still need this.
[    2.174490] ipip: IPv4 and MPLS over IPv4 tunneling driver
[    2.176631] gre: GRE over IPv4 demultiplexer driver
[    2.177825] ip_gre: GRE over IPv4 tunneling driver
[    2.181511] Initializing XFRM netlink socket
[    2.182598] IPsec XFRM device driver
[    2.183573] NET: Registered PF_INET6 protocol family
[    2.186076] Segment Routing with IPv6
[    2.187017] In-situ OAM (IOAM) with IPv6
[    2.188079] mip6: Mobile IPv6
[    2.188879] sit: IPv6, IPv4 and MPLS over IPv4 tunneling driver
[    2.191625] ip6_gre: GRE over IPv6 tunneling driver
[    2.193665] NET: Registered PF_PACKET protocol family
[    2.194958] RPC: Registered rdma transport module.
[    2.196238] RPC: Registered rdma backchannel transport module.
[    2.198157] 8021q: 802.1Q VLAN Support v1.8
[    2.199966] smc: adding smcd device lo without pnetid
[    2.201638] NET: Registered PF_SMC protocol family
[    2.203362] 9pnet: Installing 9P2000 support
[    2.206502] Key type dns_resolver registered
[    2.208050] NET: Registered PF_VSOCK protocol family
[    2.209474] mpls_gso: MPLS GSO support
[    2.212875] IPI shorthand broadcast: enabled
[    2.236654] ata2: found unknown device (class 0)
[    2.239126] ata2.00: ATAPI: QEMU DVD-ROM, 2.5+, max UDMA/100
[    2.243367] scsi 1:0:0:0: CD-ROM            QEMU     QEMU DVD-ROM     2.5+ PQ: 0 ANSI: 5
[    2.261520] sched_clock: Marking stable (2231013202, 30212836)->(2322951417, -61725379)
[    2.264727] registered taskstats version 1
[    2.270639] sr 1:0:0:0: [sr0] scsi3-mmc drive: 4x/4x cd/rw xa/form2 tray
[    2.283694] Loading compiled-in X.509 certificates
[    2.285566] kworker/u16:1 (93) used greatest stack depth: 14184 bytes left
[    2.286850] Loaded X.509 cert 'Build time autogenerated kernel key: c4531344b9a9c1a4731230d977a262ba29ba5272'
[    2.290359] cdrom: Uniform CD-ROM driver Revision: 3.20
[    2.305557] sr 1:0:0:0: Attached scsi CD-ROM sr0
[    2.308404] sr 1:0:0:0: Attached scsi generic sg0 type 5
[    2.330466] Demotion targets for Node 0: null
[    2.332059] ima: No TPM chip found, activating TPM-bypass!
[    2.333412] ima: Allocated hash algorithm: sha1
[    2.334647] ima: No architecture policies found
[    2.336672] PM:   Magic number: 10:983:844
[    2.337803] netconsole: network logging started
[    2.339631] cfg80211: Loading compiled-in X.509 certificates for regulatory database
[    2.342457] Loaded X.509 cert 'sforshee: 00b28ddf47aef9cea7'
[    2.343912] Loaded X.509 cert 'wens: 61c038651aabdcf94bd0ac7ff06c7248db18c600'
[    2.345974] faux_driver regulatory: Direct firmware load for regulatory.db failed with error -2
[    2.346379] ALSA device list:
[    2.348314] cfg80211: failed to load regulatory.db
[    2.348997]   No soundcards found.
[    2.559354] input: ImExPS/2 Generic Explorer Mouse as /devices/platform/i8042/serio1/input/input3
[    2.561618] md: Skipping autodetection of RAID arrays. (raid=autodetect will force)
[    2.563288] 9p: Bad value for 'source'
[    2.564079] 9pnet: Limiting 'msize' to 512000 as this is the maximum supported by transport virtio
[    2.568343] VFS: Mounted root (9p filesystem) on device 0:24.
[    2.570603] devtmpfs: mounted
[    2.571415] VFS: Pivoted into new rootfs
[    2.577030] Freeing unused kernel image (initmem) memory: 4688K
[    2.578028] Write protecting the kernel read-only data: 45056k
[    2.579966] Freeing unused kernel image (text/rodata gap) memory: 840K
[    2.581247] Freeing unused kernel image (rodata/data gap) memory: 128K
[    2.624046] x86/mm: Checked W+X mappings: passed, no W+X pages found.
[    2.625156] Run /home/prozak/.local/share/vng-venv/lib/python3.12/site-packages/virtme/guest/bin/virtme-ng-init as init process
[    2.626961]   with arguments:
[    2.627498]     /home/prozak/.local/share/vng-venv/lib/python3.12/site-packages/virtme/guest/bin/virtme-ng-init
[    2.629116]   with environment:
[    2.629659]     HOME=/
[    2.630057]     TERM=linux
[    2.630525]     virtme_hostname=virtme-ng
[    2.631186]     nr_open=1048576
[    2.631773]     virtme_link_mods=/home/prozak/sources/heimdall_experiment/uml-harness/.build/bpf-next-x86/.virtme_mods/lib/modules/0.0.0
[    2.633782]     virtme_rw_overlay0=/tmp
[    2.634424]     virtme_console=ttyS0
[    2.635062]     virtme_chdir=home/prozak/sources/heimdall_experiment/uml-harness/.build/selftests-output-qemu-lane3
[    2.741900] virtme-ng-init: mount devtmpfs -> /dev: EBUSY: Device or resource busy
[    2.744164] virtme-ng-init: Setting hostname to virtme-ng...
[    2.790872] virtme-ng-init: running systemd-tmpfiles
[    4.158562] systemd-tmpfile (100) used greatest stack depth: 12520 bytes left
[    4.158677] virtme-ng-init: basic initialization done
[    4.179372] virtme-ng-init: error creating file: Permission denied (os error 13)
[    4.277098] ip (105) used greatest stack depth: 11832 bytes left
[    4.415557] virtme-ng-init: Starting systemd-udevd version 255.4-1ubuntu8.17
[    4.418047] virtme-ng-init: triggering udev coldplug
[    8.631622] virtme-ng-init: waiting for udev to settle
[    9.525347] virtme-ng-init: udev is done
[    9.530342] virtme-ng-init: starting script
[    9.913672] bpf_testmod: loading out-of-tree module taints kernel.
[    9.914836] bpf_testmod: module verification failed: signature and/or required key missing - tainting kernel
[   10.737465] test_progs (161) used greatest stack depth: 11152 bytes left
[   10.745721] smc: removing smcd device lo
[   10.836994] ACPI: PM: Preparing to enter system sleep state S5
[   10.838727] reboot: Power down
