[swap] installed kprobe_multi_sleepable.bpf.o as kprobe_multi_sleepable.bpf.o (rust)
  GEN-SKEL     [test_progs] kprobe_multi_sleepable.skel.h
  LINK-BPF     [test_progs] test_static_linked.bpf.o
  LINK-BPF     [test_progs] linked_funcs.bpf.o
  LINK-BPF     [test_progs] linked_vars.bpf.o
  LINK-BPF     [test_progs] linked_maps.bpf.o
  LINK-BPF     [test_progs] test_subskeleton.bpf.o
  LINK-BPF     [test_progs] test_subskeleton_lib.bpf.o
  LINK-BPF     [test_progs] test_usdt.bpf.o
  GEN-SKEL     [test_progs] test_static_linked.skel.h
  LINK-BPF     [test_progs] tracing_multi.bpf.o
  GEN-SKEL     [test_progs] linked_funcs.skel.h
  LINK-BPF     [test_progs] tracing_multi_module.bpf.o
  GEN-SKEL     [test_progs] linked_maps.skel.h
  GEN-SKEL     [test_progs] linked_vars.skel.h
  LINK-BPF     [test_progs] tracing_multi_intersect.bpf.o
  LINK-BPF     [test_progs] tracing_multi_session.bpf.o
  GEN-SKEL     [test_progs] test_subskeleton.skel.h
  GEN-SKEL     [test_progs] test_usdt.skel.h
  GEN-SKEL     [test_progs] test_subskeleton_lib.skel.h
  GEN-SKEL     [test_progs] tracing_multi_session.skel.h
  LINK-BPF     [test_progs-cpuv4] test_static_linked.bpf.o
  LINK-BPF     [test_progs-cpuv4] linked_funcs.bpf.o
  LINK-BPF     [test_progs-cpuv4] linked_vars.bpf.o
  GEN-SKEL     [test_progs] tracing_multi.skel.h
  LINK-BPF     [test_progs-cpuv4] linked_maps.bpf.o
  LINK-BPF     [test_progs-cpuv4] test_subskeleton.bpf.o
  GEN-SKEL     [test_progs] tracing_multi_intersect.skel.h
  LINK-BPF     [test_progs-cpuv4] test_subskeleton_lib.bpf.o
  GEN-SKEL     [test_progs] tracing_multi_module.skel.h
  LINK-BPF     [test_progs-cpuv4] test_usdt.bpf.o
  LINK-BPF     [test_progs-cpuv4] tracing_multi.bpf.o
  LINK-BPF     [test_progs-cpuv4] tracing_multi_module.bpf.o
  LINK-BPF     [test_progs-cpuv4] tracing_multi_intersect.bpf.o
  LINK-BPF     [test_progs-cpuv4] tracing_multi_session.bpf.o
  GEN-SKEL     [test_progs-cpuv4] linked_maps.skel.h
  GEN-SKEL     [test_progs-cpuv4] test_static_linked.skel.h
  GEN-SKEL     [test_progs-cpuv4] test_subskeleton_lib.skel.h
  GEN-SKEL     [test_progs-cpuv4] test_subskeleton.skel.h
  GEN-SKEL     [test_progs-cpuv4] tracing_multi_module.skel.h
  GEN-SKEL     [test_progs-cpuv4] tracing_multi_intersect.skel.h
  GEN-SKEL     [test_progs-cpuv4] linked_funcs.skel.h
  GEN-SKEL     [test_progs-cpuv4] linked_vars.skel.h
  GEN-SKEL     [test_progs-cpuv4] test_usdt.skel.h
  GEN-SKEL     [test_progs-cpuv4] tracing_multi.skel.h
  GEN-SKEL     [test_progs-cpuv4] tracing_multi_session.skel.h
  LINK-BPF     [test_progs-no_alu32] test_static_linked.bpf.o
  LINK-BPF     [test_progs-no_alu32] linked_funcs.bpf.o
  LINK-BPF     [test_progs-no_alu32] linked_vars.bpf.o
  LINK-BPF     [test_progs-no_alu32] linked_maps.bpf.o
  LINK-BPF     [test_progs-no_alu32] test_subskeleton.bpf.o
  LINK-BPF     [test_progs-no_alu32] test_subskeleton_lib.bpf.o
  LINK-BPF     [test_progs-no_alu32] test_usdt.bpf.o
  LINK-BPF     [test_progs-no_alu32] tracing_multi.bpf.o
  LINK-BPF     [test_progs-no_alu32] tracing_multi_module.bpf.o
  GEN-SKEL     [test_progs-no_alu32] test_static_linked.skel.h
  GEN-SKEL     [test_progs-no_alu32] linked_funcs.skel.h
  LINK-BPF     [test_progs-no_alu32] tracing_multi_intersect.bpf.o
  LINK-BPF     [test_progs-no_alu32] tracing_multi_session.bpf.o
  GEN-SKEL     [test_progs-no_alu32] test_subskeleton.skel.h
  GEN-SKEL     [test_progs-no_alu32] linked_vars.skel.h
  GEN-SKEL     [test_progs-no_alu32] linked_maps.skel.h
  GEN-SKEL     [test_progs-no_alu32] test_subskeleton_lib.skel.h
  GEN-SKEL     [test_progs-no_alu32] tracing_multi_module.skel.h
  GEN-SKEL     [test_progs-no_alu32] tracing_multi.skel.h
  GEN-SKEL     [test_progs-no_alu32] tracing_multi_intersect.skel.h
  GEN-SKEL     [test_progs-no_alu32] test_usdt.skel.h
  GEN-SKEL     [test_progs-no_alu32] tracing_multi_session.skel.h
  LINK-BPF     [test_progs] test_static_linked.bpf.o
  LINK-BPF     [test_progs] linked_funcs.bpf.o
  LINK-BPF     [test_progs] linked_vars.bpf.o
  LINK-BPF     [test_progs] linked_maps.bpf.o
  LINK-BPF     [test_progs] test_subskeleton.bpf.o
  LINK-BPF     [test_progs] test_subskeleton_lib.bpf.o
  LINK-BPF     [test_progs] test_usdt.bpf.o
  GEN-SKEL     [test_progs] test_static_linked.skel.h
  LINK-BPF     [test_progs] tracing_multi.bpf.o
  GEN-SKEL     [test_progs] test_subskeleton.skel.h
  GEN-SKEL     [test_progs] linked_funcs.skel.h
  GEN-SKEL     [test_progs] linked_vars.skel.h
  LINK-BPF     [test_progs] tracing_multi_module.bpf.o
  LINK-BPF     [test_progs] tracing_multi_intersect.bpf.o
  LINK-BPF     [test_progs] tracing_multi_session.bpf.o
  GEN-SKEL     [test_progs] linked_maps.skel.h
  GEN-SKEL     [test_progs] test_subskeleton_lib.skel.h
  GEN-SKEL     [test_progs] test_usdt.skel.h
  GEN-SKEL     [test_progs] tracing_multi_module.skel.h
  GEN-SKEL     [test_progs] tracing_multi_session.skel.h
  GEN-SKEL     [test_progs] tracing_multi_intersect.skel.h
  GEN-SKEL     [test_progs] tracing_multi.skel.h
  LINK-BPF     [test_progs-cpuv4] test_static_linked.bpf.o
  LINK-BPF     [test_progs-cpuv4] linked_funcs.bpf.o
  LINK-BPF     [test_progs-cpuv4] linked_vars.bpf.o
  LINK-BPF     [test_progs-cpuv4] linked_maps.bpf.o
  LINK-BPF     [test_progs-cpuv4] test_subskeleton.bpf.o
  LINK-BPF     [test_progs-cpuv4] test_subskeleton_lib.bpf.o
  LINK-BPF     [test_progs-cpuv4] test_usdt.bpf.o
  LINK-BPF     [test_progs-cpuv4] tracing_multi.bpf.o
  LINK-BPF     [test_progs-cpuv4] tracing_multi_module.bpf.o
  LINK-BPF     [test_progs-cpuv4] tracing_multi_intersect.bpf.o
  GEN-SKEL     [test_progs-cpuv4] test_static_linked.skel.h
  GEN-SKEL     [test_progs-cpuv4] linked_vars.skel.h
  LINK-BPF     [test_progs-cpuv4] tracing_multi_session.bpf.o
  GEN-SKEL     [test_progs-cpuv4] test_subskeleton_lib.skel.h
  GEN-SKEL     [test_progs-cpuv4] linked_funcs.skel.h
  GEN-SKEL     [test_progs-cpuv4] linked_maps.skel.h
  GEN-SKEL     [test_progs-cpuv4] tracing_multi_module.skel.h
  GEN-SKEL     [test_progs-cpuv4] tracing_multi.skel.h
  GEN-SKEL     [test_progs-cpuv4] test_usdt.skel.h
  GEN-SKEL     [test_progs-cpuv4] test_subskeleton.skel.h
  GEN-SKEL     [test_progs-cpuv4] tracing_multi_session.skel.h
  GEN-SKEL     [test_progs-cpuv4] tracing_multi_intersect.skel.h
  LINK-BPF     [test_progs-no_alu32] test_static_linked.bpf.o
  LINK-BPF     [test_progs-no_alu32] linked_funcs.bpf.o
  LINK-BPF     [test_progs-no_alu32] linked_vars.bpf.o
  LINK-BPF     [test_progs-no_alu32] linked_maps.bpf.o
  LINK-BPF     [test_progs-no_alu32] test_subskeleton.bpf.o
  LINK-BPF     [test_progs-no_alu32] test_subskeleton_lib.bpf.o
  LINK-BPF     [test_progs-no_alu32] test_usdt.bpf.o
  LINK-BPF     [test_progs-no_alu32] tracing_multi.bpf.o
  GEN-SKEL     [test_progs-no_alu32] test_static_linked.skel.h
  LINK-BPF     [test_progs-no_alu32] tracing_multi_module.bpf.o
  LINK-BPF     [test_progs-no_alu32] tracing_multi_intersect.bpf.o
  LINK-BPF     [test_progs-no_alu32] tracing_multi_session.bpf.o
  GEN-SKEL     [test_progs-no_alu32] test_subskeleton_lib.skel.h
  GEN-SKEL     [test_progs-no_alu32] linked_vars.skel.h
  GEN-SKEL     [test_progs-no_alu32] linked_maps.skel.h
  GEN-SKEL     [test_progs-no_alu32] test_subskeleton.skel.h
  GEN-SKEL     [test_progs-no_alu32] test_usdt.skel.h
  GEN-SKEL     [test_progs-no_alu32] tracing_multi_intersect.skel.h
  GEN-SKEL     [test_progs-no_alu32] tracing_multi_session.skel.h
  GEN-SKEL     [test_progs-no_alu32] tracing_multi.skel.h
  GEN-SKEL     [test_progs-no_alu32] linked_funcs.skel.h
  GEN-SKEL     [test_progs-no_alu32] tracing_multi_module.skel.h
/home/prozak/sources/heimdall_experiment/uml-harness/.build/bpf-next-x86/tools/testing/selftests/bpf/prog_tests/kprobe_multi_test.c: In function ‘test_attach_api_fails’:
/home/prozak/sources/heimdall_experiment/uml-harness/.build/bpf-next-x86/tools/testing/selftests/bpf/prog_tests/kprobe_multi_test.c:362:32: error: assignment to ‘enum c_void *’ from incompatible pointer type ‘struct kprobe_multi_sleepable *’ [-Werror=incompatible-pointer-types]
  362 |         sl_skel->bss->user_ptr = sl_skel;
      |                                ^
cc1: all warnings being treated as errors
  SKIP-TEST    kprobe_multi_test.test.o
failed to rebuild kprobe_multi_test.test.o
