#186/1   kprobe_multi_bench_attach/kernel:OK
#186/2   kprobe_multi_bench_attach/modules:OK
#186/3   kprobe_multi_bench_attach/kernel:OK
#186/4   kprobe_multi_bench_attach/modules:OK
#186     kprobe_multi_bench_attach:OK
#187/1   kprobe_multi_test/skel_api:OK
#187/2   kprobe_multi_test/link_api_addrs:OK
#187/3   kprobe_multi_test/link_api_syms:OK
#187/4   kprobe_multi_test/attach_api_pattern:OK
#187/5   kprobe_multi_test/attach_api_addrs:OK
#187/6   kprobe_multi_test/attach_api_syms:OK
#187/7   kprobe_multi_test/attach_api_fails:OK
#187/8   kprobe_multi_test/attach_override:OK
#187/9   kprobe_multi_test/override:OK
#187/10  kprobe_multi_test/session:OK
#187/11  kprobe_multi_test/session_cookie:OK
#187/12  kprobe_multi_test/unique_match:OK
#187/13  kprobe_multi_test/attach_write_ctx:OK
#187/14  kprobe_multi_test/dup_sym:OK
#187/15  kprobe_multi_test/kprobe_session_return_0:OK
#187/16  kprobe_multi_test/kprobe_session_return_1:OK
#187/17  kprobe_multi_test/kprobe_session_return_2:OK
#187     kprobe_multi_test:OK
#188/1   kprobe_multi_testmod_test/testmod_attach_api_syms:OK
#188/2   kprobe_multi_testmod_test/testmod_attach_api_addrs:OK
#188     kprobe_multi_testmod_test:OK
Summary: 3/23 PASSED, 0 SKIPPED, 0/0 FAILED
ent/uml-harness/.build/selftests-output-qemu-lane1 rootfstype=9p rootflags=version=9p2000.L,trans=virtio,access=any,msize=524288 raid=noautodetect rw debug init=/home/prozak/.local/share/vng-venv/lib/python3.12/site-packages/virtme/guest/bin/virtme-ng-init
[    0.000000] x86 CPU feature dependency check failure: CPU0 has '18*32+31' enabled but '18*32+26' disabled. Kernel might be fine, but no guarantees.
[    0.000000] BIOS-provided physical RAM map:
[    0.000000] BIOS-e820: [mem 0x0000000000000000-0x000000000009fbff]  System RAM
[    0.000000] BIOS-e820: [mem 0x000000000009fc00-0x000000000009ffff]  device reserved
[    0.000000] BIOS-e820: [gap 0x00000000000a0000-0x00000000000effff]
[    0.000000] BIOS-e820: [mem 0x00000000000f0000-0x00000000000fffff]  device reserved
[    0.000000] BIOS-e820: [mem 0x0000000000100000-0x00000000bffdffff]  System RAM
[    0.000000] BIOS-e820: [mem 0x00000000bffe0000-0x00000000bfffffff]  device reserved
[    0.000000] BIOS-e820: [gap 0x00000000c0000000-0x00000000feffbfff]
[    0.000000] BIOS-e820: [mem 0x00000000feffc000-0x00000000feffffff]  device reserved
[    0.000000] BIOS-e820: [gap 0x00000000ff000000-0x00000000fffbffff]
[    0.000000] BIOS-e820: [mem 0x00000000fffc0000-0x00000000ffffffff]  device reserved
[    0.000000] BIOS-e820: [mem 0x0000000100000000-0x000000013fffffff]  System RAM
[    0.000000] BIOS-e820: [gap 0x0000000140000000-0x000000fcffffffff]
[    0.000000] BIOS-e820: [mem 0x000000fd00000000-0x000000ffffffffff]  device reserved
[    0.000000] printk: legacy bootconsole [earlyser0] enabled
[    0.000000] NX (Execute Disable) protection: active
[    0.000000] APIC: Static calls initialized
[    0.000000] DMI: SMBIOS 3.0.0 present.
[    0.000000] DMI: QEMU Ubuntu 24.04 PC v2 (i440FX + PIIX, arch_caps fix, 1996), BIOS 1.16.3-debian-1.16.3-2 04/01/2014
[    0.000000] DMI: Memory slots populated: 1/1
[    0.000000] Hypervisor detected: KVM
[    0.000000] last_pfn = 0xbffe0 max_arch_pfn = 0x400000000
[    0.000000] kvm-clock: Using msrs 4b564d01 and 4b564d00
[    0.000007] kvm-clock: using sched offset of 577166062 cycles
[    0.001668] clocksource: kvm-clock: mask: 0xffffffffffffffff max_cycles: 0x1cd42e4dffb, max_idle_ns: 881590591483 ns
[    0.007521] tsc: Detected 3400.040 MHz processor
[    0.009815] e820: update [mem 0x00000000-0x00000fff] System RAM ==> device reserved
[    0.012630] e820: remove [mem 0x000a0000-0x000fffff] System RAM
[    0.014588] last_pfn = 0x140000 max_arch_pfn = 0x400000000
[    0.016612] MTRR map: 4 entries (3 fixed + 1 variable; max 19), built from 8 variable MTRRs
[    0.019964] x86/PAT: Configuration [0-7]: WB  WC  UC- UC  WB  WP  UC- WT  
Memory KASLR using RDRAND RDTSC...
[    0.024063] last_pfn = 0xbffe0 max_arch_pfn = 0x400000000
[    0.027858] found SMP MP-table at [mem 0x000f5450-0x000f545f]
[    0.030179] Using GB pages for direct mapping
[    0.032104] ACPI: Early table checksum verification disabled
[    0.034297] ACPI: RSDP 0x00000000000F5240 000014 (v00 BOCHS )
[    0.036387] ACPI: RSDT 0x00000000BFFE1D9D 000034 (v01 BOCHS  BXPC     00000001 BXPC 00000001)
[    0.039468] ACPI: FACP 0x00000000BFFE1C39 000074 (v01 BOCHS  BXPC     00000001 BXPC 00000001)
[    0.042426] ACPI: DSDT 0x00000000BFFE0040 001BF9 (v01 BOCHS  BXPC     00000001 BXPC 00000001)
[    0.045570] ACPI: FACS 0x00000000BFFE0000 000040
[    0.047213] ACPI: APIC 0x00000000BFFE1CAD 000090 (v03 BOCHS  BXPC     00000001 BXPC 00000001)
[    0.050369] ACPI: HPET 0x00000000BFFE1D3D 000038 (v01 BOCHS  BXPC     00000001 BXPC 00000001)
[    0.053457] ACPI: WAET 0x00000000BFFE1D75 000028 (v01 BOCHS  BXPC     00000001 BXPC 00000001)
[    0.056458] ACPI: Reserving FACP table memory at [mem 0xbffe1c39-0xbffe1cac]
[    0.059022] ACPI: Reserving DSDT table memory at [mem 0xbffe0040-0xbffe1c38]
[    0.061475] ACPI: Reserving FACS table memory at [mem 0xbffe0000-0xbffe003f]
[    0.064039] ACPI: Reserving APIC table memory at [mem 0xbffe1cad-0xbffe1d3c]
[    0.066420] ACPI: Reserving HPET table memory at [mem 0xbffe1d3d-0xbffe1d74]
[    0.068812] ACPI: Reserving WAET table memory at [mem 0xbffe1d75-0xbffe1d9c]
[    0.072116] No NUMA configuration found
[    0.073383] Faking a node at [mem 0x0000000000000000-0x000000013fffffff]
[    0.075359] NODE_DATA(0) allocated [mem 0x13fffbc80-0x13fffffff]
[    0.080785] ACPI: PM-Timer IO Port: 0x608
[    0.082163] ACPI: LAPIC_NMI (acpi_id[0xff] dfl dfl lint[0x1])
[    0.084149] IOAPIC[0]: apic_id 0, version 17, address 0xfec00000, GSI 0-23
[    0.086591] ACPI: INT_SRC_OVR (bus 0 bus_irq 0 global_irq 2 dfl dfl)
[    0.088798] ACPI: INT_SRC_OVR (bus 0 bus_irq 5 global_irq 5 high level)
[    0.091046] ACPI: INT_SRC_OVR (bus 0 bus_irq 9 global_irq 9 high level)
[    0.093404] ACPI: INT_SRC_OVR (bus 0 bus_irq 10 global_irq 10 high level)
[    0.095583] ACPI: INT_SRC_OVR (bus 0 bus_irq 11 global_irq 11 high level)
[    0.097751] ACPI: Using ACPI (MADT) for SMP configuration information
[    0.099834] ACPI: HPET id: 0x8086a201 base: 0xfed00000
[    0.101623] TSC deadline timer available
[    0.103048] CPU topo: Max. logical packages:   1
[    0.104545] CPU topo: Max. logical nodes:      1
[    0.105800] CPU topo: Num. nodes per package:  1
[    0.107183] CPU topo: Max. logical dies:       1
[    0.108608] CPU topo: Max. dies per package:   1
[    0.109940] CPU topo: Max. threads per core:   1
[    0.111444] CPU topo: Num. cores per package:     4
[    0.112789] CPU topo: Num. threads per package:   4
[    0.114211] CPU topo: Allowing 4 present CPUs plus 0 hotplug CPUs
[    0.116246] kvm-guest: APIC: eoi() replaced with kvm_guest_apic_eoi_write()
[    0.118459] kvm-guest: KVM setup pv remote TLB flush
[    0.119870] kvm-guest: setup PV sched yield
[    0.121001] PM: hibernation: Registered nosave memory: [mem 0x00000000-0x00000fff]
[    0.123454] PM: hibernation: Registered nosave memory: [mem 0x0009f000-0x000fffff]
[    0.126143] PM: hibernation: Registered nosave memory: [mem 0xbffe0000-0xffffffff]
[    0.128688] [gap 0xc0000000-0xfeffbfff] available for PCI devices
[    0.130709] Booting paravirtualized kernel on KVM
[    0.132656] clocksource: refined-jiffies: mask: 0xffffffff max_cycles: 0xffffffff, max_idle_ns: 1910969940391419 ns
[    0.143541] Zone ranges:
[    0.144276]   DMA      [mem 0x0000000000001000-0x0000000000ffffff]
[    0.145956]   DMA32    [mem 0x0000000001000000-0x00000000ffffffff]
[    0.147749]   Normal   [mem 0x0000000100000000-0x000000013fffffff]
[    0.149380] Movable zone start for each node
[    0.150661] Early memory node ranges
[    0.151811]   node   0: [mem 0x0000000000001000-0x000000000009efff]
[    0.153909]   node   0: [mem 0x0000000000100000-0x00000000bffdffff]
[    0.155882]   node   0: [mem 0x0000000100000000-0x000000013fffffff]
[    0.157814] Initmem setup node 0 [mem 0x0000000000001000-0x000000013fffffff]
[    0.161761] On node 0, zone DMA: 1 pages in unavailable ranges
[    0.163920] On node 0, zone DMA: 97 pages in unavailable ranges
[    0.238002] On node 0, zone Normal: 32 pages in unavailable ranges
[    0.240201] setup_percpu: NR_CPUS:128 nr_cpumask_bits:4 nr_cpu_ids:4 nr_node_ids:1
[    0.245315] percpu: Embedded 58 pages/cpu s200144 r8192 d29232 u524288
[    0.247623] pcpu-alloc: s200144 r8192 d29232 u524288 alloc=1*2097152
[    0.249891] pcpu-alloc: [0] 0 1 2 3 
[    0.251188] Kernel command line: virtme_hostname=virtme-ng nr_open=1048576 virtme_link_mods=/home/prozak/sources/heimdall_experiment/uml-harness/.build/bpf-next-x86/.virtme_mods/lib/modules/0.0.0 virtme_rw_overlay0=/tmp virtme_console=ttyS0 console=ttyS0 earlyprintk=serial,ttyS0,115200 panic=-1 virtme.exec=`bW91bnQgLXQgYnBmIGJwZmZzIC9zeXMvZnMvYnBmIDI+L2Rldi9udWxsOyAuL3Rlc3RfcHJvZ3MgLXQgJ2twcm9iZV9tdWx0aV9iZW5jaF9hdHRhY2gsa3Byb2JlX211bHRpX3Rlc3Qn` virtme_chdir=home/prozak/sources/heimdall_experiment/uml-harness/.build/selftests-output-qemu-lane1 rootfstype=9p rootflags=version=9p2000.L,trans=virtio,access=any,msize=524288 raid=noautodetect rw debug init=/home/prozak/.local/share/vng-venv/lib/python3.12/site-packages/virtme/guest/bin/virtme-ng-init
[    0.274637] Unknown kernel command line parameters "virtme_hostname=virtme-ng nr_open=1048576 virtme_link_mods=/home/prozak/sources/heimdall_experiment/uml-harness/.build/bpf-next-x86/.virtme_mods/lib/modules/0.0.0 virtme_rw_overlay0=/tmp virtme_console=ttyS0 virtme_chdir=home/prozak/sources/heimdall_experiment/uml-harness/.build/selftests-output-qemu-lane1", will be passed to user space.
[    0.287544] random: crng init done
[    0.288778] printk: log buffer data + meta data: 2097152 + 7340032 = 9437184 bytes
[    0.296391] Dentry cache hash table entries: 524288 (order: 10, 4194304 bytes, linear)
[    0.301573] Inode-cache hash table entries: 262144 (order: 9, 2097152 bytes, linear)
[    0.304945] software IO TLB: area num 4.
[    0.398837] Fallback order for Node 0: 0 
[    0.398904] Built 1 zonelists, mobility grouping on.  Total pages: 1048446
[    0.402734] Policy zone: Normal
[    0.403851] mem auto-init: stack:all(zero), heap alloc:off, heap free:off
[    0.436674] SLUB: HWalign=64, Order=0-3, MinObjects=0, CPUs=4, Nodes=1
Poking KASLR using RDRAND RDTSC...
[    0.467247] ftrace: allocating 70083 entries in 276 pages
[    0.469396] ftrace: allocated 276 pages with 3 groups
[    0.471516] Dynamic Preempt: full
[    0.474901] Running RCU self tests
[    0.476246] Running RCU synchronous self tests
[    0.477942] rcu: Preemptible hierarchical RCU implementation.
[    0.479718] rcu: 	RCU event tracing is enabled.
[    0.481477] rcu: 	RCU lockdep checking is enabled.
[    0.483337] rcu: 	RCU restricting CPUs from NR_CPUS=128 to nr_cpu_ids=4.
[    0.486070] 	Trampoline variant of Tasks RCU enabled.
[    0.488120] 	Rude variant of Tasks RCU enabled.
[    0.489611] 	Tracing variant of Tasks RCU enabled.
[    0.491303] rcu: RCU calculated value of scheduler-enlistment delay is 100 jiffies.
[    0.493792] rcu: Adjusting geometry for rcu_fanout_leaf=16, nr_cpu_ids=4
[    0.498077] Running RCU synchronous self tests
[    0.499693] RCU Tasks: Setting shift to 2 and lim to 1 rcu_task_cb_adjust=1 rcu_task_cpu_ids=4.
[    0.502715] RCU Tasks Rude: Setting shift to 2 and lim to 1 rcu_task_cb_adjust=1 rcu_task_cpu_ids=4.
[    0.525638] NR_IRQS: 8448, nr_irqs: 456, preallocated irqs: 16
[    0.528623] rcu: srcu_init: Setting srcu_struct sizes based on contention.
[    0.531388] clocksource: jiffies: mask: 0xffffffff max_cycles: 0xffffffff, max_idle_ns: 1911260446275000 ns
[    0.535629] Console: colour *CGA 80x25
[    0.537223] printk: legacy console [ttyS0] enabled
[    0.537223] printk: legacy console [ttyS0] enabled
[    0.540712] printk: legacy bootconsole [earlyser0] disabled
[    0.540712] printk: legacy bootconsole [earlyser0] disabled
[    0.544773] Lock dependency validator: Copyright (c) 2006 Red Hat, Inc., Ingo Molnar
[    0.547563] ... MAX_LOCKDEP_SUBCLASSES:  8
[    0.549032] ... MAX_LOCK_DEPTH:          48
[    0.550522] ... MAX_LOCKDEP_KEYS:        8192
[    0.552063] ... CLASSHASH_SIZE:          4096
[    0.553639] ... MAX_LOCKDEP_ENTRIES:     32768
[    0.555240] ... MAX_LOCKDEP_CHAINS:      65536
[    0.556798] ... CHAINHASH_SIZE:          32768
[    0.558692]  memory used by lock dependency info: 6429 kB
[    0.560567]  memory used for stack traces: 4224 kB
[    0.562299]  per task-struct memory footprint: 1920 bytes
[    0.564281] ACPI: Core revision 20260408
[    0.566271] clocksource: hpet: mask: 0xffffffff max_cycles: 0xffffffff, max_idle_ns: 19112604467 ns
[    0.570016] APIC: Switch to symmetric I/O mode setup
[    0.573525] x2apic enabled
[    0.575679] APIC: Switched APIC routing to: physical x2apic
[    0.578283] kvm-guest: APIC: send_IPI_mask() replaced with kvm_send_ipi_mask()
[    0.582475] kvm-guest: APIC: send_IPI_mask_allbutself() replaced with kvm_send_ipi_mask_allbutself()
[    0.585490] kvm-guest: setup PV IPIs
[    0.590468] ..TIMER: vector=0x30 apic1=0 pin1=2 apic2=-1 pin2=-1
[    0.592471] clocksource: tsc-early: mask: 0xffffffffffffffff max_cycles: 0x310274de655, max_idle_ns: 440795359465 ns
[    0.596037] Calibrating delay loop (skipped) preset value.. 6800.08 BogoMIPS (lpj=3400040)
[    0.599076] x86/cpu: User Mode Instruction Prevention (UMIP) activated
[    0.601592] Last level iTLB entries: 4KB 512, 2MB 255, 4MB 127
[    0.602019] Last level dTLB entries: 4KB 512, 2MB 255, 4MB 127, 1GB 0
[    0.603044] mitigations: Enabled attack vectors: user_kernel, user_user, SMT mitigations: auto
[    0.604022] Speculative Store Bypass: Mitigation: Speculative Store Bypass disabled via prctl
[    0.605022] Speculative Return Stack Overflow: IBPB-extending microcode not applied!
[    0.606020] Speculative Return Stack Overflow: WARNING: See https://kernel.org/doc/html/latest/admin-guide/hw-vuln/srso.html for mitigation options.
[    0.606025] Transient Scheduler Attacks: Vulnerable: No microcode
[    0.608027] Spectre V2 : Mitigation: Retpolines
[    0.609024] Speculative Return Stack Overflow: Vulnerable: Safe RET, no microcode
[    0.610024] Spectre V1 : Mitigation: usercopy/swapgs barriers and __user pointer sanitization
[    0.611022] Spectre V2 : Spectre v2 / SpectreRSB: Filling RSB on context switch and VMEXIT
[    0.612024] Spectre V2 : Enabling Restricted Speculation for firmware calls
[    0.614032] Spectre V2 : mitigation: Enabling conditional Indirect Branch Prediction Barrier
[    0.615030] active return thunk: srso_alias_return_thunk
[    0.616190] x86/fpu: Supporting XSAVE feature 0x001: 'x87 floating point registers'
[    0.617023] x86/fpu: Supporting XSAVE feature 0x002: 'SSE registers'
[    0.618022] x86/fpu: Supporting XSAVE feature 0x004: 'AVX registers'
[    0.619023] x86/fpu: xstate_offset[2]:  576, xstate_sizes[2]:  256
[    0.620023] x86/fpu: Enabled xstate features 0x7, context size is 832 bytes, using 'compacted' format.
[    0.700045] pid_max: default: 32768 minimum: 301
[    0.701016] SELinux:  Initializing.
[    0.704293] LSM support for eBPF active
[    0.705381] Mount-cache hash table entries: 8192 (order: 4, 65536 bytes, linear)
[    0.706036] Mountpoint-cache hash table entries: 8192 (order: 4, 65536 bytes, linear)
[    0.709527] VFS: Finished mounting rootfs on nullfs
[    0.712779] Running RCU synchronous self tests
[    0.713024] Running RCU synchronous self tests
[    0.715455] smpboot: CPU0: AMD Ryzen 9 5950X 16-Core Processor (family: 0x19, model: 0x21, stepping: 0x2)
[    0.717301] Performance Events: Fam17h+ core perfctr, AMD PMU driver.
[    0.718060] ... version:                   0
[    0.719035] ... bit width:                 48
[    0.720035] ... generic counters:          6
[    0.721031] ... generic bitmap:            000000000000003f
[    0.722029] ... fixed-purpose counters:    0
[    0.723035] ... fixed-purpose bitmap:      0000000000000000
[    0.724034] ... value mask:                0000ffffffffffff
[    0.725035] ... max period:                00007fffffffffff
[    0.726036] ... global_ctrl mask:          000000000000003f
[    0.727669] signal: max sigframe size: 1776
[    0.728374] rcu: Hierarchical SRCU implementation.
[    0.729039] rcu: 	Max phase no-delay instances is 400.
[    0.732290] Timer migration: 1 hierarchy levels; 8 children per group; 1 crossnode level
[    0.754514] smp: Bringing up secondary CPUs ...
[    0.756855] smpboot: x86: Booting SMP configuration:
[    0.757054] .... node  #0, CPUs:      #1 #2 #3
[    0.770034] smp: Brought up 1 node, 4 CPUs
[    0.772096] smpboot: Total of 4 processors activated (27200.32 BogoMIPS)
[    0.777134] Memory: 3966624K/4193784K available (25781K kernel code, 10327K rwdata, 18304K rodata, 4688K init, 13400K bss, 220940K reserved, 0K cma-reserved)
[    0.785410] devtmpfs: initialized
[    0.790706] Running RCU synchronous self tests
[    0.791075] Running RCU synchronous self tests
[    0.793197] Running RCU Tasks wait API self tests
[    0.794106] Running RCU Tasks Rude wait API self tests
[    0.795035] Running RCU Tasks Trace wait API self tests
[    0.797197] posixtimers hash table entries: 2048 (order: 6, 147456 bytes, linear)
[    0.798864] futex hash table entries: 1024 (131072 bytes on 1 NUMA nodes, total 128 KiB, linear).
[    0.800816] PM: RTC time: 17:52:32, date: 2026-09-05
[    0.802619] NET: Registered PF_NETLINK/PF_ROUTE protocol family
[    0.803101] Callback from call_rcu_tasks_trace() invoked.
[    0.805646] audit: initializing netlink subsys (disabled)
[    0.806154] audit: type=2000 audit(1788630752.871:1): state=initialized audit_enabled=0 res=1
[    0.834449] thermal_sys: Registered thermal governor 'step_wise'
[    0.834607] cpuidle: using governor ladder
[    0.836081] cpuidle: using governor menu
[    0.841491] PCI: Using configuration type 1 for base access
[    0.842035] PCI: Using configuration type 1 for extended access
[    0.845492] kprobes: kprobe jump-optimization is enabled. All kprobes are optimized if possible.
[    0.854095] HugeTLB: registered 1.00 GiB page size, pre-allocated 0 pages
[    0.856273] HugeTLB: 16380 KiB vmemmap can be freed for a 1.00 GiB page
[    0.859095] HugeTLB: registered 2.00 MiB page size, pre-allocated 0 pages
[    0.862037] HugeTLB: 28 KiB vmemmap can be freed for a 2.00 MiB page
[    0.882323] ACPI: Added _OSI(Module Device)
[    0.884034] ACPI: Added _OSI(Processor Device)
[    0.886036] ACPI: Added _OSI(Processor Aggregator Device)
[    0.893016] ACPI: 1 ACPI AML tables successfully acquired and loaded
[    0.905102] ACPI: \_SB_: platform _OSC: OS support mask [002a7eee]
[    0.909251] ACPI: Interpreter enabled
[    0.915245] ACPI: PM: (supports S0 S3 S4 S5)
[    0.917069] ACPI: Using IOAPIC for interrupt routing
[    0.920163] PCI: Using host bridge windows from ACPI; if necessary, use "pci=nocrs" and report a bug
[    0.924037] PCI: Using E820 reservations for host bridge windows
[    0.927799] ACPI: Enabled 2 GPEs in block 00 to 0F
[    0.952777] ACPI: PCI Root Bridge [PCI0] (domain 0000 [bus 00-ff])
[    0.957651] PCI host bridge to bus 0000:00
[    0.959052] pci_bus 0000:00: root bus resource [io  0x0000-0x0cf7 window]
[    0.962038] pci_bus 0000:00: root bus resource [io  0x0d00-0xffff window]
[    0.965036] pci_bus 0000:00: root bus resource [mem 0x000a0000-0x000bffff window]
[    0.969038] pci_bus 0000:00: root bus resource [mem 0xc0000000-0xfebfffff window]
[    0.972038] pci_bus 0000:00: root bus resource [mem 0x380000000000-0x38007fffffff window]
[    0.976043] pci_bus 0000:00: root bus resource [bus 00-ff]
[    0.980145] pci 0000:00:00.0: [8086:1237] type 00 class 0x060000 conventional PCI endpoint
[    0.987502] pci 0000:00:01.0: [8086:7000] type 00 class 0x060100 conventional PCI endpoint
[    0.993846] pci 0000:00:01.1: [8086:7010] type 00 class 0x010180 conventional PCI endpoint
[    1.000190] pci 0000:00:01.1: BAR 4 [io  0xc1c0-0xc1cf]
[    1.003253] pci 0000:00:01.1: BAR 0 [io  0x01f0-0x01f7]: legacy IDE quirk
[    1.006035] pci 0000:00:01.1: BAR 1 [io  0x03f6]: legacy IDE quirk
[    1.009036] pci 0000:00:01.1: BAR 2 [io  0x0170-0x0177]: legacy IDE quirk
[    1.012035] pci 0000:00:01.1: BAR 3 [io  0x0376]: legacy IDE quirk
[    1.016855] pci 0000:00:01.3: [8086:7113] type 00 class 0x068000 conventional PCI endpoint
[    1.022785] pci 0000:00:01.3: quirk: [io  0x0600-0x063f] claimed by PIIX4 ACPI
[    1.026084] pci 0000:00:01.3: quirk: [io  0x0700-0x070f] claimed by PIIX4 SMB
[    1.031200] pci 0000:00:02.0: [1af4:1009] type 00 class 0x000200 conventional PCI endpoint
[    1.039069] pci 0000:00:02.0: BAR 0 [io  0xc000-0xc03f]
[    1.042091] pci 0000:00:02.0: BAR 1 [mem 0xfebf8000-0xfebf8fff]
[    1.044163] pci 0000:00:02.0: BAR 4 [mem 0x380000000000-0x380000003fff 64bit pref]
[    1.055426] pci 0000:00:03.0: [8086:25ab] type 00 class 0x088000 conventional PCI endpoint
[    1.061065] pci 0000:00:03.0: BAR 0 [mem 0xfebf9000-0xfebf900f]
[    1.068397] pci 0000:00:04.0: [1af4:1003] type 00 class 0x078000 conventional PCI endpoint
[    1.076070] pci 0000:00:04.0: BAR 0 [io  0xc040-0xc07f]
[    1.078067] pci 0000:00:04.0: BAR 1 [mem 0xfebfa000-0xfebfafff]
[    1.081135] pci 0000:00:04.0: BAR 4 [mem 0x380000004000-0x380000007fff 64bit pref]
[    1.090728] pci 0000:00:05.0: [1af4:1003] type 00 class 0x078000 conventional PCI endpoint
[    1.099982] pci 0000:00:05.0: BAR 0 [io  0xc080-0xc0bf]
[    1.102064] pci 0000:00:05.0: BAR 1 [mem 0xfebfb000-0xfebfbfff]
[    1.104141] pci 0000:00:05.0: BAR 4 [mem 0x380000008000-0x38000000bfff 64bit pref]
[    1.113245] pci 0000:00:06.0: [1af4:1003] type 00 class 0x078000 conventional PCI endpoint
[    1.119077] pci 0000:00:06.0: BAR 0 [io  0xc0c0-0xc0ff]
[    1.121070] pci 0000:00:06.0: BAR 1 [mem 0xfebfc000-0xfebfcfff]
[    1.124203] pci 0000:00:06.0: BAR 4 [mem 0x38000000c000-0x38000000ffff 64bit pref]
[    1.133447] pci 0000:00:07.0: [1af4:1003] type 00 class 0x078000 conventional PCI endpoint
[    1.143069] pci 0000:00:07.0: BAR 0 [io  0xc100-0xc13f]
[    1.145065] pci 0000:00:07.0: BAR 1 [mem 0xfebfd000-0xfebfdfff]
[    1.155198] pci 0000:00:07.0: BAR 4 [mem 0x380000010000-0x380000013fff 64bit pref]
[    1.164105] pci 0000:00:08.0: [1af4:1003] type 00 class 0x078000 conventional PCI endpoint
[    1.170072] pci 0000:00:08.0: BAR 0 [io  0xc140-0xc17f]
[    1.172062] pci 0000:00:08.0: BAR 1 [mem 0xfebfe000-0xfebfefff]
[    1.174137] pci 0000:00:08.0: BAR 4 [mem 0x380000014000-0x380000017fff 64bit pref]
[    1.182982] pci 0000:00:09.0: [1af4:1003] type 00 class 0x078000 conventional PCI endpoint
[    1.190101] pci 0000:00:09.0: BAR 0 [io  0xc180-0xc1bf]
[    1.192066] pci 0000:00:09.0: BAR 1 [mem 0xfebff000-0xfebfffff]
[    1.195142] pci 0000:00:09.0: BAR 4 [mem 0x380000018000-0x38000001bfff 64bit pref]
[    1.210248] Callback from call_rcu_tasks() invoked.
[    1.218347] ACPI: PCI: Interrupt link LNKA configured for IRQ 10
[    1.221539] ACPI: PCI: Interrupt link LNKB configured for IRQ 10
[    1.223576] ACPI: PCI: Interrupt link LNKC configured for IRQ 11
[    1.226497] ACPI: PCI: Interrupt link LNKD configured for IRQ 11
[    1.229269] ACPI: PCI: Interrupt link LNKS configured for IRQ 9
[    1.234138] iommu: Default domain type: Translated
[    1.237047] iommu: DMA domain TLB invalidation policy: lazy mode
[    1.240655] SCSI subsystem initialized
[    1.248124] libata version 3.00 loaded.
[    1.250324] ACPI: bus type USB registered
[    1.252247] usbcore: registered new interface driver usbfs
[    1.254211] usbcore: registered new interface driver hub
[    1.257126] usbcore: registered new device driver usb
[    1.259345] pps_core: LinuxPPS API ver. 1 registered
[    1.261035] pps_core: Software ver. 5.3.6 - Copyright 2005-2007 Rodolfo Giometti <giometti@linux.it>
[    1.265073] PTP clock support registered
[    1.268751] Advanced Linux Sound Architecture Driver Initialized.
[    1.276148] NetLabel: Initializing
[    1.277031] NetLabel:  domain hash size = 128
[    1.279037] NetLabel:  protocols = UNLABELED CIPSOv4 CALIPSO
[    1.281150] NetLabel:  unlabeled traffic allowed by default
[    1.284214] PCI: Using ACPI for IRQ routing
[    1.287104] PCI: pci_cache_line_size set to 64 bytes
[    1.289907] e820: register RAM buffer resource [mem 0x0009fc00-0x0009ffff]
[    1.293038] e820: register RAM buffer resource [mem 0xbffe0000-0xbfffffff]
[    1.296109] vgaarb: loaded
[    1.297444] hpet0: at MMIO 0xfed00000, IRQs 2, 8, 0
[    1.301069] hpet0: 3 comparators, 64-bit 100.000000 MHz counter
[    1.308733] clocksource: Switched to clocksource kvm-clock
[    1.313115] VFS: Disk quotas dquot_6.6.0
[    1.315227] VFS: Dquot-cache hash table entries: 512 (4096 bytes)
[    1.325485] pnp: PnP ACPI init
[    1.329833] pnp 00:02: [dma 2]
[    1.340065] pnp: PnP ACPI: found 4 devices
[    1.370763] clocksource: acpi_pm: mask: 0xffffff max_cycles: 0xffffff, max_idle_ns: 2085701024 ns
[    1.374498] NET: Registered PF_INET protocol family
[    1.379063] IP idents hash table entries: 65536 (order: 7, 524288 bytes, linear)
[    1.384538] tcp_listen_portaddr_hash hash table entries: 2048 (order: 6, 147456 bytes, linear)
[    1.388376] Table-perturb hash table entries: 65536 (order: 6, 262144 bytes, linear)
[    1.391479] TCP established hash table entries: 32768 (order: 6, 262144 bytes, linear)
[    1.396885] TCP bind hash table entries: 32768 (order: 11, 4718592 bytes, vmalloc hugepage)
[    1.407444] TCP: Hash tables configured (established 32768 bind 32768)
[    1.410586] MPTCP token hash table entries: 4096 (order: 7, 360448 bytes, linear)
[    1.413995] UDP hash table entries: 2048 (order: 7, 524288 bytes, linear)
[    1.417269] NET: Registered PF_UNIX/PF_LOCAL protocol family
[    1.421019] RPC: Registered named UNIX socket transport module.
[    1.423335] RPC: Registered udp transport module.
[    1.425203] RPC: Registered tcp transport module.
[    1.427043] RPC: Registered tcp-with-tls transport module.
[    1.429129] RPC: Registered tcp NFSv4.1 backchannel transport module.
[    1.432970] NET: Registered PF_XDP protocol family
[    1.434929] pci_bus 0000:00: resource 4 [io  0x0000-0x0cf7 window]
[    1.437343] pci_bus 0000:00: resource 5 [io  0x0d00-0xffff window]
[    1.439760] pci_bus 0000:00: resource 6 [mem 0x000a0000-0x000bffff window]
[    1.442376] pci_bus 0000:00: resource 7 [mem 0xc0000000-0xfebfffff window]
[    1.445035] pci_bus 0000:00: resource 8 [mem 0x380000000000-0x38007fffffff window]
[    1.448793] pci 0000:00:01.0: PIIX3: Enabling Passive Release
[    1.451154] pci 0000:00:00.0: Limiting direct PCI/PCI transfers
[    1.453923] PCI: CLS 0 bytes, default 64
[    1.457112] PCI-DMA: Using software bounce buffering for IO (SWIOTLB)
[    1.459763] software IO TLB: mapped [mem 0x00000000bbfe0000-0x00000000bffe0000] (64MB)
[    1.466042] clocksource: tsc: mask: 0xffffffffffffffff max_cycles: 0x310274de655, max_idle_ns: 440795359465 ns
[    1.482094] Initialise system trusted keyrings
[    1.485505] workingset: timestamp_bits=40 (anon: 35) max_order=20 bucket_order=0 (anon: 0)
[    1.490746] squashfs: version 4.0 (2009/01/31) Phillip Lougher
[    1.494132] NFS: Registering the id_resolver key type
[    1.496202] Key type id_resolver registered
[    1.498119] Key type id_legacy registered
[    1.499851] nfs4filelayout_init: NFSv4 File Layout Driver Registering...
[    1.502605] nfs4flexfilelayout_init: NFSv4 Flexfile Layout Driver Registering...
[    1.506207] fuse: init (API version 7.45)
[    1.508518] 9p: Installing v9fs 9p2000 file system support
[    1.525371] NET: Registered PF_ALG protocol family
[    1.527572] Key type asymmetric registered
[    1.529247] Asymmetric key parser 'x509' registered
[    1.531472] Block layer SCSI generic (bsg) driver version 0.4 loaded (major 248)
[    1.535248] io scheduler mq-deadline registered
[    1.537017] io scheduler kyber registered
[    1.541558] input: Power Button as /devices/platform/LNXPWRBN:00/input/input0
[    1.544943] ACPI: button: Power Button [PWRF]
[    1.761096] ACPI: \_SB_.LNKB: Enabled at IRQ 10
[    1.974928] ACPI: \_SB_.LNKD: Enabled at IRQ 11
[    2.098703] clocksource: Watchdog remote CPU 1 read timed out
[    2.201130] ACPI: \_SB_.LNKA: Enabled at IRQ 10
[    2.603342] kwatchdog (73) used greatest stack depth: 14776 bytes left
[    2.640897] ACPI: \_SB_.LNKC: Enabled at IRQ 11
[    3.027177] Serial: 8250/16550 driver, 4 ports, IRQ sharing enabled
[    3.030133] 00:03: ttyS0 at I/O 0x3f8 (irq = 4, base_baud = 115200) is a 16550A
[    3.266788] Non-volatile memory driver v1.3
[    3.269159] ACPI: bus type drm_connector registered
[    3.297737] brd: module loaded
[    3.309421] loop: module loaded
[    3.315499] scsi host0: ata_piix
[    3.317445] scsi host1: ata_piix
[    3.318573] ata1: PATA max MWDMA2 cmd 0x1f0 ctl 0x3f6 bmdma 0xc1c0 irq 14 lpm-pol 0
[    3.320554] ata2: PATA max MWDMA2 cmd 0x170 ctl 0x376 bmdma 0xc1c8 irq 15 lpm-pol 0
[    3.328402] tun: Universal TUN/TAP device driver, 1.6
[    3.330173] e100: Intel(R) PRO/100 Network Driver
[    3.331391] e100: Copyright(c) 1999-2006 Intel Corporation
[    3.332930] e1000: Intel(R) PRO/1000 Network Driver
[    3.334148] e1000: Copyright (c) 1999-2006 Intel Corporation.
[    3.335734] e1000e: Intel(R) PRO/1000 Network Driver
[    3.337070] e1000e: Copyright(c) 1999 - 2015 Intel Corporation.
[    3.338664] sky2: driver version 1.30
[    3.341217] usbcore: registered new interface driver usblp
[    3.342681] usbcore: registered new interface driver usb-storage
[    3.344393] i8042: PNP: PS/2 Controller [PNP0303:KBD,PNP0f13:MOU] at 0x60,0x64 irq 1,12
[    3.348792] serio: i8042 KBD port at 0x60,0x64 irq 1
[    3.350839] serio: i8042 AUX port at 0x60,0x64 irq 12
[    3.354298] rtc_cmos PNP0B00:00: RTC can wake from S4
[    3.357483] input: AT Translated Set 2 keyboard as /devices/platform/i8042/serio0/input/input1
[    3.363120] rtc_cmos PNP0B00:00: registered as rtc0
[    3.364846] rtc_cmos PNP0B00:00: alarms up to one day, y3k, 242 bytes nvram, hpet irqs
[    3.368942] Registered IR keymap rc-empty
[    3.371342] rc rc0: rc-core loopback device as /devices/virtual/rc/rc0
[    3.374998] rc rc0: lirc_dev: driver rc-loopback registered at minor = 0, raw IR receiver, raw IR transmitter
[    3.378946] input: rc-core loopback device as /devices/virtual/rc/rc0/input4
[    3.382001] intel_powerclamp: CPU does not support MWAIT
[    3.383495] device-mapper: core: CONFIG_IMA_DISABLE_HTABLE is disabled. Duplicate IMA measurements will not be recorded in the IMA log.
[    3.387098] device-mapper: ioctl: 4.50.0-ioctl (2025-04-28) initialised: dm-devel@lists.linux.dev
[    3.390197] hid: raw HID events driver (C) Jiri Kosina
[    3.393472] usbcore: registered new interface driver usbhid
[    3.394961] usbhid: USB HID core driver
[    3.397276] GACT probability NOT on
[    3.398387] Mirror/redirect action on
[    3.399865] nf_conntrack_irc: The irc conntrack helper is scheduled for removal.
[    3.399865] Please contact the netfilter-devel mailing list if you still need this.
[    3.405061] ipip: IPv4 and MPLS over IPv4 tunneling driver
[    3.407316] gre: GRE over IPv4 demultiplexer driver
[    3.408695] ip_gre: GRE over IPv4 tunneling driver
[    3.413545] Initializing XFRM netlink socket
[    3.414727] IPsec XFRM device driver
[    3.415780] NET: Registered PF_INET6 protocol family
[    3.418363] Segment Routing with IPv6
[    3.419379] In-situ OAM (IOAM) with IPv6
[    3.420478] mip6: Mobile IPv6
[    3.421302] sit: IPv6, IPv4 and MPLS over IPv4 tunneling driver
[    3.424611] ip6_gre: GRE over IPv6 tunneling driver
[    3.426595] NET: Registered PF_PACKET protocol family
[    3.428044] RPC: Registered rdma transport module.
[    3.429310] RPC: Registered rdma backchannel transport module.
[    3.431030] 8021q: 802.1Q VLAN Support v1.8
[    3.432626] smc: adding smcd device lo without pnetid
[    3.434157] NET: Registered PF_SMC protocol family
[    3.435778] 9pnet: Installing 9P2000 support
[    3.439142] Key type dns_resolver registered
[    3.440509] NET: Registered PF_VSOCK protocol family
[    3.441919] mpls_gso: MPLS GSO support
[    3.445197] IPI shorthand broadcast: enabled
[    3.482315] ata2: found unknown device (class 0)
[    3.484868] ata2.00: ATAPI: QEMU DVD-ROM, 2.5+, max UDMA/100
[    3.489384] scsi 1:0:0:0: CD-ROM            QEMU     QEMU DVD-ROM     2.5+ PQ: 0 ANSI: 5
[    3.499096] sched_clock: Marking stable (3444023275, 54629880)->(3688563669, -189910514)
[    3.502672] registered taskstats version 1
[    3.518443] sr 1:0:0:0: [sr0] scsi3-mmc drive: 4x/4x cd/rw xa/form2 tray
[    3.529876] Loading compiled-in X.509 certificates
[    3.531788] kworker/u16:1 (92) used greatest stack depth: 14184 bytes left
[    3.533150] Loaded X.509 cert 'Build time autogenerated kernel key: c4531344b9a9c1a4731230d977a262ba29ba5272'
[    3.536060] cdrom: Uniform CD-ROM driver Revision: 3.20
[    3.554479] sr 1:0:0:0: Attached scsi CD-ROM sr0
[    3.556894] sr 1:0:0:0: Attached scsi generic sg0 type 5
[    3.578043] Demotion targets for Node 0: null
[    3.580983] ima: No TPM chip found, activating TPM-bypass!
[    3.582438] ima: Allocated hash algorithm: sha1
[    3.583831] ima: No architecture policies found
[    3.585996] PM:   Magic number: 10:536:895
[    3.587198] netconsole: network logging started
[    3.589138] cfg80211: Loading compiled-in X.509 certificates for regulatory database
[    3.591383] kworker/u16:0 (96) used greatest stack depth: 13776 bytes left
[    3.592085] Loaded X.509 cert 'sforshee: 00b28ddf47aef9cea7'
[    3.594919] Loaded X.509 cert 'wens: 61c038651aabdcf94bd0ac7ff06c7248db18c600'
[    3.597140] faux_driver regulatory: Direct firmware load for regulatory.db failed with error -2
[    3.597863] ALSA device list:
[    3.599503] cfg80211: failed to load regulatory.db
[    3.600285]   No soundcards found.
[    3.789091] input: ImExPS/2 Generic Explorer Mouse as /devices/platform/i8042/serio1/input/input3
[    3.792366] md: Skipping autodetection of RAID arrays. (raid=autodetect will force)
[    3.793854] 9p: Bad value for 'source'
[    3.794531] 9pnet: Limiting 'msize' to 512000 as this is the maximum supported by transport virtio
[    3.798464] VFS: Mounted root (9p filesystem) on device 0:24.
[    3.800781] devtmpfs: mounted
[    3.801498] VFS: Pivoted into new rootfs
[    3.806852] Freeing unused kernel image (initmem) memory: 4688K
[    3.807963] Write protecting the kernel read-only data: 45056k
[    3.810005] Freeing unused kernel image (text/rodata gap) memory: 840K
[    3.811366] Freeing unused kernel image (rodata/data gap) memory: 128K
[    3.854577] x86/mm: Checked W+X mappings: passed, no W+X pages found.
[    3.855705] Run /home/prozak/.local/share/vng-venv/lib/python3.12/site-packages/virtme/guest/bin/virtme-ng-init as init process
[    3.857544]   with arguments:
[    3.858091]     /home/prozak/.local/share/vng-venv/lib/python3.12/site-packages/virtme/guest/bin/virtme-ng-init
[    3.859660]   with environment:
[    3.860256]     HOME=/
[    3.860682]     TERM=linux
[    3.861131]     virtme_hostname=virtme-ng
[    3.861820]     nr_open=1048576
[    3.862339]     virtme_link_mods=/home/prozak/sources/heimdall_experiment/uml-harness/.build/bpf-next-x86/.virtme_mods/lib/modules/0.0.0
[    3.864322]     virtme_rw_overlay0=/tmp
[    3.864987]     virtme_console=ttyS0
[    3.865567]     virtme_chdir=home/prozak/sources/heimdall_experiment/uml-harness/.build/selftests-output-qemu-lane1
[    3.975056] virtme-ng-init: mount devtmpfs -> /dev: EBUSY: Device or resource busy
[    3.977391] virtme-ng-init: Setting hostname to virtme-ng...
[    4.025734] virtme-ng-init: running systemd-tmpfiles
[    5.467865] systemd-tmpfile (99) used greatest stack depth: 12520 bytes left
[    5.468050] virtme-ng-init: basic initialization done
[    5.489801] virtme-ng-init: error creating file: Permission denied (os error 13)
[    5.612184] ip (105) used greatest stack depth: 11832 bytes left
[    5.752290] virtme-ng-init: Starting systemd-udevd version 255.4-1ubuntu8.17
[    5.754587] virtme-ng-init: triggering udev coldplug
[    9.323187] virtme-ng-init: waiting for udev to settle
[   10.211974] systemd-sysctl (138) used greatest stack depth: 11736 bytes left
[   10.221176] virtme-ng-init: udev is done
[   10.226471] virtme-ng-init: starting script
[   10.551184] bpf_testmod: loading out-of-tree module taints kernel.
[   10.552256] bpf_testmod: module verification failed: signature and/or required key missing - tainting kernel
[   20.412223] NOTICE: Automounting of tracing to debugfs is deprecated and will be removed in 2030
[   31.223308] smc: removing smcd device lo
[   31.307458] ACPI: PM: Preparing to enter system sleep state S5
[   31.309191] reboot: Power down
