[swap] installed ksym_race.bpf.o as ksym_race.bpf.o (rust)
  GEN-SKEL     [test_progs] ksym_race.skel.h
libbpf: failed to find BTF info for global/extern symbol 'bpf_testmod_ksym_percpu'
Error: failed to link '/home/prozak/sources/heimdall_experiment/uml-harness/.build/selftests-output-qemu-lane3//ksym_race.bpf.o': No such file or directory (2)
  SKIP-SKEL    ksym_race.skel.h
  LINK-BPF     [test_progs] test_static_linked.bpf.o
  LINK-BPF     [test_progs] linked_funcs.bpf.o
  LINK-BPF     [test_progs] linked_vars.bpf.o
  LINK-BPF     [test_progs] linked_maps.bpf.o
  LINK-BPF     [test_progs] test_subskeleton.bpf.o
  LINK-BPF     [test_progs] test_subskeleton_lib.bpf.o
  LINK-BPF     [test_progs] test_usdt.bpf.o
  LINK-BPF     [test_progs] tracing_multi.bpf.o
  LINK-BPF     [test_progs] tracing_multi_module.bpf.o
  LINK-BPF     [test_progs] tracing_multi_intersect.bpf.o
  GEN-SKEL     [test_progs] test_static_linked.skel.h
  GEN-SKEL     [test_progs] linked_vars.skel.h
  LINK-BPF     [test_progs] tracing_multi_session.bpf.o
  GEN-SKEL     [test_progs] linked_maps.skel.h
  GEN-SKEL     [test_progs] test_subskeleton.skel.h
  GEN-SKEL     [test_progs] test_usdt.skel.h
  GEN-SKEL     [test_progs] test_subskeleton_lib.skel.h
  GEN-SKEL     [test_progs] linked_funcs.skel.h
  GEN-SKEL     [test_progs] tracing_multi.skel.h
  LINK-BPF     [test_progs-cpuv4] test_static_linked.bpf.o
  LINK-BPF     [test_progs-cpuv4] linked_funcs.bpf.o
  LINK-BPF     [test_progs-cpuv4] linked_vars.bpf.o
  LINK-BPF     [test_progs-cpuv4] linked_maps.bpf.o
  GEN-SKEL     [test_progs] tracing_multi_module.skel.h
  GEN-SKEL     [test_progs] tracing_multi_session.skel.h
  GEN-SKEL     [test_progs] tracing_multi_intersect.skel.h
  LINK-BPF     [test_progs-cpuv4] test_subskeleton_lib.bpf.o
  LINK-BPF     [test_progs-cpuv4] test_subskeleton.bpf.o
  LINK-BPF     [test_progs-cpuv4] test_usdt.bpf.o
  LINK-BPF     [test_progs-cpuv4] tracing_multi.bpf.o
  LINK-BPF     [test_progs-cpuv4] tracing_multi_module.bpf.o
  LINK-BPF     [test_progs-cpuv4] tracing_multi_intersect.bpf.o
  LINK-BPF     [test_progs-cpuv4] tracing_multi_session.bpf.o
  GEN-SKEL     [test_progs-cpuv4] test_subskeleton_lib.skel.h
  GEN-SKEL     [test_progs-cpuv4] test_static_linked.skel.h
  GEN-SKEL     [test_progs-cpuv4] linked_maps.skel.h
  GEN-SKEL     [test_progs-cpuv4] linked_funcs.skel.h
  GEN-SKEL     [test_progs-cpuv4] tracing_multi.skel.h
  GEN-SKEL     [test_progs-cpuv4] test_subskeleton.skel.h
  GEN-SKEL     [test_progs-cpuv4] linked_vars.skel.h
  GEN-SKEL     [test_progs-cpuv4] tracing_multi_session.skel.h
  GEN-SKEL     [test_progs-cpuv4] tracing_multi_module.skel.h
  GEN-SKEL     [test_progs-cpuv4] tracing_multi_intersect.skel.h
  GEN-SKEL     [test_progs-cpuv4] test_usdt.skel.h
  LINK-BPF     [test_progs-no_alu32] test_static_linked.bpf.o
  LINK-BPF     [test_progs-no_alu32] linked_funcs.bpf.o
  LINK-BPF     [test_progs-no_alu32] linked_vars.bpf.o
  LINK-BPF     [test_progs-no_alu32] linked_maps.bpf.o
  LINK-BPF     [test_progs-no_alu32] test_subskeleton.bpf.o
  LINK-BPF     [test_progs-no_alu32] test_subskeleton_lib.bpf.o
  LINK-BPF     [test_progs-no_alu32] test_usdt.bpf.o
  LINK-BPF     [test_progs-no_alu32] tracing_multi.bpf.o
  LINK-BPF     [test_progs-no_alu32] tracing_multi_module.bpf.o
  LINK-BPF     [test_progs-no_alu32] tracing_multi_intersect.bpf.o
  LINK-BPF     [test_progs-no_alu32] tracing_multi_session.bpf.o
  GEN-SKEL     [test_progs-no_alu32] linked_funcs.skel.h
  GEN-SKEL     [test_progs-no_alu32] test_static_linked.skel.h
  GEN-SKEL     [test_progs-no_alu32] linked_vars.skel.h
  GEN-SKEL     [test_progs-no_alu32] test_subskeleton.skel.h
  GEN-SKEL     [test_progs-no_alu32] linked_maps.skel.h
  GEN-SKEL     [test_progs-no_alu32] tracing_multi.skel.h
  GEN-SKEL     [test_progs-no_alu32] test_subskeleton_lib.skel.h
  GEN-SKEL     [test_progs-no_alu32] tracing_multi_module.skel.h
  GEN-SKEL     [test_progs-no_alu32] test_usdt.skel.h
  GEN-SKEL     [test_progs-no_alu32] tracing_multi_session.skel.h
  GEN-SKEL     [test_progs-no_alu32] tracing_multi_intersect.skel.h
  GEN-SKEL     [test_progs] ksym_race.skel.h
libbpf: failed to find BTF info for global/extern symbol 'bpf_testmod_ksym_percpu'
Error: failed to link '/home/prozak/sources/heimdall_experiment/uml-harness/.build/selftests-output-qemu-lane3//ksym_race.bpf.o': No such file or directory (2)
  SKIP-SKEL    ksym_race.skel.h
  LINK-BPF     [test_progs] test_static_linked.bpf.o
  LINK-BPF     [test_progs] linked_funcs.bpf.o
  LINK-BPF     [test_progs] linked_vars.bpf.o
  LINK-BPF     [test_progs] linked_maps.bpf.o
  LINK-BPF     [test_progs] test_subskeleton.bpf.o
  LINK-BPF     [test_progs] test_subskeleton_lib.bpf.o
  LINK-BPF     [test_progs] test_usdt.bpf.o
  LINK-BPF     [test_progs] tracing_multi.bpf.o
  LINK-BPF     [test_progs] tracing_multi_module.bpf.o
  LINK-BPF     [test_progs] tracing_multi_intersect.bpf.o
  GEN-SKEL     [test_progs] test_static_linked.skel.h
  GEN-SKEL     [test_progs] linked_vars.skel.h
  LINK-BPF     [test_progs] tracing_multi_session.bpf.o
  GEN-SKEL     [test_progs] linked_maps.skel.h
  GEN-SKEL     [test_progs] linked_funcs.skel.h
  GEN-SKEL     [test_progs] test_usdt.skel.h
  GEN-SKEL     [test_progs] test_subskeleton_lib.skel.h
  GEN-SKEL     [test_progs] test_subskeleton.skel.h
  GEN-SKEL     [test_progs] tracing_multi_intersect.skel.h
  LINK-BPF     [test_progs-cpuv4] test_static_linked.bpf.o
  LINK-BPF     [test_progs-cpuv4] linked_funcs.bpf.o
  LINK-BPF     [test_progs-cpuv4] linked_vars.bpf.o
  GEN-SKEL     [test_progs] tracing_multi_session.skel.h
  GEN-SKEL     [test_progs] tracing_multi_module.skel.h
  GEN-SKEL     [test_progs] tracing_multi.skel.h
  LINK-BPF     [test_progs-cpuv4] linked_maps.bpf.o
  LINK-BPF     [test_progs-cpuv4] test_subskeleton.bpf.o
  LINK-BPF     [test_progs-cpuv4] test_subskeleton_lib.bpf.o
  LINK-BPF     [test_progs-cpuv4] test_usdt.bpf.o
  LINK-BPF     [test_progs-cpuv4] tracing_multi.bpf.o
  LINK-BPF     [test_progs-cpuv4] tracing_multi_module.bpf.o
  GEN-SKEL     [test_progs-cpuv4] linked_maps.skel.h
  LINK-BPF     [test_progs-cpuv4] tracing_multi_intersect.bpf.o
  GEN-SKEL     [test_progs-cpuv4] linked_vars.skel.h
  GEN-SKEL     [test_progs-cpuv4] test_subskeleton_lib.skel.h
  LINK-BPF     [test_progs-cpuv4] tracing_multi_session.bpf.o
  GEN-SKEL     [test_progs-cpuv4] linked_funcs.skel.h
  GEN-SKEL     [test_progs-cpuv4] test_static_linked.skel.h
  GEN-SKEL     [test_progs-cpuv4] test_subskeleton.skel.h
  GEN-SKEL     [test_progs-cpuv4] tracing_multi.skel.h
  GEN-SKEL     [test_progs-cpuv4] tracing_multi_module.skel.h
  GEN-SKEL     [test_progs-cpuv4] test_usdt.skel.h
  GEN-SKEL     [test_progs-cpuv4] tracing_multi_session.skel.h
  GEN-SKEL     [test_progs-cpuv4] tracing_multi_intersect.skel.h
  LINK-BPF     [test_progs-no_alu32] test_static_linked.bpf.o
  LINK-BPF     [test_progs-no_alu32] linked_funcs.bpf.o
  LINK-BPF     [test_progs-no_alu32] linked_vars.bpf.o
  LINK-BPF     [test_progs-no_alu32] linked_maps.bpf.o
  LINK-BPF     [test_progs-no_alu32] test_subskeleton.bpf.o
  LINK-BPF     [test_progs-no_alu32] test_subskeleton_lib.bpf.o
  LINK-BPF     [test_progs-no_alu32] test_usdt.bpf.o
  LINK-BPF     [test_progs-no_alu32] tracing_multi.bpf.o
  LINK-BPF     [test_progs-no_alu32] tracing_multi_module.bpf.o
  LINK-BPF     [test_progs-no_alu32] tracing_multi_session.bpf.o
  LINK-BPF     [test_progs-no_alu32] tracing_multi_intersect.bpf.o
  GEN-SKEL     [test_progs-no_alu32] linked_vars.skel.h
  GEN-SKEL     [test_progs-no_alu32] test_static_linked.skel.h
  GEN-SKEL     [test_progs-no_alu32] linked_funcs.skel.h
  GEN-SKEL     [test_progs-no_alu32] tracing_multi_intersect.skel.h
  GEN-SKEL     [test_progs-no_alu32] test_subskeleton.skel.h
  GEN-SKEL     [test_progs-no_alu32] linked_maps.skel.h
  GEN-SKEL     [test_progs-no_alu32] test_subskeleton_lib.skel.h
  GEN-SKEL     [test_progs-no_alu32] test_usdt.skel.h
  GEN-SKEL     [test_progs-no_alu32] tracing_multi.skel.h
  GEN-SKEL     [test_progs-no_alu32] tracing_multi_module.skel.h
  GEN-SKEL     [test_progs-no_alu32] tracing_multi_session.skel.h
/home/prozak/sources/heimdall_experiment/uml-harness/.build/bpf-next-x86/tools/testing/selftests/bpf/prog_tests/bpf_mod_race.c:11:10: fatal error: ksym_race.skel.h: No such file or directory
   11 | #include "ksym_race.skel.h"
      |          ^~~~~~~~~~~~~~~~~~
compilation terminated.
  SKIP-TEST    bpf_mod_race.test.o
failed to rebuild bpf_mod_race.test.o
