[swap] installed lpm_trie_map.bpf.o.corig as lpm_trie_map.bpf.o (c)
  GEN-SKEL     [test_progs] lpm_trie_map.skel.h
  LINK-BPF     [test_progs] test_static_linked.bpf.o
  LINK-BPF     [test_progs] linked_funcs.bpf.o
  LINK-BPF     [test_progs] linked_vars.bpf.o
  LINK-BPF     [test_progs] linked_maps.bpf.o
  LINK-BPF     [test_progs] test_subskeleton.bpf.o
  LINK-BPF     [test_progs] test_subskeleton_lib.bpf.o
  LINK-BPF     [test_progs] test_usdt.bpf.o
  LINK-BPF     [test_progs] tracing_multi.bpf.o
  LINK-BPF     [test_progs] tracing_multi_module.bpf.o
  LINK-BPF     [test_progs] tracing_multi_intersect.bpf.o
  LINK-BPF     [test_progs] tracing_multi_session.bpf.o
  GEN-SKEL     [test_progs] test_static_linked.skel.h
  GEN-SKEL     [test_progs] linked_vars.skel.h
  GEN-SKEL     [test_progs] test_subskeleton.skel.h
  GEN-SKEL     [test_progs] test_subskeleton_lib.skel.h
  GEN-SKEL     [test_progs] linked_maps.skel.h
  GEN-SKEL     [test_progs] test_usdt.skel.h
  GEN-SKEL     [test_progs] linked_funcs.skel.h
  GEN-SKEL     [test_progs] tracing_multi.skel.h
  GEN-SKEL     [test_progs] tracing_multi_module.skel.h
  GEN-SKEL     [test_progs] tracing_multi_intersect.skel.h
  GEN-SKEL     [test_progs] tracing_multi_session.skel.h
  LINK-BPF     [test_progs-cpuv4] test_static_linked.bpf.o
  LINK-BPF     [test_progs-cpuv4] linked_funcs.bpf.o
  LINK-BPF     [test_progs-cpuv4] linked_vars.bpf.o
  LINK-BPF     [test_progs-cpuv4] linked_maps.bpf.o
  LINK-BPF     [test_progs-cpuv4] test_subskeleton.bpf.o
  LINK-BPF     [test_progs-cpuv4] test_subskeleton_lib.bpf.o
  LINK-BPF     [test_progs-cpuv4] test_usdt.bpf.o
  LINK-BPF     [test_progs-cpuv4] tracing_multi.bpf.o
  LINK-BPF     [test_progs-cpuv4] tracing_multi_module.bpf.o
  LINK-BPF     [test_progs-cpuv4] tracing_multi_intersect.bpf.o
  LINK-BPF     [test_progs-cpuv4] tracing_multi_session.bpf.o
  GEN-SKEL     [test_progs-cpuv4] test_static_linked.skel.h
  GEN-SKEL     [test_progs-cpuv4] linked_maps.skel.h
  GEN-SKEL     [test_progs-cpuv4] linked_vars.skel.h
  GEN-SKEL     [test_progs-cpuv4] test_subskeleton.skel.h
  GEN-SKEL     [test_progs-cpuv4] test_usdt.skel.h
  GEN-SKEL     [test_progs-cpuv4] test_subskeleton_lib.skel.h
  GEN-SKEL     [test_progs-cpuv4] tracing_multi_intersect.skel.h
  GEN-SKEL     [test_progs-cpuv4] linked_funcs.skel.h
  GEN-SKEL     [test_progs-cpuv4] tracing_multi_module.skel.h
  GEN-SKEL     [test_progs-cpuv4] tracing_multi_session.skel.h
  GEN-SKEL     [test_progs-cpuv4] tracing_multi.skel.h
  LINK-BPF     [test_progs-no_alu32] test_static_linked.bpf.o
  LINK-BPF     [test_progs-no_alu32] linked_funcs.bpf.o
  LINK-BPF     [test_progs-no_alu32] linked_vars.bpf.o
  LINK-BPF     [test_progs-no_alu32] linked_maps.bpf.o
  LINK-BPF     [test_progs-no_alu32] test_subskeleton.bpf.o
  LINK-BPF     [test_progs-no_alu32] test_subskeleton_lib.bpf.o
  LINK-BPF     [test_progs-no_alu32] test_usdt.bpf.o
  LINK-BPF     [test_progs-no_alu32] tracing_multi.bpf.o
  LINK-BPF     [test_progs-no_alu32] tracing_multi_module.bpf.o
  LINK-BPF     [test_progs-no_alu32] tracing_multi_intersect.bpf.o
  LINK-BPF     [test_progs-no_alu32] tracing_multi_session.bpf.o
  GEN-SKEL     [test_progs-no_alu32] test_static_linked.skel.h
  GEN-SKEL     [test_progs-no_alu32] linked_maps.skel.h
  GEN-SKEL     [test_progs-no_alu32] test_subskeleton.skel.h
  GEN-SKEL     [test_progs-no_alu32] linked_vars.skel.h
  GEN-SKEL     [test_progs-no_alu32] test_subskeleton_lib.skel.h
  GEN-SKEL     [test_progs-no_alu32] test_usdt.skel.h
  GEN-SKEL     [test_progs-no_alu32] tracing_multi.skel.h
  GEN-SKEL     [test_progs-no_alu32] linked_funcs.skel.h
  GEN-SKEL     [test_progs-no_alu32] tracing_multi_intersect.skel.h
  GEN-SKEL     [test_progs-no_alu32] tracing_multi_module.skel.h
  GEN-SKEL     [test_progs-no_alu32] tracing_multi_session.skel.h
no prog_tests consume lpm_trie_map
