#42/1    bpftool_metadata/metadata_unused:OK
#42/2    bpftool_metadata/metadata_used:OK
#42      bpftool_metadata:OK
#247/1   metadata/unused:OK
#247/2   metadata/used:OK
#247     metadata:OK
#760     xdp_metadata:OK
Summary: 3/4 PASSED, 0 SKIPPED, 0/0 FAILED
_size: 0x0000000005000000
trampoline_32bit: 0x0000000000000000
Physical KASLR using RDRAND RDTSC...
Virtual KASLR using RDRAND RDTSC...

Decompressing Linux... Parsing ELF... Performing relocations... done.
Booting the kernel (entry_offset: 0x0000000003db96f0).
[    0.000000] Linux version 7.2.0-g0f783f853d0e (prozak@powertower) (gcc (Ubuntu 13.3.0-6ubuntu2~24.04.1) 13.3.0, GNU ld (GNU Binutils for Ubuntu) 2.42) #4 SMP PREEMPT_DYNAMIC Sat Sep  5 08:44:19 PDT 2026
[    0.000000] Command line: virtme_hostname=virtme-ng nr_open=1048576 virtme_link_mods=/home/prozak/sources/heimdall_experiment/uml-harness/.build/bpf-next-x86/.virtme_mods/lib/modules/0.0.0 virtme_rw_overlay0=/tmp virtme_console=ttyS0 console=ttyS0 earlyprintk=serial,ttyS0,115200 panic=-1 virtme.exec=`bW91bnQgLXQgYnBmIGJwZmZzIC9zeXMvZnMvYnBmIDI+L2Rldi9udWxsOyAuL3Rlc3RfcHJvZ3MgLXQgJ21ldGFkYXRhLGJwZnRvb2xfbWV0YWRhdGEn` virtme_chdir=home/prozak/sources/heimdall_experiment/uml-harness/.build/selftests-output-qemu-lane3 rootfstype=9p rootflags=version=9p2000.L,trans=virtio,access=any,msize=524288 raid=noautodetect rw debug init=/home/prozak/.local/share/vng-venv/lib/python3.12/site-packages/virtme/guest/bin/virtme-ng-init
[    0.000000] x86 CPU feature dependency check failure: CPU0 has '18*32+31' enabled but '18*32+26' disabled. Kernel might be fine, but no guarantees.
[    0.000000] BIOS-provided physical RAM map:
[    0.000000] BIOS-e820: [mem 0x0000000000000000-0x000000000009fbff]  System RAM
[    0.000000] BIOS-e820: [mem 0x000000000009fc00-0x000000000009ffff]  device reserved
[    0.000000] BIOS-e820: [gap 0x00000000000a0000-0x00000000000effff]
[    0.000000] BIOS-e820: [mem 0x00000000000f0000-0x00000000000fffff]  device reserved
[    0.000000] BIOS-e820: [mem 0x0000000000100000-0x00000000bffdffff]  System RAM
[    0.000000] BIOS-e820: [mem 0x00000000bffe0000-0x00000000bfffffff]  device reserved
[    0.000000] BIOS-e820: [gap 0x00000000c0000000-0x00000000feffbfff]
[    0.000000] BIOS-e820: [mem 0x00000000feffc000-0x00000000feffffff]  device reserved
[    0.000000] BIOS-e820: [gap 0x00000000ff000000-0x00000000fffbffff]
[    0.000000] BIOS-e820: [mem 0x00000000fffc0000-0x00000000ffffffff]  device reserved
[    0.000000] BIOS-e820: [mem 0x0000000100000000-0x000000013fffffff]  System RAM
[    0.000000] BIOS-e820: [gap 0x0000000140000000-0x000000fcffffffff]
[    0.000000] BIOS-e820: [mem 0x000000fd00000000-0x000000ffffffffff]  device reserved
[    0.000000] printk: legacy bootconsole [earlyser0] enabled
[    0.000000] NX (Execute Disable) protection: active
[    0.000000] APIC: Static calls initialized
[    0.000000] DMI: SMBIOS 3.0.0 present.
[    0.000000] DMI: QEMU Ubuntu 24.04 PC v2 (i440FX + PIIX, arch_caps fix, 1996), BIOS 1.16.3-debian-1.16.3-2 04/01/2014
[    0.000000] DMI: Memory slots populated: 1/1
[    0.000000] Hypervisor detected: KVM
[    0.000000] last_pfn = 0xbffe0 max_arch_pfn = 0x400000000
[    0.000000] kvm-clock: Using msrs 4b564d01 and 4b564d00
[    0.000002] kvm-clock: using sched offset of 779763000 cycles
[    0.001039] clocksource: kvm-clock: mask: 0xffffffffffffffff max_cycles: 0x1cd42e4dffb, max_idle_ns: 881590591483 ns
[    0.004314] tsc: Detected 3400.040 MHz processor
[    0.005644] e820: update [mem 0x00000000-0x00000fff] System RAM ==> device reserved
[    0.007176] e820: remove [mem 0x000a0000-0x000fffff] System RAM
[    0.008370] last_pfn = 0x140000 max_arch_pfn = 0x400000000
[    0.009581] MTRR map: 4 entries (3 fixed + 1 variable; max 19), built from 8 variable MTRRs
[    0.011254] x86/PAT: Configuration [0-7]: WB  WC  UC- UC  WB  WP  UC- WT  
Memory KASLR using RDRAND RDTSC...
[    0.013467] last_pfn = 0xbffe0 max_arch_pfn = 0x400000000
[    0.015927] found SMP MP-table at [mem 0x000f5450-0x000f545f]
[    0.017071] Using GB pages for direct mapping
[    0.018715] ACPI: Early table checksum verification disabled
[    0.019815] ACPI: RSDP 0x00000000000F5240 000014 (v00 BOCHS )
[    0.021026] ACPI: RSDT 0x00000000BFFE1D9D 000034 (v01 BOCHS  BXPC     00000001 BXPC 00000001)
[    0.022725] ACPI: FACP 0x00000000BFFE1C39 000074 (v01 BOCHS  BXPC     00000001 BXPC 00000001)
[    0.024404] ACPI: DSDT 0x00000000BFFE0040 001BF9 (v01 BOCHS  BXPC     00000001 BXPC 00000001)
[    0.026091] ACPI: FACS 0x00000000BFFE0000 000040
[    0.027006] ACPI: APIC 0x00000000BFFE1CAD 000090 (v03 BOCHS  BXPC     00000001 BXPC 00000001)
[    0.028715] ACPI: HPET 0x00000000BFFE1D3D 000038 (v01 BOCHS  BXPC     00000001 BXPC 00000001)
[    0.030415] ACPI: WAET 0x00000000BFFE1D75 000028 (v01 BOCHS  BXPC     00000001 BXPC 00000001)
[    0.032118] ACPI: Reserving FACP table memory at [mem 0xbffe1c39-0xbffe1cac]
[    0.033500] ACPI: Reserving DSDT table memory at [mem 0xbffe0040-0xbffe1c38]
[    0.034881] ACPI: Reserving FACS table memory at [mem 0xbffe0000-0xbffe003f]
[    0.036258] ACPI: Reserving APIC table memory at [mem 0xbffe1cad-0xbffe1d3c]
[    0.037664] ACPI: Reserving HPET table memory at [mem 0xbffe1d3d-0xbffe1d74]
[    0.039055] ACPI: Reserving WAET table memory at [mem 0xbffe1d75-0xbffe1d9c]
[    0.040921] No NUMA configuration found
[    0.041690] Faking a node at [mem 0x0000000000000000-0x000000013fffffff]
[    0.043011] NODE_DATA(0) allocated [mem 0x13fff9c80-0x13fffdfff]
[    0.045126] ACPI: PM-Timer IO Port: 0x608
[    0.045955] ACPI: LAPIC_NMI (acpi_id[0xff] dfl dfl lint[0x1])
[    0.047146] IOAPIC[0]: apic_id 0, version 17, address 0xfec00000, GSI 0-23
[    0.048518] ACPI: INT_SRC_OVR (bus 0 bus_irq 0 global_irq 2 dfl dfl)
[    0.049777] ACPI: INT_SRC_OVR (bus 0 bus_irq 5 global_irq 5 high level)
[    0.051098] ACPI: INT_SRC_OVR (bus 0 bus_irq 9 global_irq 9 high level)
[    0.052386] ACPI: INT_SRC_OVR (bus 0 bus_irq 10 global_irq 10 high level)
[    0.053723] ACPI: INT_SRC_OVR (bus 0 bus_irq 11 global_irq 11 high level)
[    0.055085] ACPI: Using ACPI (MADT) for SMP configuration information
[    0.056339] ACPI: HPET id: 0x8086a201 base: 0xfed00000
[    0.057844] TSC deadline timer available
[    0.059298] CPU topo: Max. logical packages:   1
[    0.060930] CPU topo: Max. logical nodes:      1
[    0.061872] CPU topo: Num. nodes per package:  1
[    0.062796] CPU topo: Max. logical dies:       1
[    0.063703] CPU topo: Max. dies per package:   1
[    0.064610] CPU topo: Max. threads per core:   1
[    0.065532] CPU topo: Num. cores per package:     4
[    0.066473] CPU topo: Num. threads per package:   4
[    0.067469] CPU topo: Allowing 4 present CPUs plus 0 hotplug CPUs
[    0.068719] kvm-guest: APIC: eoi() replaced with kvm_guest_apic_eoi_write()
[    0.070120] kvm-guest: KVM setup pv remote TLB flush
[    0.071118] kvm-guest: setup PV sched yield
[    0.071947] PM: hibernation: Registered nosave memory: [mem 0x00000000-0x00000fff]
[    0.073469] PM: hibernation: Registered nosave memory: [mem 0x0009f000-0x000fffff]
[    0.074952] PM: hibernation: Registered nosave memory: [mem 0xbffe0000-0xffffffff]
[    0.076425] [gap 0xc0000000-0xfeffbfff] available for PCI devices
[    0.077662] Booting paravirtualized kernel on KVM
[    0.078589] clocksource: refined-jiffies: mask: 0xffffffff max_cycles: 0xffffffff, max_idle_ns: 1910969940391419 ns
[    0.085608] Zone ranges:
[    0.086116]   DMA      [mem 0x0000000000001000-0x0000000000ffffff]
[    0.087343]   DMA32    [mem 0x0000000001000000-0x00000000ffffffff]
[    0.088588]   Normal   [mem 0x0000000100000000-0x000000013fffffff]
[    0.089807] Movable zone start for each node
[    0.090635] Early memory node ranges
[    0.091348]   node   0: [mem 0x0000000000001000-0x000000000009efff]
[    0.092578]   node   0: [mem 0x0000000000100000-0x00000000bffdffff]
[    0.093872]   node   0: [mem 0x0000000100000000-0x000000013fffffff]
[    0.095119] Initmem setup node 0 [mem 0x0000000000001000-0x000000013fffffff]
[    0.098949] On node 0, zone DMA: 1 pages in unavailable ranges
[    0.100168] On node 0, zone DMA: 97 pages in unavailable ranges
[    0.134060] On node 0, zone Normal: 32 pages in unavailable ranges
[    0.135348] setup_percpu: NR_CPUS:128 nr_cpumask_bits:4 nr_cpu_ids:4 nr_node_ids:1
[    0.137781] percpu: Embedded 58 pages/cpu s200144 r8192 d29232 u524288
[    0.139090] pcpu-alloc: s200144 r8192 d29232 u524288 alloc=1*2097152
[    0.140347] pcpu-alloc: [0] 0 1 2 3 
[    0.141108] Kernel command line: virtme_hostname=virtme-ng nr_open=1048576 virtme_link_mods=/home/prozak/sources/heimdall_experiment/uml-harness/.build/bpf-next-x86/.virtme_mods/lib/modules/0.0.0 virtme_rw_overlay0=/tmp virtme_console=ttyS0 console=ttyS0 earlyprintk=serial,ttyS0,115200 panic=-1 virtme.exec=`bW91bnQgLXQgYnBmIGJwZmZzIC9zeXMvZnMvYnBmIDI+L2Rldi9udWxsOyAuL3Rlc3RfcHJvZ3MgLXQgJ21ldGFkYXRhLGJwZnRvb2xfbWV0YWRhdGEn` virtme_chdir=home/prozak/sources/heimdall_experiment/uml-harness/.build/selftests-output-qemu-lane3 rootfstype=9p rootflags=version=9p2000.L,trans=virtio,access=any,msize=524288 raid=noautodetect rw debug init=/home/prozak/.local/share/vng-venv/lib/python3.12/site-packages/virtme/guest/bin/virtme-ng-init
[    0.154012] Unknown kernel command line parameters "virtme_hostname=virtme-ng nr_open=1048576 virtme_link_mods=/home/prozak/sources/heimdall_experiment/uml-harness/.build/bpf-next-x86/.virtme_mods/lib/modules/0.0.0 virtme_rw_overlay0=/tmp virtme_console=ttyS0 virtme_chdir=home/prozak/sources/heimdall_experiment/uml-harness/.build/selftests-output-qemu-lane3", will be passed to user space.
[    0.164144] random: crng init done
[    0.165368] printk: log buffer data + meta data: 2097152 + 7340032 = 9437184 bytes
[    0.170339] Dentry cache hash table entries: 524288 (order: 10, 4194304 bytes, linear)
[    0.174306] Inode-cache hash table entries: 262144 (order: 9, 2097152 bytes, linear)
[    0.176982] software IO TLB: area num 4.
[    0.212520] Fallback order for Node 0: 0 
[    0.212527] Built 1 zonelists, mobility grouping on.  Total pages: 1048446
[    0.214719] Policy zone: Normal
[    0.215373] mem auto-init: stack:all(zero), heap alloc:off, heap free:off
[    0.222357] SLUB: HWalign=64, Order=0-3, MinObjects=0, CPUs=4, Nodes=1
Poking KASLR using RDRAND RDTSC...
[    0.236885] ftrace: allocating 70083 entries in 276 pages
[    0.237987] ftrace: allocated 276 pages with 3 groups
[    0.239068] Dynamic Preempt: full
[    0.240668] Running RCU self tests
[    0.241369] Running RCU synchronous self tests
[    0.242237] rcu: Preemptible hierarchical RCU implementation.
[    0.243399] rcu: 	RCU event tracing is enabled.
[    0.244335] rcu: 	RCU lockdep checking is enabled.
[    0.245282] rcu: 	RCU restricting CPUs from NR_CPUS=128 to nr_cpu_ids=4.
[    0.246591] 	Trampoline variant of Tasks RCU enabled.
[    0.247590] 	Rude variant of Tasks RCU enabled.
[    0.248521] 	Tracing variant of Tasks RCU enabled.
[    0.249471] rcu: RCU calculated value of scheduler-enlistment delay is 100 jiffies.
[    0.250964] rcu: Adjusting geometry for rcu_fanout_leaf=16, nr_cpu_ids=4
[    0.253176] Running RCU synchronous self tests
[    0.254111] RCU Tasks: Setting shift to 2 and lim to 1 rcu_task_cb_adjust=1 rcu_task_cpu_ids=4.
[    0.255825] RCU Tasks Rude: Setting shift to 2 and lim to 1 rcu_task_cb_adjust=1 rcu_task_cpu_ids=4.
[    0.267167] NR_IRQS: 8448, nr_irqs: 456, preallocated irqs: 16
[    0.268652] rcu: srcu_init: Setting srcu_struct sizes based on contention.
[    0.270026] clocksource: jiffies: mask: 0xffffffff max_cycles: 0xffffffff, max_idle_ns: 1911260446275000 ns
[    0.272209] Console: colour *CGA 80x25
[    0.273010] printk: legacy console [ttyS0] enabled
[    0.273010] printk: legacy console [ttyS0] enabled
[    0.274960] printk: legacy bootconsole [earlyser0] disabled
[    0.274960] printk: legacy bootconsole [earlyser0] disabled
[    0.277208] Lock dependency validator: Copyright (c) 2006 Red Hat, Inc., Ingo Molnar
[    0.278763] ... MAX_LOCKDEP_SUBCLASSES:  8
[    0.279605] ... MAX_LOCK_DEPTH:          48
[    0.280456] ... MAX_LOCKDEP_KEYS:        8192
[    0.281387] ... CLASSHASH_SIZE:          4096
[    0.282260] ... MAX_LOCKDEP_ENTRIES:     32768
[    0.283163] ... MAX_LOCKDEP_CHAINS:      65536
[    0.284112] ... CHAINHASH_SIZE:          32768
[    0.285001]  memory used by lock dependency info: 6429 kB
[    0.286112]  memory used for stack traces: 4224 kB
[    0.287103]  per task-struct memory footprint: 1920 bytes
[    0.288262] ACPI: Core revision 20260408
[    0.289268] clocksource: hpet: mask: 0xffffffff max_cycles: 0xffffffff, max_idle_ns: 19112604467 ns
[    0.291386] APIC: Switch to symmetric I/O mode setup
[    0.293016] x2apic enabled
[    0.294204] APIC: Switched APIC routing to: physical x2apic
[    0.295454] kvm-guest: APIC: send_IPI_mask() replaced with kvm_send_ipi_mask()
[    0.296980] kvm-guest: APIC: send_IPI_mask_allbutself() replaced with kvm_send_ipi_mask_allbutself()
[    0.298945] kvm-guest: setup PV IPIs
[    0.301993] ..TIMER: vector=0x30 apic1=0 pin1=2 apic2=-1 pin2=-1
[    0.303407] clocksource: tsc-early: mask: 0xffffffffffffffff max_cycles: 0x310274de655, max_idle_ns: 440795359465 ns
[    0.305639] Calibrating delay loop (skipped) preset value.. 6800.08 BogoMIPS (lpj=3400040)
[    0.307235] x86/cpu: User Mode Instruction Prevention (UMIP) activated
[    0.307933] Last level iTLB entries: 4KB 512, 2MB 255, 4MB 127
[    0.308636] Last level dTLB entries: 4KB 512, 2MB 255, 4MB 127, 1GB 0
[    0.309646] mitigations: Enabled attack vectors: user_kernel, user_user, SMT mitigations: auto
[    0.310636] Speculative Store Bypass: Mitigation: Speculative Store Bypass disabled via prctl
[    0.311636] Speculative Return Stack Overflow: IBPB-extending microcode not applied!
[    0.312636] Speculative Return Stack Overflow: WARNING: See https://kernel.org/doc/html/latest/admin-guide/hw-vuln/srso.html for mitigation options.
[    0.312637] Transient Scheduler Attacks: Vulnerable: No microcode
[    0.314637] Spectre V2 : Mitigation: Retpolines
[    0.315636] Speculative Return Stack Overflow: Vulnerable: Safe RET, no microcode
[    0.316636] Spectre V1 : Mitigation: usercopy/swapgs barriers and __user pointer sanitization
[    0.317637] Spectre V2 : Spectre v2 / SpectreRSB: Filling RSB on context switch and VMEXIT
[    0.318636] Spectre V2 : Enabling Restricted Speculation for firmware calls
[    0.319639] Spectre V2 : mitigation: Enabling conditional Indirect Branch Prediction Barrier
[    0.320637] active return thunk: srso_alias_return_thunk
[    0.321695] x86/fpu: Supporting XSAVE feature 0x001: 'x87 floating point registers'
[    0.322636] x86/fpu: Supporting XSAVE feature 0x002: 'SSE registers'
[    0.323636] x86/fpu: Supporting XSAVE feature 0x004: 'AVX registers'
[    0.324636] x86/fpu: xstate_offset[2]:  576, xstate_sizes[2]:  256
[    0.325636] x86/fpu: Enabled xstate features 0x7, context size is 832 bytes, using 'compacted' format.
[    0.366456] pid_max: default: 32768 minimum: 301
[    0.366826] SELinux:  Initializing.
[    0.369045] LSM support for eBPF active
[    0.369770] Mount-cache hash table entries: 8192 (order: 4, 65536 bytes, linear)
[    0.370641] Mountpoint-cache hash table entries: 8192 (order: 4, 65536 bytes, linear)
[    0.372969] VFS: Finished mounting rootfs on nullfs
[    0.375979] Running RCU synchronous self tests
[    0.376639] Running RCU synchronous self tests
[    0.378016] smpboot: CPU0: AMD Ryzen 9 5950X 16-Core Processor (family: 0x19, model: 0x21, stepping: 0x2)
[    0.379368] Performance Events: Fam17h+ core perfctr, AMD PMU driver.
[    0.379663] ... version:                   0
[    0.380645] ... bit width:                 48
[    0.381644] ... generic counters:          6
[    0.382644] ... generic bitmap:            000000000000003f
[    0.383645] ... fixed-purpose counters:    0
[    0.384643] ... fixed-purpose bitmap:      0000000000000000
[    0.385644] ... value mask:                0000ffffffffffff
[    0.386644] ... max period:                00007fffffffffff
[    0.387643] ... global_ctrl mask:          000000000000003f
[    0.388959] signal: max sigframe size: 1776
[    0.389771] rcu: Hierarchical SRCU implementation.
[    0.390643] rcu: 	Max phase no-delay instances is 400.
[    0.391808] Timer migration: 1 hierarchy levels; 8 children per group; 1 crossnode level
[    0.405413] smp: Bringing up secondary CPUs ...
[    0.406245] smpboot: x86: Booting SMP configuration:
[    0.406666] .... node  #0, CPUs:      #1 #2 #3
[    0.413884] smp: Brought up 1 node, 4 CPUs
[    0.415628] smpboot: Total of 4 processors activated (27200.32 BogoMIPS)
[    0.417038] Memory: 3966612K/4193784K available (25781K kernel code, 10327K rwdata, 18304K rodata, 4688K init, 13400K bss, 220956K reserved, 0K cma-reserved)
[    0.419746] devtmpfs: initialized
[    0.423091] Running RCU synchronous self tests
[    0.423664] Running RCU synchronous self tests
[    0.424714] Running RCU Tasks wait API self tests
[    0.425697] Running RCU Tasks Rude wait API self tests
[    0.426643] Running RCU Tasks Trace wait API self tests
[    0.427827] posixtimers hash table entries: 2048 (order: 6, 147456 bytes, linear)
[    0.428740] futex hash table entries: 1024 (131072 bytes on 1 NUMA nodes, total 128 KiB, linear).
[    0.430646] PM: RTC time: 17:53:02, date: 2026-09-05
[    0.431693] Callback from call_rcu_tasks_trace() invoked.
[    0.434042] NET: Registered PF_NETLINK/PF_ROUTE protocol family
[    0.435665] audit: initializing netlink subsys (disabled)
[    0.436689] audit: type=2000 audit(1788630782.487:1): state=initialized audit_enabled=0 res=1
[    0.452540] thermal_sys: Registered thermal governor 'step_wise'
[    0.452650] cpuidle: using governor ladder
[    0.454698] cpuidle: using governor menu
[    0.457989] PCI: Using configuration type 1 for base access
[    0.458644] PCI: Using configuration type 1 for extended access
[    0.459781] kprobes: kprobe jump-optimization is enabled. All kprobes are optimized if possible.
[    0.460818] HugeTLB: registered 1.00 GiB page size, pre-allocated 0 pages
[    0.462646] HugeTLB: 16380 KiB vmemmap can be freed for a 1.00 GiB page
[    0.464646] HugeTLB: registered 2.00 MiB page size, pre-allocated 0 pages
[    0.465645] HugeTLB: 28 KiB vmemmap can be freed for a 2.00 MiB page
[    0.472336] ACPI: Added _OSI(Module Device)
[    0.473647] ACPI: Added _OSI(Processor Device)
[    0.474599] ACPI: Added _OSI(Processor Aggregator Device)
[    0.479041] ACPI: 1 ACPI AML tables successfully acquired and loaded
[    0.483679] ACPI: \_SB_: platform _OSC: OS support mask [002a7eee]
[    0.485397] ACPI: Interpreter enabled
[    0.485712] ACPI: PM: (supports S0 S3 S4 S5)
[    0.486614] ACPI: Using IOAPIC for interrupt routing
[    0.487697] PCI: Using host bridge windows from ACPI; if necessary, use "pci=nocrs" and report a bug
[    0.489644] PCI: Using E820 reservations for host bridge windows
[    0.491008] ACPI: Enabled 2 GPEs in block 00 to 0F
[    0.505157] ACPI: PCI Root Bridge [PCI0] (domain 0000 [bus 00-ff])
[    0.506441] PCI host bridge to bus 0000:00
[    0.507653] pci_bus 0000:00: root bus resource [io  0x0000-0x0cf7 window]
[    0.508646] pci_bus 0000:00: root bus resource [io  0x0d00-0xffff window]
[    0.510646] pci_bus 0000:00: root bus resource [mem 0x000a0000-0x000bffff window]
[    0.511646] pci_bus 0000:00: root bus resource [mem 0xc0000000-0xfebfffff window]
[    0.513644] pci_bus 0000:00: root bus resource [mem 0x380000000000-0x38007fffffff window]
[    0.514645] pci_bus 0000:00: root bus resource [bus 00-ff]
[    0.516038] pci 0000:00:00.0: [8086:1237] type 00 class 0x060000 conventional PCI endpoint
[    0.519216] pci 0000:00:01.0: [8086:7000] type 00 class 0x060100 conventional PCI endpoint
[    0.523004] pci 0000:00:01.1: [8086:7010] type 00 class 0x010180 conventional PCI endpoint
[    0.525717] pci 0000:00:01.1: BAR 4 [io  0xc1c0-0xc1cf]
[    0.526715] pci 0000:00:01.1: BAR 0 [io  0x01f0-0x01f7]: legacy IDE quirk
[    0.527645] pci 0000:00:01.1: BAR 1 [io  0x03f6]: legacy IDE quirk
[    0.528659] pci 0000:00:01.1: BAR 2 [io  0x0170-0x0177]: legacy IDE quirk
[    0.531186] pci 0000:00:01.1: BAR 3 [io  0x0376]: legacy IDE quirk
[    0.533424] pci 0000:00:01.3: [8086:7113] type 00 class 0x068000 conventional PCI endpoint
[    0.535355] pci 0000:00:01.3: quirk: [io  0x0600-0x063f] claimed by PIIX4 ACPI
[    0.536668] pci 0000:00:01.3: quirk: [io  0x0700-0x070f] claimed by PIIX4 SMB
[    0.539644] pci 0000:00:02.0: [1af4:1009] type 00 class 0x000200 conventional PCI endpoint
[    0.543666] pci 0000:00:02.0: BAR 0 [io  0xc000-0xc03f]
[    0.544661] pci 0000:00:02.0: BAR 1 [mem 0xfebf8000-0xfebf8fff]
[    0.545701] pci 0000:00:02.0: BAR 4 [mem 0x380000000000-0x380000003fff 64bit pref]
[    0.549819] pci 0000:00:03.0: [8086:25ab] type 00 class 0x088000 conventional PCI endpoint
[    0.553022] pci 0000:00:03.0: BAR 0 [mem 0xfebf9000-0xfebf900f]
[    0.557221] pci 0000:00:04.0: [1af4:1003] type 00 class 0x078000 conventional PCI endpoint
[    0.561073] pci 0000:00:04.0: BAR 0 [io  0xc040-0xc07f]
[    0.562661] pci 0000:00:04.0: BAR 1 [mem 0xfebfa000-0xfebfafff]
[    0.563704] pci 0000:00:04.0: BAR 4 [mem 0x380000004000-0x380000007fff 64bit pref]
[    0.567633] pci 0000:00:05.0: [1af4:1003] type 00 class 0x078000 conventional PCI endpoint
[    0.571660] pci 0000:00:05.0: BAR 0 [io  0xc080-0xc0bf]
[    0.572680] pci 0000:00:05.0: BAR 1 [mem 0xfebfb000-0xfebfbfff]
[    0.573703] pci 0000:00:05.0: BAR 4 [mem 0x380000008000-0x38000000bfff 64bit pref]
[    0.577633] pci 0000:00:06.0: [1af4:1003] type 00 class 0x078000 conventional PCI endpoint
[    0.581276] pci 0000:00:06.0: BAR 0 [io  0xc0c0-0xc0ff]
[    0.582662] pci 0000:00:06.0: BAR 1 [mem 0xfebfc000-0xfebfcfff]
[    0.583699] pci 0000:00:06.0: BAR 4 [mem 0x38000000c000-0x38000000ffff 64bit pref]
[    0.588917] pci 0000:00:07.0: [1af4:1003] type 00 class 0x078000 conventional PCI endpoint
[    0.591659] pci 0000:00:07.0: BAR 0 [io  0xc100-0xc13f]
[    0.592661] pci 0000:00:07.0: BAR 1 [mem 0xfebfd000-0xfebfdfff]
[    0.593714] pci 0000:00:07.0: BAR 4 [mem 0x380000010000-0x380000013fff 64bit pref]
[    0.597970] pci 0000:00:08.0: [1af4:1003] type 00 class 0x078000 conventional PCI endpoint
[    0.601662] pci 0000:00:08.0: BAR 0 [io  0xc140-0xc17f]
[    0.602661] pci 0000:00:08.0: BAR 1 [mem 0xfebfe000-0xfebfefff]
[    0.603721] pci 0000:00:08.0: BAR 4 [mem 0x380000014000-0x380000017fff 64bit pref]
[    0.608952] pci 0000:00:09.0: [1af4:1003] type 00 class 0x078000 conventional PCI endpoint
[    0.611660] pci 0000:00:09.0: BAR 0 [io  0xc180-0xc1bf]
[    0.612661] pci 0000:00:09.0: BAR 1 [mem 0xfebff000-0xfebfffff]
[    0.613702] pci 0000:00:09.0: BAR 4 [mem 0x380000018000-0x38000001bfff 64bit pref]
[    0.623971] ACPI: PCI: Interrupt link LNKA configured for IRQ 10
[    0.624916] ACPI: PCI: Interrupt link LNKB configured for IRQ 10
[    0.626920] ACPI: PCI: Interrupt link LNKC configured for IRQ 11
[    0.627935] ACPI: PCI: Interrupt link LNKD configured for IRQ 11
[    0.629779] ACPI: PCI: Interrupt link LNKS configured for IRQ 9
[    0.632689] iommu: Default domain type: Translated
[    0.633688] iommu: DMA domain TLB invalidation policy: lazy mode
[    0.633699] Callback from call_rcu_tasks() invoked.
[    0.637106] SCSI subsystem initialized
[    0.637722] libata version 3.00 loaded.
[    0.638788] ACPI: bus type USB registered
[    0.639777] usbcore: registered new interface driver usbfs
[    0.640711] usbcore: registered new interface driver hub
[    0.642685] usbcore: registered new device driver usb
[    0.643783] pps_core: LinuxPPS API ver. 1 registered
[    0.644644] pps_core: Software ver. 5.3.6 - Copyright 2005-2007 Rodolfo Giometti <giometti@linux.it>
[    0.646659] PTP clock support registered
[    0.648851] Advanced Linux Sound Architecture Driver Initialized.
[    0.650848] NetLabel: Initializing
[    0.651557] NetLabel:  domain hash size = 128
[    0.652643] NetLabel:  protocols = UNLABELED CIPSOv4 CALIPSO
[    0.653704] NetLabel:  unlabeled traffic allowed by default
[    0.655796] PCI: Using ACPI for IRQ routing
[    0.656646] PCI: pci_cache_line_size set to 64 bytes
[    0.657997] e820: register RAM buffer resource [mem 0x0009fc00-0x0009ffff]
[    0.658681] e820: register RAM buffer resource [mem 0xbffe0000-0xbfffffff]
[    0.660769] vgaarb: loaded
[    0.661418] hpet0: at MMIO 0xfed00000, IRQs 2, 8, 0
[    0.662646] hpet0: 3 comparators, 64-bit 100.000000 MHz counter
[    0.668960] clocksource: Switched to clocksource kvm-clock
[    0.670915] VFS: Disk quotas dquot_6.6.0
[    0.671760] VFS: Dquot-cache hash table entries: 512 (4096 bytes)
[    0.674008] pnp: PnP ACPI init
[    0.675098] pnp 00:02: [dma 2]
[    0.676733] pnp: PnP ACPI: found 4 devices
[    0.695316] clocksource: acpi_pm: mask: 0xffffff max_cycles: 0xffffff, max_idle_ns: 2085701024 ns
[    0.697697] NET: Registered PF_INET protocol family
[    0.698859] IP idents hash table entries: 65536 (order: 7, 524288 bytes, linear)
[    0.702413] tcp_listen_portaddr_hash hash table entries: 2048 (order: 6, 147456 bytes, linear)
[    0.704745] Table-perturb hash table entries: 65536 (order: 6, 262144 bytes, linear)
[    0.706596] TCP established hash table entries: 32768 (order: 6, 262144 bytes, linear)
[    0.708528] TCP bind hash table entries: 32768 (order: 11, 4718592 bytes, vmalloc hugepage)
[    0.715135] TCP: Hash tables configured (established 32768 bind 32768)
[    0.716969] MPTCP token hash table entries: 4096 (order: 7, 360448 bytes, linear)
[    0.718873] UDP hash table entries: 2048 (order: 7, 524288 bytes, linear)
[    0.721680] NET: Registered PF_UNIX/PF_LOCAL protocol family
[    0.723971] RPC: Registered named UNIX socket transport module.
[    0.725591] RPC: Registered udp transport module.
[    0.726747] RPC: Registered tcp transport module.
[    0.727883] RPC: Registered tcp-with-tls transport module.
[    0.729241] RPC: Registered tcp NFSv4.1 backchannel transport module.
[    0.731846] NET: Registered PF_XDP protocol family
[    0.733077] pci_bus 0000:00: resource 4 [io  0x0000-0x0cf7 window]
[    0.734552] pci_bus 0000:00: resource 5 [io  0x0d00-0xffff window]
[    0.736025] pci_bus 0000:00: resource 6 [mem 0x000a0000-0x000bffff window]
[    0.737683] pci_bus 0000:00: resource 7 [mem 0xc0000000-0xfebfffff window]
[    0.739304] pci_bus 0000:00: resource 8 [mem 0x380000000000-0x38007fffffff window]
[    0.748236] pci 0000:00:01.0: PIIX3: Enabling Passive Release
[    0.751572] pci 0000:00:00.0: Limiting direct PCI/PCI transfers
[    0.755206] PCI: CLS 0 bytes, default 64
[    0.761744] PCI-DMA: Using software bounce buffering for IO (SWIOTLB)
[    0.765793] software IO TLB: mapped [mem 0x00000000bbfe0000-0x00000000bffe0000] (64MB)
[    0.773571] clocksource: tsc: mask: 0xffffffffffffffff max_cycles: 0x310274de655, max_idle_ns: 440795359465 ns
[    0.781230] Initialise system trusted keyrings
[    0.782679] workingset: timestamp_bits=40 (anon: 35) max_order=20 bucket_order=0 (anon: 0)
[    0.785471] squashfs: version 4.0 (2009/01/31) Phillip Lougher
[    0.787299] NFS: Registering the id_resolver key type
[    0.788568] Key type id_resolver registered
[    0.789604] Key type id_legacy registered
[    0.790594] nfs4filelayout_init: NFSv4 File Layout Driver Registering...
[    0.792229] nfs4flexfilelayout_init: NFSv4 Flexfile Layout Driver Registering...
[    0.794245] fuse: init (API version 7.45)
[    0.795510] 9p: Installing v9fs 9p2000 file system support
[    0.798226] NET: Registered PF_ALG protocol family
[    0.799418] Key type asymmetric registered
[    0.800424] Asymmetric key parser 'x509' registered
[    0.801708] Block layer SCSI generic (bsg) driver version 0.4 loaded (major 248)
[    0.804048] io scheduler mq-deadline registered
[    0.805186] io scheduler kyber registered
[    0.807290] input: Power Button as /devices/platform/LNXPWRBN:00/input/input0
[    0.809296] ACPI: button: Power Button [PWRF]
[    0.944443] ACPI: \_SB_.LNKB: Enabled at IRQ 10
[    1.079416] ACPI: \_SB_.LNKD: Enabled at IRQ 11
[    1.216112] ACPI: \_SB_.LNKA: Enabled at IRQ 10
[    1.315387] kwatchdog (73) used greatest stack depth: 14776 bytes left
[    1.489317] ACPI: \_SB_.LNKC: Enabled at IRQ 11
[    1.768895] Serial: 8250/16550 driver, 4 ports, IRQ sharing enabled
[    1.771729] 00:03: ttyS0 at I/O 0x3f8 (irq = 4, base_baud = 115200) is a 16550A
[    1.810809] clocksource: Watchdog remote CPU 2 read timed out
[    2.201837] Non-volatile memory driver v1.3
[    2.212548] ACPI: bus type drm_connector registered
[    2.254529] brd: module loaded
[    2.276357] loop: module loaded
[    2.286215] scsi host0: ata_piix
[    2.289429] scsi host1: ata_piix
[    2.291901] ata1: PATA max MWDMA2 cmd 0x1f0 ctl 0x3f6 bmdma 0xc1c0 irq 14 lpm-pol 0
[    2.295130] ata2: PATA max MWDMA2 cmd 0x170 ctl 0x376 bmdma 0xc1c8 irq 15 lpm-pol 0
[    2.305681] tun: Universal TUN/TAP device driver, 1.6
[    2.312178] e100: Intel(R) PRO/100 Network Driver
[    2.314974] e100: Copyright(c) 1999-2006 Intel Corporation
[    2.317196] e1000: Intel(R) PRO/1000 Network Driver
[    2.319349] e1000: Copyright (c) 1999-2006 Intel Corporation.
[    2.322236] e1000e: Intel(R) PRO/1000 Network Driver
[    2.324208] e1000e: Copyright(c) 1999 - 2015 Intel Corporation.
[    2.326943] sky2: driver version 1.30
[    2.330789] usbcore: registered new interface driver usblp
[    2.332958] usbcore: registered new interface driver usb-storage
[    2.335310] i8042: PNP: PS/2 Controller [PNP0303:KBD,PNP0f13:MOU] at 0x60,0x64 irq 1,12
[    2.342857] serio: i8042 KBD port at 0x60,0x64 irq 1
[    2.354001] serio: i8042 AUX port at 0x60,0x64 irq 12
[    2.362302] rtc_cmos PNP0B00:00: RTC can wake from S4
[    2.376247] input: AT Translated Set 2 keyboard as /devices/platform/i8042/serio0/input/input1
[    2.381035] rtc_cmos PNP0B00:00: registered as rtc0
[    2.397202] rtc_cmos PNP0B00:00: alarms up to one day, y3k, 242 bytes nvram, hpet irqs
[    2.405507] Registered IR keymap rc-empty
[    2.411512] rc rc0: rc-core loopback device as /devices/virtual/rc/rc0
[    2.424006] rc rc0: lirc_dev: driver rc-loopback registered at minor = 0, raw IR receiver, raw IR transmitter
[    2.441260] input: rc-core loopback device as /devices/virtual/rc/rc0/input2
[    2.461223] ata2: found unknown device (class 0)
[    2.467186] intel_powerclamp: CPU does not support MWAIT
[    2.471400] ata2.00: ATAPI: QEMU DVD-ROM, 2.5+, max UDMA/100
[    2.480924] device-mapper: core: CONFIG_IMA_DISABLE_HTABLE is disabled. Duplicate IMA measurements will not be recorded in the IMA log.
[    2.508511] device-mapper: ioctl: 4.50.0-ioctl (2025-04-28) initialised: dm-devel@lists.linux.dev
[    2.511550] scsi 1:0:0:0: CD-ROM            QEMU     QEMU DVD-ROM     2.5+ PQ: 0 ANSI: 5
[    2.529175] hid: raw HID events driver (C) Jiri Kosina
[    2.547237] usbcore: registered new interface driver usbhid
[    2.553123] usbhid: USB HID core driver
[    2.561498] GACT probability NOT on
[    2.566120] Mirror/redirect action on
[    2.573736] nf_conntrack_irc: The irc conntrack helper is scheduled for removal.
[    2.573736] Please contact the netfilter-devel mailing list if you still need this.
[    2.591584] ipip: IPv4 and MPLS over IPv4 tunneling driver
[    2.597815] gre: GRE over IPv4 demultiplexer driver
[    2.608866] ip_gre: GRE over IPv4 tunneling driver
[    2.622450] sr 1:0:0:0: [sr0] scsi3-mmc drive: 4x/4x cd/rw xa/form2 tray
[    2.633722] Initializing XFRM netlink socket
[    2.636194] IPsec XFRM device driver
[    2.639439] NET: Registered PF_INET6 protocol family
[    2.648957] Segment Routing with IPv6
[    2.651239] In-situ OAM (IOAM) with IPv6
[    2.657550] mip6: Mobile IPv6
[    2.660035] sit: IPv6, IPv4 and MPLS over IPv4 tunneling driver
[    2.671510] cdrom: Uniform CD-ROM driver Revision: 3.20
[    2.672577] ip6_gre: GRE over IPv6 tunneling driver
[    2.682104] NET: Registered PF_PACKET protocol family
[    2.685790] RPC: Registered rdma transport module.
[    2.690229] RPC: Registered rdma backchannel transport module.
[    2.695009] 8021q: 802.1Q VLAN Support v1.8
[    2.699112] sr 1:0:0:0: Attached scsi CD-ROM sr0
[    2.702018] smc: adding smcd device lo without pnetid
[    2.709111] sr 1:0:0:0: Attached scsi generic sg0 type 5
[    2.710255] NET: Registered PF_SMC protocol family
[    2.716189] 9pnet: Installing 9P2000 support
[    2.727763] Key type dns_resolver registered
[    2.734415] NET: Registered PF_VSOCK protocol family
[    2.737372] mpls_gso: MPLS GSO support
[    2.744184] IPI shorthand broadcast: enabled
[    2.970286] sched_clock: Marking stable (2942022686, 27607749)->(3025019440, -55389005)
[    2.975561] registered taskstats version 1
[    3.003856] Loading compiled-in X.509 certificates
[    3.009743] kworker/u16:0 (92) used greatest stack depth: 14184 bytes left
[    3.013511] Loaded X.509 cert 'Build time autogenerated kernel key: c4531344b9a9c1a4731230d977a262ba29ba5272'
[    3.055461] input: ImExPS/2 Generic Explorer Mouse as /devices/platform/i8042/serio1/input/input4
[    3.070549] Demotion targets for Node 0: null
[    3.072205] ima: No TPM chip found, activating TPM-bypass!
[    3.074003] ima: Allocated hash algorithm: sha1
[    3.075968] ima: No architecture policies found
[    3.079147] PM:   Magic number: 10:536:895
[    3.080377] netconsole: network logging started
[    3.082778] cfg80211: Loading compiled-in X.509 certificates for regulatory database
[    3.085476] kworker/u16:0 (95) used greatest stack depth: 13776 bytes left
[    3.086765] Loaded X.509 cert 'sforshee: 00b28ddf47aef9cea7'
[    3.089648] Loaded X.509 cert 'wens: 61c038651aabdcf94bd0ac7ff06c7248db18c600'
[    3.092049] faux_driver regulatory: Direct firmware load for regulatory.db failed with error -2
[    3.092860] ALSA device list:
[    3.095281] cfg80211: failed to load regulatory.db
[    3.096274]   No soundcards found.
[    3.100717] md: Skipping autodetection of RAID arrays. (raid=autodetect will force)
[    3.102114] 9p: Bad value for 'source'
[    3.103387] 9pnet: Limiting 'msize' to 512000 as this is the maximum supported by transport virtio
[    3.107554] VFS: Mounted root (9p filesystem) on device 0:24.
[    3.110311] devtmpfs: mounted
[    3.111373] VFS: Pivoted into new rootfs
[    3.118516] Freeing unused kernel image (initmem) memory: 4688K
[    3.119925] Write protecting the kernel read-only data: 45056k
[    3.123575] Freeing unused kernel image (text/rodata gap) memory: 840K
[    3.125409] Freeing unused kernel image (rodata/data gap) memory: 128K
[    3.177174] x86/mm: Checked W+X mappings: passed, no W+X pages found.
[    3.178926] Run /home/prozak/.local/share/vng-venv/lib/python3.12/site-packages/virtme/guest/bin/virtme-ng-init as init process
[    3.181638]   with arguments:
[    3.182298]     /home/prozak/.local/share/vng-venv/lib/python3.12/site-packages/virtme/guest/bin/virtme-ng-init
[    3.184527]   with environment:
[    3.185285]     HOME=/
[    3.185773]     TERM=linux
[    3.186322]     virtme_hostname=virtme-ng
[    3.187347]     nr_open=1048576
[    3.188178]     virtme_link_mods=/home/prozak/sources/heimdall_experiment/uml-harness/.build/bpf-next-x86/.virtme_mods/lib/modules/0.0.0
[    3.191438]     virtme_rw_overlay0=/tmp
[    3.192364]     virtme_console=ttyS0
[    3.193289]     virtme_chdir=home/prozak/sources/heimdall_experiment/uml-harness/.build/selftests-output-qemu-lane3
[    3.341525] virtme-ng-init: mount devtmpfs -> /dev: EBUSY: Device or resource busy
[    3.345383] virtme-ng-init: Setting hostname to virtme-ng...
[    3.402825] virtme-ng-init: running systemd-tmpfiles
[    5.692701] systemd-tmpfile (98) used greatest stack depth: 12520 bytes left
[    5.692876] virtme-ng-init: basic initialization done
[    5.724791] virtme-ng-init: error creating file: Permission denied (os error 13)
[    5.920272] ip (104) used greatest stack depth: 11832 bytes left
[    6.095604] virtme-ng-init: Starting systemd-udevd version 255.4-1ubuntu8.17
[    6.098811] virtme-ng-init: triggering udev coldplug
[    9.847474] virtme-ng-init: waiting for udev to settle
[   10.506913] virtme-ng-init: udev is done
[   10.512333] virtme-ng-init: starting script
[   10.828604] bpf_testmod: loading out-of-tree module taints kernel.
[   10.829723] bpf_testmod: module verification failed: signature and/or required key missing - tainting kernel
[   13.717049] ip (184) used greatest stack depth: 11536 bytes left
[   15.203954] smc: removing smcd device lo
[   15.224797] ACPI: PM: Preparing to enter system sleep state S5
[   15.226157] reboot: Power down
