#42/1    bpftool_metadata/metadata_unused:OK
#42/2    bpftool_metadata/metadata_used:OK
#42      bpftool_metadata:OK
#247/1   metadata/unused:OK
#247/2   metadata/used:OK
#247     metadata:OK
#760     xdp_metadata:OK
Summary: 3/4 PASSED, 0 SKIPPED, 0/0 FAILED
_size: 0x0000000005000000
trampoline_32bit: 0x0000000000000000
Physical KASLR using RDRAND RDTSC...
Virtual KASLR using RDRAND RDTSC...

Decompressing Linux... Parsing ELF... Performing relocations... done.
Booting the kernel (entry_offset: 0x0000000003db96f0).
[    0.000000] Linux version 7.2.0-g0f783f853d0e (prozak@powertower) (gcc (Ubuntu 13.3.0-6ubuntu2~24.04.1) 13.3.0, GNU ld (GNU Binutils for Ubuntu) 2.42) #4 SMP PREEMPT_DYNAMIC Sat Sep  5 08:44:19 PDT 2026
[    0.000000] Command line: virtme_hostname=virtme-ng nr_open=1048576 virtme_link_mods=/home/prozak/sources/heimdall_experiment/uml-harness/.build/bpf-next-x86/.virtme_mods/lib/modules/0.0.0 virtme_rw_overlay0=/tmp virtme_console=ttyS0 console=ttyS0 earlyprintk=serial,ttyS0,115200 panic=-1 virtme.exec=`bW91bnQgLXQgYnBmIGJwZmZzIC9zeXMvZnMvYnBmIDI+L2Rldi9udWxsOyAuL3Rlc3RfcHJvZ3MgLXQgJ21ldGFkYXRhLGJwZnRvb2xfbWV0YWRhdGEn` virtme_chdir=home/prozak/sources/heimdall_experiment/uml-harness/.build/selftests-output-qemu-lane4 rootfstype=9p rootflags=version=9p2000.L,trans=virtio,access=any,msize=524288 raid=noautodetect rw debug init=/home/prozak/.local/share/vng-venv/lib/python3.12/site-packages/virtme/guest/bin/virtme-ng-init
[    0.000000] x86 CPU feature dependency check failure: CPU0 has '18*32+31' enabled but '18*32+26' disabled. Kernel might be fine, but no guarantees.
[    0.000000] BIOS-provided physical RAM map:
[    0.000000] BIOS-e820: [mem 0x0000000000000000-0x000000000009fbff]  System RAM
[    0.000000] BIOS-e820: [mem 0x000000000009fc00-0x000000000009ffff]  device reserved
[    0.000000] BIOS-e820: [gap 0x00000000000a0000-0x00000000000effff]
[    0.000000] BIOS-e820: [mem 0x00000000000f0000-0x00000000000fffff]  device reserved
[    0.000000] BIOS-e820: [mem 0x0000000000100000-0x00000000bffdffff]  System RAM
[    0.000000] BIOS-e820: [mem 0x00000000bffe0000-0x00000000bfffffff]  device reserved
[    0.000000] BIOS-e820: [gap 0x00000000c0000000-0x00000000feffbfff]
[    0.000000] BIOS-e820: [mem 0x00000000feffc000-0x00000000feffffff]  device reserved
[    0.000000] BIOS-e820: [gap 0x00000000ff000000-0x00000000fffbffff]
[    0.000000] BIOS-e820: [mem 0x00000000fffc0000-0x00000000ffffffff]  device reserved
[    0.000000] BIOS-e820: [mem 0x0000000100000000-0x000000013fffffff]  System RAM
[    0.000000] BIOS-e820: [gap 0x0000000140000000-0x000000fcffffffff]
[    0.000000] BIOS-e820: [mem 0x000000fd00000000-0x000000ffffffffff]  device reserved
[    0.000000] printk: legacy bootconsole [earlyser0] enabled
[    0.000000] NX (Execute Disable) protection: active
[    0.000000] APIC: Static calls initialized
[    0.000000] DMI: SMBIOS 3.0.0 present.
[    0.000000] DMI: QEMU Ubuntu 24.04 PC v2 (i440FX + PIIX, arch_caps fix, 1996), BIOS 1.16.3-debian-1.16.3-2 04/01/2014
[    0.000000] DMI: Memory slots populated: 1/1
[    0.000000] Hypervisor detected: KVM
[    0.000000] last_pfn = 0xbffe0 max_arch_pfn = 0x400000000
[    0.000000] kvm-clock: Using msrs 4b564d01 and 4b564d00
[    0.000003] kvm-clock: using sched offset of 305222930 cycles
[    0.001075] clocksource: kvm-clock: mask: 0xffffffffffffffff max_cycles: 0x1cd42e4dffb, max_idle_ns: 881590591483 ns
[    0.004551] tsc: Detected 3400.040 MHz processor
[    0.006148] e820: update [mem 0x00000000-0x00000fff] System RAM ==> device reserved
[    0.007767] e820: remove [mem 0x000a0000-0x000fffff] System RAM
[    0.008984] last_pfn = 0x140000 max_arch_pfn = 0x400000000
[    0.010317] MTRR map: 4 entries (3 fixed + 1 variable; max 19), built from 8 variable MTRRs
[    0.012033] x86/PAT: Configuration [0-7]: WB  WC  UC- UC  WB  WP  UC- WT  
Memory KASLR using RDRAND RDTSC...
[    0.014171] last_pfn = 0xbffe0 max_arch_pfn = 0x400000000
[    0.016535] found SMP MP-table at [mem 0x000f5450-0x000f545f]
[    0.017676] Using GB pages for direct mapping
[    0.018793] ACPI: Early table checksum verification disabled
[    0.019937] ACPI: RSDP 0x00000000000F5240 000014 (v00 BOCHS )
[    0.021052] ACPI: RSDT 0x00000000BFFE1D9D 000034 (v01 BOCHS  BXPC     00000001 BXPC 00000001)
[    0.023003] ACPI: FACP 0x00000000BFFE1C39 000074 (v01 BOCHS  BXPC     00000001 BXPC 00000001)
[    0.024772] ACPI: DSDT 0x00000000BFFE0040 001BF9 (v01 BOCHS  BXPC     00000001 BXPC 00000001)
[    0.026584] ACPI: FACS 0x00000000BFFE0000 000040
[    0.027552] ACPI: APIC 0x00000000BFFE1CAD 000090 (v03 BOCHS  BXPC     00000001 BXPC 00000001)
[    0.029312] ACPI: HPET 0x00000000BFFE1D3D 000038 (v01 BOCHS  BXPC     00000001 BXPC 00000001)
[    0.031123] ACPI: WAET 0x00000000BFFE1D75 000028 (v01 BOCHS  BXPC     00000001 BXPC 00000001)
[    0.032882] ACPI: Reserving FACP table memory at [mem 0xbffe1c39-0xbffe1cac]
[    0.034415] ACPI: Reserving DSDT table memory at [mem 0xbffe0040-0xbffe1c38]
[    0.035884] ACPI: Reserving FACS table memory at [mem 0xbffe0000-0xbffe003f]
[    0.037331] ACPI: Reserving APIC table memory at [mem 0xbffe1cad-0xbffe1d3c]
[    0.038916] ACPI: Reserving HPET table memory at [mem 0xbffe1d3d-0xbffe1d74]
[    0.040379] ACPI: Reserving WAET table memory at [mem 0xbffe1d75-0xbffe1d9c]
[    0.042380] No NUMA configuration found
[    0.043177] Faking a node at [mem 0x0000000000000000-0x000000013fffffff]
[    0.044576] NODE_DATA(0) allocated [mem 0x13fff9c80-0x13fffdfff]
[    0.046795] ACPI: PM-Timer IO Port: 0x608
[    0.047667] ACPI: LAPIC_NMI (acpi_id[0xff] dfl dfl lint[0x1])
[    0.048904] IOAPIC[0]: apic_id 0, version 17, address 0xfec00000, GSI 0-23
[    0.050381] ACPI: INT_SRC_OVR (bus 0 bus_irq 0 global_irq 2 dfl dfl)
[    0.051749] ACPI: INT_SRC_OVR (bus 0 bus_irq 5 global_irq 5 high level)
[    0.053147] ACPI: INT_SRC_OVR (bus 0 bus_irq 9 global_irq 9 high level)
[    0.054598] ACPI: INT_SRC_OVR (bus 0 bus_irq 10 global_irq 10 high level)
[    0.056014] ACPI: INT_SRC_OVR (bus 0 bus_irq 11 global_irq 11 high level)
[    0.057433] ACPI: Using ACPI (MADT) for SMP configuration information
[    0.058828] ACPI: HPET id: 0x8086a201 base: 0xfed00000
[    0.059934] TSC deadline timer available
[    0.060741] CPU topo: Max. logical packages:   1
[    0.061713] CPU topo: Max. logical nodes:      1
[    0.062755] CPU topo: Num. nodes per package:  1
[    0.063733] CPU topo: Max. logical dies:       1
[    0.064680] CPU topo: Max. dies per package:   1
[    0.065652] CPU topo: Max. threads per core:   1
[    0.066668] CPU topo: Num. cores per package:     4
[    0.067703] CPU topo: Num. threads per package:   4
[    0.068710] CPU topo: Allowing 4 present CPUs plus 0 hotplug CPUs
[    0.070060] kvm-guest: APIC: eoi() replaced with kvm_guest_apic_eoi_write()
[    0.071458] kvm-guest: KVM setup pv remote TLB flush
[    0.072443] kvm-guest: setup PV sched yield
[    0.073270] PM: hibernation: Registered nosave memory: [mem 0x00000000-0x00000fff]
[    0.074829] PM: hibernation: Registered nosave memory: [mem 0x0009f000-0x000fffff]
[    0.076305] PM: hibernation: Registered nosave memory: [mem 0xbffe0000-0xffffffff]
[    0.077799] [gap 0xc0000000-0xfeffbfff] available for PCI devices
[    0.079016] Booting paravirtualized kernel on KVM
[    0.079945] clocksource: refined-jiffies: mask: 0xffffffff max_cycles: 0xffffffff, max_idle_ns: 1910969940391419 ns
[    0.087137] Zone ranges:
[    0.087720]   DMA      [mem 0x0000000000001000-0x0000000000ffffff]
[    0.088984]   DMA32    [mem 0x0000000001000000-0x00000000ffffffff]
[    0.090310]   Normal   [mem 0x0000000100000000-0x000000013fffffff]
[    0.091605] Movable zone start for each node
[    0.092487] Early memory node ranges
[    0.093216]   node   0: [mem 0x0000000000001000-0x000000000009efff]
[    0.094594]   node   0: [mem 0x0000000000100000-0x00000000bffdffff]
[    0.095932]   node   0: [mem 0x0000000100000000-0x000000013fffffff]
[    0.097210] Initmem setup node 0 [mem 0x0000000000001000-0x000000013fffffff]
[    0.098895] On node 0, zone DMA: 1 pages in unavailable ranges
[    0.100125] On node 0, zone DMA: 97 pages in unavailable ranges
[    0.108997] On node 0, zone Normal: 32 pages in unavailable ranges
[    0.110391] setup_percpu: NR_CPUS:128 nr_cpumask_bits:4 nr_cpu_ids:4 nr_node_ids:1
[    0.112127] percpu: Embedded 58 pages/cpu s200144 r8192 d29232 u524288
[    0.113410] pcpu-alloc: s200144 r8192 d29232 u524288 alloc=1*2097152
[    0.114752] pcpu-alloc: [0] 0 1 2 3 
[    0.115489] Kernel command line: virtme_hostname=virtme-ng nr_open=1048576 virtme_link_mods=/home/prozak/sources/heimdall_experiment/uml-harness/.build/bpf-next-x86/.virtme_mods/lib/modules/0.0.0 virtme_rw_overlay0=/tmp virtme_console=ttyS0 console=ttyS0 earlyprintk=serial,ttyS0,115200 panic=-1 virtme.exec=`bW91bnQgLXQgYnBmIGJwZmZzIC9zeXMvZnMvYnBmIDI+L2Rldi9udWxsOyAuL3Rlc3RfcHJvZ3MgLXQgJ21ldGFkYXRhLGJwZnRvb2xfbWV0YWRhdGEn` virtme_chdir=home/prozak/sources/heimdall_experiment/uml-harness/.build/selftests-output-qemu-lane4 rootfstype=9p rootflags=version=9p2000.L,trans=virtio,access=any,msize=524288 raid=noautodetect rw debug init=/home/prozak/.local/share/vng-venv/lib/python3.12/site-packages/virtme/guest/bin/virtme-ng-init
[    0.128520] Unknown kernel command line parameters "virtme_hostname=virtme-ng nr_open=1048576 virtme_link_mods=/home/prozak/sources/heimdall_experiment/uml-harness/.build/bpf-next-x86/.virtme_mods/lib/modules/0.0.0 virtme_rw_overlay0=/tmp virtme_console=ttyS0 virtme_chdir=home/prozak/sources/heimdall_experiment/uml-harness/.build/selftests-output-qemu-lane4", will be passed to user space.
[    0.135560] random: crng init done
[    0.136224] printk: log buffer data + meta data: 2097152 + 7340032 = 9437184 bytes
[    0.138213] Dentry cache hash table entries: 524288 (order: 10, 4194304 bytes, linear)
[    0.139998] Inode-cache hash table entries: 262144 (order: 9, 2097152 bytes, linear)
[    0.141617] software IO TLB: area num 4.
[    0.172769] Fallback order for Node 0: 0 
[    0.172778] Built 1 zonelists, mobility grouping on.  Total pages: 1048446
[    0.175056] Policy zone: Normal
[    0.175686] mem auto-init: stack:all(zero), heap alloc:off, heap free:off
[    0.184100] SLUB: HWalign=64, Order=0-3, MinObjects=0, CPUs=4, Nodes=1
Poking KASLR using RDRAND RDTSC...
[    0.199252] ftrace: allocating 70083 entries in 276 pages
[    0.200362] ftrace: allocated 276 pages with 3 groups
[    0.201525] Dynamic Preempt: full
[    0.203828] Running RCU self tests
[    0.204512] Running RCU synchronous self tests
[    0.205392] rcu: Preemptible hierarchical RCU implementation.
[    0.206563] rcu: 	RCU event tracing is enabled.
[    0.207443] rcu: 	RCU lockdep checking is enabled.
[    0.208385] rcu: 	RCU restricting CPUs from NR_CPUS=128 to nr_cpu_ids=4.
[    0.209692] 	Trampoline variant of Tasks RCU enabled.
[    0.210705] 	Rude variant of Tasks RCU enabled.
[    0.211604] 	Tracing variant of Tasks RCU enabled.
[    0.212531] rcu: RCU calculated value of scheduler-enlistment delay is 100 jiffies.
[    0.214034] rcu: Adjusting geometry for rcu_fanout_leaf=16, nr_cpu_ids=4
[    0.216471] Running RCU synchronous self tests
[    0.217406] RCU Tasks: Setting shift to 2 and lim to 1 rcu_task_cb_adjust=1 rcu_task_cpu_ids=4.
[    0.219242] RCU Tasks Rude: Setting shift to 2 and lim to 1 rcu_task_cb_adjust=1 rcu_task_cpu_ids=4.
[    0.230587] NR_IRQS: 8448, nr_irqs: 456, preallocated irqs: 16
[    0.232106] rcu: srcu_init: Setting srcu_struct sizes based on contention.
[    0.233520] clocksource: jiffies: mask: 0xffffffff max_cycles: 0xffffffff, max_idle_ns: 1911260446275000 ns
[    0.235796] Console: colour *CGA 80x25
[    0.236597] printk: legacy console [ttyS0] enabled
[    0.236597] printk: legacy console [ttyS0] enabled
[    0.238505] printk: legacy bootconsole [earlyser0] disabled
[    0.238505] printk: legacy bootconsole [earlyser0] disabled
[    0.240730] Lock dependency validator: Copyright (c) 2006 Red Hat, Inc., Ingo Molnar
[    0.242292] ... MAX_LOCKDEP_SUBCLASSES:  8
[    0.243110] ... MAX_LOCK_DEPTH:          48
[    0.243982] ... MAX_LOCKDEP_KEYS:        8192
[    0.244853] ... CLASSHASH_SIZE:          4096
[    0.245741] ... MAX_LOCKDEP_ENTRIES:     32768
[    0.246641] ... MAX_LOCKDEP_CHAINS:      65536
[    0.247529] ... CHAINHASH_SIZE:          32768
[    0.248456]  memory used by lock dependency info: 6429 kB
[    0.249525]  memory used for stack traces: 4224 kB
[    0.250510]  per task-struct memory footprint: 1920 bytes
[    0.251610] ACPI: Core revision 20260408
[    0.252654] clocksource: hpet: mask: 0xffffffff max_cycles: 0xffffffff, max_idle_ns: 19112604467 ns
[    0.254774] APIC: Switch to symmetric I/O mode setup
[    0.256299] x2apic enabled
[    0.257494] APIC: Switched APIC routing to: physical x2apic
[    0.258746] kvm-guest: APIC: send_IPI_mask() replaced with kvm_send_ipi_mask()
[    0.260276] kvm-guest: APIC: send_IPI_mask_allbutself() replaced with kvm_send_ipi_mask_allbutself()
[    0.262256] kvm-guest: setup PV IPIs
[    0.265359] ..TIMER: vector=0x30 apic1=0 pin1=2 apic2=-1 pin2=-1
[    0.266763] clocksource: tsc-early: mask: 0xffffffffffffffff max_cycles: 0x310274de655, max_idle_ns: 440795359465 ns
[    0.269109] Calibrating delay loop (skipped) preset value.. 6800.08 BogoMIPS (lpj=3400040)
[    0.271114] x86/cpu: User Mode Instruction Prevention (UMIP) activated
[    0.273204] Last level iTLB entries: 4KB 512, 2MB 255, 4MB 127
[    0.274105] Last level dTLB entries: 4KB 512, 2MB 255, 4MB 127, 1GB 0
[    0.275116] mitigations: Enabled attack vectors: user_kernel, user_user, SMT mitigations: auto
[    0.277119] Speculative Store Bypass: Mitigation: Speculative Store Bypass disabled via prctl
[    0.278107] Speculative Return Stack Overflow: IBPB-extending microcode not applied!
[    0.279105] Speculative Return Stack Overflow: WARNING: See https://kernel.org/doc/html/latest/admin-guide/hw-vuln/srso.html for mitigation options.
[    0.279107] Transient Scheduler Attacks: Vulnerable: No microcode
[    0.281105] Spectre V2 : Mitigation: Retpolines
[    0.282105] Speculative Return Stack Overflow: Vulnerable: Safe RET, no microcode
[    0.283105] Spectre V1 : Mitigation: usercopy/swapgs barriers and __user pointer sanitization
[    0.284198] Spectre V2 : Spectre v2 / SpectreRSB: Filling RSB on context switch and VMEXIT
[    0.285228] Spectre V2 : Enabling Restricted Speculation for firmware calls
[    0.286393] Spectre V2 : mitigation: Enabling conditional Indirect Branch Prediction Barrier
[    0.288147] active return thunk: srso_alias_return_thunk
[    0.290295] x86/fpu: Supporting XSAVE feature 0x001: 'x87 floating point registers'
[    0.291105] x86/fpu: Supporting XSAVE feature 0x002: 'SSE registers'
[    0.292105] x86/fpu: Supporting XSAVE feature 0x004: 'AVX registers'
[    0.293105] x86/fpu: xstate_offset[2]:  576, xstate_sizes[2]:  256
[    0.294105] x86/fpu: Enabled xstate features 0x7, context size is 832 bytes, using 'compacted' format.
[    0.335109] pid_max: default: 32768 minimum: 301
[    0.336393] SELinux:  Initializing.
[    0.338873] LSM support for eBPF active
[    0.340113] Mount-cache hash table entries: 8192 (order: 4, 65536 bytes, linear)
[    0.341111] Mountpoint-cache hash table entries: 8192 (order: 4, 65536 bytes, linear)
[    0.343762] VFS: Finished mounting rootfs on nullfs
[    0.346086] Running RCU synchronous self tests
[    0.347107] Running RCU synchronous self tests
[    0.348456] smpboot: CPU0: AMD Ryzen 9 5950X 16-Core Processor (family: 0x19, model: 0x21, stepping: 0x2)
[    0.349739] Performance Events: Fam17h+ core perfctr, AMD PMU driver.
[    0.350126] ... version:                   0
[    0.351113] ... bit width:                 48
[    0.352098] ... generic counters:          6
[    0.352113] ... generic bitmap:            000000000000003f
[    0.353113] ... fixed-purpose counters:    0
[    0.354113] ... fixed-purpose bitmap:      0000000000000000
[    0.355112] ... value mask:                0000ffffffffffff
[    0.356112] ... max period:                00007fffffffffff
[    0.357113] ... global_ctrl mask:          000000000000003f
[    0.358443] signal: max sigframe size: 1776
[    0.359289] rcu: Hierarchical SRCU implementation.
[    0.360115] rcu: 	Max phase no-delay instances is 400.
[    0.361307] Timer migration: 1 hierarchy levels; 8 children per group; 1 crossnode level
[    0.375399] smp: Bringing up secondary CPUs ...
[    0.376751] smpboot: x86: Booting SMP configuration:
[    0.377136] .... node  #0, CPUs:      #1 #2 #3
[    0.385383] smp: Brought up 1 node, 4 CPUs
[    0.387143] smpboot: Total of 4 processors activated (27200.32 BogoMIPS)
[    0.389657] Memory: 3966616K/4193784K available (25781K kernel code, 10327K rwdata, 18304K rodata, 4688K init, 13400K bss, 220948K reserved, 0K cma-reserved)
[    0.392116] devtmpfs: initialized
[    0.395587] Running RCU synchronous self tests
[    0.396144] Running RCU synchronous self tests
[    0.397202] Running RCU Tasks wait API self tests
[    0.398184] Running RCU Tasks Rude wait API self tests
[    0.399115] Running RCU Tasks Trace wait API self tests
[    0.400255] posixtimers hash table entries: 2048 (order: 6, 147456 bytes, linear)
[    0.401289] futex hash table entries: 1024 (131072 bytes on 1 NUMA nodes, total 128 KiB, linear).
[    0.403103] PM: RTC time: 17:54:09, date: 2026-09-05
[    0.405551] NET: Registered PF_NETLINK/PF_ROUTE protocol family
[    0.406160] Callback from call_rcu_tasks_trace() invoked.
[    0.408144] audit: initializing netlink subsys (disabled)
[    0.409166] audit: type=2000 audit(1788630850.102:1): state=initialized audit_enabled=0 res=1
[    0.426221] thermal_sys: Registered thermal governor 'step_wise'
[    0.426317] cpuidle: using governor ladder
[    0.428167] cpuidle: using governor menu
[    0.431757] PCI: Using configuration type 1 for base access
[    0.432115] PCI: Using configuration type 1 for extended access
[    0.433296] kprobes: kprobe jump-optimization is enabled. All kprobes are optimized if possible.
[    0.435221] HugeTLB: registered 1.00 GiB page size, pre-allocated 0 pages
[    0.437143] HugeTLB: 16380 KiB vmemmap can be freed for a 1.00 GiB page
[    0.438116] HugeTLB: registered 2.00 MiB page size, pre-allocated 0 pages
[    0.440115] HugeTLB: 28 KiB vmemmap can be freed for a 2.00 MiB page
[    0.447329] ACPI: Added _OSI(Module Device)
[    0.448115] ACPI: Added _OSI(Processor Device)
[    0.449122] ACPI: Added _OSI(Processor Aggregator Device)
[    0.454775] ACPI: 1 ACPI AML tables successfully acquired and loaded
[    0.461145] ACPI: \_SB_: platform _OSC: OS support mask [002a7eee]
[    0.463879] ACPI: Interpreter enabled
[    0.465190] ACPI: PM: (supports S0 S3 S4 S5)
[    0.466136] ACPI: Using IOAPIC for interrupt routing
[    0.467179] PCI: Using host bridge windows from ACPI; if necessary, use "pci=nocrs" and report a bug
[    0.470113] PCI: Using E820 reservations for host bridge windows
[    0.471542] ACPI: Enabled 2 GPEs in block 00 to 0F
[    0.486725] ACPI: PCI Root Bridge [PCI0] (domain 0000 [bus 00-ff])
[    0.489011] PCI host bridge to bus 0000:00
[    0.490127] pci_bus 0000:00: root bus resource [io  0x0000-0x0cf7 window]
[    0.492115] pci_bus 0000:00: root bus resource [io  0x0d00-0xffff window]
[    0.493116] pci_bus 0000:00: root bus resource [mem 0x000a0000-0x000bffff window]
[    0.495116] pci_bus 0000:00: root bus resource [mem 0xc0000000-0xfebfffff window]
[    0.497118] pci_bus 0000:00: root bus resource [mem 0x380000000000-0x38007fffffff window]
[    0.499116] pci_bus 0000:00: root bus resource [bus 00-ff]
[    0.501690] pci 0000:00:00.0: [8086:1237] type 00 class 0x060000 conventional PCI endpoint
[    0.504867] pci 0000:00:01.0: [8086:7000] type 00 class 0x060100 conventional PCI endpoint
[    0.509882] pci 0000:00:01.1: [8086:7010] type 00 class 0x010180 conventional PCI endpoint
[    0.513198] pci 0000:00:01.1: BAR 4 [io  0xc1c0-0xc1cf]
[    0.514193] pci 0000:00:01.1: BAR 0 [io  0x01f0-0x01f7]: legacy IDE quirk
[    0.516116] pci 0000:00:01.1: BAR 1 [io  0x03f6]: legacy IDE quirk
[    0.517115] pci 0000:00:01.1: BAR 2 [io  0x0170-0x0177]: legacy IDE quirk
[    0.519113] pci 0000:00:01.1: BAR 3 [io  0x0376]: legacy IDE quirk
[    0.520907] pci 0000:00:01.3: [8086:7113] type 00 class 0x068000 conventional PCI endpoint
[    0.523967] pci 0000:00:01.3: quirk: [io  0x0600-0x063f] claimed by PIIX4 ACPI
[    0.525134] pci 0000:00:01.3: quirk: [io  0x0700-0x070f] claimed by PIIX4 SMB
[    0.528240] pci 0000:00:02.0: [1af4:1009] type 00 class 0x000200 conventional PCI endpoint
[    0.532135] pci 0000:00:02.0: BAR 0 [io  0xc000-0xc03f]
[    0.533133] pci 0000:00:02.0: BAR 1 [mem 0xfebf8000-0xfebf8fff]
[    0.534175] pci 0000:00:02.0: BAR 4 [mem 0x380000000000-0x380000003fff 64bit pref]
[    0.539465] pci 0000:00:03.0: [8086:25ab] type 00 class 0x088000 conventional PCI endpoint
[    0.543135] pci 0000:00:03.0: BAR 0 [mem 0xfebf9000-0xfebf900f]
[    0.547114] pci 0000:00:04.0: [1af4:1003] type 00 class 0x078000 conventional PCI endpoint
[    0.550927] pci 0000:00:04.0: BAR 0 [io  0xc040-0xc07f]
[    0.552132] pci 0000:00:04.0: BAR 1 [mem 0xfebfa000-0xfebfafff]
[    0.553178] pci 0000:00:04.0: BAR 4 [mem 0x380000004000-0x380000007fff 64bit pref]
[    0.558602] pci 0000:00:05.0: [1af4:1003] type 00 class 0x078000 conventional PCI endpoint
[    0.563134] pci 0000:00:05.0: BAR 0 [io  0xc080-0xc0bf]
[    0.564150] pci 0000:00:05.0: BAR 1 [mem 0xfebfb000-0xfebfbfff]
[    0.565196] pci 0000:00:05.0: BAR 4 [mem 0x380000008000-0x38000000bfff 64bit pref]
[    0.571010] pci 0000:00:06.0: [1af4:1003] type 00 class 0x078000 conventional PCI endpoint
[    0.574471] pci 0000:00:06.0: BAR 0 [io  0xc0c0-0xc0ff]
[    0.576135] pci 0000:00:06.0: BAR 1 [mem 0xfebfc000-0xfebfcfff]
[    0.577184] pci 0000:00:06.0: BAR 4 [mem 0x38000000c000-0x38000000ffff 64bit pref]
[    0.582978] pci 0000:00:07.0: [1af4:1003] type 00 class 0x078000 conventional PCI endpoint
[    0.586742] pci 0000:00:07.0: BAR 0 [io  0xc100-0xc13f]
[    0.588133] pci 0000:00:07.0: BAR 1 [mem 0xfebfd000-0xfebfdfff]
[    0.589183] pci 0000:00:07.0: BAR 4 [mem 0x380000010000-0x380000013fff 64bit pref]
[    0.595014] pci 0000:00:08.0: [1af4:1003] type 00 class 0x078000 conventional PCI endpoint
[    0.598133] pci 0000:00:08.0: BAR 0 [io  0xc140-0xc17f]
[    0.599131] pci 0000:00:08.0: BAR 1 [mem 0xfebfe000-0xfebfefff]
[    0.601184] pci 0000:00:08.0: BAR 4 [mem 0x380000014000-0x380000017fff 64bit pref]
[    0.605759] pci 0000:00:09.0: [1af4:1003] type 00 class 0x078000 conventional PCI endpoint
[    0.609133] pci 0000:00:09.0: BAR 0 [io  0xc180-0xc1bf]
[    0.610131] pci 0000:00:09.0: BAR 1 [mem 0xfebff000-0xfebfffff]
[    0.612179] pci 0000:00:09.0: BAR 4 [mem 0x380000018000-0x38000001bfff 64bit pref]
[    0.622723] ACPI: PCI: Interrupt link LNKA configured for IRQ 10
[    0.624412] ACPI: PCI: Interrupt link LNKB configured for IRQ 10
[    0.626398] ACPI: PCI: Interrupt link LNKC configured for IRQ 11
[    0.628389] ACPI: PCI: Interrupt link LNKD configured for IRQ 11
[    0.630275] ACPI: PCI: Interrupt link LNKS configured for IRQ 9
[    0.633177] iommu: Default domain type: Translated
[    0.634117] iommu: DMA domain TLB invalidation policy: lazy mode
[    0.636678] SCSI subsystem initialized
[    0.638202] libata version 3.00 loaded.
[    0.639268] ACPI: bus type USB registered
[    0.640262] usbcore: registered new interface driver usbfs
[    0.641217] usbcore: registered new interface driver hub
[    0.643156] usbcore: registered new device driver usb
[    0.644259] pps_core: LinuxPPS API ver. 1 registered
[    0.645114] pps_core: Software ver. 5.3.6 - Copyright 2005-2007 Rodolfo Giometti <giometti@linux.it>
[    0.647130] PTP clock support registered
[    0.649523] Advanced Linux Sound Architecture Driver Initialized.
[    0.652349] NetLabel: Initializing
[    0.653113] NetLabel:  domain hash size = 128
[    0.654114] NetLabel:  protocols = UNLABELED CIPSOv4 CALIPSO
[    0.655172] NetLabel:  unlabeled traffic allowed by default
[    0.657378] PCI: Using ACPI for IRQ routing
[    0.659118] PCI: pci_cache_line_size set to 64 bytes
[    0.660580] e820: register RAM buffer resource [mem 0x0009fc00-0x0009ffff]
[    0.662116] e820: register RAM buffer resource [mem 0xbffe0000-0xbfffffff]
[    0.664253] vgaarb: loaded
[    0.665291] hpet0: at MMIO 0xfed00000, IRQs 2, 8, 0
[    0.666113] hpet0: 3 comparators, 64-bit 100.000000 MHz counter
[    0.673439] clocksource: Switched to clocksource kvm-clock
[    0.675814] VFS: Disk quotas dquot_6.6.0
[    0.676899] VFS: Dquot-cache hash table entries: 512 (4096 bytes)
[    0.679252] pnp: PnP ACPI init
[    0.680658] pnp 00:02: [dma 2]
[    0.682615] pnp: PnP ACPI: found 4 devices
[    0.700236] clocksource: acpi_pm: mask: 0xffffff max_cycles: 0xffffff, max_idle_ns: 2085701024 ns
[    0.702656] NET: Registered PF_INET protocol family
[    0.704051] IP idents hash table entries: 65536 (order: 7, 524288 bytes, linear)
[    0.707279] tcp_listen_portaddr_hash hash table entries: 2048 (order: 6, 147456 bytes, linear)
[    0.709565] Table-perturb hash table entries: 65536 (order: 6, 262144 bytes, linear)
[    0.711570] TCP established hash table entries: 32768 (order: 6, 262144 bytes, linear)
[    0.711712] Callback from call_rcu_tasks() invoked.
[    0.713645] TCP bind hash table entries: 32768 (order: 11, 4718592 bytes, vmalloc hugepage)
[    0.719836] TCP: Hash tables configured (established 32768 bind 32768)
[    0.721823] MPTCP token hash table entries: 4096 (order: 7, 360448 bytes, linear)
[    0.723855] UDP hash table entries: 2048 (order: 7, 524288 bytes, linear)
[    0.726132] NET: Registered PF_UNIX/PF_LOCAL protocol family
[    0.728390] RPC: Registered named UNIX socket transport module.
[    0.729921] RPC: Registered udp transport module.
[    0.731186] RPC: Registered tcp transport module.
[    0.732466] RPC: Registered tcp-with-tls transport module.
[    0.733911] RPC: Registered tcp NFSv4.1 backchannel transport module.
[    0.736462] NET: Registered PF_XDP protocol family
[    0.737632] pci_bus 0000:00: resource 4 [io  0x0000-0x0cf7 window]
[    0.739074] pci_bus 0000:00: resource 5 [io  0x0d00-0xffff window]
[    0.740536] pci_bus 0000:00: resource 6 [mem 0x000a0000-0x000bffff window]
[    0.742107] pci_bus 0000:00: resource 7 [mem 0xc0000000-0xfebfffff window]
[    0.743754] pci_bus 0000:00: resource 8 [mem 0x380000000000-0x38007fffffff window]
[    0.745707] pci 0000:00:01.0: PIIX3: Enabling Passive Release
[    0.747086] pci 0000:00:00.0: Limiting direct PCI/PCI transfers
[    0.748754] PCI: CLS 0 bytes, default 64
[    0.749847] PCI-DMA: Using software bounce buffering for IO (SWIOTLB)
[    0.751357] software IO TLB: mapped [mem 0x00000000bbfe0000-0x00000000bffe0000] (64MB)
[    0.753815] clocksource: tsc: mask: 0xffffffffffffffff max_cycles: 0x310274de655, max_idle_ns: 440795359465 ns
[    0.761349] Initialise system trusted keyrings
[    0.762818] workingset: timestamp_bits=40 (anon: 35) max_order=20 bucket_order=0 (anon: 0)
[    0.765522] squashfs: version 4.0 (2009/01/31) Phillip Lougher
[    0.767351] NFS: Registering the id_resolver key type
[    0.768621] Key type id_resolver registered
[    0.769659] Key type id_legacy registered
[    0.770639] nfs4filelayout_init: NFSv4 File Layout Driver Registering...
[    0.772262] nfs4flexfilelayout_init: NFSv4 Flexfile Layout Driver Registering...
[    0.774253] fuse: init (API version 7.45)
[    0.775526] 9p: Installing v9fs 9p2000 file system support
[    0.779006] NET: Registered PF_ALG protocol family
[    0.780555] Key type asymmetric registered
[    0.781576] Asymmetric key parser 'x509' registered
[    0.782861] Block layer SCSI generic (bsg) driver version 0.4 loaded (major 248)
[    0.785067] io scheduler mq-deadline registered
[    0.786160] io scheduler kyber registered
[    0.788204] input: Power Button as /devices/platform/LNXPWRBN:00/input/input0
[    0.790208] ACPI: button: Power Button [PWRF]
[    0.927891] ACPI: \_SB_.LNKB: Enabled at IRQ 10
[    1.066042] ACPI: \_SB_.LNKD: Enabled at IRQ 11
[    1.218395] ACPI: \_SB_.LNKA: Enabled at IRQ 10
[    1.276314] kwatchdog (73) used greatest stack depth: 14776 bytes left
[    1.503955] ACPI: \_SB_.LNKC: Enabled at IRQ 11
[    1.784331] Serial: 8250/16550 driver, 4 ports, IRQ sharing enabled
[    1.787006] 00:03: ttyS0 at I/O 0x3f8 (irq = 4, base_baud = 115200) is a 16550A
[    1.993086] Non-volatile memory driver v1.3
[    1.995029] ACPI: bus type drm_connector registered
[    2.014110] brd: module loaded
[    2.028971] loop: module loaded
[    2.037703] scsi host0: ata_piix
[    2.039614] scsi host1: ata_piix
[    2.040809] ata1: PATA max MWDMA2 cmd 0x1f0 ctl 0x3f6 bmdma 0xc1c0 irq 14 lpm-pol 0
[    2.042791] ata2: PATA max MWDMA2 cmd 0x170 ctl 0x376 bmdma 0xc1c8 irq 15 lpm-pol 0
[    2.049308] tun: Universal TUN/TAP device driver, 1.6
[    2.051089] e100: Intel(R) PRO/100 Network Driver
[    2.052323] e100: Copyright(c) 1999-2006 Intel Corporation
[    2.053802] e1000: Intel(R) PRO/1000 Network Driver
[    2.055047] e1000: Copyright (c) 1999-2006 Intel Corporation.
[    2.056772] e1000e: Intel(R) PRO/1000 Network Driver
[    2.058025] e1000e: Copyright(c) 1999 - 2015 Intel Corporation.
[    2.059635] sky2: driver version 1.30
[    2.061924] usbcore: registered new interface driver usblp
[    2.063424] usbcore: registered new interface driver usb-storage
[    2.065304] i8042: PNP: PS/2 Controller [PNP0303:KBD,PNP0f13:MOU] at 0x60,0x64 irq 1,12
[    2.069083] serio: i8042 KBD port at 0x60,0x64 irq 1
[    2.070436] serio: i8042 AUX port at 0x60,0x64 irq 12
[    2.074736] input: AT Translated Set 2 keyboard as /devices/platform/i8042/serio0/input/input1
[    2.077113] rtc_cmos PNP0B00:00: RTC can wake from S4
[    2.081575] rtc_cmos PNP0B00:00: registered as rtc0
[    2.083243] rtc_cmos PNP0B00:00: alarms up to one day, y3k, 242 bytes nvram, hpet irqs
[    2.085895] Registered IR keymap rc-empty
[    2.087271] rc rc0: rc-core loopback device as /devices/virtual/rc/rc0
[    2.089285] rc rc0: lirc_dev: driver rc-loopback registered at minor = 0, raw IR receiver, raw IR transmitter
[    2.091984] input: rc-core loopback device as /devices/virtual/rc/rc0/input4
[    2.095231] intel_powerclamp: CPU does not support MWAIT
[    2.096655] device-mapper: core: CONFIG_IMA_DISABLE_HTABLE is disabled. Duplicate IMA measurements will not be recorded in the IMA log.
[    2.100266] device-mapper: ioctl: 4.50.0-ioctl (2025-04-28) initialised: dm-devel@lists.linux.dev
[    2.103408] hid: raw HID events driver (C) Jiri Kosina
[    2.106992] usbcore: registered new interface driver usbhid
[    2.108390] usbhid: USB HID core driver
[    2.110519] GACT probability NOT on
[    2.111414] Mirror/redirect action on
[    2.112709] nf_conntrack_irc: The irc conntrack helper is scheduled for removal.
[    2.112709] Please contact the netfilter-devel mailing list if you still need this.
[    2.117223] ipip: IPv4 and MPLS over IPv4 tunneling driver
[    2.119236] gre: GRE over IPv4 demultiplexer driver
[    2.120425] ip_gre: GRE over IPv4 tunneling driver
[    2.123958] Initializing XFRM netlink socket
[    2.125053] IPsec XFRM device driver
[    2.126067] NET: Registered PF_INET6 protocol family
[    2.128499] Segment Routing with IPv6
[    2.129449] In-situ OAM (IOAM) with IPv6
[    2.130418] mip6: Mobile IPv6
[    2.131459] sit: IPv6, IPv4 and MPLS over IPv4 tunneling driver
[    2.134168] ip6_gre: GRE over IPv6 tunneling driver
[    2.136049] NET: Registered PF_PACKET protocol family
[    2.137340] RPC: Registered rdma transport module.
[    2.138497] RPC: Registered rdma backchannel transport module.
[    2.140217] 8021q: 802.1Q VLAN Support v1.8
[    2.141735] smc: adding smcd device lo without pnetid
[    2.143168] NET: Registered PF_SMC protocol family
[    2.144714] 9pnet: Installing 9P2000 support
[    2.147407] Key type dns_resolver registered
[    2.149003] NET: Registered PF_VSOCK protocol family
[    2.150280] mpls_gso: MPLS GSO support
[    2.153230] IPI shorthand broadcast: enabled
[    2.201564] sched_clock: Marking stable (2174056467, 26583861)->(2258508082, -57867754)
[    2.204856] registered taskstats version 1
[    2.204995] ata2: found unknown device (class 0)
[    2.208326] ata2.00: ATAPI: QEMU DVD-ROM, 2.5+, max UDMA/100
[    2.212440] scsi 1:0:0:0: CD-ROM            QEMU     QEMU DVD-ROM     2.5+ PQ: 0 ANSI: 5
[    2.223346] Loading compiled-in X.509 certificates
[    2.225451] kworker/u16:1 (92) used greatest stack depth: 14184 bytes left
[    2.227350] Loaded X.509 cert 'Build time autogenerated kernel key: c4531344b9a9c1a4731230d977a262ba29ba5272'
[    2.241148] sr 1:0:0:0: [sr0] scsi3-mmc drive: 4x/4x cd/rw xa/form2 tray
[    2.262697] cdrom: Uniform CD-ROM driver Revision: 3.20
[    2.274248] Demotion targets for Node 0: null
[    2.276653] ima: No TPM chip found, activating TPM-bypass!
[    2.278066] ima: Allocated hash algorithm: sha1
[    2.279375] sr 1:0:0:0: Attached scsi CD-ROM sr0
[    2.280835] ima: No architecture policies found
[    2.281859] sr 1:0:0:0: Attached scsi generic sg0 type 5
[    2.283260] PM:   Magic number: 10:89:946
[    2.284660] cpuid cpu1: hash matches
[    2.285693] tty tty3: hash matches
[    2.286525] processor cpu1: hash matches
[    2.287664] netconsole: network logging started
[    2.289640] cfg80211: Loading compiled-in X.509 certificates for regulatory database
[    2.292759] Loaded X.509 cert 'sforshee: 00b28ddf47aef9cea7'
[    2.294275] Loaded X.509 cert 'wens: 61c038651aabdcf94bd0ac7ff06c7248db18c600'
[    2.296436] faux_driver regulatory: Direct firmware load for regulatory.db failed with error -2
[    2.298736] cfg80211: failed to load regulatory.db
[    2.298792] ALSA device list:
[    2.300930]   No soundcards found.
[    2.518784] input: ImExPS/2 Generic Explorer Mouse as /devices/platform/i8042/serio1/input/input3
[    2.521251] md: Skipping autodetection of RAID arrays. (raid=autodetect will force)
[    2.522783] 9p: Bad value for 'source'
[    2.523481] 9pnet: Limiting 'msize' to 512000 as this is the maximum supported by transport virtio
[    2.527368] VFS: Mounted root (9p filesystem) on device 0:24.
[    2.529468] devtmpfs: mounted
[    2.530303] VFS: Pivoted into new rootfs
[    2.535780] Freeing unused kernel image (initmem) memory: 4688K
[    2.536957] Write protecting the kernel read-only data: 45056k
[    2.538839] Freeing unused kernel image (text/rodata gap) memory: 840K
[    2.540149] Freeing unused kernel image (rodata/data gap) memory: 128K
[    2.583055] x86/mm: Checked W+X mappings: passed, no W+X pages found.
[    2.584190] Run /home/prozak/.local/share/vng-venv/lib/python3.12/site-packages/virtme/guest/bin/virtme-ng-init as init process
[    2.585976]   with arguments:
[    2.586462]     /home/prozak/.local/share/vng-venv/lib/python3.12/site-packages/virtme/guest/bin/virtme-ng-init
[    2.588123]   with environment:
[    2.588669]     HOME=/
[    2.589085]     TERM=linux
[    2.589524]     virtme_hostname=virtme-ng
[    2.590206]     nr_open=1048576
[    2.590772]     virtme_link_mods=/home/prozak/sources/heimdall_experiment/uml-harness/.build/bpf-next-x86/.virtme_mods/lib/modules/0.0.0
[    2.592664]     virtme_rw_overlay0=/tmp
[    2.593300]     virtme_console=ttyS0
[    2.593909]     virtme_chdir=home/prozak/sources/heimdall_experiment/uml-harness/.build/selftests-output-qemu-lane4
[    2.693748] virtme-ng-init: mount devtmpfs -> /dev: EBUSY: Device or resource busy
[    2.695776] virtme-ng-init: Setting hostname to virtme-ng...
[    2.739389] virtme-ng-init: running systemd-tmpfiles
[    4.360795] systemd-tmpfile (99) used greatest stack depth: 12520 bytes left
[    4.361091] virtme-ng-init: basic initialization done
[    4.394060] virtme-ng-init: error creating file: Permission denied (os error 13)
[    4.513080] ip (104) used greatest stack depth: 11832 bytes left
[    4.654053] virtme-ng-init: Starting systemd-udevd version 255.4-1ubuntu8.17
[    4.655517] virtme-ng-init: triggering udev coldplug
[    8.275798] clocksource: Watchdog remote CPU 3 read timed out
[    9.625728] virtme-ng-init: waiting for udev to settle
[   10.860156] virtme-ng-init: udev is done
[   10.867766] virtme-ng-init: starting script
[   11.400962] bpf_testmod: loading out-of-tree module taints kernel.
[   11.402001] bpf_testmod: module verification failed: signature and/or required key missing - tainting kernel
[   17.759513] smc: removing smcd device lo
[   17.856912] ACPI: PM: Preparing to enter system sleep state S5
[   17.858296] reboot: Power down
