#255/1   mptcp/base:OK
#255/2   mptcp/mptcpify:OK
test_subflow:PASS:join_cgroup: mptcp_subflow 0 nsec
libbpf: prog '_getsockopt_subflow': BPF program load failed: -EINVAL
libbpf: prog '_getsockopt_subflow': -- BEGIN PROG LOAD LOG --
0: R1=ctx() R10=fp0
; extern "C" fn _getsockopt_subflow(ctx: *mut bpf_sockopt) -> i32 { @ mptcp_subflow.rs:341
0: (bf) r6 = r1                       ; R1=ctx() R6=ctx()
; thunk!(14, fn() -> u64)() @ helpers.rs:76
1: (85) call bpf_get_current_pid_tgid#14      ; R0=scalar()
; if (bpf_get_current_pid_tgid() >> 32) != unsafe { pid } as i64 as u64 { @ mptcp_subflow.rs:344
2: (18) r1 = 0xffff9e4b4022a000       ; R1=map_value(map=mptcp_su.bss,ks=4,vs=4)
4: (81) r1 = *(s32 *)(r1 +0)          ; R1=scalar(smin=0xffffffff80000000,smax=0x7fffffff)
5: (77) r0 >>= 32                     ; R0=scalar(smin=0,smax=umax=0xffffffff,var_off=(0x0; 0xffffffff))
6: (5d) if r0 != r1 goto pc+179       ; R0=scalar(smin=smin32=0,smax=umax=umax32=0x7fffffff,var_off=(0x0; 0x7fffffff)) R1=scalar(smin=smin32=0,smax=umax=umax32=0x7fffffff,var_off=(0x0; 0x7fffffff))
; let sk_ptr = c.sk as *const bpf_sock; @ mptcp_subflow.rs:348
7: (79) r1 = *(u64 *)(r6 +0)          ; R1=sock() R6=ctx()
; if sk_ptr.is_null() { @ mptcp_subflow.rs:349
8: (15) if r1 == 0x0 goto pc+177      ; R1=sock()
; let is_mark_opt = c.level == SOL_SOCKET && c.optname == SO_MARK; @ mptcp_subflow.rs:354
9: (61) r2 = *(u32 *)(r6 +24)         ; R2=scalar(smin=0,smax=umax=0xffffffff,var_off=(0x0; 0xffffffff)) R6=ctx()
10: (16) if w2 == 0x6 goto pc+55      ; R2=scalar(smin=0,smax=umax=0xffffffff,var_off=(0x0; 0xffffffff))
11: (56) if w2 != 0x1 goto pc+174     ; R2=1
12: (61) r2 = *(u32 *)(r6 +28)        ; R2=scalar(smin=0,smax=umax=0xffffffff,var_off=(0x0; 0xffffffff)) R6=ctx()
; if sk.protocol != IPPROTO_MPTCP || (!is_mark_opt && !is_cc_opt) { @ mptcp_subflow.rs:356
13: (56) if w2 != 0x24 goto pc+172    ; R2=36
14: (61) r2 = *(u32 *)(r1 +12)        ; R1=sock() R2=scalar(smin=0,smax=umax=0xffffffff,var_off=(0x0; 0xffffffff))
15: (56) if w2 != 0x106 goto pc+170   ; R2=262
; unsafe { bpf_rdonly_cast(c.sk as *const c_void, MPTCP_SOCK_BTF_ID) } as *const mptcp_sock; @ mptcp_subflow.rs:361
16: (b4) w2 = 133756                  ; R2=0x20a7c
17: (85) call bpf_rdonly_cast#95209
kfunc bpf_rdonly_cast type ID argument must be of a struct or void
processed 17 insns (limit 1000000) max_states_per_insn 0 total_states 2 peak_states 2 mark_read 0
-- END PROG LOAD LOG --
libbpf: prog '_getsockopt_subflow': failed to load: -EINVAL
libbpf: failed to load object 'mptcp_subflow'
libbpf: failed to load BPF skeleton 'mptcp_subflow': -EINVAL
test_subflow:FAIL:skel_open_load: mptcp_subflow unexpected error: -22
#255/3   mptcp/subflow:FAIL
#255/4   mptcp/sockmap:OK
#255     mptcp:FAIL

All error logs:
test_subflow:PASS:join_cgroup: mptcp_subflow 0 nsec
libbpf: prog '_getsockopt_subflow': BPF program load failed: -EINVAL
libbpf: prog '_getsockopt_subflow': -- BEGIN PROG LOAD LOG --
0: R1=ctx() R10=fp0
; extern "C" fn _getsockopt_subflow(ctx: *mut bpf_sockopt) -> i32 { @ mptcp_subflow.rs:341
0: (bf) r6 = r1                       ; R1=ctx() R6=ctx()
; thunk!(14, fn() -> u64)() @ helpers.rs:76
1: (85) call bpf_get_current_pid_tgid#14      ; R0=scalar()
; if (bpf_get_current_pid_tgid() >> 32) != unsafe { pid } as i64 as u64 { @ mptcp_subflow.rs:344
2: (18) r1 = 0xffff9e4b4022a000       ; R1=map_value(map=mptcp_su.bss,ks=4,vs=4)
4: (81) r1 = *(s32 *)(r1 +0)          ; R1=scalar(smin=0xffffffff80000000,smax=0x7fffffff)
5: (77) r0 >>= 32                     ; R0=scalar(smin=0,smax=umax=0xffffffff,var_off=(0x0; 0xffffffff))
6: (5d) if r0 != r1 goto pc+179       ; R0=scalar(smin=smin32=0,smax=umax=umax32=0x7fffffff,var_off=(0x0; 0x7fffffff)) R1=scalar(smin=smin32=0,smax=umax=umax32=0x7fffffff,var_off=(0x0; 0x7fffffff))
; let sk_ptr = c.sk as *const bpf_sock; @ mptcp_subflow.rs:348
7: (79) r1 = *(u64 *)(r6 +0)          ; R1=sock() R6=ctx()
; if sk_ptr.is_null() { @ mptcp_subflow.rs:349
8: (15) if r1 == 0x0 goto pc+177      ; R1=sock()
; let is_mark_opt = c.level == SOL_SOCKET && c.optname == SO_MARK; @ mptcp_subflow.rs:354
9: (61) r2 = *(u32 *)(r6 +24)         ; R2=scalar(smin=0,smax=umax=0xffffffff,var_off=(0x0; 0xffffffff)) R6=ctx()
10: (16) if w2 == 0x6 goto pc+55      ; R2=scalar(smin=0,smax=umax=0xffffffff,var_off=(0x0; 0xffffffff))
11: (56) if w2 != 0x1 goto pc+174     ; R2=1
12: (61) r2 = *(u32 *)(r6 +28)        ; R2=scalar(smin=0,smax=umax=0xffffffff,var_off=(0x0; 0xffffffff)) R6=ctx()
; if sk.protocol != IPPROTO_MPTCP || (!is_mark_opt && !is_cc_opt) { @ mptcp_subflow.rs:356
13: (56) if w2 != 0x24 goto pc+172    ; R2=36
14: (61) r2 = *(u32 *)(r1 +12)        ; R1=sock() R2=scalar(smin=0,smax=umax=0xffffffff,var_off=(0x0; 0xffffffff))
15: (56) if w2 != 0x106 goto pc+170   ; R2=262
; unsafe { bpf_rdonly_cast(c.sk as *const c_void, MPTCP_SOCK_BTF_ID) } as *const mptcp_sock; @ mptcp_subflow.rs:361
16: (b4) w2 = 133756                  ; R2=0x20a7c
17: (85) call bpf_rdonly_cast#95209
kfunc bpf_rdonly_cast type ID argument must be of a struct or void
processed 17 insns (limit 1000000) max_states_per_insn 0 total_states 2 peak_states 2 mark_read 0
-- END PROG LOAD LOG --
libbpf: prog '_getsockopt_subflow': failed to load: -EINVAL
libbpf: failed to load object 'mptcp_subflow'
libbpf: failed to load BPF skeleton 'mptcp_subflow': -EINVAL
test_subflow:FAIL:skel_open_load: mptcp_subflow unexpected error: -22
#255/3   mptcp/subflow:FAIL
#255     mptcp:FAIL
Summary: 0/3 PASSED, 0 SKIPPED, 1/1 FAILED
13fff9c80-0x13fffdfff]
[    0.051954] ACPI: PM-Timer IO Port: 0x608
[    0.053111] ACPI: LAPIC_NMI (acpi_id[0xff] dfl dfl lint[0x1])
[    0.054957] IOAPIC[0]: apic_id 0, version 17, address 0xfec00000, GSI 0-23
[    0.056980] ACPI: INT_SRC_OVR (bus 0 bus_irq 0 global_irq 2 dfl dfl)
[    0.058828] ACPI: INT_SRC_OVR (bus 0 bus_irq 5 global_irq 5 high level)
[    0.060727] ACPI: INT_SRC_OVR (bus 0 bus_irq 9 global_irq 9 high level)
[    0.062630] ACPI: INT_SRC_OVR (bus 0 bus_irq 10 global_irq 10 high level)
[    0.064529] ACPI: INT_SRC_OVR (bus 0 bus_irq 11 global_irq 11 high level)
[    0.066351] ACPI: Using ACPI (MADT) for SMP configuration information
[    0.067814] ACPI: HPET id: 0x8086a201 base: 0xfed00000
[    0.068859] TSC deadline timer available
[    0.069626] CPU topo: Max. logical packages:   1
[    0.070538] CPU topo: Max. logical nodes:      1
[    0.071490] CPU topo: Num. nodes per package:  1
[    0.072393] CPU topo: Max. logical dies:       1
[    0.073292] CPU topo: Max. dies per package:   1
[    0.074171] CPU topo: Max. threads per core:   1
[    0.075219] CPU topo: Num. cores per package:     4
[    0.076495] CPU topo: Num. threads per package:   4
[    0.077441] CPU topo: Allowing 4 present CPUs plus 0 hotplug CPUs
[    0.078685] kvm-guest: APIC: eoi() replaced with kvm_guest_apic_eoi_write()
[    0.080115] kvm-guest: KVM setup pv remote TLB flush
[    0.081117] kvm-guest: setup PV sched yield
[    0.081927] PM: hibernation: Registered nosave memory: [mem 0x00000000-0x00000fff]
[    0.083463] PM: hibernation: Registered nosave memory: [mem 0x0009f000-0x000fffff]
[    0.084928] PM: hibernation: Registered nosave memory: [mem 0xbffe0000-0xffffffff]
[    0.086392] [gap 0xc0000000-0xfeffbfff] available for PCI devices
[    0.087656] Booting paravirtualized kernel on KVM
[    0.088585] clocksource: refined-jiffies: mask: 0xffffffff max_cycles: 0xffffffff, max_idle_ns: 1910969940391419 ns
[    0.095883] Zone ranges:
[    0.096430]   DMA      [mem 0x0000000000001000-0x0000000000ffffff]
[    0.097708]   DMA32    [mem 0x0000000001000000-0x00000000ffffffff]
[    0.099060]   Normal   [mem 0x0000000100000000-0x000000013fffffff]
[    0.100323] Movable zone start for each node
[    0.101211] Early memory node ranges
[    0.101938]   node   0: [mem 0x0000000000001000-0x000000000009efff]
[    0.103295]   node   0: [mem 0x0000000000100000-0x00000000bffdffff]
[    0.104592]   node   0: [mem 0x0000000100000000-0x000000013fffffff]
[    0.105831] Initmem setup node 0 [mem 0x0000000000001000-0x000000013fffffff]
[    0.108270] On node 0, zone DMA: 1 pages in unavailable ranges
[    0.109465] On node 0, zone DMA: 97 pages in unavailable ranges
[    0.139574] On node 0, zone Normal: 32 pages in unavailable ranges
[    0.140861] setup_percpu: NR_CPUS:128 nr_cpumask_bits:4 nr_cpu_ids:4 nr_node_ids:1
[    0.143363] percpu: Embedded 58 pages/cpu s200144 r8192 d29232 u524288
[    0.144658] pcpu-alloc: s200144 r8192 d29232 u524288 alloc=1*2097152
[    0.145925] pcpu-alloc: [0] 0 1 2 3 
[    0.146676] Kernel command line: virtme_hostname=virtme-ng nr_open=1048576 virtme_link_mods=/home/prozak/sources/heimdall_experiment/uml-harness/.build/bpf-next-x86/.virtme_mods/lib/modules/0.0.0 virtme_rw_overlay0=/tmp virtme_console=ttyS0 console=ttyS0 earlyprintk=serial,ttyS0,115200 panic=-1 virtme.exec=`bW91bnQgLXQgYnBmIGJwZmZzIC9zeXMvZnMvYnBmIDI+L2Rldi9udWxsOyAuL3Rlc3RfcHJvZ3MgLXQgJ21wdGNwJw==` virtme_chdir=home/prozak/sources/heimdall_experiment/uml-harness/.build/selftests-output-qemu-lane4 rootfstype=9p rootflags=version=9p2000.L,trans=virtio,access=any,msize=524288 raid=noautodetect rw debug init=/home/prozak/.local/share/vng-venv/lib/python3.12/site-packages/virtme/guest/bin/virtme-ng-init
[    0.159600] Unknown kernel command line parameters "virtme_hostname=virtme-ng nr_open=1048576 virtme_link_mods=/home/prozak/sources/heimdall_experiment/uml-harness/.build/bpf-next-x86/.virtme_mods/lib/modules/0.0.0 virtme_rw_overlay0=/tmp virtme_console=ttyS0 virtme_chdir=home/prozak/sources/heimdall_experiment/uml-harness/.build/selftests-output-qemu-lane4", will be passed to user space.
[    0.166598] random: crng init done
[    0.167312] printk: log buffer data + meta data: 2097152 + 7340032 = 9437184 bytes
[    0.170623] Dentry cache hash table entries: 524288 (order: 10, 4194304 bytes, linear)
[    0.173283] Inode-cache hash table entries: 262144 (order: 9, 2097152 bytes, linear)
[    0.175032] software IO TLB: area num 4.
[    0.221149] Fallback order for Node 0: 0 
[    0.221158] Built 1 zonelists, mobility grouping on.  Total pages: 1048446
[    0.224327] Policy zone: Normal
[    0.225274] mem auto-init: stack:all(zero), heap alloc:off, heap free:off
[    0.235442] SLUB: HWalign=64, Order=0-3, MinObjects=0, CPUs=4, Nodes=1
Poking KASLR using RDRAND RDTSC...
[    0.255770] ftrace: allocating 70083 entries in 276 pages
[    0.256940] ftrace: allocated 276 pages with 3 groups
[    0.258086] Dynamic Preempt: full
[    0.259796] Running RCU self tests
[    0.260487] Running RCU synchronous self tests
[    0.261392] rcu: Preemptible hierarchical RCU implementation.
[    0.262556] rcu: 	RCU event tracing is enabled.
[    0.263512] rcu: 	RCU lockdep checking is enabled.
[    0.264496] rcu: 	RCU restricting CPUs from NR_CPUS=128 to nr_cpu_ids=4.
[    0.265869] 	Trampoline variant of Tasks RCU enabled.
[    0.266925] 	Rude variant of Tasks RCU enabled.
[    0.267844] 	Tracing variant of Tasks RCU enabled.
[    0.268812] rcu: RCU calculated value of scheduler-enlistment delay is 100 jiffies.
[    0.270377] rcu: Adjusting geometry for rcu_fanout_leaf=16, nr_cpu_ids=4
[    0.272620] Running RCU synchronous self tests
[    0.273526] RCU Tasks: Setting shift to 2 and lim to 1 rcu_task_cb_adjust=1 rcu_task_cpu_ids=4.
[    0.275315] RCU Tasks Rude: Setting shift to 2 and lim to 1 rcu_task_cb_adjust=1 rcu_task_cpu_ids=4.
[    0.286220] NR_IRQS: 8448, nr_irqs: 456, preallocated irqs: 16
[    0.287739] rcu: srcu_init: Setting srcu_struct sizes based on contention.
[    0.289135] clocksource: jiffies: mask: 0xffffffff max_cycles: 0xffffffff, max_idle_ns: 1911260446275000 ns
[    0.291426] Console: colour *CGA 80x25
[    0.292256] printk: legacy console [ttyS0] enabled
[    0.292256] printk: legacy console [ttyS0] enabled
[    0.294160] printk: legacy bootconsole [earlyser0] disabled
[    0.294160] printk: legacy bootconsole [earlyser0] disabled
[    0.296519] Lock dependency validator: Copyright (c) 2006 Red Hat, Inc., Ingo Molnar
[    0.298097] ... MAX_LOCKDEP_SUBCLASSES:  8
[    0.299042] ... MAX_LOCK_DEPTH:          48
[    0.299886] ... MAX_LOCKDEP_KEYS:        8192
[    0.300837] ... CLASSHASH_SIZE:          4096
[    0.301749] ... MAX_LOCKDEP_ENTRIES:     32768
[    0.302663] ... MAX_LOCKDEP_CHAINS:      65536
[    0.303637] ... CHAINHASH_SIZE:          32768
[    0.304555]  memory used by lock dependency info: 6429 kB
[    0.305641]  memory used for stack traces: 4224 kB
[    0.306628]  per task-struct memory footprint: 1920 bytes
[    0.307848] ACPI: Core revision 20260408
[    0.308869] clocksource: hpet: mask: 0xffffffff max_cycles: 0xffffffff, max_idle_ns: 19112604467 ns
[    0.311013] APIC: Switch to symmetric I/O mode setup
[    0.312602] x2apic enabled
[    0.313833] APIC: Switched APIC routing to: physical x2apic
[    0.315202] kvm-guest: APIC: send_IPI_mask() replaced with kvm_send_ipi_mask()
[    0.316816] kvm-guest: APIC: send_IPI_mask_allbutself() replaced with kvm_send_ipi_mask_allbutself()
[    0.318818] kvm-guest: setup PV IPIs
[    0.321914] ..TIMER: vector=0x30 apic1=0 pin1=2 apic2=-1 pin2=-1
[    0.323349] clocksource: tsc-early: mask: 0xffffffffffffffff max_cycles: 0x310274de655, max_idle_ns: 440795359465 ns
[    0.325604] Calibrating delay loop (skipped) preset value.. 6800.08 BogoMIPS (lpj=3400040)
[    0.327622] x86/cpu: User Mode Instruction Prevention (UMIP) activated
[    0.328916] Last level iTLB entries: 4KB 512, 2MB 255, 4MB 127
[    0.329600] Last level dTLB entries: 4KB 512, 2MB 255, 4MB 127, 1GB 0
[    0.330610] mitigations: Enabled attack vectors: user_kernel, user_user, SMT mitigations: auto
[    0.331600] Speculative Store Bypass: Mitigation: Speculative Store Bypass disabled via prctl
[    0.332600] Speculative Return Stack Overflow: IBPB-extending microcode not applied!
[    0.333599] Speculative Return Stack Overflow: WARNING: See https://kernel.org/doc/html/latest/admin-guide/hw-vuln/srso.html for mitigation options.
[    0.333601] Transient Scheduler Attacks: Vulnerable: No microcode
[    0.335600] Spectre V2 : Mitigation: Retpolines
[    0.336600] Speculative Return Stack Overflow: Vulnerable: Safe RET, no microcode
[    0.337600] Spectre V1 : Mitigation: usercopy/swapgs barriers and __user pointer sanitization
[    0.338600] Spectre V2 : Spectre v2 / SpectreRSB: Filling RSB on context switch and VMEXIT
[    0.339601] Spectre V2 : Enabling Restricted Speculation for firmware calls
[    0.340603] Spectre V2 : mitigation: Enabling conditional Indirect Branch Prediction Barrier
[    0.341601] active return thunk: srso_alias_return_thunk
[    0.343647] x86/fpu: Supporting XSAVE feature 0x001: 'x87 floating point registers'
[    0.344599] x86/fpu: Supporting XSAVE feature 0x002: 'SSE registers'
[    0.345599] x86/fpu: Supporting XSAVE feature 0x004: 'AVX registers'
[    0.347599] x86/fpu: xstate_offset[2]:  576, xstate_sizes[2]:  256
[    0.348599] x86/fpu: Enabled xstate features 0x7, context size is 832 bytes, using 'compacted' format.
[    0.391375] pid_max: default: 32768 minimum: 301
[    0.392857] SELinux:  Initializing.
[    0.395193] LSM support for eBPF active
[    0.395754] Mount-cache hash table entries: 8192 (order: 4, 65536 bytes, linear)
[    0.396605] Mountpoint-cache hash table entries: 8192 (order: 4, 65536 bytes, linear)
[    0.400140] VFS: Finished mounting rootfs on nullfs
[    0.402684] Running RCU synchronous self tests
[    0.403602] Running RCU synchronous self tests
[    0.404972] smpboot: CPU0: AMD Ryzen 9 5950X 16-Core Processor (family: 0x19, model: 0x21, stepping: 0x2)
[    0.406397] Performance Events: Fam17h+ core perfctr, AMD PMU driver.
[    0.406622] ... version:                   0
[    0.407607] ... bit width:                 48
[    0.408609] ... generic counters:          6
[    0.409607] ... generic bitmap:            000000000000003f
[    0.410608] ... fixed-purpose counters:    0
[    0.411605] ... fixed-purpose bitmap:      0000000000000000
[    0.412608] ... value mask:                0000ffffffffffff
[    0.413606] ... max period:                00007fffffffffff
[    0.414608] ... global_ctrl mask:          000000000000003f
[    0.415960] signal: max sigframe size: 1776
[    0.416774] rcu: Hierarchical SRCU implementation.
[    0.417608] rcu: 	Max phase no-delay instances is 400.
[    0.418787] Timer migration: 1 hierarchy levels; 8 children per group; 1 crossnode level
[    0.433352] smp: Bringing up secondary CPUs ...
[    0.434215] smpboot: x86: Booting SMP configuration:
[    0.434634] .... node  #0, CPUs:      #1 #2 #3
[    0.442835] smp: Brought up 1 node, 4 CPUs
[    0.444614] smpboot: Total of 4 processors activated (27200.32 BogoMIPS)
[    0.447080] Memory: 3966616K/4193784K available (25781K kernel code, 10327K rwdata, 18304K rodata, 4688K init, 13400K bss, 220948K reserved, 0K cma-reserved)
[    0.449817] devtmpfs: initialized
[    0.453091] Running RCU synchronous self tests
[    0.453672] Running RCU synchronous self tests
[    0.454677] Running RCU Tasks wait API self tests
[    0.455675] Running RCU Tasks Rude wait API self tests
[    0.456609] Running RCU Tasks Trace wait API self tests
[    0.457725] posixtimers hash table entries: 2048 (order: 6, 147456 bytes, linear)
[    0.458708] futex hash table entries: 1024 (131072 bytes on 1 NUMA nodes, total 128 KiB, linear).
[    0.460475] PM: RTC time: 17:54:52, date: 2026-09-05
[    0.462027] NET: Registered PF_NETLINK/PF_ROUTE protocol family
[    0.462646] Callback from call_rcu_tasks_trace() invoked.
[    0.464715] audit: initializing netlink subsys (disabled)
[    0.465654] audit: type=2000 audit(1788630892.900:1): state=initialized audit_enabled=0 res=1
[    0.483464] thermal_sys: Registered thermal governor 'step_wise'
[    0.483560] cpuidle: using governor ladder
[    0.484650] cpuidle: using governor menu
[    0.488170] PCI: Using configuration type 1 for base access
[    0.488607] PCI: Using configuration type 1 for extended access
[    0.489767] kprobes: kprobe jump-optimization is enabled. All kprobes are optimized if possible.
[    0.491814] HugeTLB: registered 1.00 GiB page size, pre-allocated 0 pages
[    0.493611] HugeTLB: 16380 KiB vmemmap can be freed for a 1.00 GiB page
[    0.494627] HugeTLB: registered 2.00 MiB page size, pre-allocated 0 pages
[    0.496639] HugeTLB: 28 KiB vmemmap can be freed for a 2.00 MiB page
[    0.503585] ACPI: Added _OSI(Module Device)
[    0.504610] ACPI: Added _OSI(Processor Device)
[    0.505609] ACPI: Added _OSI(Processor Aggregator Device)
[    0.510185] ACPI: 1 ACPI AML tables successfully acquired and loaded
[    0.514781] ACPI: \_SB_: platform _OSC: OS support mask [002a7eee]
[    0.516367] ACPI: Interpreter enabled
[    0.516681] ACPI: PM: (supports S0 S3 S4 S5)
[    0.517621] ACPI: Using IOAPIC for interrupt routing
[    0.518668] PCI: Using host bridge windows from ACPI; if necessary, use "pci=nocrs" and report a bug
[    0.519609] PCI: Using E820 reservations for host bridge windows
[    0.521000] ACPI: Enabled 2 GPEs in block 00 to 0F
[    0.534226] ACPI: PCI Root Bridge [PCI0] (domain 0000 [bus 00-ff])
[    0.535423] PCI host bridge to bus 0000:00
[    0.535622] pci_bus 0000:00: root bus resource [io  0x0000-0x0cf7 window]
[    0.536609] pci_bus 0000:00: root bus resource [io  0x0d00-0xffff window]
[    0.537608] pci_bus 0000:00: root bus resource [mem 0x000a0000-0x000bffff window]
[    0.538609] pci_bus 0000:00: root bus resource [mem 0xc0000000-0xfebfffff window]
[    0.539609] pci_bus 0000:00: root bus resource [mem 0x380000000000-0x38007fffffff window]
[    0.540610] pci_bus 0000:00: root bus resource [bus 00-ff]
[    0.542056] pci 0000:00:00.0: [8086:1237] type 00 class 0x060000 conventional PCI endpoint
[    0.544307] pci 0000:00:01.0: [8086:7000] type 00 class 0x060100 conventional PCI endpoint
[    0.546056] pci 0000:00:01.1: [8086:7010] type 00 class 0x010180 conventional PCI endpoint
[    0.547688] pci 0000:00:01.1: BAR 4 [io  0xc1c0-0xc1cf]
[    0.548843] pci 0000:00:01.1: BAR 0 [io  0x01f0-0x01f7]: legacy IDE quirk
[    0.549607] pci 0000:00:01.1: BAR 1 [io  0x03f6]: legacy IDE quirk
[    0.550608] pci 0000:00:01.1: BAR 2 [io  0x0170-0x0177]: legacy IDE quirk
[    0.551608] pci 0000:00:01.1: BAR 3 [io  0x0376]: legacy IDE quirk
[    0.553342] pci 0000:00:01.3: [8086:7113] type 00 class 0x068000 conventional PCI endpoint
[    0.554441] pci 0000:00:01.3: quirk: [io  0x0600-0x063f] claimed by PIIX4 ACPI
[    0.554629] pci 0000:00:01.3: quirk: [io  0x0700-0x070f] claimed by PIIX4 SMB
[    0.556687] pci 0000:00:02.0: [1af4:1009] type 00 class 0x000200 conventional PCI endpoint
[    0.559630] pci 0000:00:02.0: BAR 0 [io  0xc000-0xc03f]
[    0.560624] pci 0000:00:02.0: BAR 1 [mem 0xfebf8000-0xfebf8fff]
[    0.561672] pci 0000:00:02.0: BAR 4 [mem 0x380000000000-0x380000003fff 64bit pref]
[    0.565946] pci 0000:00:03.0: [8086:25ab] type 00 class 0x088000 conventional PCI endpoint
[    0.567625] pci 0000:00:03.0: BAR 0 [mem 0xfebf9000-0xfebf900f]
[    0.571298] pci 0000:00:04.0: [1af4:1003] type 00 class 0x078000 conventional PCI endpoint
[    0.573631] pci 0000:00:04.0: BAR 0 [io  0xc040-0xc07f]
[    0.574626] pci 0000:00:04.0: BAR 1 [mem 0xfebfa000-0xfebfafff]
[    0.575673] pci 0000:00:04.0: BAR 4 [mem 0x380000004000-0x380000007fff 64bit pref]
[    0.580116] pci 0000:00:05.0: [1af4:1003] type 00 class 0x078000 conventional PCI endpoint
[    0.581624] pci 0000:00:05.0: BAR 0 [io  0xc080-0xc0bf]
[    0.582626] pci 0000:00:05.0: BAR 1 [mem 0xfebfb000-0xfebfbfff]
[    0.583673] pci 0000:00:05.0: BAR 4 [mem 0x380000008000-0x38000000bfff 64bit pref]
[    0.588063] pci 0000:00:06.0: [1af4:1003] type 00 class 0x078000 conventional PCI endpoint
[    0.590469] pci 0000:00:06.0: BAR 0 [io  0xc0c0-0xc0ff]
[    0.590627] pci 0000:00:06.0: BAR 1 [mem 0xfebfc000-0xfebfcfff]
[    0.591674] pci 0000:00:06.0: BAR 4 [mem 0x38000000c000-0x38000000ffff 64bit pref]
[    0.596127] pci 0000:00:07.0: [1af4:1003] type 00 class 0x078000 conventional PCI endpoint
[    0.597624] pci 0000:00:07.0: BAR 0 [io  0xc100-0xc13f]
[    0.598626] pci 0000:00:07.0: BAR 1 [mem 0xfebfd000-0xfebfdfff]
[    0.599696] pci 0000:00:07.0: BAR 4 [mem 0x380000010000-0x380000013fff 64bit pref]
[    0.604153] pci 0000:00:08.0: [1af4:1003] type 00 class 0x078000 conventional PCI endpoint
[    0.605625] pci 0000:00:08.0: BAR 0 [io  0xc140-0xc17f]
[    0.606639] pci 0000:00:08.0: BAR 1 [mem 0xfebfe000-0xfebfefff]
[    0.607673] pci 0000:00:08.0: BAR 4 [mem 0x380000014000-0x380000017fff 64bit pref]
[    0.612244] pci 0000:00:09.0: [1af4:1003] type 00 class 0x078000 conventional PCI endpoint
[    0.613626] pci 0000:00:09.0: BAR 0 [io  0xc180-0xc1bf]
[    0.614625] pci 0000:00:09.0: BAR 1 [mem 0xfebff000-0xfebfffff]
[    0.615673] pci 0000:00:09.0: BAR 4 [mem 0x380000018000-0x38000001bfff 64bit pref]
[    0.625464] ACPI: PCI: Interrupt link LNKA configured for IRQ 10
[    0.625883] ACPI: PCI: Interrupt link LNKB configured for IRQ 10
[    0.626878] ACPI: PCI: Interrupt link LNKC configured for IRQ 11
[    0.627876] ACPI: PCI: Interrupt link LNKD configured for IRQ 11
[    0.628745] ACPI: PCI: Interrupt link LNKS configured for IRQ 9
[    0.630993] iommu: Default domain type: Translated
[    0.631609] iommu: DMA domain TLB invalidation policy: lazy mode
[    0.633050] SCSI subsystem initialized
[    0.633726] libata version 3.00 loaded.
[    0.634764] ACPI: bus type USB registered
[    0.635749] usbcore: registered new interface driver usbfs
[    0.636688] usbcore: registered new interface driver hub
[    0.637645] usbcore: registered new device driver usb
[    0.638749] pps_core: LinuxPPS API ver. 1 registered
[    0.639607] pps_core: Software ver. 5.3.6 - Copyright 2005-2007 Rodolfo Giometti <giometti@linux.it>
[    0.640622] PTP clock support registered
[    0.641959] Advanced Linux Sound Architecture Driver Initialized.
[    0.643779] NetLabel: Initializing
[    0.644593] NetLabel:  domain hash size = 128
[    0.644607] NetLabel:  protocols = UNLABELED CIPSOv4 CALIPSO
[    0.645666] NetLabel:  unlabeled traffic allowed by default
[    0.646851] PCI: Using ACPI for IRQ routing
[    0.647609] PCI: pci_cache_line_size set to 64 bytes
[    0.649004] e820: register RAM buffer resource [mem 0x0009fc00-0x0009ffff]
[    0.649610] e820: register RAM buffer resource [mem 0xbffe0000-0xbfffffff]
[    0.650742] vgaarb: loaded
[    0.651679] hpet0: at MMIO 0xfed00000, IRQs 2, 8, 0
[    0.652606] hpet0: 3 comparators, 64-bit 100.000000 MHz counter
[    0.656889] clocksource: Switched to clocksource kvm-clock
[    0.659942] VFS: Disk quotas dquot_6.6.0
[    0.660927] VFS: Dquot-cache hash table entries: 512 (4096 bytes)
[    0.662710] Callback from call_rcu_tasks() invoked.
[    0.664523] pnp: PnP ACPI init
[    0.665783] pnp 00:02: [dma 2]
[    0.667433] pnp: PnP ACPI: found 4 devices
[    0.684335] clocksource: acpi_pm: mask: 0xffffff max_cycles: 0xffffff, max_idle_ns: 2085701024 ns
[    0.686640] NET: Registered PF_INET protocol family
[    0.688085] IP idents hash table entries: 65536 (order: 7, 524288 bytes, linear)
[    0.690797] tcp_listen_portaddr_hash hash table entries: 2048 (order: 6, 147456 bytes, linear)
[    0.693076] Table-perturb hash table entries: 65536 (order: 6, 262144 bytes, linear)
[    0.694882] TCP established hash table entries: 32768 (order: 6, 262144 bytes, linear)
[    0.697689] TCP bind hash table entries: 32768 (order: 11, 4718592 bytes, vmalloc hugepage)
[    0.704165] TCP: Hash tables configured (established 32768 bind 32768)
[    0.706068] MPTCP token hash table entries: 4096 (order: 7, 360448 bytes, linear)
[    0.707976] UDP hash table entries: 2048 (order: 7, 524288 bytes, linear)
[    0.709917] NET: Registered PF_UNIX/PF_LOCAL protocol family
[    0.712116] RPC: Registered named UNIX socket transport module.
[    0.713605] RPC: Registered udp transport module.
[    0.714753] RPC: Registered tcp transport module.
[    0.715864] RPC: Registered tcp-with-tls transport module.
[    0.717175] RPC: Registered tcp NFSv4.1 backchannel transport module.
[    0.719600] NET: Registered PF_XDP protocol family
[    0.720812] pci_bus 0000:00: resource 4 [io  0x0000-0x0cf7 window]
[    0.722339] pci_bus 0000:00: resource 5 [io  0x0d00-0xffff window]
[    0.723911] pci_bus 0000:00: resource 6 [mem 0x000a0000-0x000bffff window]
[    0.725558] pci_bus 0000:00: resource 7 [mem 0xc0000000-0xfebfffff window]
[    0.727183] pci_bus 0000:00: resource 8 [mem 0x380000000000-0x38007fffffff window]
[    0.729086] pci 0000:00:01.0: PIIX3: Enabling Passive Release
[    0.730500] pci 0000:00:00.0: Limiting direct PCI/PCI transfers
[    0.732079] PCI: CLS 0 bytes, default 64
[    0.733206] PCI-DMA: Using software bounce buffering for IO (SWIOTLB)
[    0.734735] software IO TLB: mapped [mem 0x00000000bbfe0000-0x00000000bffe0000] (64MB)
[    0.737301] clocksource: tsc: mask: 0xffffffffffffffff max_cycles: 0x310274de655, max_idle_ns: 440795359465 ns
[    0.744617] Initialise system trusted keyrings
[    0.745994] workingset: timestamp_bits=40 (anon: 35) max_order=20 bucket_order=0 (anon: 0)
[    0.749151] squashfs: version 4.0 (2009/01/31) Phillip Lougher
[    0.750989] NFS: Registering the id_resolver key type
[    0.752183] Key type id_resolver registered
[    0.753254] Key type id_legacy registered
[    0.754193] nfs4filelayout_init: NFSv4 File Layout Driver Registering...
[    0.755794] nfs4flexfilelayout_init: NFSv4 Flexfile Layout Driver Registering...
[    0.757762] fuse: init (API version 7.45)
[    0.759012] 9p: Installing v9fs 9p2000 file system support
[    0.761693] NET: Registered PF_ALG protocol family
[    0.762859] Key type asymmetric registered
[    0.763856] Asymmetric key parser 'x509' registered
[    0.765113] Block layer SCSI generic (bsg) driver version 0.4 loaded (major 248)
[    0.767262] io scheduler mq-deadline registered
[    0.768341] io scheduler kyber registered
[    0.770370] input: Power Button as /devices/platform/LNXPWRBN:00/input/input0
[    0.772352] ACPI: button: Power Button [PWRF]
[    0.905396] ACPI: \_SB_.LNKB: Enabled at IRQ 10
[    1.099925] ACPI: \_SB_.LNKD: Enabled at IRQ 11
[    1.234998] ACPI: \_SB_.LNKA: Enabled at IRQ 10
[    1.335059] kwatchdog (73) used greatest stack depth: 14776 bytes left
[    1.535887] ACPI: \_SB_.LNKC: Enabled at IRQ 11
[    1.815020] Serial: 8250/16550 driver, 4 ports, IRQ sharing enabled
[    1.817935] 00:03: ttyS0 at I/O 0x3f8 (irq = 4, base_baud = 115200) is a 16550A
[    2.021299] Non-volatile memory driver v1.3
[    2.023198] ACPI: bus type drm_connector registered
[    2.042240] brd: module loaded
[    2.054240] loop: module loaded
[    2.060267] scsi host0: ata_piix
[    2.062647] scsi host1: ata_piix
[    2.064039] ata1: PATA max MWDMA2 cmd 0x1f0 ctl 0x3f6 bmdma 0xc1c0 irq 14 lpm-pol 0
[    2.067021] ata2: PATA max MWDMA2 cmd 0x170 ctl 0x376 bmdma 0xc1c8 irq 15 lpm-pol 0
[    2.074417] tun: Universal TUN/TAP device driver, 1.6
[    2.076263] e100: Intel(R) PRO/100 Network Driver
[    2.077529] e100: Copyright(c) 1999-2006 Intel Corporation
[    2.079114] e1000: Intel(R) PRO/1000 Network Driver
[    2.080780] e1000: Copyright (c) 1999-2006 Intel Corporation.
[    2.082506] e1000e: Intel(R) PRO/1000 Network Driver
[    2.083762] e1000e: Copyright(c) 1999 - 2015 Intel Corporation.
[    2.085572] sky2: driver version 1.30
[    2.087792] usbcore: registered new interface driver usblp
[    2.089347] usbcore: registered new interface driver usb-storage
[    2.090916] i8042: PNP: PS/2 Controller [PNP0303:KBD,PNP0f13:MOU] at 0x60,0x64 irq 1,12
[    2.094407] serio: i8042 KBD port at 0x60,0x64 irq 1
[    2.096145] serio: i8042 AUX port at 0x60,0x64 irq 12
[    2.099607] input: AT Translated Set 2 keyboard as /devices/platform/i8042/serio0/input/input1
[    2.101881] rtc_cmos PNP0B00:00: RTC can wake from S4
[    2.107238] rtc_cmos PNP0B00:00: registered as rtc0
[    2.109146] rtc_cmos PNP0B00:00: alarms up to one day, y3k, 242 bytes nvram, hpet irqs
[    2.111610] Registered IR keymap rc-empty
[    2.112975] rc rc0: rc-core loopback device as /devices/virtual/rc/rc0
[    2.115096] rc rc0: lirc_dev: driver rc-loopback registered at minor = 0, raw IR receiver, raw IR transmitter
[    2.117949] input: rc-core loopback device as /devices/virtual/rc/rc0/input4
[    2.121594] intel_powerclamp: CPU does not support MWAIT
[    2.122975] device-mapper: core: CONFIG_IMA_DISABLE_HTABLE is disabled. Duplicate IMA measurements will not be recorded in the IMA log.
[    2.126588] device-mapper: ioctl: 4.50.0-ioctl (2025-04-28) initialised: dm-devel@lists.linux.dev
[    2.130451] hid: raw HID events driver (C) Jiri Kosina
[    2.133368] usbcore: registered new interface driver usbhid
[    2.134721] usbhid: USB HID core driver
[    2.136910] GACT probability NOT on
[    2.137861] Mirror/redirect action on
[    2.139422] nf_conntrack_irc: The irc conntrack helper is scheduled for removal.
[    2.139422] Please contact the netfilter-devel mailing list if you still need this.
[    2.144736] ipip: IPv4 and MPLS over IPv4 tunneling driver
[    2.146909] gre: GRE over IPv4 demultiplexer driver
[    2.148074] ip_gre: GRE over IPv4 tunneling driver
[    2.151735] Initializing XFRM netlink socket
[    2.152834] IPsec XFRM device driver
[    2.153886] NET: Registered PF_INET6 protocol family
[    2.157885] Segment Routing with IPv6
[    2.158874] In-situ OAM (IOAM) with IPv6
[    2.159889] mip6: Mobile IPv6
[    2.160723] sit: IPv6, IPv4 and MPLS over IPv4 tunneling driver
[    2.163766] ip6_gre: GRE over IPv6 tunneling driver
[    2.165902] NET: Registered PF_PACKET protocol family
[    2.167328] RPC: Registered rdma transport module.
[    2.168543] RPC: Registered rdma backchannel transport module.
[    2.170525] 8021q: 802.1Q VLAN Support v1.8
[    2.172173] smc: adding smcd device lo without pnetid
[    2.173859] NET: Registered PF_SMC protocol family
[    2.175548] 9pnet: Installing 9P2000 support
[    2.178616] Key type dns_resolver registered
[    2.179853] NET: Registered PF_VSOCK protocol family
[    2.181212] mpls_gso: MPLS GSO support
[    2.184081] IPI shorthand broadcast: enabled
[    2.230031] ata2: found unknown device (class 0)
[    2.232618] ata2.00: ATAPI: QEMU DVD-ROM, 2.5+, max UDMA/100
[    2.232753] sched_clock: Marking stable (2204015939, 28462630)->(2346219536, -113740967)
[    2.237611] scsi 1:0:0:0: CD-ROM            QEMU     QEMU DVD-ROM     2.5+ PQ: 0 ANSI: 5
[    2.240029] registered taskstats version 1
[    2.258701] sr 1:0:0:0: [sr0] scsi3-mmc drive: 4x/4x cd/rw xa/form2 tray
[    2.259083] Loading compiled-in X.509 certificates
[    2.262337] kworker/u16:1 (91) used greatest stack depth: 14184 bytes left
[    2.263494] Loaded X.509 cert 'Build time autogenerated kernel key: c4531344b9a9c1a4731230d977a262ba29ba5272'
[    2.279119] cdrom: Uniform CD-ROM driver Revision: 3.20
[    2.289725] sr 1:0:0:0: Attached scsi CD-ROM sr0
[    2.291810] sr 1:0:0:0: Attached scsi generic sg0 type 5
[    2.306794] Demotion targets for Node 0: null
[    2.308371] ima: No TPM chip found, activating TPM-bypass!
[    2.309826] ima: Allocated hash algorithm: sha1
[    2.311099] ima: No architecture policies found
[    2.313170] PM:   Magic number: 10:89:946
[    2.314234] cpuid cpu1: hash matches
[    2.315165] tty tty3: hash matches
[    2.316048] processor cpu1: hash matches
[    2.317130] netconsole: network logging started
[    2.318970] cfg80211: Loading compiled-in X.509 certificates for regulatory database
[    2.322004] Loaded X.509 cert 'sforshee: 00b28ddf47aef9cea7'
[    2.323554] Loaded X.509 cert 'wens: 61c038651aabdcf94bd0ac7ff06c7248db18c600'
[    2.325459] ALSA device list:
[    2.326841] faux_driver regulatory: Direct firmware load for regulatory.db failed with error -2
[    2.327544]   No soundcards found.
[    2.328951] cfg80211: failed to load regulatory.db
[    2.544592] input: ImExPS/2 Generic Explorer Mouse as /devices/platform/i8042/serio1/input/input3
[    2.547136] md: Skipping autodetection of RAID arrays. (raid=autodetect will force)
[    2.548537] 9p: Bad value for 'source'
[    2.549261] 9pnet: Limiting 'msize' to 512000 as this is the maximum supported by transport virtio
[    2.552717] VFS: Mounted root (9p filesystem) on device 0:24.
[    2.554711] devtmpfs: mounted
[    2.555367] VFS: Pivoted into new rootfs
[    2.560427] Freeing unused kernel image (initmem) memory: 4688K
[    2.561430] Write protecting the kernel read-only data: 45056k
[    2.563288] Freeing unused kernel image (text/rodata gap) memory: 840K
[    2.564521] Freeing unused kernel image (rodata/data gap) memory: 128K
[    2.605785] x86/mm: Checked W+X mappings: passed, no W+X pages found.
[    2.606806] Run /home/prozak/.local/share/vng-venv/lib/python3.12/site-packages/virtme/guest/bin/virtme-ng-init as init process
[    2.608515]   with arguments:
[    2.609001]     /home/prozak/.local/share/vng-venv/lib/python3.12/site-packages/virtme/guest/bin/virtme-ng-init
[    2.610551]   with environment:
[    2.611039]     HOME=/
[    2.611436]     TERM=linux
[    2.611885]     virtme_hostname=virtme-ng
[    2.612511]     nr_open=1048576
[    2.613299]     virtme_link_mods=/home/prozak/sources/heimdall_experiment/uml-harness/.build/bpf-next-x86/.virtme_mods/lib/modules/0.0.0
[    2.615106]     virtme_rw_overlay0=/tmp
[    2.615740]     virtme_console=ttyS0
[    2.616288]     virtme_chdir=home/prozak/sources/heimdall_experiment/uml-harness/.build/selftests-output-qemu-lane4
[    2.729703] virtme-ng-init: mount devtmpfs -> /dev: EBUSY: Device or resource busy
[    2.731990] virtme-ng-init: Setting hostname to virtme-ng...
[    2.784810] virtme-ng-init: running systemd-tmpfiles
[    3.842411] clocksource: Watchdog remote CPU 2 read timed out
[    8.204045] systemd-tmpfile (98) used greatest stack depth: 12520 bytes left
[    8.204190] virtme-ng-init: basic initialization done
[    8.225188] virtme-ng-init: error creating file: Permission denied (os error 13)
[    8.343148] ip (104) used greatest stack depth: 11832 bytes left
[    8.485745] virtme-ng-init: Starting systemd-udevd version 255.4-1ubuntu8.17
[    8.487071] virtme-ng-init: triggering udev coldplug
[   12.106972] virtme-ng-init: waiting for udev to settle
[   13.031412] virtme-ng-init: udev is done
[   13.036957] virtme-ng-init: starting script
[   13.377925] bpf_testmod: loading out-of-tree module taints kernel.
[   13.379177] bpf_testmod: module verification failed: signature and/or required key missing - tainting kernel
[   15.446904] smc: removing smcd device lo
[   15.533301] ACPI: PM: Preparing to enter system sleep state S5
[   15.536640] reboot: Power down
