#255/1   mptcp/base:OK
#255/2   mptcp/mptcpify:OK
#255/3   mptcp/subflow:OK
#255/4   mptcp/sockmap:OK
#255     mptcp:OK
Summary: 1/4 PASSED, 0 SKIPPED, 0/0 FAILED
0x0000000001000000
output_len: 0x00000000045bc6c4
kernel_total_size: 0x0000000004f85000
needed_size: 0x0000000005000000
trampoline_32bit: 0x0000000000000000
Physical KASLR using RDRAND RDTSC...
Virtual KASLR using RDRAND RDTSC...

Decompressing Linux... Parsing ELF... Performing relocations... done.
Booting the kernel (entry_offset: 0x0000000003db96f0).
[    0.000000] Linux version 7.2.0-g0f783f853d0e (prozak@powertower) (gcc (Ubuntu 13.3.0-6ubuntu2~24.04.1) 13.3.0, GNU ld (GNU Binutils for Ubuntu) 2.42) #4 SMP PREEMPT_DYNAMIC Sat Sep  5 08:44:19 PDT 2026
[    0.000000] Command line: virtme_hostname=virtme-ng nr_open=1048576 virtme_link_mods=/home/prozak/sources/heimdall_experiment/uml-harness/.build/bpf-next-x86/.virtme_mods/lib/modules/0.0.0 virtme_rw_overlay0=/tmp virtme_console=ttyS0 console=ttyS0 earlyprintk=serial,ttyS0,115200 panic=-1 virtme.exec=`bW91bnQgLXQgYnBmIGJwZmZzIC9zeXMvZnMvYnBmIDI+L2Rldi9udWxsOyAuL3Rlc3RfcHJvZ3MgLXQgJ21wdGNwJw==` virtme_chdir=home/prozak/sources/heimdall_experiment/uml-harness/.build/selftests-output-qemu-lane4 rootfstype=9p rootflags=version=9p2000.L,trans=virtio,access=any,msize=524288 raid=noautodetect rw debug init=/home/prozak/.local/share/vng-venv/lib/python3.12/site-packages/virtme/guest/bin/virtme-ng-init
[    0.000000] x86 CPU feature dependency check failure: CPU0 has '18*32+31' enabled but '18*32+26' disabled. Kernel might be fine, but no guarantees.
[    0.000000] BIOS-provided physical RAM map:
[    0.000000] BIOS-e820: [mem 0x0000000000000000-0x000000000009fbff]  System RAM
[    0.000000] BIOS-e820: [mem 0x000000000009fc00-0x000000000009ffff]  device reserved
[    0.000000] BIOS-e820: [gap 0x00000000000a0000-0x00000000000effff]
[    0.000000] BIOS-e820: [mem 0x00000000000f0000-0x00000000000fffff]  device reserved
[    0.000000] BIOS-e820: [mem 0x0000000000100000-0x00000000bffdffff]  System RAM
[    0.000000] BIOS-e820: [mem 0x00000000bffe0000-0x00000000bfffffff]  device reserved
[    0.000000] BIOS-e820: [gap 0x00000000c0000000-0x00000000feffbfff]
[    0.000000] BIOS-e820: [mem 0x00000000feffc000-0x00000000feffffff]  device reserved
[    0.000000] BIOS-e820: [gap 0x00000000ff000000-0x00000000fffbffff]
[    0.000000] BIOS-e820: [mem 0x00000000fffc0000-0x00000000ffffffff]  device reserved
[    0.000000] BIOS-e820: [mem 0x0000000100000000-0x000000013fffffff]  System RAM
[    0.000000] BIOS-e820: [gap 0x0000000140000000-0x000000fcffffffff]
[    0.000000] BIOS-e820: [mem 0x000000fd00000000-0x000000ffffffffff]  device reserved
[    0.000000] printk: legacy bootconsole [earlyser0] enabled
[    0.000000] NX (Execute Disable) protection: active
[    0.000000] APIC: Static calls initialized
[    0.000000] DMI: SMBIOS 3.0.0 present.
[    0.000000] DMI: QEMU Ubuntu 24.04 PC v2 (i440FX + PIIX, arch_caps fix, 1996), BIOS 1.16.3-debian-1.16.3-2 04/01/2014
[    0.000000] DMI: Memory slots populated: 1/1
[    0.000000] Hypervisor detected: KVM
[    0.000000] last_pfn = 0xbffe0 max_arch_pfn = 0x400000000
[    0.000000] kvm-clock: Using msrs 4b564d01 and 4b564d00
[    0.000003] kvm-clock: using sched offset of 336774943 cycles
[    0.001042] clocksource: kvm-clock: mask: 0xffffffffffffffff max_cycles: 0x1cd42e4dffb, max_idle_ns: 881590591483 ns
[    0.004299] tsc: Detected 3400.040 MHz processor
[    0.005616] e820: update [mem 0x00000000-0x00000fff] System RAM ==> device reserved
[    0.007169] e820: remove [mem 0x000a0000-0x000fffff] System RAM
[    0.008411] last_pfn = 0x140000 max_arch_pfn = 0x400000000
[    0.009635] MTRR map: 4 entries (3 fixed + 1 variable; max 19), built from 8 variable MTRRs
[    0.011347] x86/PAT: Configuration [0-7]: WB  WC  UC- UC  WB  WP  UC- WT  
Memory KASLR using RDRAND RDTSC...
[    0.013532] last_pfn = 0xbffe0 max_arch_pfn = 0x400000000
[    0.016003] found SMP MP-table at [mem 0x000f5450-0x000f545f]
[    0.017214] Using GB pages for direct mapping
[    0.019310] ACPI: Early table checksum verification disabled
[    0.020466] ACPI: RSDP 0x00000000000F5240 000014 (v00 BOCHS )
[    0.021699] ACPI: RSDT 0x00000000BFFE1D9D 000034 (v01 BOCHS  BXPC     00000001 BXPC 00000001)
[    0.023439] ACPI: FACP 0x00000000BFFE1C39 000074 (v01 BOCHS  BXPC     00000001 BXPC 00000001)
[    0.025118] ACPI: DSDT 0x00000000BFFE0040 001BF9 (v01 BOCHS  BXPC     00000001 BXPC 00000001)
[    0.026846] ACPI: FACS 0x00000000BFFE0000 000040
[    0.027841] ACPI: APIC 0x00000000BFFE1CAD 000090 (v03 BOCHS  BXPC     00000001 BXPC 00000001)
[    0.029534] ACPI: HPET 0x00000000BFFE1D3D 000038 (v01 BOCHS  BXPC     00000001 BXPC 00000001)
[    0.031275] ACPI: WAET 0x00000000BFFE1D75 000028 (v01 BOCHS  BXPC     00000001 BXPC 00000001)
[    0.033042] ACPI: Reserving FACP table memory at [mem 0xbffe1c39-0xbffe1cac]
[    0.034409] ACPI: Reserving DSDT table memory at [mem 0xbffe0040-0xbffe1c38]
[    0.035848] ACPI: Reserving FACS table memory at [mem 0xbffe0000-0xbffe003f]
[    0.037243] ACPI: Reserving APIC table memory at [mem 0xbffe1cad-0xbffe1d3c]
[    0.038625] ACPI: Reserving HPET table memory at [mem 0xbffe1d3d-0xbffe1d74]
[    0.040070] ACPI: Reserving WAET table memory at [mem 0xbffe1d75-0xbffe1d9c]
[    0.041930] No NUMA configuration found
[    0.042675] Faking a node at [mem 0x0000000000000000-0x000000013fffffff]
[    0.044093] NODE_DATA(0) allocated [mem 0x13fff9c80-0x13fffdfff]
[    0.046180] ACPI: PM-Timer IO Port: 0x608
[    0.046999] ACPI: LAPIC_NMI (acpi_id[0xff] dfl dfl lint[0x1])
[    0.048236] IOAPIC[0]: apic_id 0, version 17, address 0xfec00000, GSI 0-23
[    0.049620] ACPI: INT_SRC_OVR (bus 0 bus_irq 0 global_irq 2 dfl dfl)
[    0.050916] ACPI: INT_SRC_OVR (bus 0 bus_irq 5 global_irq 5 high level)
[    0.052312] ACPI: INT_SRC_OVR (bus 0 bus_irq 9 global_irq 9 high level)
[    0.053671] ACPI: INT_SRC_OVR (bus 0 bus_irq 10 global_irq 10 high level)
[    0.055039] ACPI: INT_SRC_OVR (bus 0 bus_irq 11 global_irq 11 high level)
[    0.056543] ACPI: Using ACPI (MADT) for SMP configuration information
[    0.057885] ACPI: HPET id: 0x8086a201 base: 0xfed00000
[    0.058936] TSC deadline timer available
[    0.059776] CPU topo: Max. logical packages:   1
[    0.060909] CPU topo: Max. logical nodes:      1
[    0.061826] CPU topo: Num. nodes per package:  1
[    0.062757] CPU topo: Max. logical dies:       1
[    0.063763] CPU topo: Max. dies per package:   1
[    0.064696] CPU topo: Max. threads per core:   1
[    0.065663] CPU topo: Num. cores per package:     4
[    0.066630] CPU topo: Num. threads per package:   4
[    0.067684] CPU topo: Allowing 4 present CPUs plus 0 hotplug CPUs
[    0.068957] kvm-guest: APIC: eoi() replaced with kvm_guest_apic_eoi_write()
[    0.070373] kvm-guest: KVM setup pv remote TLB flush
[    0.071494] kvm-guest: setup PV sched yield
[    0.072324] PM: hibernation: Registered nosave memory: [mem 0x00000000-0x00000fff]
[    0.073826] PM: hibernation: Registered nosave memory: [mem 0x0009f000-0x000fffff]
[    0.075439] PM: hibernation: Registered nosave memory: [mem 0xbffe0000-0xffffffff]
[    0.077009] [gap 0xc0000000-0xfeffbfff] available for PCI devices
[    0.078218] Booting paravirtualized kernel on KVM
[    0.079158] clocksource: refined-jiffies: mask: 0xffffffff max_cycles: 0xffffffff, max_idle_ns: 1910969940391419 ns
[    0.086434] Zone ranges:
[    0.086972]   DMA      [mem 0x0000000000001000-0x0000000000ffffff]
[    0.088224]   DMA32    [mem 0x0000000001000000-0x00000000ffffffff]
[    0.089564]   Normal   [mem 0x0000000100000000-0x000000013fffffff]
[    0.090800] Movable zone start for each node
[    0.091705] Early memory node ranges
[    0.092401]   node   0: [mem 0x0000000000001000-0x000000000009efff]
[    0.093641]   node   0: [mem 0x0000000000100000-0x00000000bffdffff]
[    0.094888]   node   0: [mem 0x0000000100000000-0x000000013fffffff]
[    0.096195] Initmem setup node 0 [mem 0x0000000000001000-0x000000013fffffff]
[    0.099077] On node 0, zone DMA: 1 pages in unavailable ranges
[    0.100361] On node 0, zone DMA: 97 pages in unavailable ranges
[    0.135977] On node 0, zone Normal: 32 pages in unavailable ranges
[    0.137277] setup_percpu: NR_CPUS:128 nr_cpumask_bits:4 nr_cpu_ids:4 nr_node_ids:1
[    0.139962] percpu: Embedded 58 pages/cpu s200144 r8192 d29232 u524288
[    0.141321] pcpu-alloc: s200144 r8192 d29232 u524288 alloc=1*2097152
[    0.142570] pcpu-alloc: [0] 0 1 2 3 
[    0.143378] Kernel command line: virtme_hostname=virtme-ng nr_open=1048576 virtme_link_mods=/home/prozak/sources/heimdall_experiment/uml-harness/.build/bpf-next-x86/.virtme_mods/lib/modules/0.0.0 virtme_rw_overlay0=/tmp virtme_console=ttyS0 console=ttyS0 earlyprintk=serial,ttyS0,115200 panic=-1 virtme.exec=`bW91bnQgLXQgYnBmIGJwZmZzIC9zeXMvZnMvYnBmIDI+L2Rldi9udWxsOyAuL3Rlc3RfcHJvZ3MgLXQgJ21wdGNwJw==` virtme_chdir=home/prozak/sources/heimdall_experiment/uml-harness/.build/selftests-output-qemu-lane4 rootfstype=9p rootflags=version=9p2000.L,trans=virtio,access=any,msize=524288 raid=noautodetect rw debug init=/home/prozak/.local/share/vng-venv/lib/python3.12/site-packages/virtme/guest/bin/virtme-ng-init
[    0.155977] Unknown kernel command line parameters "virtme_hostname=virtme-ng nr_open=1048576 virtme_link_mods=/home/prozak/sources/heimdall_experiment/uml-harness/.build/bpf-next-x86/.virtme_mods/lib/modules/0.0.0 virtme_rw_overlay0=/tmp virtme_console=ttyS0 virtme_chdir=home/prozak/sources/heimdall_experiment/uml-harness/.build/selftests-output-qemu-lane4", will be passed to user space.
[    0.162957] random: crng init done
[    0.163672] printk: log buffer data + meta data: 2097152 + 7340032 = 9437184 bytes
[    0.167330] Dentry cache hash table entries: 524288 (order: 10, 4194304 bytes, linear)
[    0.170037] Inode-cache hash table entries: 262144 (order: 9, 2097152 bytes, linear)
[    0.171713] software IO TLB: area num 4.
[    0.213121] Fallback order for Node 0: 0 
[    0.213131] Built 1 zonelists, mobility grouping on.  Total pages: 1048446
[    0.215398] Policy zone: Normal
[    0.216032] mem auto-init: stack:all(zero), heap alloc:off, heap free:off
[    0.224141] SLUB: HWalign=64, Order=0-3, MinObjects=0, CPUs=4, Nodes=1
Poking KASLR using RDRAND RDTSC...
[    0.239712] ftrace: allocating 70083 entries in 276 pages
[    0.240873] ftrace: allocated 276 pages with 3 groups
[    0.241967] Dynamic Preempt: full
[    0.243832] Running RCU self tests
[    0.244520] Running RCU synchronous self tests
[    0.245425] rcu: Preemptible hierarchical RCU implementation.
[    0.246563] rcu: 	RCU event tracing is enabled.
[    0.247529] rcu: 	RCU lockdep checking is enabled.
[    0.248454] rcu: 	RCU restricting CPUs from NR_CPUS=128 to nr_cpu_ids=4.
[    0.249785] 	Trampoline variant of Tasks RCU enabled.
[    0.250760] 	Rude variant of Tasks RCU enabled.
[    0.251705] 	Tracing variant of Tasks RCU enabled.
[    0.252656] rcu: RCU calculated value of scheduler-enlistment delay is 100 jiffies.
[    0.254157] rcu: Adjusting geometry for rcu_fanout_leaf=16, nr_cpu_ids=4
[    0.256523] Running RCU synchronous self tests
[    0.257427] RCU Tasks: Setting shift to 2 and lim to 1 rcu_task_cb_adjust=1 rcu_task_cpu_ids=4.
[    0.259139] RCU Tasks Rude: Setting shift to 2 and lim to 1 rcu_task_cb_adjust=1 rcu_task_cpu_ids=4.
[    0.270056] NR_IRQS: 8448, nr_irqs: 456, preallocated irqs: 16
[    0.271598] rcu: srcu_init: Setting srcu_struct sizes based on contention.
[    0.272976] clocksource: jiffies: mask: 0xffffffff max_cycles: 0xffffffff, max_idle_ns: 1911260446275000 ns
[    0.275225] Console: colour *CGA 80x25
[    0.276050] printk: legacy console [ttyS0] enabled
[    0.276050] printk: legacy console [ttyS0] enabled
[    0.277985] printk: legacy bootconsole [earlyser0] disabled
[    0.277985] printk: legacy bootconsole [earlyser0] disabled
[    0.280265] Lock dependency validator: Copyright (c) 2006 Red Hat, Inc., Ingo Molnar
[    0.281860] ... MAX_LOCKDEP_SUBCLASSES:  8
[    0.282702] ... MAX_LOCK_DEPTH:          48
[    0.283640] ... MAX_LOCKDEP_KEYS:        8192
[    0.284512] ... CLASSHASH_SIZE:          4096
[    0.285415] ... MAX_LOCKDEP_ENTRIES:     32768
[    0.286305] ... MAX_LOCKDEP_CHAINS:      65536
[    0.287284] ... CHAINHASH_SIZE:          32768
[    0.288175]  memory used by lock dependency info: 6429 kB
[    0.289273]  memory used for stack traces: 4224 kB
[    0.290231]  per task-struct memory footprint: 1920 bytes
[    0.291440] ACPI: Core revision 20260408
[    0.292476] clocksource: hpet: mask: 0xffffffff max_cycles: 0xffffffff, max_idle_ns: 19112604467 ns
[    0.294537] APIC: Switch to symmetric I/O mode setup
[    0.296186] x2apic enabled
[    0.297380] APIC: Switched APIC routing to: physical x2apic
[    0.298612] kvm-guest: APIC: send_IPI_mask() replaced with kvm_send_ipi_mask()
[    0.300234] kvm-guest: APIC: send_IPI_mask_allbutself() replaced with kvm_send_ipi_mask_allbutself()
[    0.302233] kvm-guest: setup PV IPIs
[    0.305362] ..TIMER: vector=0x30 apic1=0 pin1=2 apic2=-1 pin2=-1
[    0.306923] clocksource: tsc-early: mask: 0xffffffffffffffff max_cycles: 0x310274de655, max_idle_ns: 440795359465 ns
[    0.309240] Calibrating delay loop (skipped) preset value.. 6800.08 BogoMIPS (lpj=3400040)
[    0.311573] x86/cpu: User Mode Instruction Prevention (UMIP) activated
[    0.313389] Last level iTLB entries: 4KB 512, 2MB 255, 4MB 127
[    0.314240] Last level dTLB entries: 4KB 512, 2MB 255, 4MB 127, 1GB 0
[    0.315251] mitigations: Enabled attack vectors: user_kernel, user_user, SMT mitigations: auto
[    0.317238] Speculative Store Bypass: Mitigation: Speculative Store Bypass disabled via prctl
[    0.318237] Speculative Return Stack Overflow: IBPB-extending microcode not applied!
[    0.319236] Speculative Return Stack Overflow: WARNING: See https://kernel.org/doc/html/latest/admin-guide/hw-vuln/srso.html for mitigation options.
[    0.319238] Transient Scheduler Attacks: Vulnerable: No microcode
[    0.321236] Spectre V2 : Mitigation: Retpolines
[    0.322236] Speculative Return Stack Overflow: Vulnerable: Safe RET, no microcode
[    0.323236] Spectre V1 : Mitigation: usercopy/swapgs barriers and __user pointer sanitization
[    0.324236] Spectre V2 : Spectre v2 / SpectreRSB: Filling RSB on context switch and VMEXIT
[    0.325236] Spectre V2 : Enabling Restricted Speculation for firmware calls
[    0.326242] Spectre V2 : mitigation: Enabling conditional Indirect Branch Prediction Barrier
[    0.327236] active return thunk: srso_alias_return_thunk
[    0.328300] x86/fpu: Supporting XSAVE feature 0x001: 'x87 floating point registers'
[    0.329236] x86/fpu: Supporting XSAVE feature 0x002: 'SSE registers'
[    0.330236] x86/fpu: Supporting XSAVE feature 0x004: 'AVX registers'
[    0.331236] x86/fpu: xstate_offset[2]:  576, xstate_sizes[2]:  256
[    0.332236] x86/fpu: Enabled xstate features 0x7, context size is 832 bytes, using 'compacted' format.
[    0.371454] pid_max: default: 32768 minimum: 301
[    0.372416] SELinux:  Initializing.
[    0.375035] LSM support for eBPF active
[    0.375373] Mount-cache hash table entries: 8192 (order: 4, 65536 bytes, linear)
[    0.376241] Mountpoint-cache hash table entries: 8192 (order: 4, 65536 bytes, linear)
[    0.379821] VFS: Finished mounting rootfs on nullfs
[    0.382308] Running RCU synchronous self tests
[    0.383239] Running RCU synchronous self tests
[    0.384585] smpboot: CPU0: AMD Ryzen 9 5950X 16-Core Processor (family: 0x19, model: 0x21, stepping: 0x2)
[    0.385926] Performance Events: Fam17h+ core perfctr, AMD PMU driver.
[    0.386257] ... version:                   0
[    0.387244] ... bit width:                 48
[    0.388242] ... generic counters:          6
[    0.389245] ... generic bitmap:            000000000000003f
[    0.390245] ... fixed-purpose counters:    0
[    0.391243] ... fixed-purpose bitmap:      0000000000000000
[    0.392242] ... value mask:                0000ffffffffffff
[    0.393243] ... max period:                00007fffffffffff
[    0.394243] ... global_ctrl mask:          000000000000003f
[    0.395572] signal: max sigframe size: 1776
[    0.396382] rcu: Hierarchical SRCU implementation.
[    0.397244] rcu: 	Max phase no-delay instances is 400.
[    0.398416] Timer migration: 1 hierarchy levels; 8 children per group; 1 crossnode level
[    0.412151] smp: Bringing up secondary CPUs ...
[    0.412842] smpboot: x86: Booting SMP configuration:
[    0.413266] .... node  #0, CPUs:      #1 #2 #3
[    0.421424] smp: Brought up 1 node, 4 CPUs
[    0.423256] smpboot: Total of 4 processors activated (27200.32 BogoMIPS)
[    0.425656] Memory: 3966616K/4193784K available (25781K kernel code, 10327K rwdata, 18304K rodata, 4688K init, 13400K bss, 220948K reserved, 0K cma-reserved)
[    0.428411] devtmpfs: initialized
[    0.431665] Running RCU synchronous self tests
[    0.432267] Running RCU synchronous self tests
[    0.433297] Running RCU Tasks wait API self tests
[    0.434298] Running RCU Tasks Rude wait API self tests
[    0.435245] Running RCU Tasks Trace wait API self tests
[    0.436387] posixtimers hash table entries: 2048 (order: 6, 147456 bytes, linear)
[    0.437337] futex hash table entries: 1024 (131072 bytes on 1 NUMA nodes, total 128 KiB, linear).
[    0.439059] PM: RTC time: 17:55:12, date: 2026-09-05
[    0.440698] NET: Registered PF_NETLINK/PF_ROUTE protocol family
[    0.441283] Callback from call_rcu_tasks_trace() invoked.
[    0.443308] audit: initializing netlink subsys (disabled)
[    0.444297] audit: type=2000 audit(1788630913.583:1): state=initialized audit_enabled=0 res=1
[    0.462291] thermal_sys: Registered thermal governor 'step_wise'
[    0.462382] cpuidle: using governor ladder
[    0.464283] cpuidle: using governor menu
[    0.467642] PCI: Using configuration type 1 for base access
[    0.468243] PCI: Using configuration type 1 for extended access
[    0.469385] kprobes: kprobe jump-optimization is enabled. All kprobes are optimized if possible.
[    0.470923] HugeTLB: registered 1.00 GiB page size, pre-allocated 0 pages
[    0.472245] HugeTLB: 16380 KiB vmemmap can be freed for a 1.00 GiB page
[    0.474362] HugeTLB: registered 2.00 MiB page size, pre-allocated 0 pages
[    0.475276] HugeTLB: 28 KiB vmemmap can be freed for a 2.00 MiB page
[    0.481398] ACPI: Added _OSI(Module Device)
[    0.482244] ACPI: Added _OSI(Processor Device)
[    0.483248] ACPI: Added _OSI(Processor Aggregator Device)
[    0.488689] ACPI: 1 ACPI AML tables successfully acquired and loaded
[    0.493396] ACPI: \_SB_: platform _OSC: OS support mask [002a7eee]
[    0.495992] ACPI: Interpreter enabled
[    0.496319] ACPI: PM: (supports S0 S3 S4 S5)
[    0.497258] ACPI: Using IOAPIC for interrupt routing
[    0.499318] PCI: Using host bridge windows from ACPI; if necessary, use "pci=nocrs" and report a bug
[    0.501246] PCI: Using E820 reservations for host bridge windows
[    0.502672] ACPI: Enabled 2 GPEs in block 00 to 0F
[    0.520519] ACPI: PCI Root Bridge [PCI0] (domain 0000 [bus 00-ff])
[    0.523599] PCI host bridge to bus 0000:00
[    0.525264] pci_bus 0000:00: root bus resource [io  0x0000-0x0cf7 window]
[    0.527250] pci_bus 0000:00: root bus resource [io  0x0d00-0xffff window]
[    0.530255] pci_bus 0000:00: root bus resource [mem 0x000a0000-0x000bffff window]
[    0.532251] pci_bus 0000:00: root bus resource [mem 0xc0000000-0xfebfffff window]
[    0.534246] pci_bus 0000:00: root bus resource [mem 0x380000000000-0x38007fffffff window]
[    0.536249] pci_bus 0000:00: root bus resource [bus 00-ff]
[    0.537711] pci 0000:00:00.0: [8086:1237] type 00 class 0x060000 conventional PCI endpoint
[    0.541973] pci 0000:00:01.0: [8086:7000] type 00 class 0x060100 conventional PCI endpoint
[    0.545745] pci 0000:00:01.1: [8086:7010] type 00 class 0x010180 conventional PCI endpoint
[    0.548330] pci 0000:00:01.1: BAR 4 [io  0xc1c0-0xc1cf]
[    0.549325] pci 0000:00:01.1: BAR 0 [io  0x01f0-0x01f7]: legacy IDE quirk
[    0.551248] pci 0000:00:01.1: BAR 1 [io  0x03f6]: legacy IDE quirk
[    0.553248] pci 0000:00:01.1: BAR 2 [io  0x0170-0x0177]: legacy IDE quirk
[    0.554246] pci 0000:00:01.1: BAR 3 [io  0x0376]: legacy IDE quirk
[    0.556990] pci 0000:00:01.3: [8086:7113] type 00 class 0x068000 conventional PCI endpoint
[    0.559001] pci 0000:00:01.3: quirk: [io  0x0600-0x063f] claimed by PIIX4 ACPI
[    0.561264] pci 0000:00:01.3: quirk: [io  0x0700-0x070f] claimed by PIIX4 SMB
[    0.563324] pci 0000:00:02.0: [1af4:1009] type 00 class 0x000200 conventional PCI endpoint
[    0.567263] pci 0000:00:02.0: BAR 0 [io  0xc000-0xc03f]
[    0.568262] pci 0000:00:02.0: BAR 1 [mem 0xfebf8000-0xfebf8fff]
[    0.570310] pci 0000:00:02.0: BAR 4 [mem 0x380000000000-0x380000003fff 64bit pref]
[    0.574588] pci 0000:00:03.0: [8086:25ab] type 00 class 0x088000 conventional PCI endpoint
[    0.578263] pci 0000:00:03.0: BAR 0 [mem 0xfebf9000-0xfebf900f]
[    0.582032] pci 0000:00:04.0: [1af4:1003] type 00 class 0x078000 conventional PCI endpoint
[    0.586264] pci 0000:00:04.0: BAR 0 [io  0xc040-0xc07f]
[    0.587789] pci 0000:00:04.0: BAR 1 [mem 0xfebfa000-0xfebfafff]
[    0.589311] pci 0000:00:04.0: BAR 4 [mem 0x380000004000-0x380000007fff 64bit pref]
[    0.594917] pci 0000:00:05.0: [1af4:1003] type 00 class 0x078000 conventional PCI endpoint
[    0.597849] pci 0000:00:05.0: BAR 0 [io  0xc080-0xc0bf]
[    0.599290] pci 0000:00:05.0: BAR 1 [mem 0xfebfb000-0xfebfbfff]
[    0.601337] pci 0000:00:05.0: BAR 4 [mem 0x380000008000-0x38000000bfff 64bit pref]
[    0.609432] pci 0000:00:06.0: [1af4:1003] type 00 class 0x078000 conventional PCI endpoint
[    0.615280] pci 0000:00:06.0: BAR 0 [io  0xc0c0-0xc0ff]
[    0.617158] pci 0000:00:06.0: BAR 1 [mem 0xfebfc000-0xfebfcfff]
[    0.619318] pci 0000:00:06.0: BAR 4 [mem 0x38000000c000-0x38000000ffff 64bit pref]
[    0.624165] pci 0000:00:07.0: [1af4:1003] type 00 class 0x078000 conventional PCI endpoint
[    0.627263] pci 0000:00:07.0: BAR 0 [io  0xc100-0xc13f]
[    0.629263] pci 0000:00:07.0: BAR 1 [mem 0xfebfd000-0xfebfdfff]
[    0.630312] pci 0000:00:07.0: BAR 4 [mem 0x380000010000-0x380000013fff 64bit pref]
[    0.635836] pci 0000:00:08.0: [1af4:1003] type 00 class 0x078000 conventional PCI endpoint
[    0.638581] pci 0000:00:08.0: BAR 0 [io  0xc140-0xc17f]
[    0.640264] pci 0000:00:08.0: BAR 1 [mem 0xfebfe000-0xfebfefff]
[    0.641334] pci 0000:00:08.0: BAR 4 [mem 0x380000014000-0x380000017fff 64bit pref]
[    0.647479] pci 0000:00:09.0: [1af4:1003] type 00 class 0x078000 conventional PCI endpoint
[    0.650265] pci 0000:00:09.0: BAR 0 [io  0xc180-0xc1bf]
[    0.651262] pci 0000:00:09.0: BAR 1 [mem 0xfebff000-0xfebfffff]
[    0.653310] pci 0000:00:09.0: BAR 4 [mem 0x380000018000-0x38000001bfff 64bit pref]
[    0.663401] ACPI: PCI: Interrupt link LNKA configured for IRQ 10
[    0.665529] ACPI: PCI: Interrupt link LNKB configured for IRQ 10
[    0.667537] ACPI: PCI: Interrupt link LNKC configured for IRQ 11
[    0.668515] ACPI: PCI: Interrupt link LNKD configured for IRQ 11
[    0.670384] ACPI: PCI: Interrupt link LNKS configured for IRQ 9
[    0.673330] iommu: Default domain type: Translated
[    0.674245] iommu: DMA domain TLB invalidation policy: lazy mode
[    0.676718] SCSI subsystem initialized
[    0.678323] libata version 3.00 loaded.
[    0.679455] ACPI: bus type USB registered
[    0.680370] usbcore: registered new interface driver usbfs
[    0.681319] usbcore: registered new interface driver hub
[    0.683285] usbcore: registered new device driver usb
[    0.684390] pps_core: LinuxPPS API ver. 1 registered
[    0.685243] pps_core: Software ver. 5.3.6 - Copyright 2005-2007 Rodolfo Giometti <giometti@linux.it>
[    0.687260] PTP clock support registered
[    0.689473] Advanced Linux Sound Architecture Driver Initialized.
[    0.692447] NetLabel: Initializing
[    0.693244] NetLabel:  domain hash size = 128
[    0.694241] NetLabel:  protocols = UNLABELED CIPSOv4 CALIPSO
[    0.695299] NetLabel:  unlabeled traffic allowed by default
[    0.697502] PCI: Using ACPI for IRQ routing
[    0.698248] PCI: pci_cache_line_size set to 64 bytes
[    0.700674] e820: register RAM buffer resource [mem 0x0009fc00-0x0009ffff]
[    0.701246] e820: register RAM buffer resource [mem 0xbffe0000-0xbfffffff]
[    0.703411] vgaarb: loaded
[    0.704630] hpet0: at MMIO 0xfed00000, IRQs 2, 8, 0
[    0.706244] hpet0: 3 comparators, 64-bit 100.000000 MHz counter
[    0.712242] clocksource: Switched to clocksource kvm-clock
[    0.715084] VFS: Disk quotas dquot_6.6.0
[    0.716189] VFS: Dquot-cache hash table entries: 512 (4096 bytes)
[    0.718850] pnp: PnP ACPI init
[    0.720330] pnp 00:02: [dma 2]
[    0.722211] pnp: PnP ACPI: found 4 devices
[    0.740146] clocksource: acpi_pm: mask: 0xffffff max_cycles: 0xffffff, max_idle_ns: 2085701024 ns
[    0.742423] NET: Registered PF_INET protocol family
[    0.743963] IP idents hash table entries: 65536 (order: 7, 524288 bytes, linear)
[    0.746945] tcp_listen_portaddr_hash hash table entries: 2048 (order: 6, 147456 bytes, linear)
[    0.750155] Table-perturb hash table entries: 65536 (order: 6, 262144 bytes, linear)
[    0.750203] Callback from call_rcu_tasks() invoked.
[    0.751996] TCP established hash table entries: 32768 (order: 6, 262144 bytes, linear)
[    0.752059] TCP bind hash table entries: 32768 (order: 11, 4718592 bytes, vmalloc hugepage)
[    0.757311] TCP: Hash tables configured (established 32768 bind 32768)
[    0.759271] MPTCP token hash table entries: 4096 (order: 7, 360448 bytes, linear)
[    0.761170] UDP hash table entries: 2048 (order: 7, 524288 bytes, linear)
[    0.764431] NET: Registered PF_UNIX/PF_LOCAL protocol family
[    0.766846] RPC: Registered named UNIX socket transport module.
[    0.768348] RPC: Registered udp transport module.
[    0.769548] RPC: Registered tcp transport module.
[    0.770748] RPC: Registered tcp-with-tls transport module.
[    0.772028] RPC: Registered tcp NFSv4.1 backchannel transport module.
[    0.774684] NET: Registered PF_XDP protocol family
[    0.775916] pci_bus 0000:00: resource 4 [io  0x0000-0x0cf7 window]
[    0.777423] pci_bus 0000:00: resource 5 [io  0x0d00-0xffff window]
[    0.778976] pci_bus 0000:00: resource 6 [mem 0x000a0000-0x000bffff window]
[    0.780601] pci_bus 0000:00: resource 7 [mem 0xc0000000-0xfebfffff window]
[    0.782342] pci_bus 0000:00: resource 8 [mem 0x380000000000-0x38007fffffff window]
[    0.784440] pci 0000:00:01.0: PIIX3: Enabling Passive Release
[    0.786199] pci 0000:00:00.0: Limiting direct PCI/PCI transfers
[    0.787782] PCI: CLS 0 bytes, default 64
[    0.788923] PCI-DMA: Using software bounce buffering for IO (SWIOTLB)
[    0.790471] software IO TLB: mapped [mem 0x00000000bbfe0000-0x00000000bffe0000] (64MB)
[    0.792898] clocksource: tsc: mask: 0xffffffffffffffff max_cycles: 0x310274de655, max_idle_ns: 440795359465 ns
[    0.800369] Initialise system trusted keyrings
[    0.801822] workingset: timestamp_bits=40 (anon: 35) max_order=20 bucket_order=0 (anon: 0)
[    0.804685] squashfs: version 4.0 (2009/01/31) Phillip Lougher
[    0.806731] NFS: Registering the id_resolver key type
[    0.807978] Key type id_resolver registered
[    0.809011] Key type id_legacy registered
[    0.809994] nfs4filelayout_init: NFSv4 File Layout Driver Registering...
[    0.811635] nfs4flexfilelayout_init: NFSv4 Flexfile Layout Driver Registering...
[    0.813620] fuse: init (API version 7.45)
[    0.814892] 9p: Installing v9fs 9p2000 file system support
[    0.817684] NET: Registered PF_ALG protocol family
[    0.819172] Key type asymmetric registered
[    0.820192] Asymmetric key parser 'x509' registered
[    0.821452] Block layer SCSI generic (bsg) driver version 0.4 loaded (major 248)
[    0.823682] io scheduler mq-deadline registered
[    0.824793] io scheduler kyber registered
[    0.826831] input: Power Button as /devices/platform/LNXPWRBN:00/input/input0
[    0.828835] ACPI: button: Power Button [PWRF]
[    0.973674] ACPI: \_SB_.LNKB: Enabled at IRQ 10
[    1.120482] ACPI: \_SB_.LNKD: Enabled at IRQ 11
[    1.258451] ACPI: \_SB_.LNKA: Enabled at IRQ 10
[    1.316819] kwatchdog (73) used greatest stack depth: 14776 bytes left
[    1.560349] ACPI: \_SB_.LNKC: Enabled at IRQ 11
[    1.844585] Serial: 8250/16550 driver, 4 ports, IRQ sharing enabled
[    1.847480] 00:03: ttyS0 at I/O 0x3f8 (irq = 4, base_baud = 115200) is a 16550A
[    2.031350] Non-volatile memory driver v1.3
[    2.033154] ACPI: bus type drm_connector registered
[    2.051233] brd: module loaded
[    2.063517] loop: module loaded
[    2.068506] scsi host0: ata_piix
[    2.070369] scsi host1: ata_piix
[    2.071511] ata1: PATA max MWDMA2 cmd 0x1f0 ctl 0x3f6 bmdma 0xc1c0 irq 14 lpm-pol 0
[    2.073321] ata2: PATA max MWDMA2 cmd 0x170 ctl 0x376 bmdma 0xc1c8 irq 15 lpm-pol 0
[    2.080501] tun: Universal TUN/TAP device driver, 1.6
[    2.082253] e100: Intel(R) PRO/100 Network Driver
[    2.083549] e100: Copyright(c) 1999-2006 Intel Corporation
[    2.084965] e1000: Intel(R) PRO/1000 Network Driver
[    2.086330] e1000: Copyright (c) 1999-2006 Intel Corporation.
[    2.087839] e1000e: Intel(R) PRO/1000 Network Driver
[    2.089042] e1000e: Copyright(c) 1999 - 2015 Intel Corporation.
[    2.090657] sky2: driver version 1.30
[    2.092760] usbcore: registered new interface driver usblp
[    2.094255] usbcore: registered new interface driver usb-storage
[    2.095866] i8042: PNP: PS/2 Controller [PNP0303:KBD,PNP0f13:MOU] at 0x60,0x64 irq 1,12
[    2.099433] serio: i8042 KBD port at 0x60,0x64 irq 1
[    2.100713] serio: i8042 AUX port at 0x60,0x64 irq 12
[    2.104101] rtc_cmos PNP0B00:00: RTC can wake from S4
[    2.106707] input: AT Translated Set 2 keyboard as /devices/platform/i8042/serio0/input/input1
[    2.110757] rtc_cmos PNP0B00:00: registered as rtc0
[    2.112284] rtc_cmos PNP0B00:00: alarms up to one day, y3k, 242 bytes nvram, hpet irqs
[    2.114588] Registered IR keymap rc-empty
[    2.116336] rc rc0: rc-core loopback device as /devices/virtual/rc/rc0
[    2.118749] rc rc0: lirc_dev: driver rc-loopback registered at minor = 0, raw IR receiver, raw IR transmitter
[    2.123335] input: rc-core loopback device as /devices/virtual/rc/rc0/input2
[    2.126225] intel_powerclamp: CPU does not support MWAIT
[    2.127762] device-mapper: core: CONFIG_IMA_DISABLE_HTABLE is disabled. Duplicate IMA measurements will not be recorded in the IMA log.
[    2.131013] device-mapper: ioctl: 4.50.0-ioctl (2025-04-28) initialised: dm-devel@lists.linux.dev
[    2.133756] hid: raw HID events driver (C) Jiri Kosina
[    2.136824] usbcore: registered new interface driver usbhid
[    2.138328] usbhid: USB HID core driver
[    2.140506] GACT probability NOT on
[    2.141456] Mirror/redirect action on
[    2.144060] nf_conntrack_irc: The irc conntrack helper is scheduled for removal.
[    2.144060] Please contact the netfilter-devel mailing list if you still need this.
[    2.148373] ipip: IPv4 and MPLS over IPv4 tunneling driver
[    2.150545] gre: GRE over IPv4 demultiplexer driver
[    2.151715] ip_gre: GRE over IPv4 tunneling driver
[    2.155235] Initializing XFRM netlink socket
[    2.156345] IPsec XFRM device driver
[    2.157329] NET: Registered PF_INET6 protocol family
[    2.159885] Segment Routing with IPv6
[    2.160867] In-situ OAM (IOAM) with IPv6
[    2.161839] mip6: Mobile IPv6
[    2.162692] sit: IPv6, IPv4 and MPLS over IPv4 tunneling driver
[    2.165501] ip6_gre: GRE over IPv6 tunneling driver
[    2.167446] NET: Registered PF_PACKET protocol family
[    2.168757] RPC: Registered rdma transport module.
[    2.169902] RPC: Registered rdma backchannel transport module.
[    2.171584] 8021q: 802.1Q VLAN Support v1.8
[    2.173016] smc: adding smcd device lo without pnetid
[    2.174428] NET: Registered PF_SMC protocol family
[    2.175971] 9pnet: Installing 9P2000 support
[    2.178940] Key type dns_resolver registered
[    2.180224] NET: Registered PF_VSOCK protocol family
[    2.181569] mpls_gso: MPLS GSO support
[    2.184524] IPI shorthand broadcast: enabled
[    2.228578] ata2: found unknown device (class 0)
[    2.230983] ata2.00: ATAPI: QEMU DVD-ROM, 2.5+, max UDMA/100
[    2.231673] sched_clock: Marking stable (2203017801, 28257783)->(2284432671, -53157087)
[    2.236362] scsi 1:0:0:0: CD-ROM            QEMU     QEMU DVD-ROM     2.5+ PQ: 0 ANSI: 5
[    2.238941] registered taskstats version 1
[    2.257662] sr 1:0:0:0: [sr0] scsi3-mmc drive: 4x/4x cd/rw xa/form2 tray
[    2.257863] Loading compiled-in X.509 certificates
[    2.261339] kworker/u16:1 (92) used greatest stack depth: 14184 bytes left
[    2.262624] Loaded X.509 cert 'Build time autogenerated kernel key: c4531344b9a9c1a4731230d977a262ba29ba5272'
[    2.281076] cdrom: Uniform CD-ROM driver Revision: 3.20
[    2.296838] sr 1:0:0:0: Attached scsi CD-ROM sr0
[    2.301015] sr 1:0:0:0: Attached scsi generic sg0 type 5
[    2.304350] Demotion targets for Node 0: null
[    2.305917] ima: No TPM chip found, activating TPM-bypass!
[    2.307339] ima: Allocated hash algorithm: sha1
[    2.309748] ima: No architecture policies found
[    2.311820] PM:   Magic number: 10:89:946
[    2.312859] cpuid cpu1: hash matches
[    2.313786] tty tty3: hash matches
[    2.314716] processor cpu1: hash matches
[    2.315739] netconsole: network logging started
[    2.317533] cfg80211: Loading compiled-in X.509 certificates for regulatory database
[    2.320503] Loaded X.509 cert 'sforshee: 00b28ddf47aef9cea7'
[    2.321995] Loaded X.509 cert 'wens: 61c038651aabdcf94bd0ac7ff06c7248db18c600'
[    2.323864] ALSA device list:
[    2.325086] faux_driver regulatory: Direct firmware load for regulatory.db failed with error -2
[    2.325336]   No soundcards found.
[    2.327380] cfg80211: failed to load regulatory.db
[    2.535695] input: ImExPS/2 Generic Explorer Mouse as /devices/platform/i8042/serio1/input/input4
[    2.537808] md: Skipping autodetection of RAID arrays. (raid=autodetect will force)
[    2.539399] 9p: Bad value for 'source'
[    2.540058] 9pnet: Limiting 'msize' to 512000 as this is the maximum supported by transport virtio
[    2.543432] VFS: Mounted root (9p filesystem) on device 0:24.
[    2.545232] devtmpfs: mounted
[    2.545925] VFS: Pivoted into new rootfs
[    2.551098] Freeing unused kernel image (initmem) memory: 4688K
[    2.552121] Write protecting the kernel read-only data: 45056k
[    2.554181] Freeing unused kernel image (text/rodata gap) memory: 840K
[    2.555504] Freeing unused kernel image (rodata/data gap) memory: 128K
[    2.603647] x86/mm: Checked W+X mappings: passed, no W+X pages found.
[    2.605246] Run /home/prozak/.local/share/vng-venv/lib/python3.12/site-packages/virtme/guest/bin/virtme-ng-init as init process
[    2.607823]   with arguments:
[    2.608541]     /home/prozak/.local/share/vng-venv/lib/python3.12/site-packages/virtme/guest/bin/virtme-ng-init
[    2.610579]   with environment:
[    2.611348]     HOME=/
[    2.611767]     TERM=linux
[    2.612471]     virtme_hostname=virtme-ng
[    2.613406]     nr_open=1048576
[    2.613967]     virtme_link_mods=/home/prozak/sources/heimdall_experiment/uml-harness/.build/bpf-next-x86/.virtme_mods/lib/modules/0.0.0
[    2.616804]     virtme_rw_overlay0=/tmp
[    2.617583]     virtme_console=ttyS0
[    2.618240]     virtme_chdir=home/prozak/sources/heimdall_experiment/uml-harness/.build/selftests-output-qemu-lane4
[    2.719438] virtme-ng-init: mount devtmpfs -> /dev: EBUSY: Device or resource busy
[    2.721417] virtme-ng-init: Setting hostname to virtme-ng...
[    2.767350] virtme-ng-init: running systemd-tmpfiles
[    4.186724] systemd-tmpfile (99) used greatest stack depth: 12200 bytes left
[    4.186885] virtme-ng-init: basic initialization done
[    4.207604] virtme-ng-init: error creating file: Permission denied (os error 13)
[    4.321428] ip (104) used greatest stack depth: 11832 bytes left
[    4.444422] virtme-ng-init: Starting systemd-udevd version 255.4-1ubuntu8.17
[    4.447009] virtme-ng-init: triggering udev coldplug
[    7.965774] virtme-ng-init: waiting for udev to settle
[    8.846714] virtme-ng-init: udev is done
[    8.852051] virtme-ng-init: starting script
[    9.189117] bpf_testmod: loading out-of-tree module taints kernel.
[    9.190236] bpf_testmod: module verification failed: signature and/or required key missing - tainting kernel
[   12.316430] clocksource: Watchdog remote CPU 3 read timed out
[   12.514635] smc: removing smcd device lo
[   12.594667] ACPI: PM: Preparing to enter system sleep state S5
[   12.596635] reboot: Power down
