#442     snprintf_btf:OK
Summary: 1/0 PASSED, 0 SKIPPED, 0/0 FAILED
sole in extract_kernel
input_data: 0x00000000049512c4
input_len: 0x00000000015e146f
output: 0x0000000001000000
output_len: 0x00000000045bc6c4
kernel_total_size: 0x0000000004f85000
needed_size: 0x0000000005000000
trampoline_32bit: 0x0000000000000000
Physical KASLR using RDRAND RDTSC...
Virtual KASLR using RDRAND RDTSC...

Decompressing Linux... Parsing ELF... Performing relocations... done.
Booting the kernel (entry_offset: 0x0000000003db96f0).
[    0.000000] Linux version 7.2.0-g0f783f853d0e (prozak@powertower) (gcc (Ubuntu 13.3.0-6ubuntu2~24.04.1) 13.3.0, GNU ld (GNU Binutils for Ubuntu) 2.42) #4 SMP PREEMPT_DYNAMIC Sat Sep  5 08:44:19 PDT 2026
[    0.000000] Command line: virtme_hostname=virtme-ng nr_open=1048576 virtme_link_mods=/home/prozak/sources/heimdall_experiment/uml-harness/.build/bpf-next-x86/.virtme_mods/lib/modules/0.0.0 virtme_rw_overlay0=/tmp virtme_console=ttyS0 console=ttyS0 earlyprintk=serial,ttyS0,115200 panic=-1 virtme.exec=`bW91bnQgLXQgYnBmIGJwZmZzIC9zeXMvZnMvYnBmIDI+L2Rldi9udWxsOyAuL3Rlc3RfcHJvZ3MgLXQgJ3NucHJpbnRmX2J0Zic=` virtme_chdir=home/prozak/sources/heimdall_experiment/uml-harness/.build/selftests-output-qemu-lane2 rootfstype=9p rootflags=version=9p2000.L,trans=virtio,access=any,msize=524288 raid=noautodetect rw debug init=/home/prozak/.local/share/vng-venv/lib/python3.12/site-packages/virtme/guest/bin/virtme-ng-init
[    0.000000] x86 CPU feature dependency check failure: CPU0 has '18*32+31' enabled but '18*32+26' disabled. Kernel might be fine, but no guarantees.
[    0.000000] BIOS-provided physical RAM map:
[    0.000000] BIOS-e820: [mem 0x0000000000000000-0x000000000009fbff]  System RAM
[    0.000000] BIOS-e820: [mem 0x000000000009fc00-0x000000000009ffff]  device reserved
[    0.000000] BIOS-e820: [gap 0x00000000000a0000-0x00000000000effff]
[    0.000000] BIOS-e820: [mem 0x00000000000f0000-0x00000000000fffff]  device reserved
[    0.000000] BIOS-e820: [mem 0x0000000000100000-0x00000000bffdffff]  System RAM
[    0.000000] BIOS-e820: [mem 0x00000000bffe0000-0x00000000bfffffff]  device reserved
[    0.000000] BIOS-e820: [gap 0x00000000c0000000-0x00000000feffbfff]
[    0.000000] BIOS-e820: [mem 0x00000000feffc000-0x00000000feffffff]  device reserved
[    0.000000] BIOS-e820: [gap 0x00000000ff000000-0x00000000fffbffff]
[    0.000000] BIOS-e820: [mem 0x00000000fffc0000-0x00000000ffffffff]  device reserved
[    0.000000] BIOS-e820: [mem 0x0000000100000000-0x000000013fffffff]  System RAM
[    0.000000] BIOS-e820: [gap 0x0000000140000000-0x000000fcffffffff]
[    0.000000] BIOS-e820: [mem 0x000000fd00000000-0x000000ffffffffff]  device reserved
[    0.000000] printk: legacy bootconsole [earlyser0] enabled
[    0.000000] NX (Execute Disable) protection: active
[    0.000000] APIC: Static calls initialized
[    0.000000] DMI: SMBIOS 3.0.0 present.
[    0.000000] DMI: QEMU Ubuntu 24.04 PC v2 (i440FX + PIIX, arch_caps fix, 1996), BIOS 1.16.3-debian-1.16.3-2 04/01/2014
[    0.000000] DMI: Memory slots populated: 1/1
[    0.000000] Hypervisor detected: KVM
[    0.000000] last_pfn = 0xbffe0 max_arch_pfn = 0x400000000
[    0.000000] kvm-clock: Using msrs 4b564d01 and 4b564d00
[    0.000001] kvm-clock: using sched offset of 330531026 cycles
[    0.001065] clocksource: kvm-clock: mask: 0xffffffffffffffff max_cycles: 0x1cd42e4dffb, max_idle_ns: 881590591483 ns
[    0.004334] tsc: Detected 3400.040 MHz processor
[    0.005667] e820: update [mem 0x00000000-0x00000fff] System RAM ==> device reserved
[    0.007176] e820: remove [mem 0x000a0000-0x000fffff] System RAM
[    0.008320] last_pfn = 0x140000 max_arch_pfn = 0x400000000
[    0.009562] MTRR map: 4 entries (3 fixed + 1 variable; max 19), built from 8 variable MTRRs
[    0.011223] x86/PAT: Configuration [0-7]: WB  WC  UC- UC  WB  WP  UC- WT  
Memory KASLR using RDRAND RDTSC...
[    0.013428] last_pfn = 0xbffe0 max_arch_pfn = 0x400000000
[    0.015827] found SMP MP-table at [mem 0x000f5450-0x000f545f]
[    0.016992] Using GB pages for direct mapping
[    0.018017] ACPI: Early table checksum verification disabled
[    0.019170] ACPI: RSDP 0x00000000000F5240 000014 (v00 BOCHS )
[    0.020311] ACPI: RSDT 0x00000000BFFE1D9D 000034 (v01 BOCHS  BXPC     00000001 BXPC 00000001)
[    0.021996] ACPI: FACP 0x00000000BFFE1C39 000074 (v01 BOCHS  BXPC     00000001 BXPC 00000001)
[    0.023723] ACPI: DSDT 0x00000000BFFE0040 001BF9 (v01 BOCHS  BXPC     00000001 BXPC 00000001)
[    0.025431] ACPI: FACS 0x00000000BFFE0000 000040
[    0.026333] ACPI: APIC 0x00000000BFFE1CAD 000090 (v03 BOCHS  BXPC     00000001 BXPC 00000001)
[    0.028037] ACPI: HPET 0x00000000BFFE1D3D 000038 (v01 BOCHS  BXPC     00000001 BXPC 00000001)
[    0.029748] ACPI: WAET 0x00000000BFFE1D75 000028 (v01 BOCHS  BXPC     00000001 BXPC 00000001)
[    0.031470] ACPI: Reserving FACP table memory at [mem 0xbffe1c39-0xbffe1cac]
[    0.032899] ACPI: Reserving DSDT table memory at [mem 0xbffe0040-0xbffe1c38]
[    0.034335] ACPI: Reserving FACS table memory at [mem 0xbffe0000-0xbffe003f]
[    0.035719] ACPI: Reserving APIC table memory at [mem 0xbffe1cad-0xbffe1d3c]
[    0.037153] ACPI: Reserving HPET table memory at [mem 0xbffe1d3d-0xbffe1d74]
[    0.038569] ACPI: Reserving WAET table memory at [mem 0xbffe1d75-0xbffe1d9c]
[    0.040445] No NUMA configuration found
[    0.041226] Faking a node at [mem 0x0000000000000000-0x000000013fffffff]
[    0.042536] NODE_DATA(0) allocated [mem 0x13fffbc80-0x13fffffff]
[    0.044625] ACPI: PM-Timer IO Port: 0x608
[    0.045500] ACPI: LAPIC_NMI (acpi_id[0xff] dfl dfl lint[0x1])
[    0.046682] IOAPIC[0]: apic_id 0, version 17, address 0xfec00000, GSI 0-23
[    0.048088] ACPI: INT_SRC_OVR (bus 0 bus_irq 0 global_irq 2 dfl dfl)
[    0.049348] ACPI: INT_SRC_OVR (bus 0 bus_irq 5 global_irq 5 high level)
[    0.050622] ACPI: INT_SRC_OVR (bus 0 bus_irq 9 global_irq 9 high level)
[    0.051952] ACPI: INT_SRC_OVR (bus 0 bus_irq 10 global_irq 10 high level)
[    0.053300] ACPI: INT_SRC_OVR (bus 0 bus_irq 11 global_irq 11 high level)
[    0.054623] ACPI: Using ACPI (MADT) for SMP configuration information
[    0.055886] ACPI: HPET id: 0x8086a201 base: 0xfed00000
[    0.056895] TSC deadline timer available
[    0.057703] CPU topo: Max. logical packages:   1
[    0.058608] CPU topo: Max. logical nodes:      1
[    0.059520] CPU topo: Num. nodes per package:  1
[    0.060452] CPU topo: Max. logical dies:       1
[    0.061389] CPU topo: Max. dies per package:   1
[    0.062279] CPU topo: Max. threads per core:   1
[    0.063197] CPU topo: Num. cores per package:     4
[    0.064141] CPU topo: Num. threads per package:   4
[    0.065201] CPU topo: Allowing 4 present CPUs plus 0 hotplug CPUs
[    0.066429] kvm-guest: APIC: eoi() replaced with kvm_guest_apic_eoi_write()
[    0.067840] kvm-guest: KVM setup pv remote TLB flush
[    0.068848] kvm-guest: setup PV sched yield
[    0.069756] PM: hibernation: Registered nosave memory: [mem 0x00000000-0x00000fff]
[    0.071245] PM: hibernation: Registered nosave memory: [mem 0x0009f000-0x000fffff]
[    0.072711] PM: hibernation: Registered nosave memory: [mem 0xbffe0000-0xffffffff]
[    0.074232] [gap 0xc0000000-0xfeffbfff] available for PCI devices
[    0.075460] Booting paravirtualized kernel on KVM
[    0.076386] clocksource: refined-jiffies: mask: 0xffffffff max_cycles: 0xffffffff, max_idle_ns: 1910969940391419 ns
[    0.083471] Zone ranges:
[    0.083988]   DMA      [mem 0x0000000000001000-0x0000000000ffffff]
[    0.085276]   DMA32    [mem 0x0000000001000000-0x00000000ffffffff]
[    0.086508]   Normal   [mem 0x0000000100000000-0x000000013fffffff]
[    0.087726] Movable zone start for each node
[    0.088553] Early memory node ranges
[    0.089278]   node   0: [mem 0x0000000000001000-0x000000000009efff]
[    0.090488]   node   0: [mem 0x0000000000100000-0x00000000bffdffff]
[    0.091724]   node   0: [mem 0x0000000100000000-0x000000013fffffff]
[    0.092933] Initmem setup node 0 [mem 0x0000000000001000-0x000000013fffffff]
[    0.096882] On node 0, zone DMA: 1 pages in unavailable ranges
[    0.098123] On node 0, zone DMA: 97 pages in unavailable ranges
[    0.119120] On node 0, zone Normal: 32 pages in unavailable ranges
[    0.120525] setup_percpu: NR_CPUS:128 nr_cpumask_bits:4 nr_cpu_ids:4 nr_node_ids:1
[    0.122602] percpu: Embedded 58 pages/cpu s200144 r8192 d29232 u524288
[    0.123941] pcpu-alloc: s200144 r8192 d29232 u524288 alloc=1*2097152
[    0.125274] pcpu-alloc: [0] 0 1 2 3 
[    0.126020] Kernel command line: virtme_hostname=virtme-ng nr_open=1048576 virtme_link_mods=/home/prozak/sources/heimdall_experiment/uml-harness/.build/bpf-next-x86/.virtme_mods/lib/modules/0.0.0 virtme_rw_overlay0=/tmp virtme_console=ttyS0 console=ttyS0 earlyprintk=serial,ttyS0,115200 panic=-1 virtme.exec=`bW91bnQgLXQgYnBmIGJwZmZzIC9zeXMvZnMvYnBmIDI+L2Rldi9udWxsOyAuL3Rlc3RfcHJvZ3MgLXQgJ3NucHJpbnRmX2J0Zic=` virtme_chdir=home/prozak/sources/heimdall_experiment/uml-harness/.build/selftests-output-qemu-lane2 rootfstype=9p rootflags=version=9p2000.L,trans=virtio,access=any,msize=524288 raid=noautodetect rw debug init=/home/prozak/.local/share/vng-venv/lib/python3.12/site-packages/virtme/guest/bin/virtme-ng-init
[    0.138712] Unknown kernel command line parameters "virtme_hostname=virtme-ng nr_open=1048576 virtme_link_mods=/home/prozak/sources/heimdall_experiment/uml-harness/.build/bpf-next-x86/.virtme_mods/lib/modules/0.0.0 virtme_rw_overlay0=/tmp virtme_console=ttyS0 virtme_chdir=home/prozak/sources/heimdall_experiment/uml-harness/.build/selftests-output-qemu-lane2", will be passed to user space.
[    0.145636] random: crng init done
[    0.146331] printk: log buffer data + meta data: 2097152 + 7340032 = 9437184 bytes
[    0.151687] Dentry cache hash table entries: 524288 (order: 10, 4194304 bytes, linear)
[    0.156687] Inode-cache hash table entries: 262144 (order: 9, 2097152 bytes, linear)
[    0.158395] software IO TLB: area num 4.
[    0.196755] Fallback order for Node 0: 0 
[    0.196771] Built 1 zonelists, mobility grouping on.  Total pages: 1048446
[    0.199062] Policy zone: Normal
[    0.199696] mem auto-init: stack:all(zero), heap alloc:off, heap free:off
[    0.208145] SLUB: HWalign=64, Order=0-3, MinObjects=0, CPUs=4, Nodes=1
Poking KASLR using RDRAND RDTSC...
[    0.224044] ftrace: allocating 70083 entries in 276 pages
[    0.225170] ftrace: allocated 276 pages with 3 groups
[    0.226302] Dynamic Preempt: full
[    0.227173] Running RCU self tests
[    0.227909] Running RCU synchronous self tests
[    0.228782] rcu: Preemptible hierarchical RCU implementation.
[    0.229949] rcu: 	RCU event tracing is enabled.
[    0.230829] rcu: 	RCU lockdep checking is enabled.
[    0.231791] rcu: 	RCU restricting CPUs from NR_CPUS=128 to nr_cpu_ids=4.
[    0.233143] 	Trampoline variant of Tasks RCU enabled.
[    0.234144] 	Rude variant of Tasks RCU enabled.
[    0.235039] 	Tracing variant of Tasks RCU enabled.
[    0.235991] rcu: RCU calculated value of scheduler-enlistment delay is 100 jiffies.
[    0.237504] rcu: Adjusting geometry for rcu_fanout_leaf=16, nr_cpu_ids=4
[    0.239796] Running RCU synchronous self tests
[    0.240731] RCU Tasks: Setting shift to 2 and lim to 1 rcu_task_cb_adjust=1 rcu_task_cpu_ids=4.
[    0.242466] RCU Tasks Rude: Setting shift to 2 and lim to 1 rcu_task_cb_adjust=1 rcu_task_cpu_ids=4.
[    0.253243] NR_IRQS: 8448, nr_irqs: 456, preallocated irqs: 16
[    0.254710] rcu: srcu_init: Setting srcu_struct sizes based on contention.
[    0.256101] clocksource: jiffies: mask: 0xffffffff max_cycles: 0xffffffff, max_idle_ns: 1911260446275000 ns
[    0.258390] Console: colour *CGA 80x25
[    0.259198] printk: legacy console [ttyS0] enabled
[    0.259198] printk: legacy console [ttyS0] enabled
[    0.261125] printk: legacy bootconsole [earlyser0] disabled
[    0.261125] printk: legacy bootconsole [earlyser0] disabled
[    0.263375] Lock dependency validator: Copyright (c) 2006 Red Hat, Inc., Ingo Molnar
[    0.264938] ... MAX_LOCKDEP_SUBCLASSES:  8
[    0.265812] ... MAX_LOCK_DEPTH:          48
[    0.266655] ... MAX_LOCKDEP_KEYS:        8192
[    0.267546] ... CLASSHASH_SIZE:          4096
[    0.268658] ... MAX_LOCKDEP_ENTRIES:     32768
[    0.269577] ... MAX_LOCKDEP_CHAINS:      65536
[    0.270489] ... CHAINHASH_SIZE:          32768
[    0.271373]  memory used by lock dependency info: 6429 kB
[    0.272464]  memory used for stack traces: 4224 kB
[    0.273523]  per task-struct memory footprint: 1920 bytes
[    0.274650] ACPI: Core revision 20260408
[    0.275678] clocksource: hpet: mask: 0xffffffff max_cycles: 0xffffffff, max_idle_ns: 19112604467 ns
[    0.277807] APIC: Switch to symmetric I/O mode setup
[    0.279572] x2apic enabled
[    0.280900] APIC: Switched APIC routing to: physical x2apic
[    0.282234] kvm-guest: APIC: send_IPI_mask() replaced with kvm_send_ipi_mask()
[    0.283840] kvm-guest: APIC: send_IPI_mask_allbutself() replaced with kvm_send_ipi_mask_allbutself()
[    0.285868] kvm-guest: setup PV IPIs
[    0.288896] ..TIMER: vector=0x30 apic1=0 pin1=2 apic2=-1 pin2=-1
[    0.290179] clocksource: tsc-early: mask: 0xffffffffffffffff max_cycles: 0x310274de655, max_idle_ns: 440795359465 ns
[    0.292394] Calibrating delay loop (skipped) preset value.. 6800.08 BogoMIPS (lpj=3400040)
[    0.294414] x86/cpu: User Mode Instruction Prevention (UMIP) activated
[    0.295690] Last level iTLB entries: 4KB 512, 2MB 255, 4MB 127
[    0.296392] Last level dTLB entries: 4KB 512, 2MB 255, 4MB 127, 1GB 0
[    0.297401] mitigations: Enabled attack vectors: user_kernel, user_user, SMT mitigations: auto
[    0.298391] Speculative Store Bypass: Mitigation: Speculative Store Bypass disabled via prctl
[    0.299391] Speculative Return Stack Overflow: IBPB-extending microcode not applied!
[    0.300391] Speculative Return Stack Overflow: WARNING: See https://kernel.org/doc/html/latest/admin-guide/hw-vuln/srso.html for mitigation options.
[    0.300393] Transient Scheduler Attacks: Vulnerable: No microcode
[    0.302391] Spectre V2 : Mitigation: Retpolines
[    0.303391] Speculative Return Stack Overflow: Vulnerable: Safe RET, no microcode
[    0.304391] Spectre V1 : Mitigation: usercopy/swapgs barriers and __user pointer sanitization
[    0.305391] Spectre V2 : Spectre v2 / SpectreRSB: Filling RSB on context switch and VMEXIT
[    0.306391] Spectre V2 : Enabling Restricted Speculation for firmware calls
[    0.307394] Spectre V2 : mitigation: Enabling conditional Indirect Branch Prediction Barrier
[    0.308392] active return thunk: srso_alias_return_thunk
[    0.309454] x86/fpu: Supporting XSAVE feature 0x001: 'x87 floating point registers'
[    0.310391] x86/fpu: Supporting XSAVE feature 0x002: 'SSE registers'
[    0.311392] x86/fpu: Supporting XSAVE feature 0x004: 'AVX registers'
[    0.312392] x86/fpu: xstate_offset[2]:  576, xstate_sizes[2]:  256
[    0.313391] x86/fpu: Enabled xstate features 0x7, context size is 832 bytes, using 'compacted' format.
[    0.352512] pid_max: default: 32768 minimum: 301
[    0.353565] SELinux:  Initializing.
[    0.356160] LSM support for eBPF active
[    0.356528] Mount-cache hash table entries: 8192 (order: 4, 65536 bytes, linear)
[    0.357396] Mountpoint-cache hash table entries: 8192 (order: 4, 65536 bytes, linear)
[    0.360752] VFS: Finished mounting rootfs on nullfs
[    0.363082] Running RCU synchronous self tests
[    0.363394] Running RCU synchronous self tests
[    0.365720] smpboot: CPU0: AMD Ryzen 9 5950X 16-Core Processor (family: 0x19, model: 0x21, stepping: 0x2)
[    0.367074] Performance Events: Fam17h+ core perfctr, AMD PMU driver.
[    0.367413] ... version:                   0
[    0.368398] ... bit width:                 48
[    0.369401] ... generic counters:          6
[    0.370399] ... generic bitmap:            000000000000003f
[    0.371399] ... fixed-purpose counters:    0
[    0.372398] ... fixed-purpose bitmap:      0000000000000000
[    0.373397] ... value mask:                0000ffffffffffff
[    0.374399] ... max period:                00007fffffffffff
[    0.375398] ... global_ctrl mask:          000000000000003f
[    0.376713] signal: max sigframe size: 1776
[    0.377521] rcu: Hierarchical SRCU implementation.
[    0.378398] rcu: 	Max phase no-delay instances is 400.
[    0.379564] Timer migration: 1 hierarchy levels; 8 children per group; 1 crossnode level
[    0.393232] smp: Bringing up secondary CPUs ...
[    0.394016] smpboot: x86: Booting SMP configuration:
[    0.394422] .... node  #0, CPUs:      #1 #2 #3
[    0.402691] smp: Brought up 1 node, 4 CPUs
[    0.404366] smpboot: Total of 4 processors activated (27200.32 BogoMIPS)
[    0.405907] Memory: 3966620K/4193784K available (25781K kernel code, 10327K rwdata, 18304K rodata, 4688K init, 13400K bss, 220944K reserved, 0K cma-reserved)
[    0.408567] devtmpfs: initialized
[    0.411821] Running RCU synchronous self tests
[    0.412420] Running RCU synchronous self tests
[    0.413455] Running RCU Tasks wait API self tests
[    0.414462] Running RCU Tasks Rude wait API self tests
[    0.415402] Running RCU Tasks Trace wait API self tests
[    0.416538] posixtimers hash table entries: 2048 (order: 6, 147456 bytes, linear)
[    0.417492] futex hash table entries: 1024 (131072 bytes on 1 NUMA nodes, total 128 KiB, linear).
[    0.419229] PM: RTC time: 17:56:05, date: 2026-09-05
[    0.420723] NET: Registered PF_NETLINK/PF_ROUTE protocol family
[    0.421436] Callback from call_rcu_tasks_trace() invoked.
[    0.423425] audit: initializing netlink subsys (disabled)
[    0.424446] audit: type=2000 audit(1788630966.044:1): state=initialized audit_enabled=0 res=1
[    0.441909] thermal_sys: Registered thermal governor 'step_wise'
[    0.442007] cpuidle: using governor ladder
[    0.443440] cpuidle: using governor menu
[    0.446738] PCI: Using configuration type 1 for base access
[    0.447398] PCI: Using configuration type 1 for extended access
[    0.448554] kprobes: kprobe jump-optimization is enabled. All kprobes are optimized if possible.
[    0.450462] HugeTLB: registered 1.00 GiB page size, pre-allocated 0 pages
[    0.451401] HugeTLB: 16380 KiB vmemmap can be freed for a 1.00 GiB page
[    0.453399] HugeTLB: registered 2.00 MiB page size, pre-allocated 0 pages
[    0.454399] HugeTLB: 28 KiB vmemmap can be freed for a 2.00 MiB page
[    0.460928] ACPI: Added _OSI(Module Device)
[    0.462401] ACPI: Added _OSI(Processor Device)
[    0.463400] ACPI: Added _OSI(Processor Aggregator Device)
[    0.467813] ACPI: 1 ACPI AML tables successfully acquired and loaded
[    0.475461] ACPI: \_SB_: platform _OSC: OS support mask [002a7eee]
[    0.478166] ACPI: Interpreter enabled
[    0.478477] ACPI: PM: (supports S0 S3 S4 S5)
[    0.479414] ACPI: Using IOAPIC for interrupt routing
[    0.480456] PCI: Using host bridge windows from ACPI; if necessary, use "pci=nocrs" and report a bug
[    0.482400] PCI: Using E820 reservations for host bridge windows
[    0.484791] ACPI: Enabled 2 GPEs in block 00 to 0F
[    0.498007] ACPI: PCI Root Bridge [PCI0] (domain 0000 [bus 00-ff])
[    0.500249] PCI host bridge to bus 0000:00
[    0.501412] pci_bus 0000:00: root bus resource [io  0x0000-0x0cf7 window]
[    0.502400] pci_bus 0000:00: root bus resource [io  0x0d00-0xffff window]
[    0.504401] pci_bus 0000:00: root bus resource [mem 0x000a0000-0x000bffff window]
[    0.506401] pci_bus 0000:00: root bus resource [mem 0xc0000000-0xfebfffff window]
[    0.507400] pci_bus 0000:00: root bus resource [mem 0x380000000000-0x38007fffffff window]
[    0.509403] pci_bus 0000:00: root bus resource [bus 00-ff]
[    0.510871] pci 0000:00:00.0: [8086:1237] type 00 class 0x060000 conventional PCI endpoint
[    0.515082] pci 0000:00:01.0: [8086:7000] type 00 class 0x060100 conventional PCI endpoint
[    0.518002] pci 0000:00:01.1: [8086:7010] type 00 class 0x010180 conventional PCI endpoint
[    0.521482] pci 0000:00:01.1: BAR 4 [io  0xc1c0-0xc1cf]
[    0.522479] pci 0000:00:01.1: BAR 0 [io  0x01f0-0x01f7]: legacy IDE quirk
[    0.524401] pci 0000:00:01.1: BAR 1 [io  0x03f6]: legacy IDE quirk
[    0.526401] pci 0000:00:01.1: BAR 2 [io  0x0170-0x0177]: legacy IDE quirk
[    0.527400] pci 0000:00:01.1: BAR 3 [io  0x0376]: legacy IDE quirk
[    0.530184] pci 0000:00:01.3: [8086:7113] type 00 class 0x068000 conventional PCI endpoint
[    0.532195] pci 0000:00:01.3: quirk: [io  0x0600-0x063f] claimed by PIIX4 ACPI
[    0.534417] pci 0000:00:01.3: quirk: [io  0x0700-0x070f] claimed by PIIX4 SMB
[    0.536479] pci 0000:00:02.0: [1af4:1009] type 00 class 0x000200 conventional PCI endpoint
[    0.540419] pci 0000:00:02.0: BAR 0 [io  0xc000-0xc03f]
[    0.542418] pci 0000:00:02.0: BAR 1 [mem 0xfebf8000-0xfebf8fff]
[    0.543464] pci 0000:00:02.0: BAR 4 [mem 0x380000000000-0x380000003fff 64bit pref]
[    0.548715] pci 0000:00:03.0: [8086:25ab] type 00 class 0x088000 conventional PCI endpoint
[    0.551419] pci 0000:00:03.0: BAR 0 [mem 0xfebf9000-0xfebf900f]
[    0.555138] pci 0000:00:04.0: [1af4:1003] type 00 class 0x078000 conventional PCI endpoint
[    0.559422] pci 0000:00:04.0: BAR 0 [io  0xc040-0xc07f]
[    0.560417] pci 0000:00:04.0: BAR 1 [mem 0xfebfa000-0xfebfafff]
[    0.562466] pci 0000:00:04.0: BAR 4 [mem 0x380000004000-0x380000007fff 64bit pref]
[    0.566999] pci 0000:00:05.0: [1af4:1003] type 00 class 0x078000 conventional PCI endpoint
[    0.570804] pci 0000:00:05.0: BAR 0 [io  0xc080-0xc0bf]
[    0.571418] pci 0000:00:05.0: BAR 1 [mem 0xfebfb000-0xfebfbfff]
[    0.573464] pci 0000:00:05.0: BAR 4 [mem 0x380000008000-0x38000000bfff 64bit pref]
[    0.578442] pci 0000:00:06.0: [1af4:1003] type 00 class 0x078000 conventional PCI endpoint
[    0.581419] pci 0000:00:06.0: BAR 0 [io  0xc0c0-0xc0ff]
[    0.583419] pci 0000:00:06.0: BAR 1 [mem 0xfebfc000-0xfebfcfff]
[    0.584469] pci 0000:00:06.0: BAR 4 [mem 0x38000000c000-0x38000000ffff 64bit pref]
[    0.589947] pci 0000:00:07.0: [1af4:1003] type 00 class 0x078000 conventional PCI endpoint
[    0.593419] pci 0000:00:07.0: BAR 0 [io  0xc100-0xc13f]
[    0.594416] pci 0000:00:07.0: BAR 1 [mem 0xfebfd000-0xfebfdfff]
[    0.595466] pci 0000:00:07.0: BAR 4 [mem 0x380000010000-0x380000013fff 64bit pref]
[    0.600939] pci 0000:00:08.0: [1af4:1003] type 00 class 0x078000 conventional PCI endpoint
[    0.604418] pci 0000:00:08.0: BAR 0 [io  0xc140-0xc17f]
[    0.605416] pci 0000:00:08.0: BAR 1 [mem 0xfebfe000-0xfebfefff]
[    0.607466] pci 0000:00:08.0: BAR 4 [mem 0x380000014000-0x380000017fff 64bit pref]
[    0.612044] pci 0000:00:09.0: [1af4:1003] type 00 class 0x078000 conventional PCI endpoint
[    0.615418] pci 0000:00:09.0: BAR 0 [io  0xc180-0xc1bf]
[    0.617724] pci 0000:00:09.0: BAR 1 [mem 0xfebff000-0xfebfffff]
[    0.618467] pci 0000:00:09.0: BAR 4 [mem 0x380000018000-0x38000001bfff 64bit pref]
[    0.629453] ACPI: PCI: Interrupt link LNKA configured for IRQ 10
[    0.631681] ACPI: PCI: Interrupt link LNKB configured for IRQ 10
[    0.632674] ACPI: PCI: Interrupt link LNKC configured for IRQ 11
[    0.634671] ACPI: PCI: Interrupt link LNKD configured for IRQ 11
[    0.635542] ACPI: PCI: Interrupt link LNKS configured for IRQ 9
[    0.638846] iommu: Default domain type: Translated
[    0.640401] iommu: DMA domain TLB invalidation policy: lazy mode
[    0.641883] SCSI subsystem initialized
[    0.643481] libata version 3.00 loaded.
[    0.644542] ACPI: bus type USB registered
[    0.645530] usbcore: registered new interface driver usbfs
[    0.646467] usbcore: registered new interface driver hub
[    0.648440] usbcore: registered new device driver usb
[    0.649538] pps_core: LinuxPPS API ver. 1 registered
[    0.650399] pps_core: Software ver. 5.3.6 - Copyright 2005-2007 Rodolfo Giometti <giometti@linux.it>
[    0.652413] PTP clock support registered
[    0.653769] Advanced Linux Sound Architecture Driver Initialized.
[    0.656584] NetLabel: Initializing
[    0.657399] NetLabel:  domain hash size = 128
[    0.658399] NetLabel:  protocols = UNLABELED CIPSOv4 CALIPSO
[    0.659449] NetLabel:  unlabeled traffic allowed by default
[    0.661663] PCI: Using ACPI for IRQ routing
[    0.662401] PCI: pci_cache_line_size set to 64 bytes
[    0.664877] e820: register RAM buffer resource [mem 0x0009fc00-0x0009ffff]
[    0.666401] e820: register RAM buffer resource [mem 0xbffe0000-0xbfffffff]
[    0.667532] vgaarb: loaded
[    0.668465] hpet0: at MMIO 0xfed00000, IRQs 2, 8, 0
[    0.669399] hpet0: 3 comparators, 64-bit 100.000000 MHz counter
[    0.674732] clocksource: Switched to clocksource kvm-clock
[    0.678501] VFS: Disk quotas dquot_6.6.0
[    0.679670] VFS: Dquot-cache hash table entries: 512 (4096 bytes)
[    0.681946] pnp: PnP ACPI init
[    0.683202] pnp 00:02: [dma 2]
[    0.684931] pnp: PnP ACPI: found 4 devices
[    0.704432] clocksource: acpi_pm: mask: 0xffffff max_cycles: 0xffffff, max_idle_ns: 2085701024 ns
[    0.706694] NET: Registered PF_INET protocol family
[    0.708099] IP idents hash table entries: 65536 (order: 7, 524288 bytes, linear)
[    0.711285] tcp_listen_portaddr_hash hash table entries: 2048 (order: 6, 147456 bytes, linear)
[    0.713822] Table-perturb hash table entries: 65536 (order: 6, 262144 bytes, linear)
[    0.715723] TCP established hash table entries: 32768 (order: 6, 262144 bytes, linear)
[    0.717637] TCP bind hash table entries: 32768 (order: 11, 4718592 bytes, vmalloc hugepage)
[    0.723564] TCP: Hash tables configured (established 32768 bind 32768)
[    0.725550] MPTCP token hash table entries: 4096 (order: 7, 360448 bytes, linear)
[    0.727591] UDP hash table entries: 2048 (order: 7, 524288 bytes, linear)
[    0.727709] Callback from call_rcu_tasks() invoked.
[    0.729618] NET: Registered PF_UNIX/PF_LOCAL protocol family
[    0.732920] RPC: Registered named UNIX socket transport module.
[    0.734425] RPC: Registered udp transport module.
[    0.735573] RPC: Registered tcp transport module.
[    0.736706] RPC: Registered tcp-with-tls transport module.
[    0.738020] RPC: Registered tcp NFSv4.1 backchannel transport module.
[    0.740486] NET: Registered PF_XDP protocol family
[    0.741677] pci_bus 0000:00: resource 4 [io  0x0000-0x0cf7 window]
[    0.743156] pci_bus 0000:00: resource 5 [io  0x0d00-0xffff window]
[    0.744668] pci_bus 0000:00: resource 6 [mem 0x000a0000-0x000bffff window]
[    0.746509] pci_bus 0000:00: resource 7 [mem 0xc0000000-0xfebfffff window]
[    0.748144] pci_bus 0000:00: resource 8 [mem 0x380000000000-0x38007fffffff window]
[    0.750115] pci 0000:00:01.0: PIIX3: Enabling Passive Release
[    0.751549] pci 0000:00:00.0: Limiting direct PCI/PCI transfers
[    0.753323] PCI: CLS 0 bytes, default 64
[    0.754499] PCI-DMA: Using software bounce buffering for IO (SWIOTLB)
[    0.756123] software IO TLB: mapped [mem 0x00000000bbfe0000-0x00000000bffe0000] (64MB)
[    0.758603] clocksource: tsc: mask: 0xffffffffffffffff max_cycles: 0x310274de655, max_idle_ns: 440795359465 ns
[    0.766826] Initialise system trusted keyrings
[    0.768281] workingset: timestamp_bits=40 (anon: 35) max_order=20 bucket_order=0 (anon: 0)
[    0.771057] squashfs: version 4.0 (2009/01/31) Phillip Lougher
[    0.773685] NFS: Registering the id_resolver key type
[    0.774958] Key type id_resolver registered
[    0.776066] Key type id_legacy registered
[    0.777123] nfs4filelayout_init: NFSv4 File Layout Driver Registering...
[    0.778779] nfs4flexfilelayout_init: NFSv4 Flexfile Layout Driver Registering...
[    0.780906] fuse: init (API version 7.45)
[    0.782226] 9p: Installing v9fs 9p2000 file system support
[    0.785753] NET: Registered PF_ALG protocol family
[    0.787051] Key type asymmetric registered
[    0.788174] Asymmetric key parser 'x509' registered
[    0.789530] Block layer SCSI generic (bsg) driver version 0.4 loaded (major 248)
[    0.791972] io scheduler mq-deadline registered
[    0.793139] io scheduler kyber registered
[    0.795830] input: Power Button as /devices/platform/LNXPWRBN:00/input/input0
[    0.798807] ACPI: button: Power Button [PWRF]
[    0.936898] ACPI: \_SB_.LNKB: Enabled at IRQ 10
[    1.073782] ACPI: \_SB_.LNKD: Enabled at IRQ 11
[    1.274401] ACPI: \_SB_.LNKA: Enabled at IRQ 10
[    1.295127] kwatchdog (73) used greatest stack depth: 14776 bytes left
[    1.558947] ACPI: \_SB_.LNKC: Enabled at IRQ 11
[    1.839203] Serial: 8250/16550 driver, 4 ports, IRQ sharing enabled
[    1.842011] 00:03: ttyS0 at I/O 0x3f8 (irq = 4, base_baud = 115200) is a 16550A
[    2.003460] Non-volatile memory driver v1.3
[    2.005438] ACPI: bus type drm_connector registered
[    2.024101] brd: module loaded
[    2.035991] loop: module loaded
[    2.041440] scsi host0: ata_piix
[    2.043158] scsi host1: ata_piix
[    2.044403] ata1: PATA max MWDMA2 cmd 0x1f0 ctl 0x3f6 bmdma 0xc1c0 irq 14 lpm-pol 0
[    2.046508] ata2: PATA max MWDMA2 cmd 0x170 ctl 0x376 bmdma 0xc1c8 irq 15 lpm-pol 0
[    2.052762] tun: Universal TUN/TAP device driver, 1.6
[    2.054450] e100: Intel(R) PRO/100 Network Driver
[    2.055638] e100: Copyright(c) 1999-2006 Intel Corporation
[    2.057077] e1000: Intel(R) PRO/1000 Network Driver
[    2.058241] e1000: Copyright (c) 1999-2006 Intel Corporation.
[    2.059750] e1000e: Intel(R) PRO/1000 Network Driver
[    2.060965] e1000e: Copyright(c) 1999 - 2015 Intel Corporation.
[    2.062462] sky2: driver version 1.30
[    2.064897] usbcore: registered new interface driver usblp
[    2.066492] usbcore: registered new interface driver usb-storage
[    2.068101] i8042: PNP: PS/2 Controller [PNP0303:KBD,PNP0f13:MOU] at 0x60,0x64 irq 1,12
[    2.071762] serio: i8042 KBD port at 0x60,0x64 irq 1
[    2.073584] serio: i8042 AUX port at 0x60,0x64 irq 12
[    2.075779] rtc_cmos PNP0B00:00: RTC can wake from S4
[    2.077922] input: AT Translated Set 2 keyboard as /devices/platform/i8042/serio0/input/input1
[    2.082731] rtc_cmos PNP0B00:00: registered as rtc0
[    2.084509] rtc_cmos PNP0B00:00: alarms up to one day, y3k, 242 bytes nvram, hpet irqs
[    2.088234] Registered IR keymap rc-empty
[    2.089952] rc rc0: rc-core loopback device as /devices/virtual/rc/rc0
[    2.092816] rc rc0: lirc_dev: driver rc-loopback registered at minor = 0, raw IR receiver, raw IR transmitter
[    2.095663] input: rc-core loopback device as /devices/virtual/rc/rc0/input4
[    2.098536] intel_powerclamp: CPU does not support MWAIT
[    2.099940] device-mapper: core: CONFIG_IMA_DISABLE_HTABLE is disabled. Duplicate IMA measurements will not be recorded in the IMA log.
[    2.103251] device-mapper: ioctl: 4.50.0-ioctl (2025-04-28) initialised: dm-devel@lists.linux.dev
[    2.106214] hid: raw HID events driver (C) Jiri Kosina
[    2.109268] usbcore: registered new interface driver usbhid
[    2.110748] usbhid: USB HID core driver
[    2.113068] GACT probability NOT on
[    2.114038] Mirror/redirect action on
[    2.115767] nf_conntrack_irc: The irc conntrack helper is scheduled for removal.
[    2.115767] Please contact the netfilter-devel mailing list if you still need this.
[    2.120181] ipip: IPv4 and MPLS over IPv4 tunneling driver
[    2.123795] gre: GRE over IPv4 demultiplexer driver
[    2.125061] ip_gre: GRE over IPv4 tunneling driver
[    2.128870] Initializing XFRM netlink socket
[    2.129989] IPsec XFRM device driver
[    2.131038] NET: Registered PF_INET6 protocol family
[    2.133933] Segment Routing with IPv6
[    2.135029] In-situ OAM (IOAM) with IPv6
[    2.136131] mip6: Mobile IPv6
[    2.136936] sit: IPv6, IPv4 and MPLS over IPv4 tunneling driver
[    2.139995] ip6_gre: GRE over IPv6 tunneling driver
[    2.142117] NET: Registered PF_PACKET protocol family
[    2.143515] RPC: Registered rdma transport module.
[    2.144795] RPC: Registered rdma backchannel transport module.
[    2.146737] 8021q: 802.1Q VLAN Support v1.8
[    2.148508] smc: adding smcd device lo without pnetid
[    2.150150] NET: Registered PF_SMC protocol family
[    2.151851] 9pnet: Installing 9P2000 support
[    2.155030] Key type dns_resolver registered
[    2.156566] NET: Registered PF_VSOCK protocol family
[    2.157984] mpls_gso: MPLS GSO support
[    2.161274] IPI shorthand broadcast: enabled
[    2.207059] ata2: found unknown device (class 0)
[    2.209656] ata2.00: ATAPI: QEMU DVD-ROM, 2.5+, max UDMA/100
[    2.210357] sched_clock: Marking stable (2181017948, 29288132)->(2267700852, -57394772)
[    2.215414] scsi 1:0:0:0: CD-ROM            QEMU     QEMU DVD-ROM     2.5+ PQ: 0 ANSI: 5
[    2.217465] registered taskstats version 1
[    2.236653] sr 1:0:0:0: [sr0] scsi3-mmc drive: 4x/4x cd/rw xa/form2 tray
[    2.237195] Loading compiled-in X.509 certificates
[    2.240515] kworker/u16:1 (92) used greatest stack depth: 14184 bytes left
[    2.241674] Loaded X.509 cert 'Build time autogenerated kernel key: c4531344b9a9c1a4731230d977a262ba29ba5272'
[    2.242370] kworker/u16:1 (93) used greatest stack depth: 13944 bytes left
[    2.258963] cdrom: Uniform CD-ROM driver Revision: 3.20
[    2.276092] sr 1:0:0:0: Attached scsi CD-ROM sr0
[    2.278899] sr 1:0:0:0: Attached scsi generic sg0 type 5
[    2.285951] Demotion targets for Node 0: null
[    2.287718] ima: No TPM chip found, activating TPM-bypass!
[    2.289207] ima: Allocated hash algorithm: sha1
[    2.290548] ima: No architecture policies found
[    2.292851] PM:   Magic number: 10:89:946
[    2.293953] cpuid cpu1: hash matches
[    2.295188] tty tty3: hash matches
[    2.296368] processor cpu1: hash matches
[    2.297756] netconsole: network logging started
[    2.300665] cfg80211: Loading compiled-in X.509 certificates for regulatory database
[    2.303736] Loaded X.509 cert 'sforshee: 00b28ddf47aef9cea7'
[    2.305461] Loaded X.509 cert 'wens: 61c038651aabdcf94bd0ac7ff06c7248db18c600'
[    2.307640] faux_driver regulatory: Direct firmware load for regulatory.db failed with error -2
[    2.310062] ALSA device list:
[    2.310981]   No soundcards found.
[    2.312481] cfg80211: failed to load regulatory.db
[    2.505176] input: ImExPS/2 Generic Explorer Mouse as /devices/platform/i8042/serio1/input/input3
[    2.507360] md: Skipping autodetection of RAID arrays. (raid=autodetect will force)
[    2.508734] 9p: Bad value for 'source'
[    2.509472] 9pnet: Limiting 'msize' to 512000 as this is the maximum supported by transport virtio
[    2.513216] VFS: Mounted root (9p filesystem) on device 0:24.
[    2.515074] devtmpfs: mounted
[    2.515817] VFS: Pivoted into new rootfs
[    2.520827] Freeing unused kernel image (initmem) memory: 4688K
[    2.521818] Write protecting the kernel read-only data: 45056k
[    2.523740] Freeing unused kernel image (text/rodata gap) memory: 840K
[    2.524955] Freeing unused kernel image (rodata/data gap) memory: 128K
[    2.570685] x86/mm: Checked W+X mappings: passed, no W+X pages found.
[    2.571832] Run /home/prozak/.local/share/vng-venv/lib/python3.12/site-packages/virtme/guest/bin/virtme-ng-init as init process
[    2.573573]   with arguments:
[    2.574048]     /home/prozak/.local/share/vng-venv/lib/python3.12/site-packages/virtme/guest/bin/virtme-ng-init
[    2.575577]   with environment:
[    2.576197]     HOME=/
[    2.576605]     TERM=linux
[    2.577035]     virtme_hostname=virtme-ng
[    2.577702]     nr_open=1048576
[    2.578200]     virtme_link_mods=/home/prozak/sources/heimdall_experiment/uml-harness/.build/bpf-next-x86/.virtme_mods/lib/modules/0.0.0
[    2.580073]     virtme_rw_overlay0=/tmp
[    2.580681]     virtme_console=ttyS0
[    2.581252]     virtme_chdir=home/prozak/sources/heimdall_experiment/uml-harness/.build/selftests-output-qemu-lane2
[    2.684838] virtme-ng-init: mount devtmpfs -> /dev: EBUSY: Device or resource busy
[    2.687086] virtme-ng-init: Setting hostname to virtme-ng...
[    2.734253] virtme-ng-init: running systemd-tmpfiles
[    4.294468] clocksource: Watchdog remote CPU 3 read timed out
[    4.706771] systemd-tmpfile (99) used greatest stack depth: 12520 bytes left
[    4.707077] virtme-ng-init: basic initialization done
[    4.803428] virtme-ng-init: error creating file: Permission denied (os error 13)
[    5.661798] ip (105) used greatest stack depth: 11832 bytes left
[    5.828634] virtme-ng-init: Starting systemd-udevd version 255.4-1ubuntu8.17
[    5.833477] virtme-ng-init: triggering udev coldplug
[    9.527058] virtme-ng-init: waiting for udev to settle
[   10.512989] virtme-ng-init: udev is done
[   10.518894] virtme-ng-init: starting script
[   10.857556] bpf_testmod: loading out-of-tree module taints kernel.
[   10.858695] bpf_testmod: module verification failed: signature and/or required key missing - tainting kernel
[   11.199114] smc: removing smcd device lo
[   11.279031] ACPI: PM: Preparing to enter system sleep state S5
[   11.280949] reboot: Power down
