serial_test_snprintf_btf:PASS:skel_open 0 nsec
serial_test_snprintf_btf:PASS:skel_load 0 nsec
serial_test_snprintf_btf:PASS:skel_attach 0 nsec
serial_test_snprintf_btf:PASS:system 0 nsec
serial_test_snprintf_btf:FAIL:bpf_snprintf_ret unexpected bpf_snprintf_ret: actual -34 <= expected 0
#442     snprintf_btf:FAIL

All error logs:
serial_test_snprintf_btf:PASS:skel_open 0 nsec
serial_test_snprintf_btf:PASS:skel_load 0 nsec
serial_test_snprintf_btf:PASS:skel_attach 0 nsec
serial_test_snprintf_btf:PASS:system 0 nsec
serial_test_snprintf_btf:FAIL:bpf_snprintf_ret unexpected bpf_snprintf_ret: actual -34 <= expected 0
#442     snprintf_btf:FAIL
Summary: 0/0 PASSED, 0 SKIPPED, 1/0 FAILED
PREEMPT_DYNAMIC Sat Sep  5 08:44:19 PDT 2026
[    0.000000] Command line: virtme_hostname=virtme-ng nr_open=1048576 virtme_link_mods=/home/prozak/sources/heimdall_experiment/uml-harness/.build/bpf-next-x86/.virtme_mods/lib/modules/0.0.0 virtme_rw_overlay0=/tmp virtme_console=ttyS0 console=ttyS0 earlyprintk=serial,ttyS0,115200 panic=-1 virtme.exec=`bW91bnQgLXQgYnBmIGJwZmZzIC9zeXMvZnMvYnBmIDI+L2Rldi9udWxsOyAuL3Rlc3RfcHJvZ3MgLXQgJ3NucHJpbnRmX2J0Zic=` virtme_chdir=home/prozak/sources/heimdall_experiment/uml-harness/.build/selftests-output-qemu-lane2 rootfstype=9p rootflags=version=9p2000.L,trans=virtio,access=any,msize=524288 raid=noautodetect rw debug init=/home/prozak/.local/share/vng-venv/lib/python3.12/site-packages/virtme/guest/bin/virtme-ng-init
[    0.000000] x86 CPU feature dependency check failure: CPU0 has '18*32+31' enabled but '18*32+26' disabled. Kernel might be fine, but no guarantees.
[    0.000000] BIOS-provided physical RAM map:
[    0.000000] BIOS-e820: [mem 0x0000000000000000-0x000000000009fbff]  System RAM
[    0.000000] BIOS-e820: [mem 0x000000000009fc00-0x000000000009ffff]  device reserved
[    0.000000] BIOS-e820: [gap 0x00000000000a0000-0x00000000000effff]
[    0.000000] BIOS-e820: [mem 0x00000000000f0000-0x00000000000fffff]  device reserved
[    0.000000] BIOS-e820: [mem 0x0000000000100000-0x00000000bffdffff]  System RAM
[    0.000000] BIOS-e820: [mem 0x00000000bffe0000-0x00000000bfffffff]  device reserved
[    0.000000] BIOS-e820: [gap 0x00000000c0000000-0x00000000feffbfff]
[    0.000000] BIOS-e820: [mem 0x00000000feffc000-0x00000000feffffff]  device reserved
[    0.000000] BIOS-e820: [gap 0x00000000ff000000-0x00000000fffbffff]
[    0.000000] BIOS-e820: [mem 0x00000000fffc0000-0x00000000ffffffff]  device reserved
[    0.000000] BIOS-e820: [mem 0x0000000100000000-0x000000013fffffff]  System RAM
[    0.000000] BIOS-e820: [gap 0x0000000140000000-0x000000fcffffffff]
[    0.000000] BIOS-e820: [mem 0x000000fd00000000-0x000000ffffffffff]  device reserved
[    0.000000] printk: legacy bootconsole [earlyser0] enabled
[    0.000000] NX (Execute Disable) protection: active
[    0.000000] APIC: Static calls initialized
[    0.000000] DMI: SMBIOS 3.0.0 present.
[    0.000000] DMI: QEMU Ubuntu 24.04 PC v2 (i440FX + PIIX, arch_caps fix, 1996), BIOS 1.16.3-debian-1.16.3-2 04/01/2014
[    0.000000] DMI: Memory slots populated: 1/1
[    0.000000] Hypervisor detected: KVM
[    0.000000] last_pfn = 0xbffe0 max_arch_pfn = 0x400000000
[    0.000000] kvm-clock: Using msrs 4b564d01 and 4b564d00
[    0.000002] kvm-clock: using sched offset of 352909625 cycles
[    0.001040] clocksource: kvm-clock: mask: 0xffffffffffffffff max_cycles: 0x1cd42e4dffb, max_idle_ns: 881590591483 ns
[    0.004292] tsc: Detected 3400.040 MHz processor
[    0.005573] e820: update [mem 0x00000000-0x00000fff] System RAM ==> device reserved
[    0.007131] e820: remove [mem 0x000a0000-0x000fffff] System RAM
[    0.008401] last_pfn = 0x140000 max_arch_pfn = 0x400000000
[    0.009613] MTRR map: 4 entries (3 fixed + 1 variable; max 19), built from 8 variable MTRRs
[    0.011308] x86/PAT: Configuration [0-7]: WB  WC  UC- UC  WB  WP  UC- WT  
Memory KASLR using RDRAND RDTSC...
[    0.013436] last_pfn = 0xbffe0 max_arch_pfn = 0x400000000
[    0.015926] found SMP MP-table at [mem 0x000f5450-0x000f545f]
[    0.017087] Using GB pages for direct mapping
[    0.019076] ACPI: Early table checksum verification disabled
[    0.020181] ACPI: RSDP 0x00000000000F5240 000014 (v00 BOCHS )
[    0.021345] ACPI: RSDT 0x00000000BFFE1D9D 000034 (v01 BOCHS  BXPC     00000001 BXPC 00000001)
[    0.023064] ACPI: FACP 0x00000000BFFE1C39 000074 (v01 BOCHS  BXPC     00000001 BXPC 00000001)
[    0.024754] ACPI: DSDT 0x00000000BFFE0040 001BF9 (v01 BOCHS  BXPC     00000001 BXPC 00000001)
[    0.026479] ACPI: FACS 0x00000000BFFE0000 000040
[    0.027398] ACPI: APIC 0x00000000BFFE1CAD 000090 (v03 BOCHS  BXPC     00000001 BXPC 00000001)
[    0.029074] ACPI: HPET 0x00000000BFFE1D3D 000038 (v01 BOCHS  BXPC     00000001 BXPC 00000001)
[    0.030774] ACPI: WAET 0x00000000BFFE1D75 000028 (v01 BOCHS  BXPC     00000001 BXPC 00000001)
[    0.032438] ACPI: Reserving FACP table memory at [mem 0xbffe1c39-0xbffe1cac]
[    0.033838] ACPI: Reserving DSDT table memory at [mem 0xbffe0040-0xbffe1c38]
[    0.035236] ACPI: Reserving FACS table memory at [mem 0xbffe0000-0xbffe003f]
[    0.036657] ACPI: Reserving APIC table memory at [mem 0xbffe1cad-0xbffe1d3c]
[    0.038113] ACPI: Reserving HPET table memory at [mem 0xbffe1d3d-0xbffe1d74]
[    0.039573] ACPI: Reserving WAET table memory at [mem 0xbffe1d75-0xbffe1d9c]
[    0.041428] No NUMA configuration found
[    0.042232] Faking a node at [mem 0x0000000000000000-0x000000013fffffff]
[    0.043569] NODE_DATA(0) allocated [mem 0x13fff9c80-0x13fffdfff]
[    0.045618] ACPI: PM-Timer IO Port: 0x608
[    0.046497] ACPI: LAPIC_NMI (acpi_id[0xff] dfl dfl lint[0x1])
[    0.047677] IOAPIC[0]: apic_id 0, version 17, address 0xfec00000, GSI 0-23
[    0.049029] ACPI: INT_SRC_OVR (bus 0 bus_irq 0 global_irq 2 dfl dfl)
[    0.050337] ACPI: INT_SRC_OVR (bus 0 bus_irq 5 global_irq 5 high level)
[    0.051632] ACPI: INT_SRC_OVR (bus 0 bus_irq 9 global_irq 9 high level)
[    0.052951] ACPI: INT_SRC_OVR (bus 0 bus_irq 10 global_irq 10 high level)
[    0.054294] ACPI: INT_SRC_OVR (bus 0 bus_irq 11 global_irq 11 high level)
[    0.055672] ACPI: Using ACPI (MADT) for SMP configuration information
[    0.056956] ACPI: HPET id: 0x8086a201 base: 0xfed00000
[    0.058007] TSC deadline timer available
[    0.058788] CPU topo: Max. logical packages:   1
[    0.059672] CPU topo: Max. logical nodes:      1
[    0.060576] CPU topo: Num. nodes per package:  1
[    0.061478] CPU topo: Max. logical dies:       1
[    0.062381] CPU topo: Max. dies per package:   1
[    0.063289] CPU topo: Max. threads per core:   1
[    0.064175] CPU topo: Num. cores per package:     4
[    0.065134] CPU topo: Num. threads per package:   4
[    0.066142] CPU topo: Allowing 4 present CPUs plus 0 hotplug CPUs
[    0.067365] kvm-guest: APIC: eoi() replaced with kvm_guest_apic_eoi_write()
[    0.068754] kvm-guest: KVM setup pv remote TLB flush
[    0.069780] kvm-guest: setup PV sched yield
[    0.070636] PM: hibernation: Registered nosave memory: [mem 0x00000000-0x00000fff]
[    0.072085] PM: hibernation: Registered nosave memory: [mem 0x0009f000-0x000fffff]
[    0.073560] PM: hibernation: Registered nosave memory: [mem 0xbffe0000-0xffffffff]
[    0.075096] [gap 0xc0000000-0xfeffbfff] available for PCI devices
[    0.076266] Booting paravirtualized kernel on KVM
[    0.077194] clocksource: refined-jiffies: mask: 0xffffffff max_cycles: 0xffffffff, max_idle_ns: 1910969940391419 ns
[    0.084298] Zone ranges:
[    0.084842]   DMA      [mem 0x0000000000001000-0x0000000000ffffff]
[    0.086068]   DMA32    [mem 0x0000000001000000-0x00000000ffffffff]
[    0.087280]   Normal   [mem 0x0000000100000000-0x000000013fffffff]
[    0.088469] Movable zone start for each node
[    0.089328] Early memory node ranges
[    0.090048]   node   0: [mem 0x0000000000001000-0x000000000009efff]
[    0.091307]   node   0: [mem 0x0000000000100000-0x00000000bffdffff]
[    0.092528]   node   0: [mem 0x0000000100000000-0x000000013fffffff]
[    0.093754] Initmem setup node 0 [mem 0x0000000000001000-0x000000013fffffff]
[    0.096186] On node 0, zone DMA: 1 pages in unavailable ranges
[    0.097351] On node 0, zone DMA: 97 pages in unavailable ranges
[    0.130123] On node 0, zone Normal: 32 pages in unavailable ranges
[    0.131374] setup_percpu: NR_CPUS:128 nr_cpumask_bits:4 nr_cpu_ids:4 nr_node_ids:1
[    0.133968] percpu: Embedded 58 pages/cpu s200144 r8192 d29232 u524288
[    0.135242] pcpu-alloc: s200144 r8192 d29232 u524288 alloc=1*2097152
[    0.136501] pcpu-alloc: [0] 0 1 2 3 
[    0.137235] Kernel command line: virtme_hostname=virtme-ng nr_open=1048576 virtme_link_mods=/home/prozak/sources/heimdall_experiment/uml-harness/.build/bpf-next-x86/.virtme_mods/lib/modules/0.0.0 virtme_rw_overlay0=/tmp virtme_console=ttyS0 console=ttyS0 earlyprintk=serial,ttyS0,115200 panic=-1 virtme.exec=`bW91bnQgLXQgYnBmIGJwZmZzIC9zeXMvZnMvYnBmIDI+L2Rldi9udWxsOyAuL3Rlc3RfcHJvZ3MgLXQgJ3NucHJpbnRmX2J0Zic=` virtme_chdir=home/prozak/sources/heimdall_experiment/uml-harness/.build/selftests-output-qemu-lane2 rootfstype=9p rootflags=version=9p2000.L,trans=virtio,access=any,msize=524288 raid=noautodetect rw debug init=/home/prozak/.local/share/vng-venv/lib/python3.12/site-packages/virtme/guest/bin/virtme-ng-init
[    0.150131] Unknown kernel command line parameters "virtme_hostname=virtme-ng nr_open=1048576 virtme_link_mods=/home/prozak/sources/heimdall_experiment/uml-harness/.build/bpf-next-x86/.virtme_mods/lib/modules/0.0.0 virtme_rw_overlay0=/tmp virtme_console=ttyS0 virtme_chdir=home/prozak/sources/heimdall_experiment/uml-harness/.build/selftests-output-qemu-lane2", will be passed to user space.
[    0.156972] random: crng init done
[    0.157700] printk: log buffer data + meta data: 2097152 + 7340032 = 9437184 bytes
[    0.161874] Dentry cache hash table entries: 524288 (order: 10, 4194304 bytes, linear)
[    0.164573] Inode-cache hash table entries: 262144 (order: 9, 2097152 bytes, linear)
[    0.166254] software IO TLB: area num 4.
[    0.195936] Fallback order for Node 0: 0 
[    0.195943] Built 1 zonelists, mobility grouping on.  Total pages: 1048446
[    0.198199] Policy zone: Normal
[    0.198813] mem auto-init: stack:all(zero), heap alloc:off, heap free:off
[    0.206379] SLUB: HWalign=64, Order=0-3, MinObjects=0, CPUs=4, Nodes=1
Poking KASLR using RDRAND RDTSC...
[    0.221388] ftrace: allocating 70083 entries in 276 pages
[    0.222561] ftrace: allocated 276 pages with 3 groups
[    0.223665] Dynamic Preempt: full
[    0.224823] Running RCU self tests
[    0.225543] Running RCU synchronous self tests
[    0.226555] rcu: Preemptible hierarchical RCU implementation.
[    0.227766] rcu: 	RCU event tracing is enabled.
[    0.228648] rcu: 	RCU lockdep checking is enabled.
[    0.229603] rcu: 	RCU restricting CPUs from NR_CPUS=128 to nr_cpu_ids=4.
[    0.231081] 	Trampoline variant of Tasks RCU enabled.
[    0.232100] 	Rude variant of Tasks RCU enabled.
[    0.232981] 	Tracing variant of Tasks RCU enabled.
[    0.234065] rcu: RCU calculated value of scheduler-enlistment delay is 100 jiffies.
[    0.235604] rcu: Adjusting geometry for rcu_fanout_leaf=16, nr_cpu_ids=4
[    0.237736] Running RCU synchronous self tests
[    0.238644] RCU Tasks: Setting shift to 2 and lim to 1 rcu_task_cb_adjust=1 rcu_task_cpu_ids=4.
[    0.240405] RCU Tasks Rude: Setting shift to 2 and lim to 1 rcu_task_cb_adjust=1 rcu_task_cpu_ids=4.
[    0.251654] NR_IRQS: 8448, nr_irqs: 456, preallocated irqs: 16
[    0.253158] rcu: srcu_init: Setting srcu_struct sizes based on contention.
[    0.254627] clocksource: jiffies: mask: 0xffffffff max_cycles: 0xffffffff, max_idle_ns: 1911260446275000 ns
[    0.256861] Console: colour *CGA 80x25
[    0.257753] printk: legacy console [ttyS0] enabled
[    0.257753] printk: legacy console [ttyS0] enabled
[    0.259690] printk: legacy bootconsole [earlyser0] disabled
[    0.259690] printk: legacy bootconsole [earlyser0] disabled
[    0.261992] Lock dependency validator: Copyright (c) 2006 Red Hat, Inc., Ingo Molnar
[    0.263598] ... MAX_LOCKDEP_SUBCLASSES:  8
[    0.264433] ... MAX_LOCK_DEPTH:          48
[    0.265355] ... MAX_LOCKDEP_KEYS:        8192
[    0.266303] ... CLASSHASH_SIZE:          4096
[    0.267260] ... MAX_LOCKDEP_ENTRIES:     32768
[    0.268222] ... MAX_LOCKDEP_CHAINS:      65536
[    0.269116] ... CHAINHASH_SIZE:          32768
[    0.270103]  memory used by lock dependency info: 6429 kB
[    0.271208]  memory used for stack traces: 4224 kB
[    0.272197]  per task-struct memory footprint: 1920 bytes
[    0.273314] ACPI: Core revision 20260408
[    0.274436] clocksource: hpet: mask: 0xffffffff max_cycles: 0xffffffff, max_idle_ns: 19112604467 ns
[    0.276539] APIC: Switch to symmetric I/O mode setup
[    0.278149] x2apic enabled
[    0.279390] APIC: Switched APIC routing to: physical x2apic
[    0.280649] kvm-guest: APIC: send_IPI_mask() replaced with kvm_send_ipi_mask()
[    0.282219] kvm-guest: APIC: send_IPI_mask_allbutself() replaced with kvm_send_ipi_mask_allbutself()
[    0.284295] kvm-guest: setup PV IPIs
[    0.287684] ..TIMER: vector=0x30 apic1=0 pin1=2 apic2=-1 pin2=-1
[    0.289160] clocksource: tsc-early: mask: 0xffffffffffffffff max_cycles: 0x310274de655, max_idle_ns: 440795359465 ns
[    0.291455] Calibrating delay loop (skipped) preset value.. 6800.08 BogoMIPS (lpj=3400040)
[    0.293916] x86/cpu: User Mode Instruction Prevention (UMIP) activated
[    0.294754] Last level iTLB entries: 4KB 512, 2MB 255, 4MB 127
[    0.295450] Last level dTLB entries: 4KB 512, 2MB 255, 4MB 127, 1GB 0
[    0.296459] mitigations: Enabled attack vectors: user_kernel, user_user, SMT mitigations: auto
[    0.297451] Speculative Store Bypass: Mitigation: Speculative Store Bypass disabled via prctl
[    0.298451] Speculative Return Stack Overflow: IBPB-extending microcode not applied!
[    0.299451] Speculative Return Stack Overflow: WARNING: See https://kernel.org/doc/html/latest/admin-guide/hw-vuln/srso.html for mitigation options.
[    0.299452] Transient Scheduler Attacks: Vulnerable: No microcode
[    0.301450] Spectre V2 : Mitigation: Retpolines
[    0.302451] Speculative Return Stack Overflow: Vulnerable: Safe RET, no microcode
[    0.303451] Spectre V1 : Mitigation: usercopy/swapgs barriers and __user pointer sanitization
[    0.304451] Spectre V2 : Spectre v2 / SpectreRSB: Filling RSB on context switch and VMEXIT
[    0.305451] Spectre V2 : Enabling Restricted Speculation for firmware calls
[    0.306455] Spectre V2 : mitigation: Enabling conditional Indirect Branch Prediction Barrier
[    0.307452] active return thunk: srso_alias_return_thunk
[    0.309510] x86/fpu: Supporting XSAVE feature 0x001: 'x87 floating point registers'
[    0.310451] x86/fpu: Supporting XSAVE feature 0x002: 'SSE registers'
[    0.311450] x86/fpu: Supporting XSAVE feature 0x004: 'AVX registers'
[    0.312452] x86/fpu: xstate_offset[2]:  576, xstate_sizes[2]:  256
[    0.313450] x86/fpu: Enabled xstate features 0x7, context size is 832 bytes, using 'compacted' format.
[    0.354211] pid_max: default: 32768 minimum: 301
[    0.355624] SELinux:  Initializing.
[    0.357859] LSM support for eBPF active
[    0.358580] Mount-cache hash table entries: 8192 (order: 4, 65536 bytes, linear)
[    0.359461] Mountpoint-cache hash table entries: 8192 (order: 4, 65536 bytes, linear)
[    0.361450] VFS: Finished mounting rootfs on nullfs
[    0.364255] Running RCU synchronous self tests
[    0.364453] Running RCU synchronous self tests
[    0.365824] smpboot: CPU0: AMD Ryzen 9 5950X 16-Core Processor (family: 0x19, model: 0x21, stepping: 0x2)
[    0.367190] Performance Events: Fam17h+ core perfctr, AMD PMU driver.
[    0.367473] ... version:                   0
[    0.368457] ... bit width:                 48
[    0.369459] ... generic counters:          6
[    0.370459] ... generic bitmap:            000000000000003f
[    0.371458] ... fixed-purpose counters:    0
[    0.372459] ... fixed-purpose bitmap:      0000000000000000
[    0.373459] ... value mask:                0000ffffffffffff
[    0.374458] ... max period:                00007fffffffffff
[    0.375459] ... global_ctrl mask:          000000000000003f
[    0.376798] signal: max sigframe size: 1776
[    0.377606] rcu: Hierarchical SRCU implementation.
[    0.378459] rcu: 	Max phase no-delay instances is 400.
[    0.379654] Timer migration: 1 hierarchy levels; 8 children per group; 1 crossnode level
[    0.393871] smp: Bringing up secondary CPUs ...
[    0.395080] smpboot: x86: Booting SMP configuration:
[    0.395488] .... node  #0, CPUs:      #1 #2 #3
[    0.403499] smp: Brought up 1 node, 4 CPUs
[    0.405471] smpboot: Total of 4 processors activated (27200.32 BogoMIPS)
[    0.407926] Memory: 3966620K/4193784K available (25781K kernel code, 10327K rwdata, 18304K rodata, 4688K init, 13400K bss, 220948K reserved, 0K cma-reserved)
[    0.410457] devtmpfs: initialized
[    0.413894] Running RCU synchronous self tests
[    0.414484] Running RCU synchronous self tests
[    0.415519] Running RCU Tasks wait API self tests
[    0.416546] Running RCU Tasks Rude wait API self tests
[    0.417463] Running RCU Tasks Trace wait API self tests
[    0.418613] posixtimers hash table entries: 2048 (order: 6, 147456 bytes, linear)
[    0.419559] futex hash table entries: 1024 (131072 bytes on 1 NUMA nodes, total 128 KiB, linear).
[    0.421749] PM: RTC time: 17:55:50, date: 2026-09-05
[    0.423685] NET: Registered PF_NETLINK/PF_ROUTE protocol family
[    0.424498] Callback from call_rcu_tasks_trace() invoked.
[    0.426610] audit: initializing netlink subsys (disabled)
[    0.427507] audit: type=2000 audit(1788630950.843:1): state=initialized audit_enabled=0 res=1
[    0.444832] thermal_sys: Registered thermal governor 'step_wise'
[    0.444923] cpuidle: using governor ladder
[    0.446506] cpuidle: using governor menu
[    0.450042] PCI: Using configuration type 1 for base access
[    0.450460] PCI: Using configuration type 1 for extended access
[    0.451607] kprobes: kprobe jump-optimization is enabled. All kprobes are optimized if possible.
[    0.453506] HugeTLB: registered 1.00 GiB page size, pre-allocated 0 pages
[    0.454460] HugeTLB: 16380 KiB vmemmap can be freed for a 1.00 GiB page
[    0.455460] HugeTLB: registered 2.00 MiB page size, pre-allocated 0 pages
[    0.456477] HugeTLB: 28 KiB vmemmap can be freed for a 2.00 MiB page
[    0.461443] ACPI: Added _OSI(Module Device)
[    0.462459] ACPI: Added _OSI(Processor Device)
[    0.463459] ACPI: Added _OSI(Processor Aggregator Device)
[    0.467897] ACPI: 1 ACPI AML tables successfully acquired and loaded
[    0.473510] ACPI: \_SB_: platform _OSC: OS support mask [002a7eee]
[    0.475175] ACPI: Interpreter enabled
[    0.475529] ACPI: PM: (supports S0 S3 S4 S5)
[    0.476475] ACPI: Using IOAPIC for interrupt routing
[    0.477517] PCI: Using host bridge windows from ACPI; if necessary, use "pci=nocrs" and report a bug
[    0.478458] PCI: Using E820 reservations for host bridge windows
[    0.479833] ACPI: Enabled 2 GPEs in block 00 to 0F
[    0.494631] ACPI: PCI Root Bridge [PCI0] (domain 0000 [bus 00-ff])
[    0.496727] PCI host bridge to bus 0000:00
[    0.497483] pci_bus 0000:00: root bus resource [io  0x0000-0x0cf7 window]
[    0.498466] pci_bus 0000:00: root bus resource [io  0x0d00-0xffff window]
[    0.499481] pci_bus 0000:00: root bus resource [mem 0x000a0000-0x000bffff window]
[    0.500471] pci_bus 0000:00: root bus resource [mem 0xc0000000-0xfebfffff window]
[    0.501471] pci_bus 0000:00: root bus resource [mem 0x380000000000-0x38007fffffff window]
[    0.502477] pci_bus 0000:00: root bus resource [bus 00-ff]
[    0.504071] pci 0000:00:00.0: [8086:1237] type 00 class 0x060000 conventional PCI endpoint
[    0.506373] pci 0000:00:01.0: [8086:7000] type 00 class 0x060100 conventional PCI endpoint
[    0.508027] pci 0000:00:01.1: [8086:7010] type 00 class 0x010180 conventional PCI endpoint
[    0.509848] pci 0000:00:01.1: BAR 4 [io  0xc1c0-0xc1cf]
[    0.510547] pci 0000:00:01.1: BAR 0 [io  0x01f0-0x01f7]: legacy IDE quirk
[    0.511459] pci 0000:00:01.1: BAR 1 [io  0x03f6]: legacy IDE quirk
[    0.512466] pci 0000:00:01.1: BAR 2 [io  0x0170-0x0177]: legacy IDE quirk
[    0.513460] pci 0000:00:01.1: BAR 3 [io  0x0376]: legacy IDE quirk
[    0.515280] pci 0000:00:01.3: [8086:7113] type 00 class 0x068000 conventional PCI endpoint
[    0.516380] pci 0000:00:01.3: quirk: [io  0x0600-0x063f] claimed by PIIX4 ACPI
[    0.516486] pci 0000:00:01.3: quirk: [io  0x0700-0x070f] claimed by PIIX4 SMB
[    0.518732] pci 0000:00:02.0: [1af4:1009] type 00 class 0x000200 conventional PCI endpoint
[    0.521420] pci 0000:00:02.0: BAR 0 [io  0xc000-0xc03f]
[    0.521485] pci 0000:00:02.0: BAR 1 [mem 0xfebf8000-0xfebf8fff]
[    0.522531] pci 0000:00:02.0: BAR 4 [mem 0x380000000000-0x380000003fff 64bit pref]
[    0.526994] pci 0000:00:03.0: [8086:25ab] type 00 class 0x088000 conventional PCI endpoint
[    0.528476] pci 0000:00:03.0: BAR 0 [mem 0xfebf9000-0xfebf900f]
[    0.532426] pci 0000:00:04.0: [1af4:1003] type 00 class 0x078000 conventional PCI endpoint
[    0.534176] pci 0000:00:04.0: BAR 0 [io  0xc040-0xc07f]
[    0.534481] pci 0000:00:04.0: BAR 1 [mem 0xfebfa000-0xfebfafff]
[    0.535529] pci 0000:00:04.0: BAR 4 [mem 0x380000004000-0x380000007fff 64bit pref]
[    0.540127] pci 0000:00:05.0: [1af4:1003] type 00 class 0x078000 conventional PCI endpoint
[    0.542038] pci 0000:00:05.0: BAR 0 [io  0xc080-0xc0bf]
[    0.542480] pci 0000:00:05.0: BAR 1 [mem 0xfebfb000-0xfebfbfff]
[    0.543527] pci 0000:00:05.0: BAR 4 [mem 0x380000008000-0x38000000bfff 64bit pref]
[    0.548755] pci 0000:00:06.0: [1af4:1003] type 00 class 0x078000 conventional PCI endpoint
[    0.550905] pci 0000:00:06.0: BAR 0 [io  0xc0c0-0xc0ff]
[    0.551480] pci 0000:00:06.0: BAR 1 [mem 0xfebfc000-0xfebfcfff]
[    0.552529] pci 0000:00:06.0: BAR 4 [mem 0x38000000c000-0x38000000ffff 64bit pref]
[    0.557289] pci 0000:00:07.0: [1af4:1003] type 00 class 0x078000 conventional PCI endpoint
[    0.559491] pci 0000:00:07.0: BAR 0 [io  0xc100-0xc13f]
[    0.560495] pci 0000:00:07.0: BAR 1 [mem 0xfebfd000-0xfebfdfff]
[    0.561566] pci 0000:00:07.0: BAR 4 [mem 0x380000010000-0x380000013fff 64bit pref]
[    0.568084] pci 0000:00:08.0: [1af4:1003] type 00 class 0x078000 conventional PCI endpoint
[    0.570492] pci 0000:00:08.0: BAR 0 [io  0xc140-0xc17f]
[    0.571491] pci 0000:00:08.0: BAR 1 [mem 0xfebfe000-0xfebfefff]
[    0.572569] pci 0000:00:08.0: BAR 4 [mem 0x380000014000-0x380000017fff 64bit pref]
[    0.578097] pci 0000:00:09.0: [1af4:1003] type 00 class 0x078000 conventional PCI endpoint
[    0.579760] pci 0000:00:09.0: BAR 0 [io  0xc180-0xc1bf]
[    0.580481] pci 0000:00:09.0: BAR 1 [mem 0xfebff000-0xfebfffff]
[    0.581530] pci 0000:00:09.0: BAR 4 [mem 0x380000018000-0x38000001bfff 64bit pref]
[    0.592227] ACPI: PCI: Interrupt link LNKA configured for IRQ 10
[    0.592739] ACPI: PCI: Interrupt link LNKB configured for IRQ 10
[    0.593734] ACPI: PCI: Interrupt link LNKC configured for IRQ 11
[    0.594731] ACPI: PCI: Interrupt link LNKD configured for IRQ 11
[    0.595600] ACPI: PCI: Interrupt link LNKS configured for IRQ 9
[    0.597903] iommu: Default domain type: Translated
[    0.598461] iommu: DMA domain TLB invalidation policy: lazy mode
[    0.599906] SCSI subsystem initialized
[    0.600566] libata version 3.00 loaded.
[    0.601602] ACPI: bus type USB registered
[    0.602587] usbcore: registered new interface driver usbfs
[    0.603532] usbcore: registered new interface driver hub
[    0.604493] usbcore: registered new device driver usb
[    0.605601] pps_core: LinuxPPS API ver. 1 registered
[    0.606477] pps_core: Software ver. 5.3.6 - Copyright 2005-2007 Rodolfo Giometti <giometti@linux.it>
[    0.607478] PTP clock support registered
[    0.609146] Advanced Linux Sound Architecture Driver Initialized.
[    0.610888] NetLabel: Initializing
[    0.611463] NetLabel:  domain hash size = 128
[    0.612458] NetLabel:  protocols = UNLABELED CIPSOv4 CALIPSO
[    0.613514] NetLabel:  unlabeled traffic allowed by default
[    0.614707] PCI: Using ACPI for IRQ routing
[    0.615461] PCI: pci_cache_line_size set to 64 bytes
[    0.616912] e820: register RAM buffer resource [mem 0x0009fc00-0x0009ffff]
[    0.617461] e820: register RAM buffer resource [mem 0xbffe0000-0xbfffffff]
[    0.618662] vgaarb: loaded
[    0.619614] hpet0: at MMIO 0xfed00000, IRQs 2, 8, 0
[    0.620459] hpet0: 3 comparators, 64-bit 100.000000 MHz counter
[    0.624789] clocksource: Switched to clocksource kvm-clock
[    0.627093] Callback from call_rcu_tasks() invoked.
[    0.627110] VFS: Disk quotas dquot_6.6.0
[    0.629376] VFS: Dquot-cache hash table entries: 512 (4096 bytes)
[    0.631808] pnp: PnP ACPI init
[    0.633175] pnp 00:02: [dma 2]
[    0.634774] pnp: PnP ACPI: found 4 devices
[    0.652250] clocksource: acpi_pm: mask: 0xffffff max_cycles: 0xffffff, max_idle_ns: 2085701024 ns
[    0.654740] NET: Registered PF_INET protocol family
[    0.656514] IP idents hash table entries: 65536 (order: 7, 524288 bytes, linear)
[    0.659514] tcp_listen_portaddr_hash hash table entries: 2048 (order: 6, 147456 bytes, linear)
[    0.663360] Table-perturb hash table entries: 65536 (order: 6, 262144 bytes, linear)
[    0.665447] TCP established hash table entries: 32768 (order: 6, 262144 bytes, linear)
[    0.667512] TCP bind hash table entries: 32768 (order: 11, 4718592 bytes, vmalloc hugepage)
[    0.675554] TCP: Hash tables configured (established 32768 bind 32768)
[    0.677650] MPTCP token hash table entries: 4096 (order: 7, 360448 bytes, linear)
[    0.679758] UDP hash table entries: 2048 (order: 7, 524288 bytes, linear)
[    0.681918] NET: Registered PF_UNIX/PF_LOCAL protocol family
[    0.684296] RPC: Registered named UNIX socket transport module.
[    0.685944] RPC: Registered udp transport module.
[    0.687204] RPC: Registered tcp transport module.
[    0.688337] RPC: Registered tcp-with-tls transport module.
[    0.689770] RPC: Registered tcp NFSv4.1 backchannel transport module.
[    0.692296] NET: Registered PF_XDP protocol family
[    0.693754] pci_bus 0000:00: resource 4 [io  0x0000-0x0cf7 window]
[    0.695318] pci_bus 0000:00: resource 5 [io  0x0d00-0xffff window]
[    0.697031] pci_bus 0000:00: resource 6 [mem 0x000a0000-0x000bffff window]
[    0.698795] pci_bus 0000:00: resource 7 [mem 0xc0000000-0xfebfffff window]
[    0.700536] pci_bus 0000:00: resource 8 [mem 0x380000000000-0x38007fffffff window]
[    0.702691] pci 0000:00:01.0: PIIX3: Enabling Passive Release
[    0.704184] pci 0000:00:00.0: Limiting direct PCI/PCI transfers
[    0.705987] PCI: CLS 0 bytes, default 64
[    0.707170] PCI-DMA: Using software bounce buffering for IO (SWIOTLB)
[    0.708878] software IO TLB: mapped [mem 0x00000000bbfe0000-0x00000000bffe0000] (64MB)
[    0.711389] clocksource: tsc: mask: 0xffffffffffffffff max_cycles: 0x310274de655, max_idle_ns: 440795359465 ns
[    0.719326] Initialise system trusted keyrings
[    0.720984] workingset: timestamp_bits=40 (anon: 35) max_order=20 bucket_order=0 (anon: 0)
[    0.723980] squashfs: version 4.0 (2009/01/31) Phillip Lougher
[    0.726046] NFS: Registering the id_resolver key type
[    0.727419] Key type id_resolver registered
[    0.728642] Key type id_legacy registered
[    0.729696] nfs4filelayout_init: NFSv4 File Layout Driver Registering...
[    0.731487] nfs4flexfilelayout_init: NFSv4 Flexfile Layout Driver Registering...
[    0.733705] fuse: init (API version 7.45)
[    0.735076] 9p: Installing v9fs 9p2000 file system support
[    0.738160] NET: Registered PF_ALG protocol family
[    0.739555] Key type asymmetric registered
[    0.740756] Asymmetric key parser 'x509' registered
[    0.742114] Block layer SCSI generic (bsg) driver version 0.4 loaded (major 248)
[    0.744646] io scheduler mq-deadline registered
[    0.746098] io scheduler kyber registered
[    0.748401] input: Power Button as /devices/platform/LNXPWRBN:00/input/input0
[    0.750476] ACPI: button: Power Button [PWRF]
[    0.889038] ACPI: \_SB_.LNKB: Enabled at IRQ 10
[    1.027988] ACPI: \_SB_.LNKD: Enabled at IRQ 11
[    1.168348] ACPI: \_SB_.LNKA: Enabled at IRQ 10
[    1.299912] kwatchdog (74) used greatest stack depth: 14776 bytes left
[    1.455473] ACPI: \_SB_.LNKC: Enabled at IRQ 11
[    1.783356] Serial: 8250/16550 driver, 4 ports, IRQ sharing enabled
[    1.787507] 00:03: ttyS0 at I/O 0x3f8 (irq = 4, base_baud = 115200) is a 16550A
[    1.965640] Non-volatile memory driver v1.3
[    1.967588] ACPI: bus type drm_connector registered
[    1.986810] brd: module loaded
[    1.997634] loop: module loaded
[    2.003284] scsi host0: ata_piix
[    2.005135] scsi host1: ata_piix
[    2.006240] ata1: PATA max MWDMA2 cmd 0x1f0 ctl 0x3f6 bmdma 0xc1c0 irq 14 lpm-pol 0
[    2.008111] ata2: PATA max MWDMA2 cmd 0x170 ctl 0x376 bmdma 0xc1c8 irq 15 lpm-pol 0
[    2.014272] tun: Universal TUN/TAP device driver, 1.6
[    2.015969] e100: Intel(R) PRO/100 Network Driver
[    2.017165] e100: Copyright(c) 1999-2006 Intel Corporation
[    2.018550] e1000: Intel(R) PRO/1000 Network Driver
[    2.019722] e1000: Copyright (c) 1999-2006 Intel Corporation.
[    2.021248] e1000e: Intel(R) PRO/1000 Network Driver
[    2.022450] e1000e: Copyright(c) 1999 - 2015 Intel Corporation.
[    2.023952] sky2: driver version 1.30
[    2.026217] usbcore: registered new interface driver usblp
[    2.027681] usbcore: registered new interface driver usb-storage
[    2.029547] i8042: PNP: PS/2 Controller [PNP0303:KBD,PNP0f13:MOU] at 0x60,0x64 irq 1,12
[    2.036114] serio: i8042 KBD port at 0x60,0x64 irq 1
[    2.039027] serio: i8042 AUX port at 0x60,0x64 irq 12
[    2.042233] rtc_cmos PNP0B00:00: RTC can wake from S4
[    2.048710] input: AT Translated Set 2 keyboard as /devices/platform/i8042/serio0/input/input1
[    2.055424] rtc_cmos PNP0B00:00: registered as rtc0
[    2.058611] rtc_cmos PNP0B00:00: alarms up to one day, y3k, 242 bytes nvram, hpet irqs
[    2.063664] Registered IR keymap rc-empty
[    2.066765] rc rc0: rc-core loopback device as /devices/virtual/rc/rc0
[    2.071123] rc rc0: lirc_dev: driver rc-loopback registered at minor = 0, raw IR receiver, raw IR transmitter
[    2.075358] input: rc-core loopback device as /devices/virtual/rc/rc0/input4
[    2.079331] intel_powerclamp: CPU does not support MWAIT
[    2.080750] device-mapper: core: CONFIG_IMA_DISABLE_HTABLE is disabled. Duplicate IMA measurements will not be recorded in the IMA log.
[    2.084307] device-mapper: ioctl: 4.50.0-ioctl (2025-04-28) initialised: dm-devel@lists.linux.dev
[    2.088178] hid: raw HID events driver (C) Jiri Kosina
[    2.091555] usbcore: registered new interface driver usbhid
[    2.093127] usbhid: USB HID core driver
[    2.095727] GACT probability NOT on
[    2.096769] Mirror/redirect action on
[    2.098710] nf_conntrack_irc: The irc conntrack helper is scheduled for removal.
[    2.098710] Please contact the netfilter-devel mailing list if you still need this.
[    2.103146] ipip: IPv4 and MPLS over IPv4 tunneling driver
[    2.105280] gre: GRE over IPv4 demultiplexer driver
[    2.106523] ip_gre: GRE over IPv4 tunneling driver
[    2.110213] Initializing XFRM netlink socket
[    2.111341] IPsec XFRM device driver
[    2.112321] NET: Registered PF_INET6 protocol family
[    2.115217] Segment Routing with IPv6
[    2.116164] In-situ OAM (IOAM) with IPv6
[    2.117226] mip6: Mobile IPv6
[    2.118040] sit: IPv6, IPv4 and MPLS over IPv4 tunneling driver
[    2.121032] ip6_gre: GRE over IPv6 tunneling driver
[    2.123007] NET: Registered PF_PACKET protocol family
[    2.124307] RPC: Registered rdma transport module.
[    2.125533] RPC: Registered rdma backchannel transport module.
[    2.127203] 8021q: 802.1Q VLAN Support v1.8
[    2.128738] smc: adding smcd device lo without pnetid
[    2.131219] NET: Registered PF_SMC protocol family
[    2.133723] 9pnet: Installing 9P2000 support
[    2.138791] Key type dns_resolver registered
[    2.141183] NET: Registered PF_VSOCK protocol family
[    2.143336] mpls_gso: MPLS GSO support
[    2.147337] IPI shorthand broadcast: enabled
[    2.163471] ata2: found unknown device (class 0)
[    2.168133] ata2.00: ATAPI: QEMU DVD-ROM, 2.5+, max UDMA/100
[    2.176651] scsi 1:0:0:0: CD-ROM            QEMU     QEMU DVD-ROM     2.5+ PQ: 0 ANSI: 5
[    2.207236] sched_clock: Marking stable (2178018637, 28821576)->(2347944207, -141103994)
[    2.208286] sr 1:0:0:0: [sr0] scsi3-mmc drive: 4x/4x cd/rw xa/form2 tray
[    2.214202] registered taskstats version 1
[    2.227751] cdrom: Uniform CD-ROM driver Revision: 3.20
[    2.233810] Loading compiled-in X.509 certificates
[    2.235623] kworker/u16:1 (94) used greatest stack depth: 14184 bytes left
[    2.237033] Loaded X.509 cert 'Build time autogenerated kernel key: c4531344b9a9c1a4731230d977a262ba29ba5272'
[    2.245693] sr 1:0:0:0: Attached scsi CD-ROM sr0
[    2.248965] sr 1:0:0:0: Attached scsi generic sg0 type 5
[    2.284727] Demotion targets for Node 0: null
[    2.286465] ima: No TPM chip found, activating TPM-bypass!
[    2.287934] ima: Allocated hash algorithm: sha1
[    2.289386] ima: No architecture policies found
[    2.291593] PM:   Magic number: 10:89:946
[    2.292944] cpuid cpu1: hash matches
[    2.293952] tty tty3: hash matches
[    2.294814] processor cpu1: hash matches
[    2.296259] netconsole: network logging started
[    2.298605] cfg80211: Loading compiled-in X.509 certificates for regulatory database
[    2.303232] Loaded X.509 cert 'sforshee: 00b28ddf47aef9cea7'
[    2.304988] Loaded X.509 cert 'wens: 61c038651aabdcf94bd0ac7ff06c7248db18c600'
[    2.307298] ALSA device list:
[    2.309612]   No soundcards found.
[    2.309727] faux_driver regulatory: Direct firmware load for regulatory.db failed with error -2
[    2.314317] cfg80211: failed to load regulatory.db
[    2.486351] input: ImExPS/2 Generic Explorer Mouse as /devices/platform/i8042/serio1/input/input3
[    2.488781] md: Skipping autodetection of RAID arrays. (raid=autodetect will force)
[    2.490321] 9p: Bad value for 'source'
[    2.491186] 9pnet: Limiting 'msize' to 512000 as this is the maximum supported by transport virtio
[    2.495156] VFS: Mounted root (9p filesystem) on device 0:24.
[    2.497338] devtmpfs: mounted
[    2.498183] VFS: Pivoted into new rootfs
[    2.504078] Freeing unused kernel image (initmem) memory: 4688K
[    2.505171] Write protecting the kernel read-only data: 45056k
[    2.507124] Freeing unused kernel image (text/rodata gap) memory: 840K
[    2.508502] Freeing unused kernel image (rodata/data gap) memory: 128K
[    2.552648] x86/mm: Checked W+X mappings: passed, no W+X pages found.
[    2.553707] Run /home/prozak/.local/share/vng-venv/lib/python3.12/site-packages/virtme/guest/bin/virtme-ng-init as init process
[    2.555600]   with arguments:
[    2.556117]     /home/prozak/.local/share/vng-venv/lib/python3.12/site-packages/virtme/guest/bin/virtme-ng-init
[    2.557787]   with environment:
[    2.558325]     HOME=/
[    2.558720]     TERM=linux
[    2.559194]     virtme_hostname=virtme-ng
[    2.559883]     nr_open=1048576
[    2.560397]     virtme_link_mods=/home/prozak/sources/heimdall_experiment/uml-harness/.build/bpf-next-x86/.virtme_mods/lib/modules/0.0.0
[    2.562363]     virtme_rw_overlay0=/tmp
[    2.563045]     virtme_console=ttyS0
[    2.563655]     virtme_chdir=home/prozak/sources/heimdall_experiment/uml-harness/.build/selftests-output-qemu-lane2
[    2.874555] virtme-ng-init: mount devtmpfs -> /dev: EBUSY: Device or resource busy
[    2.876973] virtme-ng-init: Setting hostname to virtme-ng...
[    2.923368] virtme-ng-init: running systemd-tmpfiles
[    4.495477] systemd-tmpfile (101) used greatest stack depth: 12016 bytes left
[    4.495642] virtme-ng-init: basic initialization done
[    4.515534] virtme-ng-init: error creating file: Permission denied (os error 13)
[    4.616055] ip (105) used greatest stack depth: 11832 bytes left
[    4.746216] virtme-ng-init: Starting systemd-udevd version 255.4-1ubuntu8.17
[    4.748514] virtme-ng-init: triggering udev coldplug
[    8.197032] virtme-ng-init: waiting for udev to settle
[    9.028371] virtme-ng-init: udev is done
[    9.033786] virtme-ng-init: starting script
[    9.383819] bpf_testmod: loading out-of-tree module taints kernel.
[    9.385009] bpf_testmod: module verification failed: signature and/or required key missing - tainting kernel
[    9.630705] smc: removing smcd device lo
[    9.718435] ACPI: PM: Preparing to enter system sleep state S5
[    9.719927] reboot: Power down
