[swap] installed rcu_read_lock.bpf.o as rcu_read_lock.bpf.o (rust)
  GEN-SKEL     [test_progs] rcu_read_lock.skel.h
  LINK-BPF     [test_progs] test_static_linked.bpf.o
  LINK-BPF     [test_progs] linked_funcs.bpf.o
  LINK-BPF     [test_progs] linked_vars.bpf.o
  LINK-BPF     [test_progs] linked_maps.bpf.o
  LINK-BPF     [test_progs] test_subskeleton.bpf.o
  LINK-BPF     [test_progs] test_subskeleton_lib.bpf.o
  LINK-BPF     [test_progs] test_usdt.bpf.o
  LINK-BPF     [test_progs] tracing_multi.bpf.o
  LINK-BPF     [test_progs] tracing_multi_module.bpf.o
  LINK-BPF     [test_progs] tracing_multi_intersect.bpf.o
  LINK-BPF     [test_progs] tracing_multi_session.bpf.o
  GEN-SKEL     [test_progs] test_static_linked.skel.h
  GEN-SKEL     [test_progs] linked_maps.skel.h
  GEN-SKEL     [test_progs] linked_vars.skel.h
  GEN-SKEL     [test_progs] linked_funcs.skel.h
  GEN-SKEL     [test_progs] test_subskeleton.skel.h
  GEN-SKEL     [test_progs] test_subskeleton_lib.skel.h
  GEN-SKEL     [test_progs] test_usdt.skel.h
  GEN-SKEL     [test_progs] tracing_multi_session.skel.h
  LINK-BPF     [test_progs-cpuv4] test_static_linked.bpf.o
  LINK-BPF     [test_progs-cpuv4] linked_funcs.bpf.o
  GEN-SKEL     [test_progs] tracing_multi_module.skel.h
  LINK-BPF     [test_progs-cpuv4] linked_vars.bpf.o
  GEN-SKEL     [test_progs] tracing_multi_intersect.skel.h
  LINK-BPF     [test_progs-cpuv4] linked_maps.bpf.o
  LINK-BPF     [test_progs-cpuv4] test_subskeleton.bpf.o
  LINK-BPF     [test_progs-cpuv4] test_subskeleton_lib.bpf.o
  LINK-BPF     [test_progs-cpuv4] test_usdt.bpf.o
  LINK-BPF     [test_progs-cpuv4] tracing_multi.bpf.o
  GEN-SKEL     [test_progs] tracing_multi.skel.h
  LINK-BPF     [test_progs-cpuv4] tracing_multi_module.bpf.o
  LINK-BPF     [test_progs-cpuv4] tracing_multi_intersect.bpf.o
  LINK-BPF     [test_progs-cpuv4] tracing_multi_session.bpf.o
  GEN-SKEL     [test_progs-cpuv4] test_static_linked.skel.h
  GEN-SKEL     [test_progs-cpuv4] linked_vars.skel.h
  GEN-SKEL     [test_progs-cpuv4] test_subskeleton_lib.skel.h
  GEN-SKEL     [test_progs-cpuv4] linked_maps.skel.h
  GEN-SKEL     [test_progs-cpuv4] test_subskeleton.skel.h
  GEN-SKEL     [test_progs-cpuv4] tracing_multi.skel.h
  GEN-SKEL     [test_progs-cpuv4] tracing_multi_module.skel.h
  GEN-SKEL     [test_progs-cpuv4] test_usdt.skel.h
  GEN-SKEL     [test_progs-cpuv4] tracing_multi_session.skel.h
  GEN-SKEL     [test_progs-cpuv4] tracing_multi_intersect.skel.h
  GEN-SKEL     [test_progs-cpuv4] linked_funcs.skel.h
  LINK-BPF     [test_progs-no_alu32] test_static_linked.bpf.o
  LINK-BPF     [test_progs-no_alu32] linked_funcs.bpf.o
  LINK-BPF     [test_progs-no_alu32] linked_vars.bpf.o
  LINK-BPF     [test_progs-no_alu32] linked_maps.bpf.o
  LINK-BPF     [test_progs-no_alu32] test_subskeleton.bpf.o
  LINK-BPF     [test_progs-no_alu32] test_subskeleton_lib.bpf.o
  LINK-BPF     [test_progs-no_alu32] test_usdt.bpf.o
  LINK-BPF     [test_progs-no_alu32] tracing_multi.bpf.o
  LINK-BPF     [test_progs-no_alu32] tracing_multi_module.bpf.o
  LINK-BPF     [test_progs-no_alu32] tracing_multi_intersect.bpf.o
  LINK-BPF     [test_progs-no_alu32] tracing_multi_session.bpf.o
  GEN-SKEL     [test_progs-no_alu32] linked_vars.skel.h
  GEN-SKEL     [test_progs-no_alu32] test_subskeleton.skel.h
  GEN-SKEL     [test_progs-no_alu32] test_static_linked.skel.h
  GEN-SKEL     [test_progs-no_alu32] tracing_multi_intersect.skel.h
  GEN-SKEL     [test_progs-no_alu32] linked_maps.skel.h
  GEN-SKEL     [test_progs-no_alu32] test_subskeleton_lib.skel.h
  GEN-SKEL     [test_progs-no_alu32] tracing_multi_module.skel.h
  GEN-SKEL     [test_progs-no_alu32] tracing_multi.skel.h
  GEN-SKEL     [test_progs-no_alu32] tracing_multi_session.skel.h
  GEN-SKEL     [test_progs-no_alu32] test_usdt.skel.h
  GEN-SKEL     [test_progs-no_alu32] linked_funcs.skel.h
  LINK-BPF     [test_progs] test_static_linked.bpf.o
  LINK-BPF     [test_progs] linked_funcs.bpf.o
  LINK-BPF     [test_progs] linked_vars.bpf.o
  LINK-BPF     [test_progs] linked_maps.bpf.o
  LINK-BPF     [test_progs] test_subskeleton.bpf.o
  LINK-BPF     [test_progs] test_subskeleton_lib.bpf.o
  LINK-BPF     [test_progs] test_usdt.bpf.o
  LINK-BPF     [test_progs] tracing_multi.bpf.o
  LINK-BPF     [test_progs] tracing_multi_module.bpf.o
  LINK-BPF     [test_progs] tracing_multi_intersect.bpf.o
  LINK-BPF     [test_progs] tracing_multi_session.bpf.o
  GEN-SKEL     [test_progs] test_static_linked.skel.h
  GEN-SKEL     [test_progs] linked_vars.skel.h
  GEN-SKEL     [test_progs] linked_maps.skel.h
  GEN-SKEL     [test_progs] linked_funcs.skel.h
  GEN-SKEL     [test_progs] test_subskeleton_lib.skel.h
  GEN-SKEL     [test_progs] test_subskeleton.skel.h
  GEN-SKEL     [test_progs] tracing_multi.skel.h
  GEN-SKEL     [test_progs] test_usdt.skel.h
  GEN-SKEL     [test_progs] tracing_multi_module.skel.h
  GEN-SKEL     [test_progs] tracing_multi_session.skel.h
  GEN-SKEL     [test_progs] tracing_multi_intersect.skel.h
  LINK-BPF     [test_progs-cpuv4] test_static_linked.bpf.o
  LINK-BPF     [test_progs-cpuv4] linked_funcs.bpf.o
  LINK-BPF     [test_progs-cpuv4] linked_vars.bpf.o
  LINK-BPF     [test_progs-cpuv4] linked_maps.bpf.o
  LINK-BPF     [test_progs-cpuv4] test_subskeleton.bpf.o
  LINK-BPF     [test_progs-cpuv4] test_subskeleton_lib.bpf.o
  LINK-BPF     [test_progs-cpuv4] test_usdt.bpf.o
  LINK-BPF     [test_progs-cpuv4] tracing_multi.bpf.o
  LINK-BPF     [test_progs-cpuv4] tracing_multi_module.bpf.o
  LINK-BPF     [test_progs-cpuv4] tracing_multi_intersect.bpf.o
  LINK-BPF     [test_progs-cpuv4] tracing_multi_session.bpf.o
  GEN-SKEL     [test_progs-cpuv4] test_static_linked.skel.h
  GEN-SKEL     [test_progs-cpuv4] test_subskeleton.skel.h
  GEN-SKEL     [test_progs-cpuv4] linked_maps.skel.h
  GEN-SKEL     [test_progs-cpuv4] linked_vars.skel.h
  GEN-SKEL     [test_progs-cpuv4] test_subskeleton_lib.skel.h
  GEN-SKEL     [test_progs-cpuv4] tracing_multi_intersect.skel.h
  GEN-SKEL     [test_progs-cpuv4] test_usdt.skel.h
  GEN-SKEL     [test_progs-cpuv4] tracing_multi_session.skel.h
  GEN-SKEL     [test_progs-cpuv4] tracing_multi.skel.h
  GEN-SKEL     [test_progs-cpuv4] tracing_multi_module.skel.h
  GEN-SKEL     [test_progs-cpuv4] linked_funcs.skel.h
  LINK-BPF     [test_progs-no_alu32] test_static_linked.bpf.o
  LINK-BPF     [test_progs-no_alu32] linked_funcs.bpf.o
  LINK-BPF     [test_progs-no_alu32] linked_vars.bpf.o
  LINK-BPF     [test_progs-no_alu32] linked_maps.bpf.o
  LINK-BPF     [test_progs-no_alu32] test_subskeleton.bpf.o
  LINK-BPF     [test_progs-no_alu32] test_subskeleton_lib.bpf.o
  LINK-BPF     [test_progs-no_alu32] test_usdt.bpf.o
  LINK-BPF     [test_progs-no_alu32] tracing_multi.bpf.o
  LINK-BPF     [test_progs-no_alu32] tracing_multi_module.bpf.o
  LINK-BPF     [test_progs-no_alu32] tracing_multi_intersect.bpf.o
  LINK-BPF     [test_progs-no_alu32] tracing_multi_session.bpf.o
  GEN-SKEL     [test_progs-no_alu32] test_static_linked.skel.h
  GEN-SKEL     [test_progs-no_alu32] test_subskeleton_lib.skel.h
  GEN-SKEL     [test_progs-no_alu32] linked_vars.skel.h
  GEN-SKEL     [test_progs-no_alu32] test_subskeleton.skel.h
  GEN-SKEL     [test_progs-no_alu32] linked_maps.skel.h
  GEN-SKEL     [test_progs-no_alu32] tracing_multi.skel.h
  GEN-SKEL     [test_progs-no_alu32] test_usdt.skel.h
  GEN-SKEL     [test_progs-no_alu32] tracing_multi_intersect.skel.h
  GEN-SKEL     [test_progs-no_alu32] tracing_multi_session.skel.h
  GEN-SKEL     [test_progs-no_alu32] tracing_multi_module.skel.h
  GEN-SKEL     [test_progs-no_alu32] linked_funcs.skel.h
/home/prozak/sources/heimdall_experiment/uml-harness/.build/bpf-next-x86/tools/testing/selftests/bpf/prog_tests/rcu_read_lock.c: In function ‘test_success’:
/home/prozak/sources/heimdall_experiment/uml-harness/.build/bpf-next-x86/tools/testing/selftests/bpf/prog_tests/rcu_read_lock.c:37:46: error: ‘struct <anonymous>’ has no member named ‘non_own_ref_untrusted_ld’
   37 |         bpf_program__set_autoload(skel->progs.non_own_ref_untrusted_ld, true);
      |                                              ^
/home/prozak/sources/heimdall_experiment/uml-harness/.build/bpf-next-x86/tools/testing/selftests/bpf/prog_tests/rcu_read_lock.c:38:46: error: ‘struct <anonymous>’ has no member named ‘rcu_untrusted_union_ld’
   38 |         bpf_program__set_autoload(skel->progs.rcu_untrusted_union_ld, true);
      |                                              ^
  SKIP-TEST    rcu_read_lock.test.o
failed to rebuild rcu_read_lock.test.o
