#341/1   rcu_read_lock/success:OK
#341/2   rcu_read_lock/rcuptr_acquire:OK
#341/3   rcu_read_lock/negative_tests_inproper_region:OK
#341/4   rcu_read_lock/negative_tests_rcuptr_misuse:OK
#341     rcu_read_lock:OK
Summary: 1/4 PASSED, 0 SKIPPED, 0/0 FAILED
eded_size: 0x0000000005000000
trampoline_32bit: 0x0000000000000000
Physical KASLR using RDRAND RDTSC...
Virtual KASLR using RDRAND RDTSC...

Decompressing Linux... Parsing ELF... Performing relocations... done.
Booting the kernel (entry_offset: 0x0000000003db96f0).
[    0.000000] Linux version 7.2.0-g0f783f853d0e (prozak@powertower) (gcc (Ubuntu 13.3.0-6ubuntu2~24.04.1) 13.3.0, GNU ld (GNU Binutils for Ubuntu) 2.42) #4 SMP PREEMPT_DYNAMIC Sat Sep  5 08:44:19 PDT 2026
[    0.000000] Command line: virtme_hostname=virtme-ng nr_open=1048576 virtme_link_mods=/home/prozak/sources/heimdall_experiment/uml-harness/.build/bpf-next-x86/.virtme_mods/lib/modules/0.0.0 virtme_rw_overlay0=/tmp virtme_console=ttyS0 console=ttyS0 earlyprintk=serial,ttyS0,115200 panic=-1 virtme.exec=`bW91bnQgLXQgYnBmIGJwZmZzIC9zeXMvZnMvYnBmIDI+L2Rldi9udWxsOyAuL3Rlc3RfcHJvZ3MgLXQgJ3JjdV9yZWFkX2xvY2sn` virtme_chdir=home/prozak/sources/heimdall_experiment/uml-harness/.build/selftests-output-qemu-lane3 rootfstype=9p rootflags=version=9p2000.L,trans=virtio,access=any,msize=524288 raid=noautodetect rw debug init=/home/prozak/.local/share/vng-venv/lib/python3.12/site-packages/virtme/guest/bin/virtme-ng-init
[    0.000000] x86 CPU feature dependency check failure: CPU0 has '18*32+31' enabled but '18*32+26' disabled. Kernel might be fine, but no guarantees.
[    0.000000] BIOS-provided physical RAM map:
[    0.000000] BIOS-e820: [mem 0x0000000000000000-0x000000000009fbff]  System RAM
[    0.000000] BIOS-e820: [mem 0x000000000009fc00-0x000000000009ffff]  device reserved
[    0.000000] BIOS-e820: [gap 0x00000000000a0000-0x00000000000effff]
[    0.000000] BIOS-e820: [mem 0x00000000000f0000-0x00000000000fffff]  device reserved
[    0.000000] BIOS-e820: [mem 0x0000000000100000-0x00000000bffdffff]  System RAM
[    0.000000] BIOS-e820: [mem 0x00000000bffe0000-0x00000000bfffffff]  device reserved
[    0.000000] BIOS-e820: [gap 0x00000000c0000000-0x00000000feffbfff]
[    0.000000] BIOS-e820: [mem 0x00000000feffc000-0x00000000feffffff]  device reserved
[    0.000000] BIOS-e820: [gap 0x00000000ff000000-0x00000000fffbffff]
[    0.000000] BIOS-e820: [mem 0x00000000fffc0000-0x00000000ffffffff]  device reserved
[    0.000000] BIOS-e820: [mem 0x0000000100000000-0x000000013fffffff]  System RAM
[    0.000000] BIOS-e820: [gap 0x0000000140000000-0x000000fcffffffff]
[    0.000000] BIOS-e820: [mem 0x000000fd00000000-0x000000ffffffffff]  device reserved
[    0.000000] printk: legacy bootconsole [earlyser0] enabled
[    0.000000] NX (Execute Disable) protection: active
[    0.000000] APIC: Static calls initialized
[    0.000000] DMI: SMBIOS 3.0.0 present.
[    0.000000] DMI: QEMU Ubuntu 24.04 PC v2 (i440FX + PIIX, arch_caps fix, 1996), BIOS 1.16.3-debian-1.16.3-2 04/01/2014
[    0.000000] DMI: Memory slots populated: 1/1
[    0.000000] Hypervisor detected: KVM
[    0.000000] last_pfn = 0xbffe0 max_arch_pfn = 0x400000000
[    0.000000] kvm-clock: Using msrs 4b564d01 and 4b564d00
[    0.000005] kvm-clock: using sched offset of 557847414 cycles
[    0.001500] clocksource: kvm-clock: mask: 0xffffffffffffffff max_cycles: 0x1cd42e4dffb, max_idle_ns: 881590591483 ns
[    0.006139] tsc: Detected 3400.040 MHz processor
[    0.008094] e820: update [mem 0x00000000-0x00000fff] System RAM ==> device reserved
[    0.010303] e820: remove [mem 0x000a0000-0x000fffff] System RAM
[    0.011978] last_pfn = 0x140000 max_arch_pfn = 0x400000000
[    0.013701] MTRR map: 4 entries (3 fixed + 1 variable; max 19), built from 8 variable MTRRs
[    0.016064] x86/PAT: Configuration [0-7]: WB  WC  UC- UC  WB  WP  UC- WT  
Memory KASLR using RDRAND RDTSC...
[    0.019090] last_pfn = 0xbffe0 max_arch_pfn = 0x400000000
[    0.022420] found SMP MP-table at [mem 0x000f5450-0x000f545f]
[    0.024082] Using GB pages for direct mapping
[    0.025849] ACPI: Early table checksum verification disabled
[    0.027528] ACPI: RSDP 0x00000000000F5240 000014 (v00 BOCHS )
[    0.029310] ACPI: RSDT 0x00000000BFFE1D9D 000034 (v01 BOCHS  BXPC     00000001 BXPC 00000001)
[    0.031845] ACPI: FACP 0x00000000BFFE1C39 000074 (v01 BOCHS  BXPC     00000001 BXPC 00000001)
[    0.034339] ACPI: DSDT 0x00000000BFFE0040 001BF9 (v01 BOCHS  BXPC     00000001 BXPC 00000001)
[    0.036875] ACPI: FACS 0x00000000BFFE0000 000040
[    0.038191] ACPI: APIC 0x00000000BFFE1CAD 000090 (v03 BOCHS  BXPC     00000001 BXPC 00000001)
[    0.040766] ACPI: HPET 0x00000000BFFE1D3D 000038 (v01 BOCHS  BXPC     00000001 BXPC 00000001)
[    0.043194] ACPI: WAET 0x00000000BFFE1D75 000028 (v01 BOCHS  BXPC     00000001 BXPC 00000001)
[    0.045613] ACPI: Reserving FACP table memory at [mem 0xbffe1c39-0xbffe1cac]
[    0.047593] ACPI: Reserving DSDT table memory at [mem 0xbffe0040-0xbffe1c38]
[    0.049559] ACPI: Reserving FACS table memory at [mem 0xbffe0000-0xbffe003f]
[    0.051552] ACPI: Reserving APIC table memory at [mem 0xbffe1cad-0xbffe1d3c]
[    0.053534] ACPI: Reserving HPET table memory at [mem 0xbffe1d3d-0xbffe1d74]
[    0.055543] ACPI: Reserving WAET table memory at [mem 0xbffe1d75-0xbffe1d9c]
[    0.058287] No NUMA configuration found
[    0.059395] Faking a node at [mem 0x0000000000000000-0x000000013fffffff]
[    0.061272] NODE_DATA(0) allocated [mem 0x13fff9c80-0x13fffdfff]
[    0.064261] ACPI: PM-Timer IO Port: 0x608
[    0.065440] ACPI: LAPIC_NMI (acpi_id[0xff] dfl dfl lint[0x1])
[    0.067160] IOAPIC[0]: apic_id 0, version 17, address 0xfec00000, GSI 0-23
[    0.069104] ACPI: INT_SRC_OVR (bus 0 bus_irq 0 global_irq 2 dfl dfl)
[    0.070948] ACPI: INT_SRC_OVR (bus 0 bus_irq 5 global_irq 5 high level)
[    0.072849] ACPI: INT_SRC_OVR (bus 0 bus_irq 9 global_irq 9 high level)
[    0.074657] ACPI: INT_SRC_OVR (bus 0 bus_irq 10 global_irq 10 high level)
[    0.076595] ACPI: INT_SRC_OVR (bus 0 bus_irq 11 global_irq 11 high level)
[    0.078508] ACPI: Using ACPI (MADT) for SMP configuration information
[    0.080358] ACPI: HPET id: 0x8086a201 base: 0xfed00000
[    0.081803] TSC deadline timer available
[    0.082915] CPU topo: Max. logical packages:   1
[    0.084213] CPU topo: Max. logical nodes:      1
[    0.085521] CPU topo: Num. nodes per package:  1
[    0.086789] CPU topo: Max. logical dies:       1
[    0.088142] CPU topo: Max. dies per package:   1
[    0.089474] CPU topo: Max. threads per core:   1
[    0.090751] CPU topo: Num. cores per package:     4
[    0.092125] CPU topo: Num. threads per package:   4
[    0.093518] CPU topo: Allowing 4 present CPUs plus 0 hotplug CPUs
[    0.095300] kvm-guest: APIC: eoi() replaced with kvm_guest_apic_eoi_write()
[    0.097353] kvm-guest: KVM setup pv remote TLB flush
[    0.098791] kvm-guest: setup PV sched yield
[    0.100048] PM: hibernation: Registered nosave memory: [mem 0x00000000-0x00000fff]
[    0.102383] PM: hibernation: Registered nosave memory: [mem 0x0009f000-0x000fffff]
[    0.104740] PM: hibernation: Registered nosave memory: [mem 0xbffe0000-0xffffffff]
[    0.106955] [gap 0xc0000000-0xfeffbfff] available for PCI devices
[    0.108839] Booting paravirtualized kernel on KVM
[    0.110139] clocksource: refined-jiffies: mask: 0xffffffff max_cycles: 0xffffffff, max_idle_ns: 1910969940391419 ns
[    0.120267] Zone ranges:
[    0.120858]   DMA      [mem 0x0000000000001000-0x0000000000ffffff]
[    0.122130]   DMA32    [mem 0x0000000001000000-0x00000000ffffffff]
[    0.123606]   Normal   [mem 0x0000000100000000-0x000000013fffffff]
[    0.125518] Movable zone start for each node
[    0.126772] Early memory node ranges
[    0.128005]   node   0: [mem 0x0000000000001000-0x000000000009efff]
[    0.129965]   node   0: [mem 0x0000000000100000-0x00000000bffdffff]
[    0.131877]   node   0: [mem 0x0000000100000000-0x000000013fffffff]
[    0.133895] Initmem setup node 0 [mem 0x0000000000001000-0x000000013fffffff]
[    0.137241] On node 0, zone DMA: 1 pages in unavailable ranges
[    0.139253] On node 0, zone DMA: 97 pages in unavailable ranges
[    0.292631] On node 0, zone Normal: 32 pages in unavailable ranges
[    0.294647] setup_percpu: NR_CPUS:128 nr_cpumask_bits:4 nr_cpu_ids:4 nr_node_ids:1
[    0.298412] percpu: Embedded 58 pages/cpu s200144 r8192 d29232 u524288
[    0.300296] pcpu-alloc: s200144 r8192 d29232 u524288 alloc=1*2097152
[    0.301970] pcpu-alloc: [0] 0 1 2 3 
[    0.303059] Kernel command line: virtme_hostname=virtme-ng nr_open=1048576 virtme_link_mods=/home/prozak/sources/heimdall_experiment/uml-harness/.build/bpf-next-x86/.virtme_mods/lib/modules/0.0.0 virtme_rw_overlay0=/tmp virtme_console=ttyS0 console=ttyS0 earlyprintk=serial,ttyS0,115200 panic=-1 virtme.exec=`bW91bnQgLXQgYnBmIGJwZmZzIC9zeXMvZnMvYnBmIDI+L2Rldi9udWxsOyAuL3Rlc3RfcHJvZ3MgLXQgJ3JjdV9yZWFkX2xvY2sn` virtme_chdir=home/prozak/sources/heimdall_experiment/uml-harness/.build/selftests-output-qemu-lane3 rootfstype=9p rootflags=version=9p2000.L,trans=virtio,access=any,msize=524288 raid=noautodetect rw debug init=/home/prozak/.local/share/vng-venv/lib/python3.12/site-packages/virtme/guest/bin/virtme-ng-init
[    0.321723] Unknown kernel command line parameters "virtme_hostname=virtme-ng nr_open=1048576 virtme_link_mods=/home/prozak/sources/heimdall_experiment/uml-harness/.build/bpf-next-x86/.virtme_mods/lib/modules/0.0.0 virtme_rw_overlay0=/tmp virtme_console=ttyS0 virtme_chdir=home/prozak/sources/heimdall_experiment/uml-harness/.build/selftests-output-qemu-lane3", will be passed to user space.
[    0.332412] random: crng init done
[    0.333479] printk: log buffer data + meta data: 2097152 + 7340032 = 9437184 bytes
[    0.336325] Dentry cache hash table entries: 524288 (order: 10, 4194304 bytes, linear)
[    0.338713] Inode-cache hash table entries: 262144 (order: 9, 2097152 bytes, linear)
[    0.340705] software IO TLB: area num 4.
[    0.379935] Fallback order for Node 0: 0 
[    0.379956] Built 1 zonelists, mobility grouping on.  Total pages: 1048446
[    0.383615] Policy zone: Normal
[    0.384601] mem auto-init: stack:all(zero), heap alloc:off, heap free:off
[    0.399592] SLUB: HWalign=64, Order=0-3, MinObjects=0, CPUs=4, Nodes=1
Poking KASLR using RDRAND RDTSC...
[    0.420932] ftrace: allocating 70083 entries in 276 pages
[    0.422510] ftrace: allocated 276 pages with 3 groups
[    0.424045] Dynamic Preempt: full
[    0.425364] Running RCU self tests
[    0.426335] Running RCU synchronous self tests
[    0.427601] rcu: Preemptible hierarchical RCU implementation.
[    0.429212] rcu: 	RCU event tracing is enabled.
[    0.430487] rcu: 	RCU lockdep checking is enabled.
[    0.431905] rcu: 	RCU restricting CPUs from NR_CPUS=128 to nr_cpu_ids=4.
[    0.433773] 	Trampoline variant of Tasks RCU enabled.
[    0.435279] 	Rude variant of Tasks RCU enabled.
[    0.436660] 	Tracing variant of Tasks RCU enabled.
[    0.438014] rcu: RCU calculated value of scheduler-enlistment delay is 100 jiffies.
[    0.440269] rcu: Adjusting geometry for rcu_fanout_leaf=16, nr_cpu_ids=4
[    0.442685] Running RCU synchronous self tests
[    0.444121] RCU Tasks: Setting shift to 2 and lim to 1 rcu_task_cb_adjust=1 rcu_task_cpu_ids=4.
[    0.446485] RCU Tasks Rude: Setting shift to 2 and lim to 1 rcu_task_cb_adjust=1 rcu_task_cpu_ids=4.
[    0.465968] NR_IRQS: 8448, nr_irqs: 456, preallocated irqs: 16
[    0.467883] rcu: srcu_init: Setting srcu_struct sizes based on contention.
[    0.470013] clocksource: jiffies: mask: 0xffffffff max_cycles: 0xffffffff, max_idle_ns: 1911260446275000 ns
[    0.473498] Console: colour *CGA 80x25
[    0.474784] printk: legacy console [ttyS0] enabled
[    0.474784] printk: legacy console [ttyS0] enabled
[    0.477827] printk: legacy bootconsole [earlyser0] disabled
[    0.477827] printk: legacy bootconsole [earlyser0] disabled
[    0.481388] Lock dependency validator: Copyright (c) 2006 Red Hat, Inc., Ingo Molnar
[    0.483807] ... MAX_LOCKDEP_SUBCLASSES:  8
[    0.485100] ... MAX_LOCK_DEPTH:          48
[    0.486433] ... MAX_LOCKDEP_KEYS:        8192
[    0.487871] ... CLASSHASH_SIZE:          4096
[    0.489282] ... MAX_LOCKDEP_ENTRIES:     32768
[    0.490680] ... MAX_LOCKDEP_CHAINS:      65536
[    0.492078] ... CHAINHASH_SIZE:          32768
[    0.493440]  memory used by lock dependency info: 6429 kB
[    0.494765]  memory used for stack traces: 4224 kB
[    0.495900]  per task-struct memory footprint: 1920 bytes
[    0.497551] ACPI: Core revision 20260408
[    0.499181] clocksource: hpet: mask: 0xffffffff max_cycles: 0xffffffff, max_idle_ns: 19112604467 ns
[    0.502210] APIC: Switch to symmetric I/O mode setup
[    0.504503] x2apic enabled
[    0.506268] APIC: Switched APIC routing to: physical x2apic
[    0.508025] kvm-guest: APIC: send_IPI_mask() replaced with kvm_send_ipi_mask()
[    0.510438] kvm-guest: APIC: send_IPI_mask_allbutself() replaced with kvm_send_ipi_mask_allbutself()
[    0.513443] kvm-guest: setup PV IPIs
[    0.517435] ..TIMER: vector=0x30 apic1=0 pin1=2 apic2=-1 pin2=-1
[    0.518876] clocksource: tsc-early: mask: 0xffffffffffffffff max_cycles: 0x310274de655, max_idle_ns: 440795359465 ns
[    0.527801] Calibrating delay loop (skipped) preset value.. 6800.08 BogoMIPS (lpj=3400040)
[    0.530517] x86/cpu: User Mode Instruction Prevention (UMIP) activated
[    0.532402] Last level iTLB entries: 4KB 512, 2MB 255, 4MB 127
[    0.532797] Last level dTLB entries: 4KB 512, 2MB 255, 4MB 127, 1GB 0
[    0.533819] mitigations: Enabled attack vectors: user_kernel, user_user, SMT mitigations: auto
[    0.534797] Speculative Store Bypass: Mitigation: Speculative Store Bypass disabled via prctl
[    0.535793] Speculative Return Stack Overflow: IBPB-extending microcode not applied!
[    0.536793] Speculative Return Stack Overflow: WARNING: See https://kernel.org/doc/html/latest/admin-guide/hw-vuln/srso.html for mitigation options.
[    0.536796] Transient Scheduler Attacks: Vulnerable: No microcode
[    0.539794] Spectre V2 : Mitigation: Retpolines
[    0.540796] Speculative Return Stack Overflow: Vulnerable: Safe RET, no microcode
[    0.541795] Spectre V1 : Mitigation: usercopy/swapgs barriers and __user pointer sanitization
[    0.542794] Spectre V2 : Spectre v2 / SpectreRSB: Filling RSB on context switch and VMEXIT
[    0.543792] Spectre V2 : Enabling Restricted Speculation for firmware calls
[    0.544803] Spectre V2 : mitigation: Enabling conditional Indirect Branch Prediction Barrier
[    0.545795] active return thunk: srso_alias_return_thunk
[    0.546889] x86/fpu: Supporting XSAVE feature 0x001: 'x87 floating point registers'
[    0.547791] x86/fpu: Supporting XSAVE feature 0x002: 'SSE registers'
[    0.548792] x86/fpu: Supporting XSAVE feature 0x004: 'AVX registers'
[    0.549798] x86/fpu: xstate_offset[2]:  576, xstate_sizes[2]:  256
[    0.550795] x86/fpu: Enabled xstate features 0x7, context size is 832 bytes, using 'compacted' format.
[    0.606589] pid_max: default: 32768 minimum: 301
[    0.607076] SELinux:  Initializing.
[    0.609572] LSM support for eBPF active
[    0.610028] Mount-cache hash table entries: 8192 (order: 4, 65536 bytes, linear)
[    0.610797] Mountpoint-cache hash table entries: 8192 (order: 4, 65536 bytes, linear)
[    0.613706] VFS: Finished mounting rootfs on nullfs
[    0.615787] Running RCU synchronous self tests
[    0.615787] Running RCU synchronous self tests
[    0.616329] smpboot: CPU0: AMD Ryzen 9 5950X 16-Core Processor (family: 0x19, model: 0x21, stepping: 0x2)
[    0.617885] Performance Events: Fam17h+ core perfctr, AMD PMU driver.
[    0.618820] ... version:                   0
[    0.619799] ... bit width:                 48
[    0.620801] ... generic counters:          6
[    0.621801] ... generic bitmap:            000000000000003f
[    0.622802] ... fixed-purpose counters:    0
[    0.623801] ... fixed-purpose bitmap:      0000000000000000
[    0.624801] ... value mask:                0000ffffffffffff
[    0.625800] ... max period:                00007fffffffffff
[    0.626802] ... global_ctrl mask:          000000000000003f
[    0.628268] signal: max sigframe size: 1776
[    0.629035] rcu: Hierarchical SRCU implementation.
[    0.629801] rcu: 	Max phase no-delay instances is 400.
[    0.631081] Timer migration: 1 hierarchy levels; 8 children per group; 1 crossnode level
[    0.650463] smp: Bringing up secondary CPUs ...
[    0.652541] smpboot: x86: Booting SMP configuration:
[    0.652815] .... node  #0, CPUs:      #1 #2 #3
[    0.663467] smp: Brought up 1 node, 4 CPUs
[    0.664813] smpboot: Total of 4 processors activated (27200.32 BogoMIPS)
[    0.667321] Memory: 3966616K/4193784K available (25781K kernel code, 10327K rwdata, 18304K rodata, 4688K init, 13400K bss, 220948K reserved, 0K cma-reserved)
[    0.670104] devtmpfs: initialized
[    0.674143] Running RCU synchronous self tests
[    0.674823] Running RCU synchronous self tests
[    0.675896] Running RCU Tasks wait API self tests
[    0.677915] Running RCU Tasks Rude wait API self tests
[    0.679803] Running RCU Tasks Trace wait API self tests
[    0.683150] posixtimers hash table entries: 2048 (order: 6, 147456 bytes, linear)
[    0.689251] futex hash table entries: 1024 (131072 bytes on 1 NUMA nodes, total 128 KiB, linear).
[    0.689787] PM: RTC time: 17:56:43, date: 2026-09-05
[    0.691833] Callback from call_rcu_tasks_trace() invoked.
[    0.692583] NET: Registered PF_NETLINK/PF_ROUTE protocol family
[    0.696370] audit: initializing netlink subsys (disabled)
[    0.698935] audit: type=2000 audit(1788631004.116:1): state=initialized audit_enabled=0 res=1
[    0.724588] thermal_sys: Registered thermal governor 'step_wise'
[    0.724819] cpuidle: using governor ladder
[    0.728799] cpuidle: using governor menu
[    0.737284] PCI: Using configuration type 1 for base access
[    0.738804] PCI: Using configuration type 1 for extended access
[    0.742150] kprobes: kprobe jump-optimization is enabled. All kprobes are optimized if possible.
[    0.746232] HugeTLB: registered 1.00 GiB page size, pre-allocated 0 pages
[    0.748859] HugeTLB: 16380 KiB vmemmap can be freed for a 1.00 GiB page
[    0.750815] HugeTLB: registered 2.00 MiB page size, pre-allocated 0 pages
[    0.754803] HugeTLB: 28 KiB vmemmap can be freed for a 2.00 MiB page
[    0.763070] ACPI: Added _OSI(Module Device)
[    0.764802] ACPI: Added _OSI(Processor Device)
[    0.765799] ACPI: Added _OSI(Processor Aggregator Device)
[    0.771425] ACPI: 1 ACPI AML tables successfully acquired and loaded
[    0.776847] ACPI: \_SB_: platform _OSC: OS support mask [002a7eee]
[    0.778604] ACPI: Interpreter enabled
[    0.779885] ACPI: PM: (supports S0 S3 S4 S5)
[    0.780821] ACPI: Using IOAPIC for interrupt routing
[    0.781867] PCI: Using host bridge windows from ACPI; if necessary, use "pci=nocrs" and report a bug
[    0.784832] PCI: Using E820 reservations for host bridge windows
[    0.786203] ACPI: Enabled 2 GPEs in block 00 to 0F
[    0.800657] ACPI: PCI Root Bridge [PCI0] (domain 0000 [bus 00-ff])
[    0.802639] PCI host bridge to bus 0000:00
[    0.803810] pci_bus 0000:00: root bus resource [io  0x0000-0x0cf7 window]
[    0.805800] pci_bus 0000:00: root bus resource [io  0x0d00-0xffff window]
[    0.806800] pci_bus 0000:00: root bus resource [mem 0x000a0000-0x000bffff window]
[    0.808799] pci_bus 0000:00: root bus resource [mem 0xc0000000-0xfebfffff window]
[    0.810800] pci_bus 0000:00: root bus resource [mem 0x380000000000-0x38007fffffff window]
[    0.812800] pci_bus 0000:00: root bus resource [bus 00-ff]
[    0.814287] pci 0000:00:00.0: [8086:1237] type 00 class 0x060000 conventional PCI endpoint
[    0.818541] pci 0000:00:01.0: [8086:7000] type 00 class 0x060100 conventional PCI endpoint
[    0.821324] pci 0000:00:01.1: [8086:7010] type 00 class 0x010180 conventional PCI endpoint
[    0.825500] pci 0000:00:01.1: BAR 4 [io  0xc1c0-0xc1cf]
[    0.826885] pci 0000:00:01.1: BAR 0 [io  0x01f0-0x01f7]: legacy IDE quirk
[    0.827798] pci 0000:00:01.1: BAR 1 [io  0x03f6]: legacy IDE quirk
[    0.829803] pci 0000:00:01.1: BAR 2 [io  0x0170-0x0177]: legacy IDE quirk
[    0.831799] pci 0000:00:01.1: BAR 3 [io  0x0376]: legacy IDE quirk
[    0.833718] pci 0000:00:01.3: [8086:7113] type 00 class 0x068000 conventional PCI endpoint
[    0.836580] pci 0000:00:01.3: quirk: [io  0x0600-0x063f] claimed by PIIX4 ACPI
[    0.837819] pci 0000:00:01.3: quirk: [io  0x0700-0x070f] claimed by PIIX4 SMB
[    0.840927] pci 0000:00:02.0: [1af4:1009] type 00 class 0x000200 conventional PCI endpoint
[    0.845817] pci 0000:00:02.0: BAR 0 [io  0xc000-0xc03f]
[    0.847818] pci 0000:00:02.0: BAR 1 [mem 0xfebf8000-0xfebf8fff]
[    0.848866] pci 0000:00:02.0: BAR 4 [mem 0x380000000000-0x380000003fff 64bit pref]
[    0.854145] pci 0000:00:03.0: [8086:25ab] type 00 class 0x088000 conventional PCI endpoint
[    0.856817] pci 0000:00:03.0: BAR 0 [mem 0xfebf9000-0xfebf900f]
[    0.861595] pci 0000:00:04.0: [1af4:1003] type 00 class 0x078000 conventional PCI endpoint
[    0.865818] pci 0000:00:04.0: BAR 0 [io  0xc040-0xc07f]
[    0.866817] pci 0000:00:04.0: BAR 1 [mem 0xfebfa000-0xfebfafff]
[    0.868871] pci 0000:00:04.0: BAR 4 [mem 0x380000004000-0x380000007fff 64bit pref]
[    0.873331] pci 0000:00:05.0: [1af4:1003] type 00 class 0x078000 conventional PCI endpoint
[    0.876284] pci 0000:00:05.0: BAR 0 [io  0xc080-0xc0bf]
[    0.877819] pci 0000:00:05.0: BAR 1 [mem 0xfebfb000-0xfebfbfff]
[    0.879869] pci 0000:00:05.0: BAR 4 [mem 0x380000008000-0x38000000bfff 64bit pref]
[    0.885601] pci 0000:00:06.0: [1af4:1003] type 00 class 0x078000 conventional PCI endpoint
[    0.888852] pci 0000:00:06.0: BAR 0 [io  0xc0c0-0xc0ff]
[    0.889820] pci 0000:00:06.0: BAR 1 [mem 0xfebfc000-0xfebfcfff]
[    0.890865] pci 0000:00:06.0: BAR 4 [mem 0x38000000c000-0x38000000ffff 64bit pref]
[    0.896436] pci 0000:00:07.0: [1af4:1003] type 00 class 0x078000 conventional PCI endpoint
[    0.900562] pci 0000:00:07.0: BAR 0 [io  0xc100-0xc13f]
[    0.901817] pci 0000:00:07.0: BAR 1 [mem 0xfebfd000-0xfebfdfff]
[    0.902931] pci 0000:00:07.0: BAR 4 [mem 0x380000010000-0x380000013fff 64bit pref]
[    0.908442] pci 0000:00:08.0: [1af4:1003] type 00 class 0x078000 conventional PCI endpoint
[    0.911819] pci 0000:00:08.0: BAR 0 [io  0xc140-0xc17f]
[    0.912816] pci 0000:00:08.0: BAR 1 [mem 0xfebfe000-0xfebfefff]
[    0.914869] pci 0000:00:08.0: BAR 4 [mem 0x380000014000-0x380000017fff 64bit pref]
[    0.918787] pci 0000:00:09.0: [1af4:1003] type 00 class 0x078000 conventional PCI endpoint
[    0.922816] pci 0000:00:09.0: BAR 0 [io  0xc180-0xc1bf]
[    0.924843] pci 0000:00:09.0: BAR 1 [mem 0xfebff000-0xfebfffff]
[    0.925970] pci 0000:00:09.0: BAR 4 [mem 0x380000018000-0x38000001bfff 64bit pref]
[    0.937058] ACPI: PCI: Interrupt link LNKA configured for IRQ 10
[    0.938086] ACPI: PCI: Interrupt link LNKB configured for IRQ 10
[    0.940100] ACPI: PCI: Interrupt link LNKC configured for IRQ 11
[    0.942079] ACPI: PCI: Interrupt link LNKD configured for IRQ 11
[    0.943946] ACPI: PCI: Interrupt link LNKS configured for IRQ 9
[    0.946874] iommu: Default domain type: Translated
[    0.947801] iommu: DMA domain TLB invalidation policy: lazy mode
[    0.950263] SCSI subsystem initialized
[    0.950854] libata version 3.00 loaded.
[    0.951943] ACPI: bus type USB registered
[    0.952927] usbcore: registered new interface driver usbfs
[    0.954878] usbcore: registered new interface driver hub
[    0.955836] usbcore: registered new device driver usb
[    0.956970] pps_core: LinuxPPS API ver. 1 registered
[    0.958799] pps_core: Software ver. 5.3.6 - Copyright 2005-2007 Rodolfo Giometti <giometti@linux.it>
[    0.960817] PTP clock support registered
[    0.962177] Advanced Linux Sound Architecture Driver Initialized.
[    0.965038] NetLabel: Initializing
[    0.965801] NetLabel:  domain hash size = 128
[    0.966797] NetLabel:  protocols = UNLABELED CIPSOv4 CALIPSO
[    0.968855] NetLabel:  unlabeled traffic allowed by default
[    0.970026] PCI: Using ACPI for IRQ routing
[    0.971800] PCI: pci_cache_line_size set to 64 bytes
[    0.973219] e820: register RAM buffer resource [mem 0x0009fc00-0x0009ffff]
[    0.974801] e820: register RAM buffer resource [mem 0xbffe0000-0xbfffffff]
[    0.976925] vgaarb: loaded
[    0.977826] hpet0: at MMIO 0xfed00000, IRQs 2, 8, 0
[    0.978800] hpet0: 3 comparators, 64-bit 100.000000 MHz counter
[    0.993787] clocksource: Switched to clocksource kvm-clock
[    0.998728] Callback from call_rcu_tasks() invoked.
[    1.000097] VFS: Disk quotas dquot_6.6.0
[    1.001250] VFS: Dquot-cache hash table entries: 512 (4096 bytes)
[    1.004760] pnp: PnP ACPI init
[    1.006286] pnp 00:02: [dma 2]
[    1.008043] pnp: PnP ACPI: found 4 devices
[    1.027368] clocksource: acpi_pm: mask: 0xffffff max_cycles: 0xffffff, max_idle_ns: 2085701024 ns
[    1.029674] NET: Registered PF_INET protocol family
[    1.031031] IP idents hash table entries: 65536 (order: 7, 524288 bytes, linear)
[    1.033876] tcp_listen_portaddr_hash hash table entries: 2048 (order: 6, 147456 bytes, linear)
[    1.036198] Table-perturb hash table entries: 65536 (order: 6, 262144 bytes, linear)
[    1.038078] TCP established hash table entries: 32768 (order: 6, 262144 bytes, linear)
[    1.040960] TCP bind hash table entries: 32768 (order: 11, 4718592 bytes, vmalloc hugepage)
[    1.047975] TCP: Hash tables configured (established 32768 bind 32768)
[    1.049910] MPTCP token hash table entries: 4096 (order: 7, 360448 bytes, linear)
[    1.051887] UDP hash table entries: 2048 (order: 7, 524288 bytes, linear)
[    1.053867] NET: Registered PF_UNIX/PF_LOCAL protocol family
[    1.057136] RPC: Registered named UNIX socket transport module.
[    1.058641] RPC: Registered udp transport module.
[    1.059799] RPC: Registered tcp transport module.
[    1.060930] RPC: Registered tcp-with-tls transport module.
[    1.062373] RPC: Registered tcp NFSv4.1 backchannel transport module.
[    1.064749] NET: Registered PF_XDP protocol family
[    1.065998] pci_bus 0000:00: resource 4 [io  0x0000-0x0cf7 window]
[    1.067441] pci_bus 0000:00: resource 5 [io  0x0d00-0xffff window]
[    1.068922] pci_bus 0000:00: resource 6 [mem 0x000a0000-0x000bffff window]
[    1.070658] pci_bus 0000:00: resource 7 [mem 0xc0000000-0xfebfffff window]
[    1.072294] pci_bus 0000:00: resource 8 [mem 0x380000000000-0x38007fffffff window]
[    1.074345] pci 0000:00:01.0: PIIX3: Enabling Passive Release
[    1.075748] pci 0000:00:00.0: Limiting direct PCI/PCI transfers
[    1.077458] PCI: CLS 0 bytes, default 64
[    1.078647] PCI-DMA: Using software bounce buffering for IO (SWIOTLB)
[    1.080231] software IO TLB: mapped [mem 0x00000000bbfe0000-0x00000000bffe0000] (64MB)
[    1.082699] clocksource: tsc: mask: 0xffffffffffffffff max_cycles: 0x310274de655, max_idle_ns: 440795359465 ns
[    1.090364] Initialise system trusted keyrings
[    1.091823] workingset: timestamp_bits=40 (anon: 35) max_order=20 bucket_order=0 (anon: 0)
[    1.094666] squashfs: version 4.0 (2009/01/31) Phillip Lougher
[    1.096525] NFS: Registering the id_resolver key type
[    1.097912] Key type id_resolver registered
[    1.098940] Key type id_legacy registered
[    1.099926] nfs4filelayout_init: NFSv4 File Layout Driver Registering...
[    1.101605] nfs4flexfilelayout_init: NFSv4 Flexfile Layout Driver Registering...
[    1.103592] fuse: init (API version 7.45)
[    1.104850] 9p: Installing v9fs 9p2000 file system support
[    1.107587] NET: Registered PF_ALG protocol family
[    1.108811] Key type asymmetric registered
[    1.109875] Asymmetric key parser 'x509' registered
[    1.111200] Block layer SCSI generic (bsg) driver version 0.4 loaded (major 248)
[    1.113676] io scheduler mq-deadline registered
[    1.114771] io scheduler kyber registered
[    1.116994] input: Power Button as /devices/platform/LNXPWRBN:00/input/input0
[    1.119124] ACPI: button: Power Button [PWRF]
[    1.256054] ACPI: \_SB_.LNKB: Enabled at IRQ 10
[    1.392158] ACPI: \_SB_.LNKD: Enabled at IRQ 11
[    1.528830] ACPI: \_SB_.LNKA: Enabled at IRQ 10
[    1.800210] ACPI: \_SB_.LNKC: Enabled at IRQ 11
[    2.032357] kwatchdog (73) used greatest stack depth: 14776 bytes left
[    2.122589] Serial: 8250/16550 driver, 4 ports, IRQ sharing enabled
[    2.125448] 00:03: ttyS0 at I/O 0x3f8 (irq = 4, base_baud = 115200) is a 16550A
[    2.346082] Non-volatile memory driver v1.3
[    2.347937] ACPI: bus type drm_connector registered
[    2.366765] brd: module loaded
[    2.377527] loop: module loaded
[    2.382838] scsi host0: ata_piix
[    2.384580] scsi host1: ata_piix
[    2.385708] ata1: PATA max MWDMA2 cmd 0x1f0 ctl 0x3f6 bmdma 0xc1c0 irq 14 lpm-pol 0
[    2.387558] ata2: PATA max MWDMA2 cmd 0x170 ctl 0x376 bmdma 0xc1c8 irq 15 lpm-pol 0
[    2.393702] tun: Universal TUN/TAP device driver, 1.6
[    2.395399] e100: Intel(R) PRO/100 Network Driver
[    2.396599] e100: Copyright(c) 1999-2006 Intel Corporation
[    2.398049] e1000: Intel(R) PRO/1000 Network Driver
[    2.399220] e1000: Copyright (c) 1999-2006 Intel Corporation.
[    2.400760] e1000e: Intel(R) PRO/1000 Network Driver
[    2.402042] e1000e: Copyright(c) 1999 - 2015 Intel Corporation.
[    2.403538] sky2: driver version 1.30
[    2.405718] usbcore: registered new interface driver usblp
[    2.407190] usbcore: registered new interface driver usb-storage
[    2.408769] i8042: PNP: PS/2 Controller [PNP0303:KBD,PNP0f13:MOU] at 0x60,0x64 irq 1,12
[    2.412453] serio: i8042 KBD port at 0x60,0x64 irq 1
[    2.414227] serio: i8042 AUX port at 0x60,0x64 irq 12
[    2.416398] rtc_cmos PNP0B00:00: RTC can wake from S4
[    2.419599] input: AT Translated Set 2 keyboard as /devices/platform/i8042/serio0/input/input1
[    2.421611] rtc_cmos PNP0B00:00: registered as rtc0
[    2.423700] rtc_cmos PNP0B00:00: alarms up to one day, y3k, 242 bytes nvram, hpet irqs
[    2.426164] Registered IR keymap rc-empty
[    2.427395] rc rc0: rc-core loopback device as /devices/virtual/rc/rc0
[    2.429643] rc rc0: lirc_dev: driver rc-loopback registered at minor = 0, raw IR receiver, raw IR transmitter
[    2.433877] input: rc-core loopback device as /devices/virtual/rc/rc0/input2
[    2.437915] intel_powerclamp: CPU does not support MWAIT
[    2.439225] device-mapper: core: CONFIG_IMA_DISABLE_HTABLE is disabled. Duplicate IMA measurements will not be recorded in the IMA log.
[    2.442489] device-mapper: ioctl: 4.50.0-ioctl (2025-04-28) initialised: dm-devel@lists.linux.dev
[    2.445310] hid: raw HID events driver (C) Jiri Kosina
[    2.448244] usbcore: registered new interface driver usbhid
[    2.449635] usbhid: USB HID core driver
[    2.451838] GACT probability NOT on
[    2.452733] Mirror/redirect action on
[    2.454491] nf_conntrack_irc: The irc conntrack helper is scheduled for removal.
[    2.454491] Please contact the netfilter-devel mailing list if you still need this.
[    2.458894] ipip: IPv4 and MPLS over IPv4 tunneling driver
[    2.461720] gre: GRE over IPv4 demultiplexer driver
[    2.462927] ip_gre: GRE over IPv4 tunneling driver
[    2.466516] Initializing XFRM netlink socket
[    2.467583] IPsec XFRM device driver
[    2.468571] NET: Registered PF_INET6 protocol family
[    2.471125] Segment Routing with IPv6
[    2.472057] In-situ OAM (IOAM) with IPv6
[    2.473551] mip6: Mobile IPv6
[    2.474392] sit: IPv6, IPv4 and MPLS over IPv4 tunneling driver
[    2.477754] ip6_gre: GRE over IPv6 tunneling driver
[    2.479617] NET: Registered PF_PACKET protocol family
[    2.480956] RPC: Registered rdma transport module.
[    2.482151] RPC: Registered rdma backchannel transport module.
[    2.483895] 8021q: 802.1Q VLAN Support v1.8
[    2.485459] smc: adding smcd device lo without pnetid
[    2.487318] NET: Registered PF_SMC protocol family
[    2.488999] 9pnet: Installing 9P2000 support
[    2.491875] Key type dns_resolver registered
[    2.493200] NET: Registered PF_VSOCK protocol family
[    2.494469] mpls_gso: MPLS GSO support
[    2.497542] IPI shorthand broadcast: enabled
[    2.544449] ata2: found unknown device (class 0)
[    2.546756] sched_clock: Marking stable (2497023775, 48775272)->(2636078070, -90279023)
[    2.546798] ata2.00: ATAPI: QEMU DVD-ROM, 2.5+, max UDMA/100
[    2.552482] registered taskstats version 1
[    2.554215] scsi 1:0:0:0: CD-ROM            QEMU     QEMU DVD-ROM     2.5+ PQ: 0 ANSI: 5
[    2.577271] sr 1:0:0:0: [sr0] scsi3-mmc drive: 4x/4x cd/rw xa/form2 tray
[    2.586020] Loading compiled-in X.509 certificates
[    2.588550] kworker/u16:1 (92) used greatest stack depth: 14184 bytes left
[    2.589812] Loaded X.509 cert 'Build time autogenerated kernel key: c4531344b9a9c1a4731230d977a262ba29ba5272'
[    2.594604] cdrom: Uniform CD-ROM driver Revision: 3.20
[    2.608272] sr 1:0:0:0: Attached scsi CD-ROM sr0
[    2.611030] sr 1:0:0:0: Attached scsi generic sg0 type 5
[    2.636177] Demotion targets for Node 0: null
[    2.638866] ima: No TPM chip found, activating TPM-bypass!
[    2.640248] ima: Allocated hash algorithm: sha1
[    2.643262] ima: No architecture policies found
[    2.646095] PM:   Magic number: 10:89:946
[    2.647198] cpuid cpu1: hash matches
[    2.648151] tty tty3: hash matches
[    2.649436] processor cpu1: hash matches
[    2.651001] netconsole: network logging started
[    2.653112] cfg80211: Loading compiled-in X.509 certificates for regulatory database
[    2.656210] Loaded X.509 cert 'sforshee: 00b28ddf47aef9cea7'
[    2.657829] Loaded X.509 cert 'wens: 61c038651aabdcf94bd0ac7ff06c7248db18c600'
[    2.660430] ALSA device list:
[    2.660506] faux_driver regulatory: Direct firmware load for regulatory.db failed with error -2
[    2.661393]   No soundcards found.
[    2.663962] cfg80211: failed to load regulatory.db
[    2.850950] input: ImExPS/2 Generic Explorer Mouse as /devices/platform/i8042/serio1/input/input4
[    2.853094] md: Skipping autodetection of RAID arrays. (raid=autodetect will force)
[    2.854837] 9p: Bad value for 'source'
[    2.855491] 9pnet: Limiting 'msize' to 512000 as this is the maximum supported by transport virtio
[    2.858939] VFS: Mounted root (9p filesystem) on device 0:24.
[    2.860891] devtmpfs: mounted
[    2.861658] VFS: Pivoted into new rootfs
[    2.867240] Freeing unused kernel image (initmem) memory: 4688K
[    2.868221] Write protecting the kernel read-only data: 45056k
[    2.870127] Freeing unused kernel image (text/rodata gap) memory: 840K
[    2.871317] Freeing unused kernel image (rodata/data gap) memory: 128K
[    2.913151] x86/mm: Checked W+X mappings: passed, no W+X pages found.
[    2.914508] Run /home/prozak/.local/share/vng-venv/lib/python3.12/site-packages/virtme/guest/bin/virtme-ng-init as init process
[    2.916230]   with arguments:
[    2.916702]     /home/prozak/.local/share/vng-venv/lib/python3.12/site-packages/virtme/guest/bin/virtme-ng-init
[    2.918269]   with environment:
[    2.918763]     HOME=/
[    2.919164]     TERM=linux
[    2.919612]     virtme_hostname=virtme-ng
[    2.920250]     nr_open=1048576
[    2.920742]     virtme_link_mods=/home/prozak/sources/heimdall_experiment/uml-harness/.build/bpf-next-x86/.virtme_mods/lib/modules/0.0.0
[    2.922598]     virtme_rw_overlay0=/tmp
[    2.923212]     virtme_console=ttyS0
[    2.923809]     virtme_chdir=home/prozak/sources/heimdall_experiment/uml-harness/.build/selftests-output-qemu-lane3
[    3.021463] virtme-ng-init: mount devtmpfs -> /dev: EBUSY: Device or resource busy
[    3.023449] virtme-ng-init: Setting hostname to virtme-ng...
[    3.092888] virtme-ng-init: running systemd-tmpfiles
[    4.440684] systemd-tmpfile (99) used greatest stack depth: 12520 bytes left
[    4.440850] virtme-ng-init: basic initialization done
[    4.461716] virtme-ng-init: error creating file: Permission denied (os error 13)
[    4.574245] ip (104) used greatest stack depth: 11832 bytes left
[    4.708314] virtme-ng-init: Starting systemd-udevd version 255.4-1ubuntu8.17
[    4.709849] virtme-ng-init: triggering udev coldplug
[    8.575309] virtme-ng-init: waiting for udev to settle
[    9.569368] virtme-ng-init: udev is done
[    9.575000] virtme-ng-init: starting script
[    9.929234] bpf_testmod: loading out-of-tree module taints kernel.
[    9.930325] bpf_testmod: module verification failed: signature and/or required key missing - tainting kernel
[   10.710420] test_progs (160) used greatest stack depth: 11640 bytes left
[   10.718666] smc: removing smcd device lo
[   10.811406] ACPI: PM: Preparing to enter system sleep state S5
[   10.813288] reboot: Power down
