[swap] installed stream.bpf.o as stream.bpf.o (rust)
  GEN-SKEL     [test_progs] stream.skel.h
  LINK-BPF     [test_progs] test_static_linked.bpf.o
  LINK-BPF     [test_progs] linked_funcs.bpf.o
  LINK-BPF     [test_progs] linked_vars.bpf.o
  LINK-BPF     [test_progs] linked_maps.bpf.o
  LINK-BPF     [test_progs] test_subskeleton.bpf.o
  LINK-BPF     [test_progs] test_subskeleton_lib.bpf.o
  LINK-BPF     [test_progs] test_usdt.bpf.o
  LINK-BPF     [test_progs] tracing_multi.bpf.o
  LINK-BPF     [test_progs] tracing_multi_module.bpf.o
  LINK-BPF     [test_progs] tracing_multi_intersect.bpf.o
  GEN-SKEL     [test_progs] linked_maps.skel.h
  GEN-SKEL     [test_progs] linked_vars.skel.h
  LINK-BPF     [test_progs] tracing_multi_session.bpf.o
  GEN-SKEL     [test_progs] test_static_linked.skel.h
  GEN-SKEL     [test_progs] test_subskeleton.skel.h
  GEN-SKEL     [test_progs] linked_funcs.skel.h
  GEN-SKEL     [test_progs] tracing_multi.skel.h
  GEN-SKEL     [test_progs] test_subskeleton_lib.skel.h
  LINK-BPF     [test_progs-cpuv4] test_static_linked.bpf.o
  LINK-BPF     [test_progs-cpuv4] linked_funcs.bpf.o
  GEN-SKEL     [test_progs] test_usdt.skel.h
  LINK-BPF     [test_progs-cpuv4] linked_vars.bpf.o
  LINK-BPF     [test_progs-cpuv4] linked_maps.bpf.o
  LINK-BPF     [test_progs-cpuv4] test_subskeleton.bpf.o
  GEN-SKEL     [test_progs] tracing_multi_module.skel.h
  LINK-BPF     [test_progs-cpuv4] test_subskeleton_lib.bpf.o
  GEN-SKEL     [test_progs] tracing_multi_intersect.skel.h
  LINK-BPF     [test_progs-cpuv4] test_usdt.bpf.o
  GEN-SKEL     [test_progs-cpuv4] test_static_linked.skel.h
  LINK-BPF     [test_progs-cpuv4] tracing_multi.bpf.o
  LINK-BPF     [test_progs-cpuv4] tracing_multi_module.bpf.o
  GEN-SKEL     [test_progs-cpuv4] linked_vars.skel.h
  GEN-SKEL     [test_progs] tracing_multi_session.skel.h
  LINK-BPF     [test_progs-cpuv4] tracing_multi_intersect.bpf.o
  GEN-SKEL     [test_progs-cpuv4] linked_maps.skel.h
  GEN-SKEL     [test_progs-cpuv4] linked_funcs.skel.h
  GEN-SKEL     [test_progs-cpuv4] test_subskeleton.skel.h
  LINK-BPF     [test_progs-cpuv4] tracing_multi_session.bpf.o
  GEN-SKEL     [test_progs-cpuv4] tracing_multi.skel.h
  GEN-SKEL     [test_progs-cpuv4] test_usdt.skel.h
  GEN-SKEL     [test_progs-cpuv4] test_subskeleton_lib.skel.h
  GEN-SKEL     [test_progs-cpuv4] tracing_multi_intersect.skel.h
  GEN-SKEL     [test_progs-cpuv4] tracing_multi_module.skel.h
  GEN-SKEL     [test_progs-cpuv4] tracing_multi_session.skel.h
  LINK-BPF     [test_progs-no_alu32] test_static_linked.bpf.o
  LINK-BPF     [test_progs-no_alu32] linked_funcs.bpf.o
  LINK-BPF     [test_progs-no_alu32] linked_vars.bpf.o
  LINK-BPF     [test_progs-no_alu32] linked_maps.bpf.o
  LINK-BPF     [test_progs-no_alu32] test_subskeleton.bpf.o
  LINK-BPF     [test_progs-no_alu32] test_subskeleton_lib.bpf.o
  LINK-BPF     [test_progs-no_alu32] test_usdt.bpf.o
  LINK-BPF     [test_progs-no_alu32] tracing_multi.bpf.o
  GEN-SKEL     [test_progs-no_alu32] test_static_linked.skel.h
  GEN-SKEL     [test_progs-no_alu32] linked_vars.skel.h
  LINK-BPF     [test_progs-no_alu32] tracing_multi_module.bpf.o
  LINK-BPF     [test_progs-no_alu32] tracing_multi_intersect.bpf.o
  GEN-SKEL     [test_progs-no_alu32] linked_funcs.skel.h
  LINK-BPF     [test_progs-no_alu32] tracing_multi_session.bpf.o
  GEN-SKEL     [test_progs-no_alu32] linked_maps.skel.h
  GEN-SKEL     [test_progs-no_alu32] test_subskeleton.skel.h
  GEN-SKEL     [test_progs-no_alu32] test_usdt.skel.h
  GEN-SKEL     [test_progs-no_alu32] test_subskeleton_lib.skel.h
  GEN-SKEL     [test_progs-no_alu32] tracing_multi.skel.h
  GEN-SKEL     [test_progs-no_alu32] tracing_multi_intersect.skel.h
  GEN-SKEL     [test_progs-no_alu32] tracing_multi_session.skel.h
  GEN-SKEL     [test_progs-no_alu32] tracing_multi_module.skel.h
  LINK-BPF     [test_progs] test_static_linked.bpf.o
  LINK-BPF     [test_progs] linked_funcs.bpf.o
  LINK-BPF     [test_progs] linked_vars.bpf.o
  LINK-BPF     [test_progs] linked_maps.bpf.o
  LINK-BPF     [test_progs] test_subskeleton.bpf.o
  GEN-SKEL     [test_progs] test_static_linked.skel.h
  LINK-BPF     [test_progs] test_subskeleton_lib.bpf.o
  LINK-BPF     [test_progs] test_usdt.bpf.o
  LINK-BPF     [test_progs] tracing_multi.bpf.o
  GEN-SKEL     [test_progs] linked_funcs.skel.h
  LINK-BPF     [test_progs] tracing_multi_module.bpf.o
  GEN-SKEL     [test_progs] linked_vars.skel.h
  LINK-BPF     [test_progs] tracing_multi_intersect.bpf.o
  LINK-BPF     [test_progs] tracing_multi_session.bpf.o
  GEN-SKEL     [test_progs] test_subskeleton.skel.h
  GEN-SKEL     [test_progs] linked_maps.skel.h
  GEN-SKEL     [test_progs] tracing_multi.skel.h
  GEN-SKEL     [test_progs] tracing_multi_session.skel.h
  GEN-SKEL     [test_progs] test_subskeleton_lib.skel.h
  GEN-SKEL     [test_progs] test_usdt.skel.h
  LINK-BPF     [test_progs-cpuv4] test_static_linked.bpf.o
  GEN-SKEL     [test_progs] tracing_multi_module.skel.h
  LINK-BPF     [test_progs-cpuv4] linked_funcs.bpf.o
  GEN-SKEL     [test_progs] tracing_multi_intersect.skel.h
  LINK-BPF     [test_progs-cpuv4] linked_vars.bpf.o
  LINK-BPF     [test_progs-cpuv4] linked_maps.bpf.o
  LINK-BPF     [test_progs-cpuv4] test_subskeleton.bpf.o
  LINK-BPF     [test_progs-cpuv4] test_subskeleton_lib.bpf.o
  LINK-BPF     [test_progs-cpuv4] test_usdt.bpf.o
  LINK-BPF     [test_progs-cpuv4] tracing_multi.bpf.o
  LINK-BPF     [test_progs-cpuv4] tracing_multi_module.bpf.o
  LINK-BPF     [test_progs-cpuv4] tracing_multi_intersect.bpf.o
  GEN-SKEL     [test_progs-cpuv4] linked_vars.skel.h
  LINK-BPF     [test_progs-cpuv4] tracing_multi_session.bpf.o
  GEN-SKEL     [test_progs-cpuv4] linked_maps.skel.h
  GEN-SKEL     [test_progs-cpuv4] test_static_linked.skel.h
  GEN-SKEL     [test_progs-cpuv4] test_subskeleton.skel.h
  GEN-SKEL     [test_progs-cpuv4] linked_funcs.skel.h
  GEN-SKEL     [test_progs-cpuv4] tracing_multi_module.skel.h
  GEN-SKEL     [test_progs-cpuv4] test_usdt.skel.h
  GEN-SKEL     [test_progs-cpuv4] test_subskeleton_lib.skel.h
  GEN-SKEL     [test_progs-cpuv4] tracing_multi.skel.h
  GEN-SKEL     [test_progs-cpuv4] tracing_multi_intersect.skel.h
  GEN-SKEL     [test_progs-cpuv4] tracing_multi_session.skel.h
  LINK-BPF     [test_progs-no_alu32] test_static_linked.bpf.o
  LINK-BPF     [test_progs-no_alu32] linked_funcs.bpf.o
  LINK-BPF     [test_progs-no_alu32] linked_vars.bpf.o
  LINK-BPF     [test_progs-no_alu32] linked_maps.bpf.o
  LINK-BPF     [test_progs-no_alu32] test_subskeleton.bpf.o
  LINK-BPF     [test_progs-no_alu32] test_subskeleton_lib.bpf.o
  LINK-BPF     [test_progs-no_alu32] test_usdt.bpf.o
  LINK-BPF     [test_progs-no_alu32] tracing_multi.bpf.o
  LINK-BPF     [test_progs-no_alu32] tracing_multi_module.bpf.o
  LINK-BPF     [test_progs-no_alu32] tracing_multi_intersect.bpf.o
  LINK-BPF     [test_progs-no_alu32] tracing_multi_session.bpf.o
  GEN-SKEL     [test_progs-no_alu32] linked_vars.skel.h
  GEN-SKEL     [test_progs-no_alu32] linked_maps.skel.h
  GEN-SKEL     [test_progs-no_alu32] linked_funcs.skel.h
  GEN-SKEL     [test_progs-no_alu32] test_static_linked.skel.h
  GEN-SKEL     [test_progs-no_alu32] tracing_multi.skel.h
  GEN-SKEL     [test_progs-no_alu32] test_subskeleton.skel.h
  GEN-SKEL     [test_progs-no_alu32] test_subskeleton_lib.skel.h
  GEN-SKEL     [test_progs-no_alu32] tracing_multi_session.skel.h
  GEN-SKEL     [test_progs-no_alu32] test_usdt.skel.h
  GEN-SKEL     [test_progs-no_alu32] tracing_multi_module.skel.h
  GEN-SKEL     [test_progs-no_alu32] tracing_multi_intersect.skel.h
/home/prozak/sources/heimdall_experiment/uml-harness/.build/bpf-next-x86/tools/testing/selftests/bpf/prog_tests/stream.c: In function ‘test_stream_oversize’:
/home/prozak/sources/heimdall_experiment/uml-harness/.build/bpf-next-x86/tools/testing/selftests/bpf/prog_tests/stream.c:75:46: error: ‘struct <anonymous>’ has no member named ‘stream_oversize’
   75 |         prog_fd = bpf_program__fd(skel->progs.stream_oversize);
      |                                              ^
/home/prozak/sources/heimdall_experiment/uml-harness/.build/bpf-next-x86/tools/testing/selftests/bpf/prog_tests/stream.c: In function ‘test_stream_arena_fault_address’:
/home/prozak/sources/heimdall_experiment/uml-harness/.build/bpf-next-x86/tools/testing/selftests/bpf/prog_tests/stream.c:174:42: error: ‘struct <anonymous>’ has no member named ‘stream_arena_load_acquire_fault’; did you mean ‘stream_arena_callback_fault’?
  174 |                 test_address(skel->progs.stream_arena_load_acquire_fault, &skel->bss->fault_addr);
      |                                          ^~~~~~~~~~~~~~~~~~~~~~~~~~~~~~~
      |                                          stream_arena_callback_fault
/home/prozak/sources/heimdall_experiment/uml-harness/.build/bpf-next-x86/tools/testing/selftests/bpf/prog_tests/stream.c:176:42: error: ‘struct <anonymous>’ has no member named ‘stream_arena_xchg_fault’; did you mean ‘stream_arena_read_fault’?
  176 |                 test_address(skel->progs.stream_arena_xchg_fault, &skel->bss->fault_addr);
      |                                          ^~~~~~~~~~~~~~~~~~~~~~~
      |                                          stream_arena_read_fault
/home/prozak/sources/heimdall_experiment/uml-harness/.build/bpf-next-x86/tools/testing/selftests/bpf/prog_tests/stream.c:178:42: error: ‘struct <anonymous>’ has no member named ‘stream_arena_cmpxchg_fault’; did you mean ‘stream_arena_subprog_fault’?
  178 |                 test_address(skel->progs.stream_arena_cmpxchg_fault, &skel->bss->fault_addr);
      |                                          ^~~~~~~~~~~~~~~~~~~~~~~~~~
      |                                          stream_arena_subprog_fault
  SKIP-TEST    stream.test.o
failed to rebuild stream.test.o
