#474/1   stream_arena_fault_address/read_fault:OK
#474/2   stream_arena_fault_address/write_fault:OK
#474/3   stream_arena_fault_address/load_acquire_fault:OK
#474/4   stream_arena_fault_address/xchg_fault:OK
#474/5   stream_arena_fault_address/cmpxchg_fault:OK
#474     stream_arena_fault_address:OK
#475/1   stream_failure/stream_vprintk_null_arg:OK
#475/2   stream_failure/stream_vprintk_scalar_arg:OK
#475/3   stream_failure/stream_vprintk_string_arg:OK
#475     stream_failure:OK
#476     stream_oversize:OK
#477     stream_partial_read:OK
#478/1   stream_success/stream_exhaust:OK
#478/2   stream_success/stream_cond_break:OK
#478/3   stream_success/stream_deadlock:OK
#478/4   stream_success/stream_syscall:OK
#478/5   stream_success/stream_oversize:OK
#478/6   stream_success/stream_arena_write_fault:OK
#478/7   stream_success/stream_arena_read_fault:OK
#478/8   stream_success/stream_arena_load_acquire_fault:OK
#478/9   stream_success/stream_arena_xchg_fault:OK
#478/10  stream_success/stream_arena_cmpxchg_fault:OK
#478/11  stream_success/stream_arena_subprog_fault:OK
#478/12  stream_success/stream_arena_callback_fault:OK
#478/13  stream_success/stream_print_stack_kfunc:OK
#478/14  stream_success/stream_print_stack_invalid_id:OK
#478/15  stream_success/stream_print_kfuncs_locked:OK
#478     stream_success:OK
#479     stream_syscall:OK
Summary: 6/23 PASSED, 0 SKIPPED, 0/0 FAILED
rsion=9p2000.L,trans=virtio,access=any,msize=524288 raid=noautodetect rw debug init=/home/prozak/.local/share/vng-venv/lib/python3.12/site-packages/virtme/guest/bin/virtme-ng-init
[    0.000000] x86 CPU feature dependency check failure: CPU0 has '18*32+31' enabled but '18*32+26' disabled. Kernel might be fine, but no guarantees.
[    0.000000] BIOS-provided physical RAM map:
[    0.000000] BIOS-e820: [mem 0x0000000000000000-0x000000000009fbff]  System RAM
[    0.000000] BIOS-e820: [mem 0x000000000009fc00-0x000000000009ffff]  device reserved
[    0.000000] BIOS-e820: [gap 0x00000000000a0000-0x00000000000effff]
[    0.000000] BIOS-e820: [mem 0x00000000000f0000-0x00000000000fffff]  device reserved
[    0.000000] BIOS-e820: [mem 0x0000000000100000-0x00000000bffdffff]  System RAM
[    0.000000] BIOS-e820: [mem 0x00000000bffe0000-0x00000000bfffffff]  device reserved
[    0.000000] BIOS-e820: [gap 0x00000000c0000000-0x00000000feffbfff]
[    0.000000] BIOS-e820: [mem 0x00000000feffc000-0x00000000feffffff]  device reserved
[    0.000000] BIOS-e820: [gap 0x00000000ff000000-0x00000000fffbffff]
[    0.000000] BIOS-e820: [mem 0x00000000fffc0000-0x00000000ffffffff]  device reserved
[    0.000000] BIOS-e820: [mem 0x0000000100000000-0x000000013fffffff]  System RAM
[    0.000000] BIOS-e820: [gap 0x0000000140000000-0x000000fcffffffff]
[    0.000000] BIOS-e820: [mem 0x000000fd00000000-0x000000ffffffffff]  device reserved
[    0.000000] printk: legacy bootconsole [earlyser0] enabled
[    0.000000] NX (Execute Disable) protection: active
[    0.000000] APIC: Static calls initialized
[    0.000000] DMI: SMBIOS 3.0.0 present.
[    0.000000] DMI: QEMU Ubuntu 24.04 PC v2 (i440FX + PIIX, arch_caps fix, 1996), BIOS 1.16.3-debian-1.16.3-2 04/01/2014
[    0.000000] DMI: Memory slots populated: 1/1
[    0.000000] Hypervisor detected: KVM
[    0.000000] last_pfn = 0xbffe0 max_arch_pfn = 0x400000000
[    0.000000] kvm-clock: Using msrs 4b564d01 and 4b564d00
[    0.000009] kvm-clock: using sched offset of 586015769 cycles
[    0.001671] clocksource: kvm-clock: mask: 0xffffffffffffffff max_cycles: 0x1cd42e4dffb, max_idle_ns: 881590591483 ns
[    0.006760] tsc: Detected 3400.040 MHz processor
[    0.008859] e820: update [mem 0x00000000-0x00000fff] System RAM ==> device reserved
[    0.011343] e820: remove [mem 0x000a0000-0x000fffff] System RAM
[    0.013223] last_pfn = 0x140000 max_arch_pfn = 0x400000000
[    0.015259] MTRR map: 4 entries (3 fixed + 1 variable; max 19), built from 8 variable MTRRs
[    0.018013] x86/PAT: Configuration [0-7]: WB  WC  UC- UC  WB  WP  UC- WT  
Memory KASLR using RDRAND RDTSC...
[    0.021594] last_pfn = 0xbffe0 max_arch_pfn = 0x400000000
[    0.025147] found SMP MP-table at [mem 0x000f5450-0x000f545f]
[    0.026934] Using GB pages for direct mapping
[    0.030096] ACPI: Early table checksum verification disabled
[    0.032152] ACPI: RSDP 0x00000000000F5240 000014 (v00 BOCHS )
[    0.034038] ACPI: RSDT 0x00000000BFFE1D9D 000034 (v01 BOCHS  BXPC     00000001 BXPC 00000001)
[    0.036754] ACPI: FACP 0x00000000BFFE1C39 000074 (v01 BOCHS  BXPC     00000001 BXPC 00000001)
[    0.039505] ACPI: DSDT 0x00000000BFFE0040 001BF9 (v01 BOCHS  BXPC     00000001 BXPC 00000001)
[    0.042144] ACPI: FACS 0x00000000BFFE0000 000040
[    0.043670] ACPI: APIC 0x00000000BFFE1CAD 000090 (v03 BOCHS  BXPC     00000001 BXPC 00000001)
[    0.046207] ACPI: HPET 0x00000000BFFE1D3D 000038 (v01 BOCHS  BXPC     00000001 BXPC 00000001)
[    0.048845] ACPI: WAET 0x00000000BFFE1D75 000028 (v01 BOCHS  BXPC     00000001 BXPC 00000001)
[    0.051648] ACPI: Reserving FACP table memory at [mem 0xbffe1c39-0xbffe1cac]
[    0.053913] ACPI: Reserving DSDT table memory at [mem 0xbffe0040-0xbffe1c38]
[    0.056061] ACPI: Reserving FACS table memory at [mem 0xbffe0000-0xbffe003f]
[    0.058329] ACPI: Reserving APIC table memory at [mem 0xbffe1cad-0xbffe1d3c]
[    0.060526] ACPI: Reserving HPET table memory at [mem 0xbffe1d3d-0xbffe1d74]
[    0.062748] ACPI: Reserving WAET table memory at [mem 0xbffe1d75-0xbffe1d9c]
[    0.066155] No NUMA configuration found
[    0.067410] Faking a node at [mem 0x0000000000000000-0x000000013fffffff]
[    0.069625] NODE_DATA(0) allocated [mem 0x13fff9c80-0x13fffdfff]
[    0.073598] ACPI: PM-Timer IO Port: 0x608
[    0.074748] ACPI: LAPIC_NMI (acpi_id[0xff] dfl dfl lint[0x1])
[    0.076589] IOAPIC[0]: apic_id 0, version 17, address 0xfec00000, GSI 0-23
[    0.078931] ACPI: INT_SRC_OVR (bus 0 bus_irq 0 global_irq 2 dfl dfl)
[    0.081199] ACPI: INT_SRC_OVR (bus 0 bus_irq 5 global_irq 5 high level)
[    0.083493] ACPI: INT_SRC_OVR (bus 0 bus_irq 9 global_irq 9 high level)
[    0.085857] ACPI: INT_SRC_OVR (bus 0 bus_irq 10 global_irq 10 high level)
[    0.088175] ACPI: INT_SRC_OVR (bus 0 bus_irq 11 global_irq 11 high level)
[    0.090602] ACPI: Using ACPI (MADT) for SMP configuration information
[    0.092838] ACPI: HPET id: 0x8086a201 base: 0xfed00000
[    0.094596] TSC deadline timer available
[    0.096005] CPU topo: Max. logical packages:   1
[    0.097644] CPU topo: Max. logical nodes:      1
[    0.099209] CPU topo: Num. nodes per package:  1
[    0.100803] CPU topo: Max. logical dies:       1
[    0.102434] CPU topo: Max. dies per package:   1
[    0.104005] CPU topo: Max. threads per core:   1
[    0.105578] CPU topo: Num. cores per package:     4
[    0.107182] CPU topo: Num. threads per package:   4
[    0.108952] CPU topo: Allowing 4 present CPUs plus 0 hotplug CPUs
[    0.110955] kvm-guest: APIC: eoi() replaced with kvm_guest_apic_eoi_write()
[    0.113351] kvm-guest: KVM setup pv remote TLB flush
[    0.115047] kvm-guest: setup PV sched yield
[    0.116477] PM: hibernation: Registered nosave memory: [mem 0x00000000-0x00000fff]
[    0.118988] PM: hibernation: Registered nosave memory: [mem 0x0009f000-0x000fffff]
[    0.121569] PM: hibernation: Registered nosave memory: [mem 0xbffe0000-0xffffffff]
[    0.124100] [gap 0xc0000000-0xfeffbfff] available for PCI devices
[    0.126203] Booting paravirtualized kernel on KVM
[    0.127743] clocksource: refined-jiffies: mask: 0xffffffff max_cycles: 0xffffffff, max_idle_ns: 1910969940391419 ns
[    0.139245] Zone ranges:
[    0.140215]   DMA      [mem 0x0000000000001000-0x0000000000ffffff]
[    0.142237]   DMA32    [mem 0x0000000001000000-0x00000000ffffffff]
[    0.144245]   Normal   [mem 0x0000000100000000-0x000000013fffffff]
[    0.146321] Movable zone start for each node
[    0.147802] Early memory node ranges
[    0.148993]   node   0: [mem 0x0000000000001000-0x000000000009efff]
[    0.151115]   node   0: [mem 0x0000000000100000-0x00000000bffdffff]
[    0.153250]   node   0: [mem 0x0000000100000000-0x000000013fffffff]
[    0.155451] Initmem setup node 0 [mem 0x0000000000001000-0x000000013fffffff]
[    0.160367] On node 0, zone DMA: 1 pages in unavailable ranges
[    0.162495] On node 0, zone DMA: 97 pages in unavailable ranges
[    0.227618] On node 0, zone Normal: 32 pages in unavailable ranges
[    0.229805] setup_percpu: NR_CPUS:128 nr_cpumask_bits:4 nr_cpu_ids:4 nr_node_ids:1
[    0.233905] percpu: Embedded 58 pages/cpu s200144 r8192 d29232 u524288
[    0.236102] pcpu-alloc: s200144 r8192 d29232 u524288 alloc=1*2097152
[    0.238199] pcpu-alloc: [0] 0 1 2 3 
[    0.239486] Kernel command line: virtme_hostname=virtme-ng nr_open=1048576 virtme_link_mods=/home/prozak/sources/heimdall_experiment/uml-harness/.build/bpf-next-x86/.virtme_mods/lib/modules/0.0.0 virtme_rw_overlay0=/tmp virtme_console=ttyS0 console=ttyS0 earlyprintk=serial,ttyS0,115200 panic=-1 virtme.exec=`bW91bnQgLXQgYnBmIGJwZmZzIC9zeXMvZnMvYnBmIDI+L2Rldi9udWxsOyAuL3Rlc3RfcHJvZ3MgLXQgJ3N0cmVhbV9hcmVuYV9mYXVsdF9hZGRyZXNzLHN0cmVhbV9mYWlsdXJlLHN0cmVhbV9vdmVyc2l6ZSxzdHJlYW1fcGFydGlhbF9yZWFkLHN0cmVhbV9zdWNjZXNzLHN0cmVhbV9zeXNjYWxsJw==` virtme_chdir=home/prozak/sources/heimdall_experiment/uml-harness/.build/selftests-output-qemu-lane3 rootfstype=9p rootflags=version=9p2000.L,trans=virtio,access=any,msize=524288 raid=noautodetect rw debug init=/home/prozak/.local/share/vng-venv/lib/python3.12/site-packages/virtme/guest/bin/virtme-ng-init
[    0.264056] Unknown kernel command line parameters "virtme_hostname=virtme-ng nr_open=1048576 virtme_link_mods=/home/prozak/sources/heimdall_experiment/uml-harness/.build/bpf-next-x86/.virtme_mods/lib/modules/0.0.0 virtme_rw_overlay0=/tmp virtme_console=ttyS0 virtme_chdir=home/prozak/sources/heimdall_experiment/uml-harness/.build/selftests-output-qemu-lane3", will be passed to user space.
[    0.275811] random: crng init done
[    0.277000] printk: log buffer data + meta data: 2097152 + 7340032 = 9437184 bytes
[    0.282795] Dentry cache hash table entries: 524288 (order: 10, 4194304 bytes, linear)
[    0.287067] Inode-cache hash table entries: 262144 (order: 9, 2097152 bytes, linear)
[    0.289880] software IO TLB: area num 4.
[    0.366340] Fallback order for Node 0: 0 
[    0.366359] Built 1 zonelists, mobility grouping on.  Total pages: 1048446
[    0.370291] Policy zone: Normal
[    0.371424] mem auto-init: stack:all(zero), heap alloc:off, heap free:off
[    0.392009] SLUB: HWalign=64, Order=0-3, MinObjects=0, CPUs=4, Nodes=1
Poking KASLR using RDRAND RDTSC...
[    0.419700] ftrace: allocating 70083 entries in 276 pages
[    0.421522] ftrace: allocated 276 pages with 3 groups
[    0.423559] Dynamic Preempt: full
[    0.426481] Running RCU self tests
[    0.427669] Running RCU synchronous self tests
[    0.429141] rcu: Preemptible hierarchical RCU implementation.
[    0.431111] rcu: 	RCU event tracing is enabled.
[    0.432604] rcu: 	RCU lockdep checking is enabled.
[    0.434222] rcu: 	RCU restricting CPUs from NR_CPUS=128 to nr_cpu_ids=4.
[    0.436487] 	Trampoline variant of Tasks RCU enabled.
[    0.438265] 	Rude variant of Tasks RCU enabled.
[    0.439805] 	Tracing variant of Tasks RCU enabled.
[    0.441438] rcu: RCU calculated value of scheduler-enlistment delay is 100 jiffies.
[    0.443991] rcu: Adjusting geometry for rcu_fanout_leaf=16, nr_cpu_ids=4
[    0.447984] Running RCU synchronous self tests
[    0.449628] RCU Tasks: Setting shift to 2 and lim to 1 rcu_task_cb_adjust=1 rcu_task_cpu_ids=4.
[    0.452470] RCU Tasks Rude: Setting shift to 2 and lim to 1 rcu_task_cb_adjust=1 rcu_task_cpu_ids=4.
[    0.475951] NR_IRQS: 8448, nr_irqs: 456, preallocated irqs: 16
[    0.478460] rcu: srcu_init: Setting srcu_struct sizes based on contention.
[    0.480810] clocksource: jiffies: mask: 0xffffffff max_cycles: 0xffffffff, max_idle_ns: 1911260446275000 ns
[    0.484689] Console: colour *CGA 80x25
[    0.486113] printk: legacy console [ttyS0] enabled
[    0.486113] printk: legacy console [ttyS0] enabled
[    0.489351] printk: legacy bootconsole [earlyser0] disabled
[    0.489351] printk: legacy bootconsole [earlyser0] disabled
[    0.492951] Lock dependency validator: Copyright (c) 2006 Red Hat, Inc., Ingo Molnar
[    0.495648] ... MAX_LOCKDEP_SUBCLASSES:  8
[    0.496970] ... MAX_LOCK_DEPTH:          48
[    0.498365] ... MAX_LOCKDEP_KEYS:        8192
[    0.499899] ... CLASSHASH_SIZE:          4096
[    0.501398] ... MAX_LOCKDEP_ENTRIES:     32768
[    0.502845] ... MAX_LOCKDEP_CHAINS:      65536
[    0.504367] ... CHAINHASH_SIZE:          32768
[    0.505927]  memory used by lock dependency info: 6429 kB
[    0.507718]  memory used for stack traces: 4224 kB
[    0.509389]  per task-struct memory footprint: 1920 bytes
[    0.511294] ACPI: Core revision 20260408
[    0.513109] clocksource: hpet: mask: 0xffffffff max_cycles: 0xffffffff, max_idle_ns: 19112604467 ns
[    0.516618] APIC: Switch to symmetric I/O mode setup
[    0.519837] x2apic enabled
[    0.521890] APIC: Switched APIC routing to: physical x2apic
[    0.524084] kvm-guest: APIC: send_IPI_mask() replaced with kvm_send_ipi_mask()
[    0.526765] kvm-guest: APIC: send_IPI_mask_allbutself() replaced with kvm_send_ipi_mask_allbutself()
[    0.530274] kvm-guest: setup PV IPIs
[    0.535890] ..TIMER: vector=0x30 apic1=0 pin1=2 apic2=-1 pin2=-1
[    0.539725] clocksource: tsc-early: mask: 0xffffffffffffffff max_cycles: 0x310274de655, max_idle_ns: 440795359465 ns
[    0.543683] Calibrating delay loop (skipped) preset value.. 6800.08 BogoMIPS (lpj=3400040)
[    0.546390] x86/cpu: User Mode Instruction Prevention (UMIP) activated
[    0.547918] Last level iTLB entries: 4KB 512, 2MB 255, 4MB 127
[    0.548667] Last level dTLB entries: 4KB 512, 2MB 255, 4MB 127, 1GB 0
[    0.549699] mitigations: Enabled attack vectors: user_kernel, user_user, SMT mitigations: auto
[    0.551665] Speculative Store Bypass: Mitigation: Speculative Store Bypass disabled via prctl
[    0.552682] Speculative Return Stack Overflow: IBPB-extending microcode not applied!
[    0.553670] Speculative Return Stack Overflow: WARNING: See https://kernel.org/doc/html/latest/admin-guide/hw-vuln/srso.html for mitigation options.
[    0.553673] Transient Scheduler Attacks: Vulnerable: No microcode
[    0.555671] Spectre V2 : Mitigation: Retpolines
[    0.556667] Speculative Return Stack Overflow: Vulnerable: Safe RET, no microcode
[    0.557666] Spectre V1 : Mitigation: usercopy/swapgs barriers and __user pointer sanitization
[    0.558667] Spectre V2 : Spectre v2 / SpectreRSB: Filling RSB on context switch and VMEXIT
[    0.559667] Spectre V2 : Enabling Restricted Speculation for firmware calls
[    0.560675] Spectre V2 : mitigation: Enabling conditional Indirect Branch Prediction Barrier
[    0.561668] active return thunk: srso_alias_return_thunk
[    0.563752] x86/fpu: Supporting XSAVE feature 0x001: 'x87 floating point registers'
[    0.564667] x86/fpu: Supporting XSAVE feature 0x002: 'SSE registers'
[    0.565666] x86/fpu: Supporting XSAVE feature 0x004: 'AVX registers'
[    0.566670] x86/fpu: xstate_offset[2]:  576, xstate_sizes[2]:  256
[    0.567666] x86/fpu: Enabled xstate features 0x7, context size is 832 bytes, using 'compacted' format.
[    0.637608] pid_max: default: 32768 minimum: 301
[    0.638062] SELinux:  Initializing.
[    0.640923] LSM support for eBPF active
[    0.641955] Mount-cache hash table entries: 8192 (order: 4, 65536 bytes, linear)
[    0.642684] Mountpoint-cache hash table entries: 8192 (order: 4, 65536 bytes, linear)
[    0.645895] VFS: Finished mounting rootfs on nullfs
[    0.648962] Running RCU synchronous self tests
[    0.649669] Running RCU synchronous self tests
[    0.651339] smpboot: CPU0: AMD Ryzen 9 5950X 16-Core Processor (family: 0x19, model: 0x21, stepping: 0x2)
[    0.652891] Performance Events: Fam17h+ core perfctr, AMD PMU driver.
[    0.653729] ... version:                   0
[    0.654679] ... bit width:                 48
[    0.655679] ... generic counters:          6
[    0.656678] ... generic bitmap:            000000000000003f
[    0.657683] ... fixed-purpose counters:    0
[    0.658678] ... fixed-purpose bitmap:      0000000000000000
[    0.659677] ... value mask:                0000ffffffffffff
[    0.660675] ... max period:                00007fffffffffff
[    0.661680] ... global_ctrl mask:          000000000000003f
[    0.663325] signal: max sigframe size: 1776
[    0.663989] rcu: Hierarchical SRCU implementation.
[    0.664677] rcu: 	Max phase no-delay instances is 400.
[    0.666019] Timer migration: 1 hierarchy levels; 8 children per group; 1 crossnode level
[    0.686305] smp: Bringing up secondary CPUs ...
[    0.688281] smpboot: x86: Booting SMP configuration:
[    0.688678] .... node  #0, CPUs:      #1 #2 #3
[    0.703252] smp: Brought up 1 node, 4 CPUs
[    0.704696] smpboot: Total of 4 processors activated (27200.32 BogoMIPS)
[    0.709383] Memory: 3966616K/4193784K available (25781K kernel code, 10327K rwdata, 18304K rodata, 4688K init, 13400K bss, 220948K reserved, 0K cma-reserved)
[    0.718677] devtmpfs: initialized
[    0.724372] Running RCU synchronous self tests
[    0.724719] Running RCU synchronous self tests
[    0.726788] Running RCU Tasks wait API self tests
[    0.727760] Running RCU Tasks Rude wait API self tests
[    0.728680] Running RCU Tasks Trace wait API self tests
[    0.730087] posixtimers hash table entries: 2048 (order: 6, 147456 bytes, linear)
[    0.730979] futex hash table entries: 1024 (131072 bytes on 1 NUMA nodes, total 128 KiB, linear).
[    0.733630] PM: RTC time: 18:00:27, date: 2026-09-05
[    0.733742] Callback from call_rcu_tasks_trace() invoked.
[    0.736354] NET: Registered PF_NETLINK/PF_ROUTE protocol family
[    0.738308] audit: initializing netlink subsys (disabled)
[    0.738851] audit: type=2000 audit(1788631227.594:1): state=initialized audit_enabled=0 res=1
[    0.771093] thermal_sys: Registered thermal governor 'step_wise'
[    0.771232] cpuidle: using governor ladder
[    0.772738] cpuidle: using governor menu
[    0.777919] PCI: Using configuration type 1 for base access
[    0.778680] PCI: Using configuration type 1 for extended access
[    0.780072] kprobes: kprobe jump-optimization is enabled. All kprobes are optimized if possible.
[    0.789964] HugeTLB: registered 1.00 GiB page size, pre-allocated 0 pages
[    0.795688] HugeTLB: 16380 KiB vmemmap can be freed for a 1.00 GiB page
[    0.797697] HugeTLB: registered 2.00 MiB page size, pre-allocated 0 pages
[    0.802685] HugeTLB: 28 KiB vmemmap can be freed for a 2.00 MiB page
[    0.866488] ACPI: Added _OSI(Module Device)
[    0.868683] ACPI: Added _OSI(Processor Device)
[    0.873688] ACPI: Added _OSI(Processor Aggregator Device)
[    0.884823] ACPI: 1 ACPI AML tables successfully acquired and loaded
[    0.900917] ACPI: \_SB_: platform _OSC: OS support mask [002a7eee]
[    0.902752] ACPI: Interpreter enabled
[    0.904035] ACPI: PM: (supports S0 S3 S4 S5)
[    0.904707] ACPI: Using IOAPIC for interrupt routing
[    0.905801] PCI: Using host bridge windows from ACPI; if necessary, use "pci=nocrs" and report a bug
[    0.906676] PCI: Using E820 reservations for host bridge windows
[    0.908356] ACPI: Enabled 2 GPEs in block 00 to 0F
[    0.929748] ACPI: PCI Root Bridge [PCI0] (domain 0000 [bus 00-ff])
[    0.932199] PCI host bridge to bus 0000:00
[    0.932698] pci_bus 0000:00: root bus resource [io  0x0000-0x0cf7 window]
[    0.933681] pci_bus 0000:00: root bus resource [io  0x0d00-0xffff window]
[    0.934677] pci_bus 0000:00: root bus resource [mem 0x000a0000-0x000bffff window]
[    0.935686] pci_bus 0000:00: root bus resource [mem 0xc0000000-0xfebfffff window]
[    0.936687] pci_bus 0000:00: root bus resource [mem 0x380000000000-0x38007fffffff window]
[    0.937685] pci_bus 0000:00: root bus resource [bus 00-ff]
[    0.939582] pci 0000:00:00.0: [8086:1237] type 00 class 0x060000 conventional PCI endpoint
[    0.942779] pci 0000:00:01.0: [8086:7000] type 00 class 0x060100 conventional PCI endpoint
[    0.945955] pci 0000:00:01.1: [8086:7010] type 00 class 0x010180 conventional PCI endpoint
[    0.948844] pci 0000:00:01.1: BAR 4 [io  0xc1c0-0xc1cf]
[    0.949827] pci 0000:00:01.1: BAR 0 [io  0x01f0-0x01f7]: legacy IDE quirk
[    0.950677] pci 0000:00:01.1: BAR 1 [io  0x03f6]: legacy IDE quirk
[    0.951677] pci 0000:00:01.1: BAR 2 [io  0x0170-0x0177]: legacy IDE quirk
[    0.952757] pci 0000:00:01.1: BAR 3 [io  0x0376]: legacy IDE quirk
[    0.955096] pci 0000:00:01.3: [8086:7113] type 00 class 0x068000 conventional PCI endpoint
[    0.956800] pci 0000:00:01.3: quirk: [io  0x0600-0x063f] claimed by PIIX4 ACPI
[    0.957706] pci 0000:00:01.3: quirk: [io  0x0700-0x070f] claimed by PIIX4 SMB
[    0.960656] pci 0000:00:02.0: [1af4:1009] type 00 class 0x000200 conventional PCI endpoint
[    0.962739] pci 0000:00:02.0: BAR 0 [io  0xc000-0xc03f]
[    0.963710] pci 0000:00:02.0: BAR 1 [mem 0xfebf8000-0xfebf8fff]
[    0.964815] pci 0000:00:02.0: BAR 4 [mem 0x380000000000-0x380000003fff 64bit pref]
[    0.971698] pci 0000:00:03.0: [8086:25ab] type 00 class 0x088000 conventional PCI endpoint
[    0.974600] pci 0000:00:03.0: BAR 0 [mem 0xfebf9000-0xfebf900f]
[    0.979712] pci 0000:00:04.0: [1af4:1003] type 00 class 0x078000 conventional PCI endpoint
[    0.982872] pci 0000:00:04.0: BAR 0 [io  0xc040-0xc07f]
[    0.983703] pci 0000:00:04.0: BAR 1 [mem 0xfebfa000-0xfebfafff]
[    0.984764] pci 0000:00:04.0: BAR 4 [mem 0x380000004000-0x380000007fff 64bit pref]
[    0.991644] pci 0000:00:05.0: [1af4:1003] type 00 class 0x078000 conventional PCI endpoint
[    0.993715] pci 0000:00:05.0: BAR 0 [io  0xc080-0xc0bf]
[    0.994702] pci 0000:00:05.0: BAR 1 [mem 0xfebfb000-0xfebfbfff]
[    0.995812] pci 0000:00:05.0: BAR 4 [mem 0x380000008000-0x38000000bfff 64bit pref]
[    1.003464] pci 0000:00:06.0: [1af4:1003] type 00 class 0x078000 conventional PCI endpoint
[    1.005716] pci 0000:00:06.0: BAR 0 [io  0xc0c0-0xc0ff]
[    1.006733] pci 0000:00:06.0: BAR 1 [mem 0xfebfc000-0xfebfcfff]
[    1.007800] pci 0000:00:06.0: BAR 4 [mem 0x38000000c000-0x38000000ffff 64bit pref]
[    1.015804] pci 0000:00:07.0: [1af4:1003] type 00 class 0x078000 conventional PCI endpoint
[    1.019725] pci 0000:00:07.0: BAR 0 [io  0xc100-0xc13f]
[    1.020709] pci 0000:00:07.0: BAR 1 [mem 0xfebfd000-0xfebfdfff]
[    1.021778] pci 0000:00:07.0: BAR 4 [mem 0x380000010000-0x380000013fff 64bit pref]
[    1.029680] pci 0000:00:08.0: [1af4:1003] type 00 class 0x078000 conventional PCI endpoint
[    1.032730] pci 0000:00:08.0: BAR 0 [io  0xc140-0xc17f]
[    1.033708] pci 0000:00:08.0: BAR 1 [mem 0xfebfe000-0xfebfefff]
[    1.034796] pci 0000:00:08.0: BAR 4 [mem 0x380000014000-0x380000017fff 64bit pref]
[    1.042050] pci 0000:00:09.0: [1af4:1003] type 00 class 0x078000 conventional PCI endpoint
[    1.044717] pci 0000:00:09.0: BAR 0 [io  0xc180-0xc1bf]
[    1.045724] pci 0000:00:09.0: BAR 1 [mem 0xfebff000-0xfebfffff]
[    1.048205] pci 0000:00:09.0: BAR 4 [mem 0x380000018000-0x38000001bfff 64bit pref]
[    1.055715] Callback from call_rcu_tasks() invoked.
[    1.067694] ACPI: PCI: Interrupt link LNKA configured for IRQ 10
[    1.069198] ACPI: PCI: Interrupt link LNKB configured for IRQ 10
[    1.070177] ACPI: PCI: Interrupt link LNKC configured for IRQ 11
[    1.071169] ACPI: PCI: Interrupt link LNKD configured for IRQ 11
[    1.071889] ACPI: PCI: Interrupt link LNKS configured for IRQ 9
[    1.075844] iommu: Default domain type: Translated
[    1.076677] iommu: DMA domain TLB invalidation policy: lazy mode
[    1.079362] SCSI subsystem initialized
[    1.080208] libata version 3.00 loaded.
[    1.080983] ACPI: bus type USB registered
[    1.082003] usbcore: registered new interface driver usbfs
[    1.082819] usbcore: registered new interface driver hub
[    1.083819] usbcore: registered new device driver usb
[    1.084952] pps_core: LinuxPPS API ver. 1 registered
[    1.085678] pps_core: Software ver. 5.3.6 - Copyright 2005-2007 Rodolfo Giometti <giometti@linux.it>
[    1.086722] PTP clock support registered
[    1.088823] Advanced Linux Sound Architecture Driver Initialized.
[    1.091868] NetLabel: Initializing
[    1.092678] NetLabel:  domain hash size = 128
[    1.093676] NetLabel:  protocols = UNLABELED CIPSOv4 CALIPSO
[    1.094806] NetLabel:  unlabeled traffic allowed by default
[    1.096966] PCI: Using ACPI for IRQ routing
[    1.097685] PCI: pci_cache_line_size set to 64 bytes
[    1.099493] e820: register RAM buffer resource [mem 0x0009fc00-0x0009ffff]
[    1.099684] e820: register RAM buffer resource [mem 0xbffe0000-0xbfffffff]
[    1.101151] vgaarb: loaded
[    1.102066] hpet0: at MMIO 0xfed00000, IRQs 2, 8, 0
[    1.102678] hpet0: 3 comparators, 64-bit 100.000000 MHz counter
[    1.151056] clocksource: Switched to clocksource kvm-clock
[    1.158150] VFS: Disk quotas dquot_6.6.0
[    1.163333] VFS: Dquot-cache hash table entries: 512 (4096 bytes)
[    1.170268] pnp: PnP ACPI init
[    1.173055] pnp 00:02: [dma 2]
[    1.175711] pnp: PnP ACPI: found 4 devices
[    1.211024] clocksource: acpi_pm: mask: 0xffffff max_cycles: 0xffffff, max_idle_ns: 2085701024 ns
[    1.214740] NET: Registered PF_INET protocol family
[    1.217331] IP idents hash table entries: 65536 (order: 7, 524288 bytes, linear)
[    1.225182] tcp_listen_portaddr_hash hash table entries: 2048 (order: 6, 147456 bytes, linear)
[    1.229146] Table-perturb hash table entries: 65536 (order: 6, 262144 bytes, linear)
[    1.232582] TCP established hash table entries: 32768 (order: 6, 262144 bytes, linear)
[    1.236296] TCP bind hash table entries: 32768 (order: 11, 4718592 bytes, vmalloc hugepage)
[    1.248306] TCP: Hash tables configured (established 32768 bind 32768)
[    1.253166] MPTCP token hash table entries: 4096 (order: 7, 360448 bytes, linear)
[    1.256366] UDP hash table entries: 2048 (order: 7, 524288 bytes, linear)
[    1.261466] NET: Registered PF_UNIX/PF_LOCAL protocol family
[    1.267349] RPC: Registered named UNIX socket transport module.
[    1.269568] RPC: Registered udp transport module.
[    1.271171] RPC: Registered tcp transport module.
[    1.273549] RPC: Registered tcp-with-tls transport module.
[    1.275604] RPC: Registered tcp NFSv4.1 backchannel transport module.
[    1.279597] NET: Registered PF_XDP protocol family
[    1.282314] pci_bus 0000:00: resource 4 [io  0x0000-0x0cf7 window]
[    1.284316] pci_bus 0000:00: resource 5 [io  0x0d00-0xffff window]
[    1.287409] pci_bus 0000:00: resource 6 [mem 0x000a0000-0x000bffff window]
[    1.290697] pci_bus 0000:00: resource 7 [mem 0xc0000000-0xfebfffff window]
[    1.293324] pci_bus 0000:00: resource 8 [mem 0x380000000000-0x38007fffffff window]
[    1.297516] pci 0000:00:01.0: PIIX3: Enabling Passive Release
[    1.301993] pci 0000:00:00.0: Limiting direct PCI/PCI transfers
[    1.304944] PCI: CLS 0 bytes, default 64
[    1.307127] PCI-DMA: Using software bounce buffering for IO (SWIOTLB)
[    1.309671] software IO TLB: mapped [mem 0x00000000bbfe0000-0x00000000bffe0000] (64MB)
[    1.315221] clocksource: tsc: mask: 0xffffffffffffffff max_cycles: 0x310274de655, max_idle_ns: 440795359465 ns
[    1.333536] Initialise system trusted keyrings
[    1.336807] workingset: timestamp_bits=40 (anon: 35) max_order=20 bucket_order=0 (anon: 0)
[    1.342577] squashfs: version 4.0 (2009/01/31) Phillip Lougher
[    1.349473] NFS: Registering the id_resolver key type
[    1.355610] Key type id_resolver registered
[    1.357551] Key type id_legacy registered
[    1.359609] nfs4filelayout_init: NFSv4 File Layout Driver Registering...
[    1.362625] nfs4flexfilelayout_init: NFSv4 Flexfile Layout Driver Registering...
[    1.367204] fuse: init (API version 7.45)
[    1.369616] 9p: Installing v9fs 9p2000 file system support
[    1.378085] NET: Registered PF_ALG protocol family
[    1.380658] Key type asymmetric registered
[    1.382399] Asymmetric key parser 'x509' registered
[    1.384729] Block layer SCSI generic (bsg) driver version 0.4 loaded (major 248)
[    1.389436] io scheduler mq-deadline registered
[    1.391314] io scheduler kyber registered
[    1.395843] input: Power Button as /devices/platform/LNXPWRBN:00/input/input0
[    1.399825] ACPI: button: Power Button [PWRF]
[    1.636121] ACPI: \_SB_.LNKB: Enabled at IRQ 10
[    1.855374] ACPI: \_SB_.LNKD: Enabled at IRQ 11
[    2.046486] clocksource: Watchdog remote CPU 1 read timed out
[    2.080561] ACPI: \_SB_.LNKA: Enabled at IRQ 10
[    2.542684] ACPI: \_SB_.LNKC: Enabled at IRQ 11
[    2.972592] Serial: 8250/16550 driver, 4 ports, IRQ sharing enabled
[    2.976746] 00:03: ttyS0 at I/O 0x3f8 (irq = 4, base_baud = 115200) is a 16550A
[    3.323073] Non-volatile memory driver v1.3
[    3.326202] ACPI: bus type drm_connector registered
[    3.355469] brd: module loaded
[    3.376395] loop: module loaded
[    3.386399] scsi host0: ata_piix
[    3.389429] scsi host1: ata_piix
[    3.391282] ata1: PATA max MWDMA2 cmd 0x1f0 ctl 0x3f6 bmdma 0xc1c0 irq 14 lpm-pol 0
[    3.394703] ata2: PATA max MWDMA2 cmd 0x170 ctl 0x376 bmdma 0xc1c8 irq 15 lpm-pol 0
[    3.405503] tun: Universal TUN/TAP device driver, 1.6
[    3.407608] e100: Intel(R) PRO/100 Network Driver
[    3.409990] e100: Copyright(c) 1999-2006 Intel Corporation
[    3.412517] e1000: Intel(R) PRO/1000 Network Driver
[    3.414747] e1000: Copyright (c) 1999-2006 Intel Corporation.
[    3.417496] e1000e: Intel(R) PRO/1000 Network Driver
[    3.419627] e1000e: Copyright(c) 1999 - 2015 Intel Corporation.
[    3.422266] sky2: driver version 1.30
[    3.426205] usbcore: registered new interface driver usblp
[    3.428772] usbcore: registered new interface driver usb-storage
[    3.431531] i8042: PNP: PS/2 Controller [PNP0303:KBD,PNP0f13:MOU] at 0x60,0x64 irq 1,12
[    3.437497] serio: i8042 KBD port at 0x60,0x64 irq 1
[    3.440651] serio: i8042 AUX port at 0x60,0x64 irq 12
[    3.445057] rtc_cmos PNP0B00:00: RTC can wake from S4
[    3.448658] input: AT Translated Set 2 keyboard as /devices/platform/i8042/serio0/input/input1
[    3.454342] rtc_cmos PNP0B00:00: registered as rtc0
[    3.468928] rtc_cmos PNP0B00:00: alarms up to one day, y3k, 242 bytes nvram, hpet irqs
[    3.474015] Registered IR keymap rc-empty
[    3.477471] rc rc0: rc-core loopback device as /devices/virtual/rc/rc0
[    3.481289] rc rc0: lirc_dev: driver rc-loopback registered at minor = 0, raw IR receiver, raw IR transmitter
[    3.485769] input: rc-core loopback device as /devices/virtual/rc/rc0/input2
[    3.494566] intel_powerclamp: CPU does not support MWAIT
[    3.497242] device-mapper: core: CONFIG_IMA_DISABLE_HTABLE is disabled. Duplicate IMA measurements will not be recorded in the IMA log.
[    3.505753] device-mapper: ioctl: 4.50.0-ioctl (2025-04-28) initialised: dm-devel@lists.linux.dev
[    3.511638] hid: raw HID events driver (C) Jiri Kosina
[    3.516309] usbcore: registered new interface driver usbhid
[    3.519002] usbhid: USB HID core driver
[    3.523078] GACT probability NOT on
[    3.524843] Mirror/redirect action on
[    3.529709] nf_conntrack_irc: The irc conntrack helper is scheduled for removal.
[    3.529709] Please contact the netfilter-devel mailing list if you still need this.
[    3.537223] ipip: IPv4 and MPLS over IPv4 tunneling driver
[    3.541116] gre: GRE over IPv4 demultiplexer driver
[    3.543208] ip_gre: GRE over IPv4 tunneling driver
[    3.550165] Initializing XFRM netlink socket
[    3.552136] IPsec XFRM device driver
[    3.553557] kwatchdog (86) used greatest stack depth: 14776 bytes left
[    3.556374] NET: Registered PF_INET6 protocol family
[    3.566571] ata2: found unknown device (class 0)
[    3.570668] ata2.00: ATAPI: QEMU DVD-ROM, 2.5+, max UDMA/100
[    3.571828] Segment Routing with IPv6
[    3.575821] In-situ OAM (IOAM) with IPv6
[    3.577936] mip6: Mobile IPv6
[    3.582831] scsi 1:0:0:0: CD-ROM            QEMU     QEMU DVD-ROM     2.5+ PQ: 0 ANSI: 5
[    3.584974] sit: IPv6, IPv4 and MPLS over IPv4 tunneling driver
[    3.587406] ip6_gre: GRE over IPv6 tunneling driver
[    3.588545] NET: Registered PF_PACKET protocol family
[    3.593092] RPC: Registered rdma transport module.
[    3.603100] RPC: Registered rdma backchannel transport module.
[    3.610233] 8021q: 802.1Q VLAN Support v1.8
[    3.613535] smc: adding smcd device lo without pnetid
[    3.615775] NET: Registered PF_SMC protocol family
[    3.618181] 9pnet: Installing 9P2000 support
[    3.626341] Key type dns_resolver registered
[    3.629019] NET: Registered PF_VSOCK protocol family
[    3.632232] mpls_gso: MPLS GSO support
[    3.637614] sr 1:0:0:0: [sr0] scsi3-mmc drive: 4x/4x cd/rw xa/form2 tray
[    3.642267] IPI shorthand broadcast: enabled
[    3.674532] cdrom: Uniform CD-ROM driver Revision: 3.20
[    3.701625] sr 1:0:0:0: Attached scsi CD-ROM sr0
[    3.706666] sr 1:0:0:0: Attached scsi generic sg0 type 5
[    3.727151] sched_clock: Marking stable (3673030935, 53851824)->(4103300197, -376417438)
[    3.760499] registered taskstats version 1
[    3.798174] Loading compiled-in X.509 certificates
[    3.801302] kworker/u16:0 (94) used greatest stack depth: 14184 bytes left
[    3.803808] Loaded X.509 cert 'Build time autogenerated kernel key: c4531344b9a9c1a4731230d977a262ba29ba5272'
[    3.875489] Demotion targets for Node 0: null
[    3.878282] ima: No TPM chip found, activating TPM-bypass!
[    3.880832] ima: Allocated hash algorithm: sha1
[    3.883047] ima: No architecture policies found
[    3.889088] PM:   Magic number: 10:265:38
[    3.890722] bdi 7:3: hash matches
[    3.892501] netconsole: network logging started
[    3.895791] cfg80211: Loading compiled-in X.509 certificates for regulatory database
[    3.902387] Loaded X.509 cert 'sforshee: 00b28ddf47aef9cea7'
[    3.904933] Loaded X.509 cert 'wens: 61c038651aabdcf94bd0ac7ff06c7248db18c600'
[    3.909322] ALSA device list:
[    3.912131]   No soundcards found.
[    3.913154] faux_driver regulatory: Direct firmware load for regulatory.db failed with error -2
[    3.918389] cfg80211: failed to load regulatory.db
[    3.963806] input: ImExPS/2 Generic Explorer Mouse as /devices/platform/i8042/serio1/input/input4
[    3.967564] md: Skipping autodetection of RAID arrays. (raid=autodetect will force)
[    3.970269] 9p: Bad value for 'source'
[    3.971633] 9pnet: Limiting 'msize' to 512000 as this is the maximum supported by transport virtio
[    3.978442] VFS: Mounted root (9p filesystem) on device 0:24.
[    3.985496] devtmpfs: mounted
[    3.987305] VFS: Pivoted into new rootfs
[    3.997529] Freeing unused kernel image (initmem) memory: 4688K
[    3.999184] Write protecting the kernel read-only data: 45056k
[    4.002100] Freeing unused kernel image (text/rodata gap) memory: 840K
[    4.004438] Freeing unused kernel image (rodata/data gap) memory: 128K
[    4.065402] x86/mm: Checked W+X mappings: passed, no W+X pages found.
[    4.067189] Run /home/prozak/.local/share/vng-venv/lib/python3.12/site-packages/virtme/guest/bin/virtme-ng-init as init process
[    4.070324]   with arguments:
[    4.071170]     /home/prozak/.local/share/vng-venv/lib/python3.12/site-packages/virtme/guest/bin/virtme-ng-init
[    4.073790]   with environment:
[    4.074618]     HOME=/
[    4.075250]     TERM=linux
[    4.075895]     virtme_hostname=virtme-ng
[    4.076953]     nr_open=1048576
[    4.077812]     virtme_link_mods=/home/prozak/sources/heimdall_experiment/uml-harness/.build/bpf-next-x86/.virtme_mods/lib/modules/0.0.0
[    4.081946]     virtme_rw_overlay0=/tmp
[    4.083081]     virtme_console=ttyS0
[    4.084148]     virtme_chdir=home/prozak/sources/heimdall_experiment/uml-harness/.build/selftests-output-qemu-lane3
[    4.227072] virtme-ng-init: mount devtmpfs -> /dev: EBUSY: Device or resource busy
[    4.231056] virtme-ng-init: Setting hostname to virtme-ng...
[    4.279949] virtme-ng-init: running systemd-tmpfiles
[    6.344401] systemd-tmpfile (101) used greatest stack depth: 12520 bytes left
[    6.344760] virtme-ng-init: basic initialization done
[    6.380225] virtme-ng-init: error creating file: Permission denied (os error 13)
[    6.575105] ip (106) used greatest stack depth: 11808 bytes left
[    6.793744] virtme-ng-init: Starting systemd-udevd version 255.4-1ubuntu8.17
[    6.796118] virtme-ng-init: triggering udev coldplug
[   12.508748] virtme-ng-init: waiting for udev to settle
[   13.175018] virtme-ng-init: udev is done
[   13.180642] virtme-ng-init: starting script
[   13.530519] bpf_testmod: loading out-of-tree module taints kernel.
[   13.533113] bpf_testmod: module verification failed: signature and/or required key missing - tainting kernel
[   14.580107] smc: removing smcd device lo
[   14.663171] ACPI: PM: Preparing to enter system sleep state S5
[   14.664908] reboot: Power down
