#564/1   tracing_struct/struct_args:OK
#564/2   tracing_struct/struct_many_args:OK
libbpf: prog 'test_int128_arg_fexit': failed to find kernel BTF type ID of 'bpf_testmod_test_int128_arg': -ESRCH
libbpf: prog 'test_int128_arg_fexit': failed to prepare load attributes: -ESRCH
libbpf: prog 'test_int128_arg_fexit': failed to load: -ESRCH
libbpf: failed to load object 'tracing_struct_int128'
libbpf: failed to load BPF skeleton 'tracing_struct_int128': -ESRCH
test_int128_args:FAIL:tracing_struct_int128__open_and_load unexpected error: -3
#564/3   tracing_struct/int128_args:FAIL
#564/4   tracing_struct/union_args:OK
#564     tracing_struct:FAIL

All error logs:
libbpf: prog 'test_int128_arg_fexit': failed to find kernel BTF type ID of 'bpf_testmod_test_int128_arg': -ESRCH
libbpf: prog 'test_int128_arg_fexit': failed to prepare load attributes: -ESRCH
libbpf: prog 'test_int128_arg_fexit': failed to load: -ESRCH
libbpf: failed to load object 'tracing_struct_int128'
libbpf: failed to load BPF skeleton 'tracing_struct_int128': -ESRCH
test_int128_args:FAIL:tracing_struct_int128__open_and_load unexpected error: -3
#564/3   tracing_struct/int128_args:FAIL
#564     tracing_struct:FAIL
Summary: 0/3 PASSED, 0 SKIPPED, 1/1 FAILED
ut-qemu-lane2 rootfstype=9p rootflags=version=9p2000.L,trans=virtio,access=any,msize=524288 raid=noautodetect rw debug init=/home/prozak/.local/share/vng-venv/lib/python3.12/site-packages/virtme/guest/bin/virtme-ng-init
[    0.000000] x86 CPU feature dependency check failure: CPU0 has '18*32+31' enabled but '18*32+26' disabled. Kernel might be fine, but no guarantees.
[    0.000000] BIOS-provided physical RAM map:
[    0.000000] BIOS-e820: [mem 0x0000000000000000-0x000000000009fbff]  System RAM
[    0.000000] BIOS-e820: [mem 0x000000000009fc00-0x000000000009ffff]  device reserved
[    0.000000] BIOS-e820: [gap 0x00000000000a0000-0x00000000000effff]
[    0.000000] BIOS-e820: [mem 0x00000000000f0000-0x00000000000fffff]  device reserved
[    0.000000] BIOS-e820: [mem 0x0000000000100000-0x00000000bffdffff]  System RAM
[    0.000000] BIOS-e820: [mem 0x00000000bffe0000-0x00000000bfffffff]  device reserved
[    0.000000] BIOS-e820: [gap 0x00000000c0000000-0x00000000feffbfff]
[    0.000000] BIOS-e820: [mem 0x00000000feffc000-0x00000000feffffff]  device reserved
[    0.000000] BIOS-e820: [gap 0x00000000ff000000-0x00000000fffbffff]
[    0.000000] BIOS-e820: [mem 0x00000000fffc0000-0x00000000ffffffff]  device reserved
[    0.000000] BIOS-e820: [mem 0x0000000100000000-0x000000013fffffff]  System RAM
[    0.000000] BIOS-e820: [gap 0x0000000140000000-0x000000fcffffffff]
[    0.000000] BIOS-e820: [mem 0x000000fd00000000-0x000000ffffffffff]  device reserved
[    0.000000] printk: legacy bootconsole [earlyser0] enabled
[    0.000000] NX (Execute Disable) protection: active
[    0.000000] APIC: Static calls initialized
[    0.000000] DMI: SMBIOS 3.0.0 present.
[    0.000000] DMI: QEMU Ubuntu 24.04 PC v2 (i440FX + PIIX, arch_caps fix, 1996), BIOS 1.16.3-debian-1.16.3-2 04/01/2014
[    0.000000] DMI: Memory slots populated: 1/1
[    0.000000] Hypervisor detected: KVM
[    0.000000] last_pfn = 0xbffe0 max_arch_pfn = 0x400000000
[    0.000000] kvm-clock: Using msrs 4b564d01 and 4b564d00
[    0.000002] kvm-clock: using sched offset of 305533986 cycles
[    0.000998] clocksource: kvm-clock: mask: 0xffffffffffffffff max_cycles: 0x1cd42e4dffb, max_idle_ns: 881590591483 ns
[    0.004135] tsc: Detected 3400.040 MHz processor
[    0.005407] e820: update [mem 0x00000000-0x00000fff] System RAM ==> device reserved
[    0.006896] e820: remove [mem 0x000a0000-0x000fffff] System RAM
[    0.008005] last_pfn = 0x140000 max_arch_pfn = 0x400000000
[    0.009175] MTRR map: 4 entries (3 fixed + 1 variable; max 19), built from 8 variable MTRRs
[    0.010737] x86/PAT: Configuration [0-7]: WB  WC  UC- UC  WB  WP  UC- WT  
Memory KASLR using RDRAND RDTSC...
[    0.012818] last_pfn = 0xbffe0 max_arch_pfn = 0x400000000
[    0.015160] found SMP MP-table at [mem 0x000f5450-0x000f545f]
[    0.016255] Using GB pages for direct mapping
[    0.018042] ACPI: Early table checksum verification disabled
[    0.019166] ACPI: RSDP 0x00000000000F5240 000014 (v00 BOCHS )
[    0.020259] ACPI: RSDT 0x00000000BFFE1D9D 000034 (v01 BOCHS  BXPC     00000001 BXPC 00000001)
[    0.021879] ACPI: FACP 0x00000000BFFE1C39 000074 (v01 BOCHS  BXPC     00000001 BXPC 00000001)
[    0.023549] ACPI: DSDT 0x00000000BFFE0040 001BF9 (v01 BOCHS  BXPC     00000001 BXPC 00000001)
[    0.025208] ACPI: FACS 0x00000000BFFE0000 000040
[    0.026084] ACPI: APIC 0x00000000BFFE1CAD 000090 (v03 BOCHS  BXPC     00000001 BXPC 00000001)
[    0.027738] ACPI: HPET 0x00000000BFFE1D3D 000038 (v01 BOCHS  BXPC     00000001 BXPC 00000001)
[    0.029392] ACPI: WAET 0x00000000BFFE1D75 000028 (v01 BOCHS  BXPC     00000001 BXPC 00000001)
[    0.031096] ACPI: Reserving FACP table memory at [mem 0xbffe1c39-0xbffe1cac]
[    0.032454] ACPI: Reserving DSDT table memory at [mem 0xbffe0040-0xbffe1c38]
[    0.034012] ACPI: Reserving FACS table memory at [mem 0xbffe0000-0xbffe003f]
[    0.035745] ACPI: Reserving APIC table memory at [mem 0xbffe1cad-0xbffe1d3c]
[    0.037721] ACPI: Reserving HPET table memory at [mem 0xbffe1d3d-0xbffe1d74]
[    0.039533] ACPI: Reserving WAET table memory at [mem 0xbffe1d75-0xbffe1d9c]
[    0.041429] No NUMA configuration found
[    0.042299] Faking a node at [mem 0x0000000000000000-0x000000013fffffff]
[    0.043766] NODE_DATA(0) allocated [mem 0x13fff9c80-0x13fffdfff]
[    0.046939] ACPI: PM-Timer IO Port: 0x608
[    0.048194] ACPI: LAPIC_NMI (acpi_id[0xff] dfl dfl lint[0x1])
[    0.049935] IOAPIC[0]: apic_id 0, version 17, address 0xfec00000, GSI 0-23
[    0.052020] ACPI: INT_SRC_OVR (bus 0 bus_irq 0 global_irq 2 dfl dfl)
[    0.053313] ACPI: INT_SRC_OVR (bus 0 bus_irq 5 global_irq 5 high level)
[    0.054622] ACPI: INT_SRC_OVR (bus 0 bus_irq 9 global_irq 9 high level)
[    0.056050] ACPI: INT_SRC_OVR (bus 0 bus_irq 10 global_irq 10 high level)
[    0.057439] ACPI: INT_SRC_OVR (bus 0 bus_irq 11 global_irq 11 high level)
[    0.058823] ACPI: Using ACPI (MADT) for SMP configuration information
[    0.060156] ACPI: HPET id: 0x8086a201 base: 0xfed00000
[    0.061339] TSC deadline timer available
[    0.062217] CPU topo: Max. logical packages:   1
[    0.063280] CPU topo: Max. logical nodes:      1
[    0.064212] CPU topo: Num. nodes per package:  1
[    0.065153] CPU topo: Max. logical dies:       1
[    0.066203] CPU topo: Max. dies per package:   1
[    0.067186] CPU topo: Max. threads per core:   1
[    0.068092] CPU topo: Num. cores per package:     4
[    0.069078] CPU topo: Num. threads per package:   4
[    0.070015] CPU topo: Allowing 4 present CPUs plus 0 hotplug CPUs
[    0.071303] kvm-guest: APIC: eoi() replaced with kvm_guest_apic_eoi_write()
[    0.072660] kvm-guest: KVM setup pv remote TLB flush
[    0.073645] kvm-guest: setup PV sched yield
[    0.074442] PM: hibernation: Registered nosave memory: [mem 0x00000000-0x00000fff]
[    0.075957] PM: hibernation: Registered nosave memory: [mem 0x0009f000-0x000fffff]
[    0.077421] PM: hibernation: Registered nosave memory: [mem 0xbffe0000-0xffffffff]
[    0.078894] [gap 0xc0000000-0xfeffbfff] available for PCI devices
[    0.080066] Booting paravirtualized kernel on KVM
[    0.081041] clocksource: refined-jiffies: mask: 0xffffffff max_cycles: 0xffffffff, max_idle_ns: 1910969940391419 ns
[    0.088095] Zone ranges:
[    0.088597]   DMA      [mem 0x0000000000001000-0x0000000000ffffff]
[    0.089793]   DMA32    [mem 0x0000000001000000-0x00000000ffffffff]
[    0.091016]   Normal   [mem 0x0000000100000000-0x000000013fffffff]
[    0.092198] Movable zone start for each node
[    0.092999] Early memory node ranges
[    0.093689]   node   0: [mem 0x0000000000001000-0x000000000009efff]
[    0.094946]   node   0: [mem 0x0000000000100000-0x00000000bffdffff]
[    0.096184]   node   0: [mem 0x0000000100000000-0x000000013fffffff]
[    0.097395] Initmem setup node 0 [mem 0x0000000000001000-0x000000013fffffff]
[    0.099798] On node 0, zone DMA: 1 pages in unavailable ranges
[    0.100982] On node 0, zone DMA: 97 pages in unavailable ranges
[    0.132997] On node 0, zone Normal: 32 pages in unavailable ranges
[    0.134308] setup_percpu: NR_CPUS:128 nr_cpumask_bits:4 nr_cpu_ids:4 nr_node_ids:1
[    0.137023] percpu: Embedded 58 pages/cpu s200144 r8192 d29232 u524288
[    0.138350] pcpu-alloc: s200144 r8192 d29232 u524288 alloc=1*2097152
[    0.139692] pcpu-alloc: [0] 0 1 2 3 
[    0.140462] Kernel command line: virtme_hostname=virtme-ng nr_open=1048576 virtme_link_mods=/home/prozak/sources/heimdall_experiment/uml-harness/.build/bpf-next-x86/.virtme_mods/lib/modules/0.0.0 virtme_rw_overlay0=/tmp virtme_console=ttyS0 console=ttyS0 earlyprintk=serial,ttyS0,115200 panic=-1 virtme.exec=`bW91bnQgLXQgYnBmIGJwZmZzIC9zeXMvZnMvYnBmIDI+L2Rldi9udWxsOyAuL3Rlc3RfcHJvZ3MgLXQgJ3RyYWNpbmdfc3RydWN0Jw==` virtme_chdir=home/prozak/sources/heimdall_experiment/uml-harness/.build/selftests-output-qemu-lane2 rootfstype=9p rootflags=version=9p2000.L,trans=virtio,access=any,msize=524288 raid=noautodetect rw debug init=/home/prozak/.local/share/vng-venv/lib/python3.12/site-packages/virtme/guest/bin/virtme-ng-init
[    0.153610] Unknown kernel command line parameters "virtme_hostname=virtme-ng nr_open=1048576 virtme_link_mods=/home/prozak/sources/heimdall_experiment/uml-harness/.build/bpf-next-x86/.virtme_mods/lib/modules/0.0.0 virtme_rw_overlay0=/tmp virtme_console=ttyS0 virtme_chdir=home/prozak/sources/heimdall_experiment/uml-harness/.build/selftests-output-qemu-lane2", will be passed to user space.
[    0.160553] random: crng init done
[    0.161231] printk: log buffer data + meta data: 2097152 + 7340032 = 9437184 bytes
[    0.164640] Dentry cache hash table entries: 524288 (order: 10, 4194304 bytes, linear)
[    0.167147] Inode-cache hash table entries: 262144 (order: 9, 2097152 bytes, linear)
[    0.168733] software IO TLB: area num 4.
[    0.203744] Fallback order for Node 0: 0 
[    0.203751] Built 1 zonelists, mobility grouping on.  Total pages: 1048446
[    0.205896] Policy zone: Normal
[    0.206494] mem auto-init: stack:all(zero), heap alloc:off, heap free:off
[    0.213371] SLUB: HWalign=64, Order=0-3, MinObjects=0, CPUs=4, Nodes=1
Poking KASLR using RDRAND RDTSC...
[    0.227947] ftrace: allocating 70083 entries in 276 pages
[    0.229021] ftrace: allocated 276 pages with 3 groups
[    0.230101] Dynamic Preempt: full
[    0.231760] Running RCU self tests
[    0.232451] Running RCU synchronous self tests
[    0.233309] rcu: Preemptible hierarchical RCU implementation.
[    0.234443] rcu: 	RCU event tracing is enabled.
[    0.235369] rcu: 	RCU lockdep checking is enabled.
[    0.236322] rcu: 	RCU restricting CPUs from NR_CPUS=128 to nr_cpu_ids=4.
[    0.237673] 	Trampoline variant of Tasks RCU enabled.
[    0.238706] 	Rude variant of Tasks RCU enabled.
[    0.239627] 	Tracing variant of Tasks RCU enabled.
[    0.240565] rcu: RCU calculated value of scheduler-enlistment delay is 100 jiffies.
[    0.242106] rcu: Adjusting geometry for rcu_fanout_leaf=16, nr_cpu_ids=4
[    0.244397] Running RCU synchronous self tests
[    0.245264] RCU Tasks: Setting shift to 2 and lim to 1 rcu_task_cb_adjust=1 rcu_task_cpu_ids=4.
[    0.247007] RCU Tasks Rude: Setting shift to 2 and lim to 1 rcu_task_cb_adjust=1 rcu_task_cpu_ids=4.
[    0.257544] NR_IRQS: 8448, nr_irqs: 456, preallocated irqs: 16
[    0.258966] rcu: srcu_init: Setting srcu_struct sizes based on contention.
[    0.260306] clocksource: jiffies: mask: 0xffffffff max_cycles: 0xffffffff, max_idle_ns: 1911260446275000 ns
[    0.262415] Console: colour *CGA 80x25
[    0.263265] printk: legacy console [ttyS0] enabled
[    0.263265] printk: legacy console [ttyS0] enabled
[    0.265113] printk: legacy bootconsole [earlyser0] disabled
[    0.265113] printk: legacy bootconsole [earlyser0] disabled
[    0.267318] Lock dependency validator: Copyright (c) 2006 Red Hat, Inc., Ingo Molnar
[    0.268864] ... MAX_LOCKDEP_SUBCLASSES:  8
[    0.269683] ... MAX_LOCK_DEPTH:          48
[    0.270546] ... MAX_LOCKDEP_KEYS:        8192
[    0.271428] ... CLASSHASH_SIZE:          4096
[    0.272302] ... MAX_LOCKDEP_ENTRIES:     32768
[    0.273176] ... MAX_LOCKDEP_CHAINS:      65536
[    0.274059] ... CHAINHASH_SIZE:          32768
[    0.274975]  memory used by lock dependency info: 6429 kB
[    0.276040]  memory used for stack traces: 4224 kB
[    0.276969]  per task-struct memory footprint: 1920 bytes
[    0.278063] ACPI: Core revision 20260408
[    0.279080] clocksource: hpet: mask: 0xffffffff max_cycles: 0xffffffff, max_idle_ns: 19112604467 ns
[    0.281065] APIC: Switch to symmetric I/O mode setup
[    0.282573] x2apic enabled
[    0.283754] APIC: Switched APIC routing to: physical x2apic
[    0.284925] kvm-guest: APIC: send_IPI_mask() replaced with kvm_send_ipi_mask()
[    0.286468] kvm-guest: APIC: send_IPI_mask_allbutself() replaced with kvm_send_ipi_mask_allbutself()
[    0.288325] kvm-guest: setup PV IPIs
[    0.291313] ..TIMER: vector=0x30 apic1=0 pin1=2 apic2=-1 pin2=-1
[    0.292600] clocksource: tsc-early: mask: 0xffffffffffffffff max_cycles: 0x310274de655, max_idle_ns: 440795359465 ns
[    0.294695] Calibrating delay loop (skipped) preset value.. 6800.08 BogoMIPS (lpj=3400040)
[    0.296265] x86/cpu: User Mode Instruction Prevention (UMIP) activated
[    0.297980] Last level iTLB entries: 4KB 512, 2MB 255, 4MB 127
[    0.298691] Last level dTLB entries: 4KB 512, 2MB 255, 4MB 127, 1GB 0
[    0.299699] mitigations: Enabled attack vectors: user_kernel, user_user, SMT mitigations: auto
[    0.300691] Speculative Store Bypass: Mitigation: Speculative Store Bypass disabled via prctl
[    0.301691] Speculative Return Stack Overflow: IBPB-extending microcode not applied!
[    0.302691] Speculative Return Stack Overflow: WARNING: See https://kernel.org/doc/html/latest/admin-guide/hw-vuln/srso.html for mitigation options.
[    0.302692] Transient Scheduler Attacks: Vulnerable: No microcode
[    0.304691] Spectre V2 : Mitigation: Retpolines
[    0.305691] Speculative Return Stack Overflow: Vulnerable: Safe RET, no microcode
[    0.306691] Spectre V1 : Mitigation: usercopy/swapgs barriers and __user pointer sanitization
[    0.307691] Spectre V2 : Spectre v2 / SpectreRSB: Filling RSB on context switch and VMEXIT
[    0.308691] Spectre V2 : Enabling Restricted Speculation for firmware calls
[    0.309693] Spectre V2 : mitigation: Enabling conditional Indirect Branch Prediction Barrier
[    0.310691] active return thunk: srso_alias_return_thunk
[    0.311746] x86/fpu: Supporting XSAVE feature 0x001: 'x87 floating point registers'
[    0.312691] x86/fpu: Supporting XSAVE feature 0x002: 'SSE registers'
[    0.313691] x86/fpu: Supporting XSAVE feature 0x004: 'AVX registers'
[    0.314691] x86/fpu: xstate_offset[2]:  576, xstate_sizes[2]:  256
[    0.315691] x86/fpu: Enabled xstate features 0x7, context size is 832 bytes, using 'compacted' format.
[    0.354439] pid_max: default: 32768 minimum: 301
[    0.355752] SELinux:  Initializing.
[    0.357886] LSM support for eBPF active
[    0.358820] Mount-cache hash table entries: 8192 (order: 4, 65536 bytes, linear)
[    0.360695] Mountpoint-cache hash table entries: 8192 (order: 4, 65536 bytes, linear)
[    0.364053] VFS: Finished mounting rootfs on nullfs
[    0.366288] Running RCU synchronous self tests
[    0.366693] Running RCU synchronous self tests
[    0.368827] smpboot: CPU0: AMD Ryzen 9 5950X 16-Core Processor (family: 0x19, model: 0x21, stepping: 0x2)
[    0.370374] Performance Events: Fam17h+ core perfctr, AMD PMU driver.
[    0.370712] ... version:                   0
[    0.371666] ... bit width:                 48
[    0.371698] ... generic counters:          6
[    0.372683] ... generic bitmap:            000000000000003f
[    0.372699] ... fixed-purpose counters:    0
[    0.373665] ... fixed-purpose bitmap:      0000000000000000
[    0.373698] ... value mask:                0000ffffffffffff
[    0.374698] ... max period:                00007fffffffffff
[    0.375699] ... global_ctrl mask:          000000000000003f
[    0.376998] signal: max sigframe size: 1776
[    0.377813] rcu: Hierarchical SRCU implementation.
[    0.378699] rcu: 	Max phase no-delay instances is 400.
[    0.379907] Timer migration: 1 hierarchy levels; 8 children per group; 1 crossnode level
[    0.392938] smp: Bringing up secondary CPUs ...
[    0.394284] smpboot: x86: Booting SMP configuration:
[    0.394722] .... node  #0, CPUs:      #1 #2 #3
[    0.401945] smp: Brought up 1 node, 4 CPUs
[    0.403671] smpboot: Total of 4 processors activated (27200.32 BogoMIPS)
[    0.405011] Memory: 3966612K/4193784K available (25781K kernel code, 10327K rwdata, 18304K rodata, 4688K init, 13400K bss, 220952K reserved, 0K cma-reserved)
[    0.407774] devtmpfs: initialized
[    0.411127] Running RCU synchronous self tests
[    0.411718] Running RCU synchronous self tests
[    0.412752] Running RCU Tasks wait API self tests
[    0.413750] Running RCU Tasks Rude wait API self tests
[    0.414701] Running RCU Tasks Trace wait API self tests
[    0.415897] posixtimers hash table entries: 2048 (order: 6, 147456 bytes, linear)
[    0.416843] futex hash table entries: 1024 (131072 bytes on 1 NUMA nodes, total 128 KiB, linear).
[    0.418462] PM: RTC time: 18:32:01, date: 2026-09-05
[    0.420066] NET: Registered PF_NETLINK/PF_ROUTE protocol family
[    0.420733] Callback from call_rcu_tasks_trace() invoked.
[    0.422678] audit: initializing netlink subsys (disabled)
[    0.422748] audit: type=2000 audit(1788633121.723:1): state=initialized audit_enabled=0 res=1
[    0.438112] thermal_sys: Registered thermal governor 'step_wise'
[    0.438193] cpuidle: using governor ladder
[    0.439700] cpuidle: using governor menu
[    0.442786] PCI: Using configuration type 1 for base access
[    0.443699] PCI: Using configuration type 1 for extended access
[    0.444835] kprobes: kprobe jump-optimization is enabled. All kprobes are optimized if possible.
[    0.445897] HugeTLB: registered 1.00 GiB page size, pre-allocated 0 pages
[    0.447699] HugeTLB: 16380 KiB vmemmap can be freed for a 1.00 GiB page
[    0.448701] HugeTLB: registered 2.00 MiB page size, pre-allocated 0 pages
[    0.450700] HugeTLB: 28 KiB vmemmap can be freed for a 2.00 MiB page
[    0.456507] ACPI: Added _OSI(Module Device)
[    0.457701] ACPI: Added _OSI(Processor Device)
[    0.458700] ACPI: Added _OSI(Processor Aggregator Device)
[    0.464028] ACPI: 1 ACPI AML tables successfully acquired and loaded
[    0.468761] ACPI: \_SB_: platform _OSC: OS support mask [002a7eee]
[    0.470445] ACPI: Interpreter enabled
[    0.471766] ACPI: PM: (supports S0 S3 S4 S5)
[    0.472710] ACPI: Using IOAPIC for interrupt routing
[    0.473748] PCI: Using host bridge windows from ACPI; if necessary, use "pci=nocrs" and report a bug
[    0.475700] PCI: Using E820 reservations for host bridge windows
[    0.477055] ACPI: Enabled 2 GPEs in block 00 to 0F
[    0.489720] ACPI: PCI Root Bridge [PCI0] (domain 0000 [bus 00-ff])
[    0.491899] PCI host bridge to bus 0000:00
[    0.493710] pci_bus 0000:00: root bus resource [io  0x0000-0x0cf7 window]
[    0.494700] pci_bus 0000:00: root bus resource [io  0x0d00-0xffff window]
[    0.496699] pci_bus 0000:00: root bus resource [mem 0x000a0000-0x000bffff window]
[    0.497700] pci_bus 0000:00: root bus resource [mem 0xc0000000-0xfebfffff window]
[    0.499700] pci_bus 0000:00: root bus resource [mem 0x380000000000-0x38007fffffff window]
[    0.501701] pci_bus 0000:00: root bus resource [bus 00-ff]
[    0.503116] pci 0000:00:00.0: [8086:1237] type 00 class 0x060000 conventional PCI endpoint
[    0.506258] pci 0000:00:01.0: [8086:7000] type 00 class 0x060100 conventional PCI endpoint
[    0.509106] pci 0000:00:01.1: [8086:7010] type 00 class 0x010180 conventional PCI endpoint
[    0.512779] pci 0000:00:01.1: BAR 4 [io  0xc1c0-0xc1cf]
[    0.513776] pci 0000:00:01.1: BAR 0 [io  0x01f0-0x01f7]: legacy IDE quirk
[    0.515699] pci 0000:00:01.1: BAR 1 [io  0x03f6]: legacy IDE quirk
[    0.516700] pci 0000:00:01.1: BAR 2 [io  0x0170-0x0177]: legacy IDE quirk
[    0.518728] pci 0000:00:01.1: BAR 3 [io  0x0376]: legacy IDE quirk
[    0.520477] pci 0000:00:01.3: [8086:7113] type 00 class 0x068000 conventional PCI endpoint
[    0.523471] pci 0000:00:01.3: quirk: [io  0x0600-0x063f] claimed by PIIX4 ACPI
[    0.524720] pci 0000:00:01.3: quirk: [io  0x0700-0x070f] claimed by PIIX4 SMB
[    0.527729] pci 0000:00:02.0: [1af4:1009] type 00 class 0x000200 conventional PCI endpoint
[    0.531717] pci 0000:00:02.0: BAR 0 [io  0xc000-0xc03f]
[    0.532718] pci 0000:00:02.0: BAR 1 [mem 0xfebf8000-0xfebf8fff]
[    0.533760] pci 0000:00:02.0: BAR 4 [mem 0x380000000000-0x380000003fff 64bit pref]
[    0.538854] pci 0000:00:03.0: [8086:25ab] type 00 class 0x088000 conventional PCI endpoint
[    0.541715] pci 0000:00:03.0: BAR 0 [mem 0xfebf9000-0xfebf900f]
[    0.545351] pci 0000:00:04.0: [1af4:1003] type 00 class 0x078000 conventional PCI endpoint
[    0.550038] pci 0000:00:04.0: BAR 0 [io  0xc040-0xc07f]
[    0.551718] pci 0000:00:04.0: BAR 1 [mem 0xfebfa000-0xfebfafff]
[    0.552763] pci 0000:00:04.0: BAR 4 [mem 0x380000004000-0x380000007fff 64bit pref]
[    0.558051] pci 0000:00:05.0: [1af4:1003] type 00 class 0x078000 conventional PCI endpoint
[    0.560736] pci 0000:00:05.0: BAR 0 [io  0xc080-0xc0bf]
[    0.561716] pci 0000:00:05.0: BAR 1 [mem 0xfebfb000-0xfebfbfff]
[    0.562763] pci 0000:00:05.0: BAR 4 [mem 0x380000008000-0x38000000bfff 64bit pref]
[    0.568101] pci 0000:00:06.0: [1af4:1003] type 00 class 0x078000 conventional PCI endpoint
[    0.571717] pci 0000:00:06.0: BAR 0 [io  0xc0c0-0xc0ff]
[    0.572715] pci 0000:00:06.0: BAR 1 [mem 0xfebfc000-0xfebfcfff]
[    0.573763] pci 0000:00:06.0: BAR 4 [mem 0x38000000c000-0x38000000ffff 64bit pref]
[    0.579060] pci 0000:00:07.0: [1af4:1003] type 00 class 0x078000 conventional PCI endpoint
[    0.582717] pci 0000:00:07.0: BAR 0 [io  0xc100-0xc13f]
[    0.583717] pci 0000:00:07.0: BAR 1 [mem 0xfebfd000-0xfebfdfff]
[    0.584762] pci 0000:00:07.0: BAR 4 [mem 0x380000010000-0x380000013fff 64bit pref]
[    0.590095] pci 0000:00:08.0: [1af4:1003] type 00 class 0x078000 conventional PCI endpoint
[    0.592718] pci 0000:00:08.0: BAR 0 [io  0xc140-0xc17f]
[    0.593715] pci 0000:00:08.0: BAR 1 [mem 0xfebfe000-0xfebfefff]
[    0.594763] pci 0000:00:08.0: BAR 4 [mem 0x380000014000-0x380000017fff 64bit pref]
[    0.600101] pci 0000:00:09.0: [1af4:1003] type 00 class 0x078000 conventional PCI endpoint
[    0.602716] pci 0000:00:09.0: BAR 0 [io  0xc180-0xc1bf]
[    0.604716] pci 0000:00:09.0: BAR 1 [mem 0xfebff000-0xfebfffff]
[    0.605762] pci 0000:00:09.0: BAR 4 [mem 0x380000018000-0x38000001bfff 64bit pref]
[    0.616219] ACPI: PCI: Interrupt link LNKA configured for IRQ 10
[    0.616970] ACPI: PCI: Interrupt link LNKB configured for IRQ 10
[    0.618961] ACPI: PCI: Interrupt link LNKC configured for IRQ 11
[    0.620958] ACPI: PCI: Interrupt link LNKD configured for IRQ 11
[    0.621833] ACPI: PCI: Interrupt link LNKS configured for IRQ 9
[    0.625084] iommu: Default domain type: Translated
[    0.625701] iommu: DMA domain TLB invalidation policy: lazy mode
[    0.628110] SCSI subsystem initialized
[    0.628750] libata version 3.00 loaded.
[    0.629848] ACPI: bus type USB registered
[    0.630817] usbcore: registered new interface driver usbfs
[    0.632763] usbcore: registered new interface driver hub
[    0.633736] usbcore: registered new device driver usb
[    0.634832] pps_core: LinuxPPS API ver. 1 registered
[    0.635699] pps_core: Software ver. 5.3.6 - Copyright 2005-2007 Rodolfo Giometti <giometti@linux.it>
[    0.637713] PTP clock support registered
[    0.639043] Advanced Linux Sound Architecture Driver Initialized.
[    0.641813] NetLabel: Initializing
[    0.642603] NetLabel:  domain hash size = 128
[    0.643699] NetLabel:  protocols = UNLABELED CIPSOv4 CALIPSO
[    0.644749] NetLabel:  unlabeled traffic allowed by default
[    0.646875] PCI: Using ACPI for IRQ routing
[    0.647701] PCI: pci_cache_line_size set to 64 bytes
[    0.649083] e820: register RAM buffer resource [mem 0x0009fc00-0x0009ffff]
[    0.650701] e820: register RAM buffer resource [mem 0xbffe0000-0xbfffffff]
[    0.652719] vgaarb: loaded
[    0.652719] hpet0: at MMIO 0xfed00000, IRQs 2, 8, 0
[    0.653698] hpet0: 3 comparators, 64-bit 100.000000 MHz counter
[    0.657955] clocksource: Switched to clocksource kvm-clock
[    0.661001] VFS: Disk quotas dquot_6.6.0
[    0.661963] VFS: Dquot-cache hash table entries: 512 (4096 bytes)
[    0.664097] pnp: PnP ACPI init
[    0.665268] pnp 00:02: [dma 2]
[    0.666810] pnp: PnP ACPI: found 4 devices
[    0.684402] clocksource: acpi_pm: mask: 0xffffff max_cycles: 0xffffff, max_idle_ns: 2085701024 ns
[    0.686580] NET: Registered PF_INET protocol family
[    0.687839] IP idents hash table entries: 65536 (order: 7, 524288 bytes, linear)
[    0.690305] tcp_listen_portaddr_hash hash table entries: 2048 (order: 6, 147456 bytes, linear)
[    0.693369] Table-perturb hash table entries: 65536 (order: 6, 262144 bytes, linear)
[    0.695166] TCP established hash table entries: 32768 (order: 6, 262144 bytes, linear)
[    0.696991] TCP bind hash table entries: 32768 (order: 11, 4718592 bytes, vmalloc hugepage)
[    0.703431] TCP: Hash tables configured (established 32768 bind 32768)
[    0.705099] MPTCP token hash table entries: 4096 (order: 7, 360448 bytes, linear)
[    0.706965] UDP hash table entries: 2048 (order: 7, 524288 bytes, linear)
[    0.709639] NET: Registered PF_UNIX/PF_LOCAL protocol family
[    0.711594] RPC: Registered named UNIX socket transport module.
[    0.712959] RPC: Registered udp transport module.
[    0.714052] RPC: Registered tcp transport module.
[    0.715158] RPC: Registered tcp-with-tls transport module.
[    0.716416] RPC: Registered tcp NFSv4.1 backchannel transport module.
[    0.718638] NET: Registered PF_XDP protocol family
[    0.719770] pci_bus 0000:00: resource 4 [io  0x0000-0x0cf7 window]
[    0.721194] pci_bus 0000:00: resource 5 [io  0x0d00-0xffff window]
[    0.722622] pci_bus 0000:00: resource 6 [mem 0x000a0000-0x000bffff window]
[    0.724188] pci_bus 0000:00: resource 7 [mem 0xc0000000-0xfebfffff window]
[    0.725763] pci_bus 0000:00: resource 8 [mem 0x380000000000-0x38007fffffff window]
[    0.727723] pci 0000:00:01.0: PIIX3: Enabling Passive Release
[    0.727769] Callback from call_rcu_tasks() invoked.
[    0.729073] pci 0000:00:00.0: Limiting direct PCI/PCI transfers
[    0.729573] PCI: CLS 0 bytes, default 64
[    0.733096] PCI-DMA: Using software bounce buffering for IO (SWIOTLB)
[    0.734623] software IO TLB: mapped [mem 0x00000000bbfe0000-0x00000000bffe0000] (64MB)
[    0.736874] clocksource: tsc: mask: 0xffffffffffffffff max_cycles: 0x310274de655, max_idle_ns: 440795359465 ns
[    0.743772] Initialise system trusted keyrings
[    0.745054] workingset: timestamp_bits=40 (anon: 35) max_order=20 bucket_order=0 (anon: 0)
[    0.747643] squashfs: version 4.0 (2009/01/31) Phillip Lougher
[    0.749443] NFS: Registering the id_resolver key type
[    0.750640] Key type id_resolver registered
[    0.751675] Key type id_legacy registered
[    0.752645] nfs4filelayout_init: NFSv4 File Layout Driver Registering...
[    0.754207] nfs4flexfilelayout_init: NFSv4 Flexfile Layout Driver Registering...
[    0.756136] fuse: init (API version 7.45)
[    0.757353] 9p: Installing v9fs 9p2000 file system support
[    0.759800] NET: Registered PF_ALG protocol family
[    0.760916] Key type asymmetric registered
[    0.761907] Asymmetric key parser 'x509' registered
[    0.763119] Block layer SCSI generic (bsg) driver version 0.4 loaded (major 248)
[    0.765172] io scheduler mq-deadline registered
[    0.766243] io scheduler kyber registered
[    0.768152] input: Power Button as /devices/platform/LNXPWRBN:00/input/input0
[    0.770079] ACPI: button: Power Button [PWRF]
[    0.900248] ACPI: \_SB_.LNKB: Enabled at IRQ 10
[    1.030513] ACPI: \_SB_.LNKD: Enabled at IRQ 11
[    1.165810] ACPI: \_SB_.LNKA: Enabled at IRQ 10
[    1.303033] kwatchdog (73) used greatest stack depth: 14776 bytes left
[    1.431361] ACPI: \_SB_.LNKC: Enabled at IRQ 11
[    1.700579] Serial: 8250/16550 driver, 4 ports, IRQ sharing enabled
[    1.703338] 00:03: ttyS0 at I/O 0x3f8 (irq = 4, base_baud = 115200) is a 16550A
[    1.865948] Non-volatile memory driver v1.3
[    1.867830] ACPI: bus type drm_connector registered
[    1.886105] brd: module loaded
[    1.896587] loop: module loaded
[    1.903276] scsi host0: ata_piix
[    1.905374] scsi host1: ata_piix
[    1.906773] ata1: PATA max MWDMA2 cmd 0x1f0 ctl 0x3f6 bmdma 0xc1c0 irq 14 lpm-pol 0
[    1.908523] ata2: PATA max MWDMA2 cmd 0x170 ctl 0x376 bmdma 0xc1c8 irq 15 lpm-pol 0
[    1.914543] tun: Universal TUN/TAP device driver, 1.6
[    1.916153] e100: Intel(R) PRO/100 Network Driver
[    1.917277] e100: Copyright(c) 1999-2006 Intel Corporation
[    1.918687] e1000: Intel(R) PRO/1000 Network Driver
[    1.919858] e1000: Copyright (c) 1999-2006 Intel Corporation.
[    1.921243] e1000e: Intel(R) PRO/1000 Network Driver
[    1.922473] e1000e: Copyright(c) 1999 - 2015 Intel Corporation.
[    1.923921] sky2: driver version 1.30
[    1.925898] usbcore: registered new interface driver usblp
[    1.927302] usbcore: registered new interface driver usb-storage
[    1.928839] i8042: PNP: PS/2 Controller [PNP0303:KBD,PNP0f13:MOU] at 0x60,0x64 irq 1,12
[    1.932251] serio: i8042 KBD port at 0x60,0x64 irq 1
[    1.933471] serio: i8042 AUX port at 0x60,0x64 irq 12
[    1.936672] input: AT Translated Set 2 keyboard as /devices/platform/i8042/serio0/input/input1
[    1.936721] rtc_cmos PNP0B00:00: RTC can wake from S4
[    1.942062] rtc_cmos PNP0B00:00: registered as rtc0
[    1.944357] rtc_cmos PNP0B00:00: alarms up to one day, y3k, 242 bytes nvram, hpet irqs
[    1.947275] Registered IR keymap rc-empty
[    1.948940] rc rc0: rc-core loopback device as /devices/virtual/rc/rc0
[    1.951045] rc rc0: lirc_dev: driver rc-loopback registered at minor = 0, raw IR receiver, raw IR transmitter
[    1.953553] input: rc-core loopback device as /devices/virtual/rc/rc0/input4
[    1.955962] intel_powerclamp: CPU does not support MWAIT
[    1.957447] device-mapper: core: CONFIG_IMA_DISABLE_HTABLE is disabled. Duplicate IMA measurements will not be recorded in the IMA log.
[    1.960561] device-mapper: ioctl: 4.50.0-ioctl (2025-04-28) initialised: dm-devel@lists.linux.dev
[    1.963224] hid: raw HID events driver (C) Jiri Kosina
[    1.965967] usbcore: registered new interface driver usbhid
[    1.967299] usbhid: USB HID core driver
[    1.969298] GACT probability NOT on
[    1.970200] Mirror/redirect action on
[    1.971463] nf_conntrack_irc: The irc conntrack helper is scheduled for removal.
[    1.971463] Please contact the netfilter-devel mailing list if you still need this.
[    1.976670] ipip: IPv4 and MPLS over IPv4 tunneling driver
[    1.978593] gre: GRE over IPv4 demultiplexer driver
[    1.979771] ip_gre: GRE over IPv4 tunneling driver
[    1.983301] Initializing XFRM netlink socket
[    1.984492] IPsec XFRM device driver
[    1.985436] NET: Registered PF_INET6 protocol family
[    1.987752] Segment Routing with IPv6
[    1.988634] In-situ OAM (IOAM) with IPv6
[    1.989562] mip6: Mobile IPv6
[    1.990322] sit: IPv6, IPv4 and MPLS over IPv4 tunneling driver
[    1.992914] ip6_gre: GRE over IPv6 tunneling driver
[    1.994734] NET: Registered PF_PACKET protocol family
[    1.996011] RPC: Registered rdma transport module.
[    1.997125] RPC: Registered rdma backchannel transport module.
[    1.998705] 8021q: 802.1Q VLAN Support v1.8
[    2.000039] smc: adding smcd device lo without pnetid
[    2.001338] NET: Registered PF_SMC protocol family
[    2.002801] 9pnet: Installing 9P2000 support
[    2.005448] Key type dns_resolver registered
[    2.006661] NET: Registered PF_VSOCK protocol family
[    2.007890] mpls_gso: MPLS GSO support
[    2.010592] IPI shorthand broadcast: enabled
[    2.055787] sched_clock: Marking stable (2029015238, 26383166)->(2104024718, -48626314)
[    2.058876] registered taskstats version 1
[    2.063092] ata2: found unknown device (class 0)
[    2.065322] ata2.00: ATAPI: QEMU DVD-ROM, 2.5+, max UDMA/100
[    2.069084] scsi 1:0:0:0: CD-ROM            QEMU     QEMU DVD-ROM     2.5+ PQ: 0 ANSI: 5
[    2.076242] Loading compiled-in X.509 certificates
[    2.077859] kworker/u16:1 (91) used greatest stack depth: 14184 bytes left
[    2.078992] Loaded X.509 cert 'Build time autogenerated kernel key: c4531344b9a9c1a4731230d977a262ba29ba5272'
[    2.104685] sr 1:0:0:0: [sr0] scsi3-mmc drive: 4x/4x cd/rw xa/form2 tray
[    2.117637] Demotion targets for Node 0: null
[    2.119247] ima: No TPM chip found, activating TPM-bypass!
[    2.120530] ima: Allocated hash algorithm: sha1
[    2.121679] ima: No architecture policies found
[    2.123580] PM:   Magic number: 10:780:543
[    2.124643] netconsole: network logging started
[    2.125362] cdrom: Uniform CD-ROM driver Revision: 3.20
[    2.126479] cfg80211: Loading compiled-in X.509 certificates for regulatory database
[    2.130038] Loaded X.509 cert 'sforshee: 00b28ddf47aef9cea7'
[    2.131520] Loaded X.509 cert 'wens: 61c038651aabdcf94bd0ac7ff06c7248db18c600'
[    2.133324] ALSA device list:
[    2.134470] faux_driver regulatory: Direct firmware load for regulatory.db failed with error -2
[    2.135452]   No soundcards found.
[    2.136516] cfg80211: failed to load regulatory.db
[    2.142129] sr 1:0:0:0: Attached scsi CD-ROM sr0
[    2.144116] sr 1:0:0:0: Attached scsi generic sg0 type 5
[    2.361685] input: ImExPS/2 Generic Explorer Mouse as /devices/platform/i8042/serio1/input/input3
[    2.364207] md: Skipping autodetection of RAID arrays. (raid=autodetect will force)
[    2.365590] 9p: Bad value for 'source'
[    2.366346] 9pnet: Limiting 'msize' to 512000 as this is the maximum supported by transport virtio
[    2.370236] VFS: Mounted root (9p filesystem) on device 0:24.
[    2.372194] devtmpfs: mounted
[    2.372952] VFS: Pivoted into new rootfs
[    2.377873] Freeing unused kernel image (initmem) memory: 4688K
[    2.378909] Write protecting the kernel read-only data: 45056k
[    2.380673] Freeing unused kernel image (text/rodata gap) memory: 840K
[    2.381828] Freeing unused kernel image (rodata/data gap) memory: 128K
[    2.422873] x86/mm: Checked W+X mappings: passed, no W+X pages found.
[    2.423919] Run /home/prozak/.local/share/vng-venv/lib/python3.12/site-packages/virtme/guest/bin/virtme-ng-init as init process
[    2.425611]   with arguments:
[    2.426097]     /home/prozak/.local/share/vng-venv/lib/python3.12/site-packages/virtme/guest/bin/virtme-ng-init
[    2.427625]   with environment:
[    2.428126]     HOME=/
[    2.428521]     TERM=linux
[    2.428935]     virtme_hostname=virtme-ng
[    2.429547]     nr_open=1048576
[    2.430067]     virtme_link_mods=/home/prozak/sources/heimdall_experiment/uml-harness/.build/bpf-next-x86/.virtme_mods/lib/modules/0.0.0
[    2.431894]     virtme_rw_overlay0=/tmp
[    2.432492]     virtme_console=ttyS0
[    2.433028]     virtme_chdir=home/prozak/sources/heimdall_experiment/uml-harness/.build/selftests-output-qemu-lane2
[    2.527363] virtme-ng-init: mount devtmpfs -> /dev: EBUSY: Device or resource busy
[    2.529234] virtme-ng-init: Setting hostname to virtme-ng...
[    2.569081] virtme-ng-init: running systemd-tmpfiles
[    3.894529] systemd-tmpfile (99) used greatest stack depth: 12520 bytes left
[    3.894762] virtme-ng-init: basic initialization done
[    3.915298] virtme-ng-init: error creating file: Permission denied (os error 13)
[    3.929744] virtme-ng-init (102) used greatest stack depth: 12328 bytes left
[    4.014575] ip (105) used greatest stack depth: 11832 bytes left
[    4.144163] virtme-ng-init: Starting systemd-udevd version 255.4-1ubuntu8.17
[    4.146813] virtme-ng-init: triggering udev coldplug
[    7.335426] virtme-ng-init: waiting for udev to settle
[    8.154726] virtme-ng-init: udev is done
[    8.159663] virtme-ng-init: starting script
[    8.431616] bpf_testmod: loading out-of-tree module taints kernel.
[    8.432579] bpf_testmod: module verification failed: signature and/or required key missing - tainting kernel
[    9.235178] smc: removing smcd device lo
[    9.308028] ACPI: PM: Preparing to enter system sleep state S5
[    9.309575] reboot: Power down
