#564/1   tracing_struct/struct_args:OK
#564/2   tracing_struct/struct_many_args:OK
libbpf: prog 'test_int128_arg_fexit': failed to find kernel BTF type ID of 'bpf_testmod_test_int128_arg': -ESRCH
libbpf: prog 'test_int128_arg_fexit': failed to prepare load attributes: -ESRCH
libbpf: prog 'test_int128_arg_fexit': failed to load: -ESRCH
libbpf: failed to load object 'tracing_struct_int128'
libbpf: failed to load BPF skeleton 'tracing_struct_int128': -ESRCH
test_int128_args:FAIL:tracing_struct_int128__open_and_load unexpected error: -3
#564/3   tracing_struct/int128_args:FAIL
#564/4   tracing_struct/union_args:OK
#564     tracing_struct:FAIL

All error logs:
libbpf: prog 'test_int128_arg_fexit': failed to find kernel BTF type ID of 'bpf_testmod_test_int128_arg': -ESRCH
libbpf: prog 'test_int128_arg_fexit': failed to prepare load attributes: -ESRCH
libbpf: prog 'test_int128_arg_fexit': failed to load: -ESRCH
libbpf: failed to load object 'tracing_struct_int128'
libbpf: failed to load BPF skeleton 'tracing_struct_int128': -ESRCH
test_int128_args:FAIL:tracing_struct_int128__open_and_load unexpected error: -3
#564/3   tracing_struct/int128_args:FAIL
#564     tracing_struct:FAIL
Summary: 0/3 PASSED, 0 SKIPPED, 1/1 FAILED
ut-qemu-lane2 rootfstype=9p rootflags=version=9p2000.L,trans=virtio,access=any,msize=524288 raid=noautodetect rw debug init=/home/prozak/.local/share/vng-venv/lib/python3.12/site-packages/virtme/guest/bin/virtme-ng-init
[    0.000000] x86 CPU feature dependency check failure: CPU0 has '18*32+31' enabled but '18*32+26' disabled. Kernel might be fine, but no guarantees.
[    0.000000] BIOS-provided physical RAM map:
[    0.000000] BIOS-e820: [mem 0x0000000000000000-0x000000000009fbff]  System RAM
[    0.000000] BIOS-e820: [mem 0x000000000009fc00-0x000000000009ffff]  device reserved
[    0.000000] BIOS-e820: [gap 0x00000000000a0000-0x00000000000effff]
[    0.000000] BIOS-e820: [mem 0x00000000000f0000-0x00000000000fffff]  device reserved
[    0.000000] BIOS-e820: [mem 0x0000000000100000-0x00000000bffdffff]  System RAM
[    0.000000] BIOS-e820: [mem 0x00000000bffe0000-0x00000000bfffffff]  device reserved
[    0.000000] BIOS-e820: [gap 0x00000000c0000000-0x00000000feffbfff]
[    0.000000] BIOS-e820: [mem 0x00000000feffc000-0x00000000feffffff]  device reserved
[    0.000000] BIOS-e820: [gap 0x00000000ff000000-0x00000000fffbffff]
[    0.000000] BIOS-e820: [mem 0x00000000fffc0000-0x00000000ffffffff]  device reserved
[    0.000000] BIOS-e820: [mem 0x0000000100000000-0x000000013fffffff]  System RAM
[    0.000000] BIOS-e820: [gap 0x0000000140000000-0x000000fcffffffff]
[    0.000000] BIOS-e820: [mem 0x000000fd00000000-0x000000ffffffffff]  device reserved
[    0.000000] printk: legacy bootconsole [earlyser0] enabled
[    0.000000] NX (Execute Disable) protection: active
[    0.000000] APIC: Static calls initialized
[    0.000000] DMI: SMBIOS 3.0.0 present.
[    0.000000] DMI: QEMU Ubuntu 24.04 PC v2 (i440FX + PIIX, arch_caps fix, 1996), BIOS 1.16.3-debian-1.16.3-2 04/01/2014
[    0.000000] DMI: Memory slots populated: 1/1
[    0.000000] Hypervisor detected: KVM
[    0.000000] last_pfn = 0xbffe0 max_arch_pfn = 0x400000000
[    0.000000] kvm-clock: Using msrs 4b564d01 and 4b564d00
[    0.000002] kvm-clock: using sched offset of 276504957 cycles
[    0.001008] clocksource: kvm-clock: mask: 0xffffffffffffffff max_cycles: 0x1cd42e4dffb, max_idle_ns: 881590591483 ns
[    0.004080] tsc: Detected 3400.040 MHz processor
[    0.005365] e820: update [mem 0x00000000-0x00000fff] System RAM ==> device reserved
[    0.006819] e820: remove [mem 0x000a0000-0x000fffff] System RAM
[    0.007951] last_pfn = 0x140000 max_arch_pfn = 0x400000000
[    0.009151] MTRR map: 4 entries (3 fixed + 1 variable; max 19), built from 8 variable MTRRs
[    0.010750] x86/PAT: Configuration [0-7]: WB  WC  UC- UC  WB  WP  UC- WT  
Memory KASLR using RDRAND RDTSC...
[    0.012813] last_pfn = 0xbffe0 max_arch_pfn = 0x400000000
[    0.015163] found SMP MP-table at [mem 0x000f5450-0x000f545f]
[    0.016301] Using GB pages for direct mapping
[    0.018189] ACPI: Early table checksum verification disabled
[    0.019263] ACPI: RSDP 0x00000000000F5240 000014 (v00 BOCHS )
[    0.020402] ACPI: RSDT 0x00000000BFFE1D9D 000034 (v01 BOCHS  BXPC     00000001 BXPC 00000001)
[    0.022062] ACPI: FACP 0x00000000BFFE1C39 000074 (v01 BOCHS  BXPC     00000001 BXPC 00000001)
[    0.023664] ACPI: DSDT 0x00000000BFFE0040 001BF9 (v01 BOCHS  BXPC     00000001 BXPC 00000001)
[    0.025357] ACPI: FACS 0x00000000BFFE0000 000040
[    0.026247] ACPI: APIC 0x00000000BFFE1CAD 000090 (v03 BOCHS  BXPC     00000001 BXPC 00000001)
[    0.027910] ACPI: HPET 0x00000000BFFE1D3D 000038 (v01 BOCHS  BXPC     00000001 BXPC 00000001)
[    0.029607] ACPI: WAET 0x00000000BFFE1D75 000028 (v01 BOCHS  BXPC     00000001 BXPC 00000001)
[    0.031241] ACPI: Reserving FACP table memory at [mem 0xbffe1c39-0xbffe1cac]
[    0.032587] ACPI: Reserving DSDT table memory at [mem 0xbffe0040-0xbffe1c38]
[    0.033958] ACPI: Reserving FACS table memory at [mem 0xbffe0000-0xbffe003f]
[    0.035316] ACPI: Reserving APIC table memory at [mem 0xbffe1cad-0xbffe1d3c]
[    0.036727] ACPI: Reserving HPET table memory at [mem 0xbffe1d3d-0xbffe1d74]
[    0.038081] ACPI: Reserving WAET table memory at [mem 0xbffe1d75-0xbffe1d9c]
[    0.039867] No NUMA configuration found
[    0.040636] Faking a node at [mem 0x0000000000000000-0x000000013fffffff]
[    0.041940] NODE_DATA(0) allocated [mem 0x13fff9c80-0x13fffdfff]
[    0.043921] ACPI: PM-Timer IO Port: 0x608
[    0.044740] ACPI: LAPIC_NMI (acpi_id[0xff] dfl dfl lint[0x1])
[    0.045870] IOAPIC[0]: apic_id 0, version 17, address 0xfec00000, GSI 0-23
[    0.047188] ACPI: INT_SRC_OVR (bus 0 bus_irq 0 global_irq 2 dfl dfl)
[    0.048405] ACPI: INT_SRC_OVR (bus 0 bus_irq 5 global_irq 5 high level)
[    0.049703] ACPI: INT_SRC_OVR (bus 0 bus_irq 9 global_irq 9 high level)
[    0.050961] ACPI: INT_SRC_OVR (bus 0 bus_irq 10 global_irq 10 high level)
[    0.052297] ACPI: INT_SRC_OVR (bus 0 bus_irq 11 global_irq 11 high level)
[    0.053633] ACPI: Using ACPI (MADT) for SMP configuration information
[    0.054874] ACPI: HPET id: 0x8086a201 base: 0xfed00000
[    0.055841] TSC deadline timer available
[    0.056607] CPU topo: Max. logical packages:   1
[    0.057495] CPU topo: Max. logical nodes:      1
[    0.058382] CPU topo: Num. nodes per package:  1
[    0.059265] CPU topo: Max. logical dies:       1
[    0.060154] CPU topo: Max. dies per package:   1
[    0.061071] CPU topo: Max. threads per core:   1
[    0.061936] CPU topo: Num. cores per package:     4
[    0.062868] CPU topo: Num. threads per package:   4
[    0.063797] CPU topo: Allowing 4 present CPUs plus 0 hotplug CPUs
[    0.065024] kvm-guest: APIC: eoi() replaced with kvm_guest_apic_eoi_write()
[    0.066386] kvm-guest: KVM setup pv remote TLB flush
[    0.067331] kvm-guest: setup PV sched yield
[    0.068203] PM: hibernation: Registered nosave memory: [mem 0x00000000-0x00000fff]
[    0.069674] PM: hibernation: Registered nosave memory: [mem 0x0009f000-0x000fffff]
[    0.071128] PM: hibernation: Registered nosave memory: [mem 0xbffe0000-0xffffffff]
[    0.072589] [gap 0xc0000000-0xfeffbfff] available for PCI devices
[    0.073770] Booting paravirtualized kernel on KVM
[    0.074685] clocksource: refined-jiffies: mask: 0xffffffff max_cycles: 0xffffffff, max_idle_ns: 1910969940391419 ns
[    0.081611] Zone ranges:
[    0.082137]   DMA      [mem 0x0000000000001000-0x0000000000ffffff]
[    0.083293]   DMA32    [mem 0x0000000001000000-0x00000000ffffffff]
[    0.084478]   Normal   [mem 0x0000000100000000-0x000000013fffffff]
[    0.085653] Movable zone start for each node
[    0.086484] Early memory node ranges
[    0.087174]   node   0: [mem 0x0000000000001000-0x000000000009efff]
[    0.088421]   node   0: [mem 0x0000000000100000-0x00000000bffdffff]
[    0.089610]   node   0: [mem 0x0000000100000000-0x000000013fffffff]
[    0.090803] Initmem setup node 0 [mem 0x0000000000001000-0x000000013fffffff]
[    0.093106] On node 0, zone DMA: 1 pages in unavailable ranges
[    0.094259] On node 0, zone DMA: 97 pages in unavailable ranges
[    0.124929] On node 0, zone Normal: 32 pages in unavailable ranges
[    0.126168] setup_percpu: NR_CPUS:128 nr_cpumask_bits:4 nr_cpu_ids:4 nr_node_ids:1
[    0.128588] percpu: Embedded 58 pages/cpu s200144 r8192 d29232 u524288
[    0.129874] pcpu-alloc: s200144 r8192 d29232 u524288 alloc=1*2097152
[    0.131104] pcpu-alloc: [0] 0 1 2 3 
[    0.131839] Kernel command line: virtme_hostname=virtme-ng nr_open=1048576 virtme_link_mods=/home/prozak/sources/heimdall_experiment/uml-harness/.build/bpf-next-x86/.virtme_mods/lib/modules/0.0.0 virtme_rw_overlay0=/tmp virtme_console=ttyS0 console=ttyS0 earlyprintk=serial,ttyS0,115200 panic=-1 virtme.exec=`bW91bnQgLXQgYnBmIGJwZmZzIC9zeXMvZnMvYnBmIDI+L2Rldi9udWxsOyAuL3Rlc3RfcHJvZ3MgLXQgJ3RyYWNpbmdfc3RydWN0Jw==` virtme_chdir=home/prozak/sources/heimdall_experiment/uml-harness/.build/selftests-output-qemu-lane2 rootfstype=9p rootflags=version=9p2000.L,trans=virtio,access=any,msize=524288 raid=noautodetect rw debug init=/home/prozak/.local/share/vng-venv/lib/python3.12/site-packages/virtme/guest/bin/virtme-ng-init
[    0.144211] Unknown kernel command line parameters "virtme_hostname=virtme-ng nr_open=1048576 virtme_link_mods=/home/prozak/sources/heimdall_experiment/uml-harness/.build/bpf-next-x86/.virtme_mods/lib/modules/0.0.0 virtme_rw_overlay0=/tmp virtme_console=ttyS0 virtme_chdir=home/prozak/sources/heimdall_experiment/uml-harness/.build/selftests-output-qemu-lane2", will be passed to user space.
[    0.151043] random: crng init done
[    0.151710] printk: log buffer data + meta data: 2097152 + 7340032 = 9437184 bytes
[    0.155000] Dentry cache hash table entries: 524288 (order: 10, 4194304 bytes, linear)
[    0.157467] Inode-cache hash table entries: 262144 (order: 9, 2097152 bytes, linear)
[    0.159047] software IO TLB: area num 4.
[    0.192533] Fallback order for Node 0: 0 
[    0.192540] Built 1 zonelists, mobility grouping on.  Total pages: 1048446
[    0.194786] Policy zone: Normal
[    0.195398] mem auto-init: stack:all(zero), heap alloc:off, heap free:off
[    0.202125] SLUB: HWalign=64, Order=0-3, MinObjects=0, CPUs=4, Nodes=1
Poking KASLR using RDRAND RDTSC...
[    0.216294] ftrace: allocating 70083 entries in 276 pages
[    0.217391] ftrace: allocated 276 pages with 3 groups
[    0.218443] Dynamic Preempt: full
[    0.220019] Running RCU self tests
[    0.220755] Running RCU synchronous self tests
[    0.221616] rcu: Preemptible hierarchical RCU implementation.
[    0.222732] rcu: 	RCU event tracing is enabled.
[    0.223594] rcu: 	RCU lockdep checking is enabled.
[    0.224551] rcu: 	RCU restricting CPUs from NR_CPUS=128 to nr_cpu_ids=4.
[    0.225943] 	Trampoline variant of Tasks RCU enabled.
[    0.226929] 	Rude variant of Tasks RCU enabled.
[    0.227806] 	Tracing variant of Tasks RCU enabled.
[    0.228781] rcu: RCU calculated value of scheduler-enlistment delay is 100 jiffies.
[    0.230240] rcu: Adjusting geometry for rcu_fanout_leaf=16, nr_cpu_ids=4
[    0.232525] Running RCU synchronous self tests
[    0.233429] RCU Tasks: Setting shift to 2 and lim to 1 rcu_task_cb_adjust=1 rcu_task_cpu_ids=4.
[    0.235146] RCU Tasks Rude: Setting shift to 2 and lim to 1 rcu_task_cb_adjust=1 rcu_task_cpu_ids=4.
[    0.245853] NR_IRQS: 8448, nr_irqs: 456, preallocated irqs: 16
[    0.247303] rcu: srcu_init: Setting srcu_struct sizes based on contention.
[    0.248715] clocksource: jiffies: mask: 0xffffffff max_cycles: 0xffffffff, max_idle_ns: 1911260446275000 ns
[    0.250862] Console: colour *CGA 80x25
[    0.251644] printk: legacy console [ttyS0] enabled
[    0.251644] printk: legacy console [ttyS0] enabled
[    0.253566] printk: legacy bootconsole [earlyser0] disabled
[    0.253566] printk: legacy bootconsole [earlyser0] disabled
[    0.255805] Lock dependency validator: Copyright (c) 2006 Red Hat, Inc., Ingo Molnar
[    0.257358] ... MAX_LOCKDEP_SUBCLASSES:  8
[    0.258162] ... MAX_LOCK_DEPTH:          48
[    0.259025] ... MAX_LOCKDEP_KEYS:        8192
[    0.259915] ... CLASSHASH_SIZE:          4096
[    0.260888] ... MAX_LOCKDEP_ENTRIES:     32768
[    0.261777] ... MAX_LOCKDEP_CHAINS:      65536
[    0.262681] ... CHAINHASH_SIZE:          32768
[    0.263579]  memory used by lock dependency info: 6429 kB
[    0.264714]  memory used for stack traces: 4224 kB
[    0.265662]  per task-struct memory footprint: 1920 bytes
[    0.266758] ACPI: Core revision 20260408
[    0.267758] clocksource: hpet: mask: 0xffffffff max_cycles: 0xffffffff, max_idle_ns: 19112604467 ns
[    0.269844] APIC: Switch to symmetric I/O mode setup
[    0.271370] x2apic enabled
[    0.272546] APIC: Switched APIC routing to: physical x2apic
[    0.273772] kvm-guest: APIC: send_IPI_mask() replaced with kvm_send_ipi_mask()
[    0.275339] kvm-guest: APIC: send_IPI_mask_allbutself() replaced with kvm_send_ipi_mask_allbutself()
[    0.277302] kvm-guest: setup PV IPIs
[    0.280311] ..TIMER: vector=0x30 apic1=0 pin1=2 apic2=-1 pin2=-1
[    0.281703] clocksource: tsc-early: mask: 0xffffffffffffffff max_cycles: 0x310274de655, max_idle_ns: 440795359465 ns
[    0.283916] Calibrating delay loop (skipped) preset value.. 6800.08 BogoMIPS (lpj=3400040)
[    0.286393] x86/cpu: User Mode Instruction Prevention (UMIP) activated
[    0.288196] Last level iTLB entries: 4KB 512, 2MB 255, 4MB 127
[    0.288914] Last level dTLB entries: 4KB 512, 2MB 255, 4MB 127, 1GB 0
[    0.290921] mitigations: Enabled attack vectors: user_kernel, user_user, SMT mitigations: auto
[    0.291914] Speculative Store Bypass: Mitigation: Speculative Store Bypass disabled via prctl
[    0.292913] Speculative Return Stack Overflow: IBPB-extending microcode not applied!
[    0.293913] Speculative Return Stack Overflow: WARNING: See https://kernel.org/doc/html/latest/admin-guide/hw-vuln/srso.html for mitigation options.
[    0.293914] Transient Scheduler Attacks: Vulnerable: No microcode
[    0.295913] Spectre V2 : Mitigation: Retpolines
[    0.296913] Speculative Return Stack Overflow: Vulnerable: Safe RET, no microcode
[    0.297913] Spectre V1 : Mitigation: usercopy/swapgs barriers and __user pointer sanitization
[    0.299913] Spectre V2 : Spectre v2 / SpectreRSB: Filling RSB on context switch and VMEXIT
[    0.300913] Spectre V2 : Enabling Restricted Speculation for firmware calls
[    0.301916] Spectre V2 : mitigation: Enabling conditional Indirect Branch Prediction Barrier
[    0.302914] active return thunk: srso_alias_return_thunk
[    0.303969] x86/fpu: Supporting XSAVE feature 0x001: 'x87 floating point registers'
[    0.304913] x86/fpu: Supporting XSAVE feature 0x002: 'SSE registers'
[    0.305913] x86/fpu: Supporting XSAVE feature 0x004: 'AVX registers'
[    0.306913] x86/fpu: xstate_offset[2]:  576, xstate_sizes[2]:  256
[    0.307913] x86/fpu: Enabled xstate features 0x7, context size is 832 bytes, using 'compacted' format.
[    0.346523] pid_max: default: 32768 minimum: 301
[    0.347078] SELinux:  Initializing.
[    0.350013] LSM support for eBPF active
[    0.351046] Mount-cache hash table entries: 8192 (order: 4, 65536 bytes, linear)
[    0.351918] Mountpoint-cache hash table entries: 8192 (order: 4, 65536 bytes, linear)
[    0.354368] VFS: Finished mounting rootfs on nullfs
[    0.357237] Running RCU synchronous self tests
[    0.357916] Running RCU synchronous self tests
[    0.360097] smpboot: CPU0: AMD Ryzen 9 5950X 16-Core Processor (family: 0x19, model: 0x21, stepping: 0x2)
[    0.361593] Performance Events: Fam17h+ core perfctr, AMD PMU driver.
[    0.361933] ... version:                   0
[    0.362920] ... bit width:                 48
[    0.363920] ... generic counters:          6
[    0.364909] ... generic bitmap:            000000000000003f
[    0.364920] ... fixed-purpose counters:    0
[    0.365920] ... fixed-purpose bitmap:      0000000000000000
[    0.366921] ... value mask:                0000ffffffffffff
[    0.367919] ... max period:                00007fffffffffff
[    0.368920] ... global_ctrl mask:          000000000000003f
[    0.370222] signal: max sigframe size: 1776
[    0.371032] rcu: Hierarchical SRCU implementation.
[    0.371921] rcu: 	Max phase no-delay instances is 400.
[    0.373080] Timer migration: 1 hierarchy levels; 8 children per group; 1 crossnode level
[    0.386146] smp: Bringing up secondary CPUs ...
[    0.387478] smpboot: x86: Booting SMP configuration:
[    0.387943] .... node  #0, CPUs:      #1 #2 #3
[    0.395114] smp: Brought up 1 node, 4 CPUs
[    0.396866] smpboot: Total of 4 processors activated (27200.32 BogoMIPS)
[    0.398326] Memory: 3966616K/4193784K available (25781K kernel code, 10327K rwdata, 18304K rodata, 4688K init, 13400K bss, 220952K reserved, 0K cma-reserved)
[    0.401218] devtmpfs: initialized
[    0.404331] Running RCU synchronous self tests
[    0.404947] Running RCU synchronous self tests
[    0.405981] Running RCU Tasks wait API self tests
[    0.406975] Running RCU Tasks Rude wait API self tests
[    0.407923] Running RCU Tasks Trace wait API self tests
[    0.409070] posixtimers hash table entries: 2048 (order: 6, 147456 bytes, linear)
[    0.410015] futex hash table entries: 1024 (131072 bytes on 1 NUMA nodes, total 128 KiB, linear).
[    0.411708] PM: RTC time: 18:32:15, date: 2026-09-05
[    0.413327] NET: Registered PF_NETLINK/PF_ROUTE protocol family
[    0.413957] Callback from call_rcu_tasks_trace() invoked.
[    0.415937] audit: initializing netlink subsys (disabled)
[    0.416969] audit: type=2000 audit(1788633135.788:1): state=initialized audit_enabled=0 res=1
[    0.434408] thermal_sys: Registered thermal governor 'step_wise'
[    0.434501] cpuidle: using governor ladder
[    0.435979] cpuidle: using governor menu
[    0.439202] PCI: Using configuration type 1 for base access
[    0.439920] PCI: Using configuration type 1 for extended access
[    0.441062] kprobes: kprobe jump-optimization is enabled. All kprobes are optimized if possible.
[    0.442066] HugeTLB: registered 1.00 GiB page size, pre-allocated 0 pages
[    0.443922] HugeTLB: 16380 KiB vmemmap can be freed for a 1.00 GiB page
[    0.444922] HugeTLB: registered 2.00 MiB page size, pre-allocated 0 pages
[    0.446922] HugeTLB: 28 KiB vmemmap can be freed for a 2.00 MiB page
[    0.452735] ACPI: Added _OSI(Module Device)
[    0.452921] ACPI: Added _OSI(Processor Device)
[    0.453922] ACPI: Added _OSI(Processor Aggregator Device)
[    0.458301] ACPI: 1 ACPI AML tables successfully acquired and loaded
[    0.461180] ACPI: \_SB_: platform _OSC: OS support mask [002a7eee]
[    0.462636] ACPI: Interpreter enabled
[    0.463993] ACPI: PM: (supports S0 S3 S4 S5)
[    0.464937] ACPI: Using IOAPIC for interrupt routing
[    0.465978] PCI: Using host bridge windows from ACPI; if necessary, use "pci=nocrs" and report a bug
[    0.467922] PCI: Using E820 reservations for host bridge windows
[    0.470309] ACPI: Enabled 2 GPEs in block 00 to 0F
[    0.483489] ACPI: PCI Root Bridge [PCI0] (domain 0000 [bus 00-ff])
[    0.485752] PCI host bridge to bus 0000:00
[    0.486931] pci_bus 0000:00: root bus resource [io  0x0000-0x0cf7 window]
[    0.487923] pci_bus 0000:00: root bus resource [io  0x0d00-0xffff window]
[    0.489923] pci_bus 0000:00: root bus resource [mem 0x000a0000-0x000bffff window]
[    0.490922] pci_bus 0000:00: root bus resource [mem 0xc0000000-0xfebfffff window]
[    0.492921] pci_bus 0000:00: root bus resource [mem 0x380000000000-0x38007fffffff window]
[    0.494923] pci_bus 0000:00: root bus resource [bus 00-ff]
[    0.496355] pci 0000:00:00.0: [8086:1237] type 00 class 0x060000 conventional PCI endpoint
[    0.499637] pci 0000:00:01.0: [8086:7000] type 00 class 0x060100 conventional PCI endpoint
[    0.503364] pci 0000:00:01.1: [8086:7010] type 00 class 0x010180 conventional PCI endpoint
[    0.506004] pci 0000:00:01.1: BAR 4 [io  0xc1c0-0xc1cf]
[    0.508001] pci 0000:00:01.1: BAR 0 [io  0x01f0-0x01f7]: legacy IDE quirk
[    0.508922] pci 0000:00:01.1: BAR 1 [io  0x03f6]: legacy IDE quirk
[    0.510922] pci 0000:00:01.1: BAR 2 [io  0x0170-0x0177]: legacy IDE quirk
[    0.511920] pci 0000:00:01.1: BAR 3 [io  0x0376]: legacy IDE quirk
[    0.514727] pci 0000:00:01.3: [8086:7113] type 00 class 0x068000 conventional PCI endpoint
[    0.516743] pci 0000:00:01.3: quirk: [io  0x0600-0x063f] claimed by PIIX4 ACPI
[    0.518945] pci 0000:00:01.3: quirk: [io  0x0700-0x070f] claimed by PIIX4 SMB
[    0.521952] pci 0000:00:02.0: [1af4:1009] type 00 class 0x000200 conventional PCI endpoint
[    0.524941] pci 0000:00:02.0: BAR 0 [io  0xc000-0xc03f]
[    0.526940] pci 0000:00:02.0: BAR 1 [mem 0xfebf8000-0xfebf8fff]
[    0.527985] pci 0000:00:02.0: BAR 4 [mem 0x380000000000-0x380000003fff 64bit pref]
[    0.533094] pci 0000:00:03.0: [8086:25ab] type 00 class 0x088000 conventional PCI endpoint
[    0.535938] pci 0000:00:03.0: BAR 0 [mem 0xfebf9000-0xfebf900f]
[    0.539526] pci 0000:00:04.0: [1af4:1003] type 00 class 0x078000 conventional PCI endpoint
[    0.543940] pci 0000:00:04.0: BAR 0 [io  0xc040-0xc07f]
[    0.544952] pci 0000:00:04.0: BAR 1 [mem 0xfebfa000-0xfebfafff]
[    0.545985] pci 0000:00:04.0: BAR 4 [mem 0x380000004000-0x380000007fff 64bit pref]
[    0.551331] pci 0000:00:05.0: [1af4:1003] type 00 class 0x078000 conventional PCI endpoint
[    0.554941] pci 0000:00:05.0: BAR 0 [io  0xc080-0xc0bf]
[    0.555936] pci 0000:00:05.0: BAR 1 [mem 0xfebfb000-0xfebfbfff]
[    0.556985] pci 0000:00:05.0: BAR 4 [mem 0x380000008000-0x38000000bfff 64bit pref]
[    0.562299] pci 0000:00:06.0: [1af4:1003] type 00 class 0x078000 conventional PCI endpoint
[    0.565796] pci 0000:00:06.0: BAR 0 [io  0xc0c0-0xc0ff]
[    0.566938] pci 0000:00:06.0: BAR 1 [mem 0xfebfc000-0xfebfcfff]
[    0.567986] pci 0000:00:06.0: BAR 4 [mem 0x38000000c000-0x38000000ffff 64bit pref]
[    0.573472] pci 0000:00:07.0: [1af4:1003] type 00 class 0x078000 conventional PCI endpoint
[    0.576940] pci 0000:00:07.0: BAR 0 [io  0xc100-0xc13f]
[    0.577937] pci 0000:00:07.0: BAR 1 [mem 0xfebfd000-0xfebfdfff]
[    0.578986] pci 0000:00:07.0: BAR 4 [mem 0x380000010000-0x380000013fff 64bit pref]
[    0.584522] pci 0000:00:08.0: [1af4:1003] type 00 class 0x078000 conventional PCI endpoint
[    0.586939] pci 0000:00:08.0: BAR 0 [io  0xc140-0xc17f]
[    0.588939] pci 0000:00:08.0: BAR 1 [mem 0xfebfe000-0xfebfefff]
[    0.589984] pci 0000:00:08.0: BAR 4 [mem 0x380000014000-0x380000017fff 64bit pref]
[    0.595797] pci 0000:00:09.0: [1af4:1003] type 00 class 0x078000 conventional PCI endpoint
[    0.597938] pci 0000:00:09.0: BAR 0 [io  0xc180-0xc1bf]
[    0.598937] pci 0000:00:09.0: BAR 1 [mem 0xfebff000-0xfebfffff]
[    0.600985] pci 0000:00:09.0: BAR 4 [mem 0x380000018000-0x38000001bfff 64bit pref]
[    0.610656] ACPI: PCI: Interrupt link LNKA configured for IRQ 10
[    0.612191] ACPI: PCI: Interrupt link LNKB configured for IRQ 10
[    0.614188] ACPI: PCI: Interrupt link LNKC configured for IRQ 11
[    0.616184] ACPI: PCI: Interrupt link LNKD configured for IRQ 11
[    0.617060] ACPI: PCI: Interrupt link LNKS configured for IRQ 9
[    0.620256] iommu: Default domain type: Translated
[    0.620923] iommu: DMA domain TLB invalidation policy: lazy mode
[    0.623342] SCSI subsystem initialized
[    0.623991] libata version 3.00 loaded.
[    0.625056] ACPI: bus type USB registered
[    0.626047] usbcore: registered new interface driver usbfs
[    0.627987] usbcore: registered new interface driver hub
[    0.628959] usbcore: registered new device driver usb
[    0.630057] pps_core: LinuxPPS API ver. 1 registered
[    0.630919] pps_core: Software ver. 5.3.6 - Copyright 2005-2007 Rodolfo Giometti <giometti@linux.it>
[    0.633936] PTP clock support registered
[    0.635256] Advanced Linux Sound Architecture Driver Initialized.
[    0.636928] NetLabel: Initializing
[    0.637737] NetLabel:  domain hash size = 128
[    0.638920] NetLabel:  protocols = UNLABELED CIPSOv4 CALIPSO
[    0.639970] NetLabel:  unlabeled traffic allowed by default
[    0.642150] PCI: Using ACPI for IRQ routing
[    0.642922] PCI: pci_cache_line_size set to 64 bytes
[    0.644300] e820: register RAM buffer resource [mem 0x0009fc00-0x0009ffff]
[    0.645922] e820: register RAM buffer resource [mem 0xbffe0000-0xbfffffff]
[    0.648052] vgaarb: loaded
[    0.648955] hpet0: at MMIO 0xfed00000, IRQs 2, 8, 0
[    0.649921] hpet0: 3 comparators, 64-bit 100.000000 MHz counter
[    0.655922] clocksource: Switched to clocksource kvm-clock
[    0.660262] VFS: Disk quotas dquot_6.6.0
[    0.661214] VFS: Dquot-cache hash table entries: 512 (4096 bytes)
[    0.663372] pnp: PnP ACPI init
[    0.664568] pnp 00:02: [dma 2]
[    0.666149] pnp: PnP ACPI: found 4 devices
[    0.682748] clocksource: acpi_pm: mask: 0xffffff max_cycles: 0xffffff, max_idle_ns: 2085701024 ns
[    0.684946] NET: Registered PF_INET protocol family
[    0.687182] IP idents hash table entries: 65536 (order: 7, 524288 bytes, linear)
[    0.689761] tcp_listen_portaddr_hash hash table entries: 2048 (order: 6, 147456 bytes, linear)
[    0.692856] Table-perturb hash table entries: 65536 (order: 6, 262144 bytes, linear)
[    0.694654] TCP established hash table entries: 32768 (order: 6, 262144 bytes, linear)
[    0.696515] TCP bind hash table entries: 32768 (order: 11, 4718592 bytes, vmalloc hugepage)
[    0.702827] TCP: Hash tables configured (established 32768 bind 32768)
[    0.704587] MPTCP token hash table entries: 4096 (order: 7, 360448 bytes, linear)
[    0.706434] UDP hash table entries: 2048 (order: 7, 524288 bytes, linear)
[    0.708359] NET: Registered PF_UNIX/PF_LOCAL protocol family
[    0.710443] RPC: Registered named UNIX socket transport module.
[    0.711919] RPC: Registered udp transport module.
[    0.713011] RPC: Registered tcp transport module.
[    0.714150] RPC: Registered tcp-with-tls transport module.
[    0.715446] RPC: Registered tcp NFSv4.1 backchannel transport module.
[    0.717788] NET: Registered PF_XDP protocol family
[    0.718942] pci_bus 0000:00: resource 4 [io  0x0000-0x0cf7 window]
[    0.720469] pci_bus 0000:00: resource 5 [io  0x0d00-0xffff window]
[    0.721900] pci_bus 0000:00: resource 6 [mem 0x000a0000-0x000bffff window]
[    0.723538] pci_bus 0000:00: resource 7 [mem 0xc0000000-0xfebfffff window]
[    0.725178] pci_bus 0000:00: resource 8 [mem 0x380000000000-0x38007fffffff window]
[    0.725265] Callback from call_rcu_tasks() invoked.
[    0.727053] pci 0000:00:01.0: PIIX3: Enabling Passive Release
[    0.729601] pci 0000:00:00.0: Limiting direct PCI/PCI transfers
[    0.731151] PCI: CLS 0 bytes, default 64
[    0.732307] PCI-DMA: Using software bounce buffering for IO (SWIOTLB)
[    0.733807] software IO TLB: mapped [mem 0x00000000bbfe0000-0x00000000bffe0000] (64MB)
[    0.736158] clocksource: tsc: mask: 0xffffffffffffffff max_cycles: 0x310274de655, max_idle_ns: 440795359465 ns
[    0.743185] Initialise system trusted keyrings
[    0.745699] workingset: timestamp_bits=40 (anon: 35) max_order=20 bucket_order=0 (anon: 0)
[    0.748459] squashfs: version 4.0 (2009/01/31) Phillip Lougher
[    0.750310] NFS: Registering the id_resolver key type
[    0.751583] Key type id_resolver registered
[    0.752688] Key type id_legacy registered
[    0.753654] nfs4filelayout_init: NFSv4 File Layout Driver Registering...
[    0.755290] nfs4flexfilelayout_init: NFSv4 Flexfile Layout Driver Registering...
[    0.757341] fuse: init (API version 7.45)
[    0.758554] 9p: Installing v9fs 9p2000 file system support
[    0.761170] NET: Registered PF_ALG protocol family
[    0.762322] Key type asymmetric registered
[    0.763337] Asymmetric key parser 'x509' registered
[    0.764572] Block layer SCSI generic (bsg) driver version 0.4 loaded (major 248)
[    0.766702] io scheduler mq-deadline registered
[    0.767791] io scheduler kyber registered
[    0.769721] input: Power Button as /devices/platform/LNXPWRBN:00/input/input0
[    0.771641] ACPI: button: Power Button [PWRF]
[    0.905296] ACPI: \_SB_.LNKB: Enabled at IRQ 10
[    1.038845] ACPI: \_SB_.LNKD: Enabled at IRQ 11
[    1.173207] ACPI: \_SB_.LNKA: Enabled at IRQ 10
[    1.292034] kwatchdog (72) used greatest stack depth: 14776 bytes left
[    1.439423] ACPI: \_SB_.LNKC: Enabled at IRQ 11
[    1.706996] Serial: 8250/16550 driver, 4 ports, IRQ sharing enabled
[    1.709664] 00:03: ttyS0 at I/O 0x3f8 (irq = 4, base_baud = 115200) is a 16550A
[    1.787475] clocksource: Watchdog remote CPU 2 read timed out
[    1.879928] Non-volatile memory driver v1.3
[    1.881691] ACPI: bus type drm_connector registered
[    1.898930] brd: module loaded
[    1.910809] loop: module loaded
[    1.915597] scsi host0: ata_piix
[    1.917098] scsi host1: ata_piix
[    1.918069] ata1: PATA max MWDMA2 cmd 0x1f0 ctl 0x3f6 bmdma 0xc1c0 irq 14 lpm-pol 0
[    1.919659] ata2: PATA max MWDMA2 cmd 0x170 ctl 0x376 bmdma 0xc1c8 irq 15 lpm-pol 0
[    1.925213] tun: Universal TUN/TAP device driver, 1.6
[    1.926649] e100: Intel(R) PRO/100 Network Driver
[    1.927670] e100: Copyright(c) 1999-2006 Intel Corporation
[    1.928878] e1000: Intel(R) PRO/1000 Network Driver
[    1.929898] e1000: Copyright (c) 1999-2006 Intel Corporation.
[    1.931171] e1000e: Intel(R) PRO/1000 Network Driver
[    1.932306] e1000e: Copyright(c) 1999 - 2015 Intel Corporation.
[    1.933601] sky2: driver version 1.30
[    1.935476] usbcore: registered new interface driver usblp
[    1.936665] usbcore: registered new interface driver usb-storage
[    1.938001] i8042: PNP: PS/2 Controller [PNP0303:KBD,PNP0f13:MOU] at 0x60,0x64 irq 1,12
[    1.941072] serio: i8042 KBD port at 0x60,0x64 irq 1
[    1.942614] serio: i8042 AUX port at 0x60,0x64 irq 12
[    1.944791] rtc_cmos PNP0B00:00: RTC can wake from S4
[    1.946795] input: AT Translated Set 2 keyboard as /devices/platform/i8042/serio0/input/input1
[    1.950808] rtc_cmos PNP0B00:00: registered as rtc0
[    1.952637] rtc_cmos PNP0B00:00: alarms up to one day, y3k, 242 bytes nvram, hpet irqs
[    1.954831] Registered IR keymap rc-empty
[    1.956691] rc rc0: rc-core loopback device as /devices/virtual/rc/rc0
[    1.959468] rc rc0: lirc_dev: driver rc-loopback registered at minor = 0, raw IR receiver, raw IR transmitter
[    1.963928] input: rc-core loopback device as /devices/virtual/rc/rc0/input2
[    1.966599] intel_powerclamp: CPU does not support MWAIT
[    1.967956] device-mapper: core: CONFIG_IMA_DISABLE_HTABLE is disabled. Duplicate IMA measurements will not be recorded in the IMA log.
[    1.971072] device-mapper: ioctl: 4.50.0-ioctl (2025-04-28) initialised: dm-devel@lists.linux.dev
[    1.973812] hid: raw HID events driver (C) Jiri Kosina
[    1.976773] usbcore: registered new interface driver usbhid
[    1.978121] usbhid: USB HID core driver
[    1.980160] GACT probability NOT on
[    1.981124] Mirror/redirect action on
[    1.982365] nf_conntrack_irc: The irc conntrack helper is scheduled for removal.
[    1.982365] Please contact the netfilter-devel mailing list if you still need this.
[    1.987673] ipip: IPv4 and MPLS over IPv4 tunneling driver
[    1.989656] gre: GRE over IPv4 demultiplexer driver
[    1.990860] ip_gre: GRE over IPv4 tunneling driver
[    1.994405] Initializing XFRM netlink socket
[    1.995461] IPsec XFRM device driver
[    1.996415] NET: Registered PF_INET6 protocol family
[    1.998778] Segment Routing with IPv6
[    1.999674] In-situ OAM (IOAM) with IPv6
[    2.000642] mip6: Mobile IPv6
[    2.001386] sit: IPv6, IPv4 and MPLS over IPv4 tunneling driver
[    2.004031] ip6_gre: GRE over IPv6 tunneling driver
[    2.005905] NET: Registered PF_PACKET protocol family
[    2.007188] RPC: Registered rdma transport module.
[    2.008340] RPC: Registered rdma backchannel transport module.
[    2.009893] 8021q: 802.1Q VLAN Support v1.8
[    2.011274] smc: adding smcd device lo without pnetid
[    2.012634] NET: Registered PF_SMC protocol family
[    2.014023] 9pnet: Installing 9P2000 support
[    2.016712] Key type dns_resolver registered
[    2.017907] NET: Registered PF_VSOCK protocol family
[    2.019159] mpls_gso: MPLS GSO support
[    2.021915] IPI shorthand broadcast: enabled
[    2.067839] sched_clock: Marking stable (2041016202, 26230386)->(2116524237, -49277649)
[    2.070915] registered taskstats version 1
[    2.075952] ata2: found unknown device (class 0)
[    2.078482] ata2.00: ATAPI: QEMU DVD-ROM, 2.5+, max UDMA/100
[    2.082538] scsi 1:0:0:0: CD-ROM            QEMU     QEMU DVD-ROM     2.5+ PQ: 0 ANSI: 5
[    2.089598] Loading compiled-in X.509 certificates
[    2.091205] kworker/u16:1 (91) used greatest stack depth: 14184 bytes left
[    2.092384] Loaded X.509 cert 'Build time autogenerated kernel key: c4531344b9a9c1a4731230d977a262ba29ba5272'
[    2.111460] sr 1:0:0:0: [sr0] scsi3-mmc drive: 4x/4x cd/rw xa/form2 tray
[    2.133161] Demotion targets for Node 0: null
[    2.134547] ima: No TPM chip found, activating TPM-bypass!
[    2.135885] ima: Allocated hash algorithm: sha1
[    2.136342] cdrom: Uniform CD-ROM driver Revision: 3.20
[    2.138493] ima: No architecture policies found
[    2.140844] PM:   Magic number: 10:780:543
[    2.141820] netconsole: network logging started
[    2.143437] cfg80211: Loading compiled-in X.509 certificates for regulatory database
[    2.146047] Loaded X.509 cert 'sforshee: 00b28ddf47aef9cea7'
[    2.147372] Loaded X.509 cert 'wens: 61c038651aabdcf94bd0ac7ff06c7248db18c600'
[    2.149641] ALSA device list:
[    2.150729] faux_driver regulatory: Direct firmware load for regulatory.db failed with error -2
[    2.150952]   No soundcards found.
[    2.151542] sr 1:0:0:0: Attached scsi CD-ROM sr0
[    2.152687] sr 1:0:0:0: Attached scsi generic sg0 type 5
[    2.152937] cfg80211: failed to load regulatory.db
[    2.382013] input: ImExPS/2 Generic Explorer Mouse as /devices/platform/i8042/serio1/input/input4
[    2.383905] md: Skipping autodetection of RAID arrays. (raid=autodetect will force)
[    2.385318] 9p: Bad value for 'source'
[    2.385988] 9pnet: Limiting 'msize' to 512000 as this is the maximum supported by transport virtio
[    2.389568] VFS: Mounted root (9p filesystem) on device 0:24.
[    2.391469] devtmpfs: mounted
[    2.392100] VFS: Pivoted into new rootfs
[    2.396959] Freeing unused kernel image (initmem) memory: 4688K
[    2.397916] Write protecting the kernel read-only data: 45056k
[    2.399687] Freeing unused kernel image (text/rodata gap) memory: 840K
[    2.400890] Freeing unused kernel image (rodata/data gap) memory: 128K
[    2.440543] x86/mm: Checked W+X mappings: passed, no W+X pages found.
[    2.441543] Run /home/prozak/.local/share/vng-venv/lib/python3.12/site-packages/virtme/guest/bin/virtme-ng-init as init process
[    2.443246]   with arguments:
[    2.443735]     /home/prozak/.local/share/vng-venv/lib/python3.12/site-packages/virtme/guest/bin/virtme-ng-init
[    2.445208]   with environment:
[    2.445739]     HOME=/
[    2.446109]     TERM=linux
[    2.446546]     virtme_hostname=virtme-ng
[    2.447137]     nr_open=1048576
[    2.447703]     virtme_link_mods=/home/prozak/sources/heimdall_experiment/uml-harness/.build/bpf-next-x86/.virtme_mods/lib/modules/0.0.0
[    2.449483]     virtme_rw_overlay0=/tmp
[    2.450084]     virtme_console=ttyS0
[    2.450649]     virtme_chdir=home/prozak/sources/heimdall_experiment/uml-harness/.build/selftests-output-qemu-lane2
[    2.543603] virtme-ng-init: mount devtmpfs -> /dev: EBUSY: Device or resource busy
[    2.546039] virtme-ng-init: Setting hostname to virtme-ng...
[    2.586735] virtme-ng-init: running systemd-tmpfiles
[    4.087709] systemd-tmpfile (99) used greatest stack depth: 12520 bytes left
[    4.087913] virtme-ng-init: basic initialization done
[    4.107792] virtme-ng-init: error creating file: Permission denied (os error 13)
[    4.206519] ip (103) used greatest stack depth: 11832 bytes left
[    4.330673] virtme-ng-init: Starting systemd-udevd version 255.4-1ubuntu8.17
[    4.332161] virtme-ng-init: triggering udev coldplug
[    7.522599] virtme-ng-init: waiting for udev to settle
[    8.414728] virtme-ng-init: udev is done
[    8.419965] virtme-ng-init: starting script
[    8.736920] bpf_testmod: loading out-of-tree module taints kernel.
[    8.737927] bpf_testmod: module verification failed: signature and/or required key missing - tainting kernel
[    9.553694] smc: removing smcd device lo
[    9.630347] ACPI: PM: Preparing to enter system sleep state S5
[    9.632127] reboot: Power down
