#564/1   tracing_struct/struct_args:OK
#564/2   tracing_struct/struct_many_args:OK
libbpf: prog 'test_int128_arg_fexit': failed to find kernel BTF type ID of 'bpf_testmod_test_int128_arg': -ESRCH
libbpf: prog 'test_int128_arg_fexit': failed to prepare load attributes: -ESRCH
libbpf: prog 'test_int128_arg_fexit': failed to load: -ESRCH
libbpf: failed to load object 'tracing_struct_int128'
libbpf: failed to load BPF skeleton 'tracing_struct_int128': -ESRCH
test_int128_args:FAIL:tracing_struct_int128__open_and_load unexpected error: -3
#564/3   tracing_struct/int128_args:FAIL
#564/4   tracing_struct/union_args:OK
#564     tracing_struct:FAIL

All error logs:
libbpf: prog 'test_int128_arg_fexit': failed to find kernel BTF type ID of 'bpf_testmod_test_int128_arg': -ESRCH
libbpf: prog 'test_int128_arg_fexit': failed to prepare load attributes: -ESRCH
libbpf: prog 'test_int128_arg_fexit': failed to load: -ESRCH
libbpf: failed to load object 'tracing_struct_int128'
libbpf: failed to load BPF skeleton 'tracing_struct_int128': -ESRCH
test_int128_args:FAIL:tracing_struct_int128__open_and_load unexpected error: -3
#564/3   tracing_struct/int128_args:FAIL
#564     tracing_struct:FAIL
Summary: 0/3 PASSED, 0 SKIPPED, 1/1 FAILED
ut-qemu rootfstype=9p rootflags=version=9p2000.L,trans=virtio,access=any,msize=524288 raid=noautodetect rw debug init=/home/prozak/.local/share/vng-venv/lib/python3.12/site-packages/virtme/guest/bin/virtme-ng-init
[    0.000000] x86 CPU feature dependency check failure: CPU0 has '18*32+31' enabled but '18*32+26' disabled. Kernel might be fine, but no guarantees.
[    0.000000] BIOS-provided physical RAM map:
[    0.000000] BIOS-e820: [mem 0x0000000000000000-0x000000000009fbff]  System RAM
[    0.000000] BIOS-e820: [mem 0x000000000009fc00-0x000000000009ffff]  device reserved
[    0.000000] BIOS-e820: [gap 0x00000000000a0000-0x00000000000effff]
[    0.000000] BIOS-e820: [mem 0x00000000000f0000-0x00000000000fffff]  device reserved
[    0.000000] BIOS-e820: [mem 0x0000000000100000-0x00000000bffdffff]  System RAM
[    0.000000] BIOS-e820: [mem 0x00000000bffe0000-0x00000000bfffffff]  device reserved
[    0.000000] BIOS-e820: [gap 0x00000000c0000000-0x00000000feffbfff]
[    0.000000] BIOS-e820: [mem 0x00000000feffc000-0x00000000feffffff]  device reserved
[    0.000000] BIOS-e820: [gap 0x00000000ff000000-0x00000000fffbffff]
[    0.000000] BIOS-e820: [mem 0x00000000fffc0000-0x00000000ffffffff]  device reserved
[    0.000000] BIOS-e820: [mem 0x0000000100000000-0x000000013fffffff]  System RAM
[    0.000000] BIOS-e820: [gap 0x0000000140000000-0x000000fcffffffff]
[    0.000000] BIOS-e820: [mem 0x000000fd00000000-0x000000ffffffffff]  device reserved
[    0.000000] printk: legacy bootconsole [earlyser0] enabled
[    0.000000] NX (Execute Disable) protection: active
[    0.000000] APIC: Static calls initialized
[    0.000000] DMI: SMBIOS 3.0.0 present.
[    0.000000] DMI: QEMU Ubuntu 24.04 PC v2 (i440FX + PIIX, arch_caps fix, 1996), BIOS 1.16.3-debian-1.16.3-2 04/01/2014
[    0.000000] DMI: Memory slots populated: 1/1
[    0.000000] Hypervisor detected: KVM
[    0.000000] last_pfn = 0xbffe0 max_arch_pfn = 0x400000000
[    0.000000] kvm-clock: Using msrs 4b564d01 and 4b564d00
[    0.000005] kvm-clock: using sched offset of 323039716 cycles
[    0.001621] clocksource: kvm-clock: mask: 0xffffffffffffffff max_cycles: 0x1cd42e4dffb, max_idle_ns: 881590591483 ns
[    0.007257] tsc: Detected 3400.040 MHz processor
[    0.009543] e820: update [mem 0x00000000-0x00000fff] System RAM ==> device reserved
[    0.012269] e820: remove [mem 0x000a0000-0x000fffff] System RAM
[    0.014287] last_pfn = 0x140000 max_arch_pfn = 0x400000000
[    0.016330] MTRR map: 4 entries (3 fixed + 1 variable; max 19), built from 8 variable MTRRs
[    0.018742] x86/PAT: Configuration [0-7]: WB  WC  UC- UC  WB  WP  UC- WT  
Memory KASLR using RDRAND RDTSC...
[    0.021730] last_pfn = 0xbffe0 max_arch_pfn = 0x400000000
[    0.025203] found SMP MP-table at [mem 0x000f5450-0x000f545f]
[    0.027037] Using GB pages for direct mapping
[    0.030062] ACPI: Early table checksum verification disabled
[    0.031667] ACPI: RSDP 0x00000000000F5240 000014 (v00 BOCHS )
[    0.033339] ACPI: RSDT 0x00000000BFFE1F16 000034 (v01 BOCHS  BXPC     00000001 BXPC 00000001)
[    0.036028] ACPI: FACP 0x00000000BFFE1D92 000074 (v01 BOCHS  BXPC     00000001 BXPC 00000001)
[    0.038847] ACPI: DSDT 0x00000000BFFE0040 001D52 (v01 BOCHS  BXPC     00000001 BXPC 00000001)
[    0.041473] ACPI: FACS 0x00000000BFFE0000 000040
[    0.042855] ACPI: APIC 0x00000000BFFE1E06 0000B0 (v03 BOCHS  BXPC     00000001 BXPC 00000001)
[    0.045225] ACPI: HPET 0x00000000BFFE1EB6 000038 (v01 BOCHS  BXPC     00000001 BXPC 00000001)
[    0.047234] ACPI: WAET 0x00000000BFFE1EEE 000028 (v01 BOCHS  BXPC     00000001 BXPC 00000001)
[    0.049805] ACPI: Reserving FACP table memory at [mem 0xbffe1d92-0xbffe1e05]
[    0.052037] ACPI: Reserving DSDT table memory at [mem 0xbffe0040-0xbffe1d91]
[    0.054167] ACPI: Reserving FACS table memory at [mem 0xbffe0000-0xbffe003f]
[    0.056316] ACPI: Reserving APIC table memory at [mem 0xbffe1e06-0xbffe1eb5]
[    0.058476] ACPI: Reserving HPET table memory at [mem 0xbffe1eb6-0xbffe1eed]
[    0.060539] ACPI: Reserving WAET table memory at [mem 0xbffe1eee-0xbffe1f15]
[    0.063467] No NUMA configuration found
[    0.064701] Faking a node at [mem 0x0000000000000000-0x000000013fffffff]
[    0.066694] NODE_DATA(0) allocated [mem 0x13fff9c80-0x13fffdfff]
[    0.069872] ACPI: PM-Timer IO Port: 0x608
[    0.071195] ACPI: LAPIC_NMI (acpi_id[0xff] dfl dfl lint[0x1])
[    0.073097] IOAPIC[0]: apic_id 0, version 17, address 0xfec00000, GSI 0-23
[    0.075247] ACPI: INT_SRC_OVR (bus 0 bus_irq 0 global_irq 2 dfl dfl)
[    0.077064] ACPI: INT_SRC_OVR (bus 0 bus_irq 5 global_irq 5 high level)
[    0.078930] ACPI: INT_SRC_OVR (bus 0 bus_irq 9 global_irq 9 high level)
[    0.080907] ACPI: INT_SRC_OVR (bus 0 bus_irq 10 global_irq 10 high level)
[    0.082938] ACPI: INT_SRC_OVR (bus 0 bus_irq 11 global_irq 11 high level)
[    0.085114] ACPI: Using ACPI (MADT) for SMP configuration information
[    0.087162] ACPI: HPET id: 0x8086a201 base: 0xfed00000
[    0.088703] TSC deadline timer available
[    0.089820] CPU topo: Max. logical packages:   1
[    0.091358] CPU topo: Max. logical nodes:      1
[    0.092854] CPU topo: Num. nodes per package:  1
[    0.094280] CPU topo: Max. logical dies:       1
[    0.095627] CPU topo: Max. dies per package:   1
[    0.096966] CPU topo: Max. threads per core:   1
[    0.098221] CPU topo: Num. cores per package:     8
[    0.099714] CPU topo: Num. threads per package:   8
[    0.101114] CPU topo: Allowing 8 present CPUs plus 0 hotplug CPUs
[    0.103130] kvm-guest: APIC: eoi() replaced with kvm_guest_apic_eoi_write()
[    0.105333] kvm-guest: KVM setup pv remote TLB flush
[    0.106892] kvm-guest: setup PV sched yield
[    0.108095] PM: hibernation: Registered nosave memory: [mem 0x00000000-0x00000fff]
[    0.109637] PM: hibernation: Registered nosave memory: [mem 0x0009f000-0x000fffff]
[    0.111384] PM: hibernation: Registered nosave memory: [mem 0xbffe0000-0xffffffff]
[    0.113073] [gap 0xc0000000-0xfeffbfff] available for PCI devices
[    0.114272] Booting paravirtualized kernel on KVM
[    0.115294] clocksource: refined-jiffies: mask: 0xffffffff max_cycles: 0xffffffff, max_idle_ns: 1910969940391419 ns
[    0.122534] Zone ranges:
[    0.123131]   DMA      [mem 0x0000000000001000-0x0000000000ffffff]
[    0.124451]   DMA32    [mem 0x0000000001000000-0x00000000ffffffff]
[    0.125688]   Normal   [mem 0x0000000100000000-0x000000013fffffff]
[    0.126966] Movable zone start for each node
[    0.127954] Early memory node ranges
[    0.128710]   node   0: [mem 0x0000000000001000-0x000000000009efff]
[    0.130068]   node   0: [mem 0x0000000000100000-0x00000000bffdffff]
[    0.131560]   node   0: [mem 0x0000000100000000-0x000000013fffffff]
[    0.132797] Initmem setup node 0 [mem 0x0000000000001000-0x000000013fffffff]
[    0.135447] On node 0, zone DMA: 1 pages in unavailable ranges
[    0.136874] On node 0, zone DMA: 97 pages in unavailable ranges
[    0.169378] On node 0, zone Normal: 32 pages in unavailable ranges
[    0.170727] setup_percpu: NR_CPUS:128 nr_cpumask_bits:8 nr_cpu_ids:8 nr_node_ids:1
[    0.173446] percpu: Embedded 58 pages/cpu s200144 r8192 d29232 u262144
[    0.174812] pcpu-alloc: s200144 r8192 d29232 u262144 alloc=1*2097152
[    0.176138] pcpu-alloc: [0] 0 1 2 3 4 5 6 7 
[    0.177075] Kernel command line: virtme_hostname=virtme-ng nr_open=1048576 virtme_link_mods=/home/prozak/sources/heimdall_experiment/uml-harness/.build/bpf-next-x86/.virtme_mods/lib/modules/0.0.0 virtme_rw_overlay0=/tmp virtme_console=ttyS0 console=ttyS0 earlyprintk=serial,ttyS0,115200 panic=-1 virtme.exec=`bW91bnQgLXQgYnBmIGJwZmZzIC9zeXMvZnMvYnBmIDI+L2Rldi9udWxsOyAuL3Rlc3RfcHJvZ3MgLXQgJ3RyYWNpbmdfc3RydWN0Jw==` virtme_chdir=home/prozak/sources/heimdall_experiment/uml-harness/.build/selftests-output-qemu rootfstype=9p rootflags=version=9p2000.L,trans=virtio,access=any,msize=524288 raid=noautodetect rw debug init=/home/prozak/.local/share/vng-venv/lib/python3.12/site-packages/virtme/guest/bin/virtme-ng-init
[    0.189924] Unknown kernel command line parameters "virtme_hostname=virtme-ng nr_open=1048576 virtme_link_mods=/home/prozak/sources/heimdall_experiment/uml-harness/.build/bpf-next-x86/.virtme_mods/lib/modules/0.0.0 virtme_rw_overlay0=/tmp virtme_console=ttyS0 virtme_chdir=home/prozak/sources/heimdall_experiment/uml-harness/.build/selftests-output-qemu", will be passed to user space.
[    0.197044] random: crng init done
[    0.197723] printk: log buffer data + meta data: 2097152 + 7340032 = 9437184 bytes
[    0.202099] Dentry cache hash table entries: 524288 (order: 10, 4194304 bytes, linear)
[    0.204830] Inode-cache hash table entries: 262144 (order: 9, 2097152 bytes, linear)
[    0.206479] software IO TLB: area num 8.
[    0.248058] Fallback order for Node 0: 0 
[    0.248068] Built 1 zonelists, mobility grouping on.  Total pages: 1048446
[    0.250367] Policy zone: Normal
[    0.251017] mem auto-init: stack:all(zero), heap alloc:off, heap free:off
[    0.259650] SLUB: HWalign=64, Order=0-3, MinObjects=0, CPUs=8, Nodes=1
Poking KASLR using RDRAND RDTSC...
[    0.277275] ftrace: allocating 70083 entries in 276 pages
[    0.278617] ftrace: allocated 276 pages with 3 groups
[    0.280951] Dynamic Preempt: full
[    0.282842] Running RCU self tests
[    0.283660] Running RCU synchronous self tests
[    0.284643] rcu: Preemptible hierarchical RCU implementation.
[    0.285901] rcu: 	RCU event tracing is enabled.
[    0.286912] rcu: 	RCU lockdep checking is enabled.
[    0.288038] rcu: 	RCU restricting CPUs from NR_CPUS=128 to nr_cpu_ids=8.
[    0.289492] 	Trampoline variant of Tasks RCU enabled.
[    0.290569] 	Rude variant of Tasks RCU enabled.
[    0.291620] 	Tracing variant of Tasks RCU enabled.
[    0.292688] rcu: RCU calculated value of scheduler-enlistment delay is 100 jiffies.
[    0.294301] rcu: Adjusting geometry for rcu_fanout_leaf=16, nr_cpu_ids=8
[    0.295866] Running RCU synchronous self tests
[    0.296868] RCU Tasks: Setting shift to 3 and lim to 1 rcu_task_cb_adjust=1 rcu_task_cpu_ids=8.
[    0.298860] RCU Tasks Rude: Setting shift to 3 and lim to 1 rcu_task_cb_adjust=1 rcu_task_cpu_ids=8.
[    0.311009] NR_IRQS: 8448, nr_irqs: 488, preallocated irqs: 16
[    0.312740] rcu: srcu_init: Setting srcu_struct sizes based on contention.
[    0.314260] clocksource: jiffies: mask: 0xffffffff max_cycles: 0xffffffff, max_idle_ns: 1911260446275000 ns
[    0.316866] Console: colour *CGA 80x25
[    0.317793] printk: legacy console [ttyS0] enabled
[    0.317793] printk: legacy console [ttyS0] enabled
[    0.319900] printk: legacy bootconsole [earlyser0] disabled
[    0.319900] printk: legacy bootconsole [earlyser0] disabled
[    0.322197] Lock dependency validator: Copyright (c) 2006 Red Hat, Inc., Ingo Molnar
[    0.323829] ... MAX_LOCKDEP_SUBCLASSES:  8
[    0.324662] ... MAX_LOCK_DEPTH:          48
[    0.325536] ... MAX_LOCKDEP_KEYS:        8192
[    0.326439] ... CLASSHASH_SIZE:          4096
[    0.327421] ... MAX_LOCKDEP_ENTRIES:     32768
[    0.328323] ... MAX_LOCKDEP_CHAINS:      65536
[    0.329326] ... CHAINHASH_SIZE:          32768
[    0.330340]  memory used by lock dependency info: 6429 kB
[    0.331628]  memory used for stack traces: 4224 kB
[    0.332805]  per task-struct memory footprint: 1920 bytes
[    0.334055] ACPI: Core revision 20260408
[    0.335301] clocksource: hpet: mask: 0xffffffff max_cycles: 0xffffffff, max_idle_ns: 19112604467 ns
[    0.337593] APIC: Switch to symmetric I/O mode setup
[    0.339384] x2apic enabled
[    0.340664] APIC: Switched APIC routing to: physical x2apic
[    0.341908] kvm-guest: APIC: send_IPI_mask() replaced with kvm_send_ipi_mask()
[    0.343546] kvm-guest: APIC: send_IPI_mask_allbutself() replaced with kvm_send_ipi_mask_allbutself()
[    0.345555] kvm-guest: setup PV IPIs
[    0.348681] ..TIMER: vector=0x30 apic1=0 pin1=2 apic2=-1 pin2=-1
[    0.350050] clocksource: tsc-early: mask: 0xffffffffffffffff max_cycles: 0x310274de655, max_idle_ns: 440795359465 ns
[    0.352396] Calibrating delay loop (skipped) preset value.. 6800.08 BogoMIPS (lpj=3400040)
[    0.354554] x86/cpu: User Mode Instruction Prevention (UMIP) activated
[    0.356600] Last level iTLB entries: 4KB 512, 2MB 255, 4MB 127
[    0.357391] Last level dTLB entries: 4KB 512, 2MB 255, 4MB 127, 1GB 0
[    0.358460] mitigations: Enabled attack vectors: user_kernel, user_user, SMT mitigations: auto
[    0.359392] Speculative Store Bypass: Mitigation: Speculative Store Bypass disabled via prctl
[    0.360402] Speculative Return Stack Overflow: IBPB-extending microcode not applied!
[    0.361391] Speculative Return Stack Overflow: WARNING: See https://kernel.org/doc/html/latest/admin-guide/hw-vuln/srso.html for mitigation options.
[    0.361404] Transient Scheduler Attacks: Vulnerable: No microcode
[    0.363391] Spectre V2 : Mitigation: Retpolines
[    0.364391] Speculative Return Stack Overflow: Vulnerable: Safe RET, no microcode
[    0.365391] Spectre V1 : Mitigation: usercopy/swapgs barriers and __user pointer sanitization
[    0.366392] Spectre V2 : Spectre v2 / SpectreRSB: Filling RSB on context switch and VMEXIT
[    0.367397] Spectre V2 : Enabling Restricted Speculation for firmware calls
[    0.368396] Spectre V2 : mitigation: Enabling conditional Indirect Branch Prediction Barrier
[    0.369391] active return thunk: srso_alias_return_thunk
[    0.370489] x86/fpu: Supporting XSAVE feature 0x001: 'x87 floating point registers'
[    0.371391] x86/fpu: Supporting XSAVE feature 0x002: 'SSE registers'
[    0.372391] x86/fpu: Supporting XSAVE feature 0x004: 'AVX registers'
[    0.373391] x86/fpu: xstate_offset[2]:  576, xstate_sizes[2]:  256
[    0.374391] x86/fpu: Enabled xstate features 0x7, context size is 832 bytes, using 'compacted' format.
[    0.415364] pid_max: default: 32768 minimum: 301
[    0.415653] SELinux:  Initializing.
[    0.418038] LSM support for eBPF active
[    0.419402] Mount-cache hash table entries: 8192 (order: 4, 65536 bytes, linear)
[    0.420394] Mountpoint-cache hash table entries: 8192 (order: 4, 65536 bytes, linear)
[    0.422689] VFS: Finished mounting rootfs on nullfs
[    0.425079] Running RCU synchronous self tests
[    0.425394] Running RCU synchronous self tests
[    0.427716] smpboot: CPU0: AMD Ryzen 9 5950X 16-Core Processor (family: 0x19, model: 0x21, stepping: 0x2)
[    0.429119] Performance Events: Fam17h+ core perfctr, AMD PMU driver.
[    0.429412] ... version:                   0
[    0.430396] ... bit width:                 48
[    0.431399] ... generic counters:          6
[    0.432388] ... generic bitmap:            000000000000003f
[    0.433399] ... fixed-purpose counters:    0
[    0.434398] ... fixed-purpose bitmap:      0000000000000000
[    0.435399] ... value mask:                0000ffffffffffff
[    0.436399] ... max period:                00007fffffffffff
[    0.437396] ... global_ctrl mask:          000000000000003f
[    0.438725] signal: max sigframe size: 1776
[    0.439519] rcu: Hierarchical SRCU implementation.
[    0.440397] rcu: 	Max phase no-delay instances is 400.
[    0.441567] Timer migration: 1 hierarchy levels; 8 children per group; 1 crossnode level
[    0.455335] smp: Bringing up secondary CPUs ...
[    0.456033] smpboot: x86: Booting SMP configuration:
[    0.456421] .... node  #0, CPUs:      #1 #2 #3 #4 #5 #6 #7
[    0.480401] smp: Brought up 1 node, 8 CPUs
[    0.482408] smpboot: Total of 8 processors activated (54400.64 BogoMIPS)
[    0.485297] Memory: 3963816K/4193784K available (25781K kernel code, 10327K rwdata, 18304K rodata, 4688K init, 13400K bss, 221912K reserved, 0K cma-reserved)
[    0.487630] devtmpfs: initialized
[    0.491681] Running RCU synchronous self tests
[    0.492421] Running RCU synchronous self tests
[    0.493468] Running RCU Tasks wait API self tests
[    0.494486] Running RCU Tasks Rude wait API self tests
[    0.495402] Running RCU Tasks Trace wait API self tests
[    0.496535] posixtimers hash table entries: 4096 (order: 7, 294912 bytes, linear)
[    0.497588] futex hash table entries: 2048 (262144 bytes on 1 NUMA nodes, total 256 KiB, linear).
[    0.499225] PM: RTC time: 01:18:04, date: 2026-09-07
[    0.501014] NET: Registered PF_NETLINK/PF_ROUTE protocol family
[    0.501451] Callback from call_rcu_tasks_trace() invoked.
[    0.503467] audit: initializing netlink subsys (disabled)
[    0.504470] audit: type=2000 audit(1788743884.944:1): state=initialized audit_enabled=0 res=1
[    0.522095] thermal_sys: Registered thermal governor 'step_wise'
[    0.522194] cpuidle: using governor ladder
[    0.523453] cpuidle: using governor menu
[    0.527491] PCI: Using configuration type 1 for base access
[    0.528397] PCI: Using configuration type 1 for extended access
[    0.529559] kprobes: kprobe jump-optimization is enabled. All kprobes are optimized if possible.
[    0.532564] HugeTLB: registered 1.00 GiB page size, pre-allocated 0 pages
[    0.533399] HugeTLB: 16380 KiB vmemmap can be freed for a 1.00 GiB page
[    0.534400] HugeTLB: registered 2.00 MiB page size, pre-allocated 0 pages
[    0.535399] HugeTLB: 28 KiB vmemmap can be freed for a 2.00 MiB page
[    0.541805] ACPI: Added _OSI(Module Device)
[    0.542401] ACPI: Added _OSI(Processor Device)
[    0.543399] ACPI: Added _OSI(Processor Aggregator Device)
[    0.548129] ACPI: 1 ACPI AML tables successfully acquired and loaded
[    0.550753] ACPI: \_SB_: platform _OSC: OS support mask [002a7eee]
[    0.552180] ACPI: Interpreter enabled
[    0.552474] ACPI: PM: (supports S0 S3 S4 S5)
[    0.553413] ACPI: Using IOAPIC for interrupt routing
[    0.554460] PCI: Using host bridge windows from ACPI; if necessary, use "pci=nocrs" and report a bug
[    0.555399] PCI: Using E820 reservations for host bridge windows
[    0.556801] ACPI: Enabled 2 GPEs in block 00 to 0F
[    0.571128] ACPI: PCI Root Bridge [PCI0] (domain 0000 [bus 00-ff])
[    0.572217] PCI host bridge to bus 0000:00
[    0.572411] pci_bus 0000:00: root bus resource [io  0x0000-0x0cf7 window]
[    0.573400] pci_bus 0000:00: root bus resource [io  0x0d00-0xffff window]
[    0.574400] pci_bus 0000:00: root bus resource [mem 0x000a0000-0x000bffff window]
[    0.575399] pci_bus 0000:00: root bus resource [mem 0xc0000000-0xfebfffff window]
[    0.576400] pci_bus 0000:00: root bus resource [mem 0x380000000000-0x38007fffffff window]
[    0.577401] pci_bus 0000:00: root bus resource [bus 00-ff]
[    0.578904] pci 0000:00:00.0: [8086:1237] type 00 class 0x060000 conventional PCI endpoint
[    0.581193] pci 0000:00:01.0: [8086:7000] type 00 class 0x060100 conventional PCI endpoint
[    0.582922] pci 0000:00:01.1: [8086:7010] type 00 class 0x010180 conventional PCI endpoint
[    0.584480] pci 0000:00:01.1: BAR 4 [io  0xc1c0-0xc1cf]
[    0.585483] pci 0000:00:01.1: BAR 0 [io  0x01f0-0x01f7]: legacy IDE quirk
[    0.586400] pci 0000:00:01.1: BAR 1 [io  0x03f6]: legacy IDE quirk
[    0.587402] pci 0000:00:01.1: BAR 2 [io  0x0170-0x0177]: legacy IDE quirk
[    0.588400] pci 0000:00:01.1: BAR 3 [io  0x0376]: legacy IDE quirk
[    0.590218] pci 0000:00:01.3: [8086:7113] type 00 class 0x068000 conventional PCI endpoint
[    0.591561] pci 0000:00:01.3: quirk: [io  0x0600-0x063f] claimed by PIIX4 ACPI
[    0.592421] pci 0000:00:01.3: quirk: [io  0x0700-0x070f] claimed by PIIX4 SMB
[    0.594477] pci 0000:00:02.0: [1af4:1009] type 00 class 0x000200 conventional PCI endpoint
[    0.597279] pci 0000:00:02.0: BAR 0 [io  0xc000-0xc03f]
[    0.597419] pci 0000:00:02.0: BAR 1 [mem 0xfebf8000-0xfebf8fff]
[    0.598466] pci 0000:00:02.0: BAR 4 [mem 0x380000000000-0x380000003fff 64bit pref]
[    0.603050] pci 0000:00:03.0: [8086:25ab] type 00 class 0x088000 conventional PCI endpoint
[    0.604415] pci 0000:00:03.0: BAR 0 [mem 0xfebf9000-0xfebf900f]
[    0.608139] pci 0000:00:04.0: [1af4:1003] type 00 class 0x078000 conventional PCI endpoint
[    0.610245] pci 0000:00:04.0: BAR 0 [io  0xc040-0xc07f]
[    0.610419] pci 0000:00:04.0: BAR 1 [mem 0xfebfa000-0xfebfafff]
[    0.611466] pci 0000:00:04.0: BAR 4 [mem 0x380000004000-0x380000007fff 64bit pref]
[    0.616013] pci 0000:00:05.0: [1af4:1003] type 00 class 0x078000 conventional PCI endpoint
[    0.617754] pci 0000:00:05.0: BAR 0 [io  0xc080-0xc0bf]
[    0.618419] pci 0000:00:05.0: BAR 1 [mem 0xfebfb000-0xfebfbfff]
[    0.619466] pci 0000:00:05.0: BAR 4 [mem 0x380000008000-0x38000000bfff 64bit pref]
[    0.623939] pci 0000:00:06.0: [1af4:1003] type 00 class 0x078000 conventional PCI endpoint
[    0.625415] pci 0000:00:06.0: BAR 0 [io  0xc0c0-0xc0ff]
[    0.626418] pci 0000:00:06.0: BAR 1 [mem 0xfebfc000-0xfebfcfff]
[    0.627465] pci 0000:00:06.0: BAR 4 [mem 0x38000000c000-0x38000000ffff 64bit pref]
[    0.631897] pci 0000:00:07.0: [1af4:1003] type 00 class 0x078000 conventional PCI endpoint
[    0.634153] pci 0000:00:07.0: BAR 0 [io  0xc100-0xc13f]
[    0.634418] pci 0000:00:07.0: BAR 1 [mem 0xfebfd000-0xfebfdfff]
[    0.635466] pci 0000:00:07.0: BAR 4 [mem 0x380000010000-0x380000013fff 64bit pref]
[    0.640106] pci 0000:00:08.0: [1af4:1003] type 00 class 0x078000 conventional PCI endpoint
[    0.641416] pci 0000:00:08.0: BAR 0 [io  0xc140-0xc17f]
[    0.642418] pci 0000:00:08.0: BAR 1 [mem 0xfebfe000-0xfebfefff]
[    0.643464] pci 0000:00:08.0: BAR 4 [mem 0x380000014000-0x380000017fff 64bit pref]
[    0.648227] pci 0000:00:09.0: [1af4:1003] type 00 class 0x078000 conventional PCI endpoint
[    0.649417] pci 0000:00:09.0: BAR 0 [io  0xc180-0xc1bf]
[    0.650441] pci 0000:00:09.0: BAR 1 [mem 0xfebff000-0xfebfffff]
[    0.651464] pci 0000:00:09.0: BAR 4 [mem 0x380000018000-0x38000001bfff 64bit pref]
[    0.661719] ACPI: PCI: Interrupt link LNKA configured for IRQ 10
[    0.662673] ACPI: PCI: Interrupt link LNKB configured for IRQ 10
[    0.663666] ACPI: PCI: Interrupt link LNKC configured for IRQ 11
[    0.664661] ACPI: PCI: Interrupt link LNKD configured for IRQ 11
[    0.665536] ACPI: PCI: Interrupt link LNKS configured for IRQ 9
[    0.668463] iommu: Default domain type: Translated
[    0.669399] iommu: DMA domain TLB invalidation policy: lazy mode
[    0.673607] SCSI subsystem initialized
[    0.674488] libata version 3.00 loaded.
[    0.675546] ACPI: bus type USB registered
[    0.676519] usbcore: registered new interface driver usbfs
[    0.677460] usbcore: registered new interface driver hub
[    0.678443] usbcore: registered new device driver usb
[    0.679539] pps_core: LinuxPPS API ver. 1 registered
[    0.680397] pps_core: Software ver. 5.3.6 - Copyright 2005-2007 Rodolfo Giometti <giometti@linux.it>
[    0.681414] PTP clock support registered
[    0.682830] Advanced Linux Sound Architecture Driver Initialized.
[    0.684576] NetLabel: Initializing
[    0.685399] NetLabel:  domain hash size = 128
[    0.686388] NetLabel:  protocols = UNLABELED CIPSOv4 CALIPSO
[    0.687451] NetLabel:  unlabeled traffic allowed by default
[    0.688622] PCI: Using ACPI for IRQ routing
[    0.689400] PCI: pci_cache_line_size set to 64 bytes
[    0.690827] e820: register RAM buffer resource [mem 0x0009fc00-0x0009ffff]
[    0.691400] e820: register RAM buffer resource [mem 0xbffe0000-0xbfffffff]
[    0.692563] vgaarb: loaded
[    0.693505] hpet0: at MMIO 0xfed00000, IRQs 2, 8, 0
[    0.694399] hpet0: 3 comparators, 64-bit 100.000000 MHz counter
[    0.697799] clocksource: Switched to clocksource kvm-clock
[    0.699880] VFS: Disk quotas dquot_6.6.0
[    0.700904] VFS: Dquot-cache hash table entries: 512 (4096 bytes)
[    0.703421] pnp: PnP ACPI init
[    0.704705] pnp 00:02: [dma 2]
[    0.705908] Callback from call_rcu_tasks() invoked.
[    0.706797] pnp: PnP ACPI: found 4 devices
[    0.725913] clocksource: acpi_pm: mask: 0xffffff max_cycles: 0xffffff, max_idle_ns: 2085701024 ns
[    0.728435] NET: Registered PF_INET protocol family
[    0.729718] IP idents hash table entries: 65536 (order: 7, 524288 bytes, linear)
[    0.732604] tcp_listen_portaddr_hash hash table entries: 2048 (order: 6, 147456 bytes, linear)
[    0.735561] Table-perturb hash table entries: 65536 (order: 6, 262144 bytes, linear)
[    0.737355] TCP established hash table entries: 32768 (order: 6, 262144 bytes, linear)
[    0.739258] TCP bind hash table entries: 32768 (order: 11, 4718592 bytes, vmalloc hugepage)
[    0.744990] TCP: Hash tables configured (established 32768 bind 32768)
[    0.746862] MPTCP token hash table entries: 4096 (order: 7, 360448 bytes, linear)
[    0.748743] UDP hash table entries: 2048 (order: 7, 524288 bytes, linear)
[    0.750685] NET: Registered PF_UNIX/PF_LOCAL protocol family
[    0.752800] RPC: Registered named UNIX socket transport module.
[    0.754250] RPC: Registered udp transport module.
[    0.755356] RPC: Registered tcp transport module.
[    0.756494] RPC: Registered tcp-with-tls transport module.
[    0.757766] RPC: Registered tcp NFSv4.1 backchannel transport module.
[    0.760098] NET: Registered PF_XDP protocol family
[    0.761529] pci_bus 0000:00: resource 4 [io  0x0000-0x0cf7 window]
[    0.763017] pci_bus 0000:00: resource 5 [io  0x0d00-0xffff window]
[    0.764494] pci_bus 0000:00: resource 6 [mem 0x000a0000-0x000bffff window]
[    0.766146] pci_bus 0000:00: resource 7 [mem 0xc0000000-0xfebfffff window]
[    0.767872] pci_bus 0000:00: resource 8 [mem 0x380000000000-0x38007fffffff window]
[    0.769799] pci 0000:00:01.0: PIIX3: Enabling Passive Release
[    0.771220] pci 0000:00:00.0: Limiting direct PCI/PCI transfers
[    0.772811] PCI: CLS 0 bytes, default 64
[    0.773916] PCI-DMA: Using software bounce buffering for IO (SWIOTLB)
[    0.775455] software IO TLB: mapped [mem 0x00000000bbfe0000-0x00000000bffe0000] (64MB)
[    0.778895] clocksource: tsc: mask: 0xffffffffffffffff max_cycles: 0x310274de655, max_idle_ns: 440795359465 ns
[    0.790225] Initialise system trusted keyrings
[    0.791658] workingset: timestamp_bits=40 (anon: 35) max_order=20 bucket_order=0 (anon: 0)
[    0.794830] squashfs: version 4.0 (2009/01/31) Phillip Lougher
[    0.796729] NFS: Registering the id_resolver key type
[    0.797943] Key type id_resolver registered
[    0.799046] Key type id_legacy registered
[    0.799995] nfs4filelayout_init: NFSv4 File Layout Driver Registering...
[    0.801600] nfs4flexfilelayout_init: NFSv4 Flexfile Layout Driver Registering...
[    0.803626] fuse: init (API version 7.45)
[    0.804853] 9p: Installing v9fs 9p2000 file system support
[    0.807897] NET: Registered PF_ALG protocol family
[    0.809071] Key type asymmetric registered
[    0.810094] Asymmetric key parser 'x509' registered
[    0.811643] Block layer SCSI generic (bsg) driver version 0.4 loaded (major 248)
[    0.813834] io scheduler mq-deadline registered
[    0.814974] io scheduler kyber registered
[    0.817403] input: Power Button as /devices/platform/LNXPWRBN:00/input/input0
[    0.819508] ACPI: button: Power Button [PWRF]
[    0.956102] ACPI: \_SB_.LNKB: Enabled at IRQ 10
[    1.092517] ACPI: \_SB_.LNKD: Enabled at IRQ 11
[    1.229093] ACPI: \_SB_.LNKA: Enabled at IRQ 10
[    1.353921] kwatchdog (99) used greatest stack depth: 14776 bytes left
[    1.500038] ACPI: \_SB_.LNKC: Enabled at IRQ 11
[    1.782067] Serial: 8250/16550 driver, 4 ports, IRQ sharing enabled
[    1.785053] 00:03: ttyS0 at I/O 0x3f8 (irq = 4, base_baud = 115200) is a 16550A
[    1.990986] Non-volatile memory driver v1.3
[    1.992856] ACPI: bus type drm_connector registered
[    2.013300] brd: module loaded
[    2.025277] loop: module loaded
[    2.030212] scsi host0: ata_piix
[    2.031885] scsi host1: ata_piix
[    2.032914] ata1: PATA max MWDMA2 cmd 0x1f0 ctl 0x3f6 bmdma 0xc1c0 irq 14 lpm-pol 0
[    2.034693] ata2: PATA max MWDMA2 cmd 0x170 ctl 0x376 bmdma 0xc1c8 irq 15 lpm-pol 0
[    2.040585] tun: Universal TUN/TAP device driver, 1.6
[    2.042286] e100: Intel(R) PRO/100 Network Driver
[    2.043408] e100: Copyright(c) 1999-2006 Intel Corporation
[    2.044772] e1000: Intel(R) PRO/1000 Network Driver
[    2.045920] e1000: Copyright (c) 1999-2006 Intel Corporation.
[    2.047376] e1000e: Intel(R) PRO/1000 Network Driver
[    2.048547] e1000e: Copyright(c) 1999 - 2015 Intel Corporation.
[    2.049991] sky2: driver version 1.30
[    2.052017] usbcore: registered new interface driver usblp
[    2.053425] usbcore: registered new interface driver usb-storage
[    2.054949] i8042: PNP: PS/2 Controller [PNP0303:KBD,PNP0f13:MOU] at 0x60,0x64 irq 1,12
[    2.058397] serio: i8042 KBD port at 0x60,0x64 irq 1
[    2.060016] serio: i8042 AUX port at 0x60,0x64 irq 12
[    2.062280] rtc_cmos PNP0B00:00: RTC can wake from S4
[    2.065500] input: AT Translated Set 2 keyboard as /devices/platform/i8042/serio0/input/input1
[    2.069215] rtc_cmos PNP0B00:00: registered as rtc0
[    2.070890] rtc_cmos PNP0B00:00: alarms up to one day, y3k, 242 bytes nvram, hpet irqs
[    2.073560] Registered IR keymap rc-empty
[    2.074928] rc rc0: rc-core loopback device as /devices/virtual/rc/rc0
[    2.076818] rc rc0: lirc_dev: driver rc-loopback registered at minor = 0, raw IR receiver, raw IR transmitter
[    2.079599] input: rc-core loopback device as /devices/virtual/rc/rc0/input4
[    2.083268] intel_powerclamp: CPU does not support MWAIT
[    2.084662] device-mapper: core: CONFIG_IMA_DISABLE_HTABLE is disabled. Duplicate IMA measurements will not be recorded in the IMA log.
[    2.088117] device-mapper: ioctl: 4.50.0-ioctl (2025-04-28) initialised: dm-devel@lists.linux.dev
[    2.091209] hid: raw HID events driver (C) Jiri Kosina
[    2.094686] usbcore: registered new interface driver usbhid
[    2.096078] usbhid: USB HID core driver
[    2.098079] GACT probability NOT on
[    2.098981] Mirror/redirect action on
[    2.101487] nf_conntrack_irc: The irc conntrack helper is scheduled for removal.
[    2.101487] Please contact the netfilter-devel mailing list if you still need this.
[    2.105580] ipip: IPv4 and MPLS over IPv4 tunneling driver
[    2.107848] gre: GRE over IPv4 demultiplexer driver
[    2.109028] ip_gre: GRE over IPv4 tunneling driver
[    2.112522] Initializing XFRM netlink socket
[    2.113592] IPsec XFRM device driver
[    2.114638] NET: Registered PF_INET6 protocol family
[    2.117267] Segment Routing with IPv6
[    2.118181] In-situ OAM (IOAM) with IPv6
[    2.119093] mip6: Mobile IPv6
[    2.119863] sit: IPv6, IPv4 and MPLS over IPv4 tunneling driver
[    2.122541] ip6_gre: GRE over IPv6 tunneling driver
[    2.124420] NET: Registered PF_PACKET protocol family
[    2.125657] RPC: Registered rdma transport module.
[    2.126829] RPC: Registered rdma backchannel transport module.
[    2.128403] 8021q: 802.1Q VLAN Support v1.8
[    2.130644] smc: adding smcd device lo without pnetid
[    2.131970] NET: Registered PF_SMC protocol family
[    2.133602] 9pnet: Installing 9P2000 support
[    2.136332] Key type dns_resolver registered
[    2.137534] NET: Registered PF_VSOCK protocol family
[    2.138837] mpls_gso: MPLS GSO support
[    2.142972] IPI shorthand broadcast: enabled
[    2.188298] sched_clock: Marking stable (2157014312, 31128430)->(2309145433, -121002691)
[    2.192868] registered taskstats version 1
[    2.194364] ata2: found unknown device (class 0)
[    2.196982] ata2.00: ATAPI: QEMU DVD-ROM, 2.5+, max UDMA/100
[    2.200971] scsi 1:0:0:0: CD-ROM            QEMU     QEMU DVD-ROM     2.5+ PQ: 0 ANSI: 5
[    2.209964] Loading compiled-in X.509 certificates
[    2.211632] kworker/u32:1 (119) used greatest stack depth: 14184 bytes left
[    2.212766] Loaded X.509 cert 'Build time autogenerated kernel key: c4531344b9a9c1a4731230d977a262ba29ba5272'
[    2.234648] sr 1:0:0:0: [sr0] scsi3-mmc drive: 4x/4x cd/rw xa/form2 tray
[    2.252938] Demotion targets for Node 0: null
[    2.254537] ima: No TPM chip found, activating TPM-bypass!
[    2.255826] ima: Allocated hash algorithm: sha1
[    2.257059] ima: No architecture policies found
[    2.259071] PM:   Magic number: 10:916:305
[    2.260452] cdrom: Uniform CD-ROM driver Revision: 3.20
[    2.261656] misc vsock: hash matches
[    2.261691] tty tty34: hash matches
[    2.264269] netconsole: network logging started
[    2.265994] cfg80211: Loading compiled-in X.509 certificates for regulatory database
[    2.268830] Loaded X.509 cert 'sforshee: 00b28ddf47aef9cea7'
[    2.271205] Loaded X.509 cert 'wens: 61c038651aabdcf94bd0ac7ff06c7248db18c600'
[    2.273298] faux_driver regulatory: Direct firmware load for regulatory.db failed with error -2
[    2.273601] sr 1:0:0:0: Attached scsi CD-ROM sr0
[    2.275404] cfg80211: failed to load regulatory.db
[    2.275749] ALSA device list:
[    2.275772]   No soundcards found.
[    2.278303] sr 1:0:0:0: Attached scsi generic sg0 type 5
[    2.508542] input: ImExPS/2 Generic Explorer Mouse as /devices/platform/i8042/serio1/input/input3
[    2.510862] md: Skipping autodetection of RAID arrays. (raid=autodetect will force)
[    2.512479] 9p: Bad value for 'source'
[    2.513246] 9pnet: Limiting 'msize' to 512000 as this is the maximum supported by transport virtio
[    2.517091] VFS: Mounted root (9p filesystem) on device 0:24.
[    2.519118] devtmpfs: mounted
[    2.519953] VFS: Pivoted into new rootfs
[    2.525030] Freeing unused kernel image (initmem) memory: 4688K
[    2.526022] Write protecting the kernel read-only data: 45056k
[    2.528570] Freeing unused kernel image (text/rodata gap) memory: 840K
[    2.530061] Freeing unused kernel image (rodata/data gap) memory: 128K
[    2.576540] x86/mm: Checked W+X mappings: passed, no W+X pages found.
[    2.577907] Run /home/prozak/.local/share/vng-venv/lib/python3.12/site-packages/virtme/guest/bin/virtme-ng-init as init process
[    2.579665]   with arguments:
[    2.580156]     /home/prozak/.local/share/vng-venv/lib/python3.12/site-packages/virtme/guest/bin/virtme-ng-init
[    2.581751]   with environment:
[    2.582306]     HOME=/
[    2.582682]     TERM=linux
[    2.583102]     virtme_hostname=virtme-ng
[    2.583755]     nr_open=1048576
[    2.584269]     virtme_link_mods=/home/prozak/sources/heimdall_experiment/uml-harness/.build/bpf-next-x86/.virtme_mods/lib/modules/0.0.0
[    2.586086]     virtme_rw_overlay0=/tmp
[    2.586738]     virtme_console=ttyS0
[    2.587325]     virtme_chdir=home/prozak/sources/heimdall_experiment/uml-harness/.build/selftests-output-qemu
[    2.681427] virtme-ng-init: mount devtmpfs -> /dev: EBUSY: Device or resource busy
[    2.683340] virtme-ng-init: Setting hostname to virtme-ng...
[    2.725547] virtme-ng-init: running systemd-tmpfiles
[    4.178249] systemd-tmpfile (127) used greatest stack depth: 12520 bytes left
[    4.178421] virtme-ng-init: basic initialization done
[    4.197928] virtme-ng-init: error creating file: Permission denied (os error 13)
[    4.394215] ip (133) used greatest stack depth: 11832 bytes left
[    4.589848] virtme-ng-init: Starting systemd-udevd version 255.4-1ubuntu8.17
[    4.592280] virtme-ng-init: triggering udev coldplug
[    9.674949] virtme-ng-init: waiting for udev to settle
[   10.662642] virtme-ng-init: udev is done
[   10.670690] virtme-ng-init: starting script
[   10.857875] clocksource: Watchdog remote CPU 4 read timed out
[   11.192090] bpf_testmod: loading out-of-tree module taints kernel.
[   11.193999] bpf_testmod: module verification failed: signature and/or required key missing - tainting kernel
[   12.583994] smc: removing smcd device lo
[   12.649450] ACPI: PM: Preparing to enter system sleep state S5
[   12.652343] reboot: Power down
make: *** [Makefile:207: test-tracing_struct_int128] Error 1
