#560/1   tracing_failure/bpf_spin_lock:OK
#560/2   tracing_failure/bpf_spin_unlock:OK
#560/3   tracing_failure/tracing_deny:OK
#560/4   tracing_failure/fexit_noreturns:OK
test_tracing_fail_prog:PASS:tracing_failure__open 0 nsec
test_tracing_fail_prog:FAIL:bpf_object__find_program_by_name unexpected error: -2
#560/5   tracing_failure/fexit_int128_ret:FAIL
#560     tracing_failure:FAIL

All error logs:
test_tracing_fail_prog:PASS:tracing_failure__open 0 nsec
test_tracing_fail_prog:FAIL:bpf_object__find_program_by_name unexpected error: -2
#560/5   tracing_failure/fexit_int128_ret:FAIL
#560     tracing_failure:FAIL
Summary: 0/4 PASSED, 0 SKIPPED, 1/1 FAILED
s for Ubuntu) 2.42) #4 SMP PREEMPT_DYNAMIC Sat Sep  5 08:44:19 PDT 2026
[    0.000000] Command line: virtme_hostname=virtme-ng nr_open=1048576 virtme_link_mods=/home/prozak/sources/heimdall_experiment/uml-harness/.build/bpf-next-x86/.virtme_mods/lib/modules/0.0.0 virtme_rw_overlay0=/tmp virtme_console=ttyS0 console=ttyS0 earlyprintk=serial,ttyS0,115200 panic=-1 virtme.exec=`bW91bnQgLXQgYnBmIGJwZmZzIC9zeXMvZnMvYnBmIDI+L2Rldi9udWxsOyAuL3Rlc3RfcHJvZ3MgLXQgJ3RyYWNpbmdfZmFpbHVyZSc=` virtme_chdir=home/prozak/sources/heimdall_experiment/uml-harness/.build/selftests-output-qemu-lane1 rootfstype=9p rootflags=version=9p2000.L,trans=virtio,access=any,msize=524288 raid=noautodetect rw debug init=/home/prozak/.local/share/vng-venv/lib/python3.12/site-packages/virtme/guest/bin/virtme-ng-init
[    0.000000] x86 CPU feature dependency check failure: CPU0 has '18*32+31' enabled but '18*32+26' disabled. Kernel might be fine, but no guarantees.
[    0.000000] BIOS-provided physical RAM map:
[    0.000000] BIOS-e820: [mem 0x0000000000000000-0x000000000009fbff]  System RAM
[    0.000000] BIOS-e820: [mem 0x000000000009fc00-0x000000000009ffff]  device reserved
[    0.000000] BIOS-e820: [gap 0x00000000000a0000-0x00000000000effff]
[    0.000000] BIOS-e820: [mem 0x00000000000f0000-0x00000000000fffff]  device reserved
[    0.000000] BIOS-e820: [mem 0x0000000000100000-0x00000000bffdffff]  System RAM
[    0.000000] BIOS-e820: [mem 0x00000000bffe0000-0x00000000bfffffff]  device reserved
[    0.000000] BIOS-e820: [gap 0x00000000c0000000-0x00000000feffbfff]
[    0.000000] BIOS-e820: [mem 0x00000000feffc000-0x00000000feffffff]  device reserved
[    0.000000] BIOS-e820: [gap 0x00000000ff000000-0x00000000fffbffff]
[    0.000000] BIOS-e820: [mem 0x00000000fffc0000-0x00000000ffffffff]  device reserved
[    0.000000] BIOS-e820: [mem 0x0000000100000000-0x000000013fffffff]  System RAM
[    0.000000] BIOS-e820: [gap 0x0000000140000000-0x000000fcffffffff]
[    0.000000] BIOS-e820: [mem 0x000000fd00000000-0x000000ffffffffff]  device reserved
[    0.000000] printk: legacy bootconsole [earlyser0] enabled
[    0.000000] NX (Execute Disable) protection: active
[    0.000000] APIC: Static calls initialized
[    0.000000] DMI: SMBIOS 3.0.0 present.
[    0.000000] DMI: QEMU Ubuntu 24.04 PC v2 (i440FX + PIIX, arch_caps fix, 1996), BIOS 1.16.3-debian-1.16.3-2 04/01/2014
[    0.000000] DMI: Memory slots populated: 1/1
[    0.000000] Hypervisor detected: KVM
[    0.000000] last_pfn = 0xbffe0 max_arch_pfn = 0x400000000
[    0.000000] kvm-clock: Using msrs 4b564d01 and 4b564d00
[    0.000001] kvm-clock: using sched offset of 260660632 cycles
[    0.001010] clocksource: kvm-clock: mask: 0xffffffffffffffff max_cycles: 0x1cd42e4dffb, max_idle_ns: 881590591483 ns
[    0.004137] tsc: Detected 3400.040 MHz processor
[    0.005393] e820: update [mem 0x00000000-0x00000fff] System RAM ==> device reserved
[    0.006865] e820: remove [mem 0x000a0000-0x000fffff] System RAM
[    0.007996] last_pfn = 0x140000 max_arch_pfn = 0x400000000
[    0.009155] MTRR map: 4 entries (3 fixed + 1 variable; max 19), built from 8 variable MTRRs
[    0.010761] x86/PAT: Configuration [0-7]: WB  WC  UC- UC  WB  WP  UC- WT  
Memory KASLR using RDRAND RDTSC...
[    0.012843] last_pfn = 0xbffe0 max_arch_pfn = 0x400000000
[    0.015189] found SMP MP-table at [mem 0x000f5450-0x000f545f]
[    0.016304] Using GB pages for direct mapping
[    0.017431] ACPI: Early table checksum verification disabled
[    0.018518] ACPI: RSDP 0x00000000000F5240 000014 (v00 BOCHS )
[    0.019631] ACPI: RSDT 0x00000000BFFE1D9D 000034 (v01 BOCHS  BXPC     00000001 BXPC 00000001)
[    0.021300] ACPI: FACP 0x00000000BFFE1C39 000074 (v01 BOCHS  BXPC     00000001 BXPC 00000001)
[    0.022922] ACPI: DSDT 0x00000000BFFE0040 001BF9 (v01 BOCHS  BXPC     00000001 BXPC 00000001)
[    0.024543] ACPI: FACS 0x00000000BFFE0000 000040
[    0.025454] ACPI: APIC 0x00000000BFFE1CAD 000090 (v03 BOCHS  BXPC     00000001 BXPC 00000001)
[    0.027075] ACPI: HPET 0x00000000BFFE1D3D 000038 (v01 BOCHS  BXPC     00000001 BXPC 00000001)
[    0.028695] ACPI: WAET 0x00000000BFFE1D75 000028 (v01 BOCHS  BXPC     00000001 BXPC 00000001)
[    0.030376] ACPI: Reserving FACP table memory at [mem 0xbffe1c39-0xbffe1cac]
[    0.031708] ACPI: Reserving DSDT table memory at [mem 0xbffe0040-0xbffe1c38]
[    0.033058] ACPI: Reserving FACS table memory at [mem 0xbffe0000-0xbffe003f]
[    0.034434] ACPI: Reserving APIC table memory at [mem 0xbffe1cad-0xbffe1d3c]
[    0.035754] ACPI: Reserving HPET table memory at [mem 0xbffe1d3d-0xbffe1d74]
[    0.037094] ACPI: Reserving WAET table memory at [mem 0xbffe1d75-0xbffe1d9c]
[    0.038937] No NUMA configuration found
[    0.039658] Faking a node at [mem 0x0000000000000000-0x000000013fffffff]
[    0.040988] NODE_DATA(0) allocated [mem 0x13fff9c80-0x13fffdfff]
[    0.043033] ACPI: PM-Timer IO Port: 0x608
[    0.043814] ACPI: LAPIC_NMI (acpi_id[0xff] dfl dfl lint[0x1])
[    0.044967] IOAPIC[0]: apic_id 0, version 17, address 0xfec00000, GSI 0-23
[    0.046401] ACPI: INT_SRC_OVR (bus 0 bus_irq 0 global_irq 2 dfl dfl)
[    0.047626] ACPI: INT_SRC_OVR (bus 0 bus_irq 5 global_irq 5 high level)
[    0.048887] ACPI: INT_SRC_OVR (bus 0 bus_irq 9 global_irq 9 high level)
[    0.050274] ACPI: INT_SRC_OVR (bus 0 bus_irq 10 global_irq 10 high level)
[    0.051548] ACPI: INT_SRC_OVR (bus 0 bus_irq 11 global_irq 11 high level)
[    0.052853] ACPI: Using ACPI (MADT) for SMP configuration information
[    0.054089] ACPI: HPET id: 0x8086a201 base: 0xfed00000
[    0.055052] TSC deadline timer available
[    0.055786] CPU topo: Max. logical packages:   1
[    0.056682] CPU topo: Max. logical nodes:      1
[    0.057585] CPU topo: Num. nodes per package:  1
[    0.058471] CPU topo: Max. logical dies:       1
[    0.059346] CPU topo: Max. dies per package:   1
[    0.060233] CPU topo: Max. threads per core:   1
[    0.061138] CPU topo: Num. cores per package:     4
[    0.062056] CPU topo: Num. threads per package:   4
[    0.062991] CPU topo: Allowing 4 present CPUs plus 0 hotplug CPUs
[    0.064189] kvm-guest: APIC: eoi() replaced with kvm_guest_apic_eoi_write()
[    0.065630] kvm-guest: KVM setup pv remote TLB flush
[    0.066591] kvm-guest: setup PV sched yield
[    0.067384] PM: hibernation: Registered nosave memory: [mem 0x00000000-0x00000fff]
[    0.068834] PM: hibernation: Registered nosave memory: [mem 0x0009f000-0x000fffff]
[    0.070320] PM: hibernation: Registered nosave memory: [mem 0xbffe0000-0xffffffff]
[    0.071741] [gap 0xc0000000-0xfeffbfff] available for PCI devices
[    0.072903] Booting paravirtualized kernel on KVM
[    0.073841] clocksource: refined-jiffies: mask: 0xffffffff max_cycles: 0xffffffff, max_idle_ns: 1910969940391419 ns
[    0.080608] Zone ranges:
[    0.081096]   DMA      [mem 0x0000000000001000-0x0000000000ffffff]
[    0.082366]   DMA32    [mem 0x0000000001000000-0x00000000ffffffff]
[    0.083517]   Normal   [mem 0x0000000100000000-0x000000013fffffff]
[    0.084695] Movable zone start for each node
[    0.085527] Early memory node ranges
[    0.086217]   node   0: [mem 0x0000000000001000-0x000000000009efff]
[    0.087416]   node   0: [mem 0x0000000000100000-0x00000000bffdffff]
[    0.088612]   node   0: [mem 0x0000000100000000-0x000000013fffffff]
[    0.089820] Initmem setup node 0 [mem 0x0000000000001000-0x000000013fffffff]
[    0.091334] On node 0, zone DMA: 1 pages in unavailable ranges
[    0.092458] On node 0, zone DMA: 97 pages in unavailable ranges
[    0.100090] On node 0, zone Normal: 32 pages in unavailable ranges
[    0.101388] setup_percpu: NR_CPUS:128 nr_cpumask_bits:4 nr_cpu_ids:4 nr_node_ids:1
[    0.103072] percpu: Embedded 58 pages/cpu s200144 r8192 d29232 u524288
[    0.104350] pcpu-alloc: s200144 r8192 d29232 u524288 alloc=1*2097152
[    0.105678] pcpu-alloc: [0] 0 1 2 3 
[    0.106394] Kernel command line: virtme_hostname=virtme-ng nr_open=1048576 virtme_link_mods=/home/prozak/sources/heimdall_experiment/uml-harness/.build/bpf-next-x86/.virtme_mods/lib/modules/0.0.0 virtme_rw_overlay0=/tmp virtme_console=ttyS0 console=ttyS0 earlyprintk=serial,ttyS0,115200 panic=-1 virtme.exec=`bW91bnQgLXQgYnBmIGJwZmZzIC9zeXMvZnMvYnBmIDI+L2Rldi9udWxsOyAuL3Rlc3RfcHJvZ3MgLXQgJ3RyYWNpbmdfZmFpbHVyZSc=` virtme_chdir=home/prozak/sources/heimdall_experiment/uml-harness/.build/selftests-output-qemu-lane1 rootfstype=9p rootflags=version=9p2000.L,trans=virtio,access=any,msize=524288 raid=noautodetect rw debug init=/home/prozak/.local/share/vng-venv/lib/python3.12/site-packages/virtme/guest/bin/virtme-ng-init
[    0.118738] Unknown kernel command line parameters "virtme_hostname=virtme-ng nr_open=1048576 virtme_link_mods=/home/prozak/sources/heimdall_experiment/uml-harness/.build/bpf-next-x86/.virtme_mods/lib/modules/0.0.0 virtme_rw_overlay0=/tmp virtme_console=ttyS0 virtme_chdir=home/prozak/sources/heimdall_experiment/uml-harness/.build/selftests-output-qemu-lane1", will be passed to user space.
[    0.125452] random: crng init done
[    0.126095] printk: log buffer data + meta data: 2097152 + 7340032 = 9437184 bytes
[    0.127944] Dentry cache hash table entries: 524288 (order: 10, 4194304 bytes, linear)
[    0.129676] Inode-cache hash table entries: 262144 (order: 9, 2097152 bytes, linear)
[    0.131215] software IO TLB: area num 4.
[    0.148483] Fallback order for Node 0: 0 
[    0.148637] Built 1 zonelists, mobility grouping on.  Total pages: 1048446
[    0.153018] Policy zone: Normal
[    0.154413] mem auto-init: stack:all(zero), heap alloc:off, heap free:off
[    0.175858] SLUB: HWalign=64, Order=0-3, MinObjects=0, CPUs=4, Nodes=1
Poking KASLR using RDRAND RDTSC...
[    0.203791] ftrace: allocating 70083 entries in 276 pages
[    0.205365] ftrace: allocated 276 pages with 3 groups
[    0.207098] Dynamic Preempt: full
[    0.208215] Running RCU self tests
[    0.209124] Running RCU synchronous self tests
[    0.210295] rcu: Preemptible hierarchical RCU implementation.
[    0.211810] rcu: 	RCU event tracing is enabled.
[    0.212974] rcu: 	RCU lockdep checking is enabled.
[    0.214279] rcu: 	RCU restricting CPUs from NR_CPUS=128 to nr_cpu_ids=4.
[    0.216127] 	Trampoline variant of Tasks RCU enabled.
[    0.217442] 	Rude variant of Tasks RCU enabled.
[    0.218623] 	Tracing variant of Tasks RCU enabled.
[    0.219911] rcu: RCU calculated value of scheduler-enlistment delay is 100 jiffies.
[    0.221944] rcu: Adjusting geometry for rcu_fanout_leaf=16, nr_cpu_ids=4
[    0.225195] Running RCU synchronous self tests
[    0.226415] RCU Tasks: Setting shift to 2 and lim to 1 rcu_task_cb_adjust=1 rcu_task_cpu_ids=4.
[    0.228763] RCU Tasks Rude: Setting shift to 2 and lim to 1 rcu_task_cb_adjust=1 rcu_task_cpu_ids=4.
[    0.248208] NR_IRQS: 8448, nr_irqs: 456, preallocated irqs: 16
[    0.250242] rcu: srcu_init: Setting srcu_struct sizes based on contention.
[    0.252070] clocksource: jiffies: mask: 0xffffffff max_cycles: 0xffffffff, max_idle_ns: 1911260446275000 ns
[    0.255097] Console: colour *CGA 80x25
[    0.256225] printk: legacy console [ttyS0] enabled
[    0.256225] printk: legacy console [ttyS0] enabled
[    0.258896] printk: legacy bootconsole [earlyser0] disabled
[    0.258896] printk: legacy bootconsole [earlyser0] disabled
[    0.262207] Lock dependency validator: Copyright (c) 2006 Red Hat, Inc., Ingo Molnar
[    0.264377] ... MAX_LOCKDEP_SUBCLASSES:  8
[    0.265568] ... MAX_LOCK_DEPTH:          48
[    0.266767] ... MAX_LOCKDEP_KEYS:        8192
[    0.267985] ... CLASSHASH_SIZE:          4096
[    0.269282] ... MAX_LOCKDEP_ENTRIES:     32768
[    0.270622] ... MAX_LOCKDEP_CHAINS:      65536
[    0.271913] ... CHAINHASH_SIZE:          32768
[    0.273331]  memory used by lock dependency info: 6429 kB
[    0.274876]  memory used for stack traces: 4224 kB
[    0.276317]  per task-struct memory footprint: 1920 bytes
[    0.277897] ACPI: Core revision 20260408
[    0.279309] clocksource: hpet: mask: 0xffffffff max_cycles: 0xffffffff, max_idle_ns: 19112604467 ns
[    0.282188] APIC: Switch to symmetric I/O mode setup
[    0.283953] x2apic enabled
[    0.285310] APIC: Switched APIC routing to: physical x2apic
[    0.286558] kvm-guest: APIC: send_IPI_mask() replaced with kvm_send_ipi_mask()
[    0.288041] kvm-guest: APIC: send_IPI_mask_allbutself() replaced with kvm_send_ipi_mask_allbutself()
[    0.290072] kvm-guest: setup PV IPIs
[    0.293154] ..TIMER: vector=0x30 apic1=0 pin1=2 apic2=-1 pin2=-1
[    0.294456] clocksource: tsc-early: mask: 0xffffffffffffffff max_cycles: 0x310274de655, max_idle_ns: 440795359465 ns
[    0.296643] Calibrating delay loop (skipped) preset value.. 6800.08 BogoMIPS (lpj=3400040)
[    0.298240] x86/cpu: User Mode Instruction Prevention (UMIP) activated
[    0.298963] Last level iTLB entries: 4KB 512, 2MB 255, 4MB 127
[    0.299639] Last level dTLB entries: 4KB 512, 2MB 255, 4MB 127, 1GB 0
[    0.300647] mitigations: Enabled attack vectors: user_kernel, user_user, SMT mitigations: auto
[    0.301640] Speculative Store Bypass: Mitigation: Speculative Store Bypass disabled via prctl
[    0.302639] Speculative Return Stack Overflow: IBPB-extending microcode not applied!
[    0.303639] Speculative Return Stack Overflow: WARNING: See https://kernel.org/doc/html/latest/admin-guide/hw-vuln/srso.html for mitigation options.
[    0.303641] Transient Scheduler Attacks: Vulnerable: No microcode
[    0.305639] Spectre V2 : Mitigation: Retpolines
[    0.306639] Speculative Return Stack Overflow: Vulnerable: Safe RET, no microcode
[    0.307639] Spectre V1 : Mitigation: usercopy/swapgs barriers and __user pointer sanitization
[    0.308639] Spectre V2 : Spectre v2 / SpectreRSB: Filling RSB on context switch and VMEXIT
[    0.309639] Spectre V2 : Enabling Restricted Speculation for firmware calls
[    0.310640] Spectre V2 : mitigation: Enabling conditional Indirect Branch Prediction Barrier
[    0.311639] active return thunk: srso_alias_return_thunk
[    0.312696] x86/fpu: Supporting XSAVE feature 0x001: 'x87 floating point registers'
[    0.313639] x86/fpu: Supporting XSAVE feature 0x002: 'SSE registers'
[    0.314639] x86/fpu: Supporting XSAVE feature 0x004: 'AVX registers'
[    0.315639] x86/fpu: xstate_offset[2]:  576, xstate_sizes[2]:  256
[    0.316639] x86/fpu: Enabled xstate features 0x7, context size is 832 bytes, using 'compacted' format.
[    0.355821] pid_max: default: 32768 minimum: 301
[    0.356818] SELinux:  Initializing.
[    0.359432] LSM support for eBPF active
[    0.359768] Mount-cache hash table entries: 8192 (order: 4, 65536 bytes, linear)
[    0.360643] Mountpoint-cache hash table entries: 8192 (order: 4, 65536 bytes, linear)
[    0.363757] VFS: Finished mounting rootfs on nullfs
[    0.366038] Running RCU synchronous self tests
[    0.366641] Running RCU synchronous self tests
[    0.367982] smpboot: CPU0: AMD Ryzen 9 5950X 16-Core Processor (family: 0x19, model: 0x21, stepping: 0x2)
[    0.369256] Performance Events: Fam17h+ core perfctr, AMD PMU driver.
[    0.369659] ... version:                   0
[    0.370620] ... bit width:                 48
[    0.370647] ... generic counters:          6
[    0.371623] ... generic bitmap:            000000000000003f
[    0.371647] ... fixed-purpose counters:    0
[    0.372645] ... fixed-purpose bitmap:      0000000000000000
[    0.373645] ... value mask:                0000ffffffffffff
[    0.374647] ... max period:                00007fffffffffff
[    0.375645] ... global_ctrl mask:          000000000000003f
[    0.376972] signal: max sigframe size: 1776
[    0.377796] rcu: Hierarchical SRCU implementation.
[    0.378646] rcu: 	Max phase no-delay instances is 400.
[    0.379810] Timer migration: 1 hierarchy levels; 8 children per group; 1 crossnode level
[    0.392937] smp: Bringing up secondary CPUs ...
[    0.394185] smpboot: x86: Booting SMP configuration:
[    0.394668] .... node  #0, CPUs:      #1 #2 #3
[    0.401875] smp: Brought up 1 node, 4 CPUs
[    0.403672] smpboot: Total of 4 processors activated (27200.32 BogoMIPS)
[    0.405997] Memory: 3966616K/4193784K available (25781K kernel code, 10327K rwdata, 18304K rodata, 4688K init, 13400K bss, 220948K reserved, 0K cma-reserved)
[    0.408803] devtmpfs: initialized
[    0.412049] Running RCU synchronous self tests
[    0.412665] Running RCU synchronous self tests
[    0.413697] Running RCU Tasks wait API self tests
[    0.414720] Running RCU Tasks Rude wait API self tests
[    0.415646] Running RCU Tasks Trace wait API self tests
[    0.416786] posixtimers hash table entries: 2048 (order: 6, 147456 bytes, linear)
[    0.417739] futex hash table entries: 1024 (131072 bytes on 1 NUMA nodes, total 128 KiB, linear).
[    0.419424] PM: RTC time: 18:32:26, date: 2026-09-05
[    0.421118] NET: Registered PF_NETLINK/PF_ROUTE protocol family
[    0.421688] Callback from call_rcu_tasks_trace() invoked.
[    0.423798] audit: initializing netlink subsys (disabled)
[    0.424703] audit: type=2000 audit(1788633147.313:1): state=initialized audit_enabled=0 res=1
[    0.447157] thermal_sys: Registered thermal governor 'step_wise'
[    0.447255] cpuidle: using governor ladder
[    0.448687] cpuidle: using governor menu
[    0.452283] PCI: Using configuration type 1 for base access
[    0.452646] PCI: Using configuration type 1 for extended access
[    0.453794] kprobes: kprobe jump-optimization is enabled. All kprobes are optimized if possible.
[    0.454828] HugeTLB: registered 1.00 GiB page size, pre-allocated 0 pages
[    0.455679] HugeTLB: 16380 KiB vmemmap can be freed for a 1.00 GiB page
[    0.456646] HugeTLB: registered 2.00 MiB page size, pre-allocated 0 pages
[    0.457664] HugeTLB: 28 KiB vmemmap can be freed for a 2.00 MiB page
[    0.462670] ACPI: Added _OSI(Module Device)
[    0.463648] ACPI: Added _OSI(Processor Device)
[    0.464648] ACPI: Added _OSI(Processor Aggregator Device)
[    0.469120] ACPI: 1 ACPI AML tables successfully acquired and loaded
[    0.473697] ACPI: \_SB_: platform _OSC: OS support mask [002a7eee]
[    0.475379] ACPI: Interpreter enabled
[    0.475718] ACPI: PM: (supports S0 S3 S4 S5)
[    0.476659] ACPI: Using IOAPIC for interrupt routing
[    0.477703] PCI: Using host bridge windows from ACPI; if necessary, use "pci=nocrs" and report a bug
[    0.478661] PCI: Using E820 reservations for host bridge windows
[    0.480018] ACPI: Enabled 2 GPEs in block 00 to 0F
[    0.493180] ACPI: PCI Root Bridge [PCI0] (domain 0000 [bus 00-ff])
[    0.494434] PCI host bridge to bus 0000:00
[    0.494657] pci_bus 0000:00: root bus resource [io  0x0000-0x0cf7 window]
[    0.495651] pci_bus 0000:00: root bus resource [io  0x0d00-0xffff window]
[    0.496648] pci_bus 0000:00: root bus resource [mem 0x000a0000-0x000bffff window]
[    0.497647] pci_bus 0000:00: root bus resource [mem 0xc0000000-0xfebfffff window]
[    0.498648] pci_bus 0000:00: root bus resource [mem 0x380000000000-0x38007fffffff window]
[    0.499648] pci_bus 0000:00: root bus resource [bus 00-ff]
[    0.501081] pci 0000:00:00.0: [8086:1237] type 00 class 0x060000 conventional PCI endpoint
[    0.503475] pci 0000:00:01.0: [8086:7000] type 00 class 0x060100 conventional PCI endpoint
[    0.505309] pci 0000:00:01.1: [8086:7010] type 00 class 0x010180 conventional PCI endpoint
[    0.507292] pci 0000:00:01.1: BAR 4 [io  0xc1c0-0xc1cf]
[    0.507733] pci 0000:00:01.1: BAR 0 [io  0x01f0-0x01f7]: legacy IDE quirk
[    0.508653] pci 0000:00:01.1: BAR 1 [io  0x03f6]: legacy IDE quirk
[    0.509652] pci 0000:00:01.1: BAR 2 [io  0x0170-0x0177]: legacy IDE quirk
[    0.510647] pci 0000:00:01.1: BAR 3 [io  0x0376]: legacy IDE quirk
[    0.512526] pci 0000:00:01.3: [8086:7113] type 00 class 0x068000 conventional PCI endpoint
[    0.513466] pci 0000:00:01.3: quirk: [io  0x0600-0x063f] claimed by PIIX4 ACPI
[    0.513667] pci 0000:00:01.3: quirk: [io  0x0700-0x070f] claimed by PIIX4 SMB
[    0.515741] pci 0000:00:02.0: [1af4:1009] type 00 class 0x000200 conventional PCI endpoint
[    0.518360] pci 0000:00:02.0: BAR 0 [io  0xc000-0xc03f]
[    0.518666] pci 0000:00:02.0: BAR 1 [mem 0xfebf8000-0xfebf8fff]
[    0.519711] pci 0000:00:02.0: BAR 4 [mem 0x380000000000-0x380000003fff 64bit pref]
[    0.523991] pci 0000:00:03.0: [8086:25ab] type 00 class 0x088000 conventional PCI endpoint
[    0.525663] pci 0000:00:03.0: BAR 0 [mem 0xfebf9000-0xfebf900f]
[    0.529301] pci 0000:00:04.0: [1af4:1003] type 00 class 0x078000 conventional PCI endpoint
[    0.531595] pci 0000:00:04.0: BAR 0 [io  0xc040-0xc07f]
[    0.531669] pci 0000:00:04.0: BAR 1 [mem 0xfebfa000-0xfebfafff]
[    0.532711] pci 0000:00:04.0: BAR 4 [mem 0x380000004000-0x380000007fff 64bit pref]
[    0.537273] pci 0000:00:05.0: [1af4:1003] type 00 class 0x078000 conventional PCI endpoint
[    0.539665] pci 0000:00:05.0: BAR 0 [io  0xc080-0xc0bf]
[    0.540665] pci 0000:00:05.0: BAR 1 [mem 0xfebfb000-0xfebfbfff]
[    0.541711] pci 0000:00:05.0: BAR 4 [mem 0x380000008000-0x38000000bfff 64bit pref]
[    0.546417] pci 0000:00:06.0: [1af4:1003] type 00 class 0x078000 conventional PCI endpoint
[    0.548535] pci 0000:00:06.0: BAR 0 [io  0xc0c0-0xc0ff]
[    0.548666] pci 0000:00:06.0: BAR 1 [mem 0xfebfc000-0xfebfcfff]
[    0.549775] pci 0000:00:06.0: BAR 4 [mem 0x38000000c000-0x38000000ffff 64bit pref]
[    0.554187] pci 0000:00:07.0: [1af4:1003] type 00 class 0x078000 conventional PCI endpoint
[    0.556015] pci 0000:00:07.0: BAR 0 [io  0xc100-0xc13f]
[    0.556667] pci 0000:00:07.0: BAR 1 [mem 0xfebfd000-0xfebfdfff]
[    0.557711] pci 0000:00:07.0: BAR 4 [mem 0x380000010000-0x380000013fff 64bit pref]
[    0.562100] pci 0000:00:08.0: [1af4:1003] type 00 class 0x078000 conventional PCI endpoint
[    0.564348] pci 0000:00:08.0: BAR 0 [io  0xc140-0xc17f]
[    0.564667] pci 0000:00:08.0: BAR 1 [mem 0xfebfe000-0xfebfefff]
[    0.565713] pci 0000:00:08.0: BAR 4 [mem 0x380000014000-0x380000017fff 64bit pref]
[    0.570336] pci 0000:00:09.0: [1af4:1003] type 00 class 0x078000 conventional PCI endpoint
[    0.571668] pci 0000:00:09.0: BAR 0 [io  0xc180-0xc1bf]
[    0.572665] pci 0000:00:09.0: BAR 1 [mem 0xfebff000-0xfebfffff]
[    0.573713] pci 0000:00:09.0: BAR 4 [mem 0x380000018000-0x38000001bfff 64bit pref]
[    0.583479] ACPI: PCI: Interrupt link LNKA configured for IRQ 10
[    0.583915] ACPI: PCI: Interrupt link LNKB configured for IRQ 10
[    0.584909] ACPI: PCI: Interrupt link LNKC configured for IRQ 11
[    0.585906] ACPI: PCI: Interrupt link LNKD configured for IRQ 11
[    0.586782] ACPI: PCI: Interrupt link LNKS configured for IRQ 9
[    0.588997] iommu: Default domain type: Translated
[    0.589648] iommu: DMA domain TLB invalidation policy: lazy mode
[    0.591063] SCSI subsystem initialized
[    0.591719] libata version 3.00 loaded.
[    0.592789] ACPI: bus type USB registered
[    0.593770] usbcore: registered new interface driver usbfs
[    0.594709] usbcore: registered new interface driver hub
[    0.595683] usbcore: registered new device driver usb
[    0.596775] pps_core: LinuxPPS API ver. 1 registered
[    0.597645] pps_core: Software ver. 5.3.6 - Copyright 2005-2007 Rodolfo Giometti <giometti@linux.it>
[    0.598662] PTP clock support registered
[    0.599989] Advanced Linux Sound Architecture Driver Initialized.
[    0.601791] NetLabel: Initializing
[    0.602567] NetLabel:  domain hash size = 128
[    0.602647] NetLabel:  protocols = UNLABELED CIPSOv4 CALIPSO
[    0.603698] NetLabel:  unlabeled traffic allowed by default
[    0.604874] PCI: Using ACPI for IRQ routing
[    0.605647] PCI: pci_cache_line_size set to 64 bytes
[    0.607033] e820: register RAM buffer resource [mem 0x0009fc00-0x0009ffff]
[    0.607647] e820: register RAM buffer resource [mem 0xbffe0000-0xbfffffff]
[    0.608769] vgaarb: loaded
[    0.609809] hpet0: at MMIO 0xfed00000, IRQs 2, 8, 0
[    0.610646] hpet0: 3 comparators, 64-bit 100.000000 MHz counter
[    0.615923] clocksource: Switched to clocksource kvm-clock
[    0.618217] VFS: Disk quotas dquot_6.6.0
[    0.619229] VFS: Dquot-cache hash table entries: 512 (4096 bytes)
[    0.622368] pnp: PnP ACPI init
[    0.623633] pnp 00:02: [dma 2]
[    0.624765] Callback from call_rcu_tasks() invoked.
[    0.625316] pnp: PnP ACPI: found 4 devices
[    0.644077] clocksource: acpi_pm: mask: 0xffffff max_cycles: 0xffffff, max_idle_ns: 2085701024 ns
[    0.646322] NET: Registered PF_INET protocol family
[    0.648535] IP idents hash table entries: 65536 (order: 7, 524288 bytes, linear)
[    0.651219] tcp_listen_portaddr_hash hash table entries: 2048 (order: 6, 147456 bytes, linear)
[    0.653491] Table-perturb hash table entries: 65536 (order: 6, 262144 bytes, linear)
[    0.655326] TCP established hash table entries: 32768 (order: 6, 262144 bytes, linear)
[    0.657996] TCP bind hash table entries: 32768 (order: 11, 4718592 bytes, vmalloc hugepage)
[    0.663448] TCP: Hash tables configured (established 32768 bind 32768)
[    0.665154] MPTCP token hash table entries: 4096 (order: 7, 360448 bytes, linear)
[    0.667073] UDP hash table entries: 2048 (order: 7, 524288 bytes, linear)
[    0.668919] NET: Registered PF_UNIX/PF_LOCAL protocol family
[    0.670987] RPC: Registered named UNIX socket transport module.
[    0.672402] RPC: Registered udp transport module.
[    0.673550] RPC: Registered tcp transport module.
[    0.674732] RPC: Registered tcp-with-tls transport module.
[    0.676004] RPC: Registered tcp NFSv4.1 backchannel transport module.
[    0.678301] NET: Registered PF_XDP protocol family
[    0.679423] pci_bus 0000:00: resource 4 [io  0x0000-0x0cf7 window]
[    0.680881] pci_bus 0000:00: resource 5 [io  0x0d00-0xffff window]
[    0.682294] pci_bus 0000:00: resource 6 [mem 0x000a0000-0x000bffff window]
[    0.683900] pci_bus 0000:00: resource 7 [mem 0xc0000000-0xfebfffff window]
[    0.685491] pci_bus 0000:00: resource 8 [mem 0x380000000000-0x38007fffffff window]
[    0.687399] pci 0000:00:01.0: PIIX3: Enabling Passive Release
[    0.688755] pci 0000:00:00.0: Limiting direct PCI/PCI transfers
[    0.690344] PCI: CLS 0 bytes, default 64
[    0.691458] PCI-DMA: Using software bounce buffering for IO (SWIOTLB)
[    0.692928] software IO TLB: mapped [mem 0x00000000bbfe0000-0x00000000bffe0000] (64MB)
[    0.695254] clocksource: tsc: mask: 0xffffffffffffffff max_cycles: 0x310274de655, max_idle_ns: 440795359465 ns
[    0.702539] Initialise system trusted keyrings
[    0.703907] workingset: timestamp_bits=40 (anon: 35) max_order=20 bucket_order=0 (anon: 0)
[    0.706498] squashfs: version 4.0 (2009/01/31) Phillip Lougher
[    0.708308] NFS: Registering the id_resolver key type
[    0.709494] Key type id_resolver registered
[    0.710533] Key type id_legacy registered
[    0.711462] nfs4filelayout_init: NFSv4 File Layout Driver Registering...
[    0.713049] nfs4flexfilelayout_init: NFSv4 Flexfile Layout Driver Registering...
[    0.714978] fuse: init (API version 7.45)
[    0.716201] 9p: Installing v9fs 9p2000 file system support
[    0.718930] NET: Registered PF_ALG protocol family
[    0.720091] Key type asymmetric registered
[    0.721057] Asymmetric key parser 'x509' registered
[    0.722277] Block layer SCSI generic (bsg) driver version 0.4 loaded (major 248)
[    0.725343] io scheduler mq-deadline registered
[    0.726497] io scheduler kyber registered
[    0.728527] input: Power Button as /devices/platform/LNXPWRBN:00/input/input0
[    0.730526] ACPI: button: Power Button [PWRF]
[    0.861913] ACPI: \_SB_.LNKB: Enabled at IRQ 10
[    0.993348] ACPI: \_SB_.LNKD: Enabled at IRQ 11
[    1.124615] ACPI: \_SB_.LNKA: Enabled at IRQ 10
[    1.305211] kwatchdog (73) used greatest stack depth: 14776 bytes left
[    1.393561] ACPI: \_SB_.LNKC: Enabled at IRQ 11
[    1.657704] Serial: 8250/16550 driver, 4 ports, IRQ sharing enabled
[    1.660688] 00:03: ttyS0 at I/O 0x3f8 (irq = 4, base_baud = 115200) is a 16550A
[    1.899298] Non-volatile memory driver v1.3
[    1.901069] ACPI: bus type drm_connector registered
[    1.918530] brd: module loaded
[    1.929543] loop: module loaded
[    1.935648] scsi host0: ata_piix
[    1.937253] scsi host1: ata_piix
[    1.938383] ata1: PATA max MWDMA2 cmd 0x1f0 ctl 0x3f6 bmdma 0xc1c0 irq 14 lpm-pol 0
[    1.940168] ata2: PATA max MWDMA2 cmd 0x170 ctl 0x376 bmdma 0xc1c8 irq 15 lpm-pol 0
[    1.946091] tun: Universal TUN/TAP device driver, 1.6
[    1.947851] e100: Intel(R) PRO/100 Network Driver
[    1.948983] e100: Copyright(c) 1999-2006 Intel Corporation
[    1.950418] e1000: Intel(R) PRO/1000 Network Driver
[    1.951599] e1000: Copyright (c) 1999-2006 Intel Corporation.
[    1.953034] e1000e: Intel(R) PRO/1000 Network Driver
[    1.954199] e1000e: Copyright(c) 1999 - 2015 Intel Corporation.
[    1.955780] sky2: driver version 1.30
[    1.957825] usbcore: registered new interface driver usblp
[    1.959297] usbcore: registered new interface driver usb-storage
[    1.960796] i8042: PNP: PS/2 Controller [PNP0303:KBD,PNP0f13:MOU] at 0x60,0x64 irq 1,12
[    1.964444] serio: i8042 KBD port at 0x60,0x64 irq 1
[    1.966136] serio: i8042 AUX port at 0x60,0x64 irq 12
[    1.968400] rtc_cmos PNP0B00:00: RTC can wake from S4
[    1.972045] input: AT Translated Set 2 keyboard as /devices/platform/i8042/serio0/input/input1
[    1.975362] rtc_cmos PNP0B00:00: registered as rtc0
[    1.977242] rtc_cmos PNP0B00:00: alarms up to one day, y3k, 242 bytes nvram, hpet irqs
[    1.979693] Registered IR keymap rc-empty
[    1.980989] rc rc0: rc-core loopback device as /devices/virtual/rc/rc0
[    1.982970] rc rc0: lirc_dev: driver rc-loopback registered at minor = 0, raw IR receiver, raw IR transmitter
[    1.985727] input: rc-core loopback device as /devices/virtual/rc/rc0/input4
[    1.988762] intel_powerclamp: CPU does not support MWAIT
[    1.990177] device-mapper: core: CONFIG_IMA_DISABLE_HTABLE is disabled. Duplicate IMA measurements will not be recorded in the IMA log.
[    1.993627] device-mapper: ioctl: 4.50.0-ioctl (2025-04-28) initialised: dm-devel@lists.linux.dev
[    1.996766] hid: raw HID events driver (C) Jiri Kosina
[    2.000653] usbcore: registered new interface driver usbhid
[    2.002103] usbhid: USB HID core driver
[    2.004224] GACT probability NOT on
[    2.005129] Mirror/redirect action on
[    2.006549] nf_conntrack_irc: The irc conntrack helper is scheduled for removal.
[    2.006549] Please contact the netfilter-devel mailing list if you still need this.
[    2.011490] ipip: IPv4 and MPLS over IPv4 tunneling driver
[    2.013384] gre: GRE over IPv4 demultiplexer driver
[    2.014618] ip_gre: GRE over IPv4 tunneling driver
[    2.017964] Initializing XFRM netlink socket
[    2.019144] IPsec XFRM device driver
[    2.020117] NET: Registered PF_INET6 protocol family
[    2.022475] Segment Routing with IPv6
[    2.023392] In-situ OAM (IOAM) with IPv6
[    2.024375] mip6: Mobile IPv6
[    2.025106] sit: IPv6, IPv4 and MPLS over IPv4 tunneling driver
[    2.027837] ip6_gre: GRE over IPv6 tunneling driver
[    2.029683] NET: Registered PF_PACKET protocol family
[    2.030977] RPC: Registered rdma transport module.
[    2.032137] RPC: Registered rdma backchannel transport module.
[    2.033812] 8021q: 802.1Q VLAN Support v1.8
[    2.035185] smc: adding smcd device lo without pnetid
[    2.036538] NET: Registered PF_SMC protocol family
[    2.037984] 9pnet: Installing 9P2000 support
[    2.040675] Key type dns_resolver registered
[    2.041904] NET: Registered PF_VSOCK protocol family
[    2.043205] mpls_gso: MPLS GSO support
[    2.046073] IPI shorthand broadcast: enabled
[    2.092660] sched_clock: Marking stable (2056009639, 36566463)->(2211401062, -118824960)
[    2.095878] registered taskstats version 1
[    2.097869] ata2: found unknown device (class 0)
[    2.100134] ata2.00: ATAPI: QEMU DVD-ROM, 2.5+, max UDMA/100
[    2.109838] scsi 1:0:0:0: CD-ROM            QEMU     QEMU DVD-ROM     2.5+ PQ: 0 ANSI: 5
[    2.118956] Loading compiled-in X.509 certificates
[    2.120696] kworker/u16:1 (92) used greatest stack depth: 13960 bytes left
[    2.121661] Loaded X.509 cert 'Build time autogenerated kernel key: c4531344b9a9c1a4731230d977a262ba29ba5272'
[    2.141746] sr 1:0:0:0: [sr0] scsi3-mmc drive: 4x/4x cd/rw xa/form2 tray
[    2.161912] Demotion targets for Node 0: null
[    2.163531] ima: No TPM chip found, activating TPM-bypass!
[    2.164880] cdrom: Uniform CD-ROM driver Revision: 3.20
[    2.165286] ima: Allocated hash algorithm: sha1
[    2.168236] ima: No architecture policies found
[    2.170372] PM:   Magic number: 10:780:543
[    2.171512] netconsole: network logging started
[    2.173253] cfg80211: Loading compiled-in X.509 certificates for regulatory database
[    2.175928] Loaded X.509 cert 'sforshee: 00b28ddf47aef9cea7'
[    2.177953] Loaded X.509 cert 'wens: 61c038651aabdcf94bd0ac7ff06c7248db18c600'
[    2.180079] ALSA device list:
[    2.181141] sr 1:0:0:0: Attached scsi CD-ROM sr0
[    2.181280] faux_driver regulatory: Direct firmware load for regulatory.db failed with error -2
[    2.181646]   No soundcards found.
[    2.183165] sr 1:0:0:0: Attached scsi generic sg0 type 5
[    2.184537] cfg80211: failed to load regulatory.db
[    2.411820] input: ImExPS/2 Generic Explorer Mouse as /devices/platform/i8042/serio1/input/input3
[    2.414055] md: Skipping autodetection of RAID arrays. (raid=autodetect will force)
[    2.415543] 9p: Bad value for 'source'
[    2.416254] 9pnet: Limiting 'msize' to 512000 as this is the maximum supported by transport virtio
[    2.419671] VFS: Mounted root (9p filesystem) on device 0:24.
[    2.421504] devtmpfs: mounted
[    2.422165] VFS: Pivoted into new rootfs
[    2.426944] Freeing unused kernel image (initmem) memory: 4688K
[    2.427899] Write protecting the kernel read-only data: 45056k
[    2.429669] Freeing unused kernel image (text/rodata gap) memory: 840K
[    2.430913] Freeing unused kernel image (rodata/data gap) memory: 128K
[    2.470164] x86/mm: Checked W+X mappings: passed, no W+X pages found.
[    2.471193] Run /home/prozak/.local/share/vng-venv/lib/python3.12/site-packages/virtme/guest/bin/virtme-ng-init as init process
[    2.472904]   with arguments:
[    2.473367]     /home/prozak/.local/share/vng-venv/lib/python3.12/site-packages/virtme/guest/bin/virtme-ng-init
[    2.474882]   with environment:
[    2.475378]     HOME=/
[    2.475771]     TERM=linux
[    2.476207]     virtme_hostname=virtme-ng
[    2.476824]     nr_open=1048576
[    2.477302]     virtme_link_mods=/home/prozak/sources/heimdall_experiment/uml-harness/.build/bpf-next-x86/.virtme_mods/lib/modules/0.0.0
[    2.479102]     virtme_rw_overlay0=/tmp
[    2.479698]     virtme_console=ttyS0
[    2.480269]     virtme_chdir=home/prozak/sources/heimdall_experiment/uml-harness/.build/selftests-output-qemu-lane1
[    2.555238] virtme-ng-init: mount devtmpfs -> /dev: EBUSY: Device or resource busy
[    2.557111] virtme-ng-init: Setting hostname to virtme-ng...
[    2.592174] virtme-ng-init: running systemd-tmpfiles
[    4.049705] systemd-tmpfile (99) used greatest stack depth: 12520 bytes left
[    4.049826] virtme-ng-init: basic initialization done
[    4.066079] virtme-ng-init: error creating file: Permission denied (os error 13)
[    4.180479] ip (104) used greatest stack depth: 11832 bytes left
[    4.308987] virtme-ng-init: Starting systemd-udevd version 255.4-1ubuntu8.17
[    4.310236] virtme-ng-init: triggering udev coldplug
[    7.403461] virtme-ng-init: waiting for udev to settle
[    8.260193] virtme-ng-init: udev is done
[    8.265532] virtme-ng-init: starting script
[    8.594105] bpf_testmod: loading out-of-tree module taints kernel.
[    8.595190] bpf_testmod: module verification failed: signature and/or required key missing - tainting kernel
[    8.772505] smc: removing smcd device lo
[    8.847713] ACPI: PM: Preparing to enter system sleep state S5
[    8.849134] reboot: Power down
