#564/1   tracing_struct/struct_args:OK
#564/2   tracing_struct/struct_many_args:OK
libbpf: prog 'test_int128_arg_fexit': failed to find kernel BTF type ID of 'bpf_testmod_test_int128_arg': -ESRCH
libbpf: prog 'test_int128_arg_fexit': failed to prepare load attributes: -ESRCH
libbpf: prog 'test_int128_arg_fexit': failed to load: -ESRCH
libbpf: failed to load object 'tracing_struct_int128'
libbpf: failed to load BPF skeleton 'tracing_struct_int128': -ESRCH
test_int128_args:FAIL:tracing_struct_int128__open_and_load unexpected error: -3
#564/3   tracing_struct/int128_args:FAIL
#564/4   tracing_struct/union_args:OK
#564     tracing_struct:FAIL

All error logs:
libbpf: prog 'test_int128_arg_fexit': failed to find kernel BTF type ID of 'bpf_testmod_test_int128_arg': -ESRCH
libbpf: prog 'test_int128_arg_fexit': failed to prepare load attributes: -ESRCH
libbpf: prog 'test_int128_arg_fexit': failed to load: -ESRCH
libbpf: failed to load object 'tracing_struct_int128'
libbpf: failed to load BPF skeleton 'tracing_struct_int128': -ESRCH
test_int128_args:FAIL:tracing_struct_int128__open_and_load unexpected error: -3
#564/3   tracing_struct/int128_args:FAIL
#564     tracing_struct:FAIL
Summary: 0/3 PASSED, 0 SKIPPED, 1/1 FAILED
ut-qemu rootfstype=9p rootflags=version=9p2000.L,trans=virtio,access=any,msize=524288 raid=noautodetect rw debug init=/home/prozak/.local/share/vng-venv/lib/python3.12/site-packages/virtme/guest/bin/virtme-ng-init
[    0.000000] x86 CPU feature dependency check failure: CPU0 has '18*32+31' enabled but '18*32+26' disabled. Kernel might be fine, but no guarantees.
[    0.000000] BIOS-provided physical RAM map:
[    0.000000] BIOS-e820: [mem 0x0000000000000000-0x000000000009fbff]  System RAM
[    0.000000] BIOS-e820: [mem 0x000000000009fc00-0x000000000009ffff]  device reserved
[    0.000000] BIOS-e820: [gap 0x00000000000a0000-0x00000000000effff]
[    0.000000] BIOS-e820: [mem 0x00000000000f0000-0x00000000000fffff]  device reserved
[    0.000000] BIOS-e820: [mem 0x0000000000100000-0x00000000bffdffff]  System RAM
[    0.000000] BIOS-e820: [mem 0x00000000bffe0000-0x00000000bfffffff]  device reserved
[    0.000000] BIOS-e820: [gap 0x00000000c0000000-0x00000000feffbfff]
[    0.000000] BIOS-e820: [mem 0x00000000feffc000-0x00000000feffffff]  device reserved
[    0.000000] BIOS-e820: [gap 0x00000000ff000000-0x00000000fffbffff]
[    0.000000] BIOS-e820: [mem 0x00000000fffc0000-0x00000000ffffffff]  device reserved
[    0.000000] BIOS-e820: [mem 0x0000000100000000-0x000000013fffffff]  System RAM
[    0.000000] BIOS-e820: [gap 0x0000000140000000-0x000000fcffffffff]
[    0.000000] BIOS-e820: [mem 0x000000fd00000000-0x000000ffffffffff]  device reserved
[    0.000000] printk: legacy bootconsole [earlyser0] enabled
[    0.000000] NX (Execute Disable) protection: active
[    0.000000] APIC: Static calls initialized
[    0.000000] DMI: SMBIOS 3.0.0 present.
[    0.000000] DMI: QEMU Ubuntu 24.04 PC v2 (i440FX + PIIX, arch_caps fix, 1996), BIOS 1.16.3-debian-1.16.3-2 04/01/2014
[    0.000000] DMI: Memory slots populated: 1/1
[    0.000000] Hypervisor detected: KVM
[    0.000000] last_pfn = 0xbffe0 max_arch_pfn = 0x400000000
[    0.000000] kvm-clock: Using msrs 4b564d01 and 4b564d00
[    0.000001] kvm-clock: using sched offset of 329246975 cycles
[    0.001082] clocksource: kvm-clock: mask: 0xffffffffffffffff max_cycles: 0x1cd42e4dffb, max_idle_ns: 881590591483 ns
[    0.004403] tsc: Detected 3400.040 MHz processor
[    0.005733] e820: update [mem 0x00000000-0x00000fff] System RAM ==> device reserved
[    0.007279] e820: remove [mem 0x000a0000-0x000fffff] System RAM
[    0.008507] last_pfn = 0x140000 max_arch_pfn = 0x400000000
[    0.009767] MTRR map: 4 entries (3 fixed + 1 variable; max 19), built from 8 variable MTRRs
[    0.011480] x86/PAT: Configuration [0-7]: WB  WC  UC- UC  WB  WP  UC- WT  
Memory KASLR using RDRAND RDTSC...
[    0.013690] last_pfn = 0xbffe0 max_arch_pfn = 0x400000000
[    0.016164] found SMP MP-table at [mem 0x000f5450-0x000f545f]
[    0.017337] Using GB pages for direct mapping
[    0.019248] ACPI: Early table checksum verification disabled
[    0.020383] ACPI: RSDP 0x00000000000F5240 000014 (v00 BOCHS )
[    0.021495] ACPI: RSDT 0x00000000BFFE1F16 000034 (v01 BOCHS  BXPC     00000001 BXPC 00000001)
[    0.023122] ACPI: FACP 0x00000000BFFE1D92 000074 (v01 BOCHS  BXPC     00000001 BXPC 00000001)
[    0.024809] ACPI: DSDT 0x00000000BFFE0040 001D52 (v01 BOCHS  BXPC     00000001 BXPC 00000001)
[    0.026411] ACPI: FACS 0x00000000BFFE0000 000040
[    0.027269] ACPI: APIC 0x00000000BFFE1E06 0000B0 (v03 BOCHS  BXPC     00000001 BXPC 00000001)
[    0.028920] ACPI: HPET 0x00000000BFFE1EB6 000038 (v01 BOCHS  BXPC     00000001 BXPC 00000001)
[    0.030516] ACPI: WAET 0x00000000BFFE1EEE 000028 (v01 BOCHS  BXPC     00000001 BXPC 00000001)
[    0.032246] ACPI: Reserving FACP table memory at [mem 0xbffe1d92-0xbffe1e05]
[    0.033671] ACPI: Reserving DSDT table memory at [mem 0xbffe0040-0xbffe1d91]
[    0.035135] ACPI: Reserving FACS table memory at [mem 0xbffe0000-0xbffe003f]
[    0.036608] ACPI: Reserving APIC table memory at [mem 0xbffe1e06-0xbffe1eb5]
[    0.037983] ACPI: Reserving HPET table memory at [mem 0xbffe1eb6-0xbffe1eed]
[    0.039417] ACPI: Reserving WAET table memory at [mem 0xbffe1eee-0xbffe1f15]
[    0.041436] No NUMA configuration found
[    0.042237] Faking a node at [mem 0x0000000000000000-0x000000013fffffff]
[    0.043559] NODE_DATA(0) allocated [mem 0x13fff9c80-0x13fffdfff]
[    0.045970] ACPI: PM-Timer IO Port: 0x608
[    0.046787] ACPI: LAPIC_NMI (acpi_id[0xff] dfl dfl lint[0x1])
[    0.048054] IOAPIC[0]: apic_id 0, version 17, address 0xfec00000, GSI 0-23
[    0.049406] ACPI: INT_SRC_OVR (bus 0 bus_irq 0 global_irq 2 dfl dfl)
[    0.050716] ACPI: INT_SRC_OVR (bus 0 bus_irq 5 global_irq 5 high level)
[    0.052044] ACPI: INT_SRC_OVR (bus 0 bus_irq 9 global_irq 9 high level)
[    0.053303] ACPI: INT_SRC_OVR (bus 0 bus_irq 10 global_irq 10 high level)
[    0.054582] ACPI: INT_SRC_OVR (bus 0 bus_irq 11 global_irq 11 high level)
[    0.055921] ACPI: Using ACPI (MADT) for SMP configuration information
[    0.057143] ACPI: HPET id: 0x8086a201 base: 0xfed00000
[    0.058097] TSC deadline timer available
[    0.058845] CPU topo: Max. logical packages:   1
[    0.059756] CPU topo: Max. logical nodes:      1
[    0.060661] CPU topo: Num. nodes per package:  1
[    0.061523] CPU topo: Max. logical dies:       1
[    0.062383] CPU topo: Max. dies per package:   1
[    0.063265] CPU topo: Max. threads per core:   1
[    0.064169] CPU topo: Num. cores per package:     8
[    0.065165] CPU topo: Num. threads per package:   8
[    0.066135] CPU topo: Allowing 8 present CPUs plus 0 hotplug CPUs
[    0.067361] kvm-guest: APIC: eoi() replaced with kvm_guest_apic_eoi_write()
[    0.068844] kvm-guest: KVM setup pv remote TLB flush
[    0.069844] kvm-guest: setup PV sched yield
[    0.070682] PM: hibernation: Registered nosave memory: [mem 0x00000000-0x00000fff]
[    0.072227] PM: hibernation: Registered nosave memory: [mem 0x0009f000-0x000fffff]
[    0.073756] PM: hibernation: Registered nosave memory: [mem 0xbffe0000-0xffffffff]
[    0.075285] [gap 0xc0000000-0xfeffbfff] available for PCI devices
[    0.076579] Booting paravirtualized kernel on KVM
[    0.077530] clocksource: refined-jiffies: mask: 0xffffffff max_cycles: 0xffffffff, max_idle_ns: 1910969940391419 ns
[    0.084747] Zone ranges:
[    0.085433]   DMA      [mem 0x0000000000001000-0x0000000000ffffff]
[    0.086588]   DMA32    [mem 0x0000000001000000-0x00000000ffffffff]
[    0.087801]   Normal   [mem 0x0000000100000000-0x000000013fffffff]
[    0.088992] Movable zone start for each node
[    0.089816] Early memory node ranges
[    0.090502]   node   0: [mem 0x0000000000001000-0x000000000009efff]
[    0.091705]   node   0: [mem 0x0000000000100000-0x00000000bffdffff]
[    0.092936]   node   0: [mem 0x0000000100000000-0x000000013fffffff]
[    0.094125] Initmem setup node 0 [mem 0x0000000000001000-0x000000013fffffff]
[    0.096301] On node 0, zone DMA: 1 pages in unavailable ranges
[    0.097408] On node 0, zone DMA: 97 pages in unavailable ranges
[    0.128515] On node 0, zone Normal: 32 pages in unavailable ranges
[    0.129759] setup_percpu: NR_CPUS:128 nr_cpumask_bits:8 nr_cpu_ids:8 nr_node_ids:1
[    0.132192] percpu: Embedded 58 pages/cpu s200144 r8192 d29232 u262144
[    0.133520] pcpu-alloc: s200144 r8192 d29232 u262144 alloc=1*2097152
[    0.134774] pcpu-alloc: [0] 0 1 2 3 4 5 6 7 
[    0.135742] Kernel command line: virtme_hostname=virtme-ng nr_open=1048576 virtme_link_mods=/home/prozak/sources/heimdall_experiment/uml-harness/.build/bpf-next-x86/.virtme_mods/lib/modules/0.0.0 virtme_rw_overlay0=/tmp virtme_console=ttyS0 console=ttyS0 earlyprintk=serial,ttyS0,115200 panic=-1 virtme.exec=`bW91bnQgLXQgYnBmIGJwZmZzIC9zeXMvZnMvYnBmIDI+L2Rldi9udWxsOyAuL3Rlc3RfcHJvZ3MgLXQgJ3RyYWNpbmdfc3RydWN0Jw==` virtme_chdir=home/prozak/sources/heimdall_experiment/uml-harness/.build/selftests-output-qemu rootfstype=9p rootflags=version=9p2000.L,trans=virtio,access=any,msize=524288 raid=noautodetect rw debug init=/home/prozak/.local/share/vng-venv/lib/python3.12/site-packages/virtme/guest/bin/virtme-ng-init
[    0.148667] Unknown kernel command line parameters "virtme_hostname=virtme-ng nr_open=1048576 virtme_link_mods=/home/prozak/sources/heimdall_experiment/uml-harness/.build/bpf-next-x86/.virtme_mods/lib/modules/0.0.0 virtme_rw_overlay0=/tmp virtme_console=ttyS0 virtme_chdir=home/prozak/sources/heimdall_experiment/uml-harness/.build/selftests-output-qemu", will be passed to user space.
[    0.155380] random: crng init done
[    0.156055] printk: log buffer data + meta data: 2097152 + 7340032 = 9437184 bytes
[    0.159240] Dentry cache hash table entries: 524288 (order: 10, 4194304 bytes, linear)
[    0.161843] Inode-cache hash table entries: 262144 (order: 9, 2097152 bytes, linear)
[    0.163443] software IO TLB: area num 8.
[    0.199069] Fallback order for Node 0: 0 
[    0.199077] Built 1 zonelists, mobility grouping on.  Total pages: 1048446
[    0.201454] Policy zone: Normal
[    0.202079] mem auto-init: stack:all(zero), heap alloc:off, heap free:off
[    0.209490] SLUB: HWalign=64, Order=0-3, MinObjects=0, CPUs=8, Nodes=1
Poking KASLR using RDRAND RDTSC...
[    0.224092] ftrace: allocating 70083 entries in 276 pages
[    0.225161] ftrace: allocated 276 pages with 3 groups
[    0.227093] Dynamic Preempt: full
[    0.228741] Running RCU self tests
[    0.229411] Running RCU synchronous self tests
[    0.230246] rcu: Preemptible hierarchical RCU implementation.
[    0.231404] rcu: 	RCU event tracing is enabled.
[    0.232348] rcu: 	RCU lockdep checking is enabled.
[    0.233328] rcu: 	RCU restricting CPUs from NR_CPUS=128 to nr_cpu_ids=8.
[    0.234683] 	Trampoline variant of Tasks RCU enabled.
[    0.235751] 	Rude variant of Tasks RCU enabled.
[    0.236669] 	Tracing variant of Tasks RCU enabled.
[    0.237653] rcu: RCU calculated value of scheduler-enlistment delay is 100 jiffies.
[    0.239187] rcu: Adjusting geometry for rcu_fanout_leaf=16, nr_cpu_ids=8
[    0.240586] Running RCU synchronous self tests
[    0.241535] RCU Tasks: Setting shift to 3 and lim to 1 rcu_task_cb_adjust=1 rcu_task_cpu_ids=8.
[    0.243264] RCU Tasks Rude: Setting shift to 3 and lim to 1 rcu_task_cb_adjust=1 rcu_task_cpu_ids=8.
[    0.253949] NR_IRQS: 8448, nr_irqs: 488, preallocated irqs: 16
[    0.255375] rcu: srcu_init: Setting srcu_struct sizes based on contention.
[    0.256771] clocksource: jiffies: mask: 0xffffffff max_cycles: 0xffffffff, max_idle_ns: 1911260446275000 ns
[    0.258861] Console: colour *CGA 80x25
[    0.259683] printk: legacy console [ttyS0] enabled
[    0.259683] printk: legacy console [ttyS0] enabled
[    0.261537] printk: legacy bootconsole [earlyser0] disabled
[    0.261537] printk: legacy bootconsole [earlyser0] disabled
[    0.263732] Lock dependency validator: Copyright (c) 2006 Red Hat, Inc., Ingo Molnar
[    0.265304] ... MAX_LOCKDEP_SUBCLASSES:  8
[    0.266147] ... MAX_LOCK_DEPTH:          48
[    0.267027] ... MAX_LOCKDEP_KEYS:        8192
[    0.267995] ... CLASSHASH_SIZE:          4096
[    0.268882] ... MAX_LOCKDEP_ENTRIES:     32768
[    0.269810] ... MAX_LOCKDEP_CHAINS:      65536
[    0.270752] ... CHAINHASH_SIZE:          32768
[    0.271743]  memory used by lock dependency info: 6429 kB
[    0.272863]  memory used for stack traces: 4224 kB
[    0.273824]  per task-struct memory footprint: 1920 bytes
[    0.274958] ACPI: Core revision 20260408
[    0.276037] clocksource: hpet: mask: 0xffffffff max_cycles: 0xffffffff, max_idle_ns: 19112604467 ns
[    0.278137] APIC: Switch to symmetric I/O mode setup
[    0.279753] x2apic enabled
[    0.281000] APIC: Switched APIC routing to: physical x2apic
[    0.282270] kvm-guest: APIC: send_IPI_mask() replaced with kvm_send_ipi_mask()
[    0.283843] kvm-guest: APIC: send_IPI_mask_allbutself() replaced with kvm_send_ipi_mask_allbutself()
[    0.285879] kvm-guest: setup PV IPIs
[    0.288857] ..TIMER: vector=0x30 apic1=0 pin1=2 apic2=-1 pin2=-1
[    0.290142] clocksource: tsc-early: mask: 0xffffffffffffffff max_cycles: 0x310274de655, max_idle_ns: 440795359465 ns
[    0.292299] Calibrating delay loop (skipped) preset value.. 6800.08 BogoMIPS (lpj=3400040)
[    0.294749] x86/cpu: User Mode Instruction Prevention (UMIP) activated
[    0.296494] Last level iTLB entries: 4KB 512, 2MB 255, 4MB 127
[    0.297296] Last level dTLB entries: 4KB 512, 2MB 255, 4MB 127, 1GB 0
[    0.298305] mitigations: Enabled attack vectors: user_kernel, user_user, SMT mitigations: auto
[    0.299297] Speculative Store Bypass: Mitigation: Speculative Store Bypass disabled via prctl
[    0.300297] Speculative Return Stack Overflow: IBPB-extending microcode not applied!
[    0.301296] Speculative Return Stack Overflow: WARNING: See https://kernel.org/doc/html/latest/admin-guide/hw-vuln/srso.html for mitigation options.
[    0.301298] Transient Scheduler Attacks: Vulnerable: No microcode
[    0.303297] Spectre V2 : Mitigation: Retpolines
[    0.304297] Speculative Return Stack Overflow: Vulnerable: Safe RET, no microcode
[    0.305296] Spectre V1 : Mitigation: usercopy/swapgs barriers and __user pointer sanitization
[    0.306297] Spectre V2 : Spectre v2 / SpectreRSB: Filling RSB on context switch and VMEXIT
[    0.307297] Spectre V2 : Enabling Restricted Speculation for firmware calls
[    0.308298] Spectre V2 : mitigation: Enabling conditional Indirect Branch Prediction Barrier
[    0.309297] active return thunk: srso_alias_return_thunk
[    0.310350] x86/fpu: Supporting XSAVE feature 0x001: 'x87 floating point registers'
[    0.311296] x86/fpu: Supporting XSAVE feature 0x002: 'SSE registers'
[    0.312296] x86/fpu: Supporting XSAVE feature 0x004: 'AVX registers'
[    0.313297] x86/fpu: xstate_offset[2]:  576, xstate_sizes[2]:  256
[    0.314296] x86/fpu: Enabled xstate features 0x7, context size is 832 bytes, using 'compacted' format.
[    0.353388] pid_max: default: 32768 minimum: 301
[    0.354468] SELinux:  Initializing.
[    0.356973] LSM support for eBPF active
[    0.358307] Mount-cache hash table entries: 8192 (order: 4, 65536 bytes, linear)
[    0.359299] Mountpoint-cache hash table entries: 8192 (order: 4, 65536 bytes, linear)
[    0.361494] VFS: Finished mounting rootfs on nullfs
[    0.363876] Running RCU synchronous self tests
[    0.364299] Running RCU synchronous self tests
[    0.366520] smpboot: CPU0: AMD Ryzen 9 5950X 16-Core Processor (family: 0x19, model: 0x21, stepping: 0x2)
[    0.367977] Performance Events: Fam17h+ core perfctr, AMD PMU driver.
[    0.368317] ... version:                   0
[    0.369290] ... bit width:                 48
[    0.369303] ... generic counters:          6
[    0.370304] ... generic bitmap:            000000000000003f
[    0.371302] ... fixed-purpose counters:    0
[    0.372291] ... fixed-purpose bitmap:      0000000000000000
[    0.372303] ... value mask:                0000ffffffffffff
[    0.373304] ... max period:                00007fffffffffff
[    0.374302] ... global_ctrl mask:          000000000000003f
[    0.375644] signal: max sigframe size: 1776
[    0.376414] rcu: Hierarchical SRCU implementation.
[    0.377304] rcu: 	Max phase no-delay instances is 400.
[    0.378487] Timer migration: 1 hierarchy levels; 8 children per group; 1 crossnode level
[    0.392185] smp: Bringing up secondary CPUs ...
[    0.392881] smpboot: x86: Booting SMP configuration:
[    0.393326] .... node  #0, CPUs:      #1 #2 #3 #4 #5 #6 #7
[    0.413690] smp: Brought up 1 node, 8 CPUs
[    0.415228] smpboot: Total of 8 processors activated (54400.64 BogoMIPS)
[    0.417052] Memory: 3963816K/4193784K available (25781K kernel code, 10327K rwdata, 18304K rodata, 4688K init, 13400K bss, 221912K reserved, 0K cma-reserved)
[    0.419492] devtmpfs: initialized
[    0.423372] Running RCU synchronous self tests
[    0.424326] Running RCU synchronous self tests
[    0.425365] Running RCU Tasks wait API self tests
[    0.426393] Running RCU Tasks Rude wait API self tests
[    0.427307] Running RCU Tasks Trace wait API self tests
[    0.428458] posixtimers hash table entries: 4096 (order: 7, 294912 bytes, linear)
[    0.429508] futex hash table entries: 2048 (262144 bytes on 1 NUMA nodes, total 256 KiB, linear).
[    0.431175] PM: RTC time: 01:18:26, date: 2026-09-07
[    0.432783] NET: Registered PF_NETLINK/PF_ROUTE protocol family
[    0.433338] Callback from call_rcu_tasks_trace() invoked.
[    0.435368] audit: initializing netlink subsys (disabled)
[    0.436348] audit: type=2000 audit(1788743907.139:1): state=initialized audit_enabled=0 res=1
[    0.451837] thermal_sys: Registered thermal governor 'step_wise'
[    0.451917] cpuidle: using governor ladder
[    0.453260] cpuidle: using governor menu
[    0.455932] PCI: Using configuration type 1 for base access
[    0.456304] PCI: Using configuration type 1 for extended access
[    0.457438] kprobes: kprobe jump-optimization is enabled. All kprobes are optimized if possible.
[    0.460465] HugeTLB: registered 1.00 GiB page size, pre-allocated 0 pages
[    0.461304] HugeTLB: 16380 KiB vmemmap can be freed for a 1.00 GiB page
[    0.462305] HugeTLB: registered 2.00 MiB page size, pre-allocated 0 pages
[    0.463304] HugeTLB: 28 KiB vmemmap can be freed for a 2.00 MiB page
[    0.469323] ACPI: Added _OSI(Module Device)
[    0.470283] ACPI: Added _OSI(Processor Device)
[    0.470305] ACPI: Added _OSI(Processor Aggregator Device)
[    0.474852] ACPI: 1 ACPI AML tables successfully acquired and loaded
[    0.477560] ACPI: \_SB_: platform _OSC: OS support mask [002a7eee]
[    0.479057] ACPI: Interpreter enabled
[    0.479371] ACPI: PM: (supports S0 S3 S4 S5)
[    0.480316] ACPI: Using IOAPIC for interrupt routing
[    0.481355] PCI: Using host bridge windows from ACPI; if necessary, use "pci=nocrs" and report a bug
[    0.482305] PCI: Using E820 reservations for host bridge windows
[    0.483709] ACPI: Enabled 2 GPEs in block 00 to 0F
[    0.497720] ACPI: PCI Root Bridge [PCI0] (domain 0000 [bus 00-ff])
[    0.499083] PCI host bridge to bus 0000:00
[    0.499315] pci_bus 0000:00: root bus resource [io  0x0000-0x0cf7 window]
[    0.500305] pci_bus 0000:00: root bus resource [io  0x0d00-0xffff window]
[    0.501305] pci_bus 0000:00: root bus resource [mem 0x000a0000-0x000bffff window]
[    0.502306] pci_bus 0000:00: root bus resource [mem 0xc0000000-0xfebfffff window]
[    0.503305] pci_bus 0000:00: root bus resource [mem 0x380000000000-0x38007fffffff window]
[    0.504306] pci_bus 0000:00: root bus resource [bus 00-ff]
[    0.505745] pci 0000:00:00.0: [8086:1237] type 00 class 0x060000 conventional PCI endpoint
[    0.507952] pci 0000:00:01.0: [8086:7000] type 00 class 0x060100 conventional PCI endpoint
[    0.509916] pci 0000:00:01.1: [8086:7010] type 00 class 0x010180 conventional PCI endpoint
[    0.511385] pci 0000:00:01.1: BAR 4 [io  0xc1c0-0xc1cf]
[    0.512384] pci 0000:00:01.1: BAR 0 [io  0x01f0-0x01f7]: legacy IDE quirk
[    0.513322] pci 0000:00:01.1: BAR 1 [io  0x03f6]: legacy IDE quirk
[    0.514305] pci 0000:00:01.1: BAR 2 [io  0x0170-0x0177]: legacy IDE quirk
[    0.515304] pci 0000:00:01.1: BAR 3 [io  0x0376]: legacy IDE quirk
[    0.517049] pci 0000:00:01.3: [8086:7113] type 00 class 0x068000 conventional PCI endpoint
[    0.518178] pci 0000:00:01.3: quirk: [io  0x0600-0x063f] claimed by PIIX4 ACPI
[    0.518324] pci 0000:00:01.3: quirk: [io  0x0700-0x070f] claimed by PIIX4 SMB
[    0.520492] pci 0000:00:02.0: [1af4:1009] type 00 class 0x000200 conventional PCI endpoint
[    0.523231] pci 0000:00:02.0: BAR 0 [io  0xc000-0xc03f]
[    0.523323] pci 0000:00:02.0: BAR 1 [mem 0xfebf8000-0xfebf8fff]
[    0.524367] pci 0000:00:02.0: BAR 4 [mem 0x380000000000-0x380000003fff 64bit pref]
[    0.528527] pci 0000:00:03.0: [8086:25ab] type 00 class 0x088000 conventional PCI endpoint
[    0.530321] pci 0000:00:03.0: BAR 0 [mem 0xfebf9000-0xfebf900f]
[    0.534175] pci 0000:00:04.0: [1af4:1003] type 00 class 0x078000 conventional PCI endpoint
[    0.536303] pci 0000:00:04.0: BAR 0 [io  0xc040-0xc07f]
[    0.537323] pci 0000:00:04.0: BAR 1 [mem 0xfebfa000-0xfebfafff]
[    0.538368] pci 0000:00:04.0: BAR 4 [mem 0x380000004000-0x380000007fff 64bit pref]
[    0.542759] pci 0000:00:05.0: [1af4:1003] type 00 class 0x078000 conventional PCI endpoint
[    0.544322] pci 0000:00:05.0: BAR 0 [io  0xc080-0xc0bf]
[    0.545322] pci 0000:00:05.0: BAR 1 [mem 0xfebfb000-0xfebfbfff]
[    0.546368] pci 0000:00:05.0: BAR 4 [mem 0x380000008000-0x38000000bfff 64bit pref]
[    0.550636] pci 0000:00:06.0: [1af4:1003] type 00 class 0x078000 conventional PCI endpoint
[    0.553229] pci 0000:00:06.0: BAR 0 [io  0xc0c0-0xc0ff]
[    0.553323] pci 0000:00:06.0: BAR 1 [mem 0xfebfc000-0xfebfcfff]
[    0.554389] pci 0000:00:06.0: BAR 4 [mem 0x38000000c000-0x38000000ffff 64bit pref]
[    0.558949] pci 0000:00:07.0: [1af4:1003] type 00 class 0x078000 conventional PCI endpoint
[    0.560321] pci 0000:00:07.0: BAR 0 [io  0xc100-0xc13f]
[    0.561322] pci 0000:00:07.0: BAR 1 [mem 0xfebfd000-0xfebfdfff]
[    0.562368] pci 0000:00:07.0: BAR 4 [mem 0x380000010000-0x380000013fff 64bit pref]
[    0.566743] pci 0000:00:08.0: [1af4:1003] type 00 class 0x078000 conventional PCI endpoint
[    0.568321] pci 0000:00:08.0: BAR 0 [io  0xc140-0xc17f]
[    0.569322] pci 0000:00:08.0: BAR 1 [mem 0xfebfe000-0xfebfefff]
[    0.570370] pci 0000:00:08.0: BAR 4 [mem 0x380000014000-0x380000017fff 64bit pref]
[    0.574974] pci 0000:00:09.0: [1af4:1003] type 00 class 0x078000 conventional PCI endpoint
[    0.576322] pci 0000:00:09.0: BAR 0 [io  0xc180-0xc1bf]
[    0.577323] pci 0000:00:09.0: BAR 1 [mem 0xfebff000-0xfebfffff]
[    0.578368] pci 0000:00:09.0: BAR 4 [mem 0x380000018000-0x38000001bfff 64bit pref]
[    0.588404] ACPI: PCI: Interrupt link LNKA configured for IRQ 10
[    0.589584] ACPI: PCI: Interrupt link LNKB configured for IRQ 10
[    0.590575] ACPI: PCI: Interrupt link LNKC configured for IRQ 11
[    0.591569] ACPI: PCI: Interrupt link LNKD configured for IRQ 11
[    0.592457] ACPI: PCI: Interrupt link LNKS configured for IRQ 9
[    0.595325] iommu: Default domain type: Translated
[    0.596307] iommu: DMA domain TLB invalidation policy: lazy mode
[    0.600784] SCSI subsystem initialized
[    0.601399] libata version 3.00 loaded.
[    0.602454] ACPI: bus type USB registered
[    0.603427] usbcore: registered new interface driver usbfs
[    0.604390] usbcore: registered new interface driver hub
[    0.605348] usbcore: registered new device driver usb
[    0.606481] pps_core: LinuxPPS API ver. 1 registered
[    0.607305] pps_core: Software ver. 5.3.6 - Copyright 2005-2007 Rodolfo Giometti <giometti@linux.it>
[    0.608319] PTP clock support registered
[    0.609763] Advanced Linux Sound Architecture Driver Initialized.
[    0.611511] NetLabel: Initializing
[    0.612304] NetLabel:  domain hash size = 128
[    0.613304] NetLabel:  protocols = UNLABELED CIPSOv4 CALIPSO
[    0.614355] NetLabel:  unlabeled traffic allowed by default
[    0.615533] PCI: Using ACPI for IRQ routing
[    0.616307] PCI: pci_cache_line_size set to 64 bytes
[    0.617693] e820: register RAM buffer resource [mem 0x0009fc00-0x0009ffff]
[    0.618306] e820: register RAM buffer resource [mem 0xbffe0000-0xbfffffff]
[    0.619459] vgaarb: loaded
[    0.620382] hpet0: at MMIO 0xfed00000, IRQs 2, 8, 0
[    0.621303] hpet0: 3 comparators, 64-bit 100.000000 MHz counter
[    0.625720] clocksource: Switched to clocksource kvm-clock
[    0.627657] VFS: Disk quotas dquot_6.6.0
[    0.628762] VFS: Dquot-cache hash table entries: 512 (4096 bytes)
[    0.631224] pnp: PnP ACPI init
[    0.632580] pnp 00:02: [dma 2]
[    0.634228] pnp: PnP ACPI: found 4 devices
[    0.635813] Callback from call_rcu_tasks() invoked.
[    0.652102] clocksource: acpi_pm: mask: 0xffffff max_cycles: 0xffffff, max_idle_ns: 2085701024 ns
[    0.654309] NET: Registered PF_INET protocol family
[    0.655689] IP idents hash table entries: 65536 (order: 7, 524288 bytes, linear)
[    0.659604] tcp_listen_portaddr_hash hash table entries: 2048 (order: 6, 147456 bytes, linear)
[    0.661673] Table-perturb hash table entries: 65536 (order: 6, 262144 bytes, linear)
[    0.663545] TCP established hash table entries: 32768 (order: 6, 262144 bytes, linear)
[    0.665449] TCP bind hash table entries: 32768 (order: 11, 4718592 bytes, vmalloc hugepage)
[    0.671913] TCP: Hash tables configured (established 32768 bind 32768)
[    0.673780] MPTCP token hash table entries: 4096 (order: 7, 360448 bytes, linear)
[    0.675693] UDP hash table entries: 2048 (order: 7, 524288 bytes, linear)
[    0.678333] NET: Registered PF_UNIX/PF_LOCAL protocol family
[    0.680502] RPC: Registered named UNIX socket transport module.
[    0.681912] RPC: Registered udp transport module.
[    0.683061] RPC: Registered tcp transport module.
[    0.684344] RPC: Registered tcp-with-tls transport module.
[    0.685805] RPC: Registered tcp NFSv4.1 backchannel transport module.
[    0.688217] NET: Registered PF_XDP protocol family
[    0.689385] pci_bus 0000:00: resource 4 [io  0x0000-0x0cf7 window]
[    0.690985] pci_bus 0000:00: resource 5 [io  0x0d00-0xffff window]
[    0.692541] pci_bus 0000:00: resource 6 [mem 0x000a0000-0x000bffff window]
[    0.694220] pci_bus 0000:00: resource 7 [mem 0xc0000000-0xfebfffff window]
[    0.695907] pci_bus 0000:00: resource 8 [mem 0x380000000000-0x38007fffffff window]
[    0.697832] pci 0000:00:01.0: PIIX3: Enabling Passive Release
[    0.699315] pci 0000:00:00.0: Limiting direct PCI/PCI transfers
[    0.700993] PCI: CLS 0 bytes, default 64
[    0.702115] PCI-DMA: Using software bounce buffering for IO (SWIOTLB)
[    0.703745] software IO TLB: mapped [mem 0x00000000bbfe0000-0x00000000bffe0000] (64MB)
[    0.706678] clocksource: tsc: mask: 0xffffffffffffffff max_cycles: 0x310274de655, max_idle_ns: 440795359465 ns
[    0.716632] Initialise system trusted keyrings
[    0.718006] workingset: timestamp_bits=40 (anon: 35) max_order=20 bucket_order=0 (anon: 0)
[    0.720804] squashfs: version 4.0 (2009/01/31) Phillip Lougher
[    0.722731] NFS: Registering the id_resolver key type
[    0.723956] Key type id_resolver registered
[    0.725020] Key type id_legacy registered
[    0.726038] nfs4filelayout_init: NFSv4 File Layout Driver Registering...
[    0.727712] nfs4flexfilelayout_init: NFSv4 Flexfile Layout Driver Registering...
[    0.729804] fuse: init (API version 7.45)
[    0.731175] 9p: Installing v9fs 9p2000 file system support
[    0.734310] NET: Registered PF_ALG protocol family
[    0.735561] Key type asymmetric registered
[    0.736601] Asymmetric key parser 'x509' registered
[    0.737820] Block layer SCSI generic (bsg) driver version 0.4 loaded (major 248)
[    0.740100] io scheduler mq-deadline registered
[    0.741290] io scheduler kyber registered
[    0.743672] input: Power Button as /devices/platform/LNXPWRBN:00/input/input0
[    0.745701] ACPI: button: Power Button [PWRF]
[    0.881080] ACPI: \_SB_.LNKB: Enabled at IRQ 10
[    1.015870] ACPI: \_SB_.LNKD: Enabled at IRQ 11
[    1.150918] ACPI: \_SB_.LNKA: Enabled at IRQ 10
[    1.300297] kwatchdog (100) used greatest stack depth: 14776 bytes left
[    1.416430] ACPI: \_SB_.LNKC: Enabled at IRQ 11
[    1.681638] Serial: 8250/16550 driver, 4 ports, IRQ sharing enabled
[    1.684246] 00:03: ttyS0 at I/O 0x3f8 (irq = 4, base_baud = 115200) is a 16550A
[    1.840361] Non-volatile memory driver v1.3
[    1.842194] ACPI: bus type drm_connector registered
[    1.861798] brd: module loaded
[    1.873278] loop: module loaded
[    1.878852] scsi host0: ata_piix
[    1.880727] scsi host1: ata_piix
[    1.881780] ata1: PATA max MWDMA2 cmd 0x1f0 ctl 0x3f6 bmdma 0xc1c0 irq 14 lpm-pol 0
[    1.883637] ata2: PATA max MWDMA2 cmd 0x170 ctl 0x376 bmdma 0xc1c8 irq 15 lpm-pol 0
[    1.889386] tun: Universal TUN/TAP device driver, 1.6
[    1.890976] e100: Intel(R) PRO/100 Network Driver
[    1.892145] e100: Copyright(c) 1999-2006 Intel Corporation
[    1.893493] e1000: Intel(R) PRO/1000 Network Driver
[    1.894632] e1000: Copyright (c) 1999-2006 Intel Corporation.
[    1.896014] e1000e: Intel(R) PRO/1000 Network Driver
[    1.897213] e1000e: Copyright(c) 1999 - 2015 Intel Corporation.
[    1.898688] sky2: driver version 1.30
[    1.900693] usbcore: registered new interface driver usblp
[    1.902008] usbcore: registered new interface driver usb-storage
[    1.903570] i8042: PNP: PS/2 Controller [PNP0303:KBD,PNP0f13:MOU] at 0x60,0x64 irq 1,12
[    1.906872] serio: i8042 KBD port at 0x60,0x64 irq 1
[    1.908458] serio: i8042 AUX port at 0x60,0x64 irq 12
[    1.910645] rtc_cmos PNP0B00:00: RTC can wake from S4
[    1.914353] input: AT Translated Set 2 keyboard as /devices/platform/i8042/serio0/input/input1
[    1.917269] rtc_cmos PNP0B00:00: registered as rtc0
[    1.918900] rtc_cmos PNP0B00:00: alarms up to one day, y3k, 242 bytes nvram, hpet irqs
[    1.921103] Registered IR keymap rc-empty
[    1.922687] rc rc0: rc-core loopback device as /devices/virtual/rc/rc0
[    1.925273] rc rc0: lirc_dev: driver rc-loopback registered at minor = 0, raw IR receiver, raw IR transmitter
[    1.929372] input: rc-core loopback device as /devices/virtual/rc/rc0/input2
[    1.931849] intel_powerclamp: CPU does not support MWAIT
[    1.933059] device-mapper: core: CONFIG_IMA_DISABLE_HTABLE is disabled. Duplicate IMA measurements will not be recorded in the IMA log.
[    1.936332] device-mapper: ioctl: 4.50.0-ioctl (2025-04-28) initialised: dm-devel@lists.linux.dev
[    1.939041] hid: raw HID events driver (C) Jiri Kosina
[    1.941880] usbcore: registered new interface driver usbhid
[    1.943214] usbhid: USB HID core driver
[    1.945237] GACT probability NOT on
[    1.946116] Mirror/redirect action on
[    1.948288] nf_conntrack_irc: The irc conntrack helper is scheduled for removal.
[    1.948288] Please contact the netfilter-devel mailing list if you still need this.
[    1.952747] ipip: IPv4 and MPLS over IPv4 tunneling driver
[    1.954705] gre: GRE over IPv4 demultiplexer driver
[    1.955912] ip_gre: GRE over IPv4 tunneling driver
[    1.959390] Initializing XFRM netlink socket
[    1.960416] IPsec XFRM device driver
[    1.961353] NET: Registered PF_INET6 protocol family
[    1.963792] Segment Routing with IPv6
[    1.964662] In-situ OAM (IOAM) with IPv6
[    1.965609] mip6: Mobile IPv6
[    1.966298] sit: IPv6, IPv4 and MPLS over IPv4 tunneling driver
[    1.968896] ip6_gre: GRE over IPv6 tunneling driver
[    1.970707] NET: Registered PF_PACKET protocol family
[    1.972021] RPC: Registered rdma transport module.
[    1.973114] RPC: Registered rdma backchannel transport module.
[    1.974679] 8021q: 802.1Q VLAN Support v1.8
[    1.976138] smc: adding smcd device lo without pnetid
[    1.977492] NET: Registered PF_SMC protocol family
[    1.979134] 9pnet: Installing 9P2000 support
[    1.981823] Key type dns_resolver registered
[    1.983040] NET: Registered PF_VSOCK protocol family
[    1.984270] mpls_gso: MPLS GSO support
[    1.988624] IPI shorthand broadcast: enabled
[    2.033335] sched_clock: Marking stable (2005015865, 27523022)->(2145340370, -112801483)
[    2.037139] registered taskstats version 1
[    2.044250] ata2: found unknown device (class 0)
[    2.046500] ata2.00: ATAPI: QEMU DVD-ROM, 2.5+, max UDMA/100
[    2.050268] scsi 1:0:0:0: CD-ROM            QEMU     QEMU DVD-ROM     2.5+ PQ: 0 ANSI: 5
[    2.053665] Loading compiled-in X.509 certificates
[    2.055897] kworker/u32:1 (118) used greatest stack depth: 14184 bytes left
[    2.057025] Loaded X.509 cert 'Build time autogenerated kernel key: c4531344b9a9c1a4731230d977a262ba29ba5272'
[    2.082914] sr 1:0:0:0: [sr0] scsi3-mmc drive: 4x/4x cd/rw xa/form2 tray
[    2.096234] Demotion targets for Node 0: null
[    2.097742] ima: No TPM chip found, activating TPM-bypass!
[    2.099031] ima: Allocated hash algorithm: sha1
[    2.100269] ima: No architecture policies found
[    2.102198] PM:   Magic number: 10:916:305
[    2.102298] cdrom: Uniform CD-ROM driver Revision: 3.20
[    2.103189] misc vsock: hash matches
[    2.103224] tty tty34: hash matches
[    2.107035] netconsole: network logging started
[    2.108769] cfg80211: Loading compiled-in X.509 certificates for regulatory database
[    2.111701] Loaded X.509 cert 'sforshee: 00b28ddf47aef9cea7'
[    2.113266] Loaded X.509 cert 'wens: 61c038651aabdcf94bd0ac7ff06c7248db18c600'
[    2.115769] faux_driver regulatory: Direct firmware load for regulatory.db failed with error -2
[    2.116596] ALSA device list:
[    2.117885] cfg80211: failed to load regulatory.db
[    2.118629]   No soundcards found.
[    2.119149] sr 1:0:0:0: Attached scsi CD-ROM sr0
[    2.123026] sr 1:0:0:0: Attached scsi generic sg0 type 5
[    2.341991] input: ImExPS/2 Generic Explorer Mouse as /devices/platform/i8042/serio1/input/input4
[    2.344123] md: Skipping autodetection of RAID arrays. (raid=autodetect will force)
[    2.345459] 9p: Bad value for 'source'
[    2.346157] 9pnet: Limiting 'msize' to 512000 as this is the maximum supported by transport virtio
[    2.349646] VFS: Mounted root (9p filesystem) on device 0:24.
[    2.351422] devtmpfs: mounted
[    2.352090] VFS: Pivoted into new rootfs
[    2.357023] Freeing unused kernel image (initmem) memory: 4688K
[    2.357937] Write protecting the kernel read-only data: 45056k
[    2.359945] Freeing unused kernel image (text/rodata gap) memory: 840K
[    2.361342] Freeing unused kernel image (rodata/data gap) memory: 128K
[    2.400575] x86/mm: Checked W+X mappings: passed, no W+X pages found.
[    2.401543] Run /home/prozak/.local/share/vng-venv/lib/python3.12/site-packages/virtme/guest/bin/virtme-ng-init as init process
[    2.403222]   with arguments:
[    2.403713]     /home/prozak/.local/share/vng-venv/lib/python3.12/site-packages/virtme/guest/bin/virtme-ng-init
[    2.405159]   with environment:
[    2.405651]     HOME=/
[    2.406032]     TERM=linux
[    2.406437]     virtme_hostname=virtme-ng
[    2.407082]     nr_open=1048576
[    2.407574]     virtme_link_mods=/home/prozak/sources/heimdall_experiment/uml-harness/.build/bpf-next-x86/.virtme_mods/lib/modules/0.0.0
[    2.409345]     virtme_rw_overlay0=/tmp
[    2.409949]     virtme_console=ttyS0
[    2.410474]     virtme_chdir=home/prozak/sources/heimdall_experiment/uml-harness/.build/selftests-output-qemu
[    2.499212] virtme-ng-init: mount devtmpfs -> /dev: EBUSY: Device or resource busy
[    2.501218] virtme-ng-init: Setting hostname to virtme-ng...
[    2.544081] virtme-ng-init: running systemd-tmpfiles
[    4.013347] systemd-tmpfile (127) used greatest stack depth: 12520 bytes left
[    4.013486] virtme-ng-init: basic initialization done
[    4.032812] virtme-ng-init: error creating file: Permission denied (os error 13)
[    4.125301] ip (133) used greatest stack depth: 11832 bytes left
[    4.255329] virtme-ng-init: Starting systemd-udevd version 255.4-1ubuntu8.17
[    4.257572] virtme-ng-init: triggering udev coldplug
[    7.595374] virtme-ng-init: waiting for udev to settle
[    8.611638] virtme-ng-init: udev is done
[    8.617081] virtme-ng-init: starting script
[    8.948738] bpf_testmod: loading out-of-tree module taints kernel.
[    8.949789] bpf_testmod: module verification failed: signature and/or required key missing - tainting kernel
[    9.822329] smc: removing smcd device lo
[    9.902921] ACPI: PM: Preparing to enter system sleep state S5
[    9.904718] reboot: Power down
make: *** [Makefile:211: restore-tracing_struct_int128] Error 1
