#564/1   tracing_struct/struct_args:OK
#564/2   tracing_struct/struct_many_args:OK
libbpf: prog 'test_int128_arg_fexit': failed to find kernel BTF type ID of 'bpf_testmod_test_int128_arg': -ESRCH
libbpf: prog 'test_int128_arg_fexit': failed to prepare load attributes: -ESRCH
libbpf: prog 'test_int128_arg_fexit': failed to load: -ESRCH
libbpf: failed to load object 'tracing_struct_int128'
libbpf: failed to load BPF skeleton 'tracing_struct_int128': -ESRCH
test_int128_args:FAIL:tracing_struct_int128__open_and_load unexpected error: -3
#564/3   tracing_struct/int128_args:FAIL
#564/4   tracing_struct/union_args:OK
#564     tracing_struct:FAIL

All error logs:
libbpf: prog 'test_int128_arg_fexit': failed to find kernel BTF type ID of 'bpf_testmod_test_int128_arg': -ESRCH
libbpf: prog 'test_int128_arg_fexit': failed to prepare load attributes: -ESRCH
libbpf: prog 'test_int128_arg_fexit': failed to load: -ESRCH
libbpf: failed to load object 'tracing_struct_int128'
libbpf: failed to load BPF skeleton 'tracing_struct_int128': -ESRCH
test_int128_args:FAIL:tracing_struct_int128__open_and_load unexpected error: -3
#564/3   tracing_struct/int128_args:FAIL
#564     tracing_struct:FAIL
Summary: 0/3 PASSED, 0 SKIPPED, 1/1 FAILED
ut-qemu-lane1 rootfstype=9p rootflags=version=9p2000.L,trans=virtio,access=any,msize=524288 raid=noautodetect rw debug init=/home/prozak/.local/share/vng-venv/lib/python3.12/site-packages/virtme/guest/bin/virtme-ng-init
[    0.000000] x86 CPU feature dependency check failure: CPU0 has '18*32+31' enabled but '18*32+26' disabled. Kernel might be fine, but no guarantees.
[    0.000000] BIOS-provided physical RAM map:
[    0.000000] BIOS-e820: [mem 0x0000000000000000-0x000000000009fbff]  System RAM
[    0.000000] BIOS-e820: [mem 0x000000000009fc00-0x000000000009ffff]  device reserved
[    0.000000] BIOS-e820: [gap 0x00000000000a0000-0x00000000000effff]
[    0.000000] BIOS-e820: [mem 0x00000000000f0000-0x00000000000fffff]  device reserved
[    0.000000] BIOS-e820: [mem 0x0000000000100000-0x00000000bffdffff]  System RAM
[    0.000000] BIOS-e820: [mem 0x00000000bffe0000-0x00000000bfffffff]  device reserved
[    0.000000] BIOS-e820: [gap 0x00000000c0000000-0x00000000feffbfff]
[    0.000000] BIOS-e820: [mem 0x00000000feffc000-0x00000000feffffff]  device reserved
[    0.000000] BIOS-e820: [gap 0x00000000ff000000-0x00000000fffbffff]
[    0.000000] BIOS-e820: [mem 0x00000000fffc0000-0x00000000ffffffff]  device reserved
[    0.000000] BIOS-e820: [mem 0x0000000100000000-0x000000013fffffff]  System RAM
[    0.000000] BIOS-e820: [gap 0x0000000140000000-0x000000fcffffffff]
[    0.000000] BIOS-e820: [mem 0x000000fd00000000-0x000000ffffffffff]  device reserved
[    0.000000] printk: legacy bootconsole [earlyser0] enabled
[    0.000000] NX (Execute Disable) protection: active
[    0.000000] APIC: Static calls initialized
[    0.000000] DMI: SMBIOS 3.0.0 present.
[    0.000000] DMI: QEMU Ubuntu 24.04 PC v2 (i440FX + PIIX, arch_caps fix, 1996), BIOS 1.16.3-debian-1.16.3-2 04/01/2014
[    0.000000] DMI: Memory slots populated: 1/1
[    0.000000] Hypervisor detected: KVM
[    0.000000] last_pfn = 0xbffe0 max_arch_pfn = 0x400000000
[    0.000000] kvm-clock: Using msrs 4b564d01 and 4b564d00
[    0.000001] kvm-clock: using sched offset of 311106990 cycles
[    0.001080] clocksource: kvm-clock: mask: 0xffffffffffffffff max_cycles: 0x1cd42e4dffb, max_idle_ns: 881590591483 ns
[    0.004204] tsc: Detected 3400.040 MHz processor
[    0.005573] e820: update [mem 0x00000000-0x00000fff] System RAM ==> device reserved
[    0.007068] e820: remove [mem 0x000a0000-0x000fffff] System RAM
[    0.008201] last_pfn = 0x140000 max_arch_pfn = 0x400000000
[    0.009444] MTRR map: 4 entries (3 fixed + 1 variable; max 19), built from 8 variable MTRRs
[    0.011071] x86/PAT: Configuration [0-7]: WB  WC  UC- UC  WB  WP  UC- WT  
Memory KASLR using RDRAND RDTSC...
[    0.013268] last_pfn = 0xbffe0 max_arch_pfn = 0x400000000
[    0.015638] found SMP MP-table at [mem 0x000f5450-0x000f545f]
[    0.016822] Using GB pages for direct mapping
[    0.018660] ACPI: Early table checksum verification disabled
[    0.019751] ACPI: RSDP 0x00000000000F5240 000014 (v00 BOCHS )
[    0.020934] ACPI: RSDT 0x00000000BFFE1D9D 000034 (v01 BOCHS  BXPC     00000001 BXPC 00000001)
[    0.022605] ACPI: FACP 0x00000000BFFE1C39 000074 (v01 BOCHS  BXPC     00000001 BXPC 00000001)
[    0.024238] ACPI: DSDT 0x00000000BFFE0040 001BF9 (v01 BOCHS  BXPC     00000001 BXPC 00000001)
[    0.025938] ACPI: FACS 0x00000000BFFE0000 000040
[    0.026864] ACPI: APIC 0x00000000BFFE1CAD 000090 (v03 BOCHS  BXPC     00000001 BXPC 00000001)
[    0.028563] ACPI: HPET 0x00000000BFFE1D3D 000038 (v01 BOCHS  BXPC     00000001 BXPC 00000001)
[    0.030221] ACPI: WAET 0x00000000BFFE1D75 000028 (v01 BOCHS  BXPC     00000001 BXPC 00000001)
[    0.031903] ACPI: Reserving FACP table memory at [mem 0xbffe1c39-0xbffe1cac]
[    0.033347] ACPI: Reserving DSDT table memory at [mem 0xbffe0040-0xbffe1c38]
[    0.034716] ACPI: Reserving FACS table memory at [mem 0xbffe0000-0xbffe003f]
[    0.036644] ACPI: Reserving APIC table memory at [mem 0xbffe1cad-0xbffe1d3c]
[    0.037996] ACPI: Reserving HPET table memory at [mem 0xbffe1d3d-0xbffe1d74]
[    0.039367] ACPI: Reserving WAET table memory at [mem 0xbffe1d75-0xbffe1d9c]
[    0.041279] No NUMA configuration found
[    0.042016] Faking a node at [mem 0x0000000000000000-0x000000013fffffff]
[    0.043340] NODE_DATA(0) allocated [mem 0x13fff9c80-0x13fffdfff]
[    0.045428] ACPI: PM-Timer IO Port: 0x608
[    0.046214] ACPI: LAPIC_NMI (acpi_id[0xff] dfl dfl lint[0x1])
[    0.047435] IOAPIC[0]: apic_id 0, version 17, address 0xfec00000, GSI 0-23
[    0.048840] ACPI: INT_SRC_OVR (bus 0 bus_irq 0 global_irq 2 dfl dfl)
[    0.050060] ACPI: INT_SRC_OVR (bus 0 bus_irq 5 global_irq 5 high level)
[    0.051348] ACPI: INT_SRC_OVR (bus 0 bus_irq 9 global_irq 9 high level)
[    0.052688] ACPI: INT_SRC_OVR (bus 0 bus_irq 10 global_irq 10 high level)
[    0.054006] ACPI: INT_SRC_OVR (bus 0 bus_irq 11 global_irq 11 high level)
[    0.055326] ACPI: Using ACPI (MADT) for SMP configuration information
[    0.056627] ACPI: HPET id: 0x8086a201 base: 0xfed00000
[    0.057645] TSC deadline timer available
[    0.058431] CPU topo: Max. logical packages:   1
[    0.059313] CPU topo: Max. logical nodes:      1
[    0.060194] CPU topo: Num. nodes per package:  1
[    0.061132] CPU topo: Max. logical dies:       1
[    0.062012] CPU topo: Max. dies per package:   1
[    0.062931] CPU topo: Max. threads per core:   1
[    0.063815] CPU topo: Num. cores per package:     4
[    0.064818] CPU topo: Num. threads per package:   4
[    0.065753] CPU topo: Allowing 4 present CPUs plus 0 hotplug CPUs
[    0.066964] kvm-guest: APIC: eoi() replaced with kvm_guest_apic_eoi_write()
[    0.068351] kvm-guest: KVM setup pv remote TLB flush
[    0.069384] kvm-guest: setup PV sched yield
[    0.070191] PM: hibernation: Registered nosave memory: [mem 0x00000000-0x00000fff]
[    0.071660] PM: hibernation: Registered nosave memory: [mem 0x0009f000-0x000fffff]
[    0.073199] PM: hibernation: Registered nosave memory: [mem 0xbffe0000-0xffffffff]
[    0.074672] [gap 0xc0000000-0xfeffbfff] available for PCI devices
[    0.075842] Booting paravirtualized kernel on KVM
[    0.076840] clocksource: refined-jiffies: mask: 0xffffffff max_cycles: 0xffffffff, max_idle_ns: 1910969940391419 ns
[    0.083810] Zone ranges:
[    0.084311]   DMA      [mem 0x0000000000001000-0x0000000000ffffff]
[    0.085560]   DMA32    [mem 0x0000000001000000-0x00000000ffffffff]
[    0.086787]   Normal   [mem 0x0000000100000000-0x000000013fffffff]
[    0.088001] Movable zone start for each node
[    0.088887] Early memory node ranges
[    0.089573]   node   0: [mem 0x0000000000001000-0x000000000009efff]
[    0.090796]   node   0: [mem 0x0000000000100000-0x00000000bffdffff]
[    0.092018]   node   0: [mem 0x0000000100000000-0x000000013fffffff]
[    0.093305] Initmem setup node 0 [mem 0x0000000000001000-0x000000013fffffff]
[    0.095536] On node 0, zone DMA: 1 pages in unavailable ranges
[    0.096760] On node 0, zone DMA: 97 pages in unavailable ranges
[    0.126531] On node 0, zone Normal: 32 pages in unavailable ranges
[    0.127794] setup_percpu: NR_CPUS:128 nr_cpumask_bits:4 nr_cpu_ids:4 nr_node_ids:1
[    0.130286] percpu: Embedded 58 pages/cpu s200144 r8192 d29232 u524288
[    0.131574] pcpu-alloc: s200144 r8192 d29232 u524288 alloc=1*2097152
[    0.132876] pcpu-alloc: [0] 0 1 2 3 
[    0.133632] Kernel command line: virtme_hostname=virtme-ng nr_open=1048576 virtme_link_mods=/home/prozak/sources/heimdall_experiment/uml-harness/.build/bpf-next-x86/.virtme_mods/lib/modules/0.0.0 virtme_rw_overlay0=/tmp virtme_console=ttyS0 console=ttyS0 earlyprintk=serial,ttyS0,115200 panic=-1 virtme.exec=`bW91bnQgLXQgYnBmIGJwZmZzIC9zeXMvZnMvYnBmIDI+L2Rldi9udWxsOyAuL3Rlc3RfcHJvZ3MgLXQgJ3RyYWNpbmdfc3RydWN0Jw==` virtme_chdir=home/prozak/sources/heimdall_experiment/uml-harness/.build/selftests-output-qemu-lane1 rootfstype=9p rootflags=version=9p2000.L,trans=virtio,access=any,msize=524288 raid=noautodetect rw debug init=/home/prozak/.local/share/vng-venv/lib/python3.12/site-packages/virtme/guest/bin/virtme-ng-init
[    0.146305] Unknown kernel command line parameters "virtme_hostname=virtme-ng nr_open=1048576 virtme_link_mods=/home/prozak/sources/heimdall_experiment/uml-harness/.build/bpf-next-x86/.virtme_mods/lib/modules/0.0.0 virtme_rw_overlay0=/tmp virtme_console=ttyS0 virtme_chdir=home/prozak/sources/heimdall_experiment/uml-harness/.build/selftests-output-qemu-lane1", will be passed to user space.
[    0.153248] random: crng init done
[    0.153909] printk: log buffer data + meta data: 2097152 + 7340032 = 9437184 bytes
[    0.157293] Dentry cache hash table entries: 524288 (order: 10, 4194304 bytes, linear)
[    0.159806] Inode-cache hash table entries: 262144 (order: 9, 2097152 bytes, linear)
[    0.161460] software IO TLB: area num 4.
[    0.195505] Fallback order for Node 0: 0 
[    0.195511] Built 1 zonelists, mobility grouping on.  Total pages: 1048446
[    0.197749] Policy zone: Normal
[    0.198359] mem auto-init: stack:all(zero), heap alloc:off, heap free:off
[    0.205204] SLUB: HWalign=64, Order=0-3, MinObjects=0, CPUs=4, Nodes=1
Poking KASLR using RDRAND RDTSC...
[    0.219522] ftrace: allocating 70083 entries in 276 pages
[    0.220669] ftrace: allocated 276 pages with 3 groups
[    0.221741] Dynamic Preempt: full
[    0.223309] Running RCU self tests
[    0.224002] Running RCU synchronous self tests
[    0.224935] rcu: Preemptible hierarchical RCU implementation.
[    0.226047] rcu: 	RCU event tracing is enabled.
[    0.226940] rcu: 	RCU lockdep checking is enabled.
[    0.227861] rcu: 	RCU restricting CPUs from NR_CPUS=128 to nr_cpu_ids=4.
[    0.229224] 	Trampoline variant of Tasks RCU enabled.
[    0.230214] 	Rude variant of Tasks RCU enabled.
[    0.231110] 	Tracing variant of Tasks RCU enabled.
[    0.232031] rcu: RCU calculated value of scheduler-enlistment delay is 100 jiffies.
[    0.233589] rcu: Adjusting geometry for rcu_fanout_leaf=16, nr_cpu_ids=4
[    0.235908] Running RCU synchronous self tests
[    0.237524] RCU Tasks: Setting shift to 2 and lim to 1 rcu_task_cb_adjust=1 rcu_task_cpu_ids=4.
[    0.239416] RCU Tasks Rude: Setting shift to 2 and lim to 1 rcu_task_cb_adjust=1 rcu_task_cpu_ids=4.
[    0.250166] NR_IRQS: 8448, nr_irqs: 456, preallocated irqs: 16
[    0.251611] rcu: srcu_init: Setting srcu_struct sizes based on contention.
[    0.253025] clocksource: jiffies: mask: 0xffffffff max_cycles: 0xffffffff, max_idle_ns: 1911260446275000 ns
[    0.255190] Console: colour *CGA 80x25
[    0.255987] printk: legacy console [ttyS0] enabled
[    0.255987] printk: legacy console [ttyS0] enabled
[    0.257959] printk: legacy bootconsole [earlyser0] disabled
[    0.257959] printk: legacy bootconsole [earlyser0] disabled
[    0.260189] Lock dependency validator: Copyright (c) 2006 Red Hat, Inc., Ingo Molnar
[    0.261838] ... MAX_LOCKDEP_SUBCLASSES:  8
[    0.262673] ... MAX_LOCK_DEPTH:          48
[    0.263528] ... MAX_LOCKDEP_KEYS:        8192
[    0.264414] ... CLASSHASH_SIZE:          4096
[    0.265341] ... MAX_LOCKDEP_ENTRIES:     32768
[    0.266226] ... MAX_LOCKDEP_CHAINS:      65536
[    0.267169] ... CHAINHASH_SIZE:          32768
[    0.268056]  memory used by lock dependency info: 6429 kB
[    0.269224]  memory used for stack traces: 4224 kB
[    0.270178]  per task-struct memory footprint: 1920 bytes
[    0.271314] ACPI: Core revision 20260408
[    0.272318] clocksource: hpet: mask: 0xffffffff max_cycles: 0xffffffff, max_idle_ns: 19112604467 ns
[    0.274455] APIC: Switch to symmetric I/O mode setup
[    0.276041] x2apic enabled
[    0.277489] APIC: Switched APIC routing to: physical x2apic
[    0.278663] kvm-guest: APIC: send_IPI_mask() replaced with kvm_send_ipi_mask()
[    0.280537] kvm-guest: APIC: send_IPI_mask_allbutself() replaced with kvm_send_ipi_mask_allbutself()
[    0.282566] kvm-guest: setup PV IPIs
[    0.285613] ..TIMER: vector=0x30 apic1=0 pin1=2 apic2=-1 pin2=-1
[    0.286944] clocksource: tsc-early: mask: 0xffffffffffffffff max_cycles: 0x310274de655, max_idle_ns: 440795359465 ns
[    0.289234] Calibrating delay loop (skipped) preset value.. 6800.08 BogoMIPS (lpj=3400040)
[    0.291371] x86/cpu: User Mode Instruction Prevention (UMIP) activated
[    0.293389] Last level iTLB entries: 4KB 512, 2MB 255, 4MB 127
[    0.294231] Last level dTLB entries: 4KB 512, 2MB 255, 4MB 127, 1GB 0
[    0.295239] mitigations: Enabled attack vectors: user_kernel, user_user, SMT mitigations: auto
[    0.296231] Speculative Store Bypass: Mitigation: Speculative Store Bypass disabled via prctl
[    0.297231] Speculative Return Stack Overflow: IBPB-extending microcode not applied!
[    0.298230] Speculative Return Stack Overflow: WARNING: See https://kernel.org/doc/html/latest/admin-guide/hw-vuln/srso.html for mitigation options.
[    0.298232] Transient Scheduler Attacks: Vulnerable: No microcode
[    0.300232] Spectre V2 : Mitigation: Retpolines
[    0.301231] Speculative Return Stack Overflow: Vulnerable: Safe RET, no microcode
[    0.302231] Spectre V1 : Mitigation: usercopy/swapgs barriers and __user pointer sanitization
[    0.303231] Spectre V2 : Spectre v2 / SpectreRSB: Filling RSB on context switch and VMEXIT
[    0.304231] Spectre V2 : Enabling Restricted Speculation for firmware calls
[    0.305233] Spectre V2 : mitigation: Enabling conditional Indirect Branch Prediction Barrier
[    0.306231] active return thunk: srso_alias_return_thunk
[    0.307287] x86/fpu: Supporting XSAVE feature 0x001: 'x87 floating point registers'
[    0.308231] x86/fpu: Supporting XSAVE feature 0x002: 'SSE registers'
[    0.309230] x86/fpu: Supporting XSAVE feature 0x004: 'AVX registers'
[    0.310231] x86/fpu: xstate_offset[2]:  576, xstate_sizes[2]:  256
[    0.311231] x86/fpu: Enabled xstate features 0x7, context size is 832 bytes, using 'compacted' format.
[    0.350057] pid_max: default: 32768 minimum: 301
[    0.351403] SELinux:  Initializing.
[    0.353608] LSM support for eBPF active
[    0.354359] Mount-cache hash table entries: 8192 (order: 4, 65536 bytes, linear)
[    0.355235] Mountpoint-cache hash table entries: 8192 (order: 4, 65536 bytes, linear)
[    0.356856] VFS: Finished mounting rootfs on nullfs
[    0.359333] Running RCU synchronous self tests
[    0.360233] Running RCU synchronous self tests
[    0.361562] smpboot: CPU0: AMD Ryzen 9 5950X 16-Core Processor (family: 0x19, model: 0x21, stepping: 0x2)
[    0.362926] Performance Events: Fam17h+ core perfctr, AMD PMU driver.
[    0.363251] ... version:                   0
[    0.364226] ... bit width:                 48
[    0.364239] ... generic counters:          6
[    0.365238] ... generic bitmap:            000000000000003f
[    0.366238] ... fixed-purpose counters:    0
[    0.367237] ... fixed-purpose bitmap:      0000000000000000
[    0.368238] ... value mask:                0000ffffffffffff
[    0.369238] ... max period:                00007fffffffffff
[    0.370236] ... global_ctrl mask:          000000000000003f
[    0.371547] signal: max sigframe size: 1776
[    0.372353] rcu: Hierarchical SRCU implementation.
[    0.373237] rcu: 	Max phase no-delay instances is 400.
[    0.374400] Timer migration: 1 hierarchy levels; 8 children per group; 1 crossnode level
[    0.387681] smp: Bringing up secondary CPUs ...
[    0.388808] smpboot: x86: Booting SMP configuration:
[    0.389262] .... node  #0, CPUs:      #1 #2 #3
[    0.397488] smp: Brought up 1 node, 4 CPUs
[    0.399216] smpboot: Total of 4 processors activated (27200.32 BogoMIPS)
[    0.400687] Memory: 3966620K/4193784K available (25781K kernel code, 10327K rwdata, 18304K rodata, 4688K init, 13400K bss, 220948K reserved, 0K cma-reserved)
[    0.403399] devtmpfs: initialized
[    0.406661] Running RCU synchronous self tests
[    0.407329] Running RCU synchronous self tests
[    0.408291] Running RCU Tasks wait API self tests
[    0.409297] Running RCU Tasks Rude wait API self tests
[    0.410239] Running RCU Tasks Trace wait API self tests
[    0.411368] posixtimers hash table entries: 2048 (order: 6, 147456 bytes, linear)
[    0.412330] futex hash table entries: 1024 (131072 bytes on 1 NUMA nodes, total 128 KiB, linear).
[    0.414020] PM: RTC time: 18:32:53, date: 2026-09-05
[    0.415613] NET: Registered PF_NETLINK/PF_ROUTE protocol family
[    0.416273] Callback from call_rcu_tasks_trace() invoked.
[    0.418220] audit: initializing netlink subsys (disabled)
[    0.418286] audit: type=2000 audit(1788633174.116:1): state=initialized audit_enabled=0 res=1
[    0.433639] thermal_sys: Registered thermal governor 'step_wise'
[    0.433719] cpuidle: using governor ladder
[    0.435286] cpuidle: using governor menu
[    0.438606] PCI: Using configuration type 1 for base access
[    0.439238] PCI: Using configuration type 1 for extended access
[    0.440380] kprobes: kprobe jump-optimization is enabled. All kprobes are optimized if possible.
[    0.441418] HugeTLB: registered 1.00 GiB page size, pre-allocated 0 pages
[    0.443241] HugeTLB: 16380 KiB vmemmap can be freed for a 1.00 GiB page
[    0.445240] HugeTLB: registered 2.00 MiB page size, pre-allocated 0 pages
[    0.446238] HugeTLB: 28 KiB vmemmap can be freed for a 2.00 MiB page
[    0.452458] ACPI: Added _OSI(Module Device)
[    0.453253] ACPI: Added _OSI(Processor Device)
[    0.454240] ACPI: Added _OSI(Processor Aggregator Device)
[    0.459694] ACPI: 1 ACPI AML tables successfully acquired and loaded
[    0.464302] ACPI: \_SB_: platform _OSC: OS support mask [002a7eee]
[    0.465964] ACPI: Interpreter enabled
[    0.467309] ACPI: PM: (supports S0 S3 S4 S5)
[    0.468250] ACPI: Using IOAPIC for interrupt routing
[    0.469292] PCI: Using host bridge windows from ACPI; if necessary, use "pci=nocrs" and report a bug
[    0.471240] PCI: Using E820 reservations for host bridge windows
[    0.473660] ACPI: Enabled 2 GPEs in block 00 to 0F
[    0.486869] ACPI: PCI Root Bridge [PCI0] (domain 0000 [bus 00-ff])
[    0.489053] PCI host bridge to bus 0000:00
[    0.490250] pci_bus 0000:00: root bus resource [io  0x0000-0x0cf7 window]
[    0.491239] pci_bus 0000:00: root bus resource [io  0x0d00-0xffff window]
[    0.493240] pci_bus 0000:00: root bus resource [mem 0x000a0000-0x000bffff window]
[    0.494240] pci_bus 0000:00: root bus resource [mem 0xc0000000-0xfebfffff window]
[    0.496240] pci_bus 0000:00: root bus resource [mem 0x380000000000-0x38007fffffff window]
[    0.498240] pci_bus 0000:00: root bus resource [bus 00-ff]
[    0.499719] pci 0000:00:00.0: [8086:1237] type 00 class 0x060000 conventional PCI endpoint
[    0.503884] pci 0000:00:01.0: [8086:7000] type 00 class 0x060100 conventional PCI endpoint
[    0.506663] pci 0000:00:01.1: [8086:7010] type 00 class 0x010180 conventional PCI endpoint
[    0.510321] pci 0000:00:01.1: BAR 4 [io  0xc1c0-0xc1cf]
[    0.511321] pci 0000:00:01.1: BAR 0 [io  0x01f0-0x01f7]: legacy IDE quirk
[    0.513432] pci 0000:00:01.1: BAR 1 [io  0x03f6]: legacy IDE quirk
[    0.514238] pci 0000:00:01.1: BAR 2 [io  0x0170-0x0177]: legacy IDE quirk
[    0.516239] pci 0000:00:01.1: BAR 3 [io  0x0376]: legacy IDE quirk
[    0.518036] pci 0000:00:01.3: [8086:7113] type 00 class 0x068000 conventional PCI endpoint
[    0.521002] pci 0000:00:01.3: quirk: [io  0x0600-0x063f] claimed by PIIX4 ACPI
[    0.522258] pci 0000:00:01.3: quirk: [io  0x0700-0x070f] claimed by PIIX4 SMB
[    0.525257] pci 0000:00:02.0: [1af4:1009] type 00 class 0x000200 conventional PCI endpoint
[    0.529255] pci 0000:00:02.0: BAR 0 [io  0xc000-0xc03f]
[    0.530258] pci 0000:00:02.0: BAR 1 [mem 0xfebf8000-0xfebf8fff]
[    0.532304] pci 0000:00:02.0: BAR 4 [mem 0x380000000000-0x380000003fff 64bit pref]
[    0.536566] pci 0000:00:03.0: [8086:25ab] type 00 class 0x088000 conventional PCI endpoint
[    0.540257] pci 0000:00:03.0: BAR 0 [mem 0xfebf9000-0xfebf900f]
[    0.543978] pci 0000:00:04.0: [1af4:1003] type 00 class 0x078000 conventional PCI endpoint
[    0.548259] pci 0000:00:04.0: BAR 0 [io  0xc040-0xc07f]
[    0.549310] pci 0000:00:04.0: BAR 1 [mem 0xfebfa000-0xfebfafff]
[    0.551305] pci 0000:00:04.0: BAR 4 [mem 0x380000004000-0x380000007fff 64bit pref]
[    0.555706] pci 0000:00:05.0: [1af4:1003] type 00 class 0x078000 conventional PCI endpoint
[    0.559257] pci 0000:00:05.0: BAR 0 [io  0xc080-0xc0bf]
[    0.560256] pci 0000:00:05.0: BAR 1 [mem 0xfebfb000-0xfebfbfff]
[    0.562305] pci 0000:00:05.0: BAR 4 [mem 0x380000008000-0x38000000bfff 64bit pref]
[    0.566985] pci 0000:00:06.0: [1af4:1003] type 00 class 0x078000 conventional PCI endpoint
[    0.570257] pci 0000:00:06.0: BAR 0 [io  0xc0c0-0xc0ff]
[    0.571254] pci 0000:00:06.0: BAR 1 [mem 0xfebfc000-0xfebfcfff]
[    0.573305] pci 0000:00:06.0: BAR 4 [mem 0x38000000c000-0x38000000ffff 64bit pref]
[    0.577816] pci 0000:00:07.0: [1af4:1003] type 00 class 0x078000 conventional PCI endpoint
[    0.581257] pci 0000:00:07.0: BAR 0 [io  0xc100-0xc13f]
[    0.582259] pci 0000:00:07.0: BAR 1 [mem 0xfebfd000-0xfebfdfff]
[    0.584309] pci 0000:00:07.0: BAR 4 [mem 0x380000010000-0x380000013fff 64bit pref]
[    0.589074] pci 0000:00:08.0: [1af4:1003] type 00 class 0x078000 conventional PCI endpoint
[    0.592256] pci 0000:00:08.0: BAR 0 [io  0xc140-0xc17f]
[    0.593257] pci 0000:00:08.0: BAR 1 [mem 0xfebfe000-0xfebfefff]
[    0.595341] pci 0000:00:08.0: BAR 4 [mem 0x380000014000-0x380000017fff 64bit pref]
[    0.600746] pci 0000:00:09.0: [1af4:1003] type 00 class 0x078000 conventional PCI endpoint
[    0.603257] pci 0000:00:09.0: BAR 0 [io  0xc180-0xc1bf]
[    0.604257] pci 0000:00:09.0: BAR 1 [mem 0xfebff000-0xfebfffff]
[    0.606331] pci 0000:00:09.0: BAR 4 [mem 0x380000018000-0x38000001bfff 64bit pref]
[    0.617256] ACPI: PCI: Interrupt link LNKA configured for IRQ 10
[    0.618530] ACPI: PCI: Interrupt link LNKB configured for IRQ 10
[    0.620509] ACPI: PCI: Interrupt link LNKC configured for IRQ 11
[    0.621561] ACPI: PCI: Interrupt link LNKD configured for IRQ 11
[    0.623377] ACPI: PCI: Interrupt link LNKS configured for IRQ 9
[    0.626273] iommu: Default domain type: Translated
[    0.627241] iommu: DMA domain TLB invalidation policy: lazy mode
[    0.629743] SCSI subsystem initialized
[    0.630314] libata version 3.00 loaded.
[    0.631378] ACPI: bus type USB registered
[    0.632364] usbcore: registered new interface driver usbfs
[    0.634342] usbcore: registered new interface driver hub
[    0.635281] usbcore: registered new device driver usb
[    0.636379] pps_core: LinuxPPS API ver. 1 registered
[    0.638240] pps_core: Software ver. 5.3.6 - Copyright 2005-2007 Rodolfo Giometti <giometti@linux.it>
[    0.640254] PTP clock support registered
[    0.641749] Advanced Linux Sound Architecture Driver Initialized.
[    0.644406] NetLabel: Initializing
[    0.645238] NetLabel:  domain hash size = 128
[    0.646238] NetLabel:  protocols = UNLABELED CIPSOv4 CALIPSO
[    0.647291] NetLabel:  unlabeled traffic allowed by default
[    0.649470] PCI: Using ACPI for IRQ routing
[    0.650241] PCI: pci_cache_line_size set to 64 bytes
[    0.651651] e820: register RAM buffer resource [mem 0x0009fc00-0x0009ffff]
[    0.653280] e820: register RAM buffer resource [mem 0xbffe0000-0xbfffffff]
[    0.655366] vgaarb: loaded
[    0.656271] hpet0: at MMIO 0xfed00000, IRQs 2, 8, 0
[    0.657239] hpet0: 3 comparators, 64-bit 100.000000 MHz counter
[    0.662237] clocksource: Switched to clocksource kvm-clock
[    0.664751] VFS: Disk quotas dquot_6.6.0
[    0.665764] VFS: Dquot-cache hash table entries: 512 (4096 bytes)
[    0.668767] pnp: PnP ACPI init
[    0.670027] pnp 00:02: [dma 2]
[    0.671677] pnp: PnP ACPI: found 4 devices
[    0.690067] clocksource: acpi_pm: mask: 0xffffff max_cycles: 0xffffff, max_idle_ns: 2085701024 ns
[    0.692354] NET: Registered PF_INET protocol family
[    0.693640] IP idents hash table entries: 65536 (order: 7, 524288 bytes, linear)
[    0.697364] tcp_listen_portaddr_hash hash table entries: 2048 (order: 6, 147456 bytes, linear)
[    0.699416] Table-perturb hash table entries: 65536 (order: 6, 262144 bytes, linear)
[    0.701276] TCP established hash table entries: 32768 (order: 6, 262144 bytes, linear)
[    0.703160] TCP bind hash table entries: 32768 (order: 11, 4718592 bytes, vmalloc hugepage)
[    0.709611] TCP: Hash tables configured (established 32768 bind 32768)
[    0.711342] MPTCP token hash table entries: 4096 (order: 7, 360448 bytes, linear)
[    0.713289] UDP hash table entries: 2048 (order: 7, 524288 bytes, linear)
[    0.715978] NET: Registered PF_UNIX/PF_LOCAL protocol family
[    0.718067] RPC: Registered named UNIX socket transport module.
[    0.719524] RPC: Registered udp transport module.
[    0.720775] RPC: Registered tcp transport module.
[    0.721945] RPC: Registered tcp-with-tls transport module.
[    0.722036] Callback from call_rcu_tasks() invoked.
[    0.723324] RPC: Registered tcp NFSv4.1 backchannel transport module.
[    0.726846] NET: Registered PF_XDP protocol family
[    0.728039] pci_bus 0000:00: resource 4 [io  0x0000-0x0cf7 window]
[    0.729507] pci_bus 0000:00: resource 5 [io  0x0d00-0xffff window]
[    0.730967] pci_bus 0000:00: resource 6 [mem 0x000a0000-0x000bffff window]
[    0.732641] pci_bus 0000:00: resource 7 [mem 0xc0000000-0xfebfffff window]
[    0.734252] pci_bus 0000:00: resource 8 [mem 0x380000000000-0x38007fffffff window]
[    0.736189] pci 0000:00:01.0: PIIX3: Enabling Passive Release
[    0.737600] pci 0000:00:00.0: Limiting direct PCI/PCI transfers
[    0.739259] PCI: CLS 0 bytes, default 64
[    0.740408] PCI-DMA: Using software bounce buffering for IO (SWIOTLB)
[    0.741957] software IO TLB: mapped [mem 0x00000000bbfe0000-0x00000000bffe0000] (64MB)
[    0.744313] clocksource: tsc: mask: 0xffffffffffffffff max_cycles: 0x310274de655, max_idle_ns: 440795359465 ns
[    0.751593] Initialise system trusted keyrings
[    0.753033] workingset: timestamp_bits=40 (anon: 35) max_order=20 bucket_order=0 (anon: 0)
[    0.755690] squashfs: version 4.0 (2009/01/31) Phillip Lougher
[    0.757650] NFS: Registering the id_resolver key type
[    0.758851] Key type id_resolver registered
[    0.759891] Key type id_legacy registered
[    0.760907] nfs4filelayout_init: NFSv4 File Layout Driver Registering...
[    0.762529] nfs4flexfilelayout_init: NFSv4 Flexfile Layout Driver Registering...
[    0.764490] fuse: init (API version 7.45)
[    0.765718] 9p: Installing v9fs 9p2000 file system support
[    0.768389] NET: Registered PF_ALG protocol family
[    0.769564] Key type asymmetric registered
[    0.770543] Asymmetric key parser 'x509' registered
[    0.771775] Block layer SCSI generic (bsg) driver version 0.4 loaded (major 248)
[    0.773984] io scheduler mq-deadline registered
[    0.775061] io scheduler kyber registered
[    0.777082] input: Power Button as /devices/platform/LNXPWRBN:00/input/input0
[    0.779130] ACPI: button: Power Button [PWRF]
[    0.914669] ACPI: \_SB_.LNKB: Enabled at IRQ 10
[    1.049902] ACPI: \_SB_.LNKD: Enabled at IRQ 11
[    1.186127] ACPI: \_SB_.LNKA: Enabled at IRQ 10
[    1.296838] kwatchdog (73) used greatest stack depth: 14776 bytes left
[    1.455586] ACPI: \_SB_.LNKC: Enabled at IRQ 11
[    1.725576] Serial: 8250/16550 driver, 4 ports, IRQ sharing enabled
[    1.728259] 00:03: ttyS0 at I/O 0x3f8 (irq = 4, base_baud = 115200) is a 16550A
[    1.887762] Non-volatile memory driver v1.3
[    1.889665] ACPI: bus type drm_connector registered
[    1.907933] brd: module loaded
[    1.920157] loop: module loaded
[    1.925082] scsi host0: ata_piix
[    1.926741] scsi host1: ata_piix
[    1.927796] ata1: PATA max MWDMA2 cmd 0x1f0 ctl 0x3f6 bmdma 0xc1c0 irq 14 lpm-pol 0
[    1.929674] ata2: PATA max MWDMA2 cmd 0x170 ctl 0x376 bmdma 0xc1c8 irq 15 lpm-pol 0
[    1.935513] tun: Universal TUN/TAP device driver, 1.6
[    1.937317] e100: Intel(R) PRO/100 Network Driver
[    1.938429] e100: Copyright(c) 1999-2006 Intel Corporation
[    1.939821] e1000: Intel(R) PRO/1000 Network Driver
[    1.941091] e1000: Copyright (c) 1999-2006 Intel Corporation.
[    1.942528] e1000e: Intel(R) PRO/1000 Network Driver
[    1.943730] e1000e: Copyright(c) 1999 - 2015 Intel Corporation.
[    1.945303] sky2: driver version 1.30
[    1.947303] usbcore: registered new interface driver usblp
[    1.948831] usbcore: registered new interface driver usb-storage
[    1.950384] i8042: PNP: PS/2 Controller [PNP0303:KBD,PNP0f13:MOU] at 0x60,0x64 irq 1,12
[    1.953894] serio: i8042 KBD port at 0x60,0x64 irq 1
[    1.955593] serio: i8042 AUX port at 0x60,0x64 irq 12
[    1.957723] rtc_cmos PNP0B00:00: RTC can wake from S4
[    1.960280] input: AT Translated Set 2 keyboard as /devices/platform/i8042/serio0/input/input1
[    1.964760] rtc_cmos PNP0B00:00: registered as rtc0
[    1.966709] rtc_cmos PNP0B00:00: alarms up to one day, y3k, 242 bytes nvram, hpet irqs
[    1.969282] Registered IR keymap rc-empty
[    1.970638] rc rc0: rc-core loopback device as /devices/virtual/rc/rc0
[    1.972881] rc rc0: lirc_dev: driver rc-loopback registered at minor = 0, raw IR receiver, raw IR transmitter
[    1.975768] input: rc-core loopback device as /devices/virtual/rc/rc0/input4
[    1.978835] intel_powerclamp: CPU does not support MWAIT
[    1.980309] device-mapper: core: CONFIG_IMA_DISABLE_HTABLE is disabled. Duplicate IMA measurements will not be recorded in the IMA log.
[    1.983658] device-mapper: ioctl: 4.50.0-ioctl (2025-04-28) initialised: dm-devel@lists.linux.dev
[    1.986864] hid: raw HID events driver (C) Jiri Kosina
[    1.990546] usbcore: registered new interface driver usbhid
[    1.991908] usbhid: USB HID core driver
[    1.994037] GACT probability NOT on
[    1.994970] Mirror/redirect action on
[    1.996336] nf_conntrack_irc: The irc conntrack helper is scheduled for removal.
[    1.996336] Please contact the netfilter-devel mailing list if you still need this.
[    2.001639] ipip: IPv4 and MPLS over IPv4 tunneling driver
[    2.003610] gre: GRE over IPv4 demultiplexer driver
[    2.004932] ip_gre: GRE over IPv4 tunneling driver
[    2.008466] Initializing XFRM netlink socket
[    2.009540] IPsec XFRM device driver
[    2.010494] NET: Registered PF_INET6 protocol family
[    2.013008] Segment Routing with IPv6
[    2.013949] In-situ OAM (IOAM) with IPv6
[    2.014929] mip6: Mobile IPv6
[    2.015692] sit: IPv6, IPv4 and MPLS over IPv4 tunneling driver
[    2.018449] ip6_gre: GRE over IPv6 tunneling driver
[    2.020357] NET: Registered PF_PACKET protocol family
[    2.021631] RPC: Registered rdma transport module.
[    2.022846] RPC: Registered rdma backchannel transport module.
[    2.024557] 8021q: 802.1Q VLAN Support v1.8
[    2.026014] smc: adding smcd device lo without pnetid
[    2.027412] NET: Registered PF_SMC protocol family
[    2.028952] 9pnet: Installing 9P2000 support
[    2.031641] Key type dns_resolver registered
[    2.032942] NET: Registered PF_VSOCK protocol family
[    2.034251] mpls_gso: MPLS GSO support
[    2.037063] IPI shorthand broadcast: enabled
[    2.083685] sched_clock: Marking stable (2056014964, 27204448)->(2139604878, -56385466)
[    2.086712] registered taskstats version 1
[    2.089070] ata2: found unknown device (class 0)
[    2.091335] ata2.00: ATAPI: QEMU DVD-ROM, 2.5+, max UDMA/100
[    2.095161] scsi 1:0:0:0: CD-ROM            QEMU     QEMU DVD-ROM     2.5+ PQ: 0 ANSI: 5
[    2.107118] Loading compiled-in X.509 certificates
[    2.108935] kworker/u16:1 (91) used greatest stack depth: 14184 bytes left
[    2.111449] Loaded X.509 cert 'Build time autogenerated kernel key: c4531344b9a9c1a4731230d977a262ba29ba5272'
[    2.121527] sr 1:0:0:0: [sr0] scsi3-mmc drive: 4x/4x cd/rw xa/form2 tray
[    2.145021] cdrom: Uniform CD-ROM driver Revision: 3.20
[    2.151527] Demotion targets for Node 0: null
[    2.153488] ima: No TPM chip found, activating TPM-bypass!
[    2.154961] ima: Allocated hash algorithm: sha1
[    2.155953] sr 1:0:0:0: Attached scsi CD-ROM sr0
[    2.157483] ima: No architecture policies found
[    2.158492] sr 1:0:0:0: Attached scsi generic sg0 type 5
[    2.159572] PM:   Magic number: 10:780:543
[    2.161128] netconsole: network logging started
[    2.162883] cfg80211: Loading compiled-in X.509 certificates for regulatory database
[    2.165682] Loaded X.509 cert 'sforshee: 00b28ddf47aef9cea7'
[    2.167191] Loaded X.509 cert 'wens: 61c038651aabdcf94bd0ac7ff06c7248db18c600'
[    2.169164] faux_driver regulatory: Direct firmware load for regulatory.db failed with error -2
[    2.171290] cfg80211: failed to load regulatory.db
[    2.172604] ALSA device list:
[    2.173423]   No soundcards found.
[    2.403319] input: ImExPS/2 Generic Explorer Mouse as /devices/platform/i8042/serio1/input/input3
[    2.405408] md: Skipping autodetection of RAID arrays. (raid=autodetect will force)
[    2.406734] 9p: Bad value for 'source'
[    2.407426] 9pnet: Limiting 'msize' to 512000 as this is the maximum supported by transport virtio
[    2.410893] VFS: Mounted root (9p filesystem) on device 0:24.
[    2.412804] devtmpfs: mounted
[    2.413484] VFS: Pivoted into new rootfs
[    2.418422] Freeing unused kernel image (initmem) memory: 4688K
[    2.419402] Write protecting the kernel read-only data: 45056k
[    2.421268] Freeing unused kernel image (text/rodata gap) memory: 840K
[    2.422448] Freeing unused kernel image (rodata/data gap) memory: 128K
[    2.462852] x86/mm: Checked W+X mappings: passed, no W+X pages found.
[    2.463841] Run /home/prozak/.local/share/vng-venv/lib/python3.12/site-packages/virtme/guest/bin/virtme-ng-init as init process
[    2.465593]   with arguments:
[    2.466079]     /home/prozak/.local/share/vng-venv/lib/python3.12/site-packages/virtme/guest/bin/virtme-ng-init
[    2.467594]   with environment:
[    2.468180]     HOME=/
[    2.468582]     TERM=linux
[    2.469002]     virtme_hostname=virtme-ng
[    2.469654]     nr_open=1048576
[    2.470139]     virtme_link_mods=/home/prozak/sources/heimdall_experiment/uml-harness/.build/bpf-next-x86/.virtme_mods/lib/modules/0.0.0
[    2.471955]     virtme_rw_overlay0=/tmp
[    2.472638]     virtme_console=ttyS0
[    2.473184]     virtme_chdir=home/prozak/sources/heimdall_experiment/uml-harness/.build/selftests-output-qemu-lane1
[    2.554641] virtme-ng-init: mount devtmpfs -> /dev: EBUSY: Device or resource busy
[    2.556657] virtme-ng-init: Setting hostname to virtme-ng...
[    2.594200] virtme-ng-init: running systemd-tmpfiles
[    4.153634] systemd-tmpfile (99) used greatest stack depth: 12520 bytes left
[    4.153751] virtme-ng-init: basic initialization done
[    4.171797] virtme-ng-init: error creating file: Permission denied (os error 13)
[    4.281483] ip (105) used greatest stack depth: 11832 bytes left
[    4.419645] virtme-ng-init: Starting systemd-udevd version 255.4-1ubuntu8.17
[    4.421188] virtme-ng-init: triggering udev coldplug
[    7.642165] virtme-ng-init: waiting for udev to settle
[    8.512394] virtme-ng-init: udev is done
[    8.516705] virtme-ng-init: starting script
[    8.825926] bpf_testmod: loading out-of-tree module taints kernel.
[    8.826923] bpf_testmod: module verification failed: signature and/or required key missing - tainting kernel
[    9.638191] smc: removing smcd device lo
[    9.709489] ACPI: PM: Preparing to enter system sleep state S5
[    9.710945] reboot: Power down
