#573/1   uprobe_multi_test/skel_api:OK
#573/2   uprobe_multi_test/attach_api_pattern:OK
#573/3   uprobe_multi_test/attach_api_syms:OK
#573/4   uprobe_multi_test/link_api:OK
#573/5   uprobe_multi_test/link_api_path_fd:OK
#573/6   uprobe_multi_test/bench_uprobe:OK
#573/7   uprobe_multi_test/bench_usdt:OK
#573/8   uprobe_multi_test/attach_api_fails:OK
#573/9   uprobe_multi_test/attach_uprobe_fails:OK
#573/10  uprobe_multi_test/consumers:OK
#573/11  uprobe_multi_test/filter_fork:OK
#573/12  uprobe_multi_test/filter_clone_vm:OK
#573/13  uprobe_multi_test/session:OK
#573/14  uprobe_multi_test/session_single:OK
#573/15  uprobe_multi_test/session_cookie:OK
#573/16  uprobe_multi_test/session_cookie_recursive:OK
#573/17  uprobe_multi_test/uprobe_sesison_return_0:OK
#573/18  uprobe_multi_test/uprobe_sesison_return_1:OK
#573/19  uprobe_multi_test/uprobe_sesison_return_2:OK
#573     uprobe_multi_test:OK
Summary: 1/19 PASSED, 0 SKIPPED, 0/0 FAILED
tmp virtme_console=ttyS0 console=ttyS0 earlyprintk=serial,ttyS0,115200 panic=-1 virtme.exec=`bW91bnQgLXQgYnBmIGJwZmZzIC9zeXMvZnMvYnBmIDI+L2Rldi9udWxsOyAuL3Rlc3RfcHJvZ3MgLXQgJ3Vwcm9iZV9tdWx0aV90ZXN0Jw==` virtme_chdir=home/prozak/sources/heimdall_experiment/uml-harness/.build/selftests-output-qemu-lane1 rootfstype=9p rootflags=version=9p2000.L,trans=virtio,access=any,msize=524288 raid=noautodetect rw debug init=/home/prozak/.local/share/vng-venv/lib/python3.12/site-packages/virtme/guest/bin/virtme-ng-init
[    0.000000] x86 CPU feature dependency check failure: CPU0 has '18*32+31' enabled but '18*32+26' disabled. Kernel might be fine, but no guarantees.
[    0.000000] BIOS-provided physical RAM map:
[    0.000000] BIOS-e820: [mem 0x0000000000000000-0x000000000009fbff]  System RAM
[    0.000000] BIOS-e820: [mem 0x000000000009fc00-0x000000000009ffff]  device reserved
[    0.000000] BIOS-e820: [gap 0x00000000000a0000-0x00000000000effff]
[    0.000000] BIOS-e820: [mem 0x00000000000f0000-0x00000000000fffff]  device reserved
[    0.000000] BIOS-e820: [mem 0x0000000000100000-0x00000000bffdffff]  System RAM
[    0.000000] BIOS-e820: [mem 0x00000000bffe0000-0x00000000bfffffff]  device reserved
[    0.000000] BIOS-e820: [gap 0x00000000c0000000-0x00000000feffbfff]
[    0.000000] BIOS-e820: [mem 0x00000000feffc000-0x00000000feffffff]  device reserved
[    0.000000] BIOS-e820: [gap 0x00000000ff000000-0x00000000fffbffff]
[    0.000000] BIOS-e820: [mem 0x00000000fffc0000-0x00000000ffffffff]  device reserved
[    0.000000] BIOS-e820: [mem 0x0000000100000000-0x000000013fffffff]  System RAM
[    0.000000] BIOS-e820: [gap 0x0000000140000000-0x000000fcffffffff]
[    0.000000] BIOS-e820: [mem 0x000000fd00000000-0x000000ffffffffff]  device reserved
[    0.000000] printk: legacy bootconsole [earlyser0] enabled
[    0.000000] NX (Execute Disable) protection: active
[    0.000000] APIC: Static calls initialized
[    0.000000] DMI: SMBIOS 3.0.0 present.
[    0.000000] DMI: QEMU Ubuntu 24.04 PC v2 (i440FX + PIIX, arch_caps fix, 1996), BIOS 1.16.3-debian-1.16.3-2 04/01/2014
[    0.000000] DMI: Memory slots populated: 1/1
[    0.000000] Hypervisor detected: KVM
[    0.000000] last_pfn = 0xbffe0 max_arch_pfn = 0x400000000
[    0.000000] kvm-clock: Using msrs 4b564d01 and 4b564d00
[    0.000001] kvm-clock: using sched offset of 310803452 cycles
[    0.000995] clocksource: kvm-clock: mask: 0xffffffffffffffff max_cycles: 0x1cd42e4dffb, max_idle_ns: 881590591483 ns
[    0.004175] tsc: Detected 3400.040 MHz processor
[    0.005425] e820: update [mem 0x00000000-0x00000fff] System RAM ==> device reserved
[    0.006931] e820: remove [mem 0x000a0000-0x000fffff] System RAM
[    0.008083] last_pfn = 0x140000 max_arch_pfn = 0x400000000
[    0.009253] MTRR map: 4 entries (3 fixed + 1 variable; max 19), built from 8 variable MTRRs
[    0.010897] x86/PAT: Configuration [0-7]: WB  WC  UC- UC  WB  WP  UC- WT  
Memory KASLR using RDRAND RDTSC...
[    0.012997] last_pfn = 0xbffe0 max_arch_pfn = 0x400000000
[    0.015409] found SMP MP-table at [mem 0x000f5450-0x000f545f]
[    0.016526] Using GB pages for direct mapping
[    0.017455] ACPI: Early table checksum verification disabled
[    0.018592] ACPI: RSDP 0x00000000000F5240 000014 (v00 BOCHS )
[    0.019702] ACPI: RSDT 0x00000000BFFE1D9D 000034 (v01 BOCHS  BXPC     00000001 BXPC 00000001)
[    0.021338] ACPI: FACP 0x00000000BFFE1C39 000074 (v01 BOCHS  BXPC     00000001 BXPC 00000001)
[    0.023066] ACPI: DSDT 0x00000000BFFE0040 001BF9 (v01 BOCHS  BXPC     00000001 BXPC 00000001)
[    0.024734] ACPI: FACS 0x00000000BFFE0000 000040
[    0.025611] ACPI: APIC 0x00000000BFFE1CAD 000090 (v03 BOCHS  BXPC     00000001 BXPC 00000001)
[    0.027319] ACPI: HPET 0x00000000BFFE1D3D 000038 (v01 BOCHS  BXPC     00000001 BXPC 00000001)
[    0.028953] ACPI: WAET 0x00000000BFFE1D75 000028 (v01 BOCHS  BXPC     00000001 BXPC 00000001)
[    0.030613] ACPI: Reserving FACP table memory at [mem 0xbffe1c39-0xbffe1cac]
[    0.031969] ACPI: Reserving DSDT table memory at [mem 0xbffe0040-0xbffe1c38]
[    0.033329] ACPI: Reserving FACS table memory at [mem 0xbffe0000-0xbffe003f]
[    0.034735] ACPI: Reserving APIC table memory at [mem 0xbffe1cad-0xbffe1d3c]
[    0.036086] ACPI: Reserving HPET table memory at [mem 0xbffe1d3d-0xbffe1d74]
[    0.037431] ACPI: Reserving WAET table memory at [mem 0xbffe1d75-0xbffe1d9c]
[    0.039332] No NUMA configuration found
[    0.040079] Faking a node at [mem 0x0000000000000000-0x000000013fffffff]
[    0.041365] NODE_DATA(0) allocated [mem 0x13fffbc80-0x13fffffff]
[    0.044327] ACPI: PM-Timer IO Port: 0x608
[    0.045108] ACPI: LAPIC_NMI (acpi_id[0xff] dfl dfl lint[0x1])
[    0.046296] IOAPIC[0]: apic_id 0, version 17, address 0xfec00000, GSI 0-23
[    0.047655] ACPI: INT_SRC_OVR (bus 0 bus_irq 0 global_irq 2 dfl dfl)
[    0.048879] ACPI: INT_SRC_OVR (bus 0 bus_irq 5 global_irq 5 high level)
[    0.050211] ACPI: INT_SRC_OVR (bus 0 bus_irq 9 global_irq 9 high level)
[    0.051495] ACPI: INT_SRC_OVR (bus 0 bus_irq 10 global_irq 10 high level)
[    0.052799] ACPI: INT_SRC_OVR (bus 0 bus_irq 11 global_irq 11 high level)
[    0.054173] ACPI: Using ACPI (MADT) for SMP configuration information
[    0.055420] ACPI: HPET id: 0x8086a201 base: 0xfed00000
[    0.056434] TSC deadline timer available
[    0.057180] CPU topo: Max. logical packages:   1
[    0.058118] CPU topo: Max. logical nodes:      1
[    0.058991] CPU topo: Num. nodes per package:  1
[    0.059870] CPU topo: Max. logical dies:       1
[    0.060767] CPU topo: Max. dies per package:   1
[    0.061657] CPU topo: Max. threads per core:   1
[    0.062590] CPU topo: Num. cores per package:     4
[    0.063511] CPU topo: Num. threads per package:   4
[    0.064451] CPU topo: Allowing 4 present CPUs plus 0 hotplug CPUs
[    0.065623] kvm-guest: APIC: eoi() replaced with kvm_guest_apic_eoi_write()
[    0.067066] kvm-guest: KVM setup pv remote TLB flush
[    0.068019] kvm-guest: setup PV sched yield
[    0.068861] PM: hibernation: Registered nosave memory: [mem 0x00000000-0x00000fff]
[    0.070330] PM: hibernation: Registered nosave memory: [mem 0x0009f000-0x000fffff]
[    0.071780] PM: hibernation: Registered nosave memory: [mem 0xbffe0000-0xffffffff]
[    0.073238] [gap 0xc0000000-0xfeffbfff] available for PCI devices
[    0.074476] Booting paravirtualized kernel on KVM
[    0.075388] clocksource: refined-jiffies: mask: 0xffffffff max_cycles: 0xffffffff, max_idle_ns: 1910969940391419 ns
[    0.082284] Zone ranges:
[    0.082779]   DMA      [mem 0x0000000000001000-0x0000000000ffffff]
[    0.083950]   DMA32    [mem 0x0000000001000000-0x00000000ffffffff]
[    0.085151]   Normal   [mem 0x0000000100000000-0x000000013fffffff]
[    0.086422] Movable zone start for each node
[    0.087228] Early memory node ranges
[    0.087903]   node   0: [mem 0x0000000000001000-0x000000000009efff]
[    0.089125]   node   0: [mem 0x0000000000100000-0x00000000bffdffff]
[    0.090401]   node   0: [mem 0x0000000100000000-0x000000013fffffff]
[    0.091587] Initmem setup node 0 [mem 0x0000000000001000-0x000000013fffffff]
[    0.093860] On node 0, zone DMA: 1 pages in unavailable ranges
[    0.095057] On node 0, zone DMA: 97 pages in unavailable ranges
[    0.126487] On node 0, zone Normal: 32 pages in unavailable ranges
[    0.127721] setup_percpu: NR_CPUS:128 nr_cpumask_bits:4 nr_cpu_ids:4 nr_node_ids:1
[    0.130288] percpu: Embedded 58 pages/cpu s200144 r8192 d29232 u524288
[    0.131549] pcpu-alloc: s200144 r8192 d29232 u524288 alloc=1*2097152
[    0.132774] pcpu-alloc: [0] 0 1 2 3 
[    0.133495] Kernel command line: virtme_hostname=virtme-ng nr_open=1048576 virtme_link_mods=/home/prozak/sources/heimdall_experiment/uml-harness/.build/bpf-next-x86/.virtme_mods/lib/modules/0.0.0 virtme_rw_overlay0=/tmp virtme_console=ttyS0 console=ttyS0 earlyprintk=serial,ttyS0,115200 panic=-1 virtme.exec=`bW91bnQgLXQgYnBmIGJwZmZzIC9zeXMvZnMvYnBmIDI+L2Rldi9udWxsOyAuL3Rlc3RfcHJvZ3MgLXQgJ3Vwcm9iZV9tdWx0aV90ZXN0Jw==` virtme_chdir=home/prozak/sources/heimdall_experiment/uml-harness/.build/selftests-output-qemu-lane1 rootfstype=9p rootflags=version=9p2000.L,trans=virtio,access=any,msize=524288 raid=noautodetect rw debug init=/home/prozak/.local/share/vng-venv/lib/python3.12/site-packages/virtme/guest/bin/virtme-ng-init
[    0.146059] Unknown kernel command line parameters "virtme_hostname=virtme-ng nr_open=1048576 virtme_link_mods=/home/prozak/sources/heimdall_experiment/uml-harness/.build/bpf-next-x86/.virtme_mods/lib/modules/0.0.0 virtme_rw_overlay0=/tmp virtme_console=ttyS0 virtme_chdir=home/prozak/sources/heimdall_experiment/uml-harness/.build/selftests-output-qemu-lane1", will be passed to user space.
[    0.152837] random: crng init done
[    0.153489] printk: log buffer data + meta data: 2097152 + 7340032 = 9437184 bytes
[    0.156873] Dentry cache hash table entries: 524288 (order: 10, 4194304 bytes, linear)
[    0.159364] Inode-cache hash table entries: 262144 (order: 9, 2097152 bytes, linear)
[    0.160943] software IO TLB: area num 4.
[    0.194989] Fallback order for Node 0: 0 
[    0.194995] Built 1 zonelists, mobility grouping on.  Total pages: 1048446
[    0.197141] Policy zone: Normal
[    0.197769] mem auto-init: stack:all(zero), heap alloc:off, heap free:off
[    0.204587] SLUB: HWalign=64, Order=0-3, MinObjects=0, CPUs=4, Nodes=1
Poking KASLR using RDRAND RDTSC...
[    0.218789] ftrace: allocating 70083 entries in 276 pages
[    0.219886] ftrace: allocated 276 pages with 3 groups
[    0.220943] Dynamic Preempt: full
[    0.222516] Running RCU self tests
[    0.223186] Running RCU synchronous self tests
[    0.224040] rcu: Preemptible hierarchical RCU implementation.
[    0.225177] rcu: 	RCU event tracing is enabled.
[    0.226064] rcu: 	RCU lockdep checking is enabled.
[    0.227002] rcu: 	RCU restricting CPUs from NR_CPUS=128 to nr_cpu_ids=4.
[    0.228290] 	Trampoline variant of Tasks RCU enabled.
[    0.229276] 	Rude variant of Tasks RCU enabled.
[    0.230243] 	Tracing variant of Tasks RCU enabled.
[    0.231207] rcu: RCU calculated value of scheduler-enlistment delay is 100 jiffies.
[    0.232710] rcu: Adjusting geometry for rcu_fanout_leaf=16, nr_cpu_ids=4
[    0.234894] Running RCU synchronous self tests
[    0.235771] RCU Tasks: Setting shift to 2 and lim to 1 rcu_task_cb_adjust=1 rcu_task_cpu_ids=4.
[    0.237464] RCU Tasks Rude: Setting shift to 2 and lim to 1 rcu_task_cb_adjust=1 rcu_task_cpu_ids=4.
[    0.248022] NR_IRQS: 8448, nr_irqs: 456, preallocated irqs: 16
[    0.249456] rcu: srcu_init: Setting srcu_struct sizes based on contention.
[    0.250869] clocksource: jiffies: mask: 0xffffffff max_cycles: 0xffffffff, max_idle_ns: 1911260446275000 ns
[    0.252998] Console: colour *CGA 80x25
[    0.253807] printk: legacy console [ttyS0] enabled
[    0.253807] printk: legacy console [ttyS0] enabled
[    0.255737] printk: legacy bootconsole [earlyser0] disabled
[    0.255737] printk: legacy bootconsole [earlyser0] disabled
[    0.258002] Lock dependency validator: Copyright (c) 2006 Red Hat, Inc., Ingo Molnar
[    0.259546] ... MAX_LOCKDEP_SUBCLASSES:  8
[    0.260357] ... MAX_LOCK_DEPTH:          48
[    0.261204] ... MAX_LOCKDEP_KEYS:        8192
[    0.262136] ... CLASSHASH_SIZE:          4096
[    0.263019] ... MAX_LOCKDEP_ENTRIES:     32768
[    0.263918] ... MAX_LOCKDEP_CHAINS:      65536
[    0.264816] ... CHAINHASH_SIZE:          32768
[    0.265689]  memory used by lock dependency info: 6429 kB
[    0.266851]  memory used for stack traces: 4224 kB
[    0.267790]  per task-struct memory footprint: 1920 bytes
[    0.268897] ACPI: Core revision 20260408
[    0.269888] clocksource: hpet: mask: 0xffffffff max_cycles: 0xffffffff, max_idle_ns: 19112604467 ns
[    0.271962] APIC: Switch to symmetric I/O mode setup
[    0.273644] x2apic enabled
[    0.274923] APIC: Switched APIC routing to: physical x2apic
[    0.276218] kvm-guest: APIC: send_IPI_mask() replaced with kvm_send_ipi_mask()
[    0.277874] kvm-guest: APIC: send_IPI_mask_allbutself() replaced with kvm_send_ipi_mask_allbutself()
[    0.280459] kvm-guest: setup PV IPIs
[    0.283524] ..TIMER: vector=0x30 apic1=0 pin1=2 apic2=-1 pin2=-1
[    0.284921] clocksource: tsc-early: mask: 0xffffffffffffffff max_cycles: 0x310274de655, max_idle_ns: 440795359465 ns
[    0.287144] Calibrating delay loop (skipped) preset value.. 6800.08 BogoMIPS (lpj=3400040)
[    0.289679] x86/cpu: User Mode Instruction Prevention (UMIP) activated
[    0.290448] Last level iTLB entries: 4KB 512, 2MB 255, 4MB 127
[    0.291140] Last level dTLB entries: 4KB 512, 2MB 255, 4MB 127, 1GB 0
[    0.292149] mitigations: Enabled attack vectors: user_kernel, user_user, SMT mitigations: auto
[    0.293141] Speculative Store Bypass: Mitigation: Speculative Store Bypass disabled via prctl
[    0.294140] Speculative Return Stack Overflow: IBPB-extending microcode not applied!
[    0.295140] Speculative Return Stack Overflow: WARNING: See https://kernel.org/doc/html/latest/admin-guide/hw-vuln/srso.html for mitigation options.
[    0.295141] Transient Scheduler Attacks: Vulnerable: No microcode
[    0.297140] Spectre V2 : Mitigation: Retpolines
[    0.298140] Speculative Return Stack Overflow: Vulnerable: Safe RET, no microcode
[    0.299140] Spectre V1 : Mitigation: usercopy/swapgs barriers and __user pointer sanitization
[    0.300141] Spectre V2 : Spectre v2 / SpectreRSB: Filling RSB on context switch and VMEXIT
[    0.301140] Spectre V2 : Enabling Restricted Speculation for firmware calls
[    0.302142] Spectre V2 : mitigation: Enabling conditional Indirect Branch Prediction Barrier
[    0.303141] active return thunk: srso_alias_return_thunk
[    0.304196] x86/fpu: Supporting XSAVE feature 0x001: 'x87 floating point registers'
[    0.305140] x86/fpu: Supporting XSAVE feature 0x002: 'SSE registers'
[    0.306140] x86/fpu: Supporting XSAVE feature 0x004: 'AVX registers'
[    0.307141] x86/fpu: xstate_offset[2]:  576, xstate_sizes[2]:  256
[    0.308140] x86/fpu: Enabled xstate features 0x7, context size is 832 bytes, using 'compacted' format.
[    0.346661] pid_max: default: 32768 minimum: 301
[    0.347318] SELinux:  Initializing.
[    0.350526] LSM support for eBPF active
[    0.351266] Mount-cache hash table entries: 8192 (order: 4, 65536 bytes, linear)
[    0.352153] Mountpoint-cache hash table entries: 8192 (order: 4, 65536 bytes, linear)
[    0.354774] VFS: Finished mounting rootfs on nullfs
[    0.356427] Running RCU synchronous self tests
[    0.357142] Running RCU synchronous self tests
[    0.358511] smpboot: CPU0: AMD Ryzen 9 5950X 16-Core Processor (family: 0x19, model: 0x21, stepping: 0x2)
[    0.359770] Performance Events: Fam17h+ core perfctr, AMD PMU driver.
[    0.360161] ... version:                   0
[    0.361130] ... bit width:                 48
[    0.361147] ... generic counters:          6
[    0.362148] ... generic bitmap:            000000000000003f
[    0.363146] ... fixed-purpose counters:    0
[    0.364147] ... fixed-purpose bitmap:      0000000000000000
[    0.365148] ... value mask:                0000ffffffffffff
[    0.366151] ... max period:                00007fffffffffff
[    0.367146] ... global_ctrl mask:          000000000000003f
[    0.368452] signal: max sigframe size: 1776
[    0.369258] rcu: Hierarchical SRCU implementation.
[    0.370148] rcu: 	Max phase no-delay instances is 400.
[    0.371361] Timer migration: 1 hierarchy levels; 8 children per group; 1 crossnode level
[    0.384537] smp: Bringing up secondary CPUs ...
[    0.385725] smpboot: x86: Booting SMP configuration:
[    0.386170] .... node  #0, CPUs:      #1 #2 #3
[    0.394433] smp: Brought up 1 node, 4 CPUs
[    0.396155] smpboot: Total of 4 processors activated (27200.32 BogoMIPS)
[    0.398356] Memory: 3966624K/4193784K available (25781K kernel code, 10327K rwdata, 18304K rodata, 4688K init, 13400K bss, 220940K reserved, 0K cma-reserved)
[    0.401298] devtmpfs: initialized
[    0.404620] Running RCU synchronous self tests
[    0.405210] Running RCU synchronous self tests
[    0.406203] Running RCU Tasks wait API self tests
[    0.510215] Running RCU Tasks Rude wait API self tests
[    0.511148] Running RCU Tasks Trace wait API self tests
[    0.512337] posixtimers hash table entries: 2048 (order: 6, 147456 bytes, linear)
[    0.513243] futex hash table entries: 1024 (131072 bytes on 1 NUMA nodes, total 128 KiB, linear).
[    0.515006] PM: RTC time: 18:35:02, date: 2026-09-05
[    0.516478] NET: Registered PF_NETLINK/PF_ROUTE protocol family
[    0.517184] Callback from call_rcu_tasks_trace() invoked.
[    0.519172] audit: initializing netlink subsys (disabled)
[    0.520192] audit: type=2000 audit(1788633303.545:1): state=initialized audit_enabled=0 res=1
[    0.535941] thermal_sys: Registered thermal governor 'step_wise'
[    0.536021] cpuidle: using governor ladder
[    0.537201] cpuidle: using governor menu
[    0.540524] PCI: Using configuration type 1 for base access
[    0.541148] PCI: Using configuration type 1 for extended access
[    0.542283] kprobes: kprobe jump-optimization is enabled. All kprobes are optimized if possible.
[    0.547246] HugeTLB: registered 1.00 GiB page size, pre-allocated 0 pages
[    0.549164] HugeTLB: 16380 KiB vmemmap can be freed for a 1.00 GiB page
[    0.550151] HugeTLB: registered 2.00 MiB page size, pre-allocated 0 pages
[    0.552148] HugeTLB: 28 KiB vmemmap can be freed for a 2.00 MiB page
[    0.557137] ACPI: Added _OSI(Module Device)
[    0.559149] ACPI: Added _OSI(Processor Device)
[    0.560151] ACPI: Added _OSI(Processor Aggregator Device)
[    0.564797] ACPI: 1 ACPI AML tables successfully acquired and loaded
[    0.570195] ACPI: \_SB_: platform _OSC: OS support mask [002a7eee]
[    0.572908] ACPI: Interpreter enabled
[    0.573216] ACPI: PM: (supports S0 S3 S4 S5)
[    0.574160] ACPI: Using IOAPIC for interrupt routing
[    0.576197] PCI: Using host bridge windows from ACPI; if necessary, use "pci=nocrs" and report a bug
[    0.578148] PCI: Using E820 reservations for host bridge windows
[    0.579510] ACPI: Enabled 2 GPEs in block 00 to 0F
[    0.592400] ACPI: PCI Root Bridge [PCI0] (domain 0000 [bus 00-ff])
[    0.594916] PCI host bridge to bus 0000:00
[    0.595158] pci_bus 0000:00: root bus resource [io  0x0000-0x0cf7 window]
[    0.597151] pci_bus 0000:00: root bus resource [io  0x0d00-0xffff window]
[    0.598147] pci_bus 0000:00: root bus resource [mem 0x000a0000-0x000bffff window]
[    0.600149] pci_bus 0000:00: root bus resource [mem 0xc0000000-0xfebfffff window]
[    0.602149] pci_bus 0000:00: root bus resource [mem 0x380000000000-0x38007fffffff window]
[    0.604150] pci_bus 0000:00: root bus resource [bus 00-ff]
[    0.605575] pci 0000:00:00.0: [8086:1237] type 00 class 0x060000 conventional PCI endpoint
[    0.608780] pci 0000:00:01.0: [8086:7000] type 00 class 0x060100 conventional PCI endpoint
[    0.612568] pci 0000:00:01.1: [8086:7010] type 00 class 0x010180 conventional PCI endpoint
[    0.615231] pci 0000:00:01.1: BAR 4 [io  0xc1c0-0xc1cf]
[    0.617237] pci 0000:00:01.1: BAR 0 [io  0x01f0-0x01f7]: legacy IDE quirk
[    0.618151] pci 0000:00:01.1: BAR 1 [io  0x03f6]: legacy IDE quirk
[    0.620149] pci 0000:00:01.1: BAR 2 [io  0x0170-0x0177]: legacy IDE quirk
[    0.621147] pci 0000:00:01.1: BAR 3 [io  0x0376]: legacy IDE quirk
[    0.623889] pci 0000:00:01.3: [8086:7113] type 00 class 0x068000 conventional PCI endpoint
[    0.625944] pci 0000:00:01.3: quirk: [io  0x0600-0x063f] claimed by PIIX4 ACPI
[    0.628168] pci 0000:00:01.3: quirk: [io  0x0700-0x070f] claimed by PIIX4 SMB
[    0.630167] pci 0000:00:02.0: [1af4:1009] type 00 class 0x000200 conventional PCI endpoint
[    0.634167] pci 0000:00:02.0: BAR 0 [io  0xc000-0xc03f]
[    0.635189] pci 0000:00:02.0: BAR 1 [mem 0xfebf8000-0xfebf8fff]
[    0.637212] pci 0000:00:02.0: BAR 4 [mem 0x380000000000-0x380000003fff 64bit pref]
[    0.642304] pci 0000:00:03.0: [8086:25ab] type 00 class 0x088000 conventional PCI endpoint
[    0.645164] pci 0000:00:03.0: BAR 0 [mem 0xfebf9000-0xfebf900f]
[    0.648814] pci 0000:00:04.0: [1af4:1003] type 00 class 0x078000 conventional PCI endpoint
[    0.653499] pci 0000:00:04.0: BAR 0 [io  0xc040-0xc07f]
[    0.654166] pci 0000:00:04.0: BAR 1 [mem 0xfebfa000-0xfebfafff]
[    0.655236] pci 0000:00:04.0: BAR 4 [mem 0x380000004000-0x380000007fff 64bit pref]
[    0.660501] pci 0000:00:05.0: [1af4:1003] type 00 class 0x078000 conventional PCI endpoint
[    0.664164] pci 0000:00:05.0: BAR 0 [io  0xc080-0xc0bf]
[    0.665166] pci 0000:00:05.0: BAR 1 [mem 0xfebfb000-0xfebfbfff]
[    0.666213] pci 0000:00:05.0: BAR 4 [mem 0x380000008000-0x38000000bfff 64bit pref]
[    0.671498] pci 0000:00:06.0: [1af4:1003] type 00 class 0x078000 conventional PCI endpoint
[    0.675167] pci 0000:00:06.0: BAR 0 [io  0xc0c0-0xc0ff]
[    0.676165] pci 0000:00:06.0: BAR 1 [mem 0xfebfc000-0xfebfcfff]
[    0.677213] pci 0000:00:06.0: BAR 4 [mem 0x38000000c000-0x38000000ffff 64bit pref]
[    0.682888] pci 0000:00:07.0: [1af4:1003] type 00 class 0x078000 conventional PCI endpoint
[    0.685164] pci 0000:00:07.0: BAR 0 [io  0xc100-0xc13f]
[    0.687166] pci 0000:00:07.0: BAR 1 [mem 0xfebfd000-0xfebfdfff]
[    0.688213] pci 0000:00:07.0: BAR 4 [mem 0x380000010000-0x380000013fff 64bit pref]
[    0.693531] pci 0000:00:08.0: [1af4:1003] type 00 class 0x078000 conventional PCI endpoint
[    0.696165] pci 0000:00:08.0: BAR 0 [io  0xc140-0xc17f]
[    0.697166] pci 0000:00:08.0: BAR 1 [mem 0xfebfe000-0xfebfefff]
[    0.698244] pci 0000:00:08.0: BAR 4 [mem 0x380000014000-0x380000017fff 64bit pref]
[    0.703506] pci 0000:00:09.0: [1af4:1003] type 00 class 0x078000 conventional PCI endpoint
[    0.706167] pci 0000:00:09.0: BAR 0 [io  0xc180-0xc1bf]
[    0.708165] pci 0000:00:09.0: BAR 1 [mem 0xfebff000-0xfebfffff]
[    0.709212] pci 0000:00:09.0: BAR 4 [mem 0x380000018000-0x38000001bfff 64bit pref]
[    0.718137] ACPI: PCI: Interrupt link LNKA configured for IRQ 10
[    0.721432] ACPI: PCI: Interrupt link LNKB configured for IRQ 10
[    0.722416] ACPI: PCI: Interrupt link LNKC configured for IRQ 11
[    0.724432] ACPI: PCI: Interrupt link LNKD configured for IRQ 11
[    0.726294] ACPI: PCI: Interrupt link LNKS configured for IRQ 9
[    0.728507] iommu: Default domain type: Translated
[    0.730150] iommu: DMA domain TLB invalidation policy: lazy mode
[    0.731594] SCSI subsystem initialized
[    0.733280] libata version 3.00 loaded.
[    0.734292] ACPI: bus type USB registered
[    0.735274] usbcore: registered new interface driver usbfs
[    0.736216] usbcore: registered new interface driver hub
[    0.738186] usbcore: registered new device driver usb
[    0.739280] pps_core: LinuxPPS API ver. 1 registered
[    0.740147] pps_core: Software ver. 5.3.6 - Copyright 2005-2007 Rodolfo Giometti <giometti@linux.it>
[    0.742164] PTP clock support registered
[    0.743471] Advanced Linux Sound Architecture Driver Initialized.
[    0.746337] NetLabel: Initializing
[    0.747137] NetLabel:  domain hash size = 128
[    0.748147] NetLabel:  protocols = UNLABELED CIPSOv4 CALIPSO
[    0.749198] NetLabel:  unlabeled traffic allowed by default
[    0.751207] PCI: Using ACPI for IRQ routing
[    0.752149] PCI: pci_cache_line_size set to 64 bytes
[    0.753535] e820: register RAM buffer resource [mem 0x0009fc00-0x0009ffff]
[    0.755182] e820: register RAM buffer resource [mem 0xbffe0000-0xbfffffff]
[    0.757157] vgaarb: loaded
[    0.757197] hpet0: at MMIO 0xfed00000, IRQs 2, 8, 0
[    0.759147] hpet0: 3 comparators, 64-bit 100.000000 MHz counter
[    0.762414] clocksource: Switched to clocksource kvm-clock
[    0.766614] VFS: Disk quotas dquot_6.6.0
[    0.767571] VFS: Dquot-cache hash table entries: 512 (4096 bytes)
[    0.769769] pnp: PnP ACPI init
[    0.771005] pnp 00:02: [dma 2]
[    0.772719] pnp: PnP ACPI: found 4 devices
[    0.790088] clocksource: acpi_pm: mask: 0xffffff max_cycles: 0xffffff, max_idle_ns: 2085701024 ns
[    0.792361] NET: Registered PF_INET protocol family
[    0.793626] IP idents hash table entries: 65536 (order: 7, 524288 bytes, linear)
[    0.796621] tcp_listen_portaddr_hash hash table entries: 2048 (order: 6, 147456 bytes, linear)
[    0.798636] Table-perturb hash table entries: 65536 (order: 6, 262144 bytes, linear)
[    0.800486] TCP established hash table entries: 32768 (order: 6, 262144 bytes, linear)
[    0.802326] TCP bind hash table entries: 32768 (order: 11, 4718592 bytes, vmalloc hugepage)
[    0.806573] TCP: Hash tables configured (established 32768 bind 32768)
[    0.808376] MPTCP token hash table entries: 4096 (order: 7, 360448 bytes, linear)
[    0.810218] UDP hash table entries: 2048 (order: 7, 524288 bytes, linear)
[    0.812195] NET: Registered PF_UNIX/PF_LOCAL protocol family
[    0.814149] RPC: Registered named UNIX socket transport module.
[    0.815547] RPC: Registered udp transport module.
[    0.816737] RPC: Registered tcp transport module.
[    0.817858] RPC: Registered tcp-with-tls transport module.
[    0.819141] RPC: Registered tcp NFSv4.1 backchannel transport module.
[    0.821516] Callback from call_rcu_tasks() invoked.
[    0.821640] NET: Registered PF_XDP protocol family
[    0.824073] pci_bus 0000:00: resource 4 [io  0x0000-0x0cf7 window]
[    0.825533] pci_bus 0000:00: resource 5 [io  0x0d00-0xffff window]
[    0.826942] pci_bus 0000:00: resource 6 [mem 0x000a0000-0x000bffff window]
[    0.828567] pci_bus 0000:00: resource 7 [mem 0xc0000000-0xfebfffff window]
[    0.830163] pci_bus 0000:00: resource 8 [mem 0x380000000000-0x38007fffffff window]
[    0.832064] pci 0000:00:01.0: PIIX3: Enabling Passive Release
[    0.833437] pci 0000:00:00.0: Limiting direct PCI/PCI transfers
[    0.835078] PCI: CLS 0 bytes, default 64
[    0.836191] PCI-DMA: Using software bounce buffering for IO (SWIOTLB)
[    0.837690] software IO TLB: mapped [mem 0x00000000bbfe0000-0x00000000bffe0000] (64MB)
[    0.840057] clocksource: tsc: mask: 0xffffffffffffffff max_cycles: 0x310274de655, max_idle_ns: 440795359465 ns
[    0.847211] Initialise system trusted keyrings
[    0.848655] workingset: timestamp_bits=40 (anon: 35) max_order=20 bucket_order=0 (anon: 0)
[    0.851335] squashfs: version 4.0 (2009/01/31) Phillip Lougher
[    0.853264] NFS: Registering the id_resolver key type
[    0.854485] Key type id_resolver registered
[    0.855520] Key type id_legacy registered
[    0.856523] nfs4filelayout_init: NFSv4 File Layout Driver Registering...
[    0.858214] nfs4flexfilelayout_init: NFSv4 Flexfile Layout Driver Registering...
[    0.860143] fuse: init (API version 7.45)
[    0.861431] 9p: Installing v9fs 9p2000 file system support
[    0.864109] NET: Registered PF_ALG protocol family
[    0.865320] Key type asymmetric registered
[    0.866259] Asymmetric key parser 'x509' registered
[    0.867513] Block layer SCSI generic (bsg) driver version 0.4 loaded (major 248)
[    0.869691] io scheduler mq-deadline registered
[    0.870775] io scheduler kyber registered
[    0.872764] input: Power Button as /devices/platform/LNXPWRBN:00/input/input0
[    0.874721] ACPI: button: Power Button [PWRF]
[    1.025023] ACPI: \_SB_.LNKB: Enabled at IRQ 10
[    1.156955] ACPI: \_SB_.LNKD: Enabled at IRQ 11
[    1.288169] ACPI: \_SB_.LNKA: Enabled at IRQ 10
[    1.551603] ACPI: \_SB_.LNKC: Enabled at IRQ 11
[    1.790027] kwatchdog (73) used greatest stack depth: 14776 bytes left
[    1.826229] Serial: 8250/16550 driver, 4 ports, IRQ sharing enabled
[    1.830229] 00:03: ttyS0 at I/O 0x3f8 (irq = 4, base_baud = 115200) is a 16550A
[    2.045813] Non-volatile memory driver v1.3
[    2.047744] ACPI: bus type drm_connector registered
[    2.066064] brd: module loaded
[    2.076305] loop: module loaded
[    2.081183] scsi host0: ata_piix
[    2.082829] scsi host1: ata_piix
[    2.083936] ata1: PATA max MWDMA2 cmd 0x1f0 ctl 0x3f6 bmdma 0xc1c0 irq 14 lpm-pol 0
[    2.085745] ata2: PATA max MWDMA2 cmd 0x170 ctl 0x376 bmdma 0xc1c8 irq 15 lpm-pol 0
[    2.091839] tun: Universal TUN/TAP device driver, 1.6
[    2.093526] e100: Intel(R) PRO/100 Network Driver
[    2.094675] e100: Copyright(c) 1999-2006 Intel Corporation
[    2.096095] e1000: Intel(R) PRO/1000 Network Driver
[    2.097331] e1000: Copyright (c) 1999-2006 Intel Corporation.
[    2.098801] e1000e: Intel(R) PRO/1000 Network Driver
[    2.100040] e1000e: Copyright(c) 1999 - 2015 Intel Corporation.
[    2.101519] sky2: driver version 1.30
[    2.103587] usbcore: registered new interface driver usblp
[    2.105194] usbcore: registered new interface driver usb-storage
[    2.106775] i8042: PNP: PS/2 Controller [PNP0303:KBD,PNP0f13:MOU] at 0x60,0x64 irq 1,12
[    2.110242] serio: i8042 KBD port at 0x60,0x64 irq 1
[    2.112041] serio: i8042 AUX port at 0x60,0x64 irq 12
[    2.114117] rtc_cmos PNP0B00:00: RTC can wake from S4
[    2.116572] input: AT Translated Set 2 keyboard as /devices/platform/i8042/serio0/input/input1
[    2.120904] rtc_cmos PNP0B00:00: registered as rtc0
[    2.122748] rtc_cmos PNP0B00:00: alarms up to one day, y3k, 242 bytes nvram, hpet irqs
[    2.125176] Registered IR keymap rc-empty
[    2.126580] rc rc0: rc-core loopback device as /devices/virtual/rc/rc0
[    2.128709] rc rc0: lirc_dev: driver rc-loopback registered at minor = 0, raw IR receiver, raw IR transmitter
[    2.131586] input: rc-core loopback device as /devices/virtual/rc/rc0/input4
[    2.134654] intel_powerclamp: CPU does not support MWAIT
[    2.136159] device-mapper: core: CONFIG_IMA_DISABLE_HTABLE is disabled. Duplicate IMA measurements will not be recorded in the IMA log.
[    2.139573] device-mapper: ioctl: 4.50.0-ioctl (2025-04-28) initialised: dm-devel@lists.linux.dev
[    2.142993] hid: raw HID events driver (C) Jiri Kosina
[    2.146964] usbcore: registered new interface driver usbhid
[    2.148396] usbhid: USB HID core driver
[    2.150429] GACT probability NOT on
[    2.151326] Mirror/redirect action on
[    2.152648] nf_conntrack_irc: The irc conntrack helper is scheduled for removal.
[    2.152648] Please contact the netfilter-devel mailing list if you still need this.
[    2.156900] ipip: IPv4 and MPLS over IPv4 tunneling driver
[    2.158940] gre: GRE over IPv4 demultiplexer driver
[    2.160199] ip_gre: GRE over IPv4 tunneling driver
[    2.163637] Initializing XFRM netlink socket
[    2.164741] IPsec XFRM device driver
[    2.165738] NET: Registered PF_INET6 protocol family
[    2.168381] Segment Routing with IPv6
[    2.169262] In-situ OAM (IOAM) with IPv6
[    2.170329] mip6: Mobile IPv6
[    2.171056] sit: IPv6, IPv4 and MPLS over IPv4 tunneling driver
[    2.173815] ip6_gre: GRE over IPv6 tunneling driver
[    2.175641] NET: Registered PF_PACKET protocol family
[    2.176990] RPC: Registered rdma transport module.
[    2.178164] RPC: Registered rdma backchannel transport module.
[    2.179759] 8021q: 802.1Q VLAN Support v1.8
[    2.181151] smc: adding smcd device lo without pnetid
[    2.182523] NET: Registered PF_SMC protocol family
[    2.184039] 9pnet: Installing 9P2000 support
[    2.186707] Key type dns_resolver registered
[    2.188065] NET: Registered PF_VSOCK protocol family
[    2.189403] mpls_gso: MPLS GSO support
[    2.192085] IPI shorthand broadcast: enabled
[    2.238523] sched_clock: Marking stable (2211021927, 27268742)->(2296297700, -58007031)
[    2.241803] registered taskstats version 1
[    2.245653] ata2: found unknown device (class 0)
[    2.248042] ata2.00: ATAPI: QEMU DVD-ROM, 2.5+, max UDMA/100
[    2.251995] scsi 1:0:0:0: CD-ROM            QEMU     QEMU DVD-ROM     2.5+ PQ: 0 ANSI: 5
[    2.258951] Loading compiled-in X.509 certificates
[    2.260699] kworker/u16:1 (91) used greatest stack depth: 14184 bytes left
[    2.261793] Loaded X.509 cert 'Build time autogenerated kernel key: c4531344b9a9c1a4731230d977a262ba29ba5272'
[    2.273461] sr 1:0:0:0: [sr0] scsi3-mmc drive: 4x/4x cd/rw xa/form2 tray
[    2.294953] cdrom: Uniform CD-ROM driver Revision: 3.20
[    2.305617] Demotion targets for Node 0: null
[    2.305642] sr 1:0:0:0: Attached scsi CD-ROM sr0
[    2.307150] ima: No TPM chip found, activating TPM-bypass!
[    2.309024] sr 1:0:0:0: Attached scsi generic sg0 type 5
[    2.309802] ima: Allocated hash algorithm: sha1
[    2.312157] ima: No architecture policies found
[    2.314055] PM:   Magic number: 10:333:594
[    2.315125] netconsole: network logging started
[    2.316892] cfg80211: Loading compiled-in X.509 certificates for regulatory database
[    2.319201] kworker/u16:0 (97) used greatest stack depth: 13776 bytes left
[    2.319655] Loaded X.509 cert 'sforshee: 00b28ddf47aef9cea7'
[    2.322651] Loaded X.509 cert 'wens: 61c038651aabdcf94bd0ac7ff06c7248db18c600'
[    2.324572] ALSA device list:
[    2.325734] faux_driver regulatory: Direct firmware load for regulatory.db failed with error -2
[    2.326340]   No soundcards found.
[    2.327822] cfg80211: failed to load regulatory.db
[    2.560170] input: ImExPS/2 Generic Explorer Mouse as /devices/platform/i8042/serio1/input/input3
[    2.562166] md: Skipping autodetection of RAID arrays. (raid=autodetect will force)
[    2.563617] 9p: Bad value for 'source'
[    2.564351] 9pnet: Limiting 'msize' to 512000 as this is the maximum supported by transport virtio
[    2.567471] VFS: Mounted root (9p filesystem) on device 0:24.
[    2.569244] devtmpfs: mounted
[    2.569982] VFS: Pivoted into new rootfs
[    2.574863] Freeing unused kernel image (initmem) memory: 4688K
[    2.575798] Write protecting the kernel read-only data: 45056k
[    2.577633] Freeing unused kernel image (text/rodata gap) memory: 840K
[    2.578778] Freeing unused kernel image (rodata/data gap) memory: 128K
[    2.618459] x86/mm: Checked W+X mappings: passed, no W+X pages found.
[    2.619589] Run /home/prozak/.local/share/vng-venv/lib/python3.12/site-packages/virtme/guest/bin/virtme-ng-init as init process
[    2.621307]   with arguments:
[    2.621786]     /home/prozak/.local/share/vng-venv/lib/python3.12/site-packages/virtme/guest/bin/virtme-ng-init
[    2.623314]   with environment:
[    2.623837]     HOME=/
[    2.624264]     TERM=linux
[    2.624710]     virtme_hostname=virtme-ng
[    2.625353]     nr_open=1048576
[    2.625836]     virtme_link_mods=/home/prozak/sources/heimdall_experiment/uml-harness/.build/bpf-next-x86/.virtme_mods/lib/modules/0.0.0
[    2.627646]     virtme_rw_overlay0=/tmp
[    2.628307]     virtme_console=ttyS0
[    2.628847]     virtme_chdir=home/prozak/sources/heimdall_experiment/uml-harness/.build/selftests-output-qemu-lane1
[    2.720757] virtme-ng-init: mount devtmpfs -> /dev: EBUSY: Device or resource busy
[    2.722748] virtme-ng-init: Setting hostname to virtme-ng...
[    2.763945] virtme-ng-init: running systemd-tmpfiles
[    4.278082] systemd-tmpfile (99) used greatest stack depth: 12296 bytes left
[    4.278315] virtme-ng-init: basic initialization done
[    4.302090] virtme-ng-init: error creating file: Permission denied (os error 13)
[    4.415473] ip (104) used greatest stack depth: 11832 bytes left
[    4.529462] virtme-ng-init: Starting systemd-udevd version 255.4-1ubuntu8.17
[    4.531751] virtme-ng-init: triggering udev coldplug
[    7.735676] virtme-ng-init: waiting for udev to settle
[    8.591633] virtme-ng-init: udev is done
[    8.596214] virtme-ng-init: starting script
[    8.907508] bpf_testmod: loading out-of-tree module taints kernel.
[    8.908610] bpf_testmod: module verification failed: signature and/or required key missing - tainting kernel
[   34.344583] ref_ctr_offset mismatch. inode: 0x98ad83 offset: 0x4a1b46 ref_ctr_offset(old): 0x5e8b98a ref_ctr_offset(new): 0x5e8b988
[   43.533103] smc: removing smcd device lo
[   43.607784] ACPI: PM: Preparing to enter system sleep state S5
[   43.609035] reboot: Power down
