#40/1    bpftool_btf_dump/c_sorted:OK
#40/2    bpftool_btf_dump/c_unsorted:OK
#40      bpftool_btf_dump:OK
#46/1    btf_dump/btf_dump: syntax:OK
#46/2    btf_dump/btf_dump: ordering:OK
#46/3    btf_dump/btf_dump: padding:OK
#46/4    btf_dump/btf_dump: packing:OK
#46/5    btf_dump/btf_dump: bitfields:OK
#46/6    btf_dump/btf_dump: multidim:OK
#46/7    btf_dump/btf_dump: namespacing:OK
#46/8    btf_dump/btf_dump: incremental:OK
#46/9    btf_dump/btf_dump: type_tags:OK
#46/10   btf_dump/btf_dump: int_data:OK
#46/11   btf_dump/btf_dump: float_data:OK
#46/12   btf_dump/btf_dump: char_data:OK
#46/13   btf_dump/btf_dump: typedef_data:OK
#46/14   btf_dump/btf_dump: enum_data:OK
#46/15   btf_dump/btf_dump: struct_data:OK
#46/16   btf_dump/btf_dump: var_data:OK
#46/17   btf_dump/btf_dump: string_data:OK
test_btf_dump_datasec_data:PASS:xdp_dummy.bpf.o BTF not found 0 nsec
test_btf_dump_datasec_data:PASS:could not create BTF dump 0 nsec
test_btf_datasec:PASS:find type id 0 nsec
test_btf_datasec:PASS:verify section size 0 nsec
test_btf_datasec:PASS:unexpected return value 0 nsec
test_btf_datasec:FAIL:ensure expected/actual match unexpected ensure expected/actual match: actual 18 != expected 0
#46/18   btf_dump/btf_dump: datasec_data:FAIL
#46      btf_dump:FAIL
#128/1   fexit_bpf2bpf/target_no_callees:OK
#128/2   fexit_bpf2bpf/target_yes_callees:OK
#128/3   fexit_bpf2bpf/func_replace:OK
#128/4   fexit_bpf2bpf/func_replace_verify:OK
#128/5   fexit_bpf2bpf/func_replace_return_code:OK
#128/6   fexit_bpf2bpf/func_map_prog_compatibility:OK
#128/7   fexit_bpf2bpf/func_replace_unreliable:OK
#128/8   fexit_bpf2bpf/func_replace_multi:OK
#128/9   fexit_bpf2bpf/fmod_ret_freplace:OK
#128/10  fexit_bpf2bpf/func_replace_global_func:OK
#128/11  fexit_bpf2bpf/fentry_to_cgroup_bpf:OK
#128/12  fexit_bpf2bpf/func_replace_progmap:OK
#128/13  fexit_bpf2bpf/freplace_int_with_void:OK
#128/14  fexit_bpf2bpf/freplace_ret_pair:OK
#128/15  fexit_bpf2bpf/freplace_void:OK
#128/16  fexit_bpf2bpf/sleepable_fentry_to_xdp:OK
#128     fexit_bpf2bpf:OK
#745/1   xdp_attach/xdp_attach:OK
#745/2   xdp_attach/xdp_attach_dynptr:OK
#745/3   xdp_attach/xdp_attach_failed:OK
#745     xdp_attach:OK
#746/1   xdp_bonding/xdp_bonding_attach:OK
#746/2   xdp_bonding/xdp_bonding_nested:OK
#746/3   xdp_bonding/xdp_bonding_features:OK
#746/4   xdp_bonding/xdp_bonding_roundrobin:OK
#746/5   xdp_bonding/xdp_bonding_activebackup:OK
#746/6   xdp_bonding/xdp_bonding_xor_layer2:OK
#746/7   xdp_bonding/xdp_bonding_xor_layer23:OK
#746/8   xdp_bonding/xdp_bonding_xor_layer34:OK
#746/9   xdp_bonding/xdp_bonding_xmit_policy_compat:OK
#746/10  xdp_bonding/xdp_bonding_redirect_multi:OK
#746/11  xdp_bonding/xdp_bonding_redirect_no_up:OK
#746     xdp_bonding:OK
#755     xdp_do_redirect:OK
#757/1   xdp_index_redirect/noflag:OK
#757/2   xdp_index_redirect/drvflag:OK
#757/3   xdp_index_redirect/skbflag:OK
#757     xdp_index_redirect:OK
#758     xdp_info:OK
#762     xdp_perf:OK
#765/1   xdp_veth_broadcast_redirect/0/BROADCAST:OK
#765/2   xdp_veth_broadcast_redirect/0/(BROADCAST | EXCLUDE_INGRESS):OK
#765/3   xdp_veth_broadcast_redirect/DRV_MODE/BROADCAST:OK
#765/4   xdp_veth_broadcast_redirect/DRV_MODE/(BROADCAST | EXCLUDE_INGRESS):OK
#765/5   xdp_veth_broadcast_redirect/SKB_MODE/BROADCAST:OK
#765/6   xdp_veth_broadcast_redirect/SKB_MODE/(BROADCAST | EXCLUDE_INGRESS):OK
#765     xdp_veth_broadcast_redirect:OK
#766/1   xdp_veth_egress/0/egress:OK
#766/2   xdp_veth_egress/DRV_MODE/egress:OK
#766/3   xdp_veth_egress/SKB_MODE/egress:OK
#766/4   xdp_veth_egress/SKB_MODE/egress_last_dst:OK
#766     xdp_veth_egress:OK
#767/1   xdp_veth_redirect/0:OK
#767/2   xdp_veth_redirect/DRV_MODE:OK
#767/3   xdp_veth_redirect/SKB_MODE:OK
#767     xdp_veth_redirect:OK

All error logs:
test_btf_dump_datasec_data:PASS:xdp_dummy.bpf.o BTF not found 0 nsec
test_btf_dump_datasec_data:PASS:could not create BTF dump 0 nsec
test_btf_datasec:PASS:find type id 0 nsec
test_btf_datasec:PASS:verify section size 0 nsec
test_btf_datasec:PASS:unexpected return value 0 nsec
test_btf_datasec:FAIL:ensure expected/actual match unexpected ensure expected/actual match: actual 18 != expected 0
#46/18   btf_dump/btf_dump: datasec_data:FAIL
#46      btf_dump:FAIL
Summary: 11/65 PASSED, 0 SKIPPED, 1/1 FAILED
926] Using GB pages for direct mapping
[    0.017627] ACPI: Early table checksum verification disabled
[    0.018721] ACPI: RSDP 0x00000000000F5240 000014 (v00 BOCHS )
[    0.019773] ACPI: RSDT 0x00000000BFFE1D9D 000034 (v01 BOCHS  BXPC     00000001 BXPC 00000001)
[    0.021347] ACPI: FACP 0x00000000BFFE1C39 000074 (v01 BOCHS  BXPC     00000001 BXPC 00000001)
[    0.022966] ACPI: DSDT 0x00000000BFFE0040 001BF9 (v01 BOCHS  BXPC     00000001 BXPC 00000001)
[    0.024560] ACPI: FACS 0x00000000BFFE0000 000040
[    0.025401] ACPI: APIC 0x00000000BFFE1CAD 000090 (v03 BOCHS  BXPC     00000001 BXPC 00000001)
[    0.027018] ACPI: HPET 0x00000000BFFE1D3D 000038 (v01 BOCHS  BXPC     00000001 BXPC 00000001)
[    0.028607] ACPI: WAET 0x00000000BFFE1D75 000028 (v01 BOCHS  BXPC     00000001 BXPC 00000001)
[    0.030181] ACPI: Reserving FACP table memory at [mem 0xbffe1c39-0xbffe1cac]
[    0.031513] ACPI: Reserving DSDT table memory at [mem 0xbffe0040-0xbffe1c38]
[    0.032815] ACPI: Reserving FACS table memory at [mem 0xbffe0000-0xbffe003f]
[    0.034140] ACPI: Reserving APIC table memory at [mem 0xbffe1cad-0xbffe1d3c]
[    0.035433] ACPI: Reserving HPET table memory at [mem 0xbffe1d3d-0xbffe1d74]
[    0.036748] ACPI: Reserving WAET table memory at [mem 0xbffe1d75-0xbffe1d9c]
[    0.038530] No NUMA configuration found
[    0.039233] Faking a node at [mem 0x0000000000000000-0x000000013fffffff]
[    0.040489] NODE_DATA(0) allocated [mem 0x13fff9c80-0x13fffdfff]
[    0.042414] ACPI: PM-Timer IO Port: 0x608
[    0.043183] ACPI: LAPIC_NMI (acpi_id[0xff] dfl dfl lint[0x1])
[    0.044350] IOAPIC[0]: apic_id 0, version 17, address 0xfec00000, GSI 0-23
[    0.045630] ACPI: INT_SRC_OVR (bus 0 bus_irq 0 global_irq 2 dfl dfl)
[    0.046838] ACPI: INT_SRC_OVR (bus 0 bus_irq 5 global_irq 5 high level)
[    0.048061] ACPI: INT_SRC_OVR (bus 0 bus_irq 9 global_irq 9 high level)
[    0.049257] ACPI: INT_SRC_OVR (bus 0 bus_irq 10 global_irq 10 high level)
[    0.050531] ACPI: INT_SRC_OVR (bus 0 bus_irq 11 global_irq 11 high level)
[    0.051811] ACPI: Using ACPI (MADT) for SMP configuration information
[    0.052979] ACPI: HPET id: 0x8086a201 base: 0xfed00000
[    0.053947] TSC deadline timer available
[    0.054744] CPU topo: Max. logical packages:   1
[    0.055585] CPU topo: Max. logical nodes:      1
[    0.056443] CPU topo: Num. nodes per package:  1
[    0.057284] CPU topo: Max. logical dies:       1
[    0.058147] CPU topo: Max. dies per package:   1
[    0.059027] CPU topo: Max. threads per core:   1
[    0.059895] CPU topo: Num. cores per package:     4
[    0.060781] CPU topo: Num. threads per package:   4
[    0.061686] CPU topo: Allowing 4 present CPUs plus 0 hotplug CPUs
[    0.062833] kvm-guest: APIC: eoi() replaced with kvm_guest_apic_eoi_write()
[    0.064169] kvm-guest: KVM setup pv remote TLB flush
[    0.065077] kvm-guest: setup PV sched yield
[    0.065861] PM: hibernation: Registered nosave memory: [mem 0x00000000-0x00000fff]
[    0.067295] PM: hibernation: Registered nosave memory: [mem 0x0009f000-0x000fffff]
[    0.068666] PM: hibernation: Registered nosave memory: [mem 0xbffe0000-0xffffffff]
[    0.070117] [gap 0xc0000000-0xfeffbfff] available for PCI devices
[    0.071286] Booting paravirtualized kernel on KVM
[    0.072153] clocksource: refined-jiffies: mask: 0xffffffff max_cycles: 0xffffffff, max_idle_ns: 1910969940391419 ns
[    0.078835] Zone ranges:
[    0.079308]   DMA      [mem 0x0000000000001000-0x0000000000ffffff]
[    0.080457]   DMA32    [mem 0x0000000001000000-0x00000000ffffffff]
[    0.081588]   Normal   [mem 0x0000000100000000-0x000000013fffffff]
[    0.082773] Movable zone start for each node
[    0.083577] Early memory node ranges
[    0.084278]   node   0: [mem 0x0000000000001000-0x000000000009efff]
[    0.085428]   node   0: [mem 0x0000000000100000-0x00000000bffdffff]
[    0.086626]   node   0: [mem 0x0000000100000000-0x000000013fffffff]
[    0.087816] Initmem setup node 0 [mem 0x0000000000001000-0x000000013fffffff]
[    0.089912] On node 0, zone DMA: 1 pages in unavailable ranges
[    0.091022] On node 0, zone DMA: 97 pages in unavailable ranges
[    0.119079] On node 0, zone Normal: 32 pages in unavailable ranges
[    0.120249] setup_percpu: NR_CPUS:128 nr_cpumask_bits:4 nr_cpu_ids:4 nr_node_ids:1
[    0.122561] percpu: Embedded 58 pages/cpu s200144 r8192 d29232 u524288
[    0.123789] pcpu-alloc: s200144 r8192 d29232 u524288 alloc=1*2097152
[    0.124968] pcpu-alloc: [0] 0 1 2 3 
[    0.125677] Kernel command line: virtme_hostname=virtme-ng nr_open=1048576 virtme_link_mods=/home/prozak/sources/heimdall_experiment/uml-harness/.build/bpf-next-x86/.virtme_mods/lib/modules/0.0.0 virtme_rw_overlay0=/tmp virtme_console=ttyS0 console=ttyS0 earlyprintk=serial,ttyS0,115200 panic=-1 virtme.exec=`bW91bnQgLXQgYnBmIGJwZmZzIC9zeXMvZnMvYnBmIDI+L2Rldi9udWxsOyAuL3Rlc3RfcHJvZ3MgLXQgJ2ZleGl0X2JwZjJicGYseGRwX3ZldGhfYnJvYWRjYXN0X3JlZGlyZWN0LHhkcF92ZXRoX2VncmVzcyx4ZHBfdmV0aF9yZWRpcmVjdCx4ZHBfYm9uZGluZyx4ZHBfZG9fcmVkaXJlY3QseGRwX2luZGV4X3JlZGlyZWN0LGJ0Zl9kdW1wLHhkcF9hdHRhY2gseGRwX2luZm8seGRwX3BlcmYn` virtme_chdir=home/prozak/sources/heimdall_experiment/uml-harness/.build/selftests-output-qemu-lane1 rootfstype=9p rootflags=version=9p2000.L,trans=virtio,access=any,msize=524288 raid=noautodetect rw debug init=/home/prozak/.local/share/vng-venv/lib/python3.12/site-packages/virtme/guest/bin/virtme-ng-init
[    0.140838] Unknown kernel command line parameters "virtme_hostname=virtme-ng nr_open=1048576 virtme_link_mods=/home/prozak/sources/heimdall_experiment/uml-harness/.build/bpf-next-x86/.virtme_mods/lib/modules/0.0.0 virtme_rw_overlay0=/tmp virtme_console=ttyS0 virtme_chdir=home/prozak/sources/heimdall_experiment/uml-harness/.build/selftests-output-qemu-lane1", will be passed to user space.
[    0.147383] random: crng init done
[    0.148005] printk: log buffer data + meta data: 2097152 + 7340032 = 9437184 bytes
[    0.151130] Dentry cache hash table entries: 524288 (order: 10, 4194304 bytes, linear)
[    0.153505] Inode-cache hash table entries: 262144 (order: 9, 2097152 bytes, linear)
[    0.155087] software IO TLB: area num 4.
[    0.186403] Fallback order for Node 0: 0 
[    0.186409] Built 1 zonelists, mobility grouping on.  Total pages: 1048446
[    0.188468] Policy zone: Normal
[    0.189084] mem auto-init: stack:all(zero), heap alloc:off, heap free:off
[    0.195663] SLUB: HWalign=64, Order=0-3, MinObjects=0, CPUs=4, Nodes=1
Poking KASLR using RDRAND RDTSC...
[    0.209676] ftrace: allocating 70083 entries in 276 pages
[    0.210754] ftrace: allocated 276 pages with 3 groups
[    0.211753] Dynamic Preempt: full
[    0.213242] Running RCU self tests
[    0.213876] Running RCU synchronous self tests
[    0.214732] rcu: Preemptible hierarchical RCU implementation.
[    0.215798] rcu: 	RCU event tracing is enabled.
[    0.216649] rcu: 	RCU lockdep checking is enabled.
[    0.217525] rcu: 	RCU restricting CPUs from NR_CPUS=128 to nr_cpu_ids=4.
[    0.218883] 	Trampoline variant of Tasks RCU enabled.
[    0.219836] 	Rude variant of Tasks RCU enabled.
[    0.220702] 	Tracing variant of Tasks RCU enabled.
[    0.221578] rcu: RCU calculated value of scheduler-enlistment delay is 100 jiffies.
[    0.223040] rcu: Adjusting geometry for rcu_fanout_leaf=16, nr_cpu_ids=4
[    0.225085] Running RCU synchronous self tests
[    0.225913] RCU Tasks: Setting shift to 2 and lim to 1 rcu_task_cb_adjust=1 rcu_task_cpu_ids=4.
[    0.227592] RCU Tasks Rude: Setting shift to 2 and lim to 1 rcu_task_cb_adjust=1 rcu_task_cpu_ids=4.
[    0.237758] NR_IRQS: 8448, nr_irqs: 456, preallocated irqs: 16
[    0.239181] rcu: srcu_init: Setting srcu_struct sizes based on contention.
[    0.240494] clocksource: jiffies: mask: 0xffffffff max_cycles: 0xffffffff, max_idle_ns: 1911260446275000 ns
[    0.242570] Console: colour *CGA 80x25
[    0.243336] printk: legacy console [ttyS0] enabled
[    0.243336] printk: legacy console [ttyS0] enabled
[    0.245163] printk: legacy bootconsole [earlyser0] disabled
[    0.245163] printk: legacy bootconsole [earlyser0] disabled
[    0.247331] Lock dependency validator: Copyright (c) 2006 Red Hat, Inc., Ingo Molnar
[    0.248807] ... MAX_LOCKDEP_SUBCLASSES:  8
[    0.249633] ... MAX_LOCK_DEPTH:          48
[    0.250444] ... MAX_LOCKDEP_KEYS:        8192
[    0.251291] ... CLASSHASH_SIZE:          4096
[    0.252135] ... MAX_LOCKDEP_ENTRIES:     32768
[    0.252998] ... MAX_LOCKDEP_CHAINS:      65536
[    0.253839] ... CHAINHASH_SIZE:          32768
[    0.254737]  memory used by lock dependency info: 6429 kB
[    0.255765]  memory used for stack traces: 4224 kB
[    0.256705]  per task-struct memory footprint: 1920 bytes
[    0.257744] ACPI: Core revision 20260408
[    0.258754] clocksource: hpet: mask: 0xffffffff max_cycles: 0xffffffff, max_idle_ns: 19112604467 ns
[    0.260696] APIC: Switch to symmetric I/O mode setup
[    0.262137] x2apic enabled
[    0.263271] APIC: Switched APIC routing to: physical x2apic
[    0.264552] kvm-guest: APIC: send_IPI_mask() replaced with kvm_send_ipi_mask()
[    0.266107] kvm-guest: APIC: send_IPI_mask_allbutself() replaced with kvm_send_ipi_mask_allbutself()
[    0.267968] kvm-guest: setup PV IPIs
[    0.270827] ..TIMER: vector=0x30 apic1=0 pin1=2 apic2=-1 pin2=-1
[    0.272046] clocksource: tsc-early: mask: 0xffffffffffffffff max_cycles: 0x310274de655, max_idle_ns: 440795359465 ns
[    0.274089] Calibrating delay loop (skipped) preset value.. 6800.08 BogoMIPS (lpj=3400040)
[    0.275639] x86/cpu: User Mode Instruction Prevention (UMIP) activated
[    0.276361] Last level iTLB entries: 4KB 512, 2MB 255, 4MB 127
[    0.277086] Last level dTLB entries: 4KB 512, 2MB 255, 4MB 127, 1GB 0
[    0.279085] mitigations: Enabled attack vectors: user_kernel, user_user, SMT mitigations: auto
[    0.280087] Speculative Store Bypass: Mitigation: Speculative Store Bypass disabled via prctl
[    0.281087] Speculative Return Stack Overflow: IBPB-extending microcode not applied!
[    0.282086] Speculative Return Stack Overflow: WARNING: See https://kernel.org/doc/html/latest/admin-guide/hw-vuln/srso.html for mitigation options.
[    0.282088] Transient Scheduler Attacks: Vulnerable: No microcode
[    0.284087] Spectre V2 : Mitigation: Retpolines
[    0.285003] Speculative Return Stack Overflow: Vulnerable: Safe RET, no microcode
[    0.285086] Spectre V1 : Mitigation: usercopy/swapgs barriers and __user pointer sanitization
[    0.286087] Spectre V2 : Spectre v2 / SpectreRSB: Filling RSB on context switch and VMEXIT
[    0.287087] Spectre V2 : Enabling Restricted Speculation for firmware calls
[    0.288089] Spectre V2 : mitigation: Enabling conditional Indirect Branch Prediction Barrier
[    0.289087] active return thunk: srso_alias_return_thunk
[    0.290140] x86/fpu: Supporting XSAVE feature 0x001: 'x87 floating point registers'
[    0.291086] x86/fpu: Supporting XSAVE feature 0x002: 'SSE registers'
[    0.292087] x86/fpu: Supporting XSAVE feature 0x004: 'AVX registers'
[    0.293087] x86/fpu: xstate_offset[2]:  576, xstate_sizes[2]:  256
[    0.294086] x86/fpu: Enabled xstate features 0x7, context size is 832 bytes, using 'compacted' format.
[    0.331383] pid_max: default: 32768 minimum: 301
[    0.332247] SELinux:  Initializing.
[    0.334758] LSM support for eBPF active
[    0.335220] Mount-cache hash table entries: 8192 (order: 4, 65536 bytes, linear)
[    0.336091] Mountpoint-cache hash table entries: 8192 (order: 4, 65536 bytes, linear)
[    0.338086] VFS: Finished mounting rootfs on nullfs
[    0.341174] Running RCU synchronous self tests
[    0.342089] Running RCU synchronous self tests
[    0.343409] smpboot: CPU0: AMD Ryzen 9 5950X 16-Core Processor (family: 0x19, model: 0x21, stepping: 0x2)
[    0.344685] Performance Events: Fam17h+ core perfctr, AMD PMU driver.
[    0.345107] ... version:                   0
[    0.346073] ... bit width:                 48
[    0.346093] ... generic counters:          6
[    0.347071] ... generic bitmap:            000000000000003f
[    0.347094] ... fixed-purpose counters:    0
[    0.348059] ... fixed-purpose bitmap:      0000000000000000
[    0.348093] ... value mask:                0000ffffffffffff
[    0.349094] ... max period:                00007fffffffffff
[    0.350094] ... global_ctrl mask:          000000000000003f
[    0.351396] signal: max sigframe size: 1776
[    0.352214] rcu: Hierarchical SRCU implementation.
[    0.353094] rcu: 	Max phase no-delay instances is 400.
[    0.354246] Timer migration: 1 hierarchy levels; 8 children per group; 1 crossnode level
[    0.367302] smp: Bringing up secondary CPUs ...
[    0.368621] smpboot: x86: Booting SMP configuration:
[    0.369115] .... node  #0, CPUs:      #1 #2 #3
[    0.375317] smp: Brought up 1 node, 4 CPUs
[    0.377029] smpboot: Total of 4 processors activated (27200.32 BogoMIPS)
[    0.378484] Memory: 3966612K/4193784K available (25781K kernel code, 10327K rwdata, 18304K rodata, 4688K init, 13400K bss, 220956K reserved, 0K cma-reserved)
[    0.381248] devtmpfs: initialized
[    0.384490] Running RCU synchronous self tests
[    0.385112] Running RCU synchronous self tests
[    0.386151] Running RCU Tasks wait API self tests
[    0.387151] Running RCU Tasks Rude wait API self tests
[    0.388094] Running RCU Tasks Trace wait API self tests
[    0.389313] posixtimers hash table entries: 2048 (order: 6, 147456 bytes, linear)
[    0.390189] futex hash table entries: 1024 (131072 bytes on 1 NUMA nodes, total 128 KiB, linear).
[    0.391969] PM: RTC time: 18:30:11, date: 2026-09-06
[    0.393136] Callback from call_rcu_tasks_trace() invoked.
[    0.394465] NET: Registered PF_NETLINK/PF_ROUTE protocol family
[    0.396041] audit: initializing netlink subsys (disabled)
[    0.396138] audit: type=2000 audit(1788719412.298:1): state=initialized audit_enabled=0 res=1
[    0.411448] thermal_sys: Registered thermal governor 'step_wise'
[    0.411526] cpuidle: using governor ladder
[    0.413032] cpuidle: using governor menu
[    0.415367] PCI: Using configuration type 1 for base access
[    0.416093] PCI: Using configuration type 1 for extended access
[    0.417225] kprobes: kprobe jump-optimization is enabled. All kprobes are optimized if possible.
[    0.419292] HugeTLB: registered 1.00 GiB page size, pre-allocated 0 pages
[    0.421094] HugeTLB: 16380 KiB vmemmap can be freed for a 1.00 GiB page
[    0.422096] HugeTLB: registered 2.00 MiB page size, pre-allocated 0 pages
[    0.424096] HugeTLB: 28 KiB vmemmap can be freed for a 2.00 MiB page
[    0.429914] ACPI: Added _OSI(Module Device)
[    0.430096] ACPI: Added _OSI(Processor Device)
[    0.431096] ACPI: Added _OSI(Processor Aggregator Device)
[    0.436415] ACPI: 1 ACPI AML tables successfully acquired and loaded
[    0.441257] ACPI: \_SB_: platform _OSC: OS support mask [002a7eee]
[    0.442797] ACPI: Interpreter enabled
[    0.444163] ACPI: PM: (supports S0 S3 S4 S5)
[    0.445105] ACPI: Using IOAPIC for interrupt routing
[    0.446146] PCI: Using host bridge windows from ACPI; if necessary, use "pci=nocrs" and report a bug
[    0.448093] PCI: Using E820 reservations for host bridge windows
[    0.450447] ACPI: Enabled 2 GPEs in block 00 to 0F
[    0.463118] ACPI: PCI Root Bridge [PCI0] (domain 0000 [bus 00-ff])
[    0.464863] PCI host bridge to bus 0000:00
[    0.466105] pci_bus 0000:00: root bus resource [io  0x0000-0x0cf7 window]
[    0.467093] pci_bus 0000:00: root bus resource [io  0x0d00-0xffff window]
[    0.469095] pci_bus 0000:00: root bus resource [mem 0x000a0000-0x000bffff window]
[    0.470096] pci_bus 0000:00: root bus resource [mem 0xc0000000-0xfebfffff window]
[    0.472095] pci_bus 0000:00: root bus resource [mem 0x380000000000-0x38007fffffff window]
[    0.474096] pci_bus 0000:00: root bus resource [bus 00-ff]
[    0.475522] pci 0000:00:00.0: [8086:1237] type 00 class 0x060000 conventional PCI endpoint
[    0.478639] pci 0000:00:01.0: [8086:7000] type 00 class 0x060100 conventional PCI endpoint
[    0.481473] pci 0000:00:01.1: [8086:7010] type 00 class 0x010180 conventional PCI endpoint
[    0.485174] pci 0000:00:01.1: BAR 4 [io  0xc1c0-0xc1cf]
[    0.486190] pci 0000:00:01.1: BAR 0 [io  0x01f0-0x01f7]: legacy IDE quirk
[    0.487095] pci 0000:00:01.1: BAR 1 [io  0x03f6]: legacy IDE quirk
[    0.489096] pci 0000:00:01.1: BAR 2 [io  0x0170-0x0177]: legacy IDE quirk
[    0.490094] pci 0000:00:01.1: BAR 3 [io  0x0376]: legacy IDE quirk
[    0.492844] pci 0000:00:01.3: [8086:7113] type 00 class 0x068000 conventional PCI endpoint
[    0.494864] pci 0000:00:01.3: quirk: [io  0x0600-0x063f] claimed by PIIX4 ACPI
[    0.497117] pci 0000:00:01.3: quirk: [io  0x0700-0x070f] claimed by PIIX4 SMB
[    0.499140] pci 0000:00:02.0: [1af4:1009] type 00 class 0x000200 conventional PCI endpoint
[    0.503113] pci 0000:00:02.0: BAR 0 [io  0xc000-0xc03f]
[    0.504113] pci 0000:00:02.0: BAR 1 [mem 0xfebf8000-0xfebf8fff]
[    0.506154] pci 0000:00:02.0: BAR 4 [mem 0x380000000000-0x380000003fff 64bit pref]
[    0.510225] pci 0000:00:03.0: [8086:25ab] type 00 class 0x088000 conventional PCI endpoint
[    0.513109] pci 0000:00:03.0: BAR 0 [mem 0xfebf9000-0xfebf900f]
[    0.517725] pci 0000:00:04.0: [1af4:1003] type 00 class 0x078000 conventional PCI endpoint
[    0.521328] pci 0000:00:04.0: BAR 0 [io  0xc040-0xc07f]
[    0.523113] pci 0000:00:04.0: BAR 1 [mem 0xfebfa000-0xfebfafff]
[    0.524158] pci 0000:00:04.0: BAR 4 [mem 0x380000004000-0x380000007fff 64bit pref]
[    0.528084] pci 0000:00:05.0: [1af4:1003] type 00 class 0x078000 conventional PCI endpoint
[    0.532110] pci 0000:00:05.0: BAR 0 [io  0xc080-0xc0bf]
[    0.533111] pci 0000:00:05.0: BAR 1 [mem 0xfebfb000-0xfebfbfff]
[    0.534172] pci 0000:00:05.0: BAR 4 [mem 0x380000008000-0x38000000bfff 64bit pref]
[    0.539461] pci 0000:00:06.0: [1af4:1003] type 00 class 0x078000 conventional PCI endpoint
[    0.542113] pci 0000:00:06.0: BAR 0 [io  0xc0c0-0xc0ff]
[    0.543112] pci 0000:00:06.0: BAR 1 [mem 0xfebfc000-0xfebfcfff]
[    0.545158] pci 0000:00:06.0: BAR 4 [mem 0x38000000c000-0x38000000ffff 64bit pref]
[    0.549387] pci 0000:00:07.0: [1af4:1003] type 00 class 0x078000 conventional PCI endpoint
[    0.553112] pci 0000:00:07.0: BAR 0 [io  0xc100-0xc13f]
[    0.554112] pci 0000:00:07.0: BAR 1 [mem 0xfebfd000-0xfebfdfff]
[    0.555156] pci 0000:00:07.0: BAR 4 [mem 0x380000010000-0x380000013fff 64bit pref]
[    0.560468] pci 0000:00:08.0: [1af4:1003] type 00 class 0x078000 conventional PCI endpoint
[    0.563110] pci 0000:00:08.0: BAR 0 [io  0xc140-0xc17f]
[    0.564112] pci 0000:00:08.0: BAR 1 [mem 0xfebfe000-0xfebfefff]
[    0.565157] pci 0000:00:08.0: BAR 4 [mem 0x380000014000-0x380000017fff 64bit pref]
[    0.570386] pci 0000:00:09.0: [1af4:1003] type 00 class 0x078000 conventional PCI endpoint
[    0.573111] pci 0000:00:09.0: BAR 0 [io  0xc180-0xc1bf]
[    0.574109] pci 0000:00:09.0: BAR 1 [mem 0xfebff000-0xfebfffff]
[    0.576158] pci 0000:00:09.0: BAR 4 [mem 0x380000018000-0x38000001bfff 64bit pref]
[    0.585623] ACPI: PCI: Interrupt link LNKA configured for IRQ 10
[    0.587361] ACPI: PCI: Interrupt link LNKB configured for IRQ 10
[    0.589354] ACPI: PCI: Interrupt link LNKC configured for IRQ 11
[    0.590415] ACPI: PCI: Interrupt link LNKD configured for IRQ 11
[    0.592226] ACPI: PCI: Interrupt link LNKS configured for IRQ 9
[    0.595134] iommu: Default domain type: Translated
[    0.596097] iommu: DMA domain TLB invalidation policy: lazy mode
[    0.598516] SCSI subsystem initialized
[    0.599166] libata version 3.00 loaded.
[    0.600228] ACPI: bus type USB registered
[    0.601213] usbcore: registered new interface driver usbfs
[    0.602158] usbcore: registered new interface driver hub
[    0.604131] usbcore: registered new device driver usb
[    0.605231] pps_core: LinuxPPS API ver. 1 registered
[    0.606094] pps_core: Software ver. 5.3.6 - Copyright 2005-2007 Rodolfo Giometti <giometti@linux.it>
[    0.608108] PTP clock support registered
[    0.610306] Advanced Linux Sound Architecture Driver Initialized.
[    0.613222] NetLabel: Initializing
[    0.614036] NetLabel:  domain hash size = 128
[    0.614094] NetLabel:  protocols = UNLABELED CIPSOv4 CALIPSO
[    0.616143] NetLabel:  unlabeled traffic allowed by default
[    0.617300] PCI: Using ACPI for IRQ routing
[    0.618097] PCI: pci_cache_line_size set to 64 bytes
[    0.619470] e820: register RAM buffer resource [mem 0x0009fc00-0x0009ffff]
[    0.621129] e820: register RAM buffer resource [mem 0xbffe0000-0xbfffffff]
[    0.623225] vgaarb: loaded
[    0.623884] hpet0: at MMIO 0xfed00000, IRQs 2, 8, 0
[    0.625096] hpet0: 3 comparators, 64-bit 100.000000 MHz counter
[    0.631359] clocksource: Switched to clocksource kvm-clock
[    0.633463] VFS: Disk quotas dquot_6.6.0
[    0.634431] VFS: Dquot-cache hash table entries: 512 (4096 bytes)
[    0.637518] pnp: PnP ACPI init
[    0.638734] pnp 00:02: [dma 2]
[    0.640287] pnp: PnP ACPI: found 4 devices
[    0.656980] clocksource: acpi_pm: mask: 0xffffff max_cycles: 0xffffff, max_idle_ns: 2085701024 ns
[    0.659119] NET: Registered PF_INET protocol family
[    0.661225] IP idents hash table entries: 65536 (order: 7, 524288 bytes, linear)
[    0.663955] tcp_listen_portaddr_hash hash table entries: 2048 (order: 6, 147456 bytes, linear)
[    0.666812] Table-perturb hash table entries: 65536 (order: 6, 262144 bytes, linear)
[    0.668578] TCP established hash table entries: 32768 (order: 6, 262144 bytes, linear)
[    0.670397] TCP bind hash table entries: 32768 (order: 11, 4718592 bytes, vmalloc hugepage)
[    0.676637] TCP: Hash tables configured (established 32768 bind 32768)
[    0.678335] MPTCP token hash table entries: 4096 (order: 7, 360448 bytes, linear)
[    0.680175] UDP hash table entries: 2048 (order: 7, 524288 bytes, linear)
[    0.682839] NET: Registered PF_UNIX/PF_LOCAL protocol family
[    0.684813] RPC: Registered named UNIX socket transport module.
[    0.686194] RPC: Registered udp transport module.
[    0.687285] RPC: Registered tcp transport module.
[    0.688410] RPC: Registered tcp-with-tls transport module.
[    0.689704] RPC: Registered tcp NFSv4.1 backchannel transport module.
[    0.691963] NET: Registered PF_XDP protocol family
[    0.693140] pci_bus 0000:00: resource 4 [io  0x0000-0x0cf7 window]
[    0.694551] pci_bus 0000:00: resource 5 [io  0x0d00-0xffff window]
[    0.695966] pci_bus 0000:00: resource 6 [mem 0x000a0000-0x000bffff window]
[    0.697559] pci_bus 0000:00: resource 7 [mem 0xc0000000-0xfebfffff window]
[    0.699153] pci_bus 0000:00: resource 8 [mem 0x380000000000-0x38007fffffff window]
[    0.701043] Callback from call_rcu_tasks() invoked.
[    0.701097] pci 0000:00:01.0: PIIX3: Enabling Passive Release
[    0.703575] pci 0000:00:00.0: Limiting direct PCI/PCI transfers
[    0.705208] PCI: CLS 0 bytes, default 64
[    0.706260] PCI-DMA: Using software bounce buffering for IO (SWIOTLB)
[    0.707758] software IO TLB: mapped [mem 0x00000000bbfe0000-0x00000000bffe0000] (64MB)
[    0.710074] clocksource: tsc: mask: 0xffffffffffffffff max_cycles: 0x310274de655, max_idle_ns: 440795359465 ns
[    0.717033] Initialise system trusted keyrings
[    0.718293] workingset: timestamp_bits=40 (anon: 35) max_order=20 bucket_order=0 (anon: 0)
[    0.720953] squashfs: version 4.0 (2009/01/31) Phillip Lougher
[    0.722705] NFS: Registering the id_resolver key type
[    0.723913] Key type id_resolver registered
[    0.724925] Key type id_legacy registered
[    0.725896] nfs4filelayout_init: NFSv4 File Layout Driver Registering...
[    0.727428] nfs4flexfilelayout_init: NFSv4 Flexfile Layout Driver Registering...
[    0.729328] fuse: init (API version 7.45)
[    0.730543] 9p: Installing v9fs 9p2000 file system support
[    0.733020] NET: Registered PF_ALG protocol family
[    0.734145] Key type asymmetric registered
[    0.735167] Asymmetric key parser 'x509' registered
[    0.736338] Block layer SCSI generic (bsg) driver version 0.4 loaded (major 248)
[    0.738451] io scheduler mq-deadline registered
[    0.739521] io scheduler kyber registered
[    0.741434] input: Power Button as /devices/platform/LNXPWRBN:00/input/input0
[    0.743330] ACPI: button: Power Button [PWRF]
[    0.873791] ACPI: \_SB_.LNKB: Enabled at IRQ 10
[    1.003311] ACPI: \_SB_.LNKD: Enabled at IRQ 11
[    1.132359] ACPI: \_SB_.LNKA: Enabled at IRQ 10
[    1.282143] kwatchdog (73) used greatest stack depth: 14776 bytes left
[    1.388256] ACPI: \_SB_.LNKC: Enabled at IRQ 11
[    1.649871] Serial: 8250/16550 driver, 4 ports, IRQ sharing enabled
[    1.652487] 00:03: ttyS0 at I/O 0x3f8 (irq = 4, base_baud = 115200) is a 16550A
[    1.806263] Non-volatile memory driver v1.3
[    1.807950] ACPI: bus type drm_connector registered
[    1.824826] brd: module loaded
[    1.835979] loop: module loaded
[    1.840651] scsi host0: ata_piix
[    1.842277] scsi host1: ata_piix
[    1.843285] ata1: PATA max MWDMA2 cmd 0x1f0 ctl 0x3f6 bmdma 0xc1c0 irq 14 lpm-pol 0
[    1.845047] ata2: PATA max MWDMA2 cmd 0x170 ctl 0x376 bmdma 0xc1c8 irq 15 lpm-pol 0
[    1.850656] tun: Universal TUN/TAP device driver, 1.6
[    1.852216] e100: Intel(R) PRO/100 Network Driver
[    1.853307] e100: Copyright(c) 1999-2006 Intel Corporation
[    1.854677] e1000: Intel(R) PRO/1000 Network Driver
[    1.855850] e1000: Copyright (c) 1999-2006 Intel Corporation.
[    1.857292] e1000e: Intel(R) PRO/1000 Network Driver
[    1.858421] e1000e: Copyright(c) 1999 - 2015 Intel Corporation.
[    1.859901] sky2: driver version 1.30
[    1.861941] usbcore: registered new interface driver usblp
[    1.863286] usbcore: registered new interface driver usb-storage
[    1.864738] i8042: PNP: PS/2 Controller [PNP0303:KBD,PNP0f13:MOU] at 0x60,0x64 irq 1,12
[    1.868125] serio: i8042 KBD port at 0x60,0x64 irq 1
[    1.869776] serio: i8042 AUX port at 0x60,0x64 irq 12
[    1.871743] rtc_cmos PNP0B00:00: RTC can wake from S4
[    1.873861] input: AT Translated Set 2 keyboard as /devices/platform/i8042/serio0/input/input1
[    1.876008] rtc_cmos PNP0B00:00: registered as rtc0
[    1.877832] rtc_cmos PNP0B00:00: alarms up to one day, y3k, 242 bytes nvram, hpet irqs
[    1.880040] Registered IR keymap rc-empty
[    1.881611] rc rc0: rc-core loopback device as /devices/virtual/rc/rc0
[    1.884313] rc rc0: lirc_dev: driver rc-loopback registered at minor = 0, raw IR receiver, raw IR transmitter
[    1.888190] input: rc-core loopback device as /devices/virtual/rc/rc0/input2
[    1.891285] intel_powerclamp: CPU does not support MWAIT
[    1.892526] device-mapper: core: CONFIG_IMA_DISABLE_HTABLE is disabled. Duplicate IMA measurements will not be recorded in the IMA log.
[    1.895677] device-mapper: ioctl: 4.50.0-ioctl (2025-04-28) initialised: dm-devel@lists.linux.dev
[    1.898247] hid: raw HID events driver (C) Jiri Kosina
[    1.901178] usbcore: registered new interface driver usbhid
[    1.902455] usbhid: USB HID core driver
[    1.904353] GACT probability NOT on
[    1.905251] Mirror/redirect action on
[    1.906669] nf_conntrack_irc: The irc conntrack helper is scheduled for removal.
[    1.906669] Please contact the netfilter-devel mailing list if you still need this.
[    1.911490] ipip: IPv4 and MPLS over IPv4 tunneling driver
[    1.913367] gre: GRE over IPv4 demultiplexer driver
[    1.914512] ip_gre: GRE over IPv4 tunneling driver
[    1.917751] Initializing XFRM netlink socket
[    1.918774] IPsec XFRM device driver
[    1.919698] NET: Registered PF_INET6 protocol family
[    1.922013] Segment Routing with IPv6
[    1.922880] In-situ OAM (IOAM) with IPv6
[    1.923824] mip6: Mobile IPv6
[    1.924511] sit: IPv6, IPv4 and MPLS over IPv4 tunneling driver
[    1.927096] ip6_gre: GRE over IPv6 tunneling driver
[    1.928926] NET: Registered PF_PACKET protocol family
[    1.930204] RPC: Registered rdma transport module.
[    1.931297] RPC: Registered rdma backchannel transport module.
[    1.932818] 8021q: 802.1Q VLAN Support v1.8
[    1.934150] smc: adding smcd device lo without pnetid
[    1.935447] NET: Registered PF_SMC protocol family
[    1.936842] 9pnet: Installing 9P2000 support
[    1.939394] Key type dns_resolver registered
[    1.940577] NET: Registered PF_VSOCK protocol family
[    1.941848] mpls_gso: MPLS GSO support
[    1.944361] IPI shorthand broadcast: enabled
[    1.989282] sched_clock: Marking stable (1963015848, 25589935)->(2042090813, -53485030)
[    1.992191] registered taskstats version 1
[    2.002188] ata2: found unknown device (class 0)
[    2.004304] ata2.00: ATAPI: QEMU DVD-ROM, 2.5+, max UDMA/100
[    2.007943] scsi 1:0:0:0: CD-ROM            QEMU     QEMU DVD-ROM     2.5+ PQ: 0 ANSI: 5
[    2.008370] Loading compiled-in X.509 certificates
[    2.012388] kworker/u16:1 (90) used greatest stack depth: 14184 bytes left
[    2.015065] Loaded X.509 cert 'Build time autogenerated kernel key: c4531344b9a9c1a4731230d977a262ba29ba5272'
[    2.036924] sr 1:0:0:0: [sr0] scsi3-mmc drive: 4x/4x cd/rw xa/form2 tray
[    2.052282] cdrom: Uniform CD-ROM driver Revision: 3.20
[    2.055546] Demotion targets for Node 0: null
[    2.057088] ima: No TPM chip found, activating TPM-bypass!
[    2.058383] ima: Allocated hash algorithm: sha1
[    2.059582] ima: No architecture policies found
[    2.061468] PM:   Magic number: 10:855:543
[    2.062551] netconsole: network logging started
[    2.064580] cfg80211: Loading compiled-in X.509 certificates for regulatory database
[    2.067237] Loaded X.509 cert 'sforshee: 00b28ddf47aef9cea7'
[    2.067293] sr 1:0:0:0: Attached scsi CD-ROM sr0
[    2.068705] Loaded X.509 cert 'wens: 61c038651aabdcf94bd0ac7ff06c7248db18c600'
[    2.070856] sr 1:0:0:0: Attached scsi generic sg0 type 5
[    2.072419] faux_driver regulatory: Direct firmware load for regulatory.db failed with error -2
[    2.073548] ALSA device list:
[    2.075258] cfg80211: failed to load regulatory.db
[    2.075943]   No soundcards found.
[    2.300257] input: ImExPS/2 Generic Explorer Mouse as /devices/platform/i8042/serio1/input/input4
[    2.302309] md: Skipping autodetection of RAID arrays. (raid=autodetect will force)
[    2.303664] 9p: Bad value for 'source'
[    2.304310] 9pnet: Limiting 'msize' to 512000 as this is the maximum supported by transport virtio
[    2.307578] VFS: Mounted root (9p filesystem) on device 0:24.
[    2.309617] devtmpfs: mounted
[    2.310269] VFS: Pivoted into new rootfs
[    2.314935] Freeing unused kernel image (initmem) memory: 4688K
[    2.315953] Write protecting the kernel read-only data: 45056k
[    2.317868] Freeing unused kernel image (text/rodata gap) memory: 840K
[    2.319105] Freeing unused kernel image (rodata/data gap) memory: 128K
[    2.357470] x86/mm: Checked W+X mappings: passed, no W+X pages found.
[    2.358497] Run /home/prozak/.local/share/vng-venv/lib/python3.12/site-packages/virtme/guest/bin/virtme-ng-init as init process
[    2.360246]   with arguments:
[    2.360742]     /home/prozak/.local/share/vng-venv/lib/python3.12/site-packages/virtme/guest/bin/virtme-ng-init
[    2.362284]   with environment:
[    2.362806]     HOME=/
[    2.363188]     TERM=linux
[    2.363658]     virtme_hostname=virtme-ng
[    2.364279]     nr_open=1048576
[    2.364819]     virtme_link_mods=/home/prozak/sources/heimdall_experiment/uml-harness/.build/bpf-next-x86/.virtme_mods/lib/modules/0.0.0
[    2.366661]     virtme_rw_overlay0=/tmp
[    2.367252]     virtme_console=ttyS0
[    2.367848]     virtme_chdir=home/prozak/sources/heimdall_experiment/uml-harness/.build/selftests-output-qemu-lane1
[    2.459467] virtme-ng-init: mount devtmpfs -> /dev: EBUSY: Device or resource busy
[    2.461455] virtme-ng-init: Setting hostname to virtme-ng...
[    2.503720] virtme-ng-init: running systemd-tmpfiles
[    3.827072] systemd-tmpfile (99) used greatest stack depth: 12520 bytes left
[    3.827215] virtme-ng-init: basic initialization done
[    3.848478] virtme-ng-init: error creating file: Permission denied (os error 13)
[    3.958503] ip (104) used greatest stack depth: 11832 bytes left
[    4.075542] virtme-ng-init: Starting systemd-udevd version 255.4-1ubuntu8.17
[    4.078008] virtme-ng-init: triggering udev coldplug
[    6.922758] virtme-ng-init: waiting for udev to settle
[    7.730790] virtme-ng-init: udev is done
[    7.735520] virtme-ng-init: starting script
[    8.040023] bpf_testmod: loading out-of-tree module taints kernel.
[    8.041083] bpf_testmod: module verification failed: signature and/or required key missing - tainting kernel
[    8.962217] NOTICE: Automounting of tracing to debugfs is deprecated and will be removed in 2030
[    9.271739] bond: (slave veth): Enslaving as an active interface with an up link
[    9.456562] bond: (slave vxlan): Enslaving as an active interface with an up link
[    9.533096] bond: (slave veth): Releasing backup interface
[    9.534736] bond: (slave veth): the permanent HWaddr of slave - 06:20:84:ff:d6:e7 - is still in use by bond - set the HWaddr of slave to a different address to avoid conflicts
[    9.629640] bond (unregistering): (slave vxlan): Releasing backup interface
[    9.640758] bond (unregistering): Released all slaves
[   10.047488] 8021q: adding VLAN 0 to HW filter on device bond_nest1
[   10.051066] bond: (slave bond_nest1): Enslaving as an active interface with an up link
[   10.204637] 8021q: adding VLAN 0 to HW filter on device bond_nest2
[   10.208392] bond_nest1: (slave bond_nest2): Enslaving as an active interface with an up link
[   10.214949] ip (204) used greatest stack depth: 11472 bytes left
[   10.320651] bond (unregistering): (slave bond_nest1): Releasing backup interface
[   10.331368] bond (unregistering): Released all slaves
[   10.428582] bond_nest1 (unregistering): (slave bond_nest2): Releasing backup interface
[   10.435187] bond_nest1 (unregistering): Released all slaves
[   10.525376] bond_nest2 (unregistering): Released all slaves
[   10.865468] bond: (slave veth0): Enslaving as an active interface with an up link
[   10.950217] bond: (slave veth2): Enslaving as an active interface with an up link
[   11.020104] bond: (slave veth2): Releasing backup interface
[   11.100639] bond: (slave veth0): Releasing backup interface
[   11.428792] bond (unregistering): Released all slaves
[   11.903452] 8021q: adding VLAN 0 to HW filter on device bond1
[   12.051309] 8021q: adding VLAN 0 to HW filter on device bond2
[   12.123314] bond1: (slave veth1_1): Enslaving as an active interface with an up link
[   12.206276] bond1: (slave veth1_2): Enslaving as an active interface with an up link
[   12.284006] bond2: (slave veth2_1): Enslaving as an active interface with an up link
[   12.359090] bond2: (slave veth2_2): Enslaving as an active interface with an up link
[   12.472434] bond1 (unregistering): (slave veth1_1): Releasing backup interface
[   12.481329] bond1 (unregistering): (slave veth1_2): Releasing backup interface
[   12.489029] bond1 (unregistering): Released all slaves
[   12.616319] bond2: (slave veth2_1): Releasing backup interface
[   12.741049] bond2: (slave veth2_2): Releasing backup interface
[   12.857772] bond2 (unregistering): Released all slaves
[   13.248028] 8021q: adding VLAN 0 to HW filter on device bond1
[   13.415127] 8021q: adding VLAN 0 to HW filter on device bond2
[   13.482206] bond1: (slave veth1_1): making interface the new active one
[   13.483435] bond1: (slave veth1_1): Enslaving as an active interface with an up link
[   13.559517] bond1: (slave veth1_2): Enslaving as a backup interface with an up link
[   13.640897] bond2: (slave veth2_1): making interface the new active one
[   13.642459] bond2: (slave veth2_1): Enslaving as an active interface with an up link
[   13.718809] bond2: (slave veth2_2): Enslaving as a backup interface with an up link
[   13.820280] bond1 (unregistering): (slave veth1_1): Releasing backup interface
[   13.829417] bond1 (unregistering): (slave veth1_2): Releasing backup interface
[   13.837914] bond1 (unregistering): Released all slaves
[   13.948854] bond2: (slave veth2_1): Releasing backup interface
[   13.951024] bond2: (slave veth2_2): making interface the new active one
[   14.067646] bond2: (slave veth2_2): Releasing backup interface
[   14.183527] bond2 (unregistering): Released all slaves
[   14.586840] 8021q: adding VLAN 0 to HW filter on device bond1
[   14.737383] 8021q: adding VLAN 0 to HW filter on device bond2
[   14.804947] bond1: (slave veth1_1): Enslaving as an active interface with an up link
[   14.887422] bond1: (slave veth1_2): Enslaving as an active interface with an up link
[   14.958314] bond2: (slave veth2_1): Enslaving as an active interface with an up link
[   15.028781] bond2: (slave veth2_2): Enslaving as an active interface with an up link
[   15.135504] bond1 (unregistering): (slave veth1_1): Releasing backup interface
[   15.145510] bond1 (unregistering): (slave veth1_2): Releasing backup interface
[   15.157002] bond1 (unregistering): Released all slaves
[   15.268757] bond2: (slave veth2_1): Releasing backup interface
[   15.393009] bond2: (slave veth2_2): Releasing backup interface
[   15.511822] bond2 (unregistering): Released all slaves
[   15.941910] 8021q: adding VLAN 0 to HW filter on device bond1
[   16.100851] 8021q: adding VLAN 0 to HW filter on device bond2
[   16.173359] bond1: (slave veth1_1): Enslaving as an active interface with an up link
[   16.254908] bond1: (slave veth1_2): Enslaving as an active interface with an up link
[   16.341214] bond2: (slave veth2_1): Enslaving as an active interface with an up link
[   16.423968] bond2: (slave veth2_2): Enslaving as an active interface with an up link
[   16.528178] bond1 (unregistering): (slave veth1_1): Releasing backup interface
[   16.537282] bond1 (unregistering): (slave veth1_2): Releasing backup interface
[   16.546836] bond1 (unregistering): Released all slaves
[   16.635864] bond2: (slave veth2_1): Releasing backup interface
[   16.737844] bond2: (slave veth2_2): Releasing backup interface
[   16.840641] bond2 (unregistering): Released all slaves
[   17.273458] 8021q: adding VLAN 0 to HW filter on device bond1
[   17.427097] 8021q: adding VLAN 0 to HW filter on device bond2
[   17.496645] bond1: (slave veth1_1): Enslaving as an active interface with an up link
[   17.577707] bond1: (slave veth1_2): Enslaving as an active interface with an up link
[   17.647796] bond2: (slave veth2_1): Enslaving as an active interface with an up link
[   17.716360] bond2: (slave veth2_2): Enslaving as an active interface with an up link
[   17.843587] bond1 (unregistering): (slave veth1_1): Releasing backup interface
[   17.853387] bond1 (unregistering): (slave veth1_2): Releasing backup interface
[   17.861986] bond1 (unregistering): Released all slaves
[   17.986683] bond2: (slave veth2_1): Releasing backup interface
[   18.106892] bond2: (slave veth2_2): Releasing backup interface
[   18.225650] bond2 (unregistering): Released all slaves
[   18.610950] bond0: (slave veth0): Enslaving as a backup interface with a down link
[   18.709454] 8021q: adding VLAN 0 to HW filter on device bond0
[   19.031820] bond0 (unregistering): (slave veth0): Releasing backup interface
[   19.044070] bond0 (unregistering): Released all slaves
[   19.437541] 8021q: adding VLAN 0 to HW filter on device bond1
[   19.599435] 8021q: adding VLAN 0 to HW filter on device bond2
[   19.669151] bond1: (slave veth1_1): Enslaving as an active interface with an up link
[   19.829138] bond2: (slave veth2_1): Enslaving as an active interface with an up link
[   20.021044] bond1 (unregistering): (slave veth1_1): Releasing backup interface
[   20.028979] bond1 (unregistering): Released all slaves
[   20.148758] bond2: (slave veth2_1): Releasing backup interface
[   20.370695] bond2 (unregistering): Released all slaves
[   20.752939] bond0: (slave veth0): making interface the new active one
[   20.754152] bond0: (slave veth0): Enslaving as an active interface with an up link
[   20.851389] 8021q: adding VLAN 0 to HW filter on device bond0
[   21.236686] bond1: (slave veth1): Enslaving as an active interface with an up link
[   21.339096] bond0 (unregistering): (slave veth0): Releasing backup interface
[   21.347988] bond0 (unregistering): Released all slaves
[   21.352074] bond1 (unregistering): (slave veth1): Releasing backup interface
[   21.359063] bond1 (unregistering): Released all slaves
[   67.774415] smc: removing smcd device lo
[   67.842862] ACPI: PM: Preparing to enter system sleep state S5
[   67.844255] reboot: Power down
