#40/1    bpftool_btf_dump/c_sorted:OK
#40/2    bpftool_btf_dump/c_unsorted:OK
#40      bpftool_btf_dump:OK
#46/1    btf_dump/btf_dump: syntax:OK
#46/2    btf_dump/btf_dump: ordering:OK
#46/3    btf_dump/btf_dump: padding:OK
#46/4    btf_dump/btf_dump: packing:OK
#46/5    btf_dump/btf_dump: bitfields:OK
#46/6    btf_dump/btf_dump: multidim:OK
#46/7    btf_dump/btf_dump: namespacing:OK
#46/8    btf_dump/btf_dump: incremental:OK
#46/9    btf_dump/btf_dump: type_tags:OK
#46/10   btf_dump/btf_dump: int_data:OK
#46/11   btf_dump/btf_dump: float_data:OK
#46/12   btf_dump/btf_dump: char_data:OK
#46/13   btf_dump/btf_dump: typedef_data:OK
#46/14   btf_dump/btf_dump: enum_data:OK
#46/15   btf_dump/btf_dump: struct_data:OK
#46/16   btf_dump/btf_dump: var_data:OK
#46/17   btf_dump/btf_dump: string_data:OK
#46/18   btf_dump/btf_dump: datasec_data:OK
#46      btf_dump:OK
#128/1   fexit_bpf2bpf/target_no_callees:OK
#128/2   fexit_bpf2bpf/target_yes_callees:OK
#128/3   fexit_bpf2bpf/func_replace:OK
#128/4   fexit_bpf2bpf/func_replace_verify:OK
#128/5   fexit_bpf2bpf/func_replace_return_code:OK
#128/6   fexit_bpf2bpf/func_map_prog_compatibility:OK
#128/7   fexit_bpf2bpf/func_replace_unreliable:OK
#128/8   fexit_bpf2bpf/func_replace_multi:OK
#128/9   fexit_bpf2bpf/fmod_ret_freplace:OK
#128/10  fexit_bpf2bpf/func_replace_global_func:OK
#128/11  fexit_bpf2bpf/fentry_to_cgroup_bpf:OK
#128/12  fexit_bpf2bpf/func_replace_progmap:OK
#128/13  fexit_bpf2bpf/freplace_int_with_void:OK
#128/14  fexit_bpf2bpf/freplace_ret_pair:OK
#128/15  fexit_bpf2bpf/freplace_void:OK
#128/16  fexit_bpf2bpf/sleepable_fentry_to_xdp:OK
#128     fexit_bpf2bpf:OK
#745/1   xdp_attach/xdp_attach:OK
#745/2   xdp_attach/xdp_attach_dynptr:OK
#745/3   xdp_attach/xdp_attach_failed:OK
#745     xdp_attach:OK
#746/1   xdp_bonding/xdp_bonding_attach:OK
#746/2   xdp_bonding/xdp_bonding_nested:OK
#746/3   xdp_bonding/xdp_bonding_features:OK
#746/4   xdp_bonding/xdp_bonding_roundrobin:OK
#746/5   xdp_bonding/xdp_bonding_activebackup:OK
#746/6   xdp_bonding/xdp_bonding_xor_layer2:OK
#746/7   xdp_bonding/xdp_bonding_xor_layer23:OK
#746/8   xdp_bonding/xdp_bonding_xor_layer34:OK
#746/9   xdp_bonding/xdp_bonding_xmit_policy_compat:OK
#746/10  xdp_bonding/xdp_bonding_redirect_multi:OK
#746/11  xdp_bonding/xdp_bonding_redirect_no_up:OK
#746     xdp_bonding:OK
#755     xdp_do_redirect:OK
#757/1   xdp_index_redirect/noflag:OK
#757/2   xdp_index_redirect/drvflag:OK
#757/3   xdp_index_redirect/skbflag:OK
#757     xdp_index_redirect:OK
#758     xdp_info:OK
#762     xdp_perf:OK
#765/1   xdp_veth_broadcast_redirect/0/BROADCAST:OK
#765/2   xdp_veth_broadcast_redirect/0/(BROADCAST | EXCLUDE_INGRESS):OK
#765/3   xdp_veth_broadcast_redirect/DRV_MODE/BROADCAST:OK
#765/4   xdp_veth_broadcast_redirect/DRV_MODE/(BROADCAST | EXCLUDE_INGRESS):OK
#765/5   xdp_veth_broadcast_redirect/SKB_MODE/BROADCAST:OK
#765/6   xdp_veth_broadcast_redirect/SKB_MODE/(BROADCAST | EXCLUDE_INGRESS):OK
#765     xdp_veth_broadcast_redirect:OK
#766/1   xdp_veth_egress/0/egress:OK
#766/2   xdp_veth_egress/DRV_MODE/egress:OK
#766/3   xdp_veth_egress/SKB_MODE/egress:OK
#766/4   xdp_veth_egress/SKB_MODE/egress_last_dst:OK
#766     xdp_veth_egress:OK
#767/1   xdp_veth_redirect/0:OK
#767/2   xdp_veth_redirect/DRV_MODE:OK
#767/3   xdp_veth_redirect/SKB_MODE:OK
#767     xdp_veth_redirect:OK
Summary: 12/66 PASSED, 0 SKIPPED, 0/0 FAILED
00000000
[    0.000000] kvm-clock: Using msrs 4b564d01 and 4b564d00
[    0.000001] kvm-clock: using sched offset of 299174192 cycles
[    0.000971] clocksource: kvm-clock: mask: 0xffffffffffffffff max_cycles: 0x1cd42e4dffb, max_idle_ns: 881590591483 ns
[    0.003967] tsc: Detected 3400.040 MHz processor
[    0.005172] e820: update [mem 0x00000000-0x00000fff] System RAM ==> device reserved
[    0.006602] e820: remove [mem 0x000a0000-0x000fffff] System RAM
[    0.007701] last_pfn = 0x140000 max_arch_pfn = 0x400000000
[    0.008810] MTRR map: 4 entries (3 fixed + 1 variable; max 19), built from 8 variable MTRRs
[    0.010369] x86/PAT: Configuration [0-7]: WB  WC  UC- UC  WB  WP  UC- WT  
Memory KASLR using RDRAND RDTSC...
[    0.012339] last_pfn = 0xbffe0 max_arch_pfn = 0x400000000
[    0.014588] found SMP MP-table at [mem 0x000f5450-0x000f545f]
[    0.015641] Using GB pages for direct mapping
[    0.016565] ACPI: Early table checksum verification disabled
[    0.017585] ACPI: RSDP 0x00000000000F5240 000014 (v00 BOCHS )
[    0.018713] ACPI: RSDT 0x00000000BFFE1D9D 000034 (v01 BOCHS  BXPC     00000001 BXPC 00000001)
[    0.020248] ACPI: FACP 0x00000000BFFE1C39 000074 (v01 BOCHS  BXPC     00000001 BXPC 00000001)
[    0.021801] ACPI: DSDT 0x00000000BFFE0040 001BF9 (v01 BOCHS  BXPC     00000001 BXPC 00000001)
[    0.023405] ACPI: FACS 0x00000000BFFE0000 000040
[    0.024237] ACPI: APIC 0x00000000BFFE1CAD 000090 (v03 BOCHS  BXPC     00000001 BXPC 00000001)
[    0.025821] ACPI: HPET 0x00000000BFFE1D3D 000038 (v01 BOCHS  BXPC     00000001 BXPC 00000001)
[    0.027400] ACPI: WAET 0x00000000BFFE1D75 000028 (v01 BOCHS  BXPC     00000001 BXPC 00000001)
[    0.028955] ACPI: Reserving FACP table memory at [mem 0xbffe1c39-0xbffe1cac]
[    0.030222] ACPI: Reserving DSDT table memory at [mem 0xbffe0040-0xbffe1c38]
[    0.031537] ACPI: Reserving FACS table memory at [mem 0xbffe0000-0xbffe003f]
[    0.032821] ACPI: Reserving APIC table memory at [mem 0xbffe1cad-0xbffe1d3c]
[    0.034087] ACPI: Reserving HPET table memory at [mem 0xbffe1d3d-0xbffe1d74]
[    0.035397] ACPI: Reserving WAET table memory at [mem 0xbffe1d75-0xbffe1d9c]
[    0.037129] No NUMA configuration found
[    0.037820] Faking a node at [mem 0x0000000000000000-0x000000013fffffff]
[    0.039086] NODE_DATA(0) allocated [mem 0x13fffbc80-0x13fffffff]
[    0.041792] ACPI: PM-Timer IO Port: 0x608
[    0.042574] ACPI: LAPIC_NMI (acpi_id[0xff] dfl dfl lint[0x1])
[    0.043658] IOAPIC[0]: apic_id 0, version 17, address 0xfec00000, GSI 0-23
[    0.044932] ACPI: INT_SRC_OVR (bus 0 bus_irq 0 global_irq 2 dfl dfl)
[    0.046074] ACPI: INT_SRC_OVR (bus 0 bus_irq 5 global_irq 5 high level)
[    0.047332] ACPI: INT_SRC_OVR (bus 0 bus_irq 9 global_irq 9 high level)
[    0.048538] ACPI: INT_SRC_OVR (bus 0 bus_irq 10 global_irq 10 high level)
[    0.049777] ACPI: INT_SRC_OVR (bus 0 bus_irq 11 global_irq 11 high level)
[    0.051062] ACPI: Using ACPI (MADT) for SMP configuration information
[    0.052220] ACPI: HPET id: 0x8086a201 base: 0xfed00000
[    0.053179] TSC deadline timer available
[    0.053888] CPU topo: Max. logical packages:   1
[    0.054775] CPU topo: Max. logical nodes:      1
[    0.055606] CPU topo: Num. nodes per package:  1
[    0.056463] CPU topo: Max. logical dies:       1
[    0.057333] CPU topo: Max. dies per package:   1
[    0.058181] CPU topo: Max. threads per core:   1
[    0.059068] CPU topo: Num. cores per package:     4
[    0.059945] CPU topo: Num. threads per package:   4
[    0.060840] CPU topo: Allowing 4 present CPUs plus 0 hotplug CPUs
[    0.061962] kvm-guest: APIC: eoi() replaced with kvm_guest_apic_eoi_write()
[    0.063299] kvm-guest: KVM setup pv remote TLB flush
[    0.064199] kvm-guest: setup PV sched yield
[    0.064977] PM: hibernation: Registered nosave memory: [mem 0x00000000-0x00000fff]
[    0.066348] PM: hibernation: Registered nosave memory: [mem 0x0009f000-0x000fffff]
[    0.067743] PM: hibernation: Registered nosave memory: [mem 0xbffe0000-0xffffffff]
[    0.069136] [gap 0xc0000000-0xfeffbfff] available for PCI devices
[    0.070243] Booting paravirtualized kernel on KVM
[    0.071143] clocksource: refined-jiffies: mask: 0xffffffff max_cycles: 0xffffffff, max_idle_ns: 1910969940391419 ns
[    0.077711] Zone ranges:
[    0.078182]   DMA      [mem 0x0000000000001000-0x0000000000ffffff]
[    0.079327]   DMA32    [mem 0x0000000001000000-0x00000000ffffffff]
[    0.080441]   Normal   [mem 0x0000000100000000-0x000000013fffffff]
[    0.081589] Movable zone start for each node
[    0.082374] Early memory node ranges
[    0.083037]   node   0: [mem 0x0000000000001000-0x000000000009efff]
[    0.084169]   node   0: [mem 0x0000000000100000-0x00000000bffdffff]
[    0.085331]   node   0: [mem 0x0000000100000000-0x000000013fffffff]
[    0.086534] Initmem setup node 0 [mem 0x0000000000001000-0x000000013fffffff]
[    0.088604] On node 0, zone DMA: 1 pages in unavailable ranges
[    0.089671] On node 0, zone DMA: 97 pages in unavailable ranges
[    0.117442] On node 0, zone Normal: 32 pages in unavailable ranges
[    0.118660] setup_percpu: NR_CPUS:128 nr_cpumask_bits:4 nr_cpu_ids:4 nr_node_ids:1
[    0.120900] percpu: Embedded 58 pages/cpu s200144 r8192 d29232 u524288
[    0.122089] pcpu-alloc: s200144 r8192 d29232 u524288 alloc=1*2097152
[    0.123266] pcpu-alloc: [0] 0 1 2 3 
[    0.123972] Kernel command line: virtme_hostname=virtme-ng nr_open=1048576 virtme_link_mods=/home/prozak/sources/heimdall_experiment/uml-harness/.build/bpf-next-x86/.virtme_mods/lib/modules/0.0.0 virtme_rw_overlay0=/tmp virtme_console=ttyS0 console=ttyS0 earlyprintk=serial,ttyS0,115200 panic=-1 virtme.exec=`bW91bnQgLXQgYnBmIGJwZmZzIC9zeXMvZnMvYnBmIDI+L2Rldi9udWxsOyAuL3Rlc3RfcHJvZ3MgLXQgJ2ZleGl0X2JwZjJicGYseGRwX3ZldGhfYnJvYWRjYXN0X3JlZGlyZWN0LHhkcF92ZXRoX2VncmVzcyx4ZHBfdmV0aF9yZWRpcmVjdCx4ZHBfYm9uZGluZyx4ZHBfZG9fcmVkaXJlY3QseGRwX2luZGV4X3JlZGlyZWN0LGJ0Zl9kdW1wLHhkcF9hdHRhY2gseGRwX2luZm8seGRwX3BlcmYn` virtme_chdir=home/prozak/sources/heimdall_experiment/uml-harness/.build/selftests-output-qemu-lane1 rootfstype=9p rootflags=version=9p2000.L,trans=virtio,access=any,msize=524288 raid=noautodetect rw debug init=/home/prozak/.local/share/vng-venv/lib/python3.12/site-packages/virtme/guest/bin/virtme-ng-init
[    0.138887] Unknown kernel command line parameters "virtme_hostname=virtme-ng nr_open=1048576 virtme_link_mods=/home/prozak/sources/heimdall_experiment/uml-harness/.build/bpf-next-x86/.virtme_mods/lib/modules/0.0.0 virtme_rw_overlay0=/tmp virtme_console=ttyS0 virtme_chdir=home/prozak/sources/heimdall_experiment/uml-harness/.build/selftests-output-qemu-lane1", will be passed to user space.
[    0.145282] random: crng init done
[    0.145900] printk: log buffer data + meta data: 2097152 + 7340032 = 9437184 bytes
[    0.149017] Dentry cache hash table entries: 524288 (order: 10, 4194304 bytes, linear)
[    0.151464] Inode-cache hash table entries: 262144 (order: 9, 2097152 bytes, linear)
[    0.152992] software IO TLB: area num 4.
[    0.183504] Fallback order for Node 0: 0 
[    0.183511] Built 1 zonelists, mobility grouping on.  Total pages: 1048446
[    0.185562] Policy zone: Normal
[    0.186158] mem auto-init: stack:all(zero), heap alloc:off, heap free:off
[    0.192412] SLUB: HWalign=64, Order=0-3, MinObjects=0, CPUs=4, Nodes=1
Poking KASLR using RDRAND RDTSC...
[    0.205912] ftrace: allocating 70083 entries in 276 pages
[    0.206944] ftrace: allocated 276 pages with 3 groups
[    0.207938] Dynamic Preempt: full
[    0.209402] Running RCU self tests
[    0.210030] Running RCU synchronous self tests
[    0.210883] rcu: Preemptible hierarchical RCU implementation.
[    0.211924] rcu: 	RCU event tracing is enabled.
[    0.212744] rcu: 	RCU lockdep checking is enabled.
[    0.213651] rcu: 	RCU restricting CPUs from NR_CPUS=128 to nr_cpu_ids=4.
[    0.214898] 	Trampoline variant of Tasks RCU enabled.
[    0.215830] 	Rude variant of Tasks RCU enabled.
[    0.216650] 	Tracing variant of Tasks RCU enabled.
[    0.217537] rcu: RCU calculated value of scheduler-enlistment delay is 100 jiffies.
[    0.218954] rcu: Adjusting geometry for rcu_fanout_leaf=16, nr_cpu_ids=4
[    0.221000] Running RCU synchronous self tests
[    0.221817] RCU Tasks: Setting shift to 2 and lim to 1 rcu_task_cb_adjust=1 rcu_task_cpu_ids=4.
[    0.223457] RCU Tasks Rude: Setting shift to 2 and lim to 1 rcu_task_cb_adjust=1 rcu_task_cpu_ids=4.
[    0.233489] NR_IRQS: 8448, nr_irqs: 456, preallocated irqs: 16
[    0.234854] rcu: srcu_init: Setting srcu_struct sizes based on contention.
[    0.236139] clocksource: jiffies: mask: 0xffffffff max_cycles: 0xffffffff, max_idle_ns: 1911260446275000 ns
[    0.238188] Console: colour *CGA 80x25
[    0.238977] printk: legacy console [ttyS0] enabled
[    0.238977] printk: legacy console [ttyS0] enabled
[    0.240798] printk: legacy bootconsole [earlyser0] disabled
[    0.240798] printk: legacy bootconsole [earlyser0] disabled
[    0.242932] Lock dependency validator: Copyright (c) 2006 Red Hat, Inc., Ingo Molnar
[    0.244369] ... MAX_LOCKDEP_SUBCLASSES:  8
[    0.245158] ... MAX_LOCK_DEPTH:          48
[    0.245944] ... MAX_LOCKDEP_KEYS:        8192
[    0.246790] ... CLASSHASH_SIZE:          4096
[    0.247624] ... MAX_LOCKDEP_ENTRIES:     32768
[    0.248453] ... MAX_LOCKDEP_CHAINS:      65536
[    0.249301] ... CHAINHASH_SIZE:          32768
[    0.250131]  memory used by lock dependency info: 6429 kB
[    0.251184]  memory used for stack traces: 4224 kB
[    0.252078]  per task-struct memory footprint: 1920 bytes
[    0.253162] ACPI: Core revision 20260408
[    0.254103] clocksource: hpet: mask: 0xffffffff max_cycles: 0xffffffff, max_idle_ns: 19112604467 ns
[    0.256074] APIC: Switch to symmetric I/O mode setup
[    0.257669] x2apic enabled
[    0.258873] APIC: Switched APIC routing to: physical x2apic
[    0.260038] kvm-guest: APIC: send_IPI_mask() replaced with kvm_send_ipi_mask()
[    0.261472] kvm-guest: APIC: send_IPI_mask_allbutself() replaced with kvm_send_ipi_mask_allbutself()
[    0.263328] kvm-guest: setup PV IPIs
[    0.266109] ..TIMER: vector=0x30 apic1=0 pin1=2 apic2=-1 pin2=-1
[    0.267332] clocksource: tsc-early: mask: 0xffffffffffffffff max_cycles: 0x310274de655, max_idle_ns: 440795359465 ns
[    0.269376] Calibrating delay loop (skipped) preset value.. 6800.08 BogoMIPS (lpj=3400040)
[    0.271920] x86/cpu: User Mode Instruction Prevention (UMIP) activated
[    0.272647] Last level iTLB entries: 4KB 512, 2MB 255, 4MB 127
[    0.273373] Last level dTLB entries: 4KB 512, 2MB 255, 4MB 127, 1GB 0
[    0.274381] mitigations: Enabled attack vectors: user_kernel, user_user, SMT mitigations: auto
[    0.275374] Speculative Store Bypass: Mitigation: Speculative Store Bypass disabled via prctl
[    0.276374] Speculative Return Stack Overflow: IBPB-extending microcode not applied!
[    0.277373] Speculative Return Stack Overflow: WARNING: See https://kernel.org/doc/html/latest/admin-guide/hw-vuln/srso.html for mitigation options.
[    0.277374] Transient Scheduler Attacks: Vulnerable: No microcode
[    0.279374] Spectre V2 : Mitigation: Retpolines
[    0.280373] Speculative Return Stack Overflow: Vulnerable: Safe RET, no microcode
[    0.281373] Spectre V1 : Mitigation: usercopy/swapgs barriers and __user pointer sanitization
[    0.282373] Spectre V2 : Spectre v2 / SpectreRSB: Filling RSB on context switch and VMEXIT
[    0.283373] Spectre V2 : Enabling Restricted Speculation for firmware calls
[    0.284375] Spectre V2 : mitigation: Enabling conditional Indirect Branch Prediction Barrier
[    0.285374] active return thunk: srso_alias_return_thunk
[    0.286426] x86/fpu: Supporting XSAVE feature 0x001: 'x87 floating point registers'
[    0.287373] x86/fpu: Supporting XSAVE feature 0x002: 'SSE registers'
[    0.288372] x86/fpu: Supporting XSAVE feature 0x004: 'AVX registers'
[    0.289374] x86/fpu: xstate_offset[2]:  576, xstate_sizes[2]:  256
[    0.290373] x86/fpu: Enabled xstate features 0x7, context size is 832 bytes, using 'compacted' format.
[    0.326928] pid_max: default: 32768 minimum: 301
[    0.327522] SELinux:  Initializing.
[    0.330186] LSM support for eBPF active
[    0.330490] Mount-cache hash table entries: 8192 (order: 4, 65536 bytes, linear)
[    0.331378] Mountpoint-cache hash table entries: 8192 (order: 4, 65536 bytes, linear)
[    0.333954] VFS: Finished mounting rootfs on nullfs
[    0.336226] Running RCU synchronous self tests
[    0.336376] Running RCU synchronous self tests
[    0.338673] smpboot: CPU0: AMD Ryzen 9 5950X 16-Core Processor (family: 0x19, model: 0x21, stepping: 0x2)
[    0.339994] Performance Events: Fam17h+ core perfctr, AMD PMU driver.
[    0.340392] ... version:                   0
[    0.341364] ... bit width:                 48
[    0.341379] ... generic counters:          6
[    0.342352] ... generic bitmap:            000000000000003f
[    0.342381] ... fixed-purpose counters:    0
[    0.343319] ... fixed-purpose bitmap:      0000000000000000
[    0.343380] ... value mask:                0000ffffffffffff
[    0.344379] ... max period:                00007fffffffffff
[    0.345381] ... global_ctrl mask:          000000000000003f
[    0.346682] signal: max sigframe size: 1776
[    0.347486] rcu: Hierarchical SRCU implementation.
[    0.348381] rcu: 	Max phase no-delay instances is 400.
[    0.349531] Timer migration: 1 hierarchy levels; 8 children per group; 1 crossnode level
[    0.362070] smp: Bringing up secondary CPUs ...
[    0.362886] smpboot: x86: Booting SMP configuration:
[    0.363398] .... node  #0, CPUs:      #1 #2 #3
[    0.369607] smp: Brought up 1 node, 4 CPUs
[    0.371334] smpboot: Total of 4 processors activated (27200.32 BogoMIPS)
[    0.372650] Memory: 3966620K/4193784K available (25781K kernel code, 10327K rwdata, 18304K rodata, 4688K init, 13400K bss, 220944K reserved, 0K cma-reserved)
[    0.375518] devtmpfs: initialized
[    0.378726] Running RCU synchronous self tests
[    0.379398] Running RCU synchronous self tests
[    0.380447] Running RCU Tasks wait API self tests
[    0.381460] Running RCU Tasks Rude wait API self tests
[    0.382384] Running RCU Tasks Trace wait API self tests
[    0.383499] posixtimers hash table entries: 2048 (order: 6, 147456 bytes, linear)
[    0.384472] futex hash table entries: 1024 (131072 bytes on 1 NUMA nodes, total 128 KiB, linear).
[    0.386257] PM: RTC time: 18:31:27, date: 2026-09-06
[    0.387419] Callback from call_rcu_tasks_trace() invoked.
[    0.388660] NET: Registered PF_NETLINK/PF_ROUTE protocol family
[    0.390295] audit: initializing netlink subsys (disabled)
[    0.390423] audit: type=2000 audit(1788719488.154:1): state=initialized audit_enabled=0 res=1
[    0.405770] thermal_sys: Registered thermal governor 'step_wise'
[    0.405839] cpuidle: using governor ladder
[    0.407322] cpuidle: using governor menu
[    0.409473] PCI: Using configuration type 1 for base access
[    0.410381] PCI: Using configuration type 1 for extended access
[    0.411507] kprobes: kprobe jump-optimization is enabled. All kprobes are optimized if possible.
[    0.413517] HugeTLB: registered 1.00 GiB page size, pre-allocated 0 pages
[    0.414380] HugeTLB: 16380 KiB vmemmap can be freed for a 1.00 GiB page
[    0.415382] HugeTLB: registered 2.00 MiB page size, pre-allocated 0 pages
[    0.416396] HugeTLB: 28 KiB vmemmap can be freed for a 2.00 MiB page
[    0.420503] ACPI: Added _OSI(Module Device)
[    0.422382] ACPI: Added _OSI(Processor Device)
[    0.423382] ACPI: Added _OSI(Processor Aggregator Device)
[    0.427608] ACPI: 1 ACPI AML tables successfully acquired and loaded
[    0.433437] ACPI: \_SB_: platform _OSC: OS support mask [002a7eee]
[    0.435119] ACPI: Interpreter enabled
[    0.435450] ACPI: PM: (supports S0 S3 S4 S5)
[    0.436397] ACPI: Using IOAPIC for interrupt routing
[    0.437431] PCI: Using host bridge windows from ACPI; if necessary, use "pci=nocrs" and report a bug
[    0.438381] PCI: Using E820 reservations for host bridge windows
[    0.439748] ACPI: Enabled 2 GPEs in block 00 to 0F
[    0.452242] ACPI: PCI Root Bridge [PCI0] (domain 0000 [bus 00-ff])
[    0.453117] PCI host bridge to bus 0000:00
[    0.453390] pci_bus 0000:00: root bus resource [io  0x0000-0x0cf7 window]
[    0.454382] pci_bus 0000:00: root bus resource [io  0x0d00-0xffff window]
[    0.455382] pci_bus 0000:00: root bus resource [mem 0x000a0000-0x000bffff window]
[    0.456382] pci_bus 0000:00: root bus resource [mem 0xc0000000-0xfebfffff window]
[    0.457382] pci_bus 0000:00: root bus resource [mem 0x380000000000-0x38007fffffff window]
[    0.458382] pci_bus 0000:00: root bus resource [bus 00-ff]
[    0.459806] pci 0000:00:00.0: [8086:1237] type 00 class 0x060000 conventional PCI endpoint
[    0.461972] pci 0000:00:01.0: [8086:7000] type 00 class 0x060100 conventional PCI endpoint
[    0.463740] pci 0000:00:01.1: [8086:7010] type 00 class 0x010180 conventional PCI endpoint
[    0.465395] pci 0000:00:01.1: BAR 4 [io  0xc1c0-0xc1cf]
[    0.466458] pci 0000:00:01.1: BAR 0 [io  0x01f0-0x01f7]: legacy IDE quirk
[    0.467383] pci 0000:00:01.1: BAR 1 [io  0x03f6]: legacy IDE quirk
[    0.468380] pci 0000:00:01.1: BAR 2 [io  0x0170-0x0177]: legacy IDE quirk
[    0.469382] pci 0000:00:01.1: BAR 3 [io  0x0376]: legacy IDE quirk
[    0.471064] pci 0000:00:01.3: [8086:7113] type 00 class 0x068000 conventional PCI endpoint
[    0.472114] pci 0000:00:01.3: quirk: [io  0x0600-0x063f] claimed by PIIX4 ACPI
[    0.472398] pci 0000:00:01.3: quirk: [io  0x0700-0x070f] claimed by PIIX4 SMB
[    0.474361] pci 0000:00:02.0: [1af4:1009] type 00 class 0x000200 conventional PCI endpoint
[    0.476107] pci 0000:00:02.0: BAR 0 [io  0xc000-0xc03f]
[    0.476399] pci 0000:00:02.0: BAR 1 [mem 0xfebf8000-0xfebf8fff]
[    0.477447] pci 0000:00:02.0: BAR 4 [mem 0x380000000000-0x380000003fff 64bit pref]
[    0.481454] pci 0000:00:03.0: [8086:25ab] type 00 class 0x088000 conventional PCI endpoint
[    0.483354] pci 0000:00:03.0: BAR 0 [mem 0xfebf9000-0xfebf900f]
[    0.485927] pci 0000:00:04.0: [1af4:1003] type 00 class 0x078000 conventional PCI endpoint
[    0.488268] pci 0000:00:04.0: BAR 0 [io  0xc040-0xc07f]
[    0.488399] pci 0000:00:04.0: BAR 1 [mem 0xfebfa000-0xfebfafff]
[    0.489443] pci 0000:00:04.0: BAR 4 [mem 0x380000004000-0x380000007fff 64bit pref]
[    0.493690] pci 0000:00:05.0: [1af4:1003] type 00 class 0x078000 conventional PCI endpoint
[    0.495400] pci 0000:00:05.0: BAR 0 [io  0xc080-0xc0bf]
[    0.496398] pci 0000:00:05.0: BAR 1 [mem 0xfebfb000-0xfebfbfff]
[    0.497443] pci 0000:00:05.0: BAR 4 [mem 0x380000008000-0x38000000bfff 64bit pref]
[    0.501622] pci 0000:00:06.0: [1af4:1003] type 00 class 0x078000 conventional PCI endpoint
[    0.503800] pci 0000:00:06.0: BAR 0 [io  0xc0c0-0xc0ff]
[    0.504415] pci 0000:00:06.0: BAR 1 [mem 0xfebfc000-0xfebfcfff]
[    0.505441] pci 0000:00:06.0: BAR 4 [mem 0x38000000c000-0x38000000ffff 64bit pref]
[    0.509669] pci 0000:00:07.0: [1af4:1003] type 00 class 0x078000 conventional PCI endpoint
[    0.511674] pci 0000:00:07.0: BAR 0 [io  0xc100-0xc13f]
[    0.512399] pci 0000:00:07.0: BAR 1 [mem 0xfebfd000-0xfebfdfff]
[    0.513441] pci 0000:00:07.0: BAR 4 [mem 0x380000010000-0x380000013fff 64bit pref]
[    0.517939] pci 0000:00:08.0: [1af4:1003] type 00 class 0x078000 conventional PCI endpoint
[    0.519404] pci 0000:00:08.0: BAR 0 [io  0xc140-0xc17f]
[    0.520400] pci 0000:00:08.0: BAR 1 [mem 0xfebfe000-0xfebfefff]
[    0.521446] pci 0000:00:08.0: BAR 4 [mem 0x380000014000-0x380000017fff 64bit pref]
[    0.525865] pci 0000:00:09.0: [1af4:1003] type 00 class 0x078000 conventional PCI endpoint
[    0.527397] pci 0000:00:09.0: BAR 0 [io  0xc180-0xc1bf]
[    0.528397] pci 0000:00:09.0: BAR 1 [mem 0xfebff000-0xfebfffff]
[    0.529443] pci 0000:00:09.0: BAR 4 [mem 0x380000018000-0x38000001bfff 64bit pref]
[    0.538684] ACPI: PCI: Interrupt link LNKA configured for IRQ 10
[    0.539640] ACPI: PCI: Interrupt link LNKB configured for IRQ 10
[    0.540645] ACPI: PCI: Interrupt link LNKC configured for IRQ 11
[    0.541632] ACPI: PCI: Interrupt link LNKD configured for IRQ 11
[    0.542528] ACPI: PCI: Interrupt link LNKS configured for IRQ 9
[    0.544702] iommu: Default domain type: Translated
[    0.545383] iommu: DMA domain TLB invalidation policy: lazy mode
[    0.546813] SCSI subsystem initialized
[    0.547505] libata version 3.00 loaded.
[    0.548540] ACPI: bus type USB registered
[    0.549537] usbcore: registered new interface driver usbfs
[    0.550447] usbcore: registered new interface driver hub
[    0.551428] usbcore: registered new device driver usb
[    0.552509] pps_core: LinuxPPS API ver. 1 registered
[    0.553381] pps_core: Software ver. 5.3.6 - Copyright 2005-2007 Rodolfo Giometti <giometti@linux.it>
[    0.554394] PTP clock support registered
[    0.555719] Advanced Linux Sound Architecture Driver Initialized.
[    0.557462] NetLabel: Initializing
[    0.558219] NetLabel:  domain hash size = 128
[    0.558382] NetLabel:  protocols = UNLABELED CIPSOv4 CALIPSO
[    0.559430] NetLabel:  unlabeled traffic allowed by default
[    0.560603] PCI: Using ACPI for IRQ routing
[    0.561381] PCI: pci_cache_line_size set to 64 bytes
[    0.562745] e820: register RAM buffer resource [mem 0x0009fc00-0x0009ffff]
[    0.563415] e820: register RAM buffer resource [mem 0xbffe0000-0xbfffffff]
[    0.564494] vgaarb: loaded
[    0.565122] hpet0: at MMIO 0xfed00000, IRQs 2, 8, 0
[    0.565381] hpet0: 3 comparators, 64-bit 100.000000 MHz counter
[    0.569645] clocksource: Switched to clocksource kvm-clock
[    0.572529] VFS: Disk quotas dquot_6.6.0
[    0.573521] VFS: Dquot-cache hash table entries: 512 (4096 bytes)
[    0.575819] pnp: PnP ACPI init
[    0.577025] pnp 00:02: [dma 2]
[    0.578581] pnp: PnP ACPI: found 4 devices
[    0.588470] Callback from call_rcu_tasks() invoked.
[    0.594993] clocksource: acpi_pm: mask: 0xffffff max_cycles: 0xffffff, max_idle_ns: 2085701024 ns
[    0.597179] NET: Registered PF_INET protocol family
[    0.599305] IP idents hash table entries: 65536 (order: 7, 524288 bytes, linear)
[    0.602060] tcp_listen_portaddr_hash hash table entries: 2048 (order: 6, 147456 bytes, linear)
[    0.604085] Table-perturb hash table entries: 65536 (order: 6, 262144 bytes, linear)
[    0.605844] TCP established hash table entries: 32768 (order: 6, 262144 bytes, linear)
[    0.608511] TCP bind hash table entries: 32768 (order: 11, 4718592 bytes, vmalloc hugepage)
[    0.613769] TCP: Hash tables configured (established 32768 bind 32768)
[    0.615483] MPTCP token hash table entries: 4096 (order: 7, 360448 bytes, linear)
[    0.617302] UDP hash table entries: 2048 (order: 7, 524288 bytes, linear)
[    0.619046] NET: Registered PF_UNIX/PF_LOCAL protocol family
[    0.621048] RPC: Registered named UNIX socket transport module.
[    0.622378] RPC: Registered udp transport module.
[    0.623460] RPC: Registered tcp transport module.
[    0.624526] RPC: Registered tcp-with-tls transport module.
[    0.625807] RPC: Registered tcp NFSv4.1 backchannel transport module.
[    0.628016] NET: Registered PF_XDP protocol family
[    0.629150] pci_bus 0000:00: resource 4 [io  0x0000-0x0cf7 window]
[    0.630517] pci_bus 0000:00: resource 5 [io  0x0d00-0xffff window]
[    0.631883] pci_bus 0000:00: resource 6 [mem 0x000a0000-0x000bffff window]
[    0.633406] pci_bus 0000:00: resource 7 [mem 0xc0000000-0xfebfffff window]
[    0.634894] pci_bus 0000:00: resource 8 [mem 0x380000000000-0x38007fffffff window]
[    0.636757] pci 0000:00:01.0: PIIX3: Enabling Passive Release
[    0.638075] pci 0000:00:00.0: Limiting direct PCI/PCI transfers
[    0.639585] PCI: CLS 0 bytes, default 64
[    0.640619] PCI-DMA: Using software bounce buffering for IO (SWIOTLB)
[    0.642088] software IO TLB: mapped [mem 0x00000000bbfe0000-0x00000000bffe0000] (64MB)
[    0.644350] clocksource: tsc: mask: 0xffffffffffffffff max_cycles: 0x310274de655, max_idle_ns: 440795359465 ns
[    0.651057] Initialise system trusted keyrings
[    0.652318] workingset: timestamp_bits=40 (anon: 35) max_order=20 bucket_order=0 (anon: 0)
[    0.654870] squashfs: version 4.0 (2009/01/31) Phillip Lougher
[    0.656633] NFS: Registering the id_resolver key type
[    0.657844] Key type id_resolver registered
[    0.658827] Key type id_legacy registered
[    0.659744] nfs4filelayout_init: NFSv4 File Layout Driver Registering...
[    0.661280] nfs4flexfilelayout_init: NFSv4 Flexfile Layout Driver Registering...
[    0.663127] fuse: init (API version 7.45)
[    0.664385] 9p: Installing v9fs 9p2000 file system support
[    0.666780] NET: Registered PF_ALG protocol family
[    0.667869] Key type asymmetric registered
[    0.668825] Asymmetric key parser 'x509' registered
[    0.669974] Block layer SCSI generic (bsg) driver version 0.4 loaded (major 248)
[    0.672019] io scheduler mq-deadline registered
[    0.673070] io scheduler kyber registered
[    0.674914] input: Power Button as /devices/platform/LNXPWRBN:00/input/input0
[    0.676793] ACPI: button: Power Button [PWRF]
[    0.804198] ACPI: \_SB_.LNKB: Enabled at IRQ 10
[    0.931126] ACPI: \_SB_.LNKD: Enabled at IRQ 11
[    1.058425] ACPI: \_SB_.LNKA: Enabled at IRQ 10
[    1.277080] kwatchdog (73) used greatest stack depth: 14776 bytes left
[    1.310800] ACPI: \_SB_.LNKC: Enabled at IRQ 11
[    1.564322] Serial: 8250/16550 driver, 4 ports, IRQ sharing enabled
[    1.566851] 00:03: ttyS0 at I/O 0x3f8 (irq = 4, base_baud = 115200) is a 16550A
[    1.718827] Non-volatile memory driver v1.3
[    1.720582] ACPI: bus type drm_connector registered
[    1.737805] brd: module loaded
[    1.747025] loop: module loaded
[    1.751616] scsi host0: ata_piix
[    1.753268] scsi host1: ata_piix
[    1.754216] ata1: PATA max MWDMA2 cmd 0x1f0 ctl 0x3f6 bmdma 0xc1c0 irq 14 lpm-pol 0
[    1.755914] ata2: PATA max MWDMA2 cmd 0x170 ctl 0x376 bmdma 0xc1c8 irq 15 lpm-pol 0
[    1.761556] tun: Universal TUN/TAP device driver, 1.6
[    1.763104] e100: Intel(R) PRO/100 Network Driver
[    1.764174] e100: Copyright(c) 1999-2006 Intel Corporation
[    1.765527] e1000: Intel(R) PRO/1000 Network Driver
[    1.766609] e1000: Copyright (c) 1999-2006 Intel Corporation.
[    1.767965] e1000e: Intel(R) PRO/1000 Network Driver
[    1.769105] e1000e: Copyright(c) 1999 - 2015 Intel Corporation.
[    1.770480] sky2: driver version 1.30
[    1.772462] usbcore: registered new interface driver usblp
[    1.773825] usbcore: registered new interface driver usb-storage
[    1.775312] i8042: PNP: PS/2 Controller [PNP0303:KBD,PNP0f13:MOU] at 0x60,0x64 irq 1,12
[    1.778512] serio: i8042 KBD port at 0x60,0x64 irq 1
[    1.779720] serio: i8042 AUX port at 0x60,0x64 irq 12
[    1.782927] input: AT Translated Set 2 keyboard as /devices/platform/i8042/serio0/input/input1
[    1.785055] rtc_cmos PNP0B00:00: RTC can wake from S4
[    1.789179] rtc_cmos PNP0B00:00: registered as rtc0
[    1.791066] rtc_cmos PNP0B00:00: alarms up to one day, y3k, 242 bytes nvram, hpet irqs
[    1.794057] Registered IR keymap rc-empty
[    1.795767] rc rc0: rc-core loopback device as /devices/virtual/rc/rc0
[    1.797807] rc rc0: lirc_dev: driver rc-loopback registered at minor = 0, raw IR receiver, raw IR transmitter
[    1.800158] input: rc-core loopback device as /devices/virtual/rc/rc0/input4
[    1.803492] intel_powerclamp: CPU does not support MWAIT
[    1.804717] device-mapper: core: CONFIG_IMA_DISABLE_HTABLE is disabled. Duplicate IMA measurements will not be recorded in the IMA log.
[    1.807701] device-mapper: ioctl: 4.50.0-ioctl (2025-04-28) initialised: dm-devel@lists.linux.dev
[    1.810213] hid: raw HID events driver (C) Jiri Kosina
[    1.812893] usbcore: registered new interface driver usbhid
[    1.814144] usbhid: USB HID core driver
[    1.816042] GACT probability NOT on
[    1.816901] Mirror/redirect action on
[    1.818209] nf_conntrack_irc: The irc conntrack helper is scheduled for removal.
[    1.818209] Please contact the netfilter-devel mailing list if you still need this.
[    1.822008] ipip: IPv4 and MPLS over IPv4 tunneling driver
[    1.823830] gre: GRE over IPv4 demultiplexer driver
[    1.824975] ip_gre: GRE over IPv4 tunneling driver
[    1.828131] Initializing XFRM netlink socket
[    1.829117] IPsec XFRM device driver
[    1.830044] NET: Registered PF_INET6 protocol family
[    1.833121] Segment Routing with IPv6
[    1.833992] In-situ OAM (IOAM) with IPv6
[    1.834888] mip6: Mobile IPv6
[    1.835602] sit: IPv6, IPv4 and MPLS over IPv4 tunneling driver
[    1.838125] ip6_gre: GRE over IPv6 tunneling driver
[    1.839877] NET: Registered PF_PACKET protocol family
[    1.841097] RPC: Registered rdma transport module.
[    1.842217] RPC: Registered rdma backchannel transport module.
[    1.843753] 8021q: 802.1Q VLAN Support v1.8
[    1.845010] smc: adding smcd device lo without pnetid
[    1.846326] NET: Registered PF_SMC protocol family
[    1.847636] 9pnet: Installing 9P2000 support
[    1.850084] Key type dns_resolver registered
[    1.851211] NET: Registered PF_VSOCK protocol family
[    1.852389] mpls_gso: MPLS GSO support
[    1.855069] IPI shorthand broadcast: enabled
[    1.898067] sched_clock: Marking stable (1873014779, 24232659)->(1998707029, -101459591)
[    1.901073] registered taskstats version 1
[    1.916630] ata2: found unknown device (class 0)
[    1.917550] Loading compiled-in X.509 certificates
[    1.919777] ata2.00: ATAPI: QEMU DVD-ROM, 2.5+, max UDMA/100
[    1.919962] kworker/u16:3 (90) used greatest stack depth: 14184 bytes left
[    1.923264] kworker/u16:3 (91) used greatest stack depth: 13776 bytes left
[    1.924533] scsi 1:0:0:0: CD-ROM            QEMU     QEMU DVD-ROM     2.5+ PQ: 0 ANSI: 5
[    1.925073] Loaded X.509 cert 'Build time autogenerated kernel key: c4531344b9a9c1a4731230d977a262ba29ba5272'
[    1.962650] Demotion targets for Node 0: null
[    1.964459] sr 1:0:0:0: [sr0] scsi3-mmc drive: 4x/4x cd/rw xa/form2 tray
[    1.964870] ima: No TPM chip found, activating TPM-bypass!
[    1.967795] ima: Allocated hash algorithm: sha1
[    1.969120] ima: No architecture policies found
[    1.970993] PM:   Magic number: 10:855:543
[    1.972038] netconsole: network logging started
[    1.973762] cfg80211: Loading compiled-in X.509 certificates for regulatory database
[    1.976512] Loaded X.509 cert 'sforshee: 00b28ddf47aef9cea7'
[    1.978354] Loaded X.509 cert 'wens: 61c038651aabdcf94bd0ac7ff06c7248db18c600'
[    1.980396] ALSA device list:
[    1.981724] faux_driver regulatory: Direct firmware load for regulatory.db failed with error -2
[    1.983746]   No soundcards found.
[    1.985857] cfg80211: failed to load regulatory.db
[    1.995912] cdrom: Uniform CD-ROM driver Revision: 3.20
[    2.009607] sr 1:0:0:0: Attached scsi CD-ROM sr0
[    2.011552] sr 1:0:0:0: Attached scsi generic sg0 type 5
[    2.215030] input: ImExPS/2 Generic Explorer Mouse as /devices/platform/i8042/serio1/input/input3
[    2.217102] md: Skipping autodetection of RAID arrays. (raid=autodetect will force)
[    2.218458] 9p: Bad value for 'source'
[    2.219030] 9pnet: Limiting 'msize' to 512000 as this is the maximum supported by transport virtio
[    2.222368] VFS: Mounted root (9p filesystem) on device 0:24.
[    2.224196] devtmpfs: mounted
[    2.224987] VFS: Pivoted into new rootfs
[    2.229598] Freeing unused kernel image (initmem) memory: 4688K
[    2.230475] Write protecting the kernel read-only data: 45056k
[    2.232113] Freeing unused kernel image (text/rodata gap) memory: 840K
[    2.233373] Freeing unused kernel image (rodata/data gap) memory: 128K
[    2.270695] x86/mm: Checked W+X mappings: passed, no W+X pages found.
[    2.271627] Run /home/prozak/.local/share/vng-venv/lib/python3.12/site-packages/virtme/guest/bin/virtme-ng-init as init process
[    2.273221]   with arguments:
[    2.273681]     /home/prozak/.local/share/vng-venv/lib/python3.12/site-packages/virtme/guest/bin/virtme-ng-init
[    2.275119]   with environment:
[    2.275596]     HOME=/
[    2.275945]     TERM=linux
[    2.276366]     virtme_hostname=virtme-ng
[    2.276955]     nr_open=1048576
[    2.277428]     virtme_link_mods=/home/prozak/sources/heimdall_experiment/uml-harness/.build/bpf-next-x86/.virtme_mods/lib/modules/0.0.0
[    2.279098]     virtme_rw_overlay0=/tmp
[    2.279685]     virtme_console=ttyS0
[    2.280204]     virtme_chdir=home/prozak/sources/heimdall_experiment/uml-harness/.build/selftests-output-qemu-lane1
[    2.367072] virtme-ng-init: mount devtmpfs -> /dev: EBUSY: Device or resource busy
[    2.368957] virtme-ng-init: Setting hostname to virtme-ng...
[    2.408084] virtme-ng-init: running systemd-tmpfiles
[    3.628517] systemd-tmpfile (99) used greatest stack depth: 12456 bytes left
[    3.628601] virtme-ng-init: basic initialization done
[    3.644364] virtme-ng-init: error creating file: Permission denied (os error 13)
[    3.733582] ip (104) used greatest stack depth: 11832 bytes left
[    3.851471] virtme-ng-init: Starting systemd-udevd version 255.4-1ubuntu8.17
[    3.853692] virtme-ng-init: triggering udev coldplug
[    6.607870] virtme-ng-init: waiting for udev to settle
[    7.319915] virtme-ng-init: udev is done
[    7.324363] virtme-ng-init: starting script
[    7.613800] bpf_testmod: loading out-of-tree module taints kernel.
[    7.614751] bpf_testmod: module verification failed: signature and/or required key missing - tainting kernel
[    8.556187] NOTICE: Automounting of tracing to debugfs is deprecated and will be removed in 2030
[    8.873670] bond: (slave veth): Enslaving as an active interface with an up link
[    9.061024] bond: (slave vxlan): Enslaving as an active interface with an up link
[    9.129876] bond: (slave veth): Releasing backup interface
[    9.132224] bond: (slave veth): the permanent HWaddr of slave - 06:20:84:ff:d6:e7 - is still in use by bond - set the HWaddr of slave to a different address to avoid conflicts
[    9.220932] bond (unregistering): (slave vxlan): Releasing backup interface
[    9.229460] bond (unregistering): Released all slaves
[    9.589170] 8021q: adding VLAN 0 to HW filter on device bond_nest1
[    9.590565] bond: (slave bond_nest1): Enslaving as an active interface with an up link
[    9.754714] 8021q: adding VLAN 0 to HW filter on device bond_nest2
[    9.757593] bond_nest1: (slave bond_nest2): Enslaving as an active interface with an up link
[    9.763009] ip (202) used greatest stack depth: 11472 bytes left
[    9.848328] bond (unregistering): (slave bond_nest1): Releasing backup interface
[    9.859858] bond (unregistering): Released all slaves
[    9.947584] bond_nest1 (unregistering): (slave bond_nest2): Releasing backup interface
[    9.956708] bond_nest1 (unregistering): Released all slaves
[   10.061031] bond_nest2 (unregistering): Released all slaves
[   10.422439] bond: (slave veth0): Enslaving as an active interface with an up link
[   10.500406] bond: (slave veth2): Enslaving as an active interface with an up link
[   10.567496] bond: (slave veth2): Releasing backup interface
[   10.649184] bond: (slave veth0): Releasing backup interface
[   10.937334] bond (unregistering): Released all slaves
[   11.374006] 8021q: adding VLAN 0 to HW filter on device bond1
[   11.523196] 8021q: adding VLAN 0 to HW filter on device bond2
[   11.588057] bond1: (slave veth1_1): Enslaving as an active interface with an up link
[   11.665736] bond1: (slave veth1_2): Enslaving as an active interface with an up link
[   11.740404] bond2: (slave veth2_1): Enslaving as an active interface with an up link
[   11.806560] bond2: (slave veth2_2): Enslaving as an active interface with an up link
[   11.921020] bond1 (unregistering): (slave veth1_1): Releasing backup interface
[   11.929348] bond1 (unregistering): (slave veth1_2): Releasing backup interface
[   11.938610] bond1 (unregistering): Released all slaves
[   12.058266] bond2: (slave veth2_1): Releasing backup interface
[   12.169043] bond2: (slave veth2_2): Releasing backup interface
[   12.292627] bond2 (unregistering): Released all slaves
[   12.690191] 8021q: adding VLAN 0 to HW filter on device bond1
[   12.835461] 8021q: adding VLAN 0 to HW filter on device bond2
[   12.903695] bond1: (slave veth1_1): making interface the new active one
[   12.906342] bond1: (slave veth1_1): Enslaving as an active interface with an up link
[   12.982766] bond1: (slave veth1_2): Enslaving as a backup interface with an up link
[   13.057943] bond2: (slave veth2_1): making interface the new active one
[   13.061394] bond2: (slave veth2_1): Enslaving as an active interface with an up link
[   13.142212] bond2: (slave veth2_2): Enslaving as a backup interface with an up link
[   13.240262] bond1 (unregistering): (slave veth1_1): Releasing backup interface
[   13.250018] bond1 (unregistering): (slave veth1_2): Releasing backup interface
[   13.259496] bond1 (unregistering): Released all slaves
[   13.366139] bond2: (slave veth2_1): Releasing backup interface
[   13.368492] bond2: (slave veth2_2): making interface the new active one
[   13.480433] bond2: (slave veth2_2): Releasing backup interface
[   13.597465] bond2 (unregistering): Released all slaves
[   14.000998] 8021q: adding VLAN 0 to HW filter on device bond1
[   14.149105] 8021q: adding VLAN 0 to HW filter on device bond2
[   14.222739] bond1: (slave veth1_1): Enslaving as an active interface with an up link
[   14.299895] bond1: (slave veth1_2): Enslaving as an active interface with an up link
[   14.368778] bond2: (slave veth2_1): Enslaving as an active interface with an up link
[   14.438622] bond2: (slave veth2_2): Enslaving as an active interface with an up link
[   14.561706] bond1 (unregistering): (slave veth1_1): Releasing backup interface
[   14.572045] bond1 (unregistering): (slave veth1_2): Releasing backup interface
[   14.585638] bond1 (unregistering): Released all slaves
[   14.699812] bond2: (slave veth2_1): Releasing backup interface
[   14.811556] bond2: (slave veth2_2): Releasing backup interface
[   14.919963] bond2 (unregistering): Released all slaves
[   15.333530] 8021q: adding VLAN 0 to HW filter on device bond1
[   15.476864] 8021q: adding VLAN 0 to HW filter on device bond2
[   15.539719] bond1: (slave veth1_1): Enslaving as an active interface with an up link
[   15.617198] bond1: (slave veth1_2): Enslaving as an active interface with an up link
[   15.686308] bond2: (slave veth2_1): Enslaving as an active interface with an up link
[   15.750620] bond2: (slave veth2_2): Enslaving as an active interface with an up link
[   15.863073] bond1 (unregistering): (slave veth1_1): Releasing backup interface
[   15.869974] bond1 (unregistering): (slave veth1_2): Releasing backup interface
[   15.878646] bond1 (unregistering): Released all slaves
[   16.002130] bond2: (slave veth2_1): Releasing backup interface
[   16.098164] bond2: (slave veth2_2): Releasing backup interface
[   16.193791] bond2 (unregistering): Released all slaves
[   16.604048] 8021q: adding VLAN 0 to HW filter on device bond1
[   16.750426] 8021q: adding VLAN 0 to HW filter on device bond2
[   16.819200] bond1: (slave veth1_1): Enslaving as an active interface with an up link
[   16.896123] bond1: (slave veth1_2): Enslaving as an active interface with an up link
[   16.965139] bond2: (slave veth2_1): Enslaving as an active interface with an up link
[   17.033620] bond2: (slave veth2_2): Enslaving as an active interface with an up link
[   17.151085] bond1 (unregistering): (slave veth1_1): Releasing backup interface
[   17.160164] bond1 (unregistering): (slave veth1_2): Releasing backup interface
[   17.169662] bond1 (unregistering): Released all slaves
[   17.278952] bond2: (slave veth2_1): Releasing backup interface
[   17.378811] bond2: (slave veth2_2): Releasing backup interface
[   17.479872] bond2 (unregistering): Released all slaves
[   17.850521] bond0: (slave veth0): Enslaving as a backup interface with a down link
[   17.945055] 8021q: adding VLAN 0 to HW filter on device bond0
[   18.246651] bond0 (unregistering): (slave veth0): Releasing backup interface
[   18.256768] bond0 (unregistering): Released all slaves
[   18.657945] 8021q: adding VLAN 0 to HW filter on device bond1
[   18.799105] 8021q: adding VLAN 0 to HW filter on device bond2
[   18.864314] bond1: (slave veth1_1): Enslaving as an active interface with an up link
[   19.018917] bond2: (slave veth2_1): Enslaving as an active interface with an up link
[   19.201418] bond1 (unregistering): (slave veth1_1): Releasing backup interface
[   19.207589] bond1 (unregistering): Released all slaves
[   19.296810] bond2: (slave veth2_1): Releasing backup interface
[   19.488648] bond2 (unregistering): Released all slaves
[   19.845210] bond0: (slave veth0): making interface the new active one
[   19.846330] bond0: (slave veth0): Enslaving as an active interface with an up link
[   19.925201] 8021q: adding VLAN 0 to HW filter on device bond0
[   20.285800] bond1: (slave veth1): Enslaving as an active interface with an up link
[   20.379010] bond0 (unregistering): (slave veth0): Releasing backup interface
[   20.389706] bond0 (unregistering): Released all slaves
[   20.393816] bond1 (unregistering): (slave veth1): Releasing backup interface
[   20.409093] bond1 (unregistering): Released all slaves
[   34.276442] clocksource: Watchdog remote CPU 3 read timed out
[   66.548832] smc: removing smcd device lo
[   66.617827] ACPI: PM: Preparing to enter system sleep state S5
[   66.619280] reboot: Power down
